09-14 10:55:58.067 10744 15802 V [MYTAG][mail_tcp_socket][HttpTransportLayer]: [HTTP SEND GET]
09-14 10:55:58.067 10744 15802 V [MYTAG][mail_tcp_socket][HttpTransportLayer]: 	 url:http://192.168.0.1:80/app/getsdinfo
09-14 10:55:58.068 10744 15991 I System.out: (HTTPLog)-Static: isSBSettingEnabled false
09-14 10:55:58.068 10744 15991 I System.out: (HTTPLog)-Static: isSBSettingEnabled false
09-14 10:55:58.072 10744 15802 V [MYTAG][main][Device]: 603 dev is connected:true
09-14 10:55:58.091 10744 15802 V [MYTAG][mail_tcp_socket][HttpTransportLayer]: [HTTP RSP]
09-14 10:55:58.091 10744 15802 V [MYTAG][mail_tcp_socket][HttpTransportLayer]: 	 errcode:0
09-14 10:55:58.091 10744 15802 V [MYTAG][mail_tcp_socket][HttpTransportLayer]: 	[content]{"result":0,"info":{"status":0,"free":309,"total":1883}}
09-14 10:55:58.091 10744 15802 V [MYTAG][mail_tcp_socket][HttpTransportLayer]: -----------------------------------------
09-14 10:55:58.100 10744 10744 W ProxyAndroidLoggerBackend: Too many Flogger logs received before configuration. Dropping old logs.
09-14 10:55:58.109 10744 10744 I chatty  : uid=10291(com.vidure.app) identical 6 lines
09-14 10:55:58.110 10744 10744 W ProxyAndroidLoggerBackend: Too many Flogger logs received before configuration. Dropping old logs.
09-14 10:55:58.116 10744 16872 W ProxyAndroidLoggerBackend: Too many Flogger logs received before configuration. Dropping old logs.
09-14 10:55:58.120 10744 15802 V [MYTAG][main][Device]: 603 dev is connected:true
09-14 10:55:58.122 10744 15802 V [MYTAG][main][CameraPreviewActivity]: rev msg1:264454
09-14 10:55:58.122 10744 15802 V [MYTAG][main][Device]: 603 dev is connected:true
09-14 10:55:58.122 10744 15802 V [MYTAG][main][CameraPreviewActivity]: rev msg1:589832
09-14 10:55:58.398 10744 16716 W ProxyAndroidLoggerBackend: Too many Flogger logs received before configuration. Dropping old logs.
09-14 10:55:58.426 10744 16872 W ProxyAndroidLoggerBackend: Too many Flogger logs received before configuration. Dropping old logs.
09-14 10:56:00.112 10744 15992 W System  : Ignoring header sessionid because its value was null.
09-14 10:56:00.112 10744 15992 I System.out: (HTTPLog)-Static: isSBSettingEnabled false
09-14 10:56:00.112 10744 15992 I System.out: (HTTPLog)-Static: isSBSettingEnabled false
09-14 10:56:00.114 10744 15802 V [MYTAG][HeartbeatMgr][RemoteOptor]: ----
09-14 10:56:00.114 10744 15802 V [MYTAG][HeartbeatMgr][RemoteOptor]: [CMD]Basic_Msg_MailBox
09-14 10:56:00.114 10744 15802 V [MYTAG][HeartbeatMgr][RemoteOptor]: [PARAM]null
09-14 10:56:00.114 10744 15802 V [MYTAG][HeartbeatMgr][HttpTransportLayer]: [HTTP SEND GET]
09-14 10:56:00.114 10744 15802 V [MYTAG][HeartbeatMgr][HttpTransportLayer]: 	 url:http://192.168.0.1:80/app/getparamvalue?param=rec
09-14 10:56:00.176 10744 15802 V [MYTAG][HeartbeatMgr][HttpTransportLayer]: [HTTP RSP]
09-14 10:56:00.176 10744 15802 V [MYTAG][HeartbeatMgr][HttpTransportLayer]: 	 errcode:0
09-14 10:56:00.176 10744 15802 V [MYTAG][HeartbeatMgr][HttpTransportLayer]: 	[content]{"result":0,"info":{"value":1}}
09-14 10:56:00.176 10744 15802 V [MYTAG][HeartbeatMgr][HttpTransportLayer]: -----------------------------------------
09-14 10:56:00.306 10744 15802 D [MYTAG][main][SystemLocationClientImpl]: onLocationChanged GPS data:精度=9.648001 速度=0.0 海拔=329.19134521484375 经纬度=49.33341985, 7.05255589
09-14 10:56:00.307 10744 15802 D [MYTAG][main][SystemLocationClientImpl]: 当前信号强度: 3
09-14 10:56:00.972 10744 15802 V [MYTAG][DefaultDispatcher-worker-1][Device]: 603 dev is connected:true
09-14 10:56:01.074 10744 15802 V [MYTAG][mail_tcp_socket][ViiSocketMailDataPhraser]: ------------mail---------------
09-14 10:56:01.074 10744 15802 V [MYTAG][mail_tcp_socket][ViiSocketMailDataPhraser]: {"msgid":"battery","info":{"capacity":70,"charge":0},"time":1757847360}
09-14 10:56:01.076 10744 15802 V [MYTAG][mail_tcp_socket][ViiSocketMailDataPhraser]: ------------mail---------------
09-14 10:56:01.076 10744 15802 V [MYTAG][mail_tcp_socket][ViiSocketMailDataPhraser]: {"msgid":"sd","info":{"status":0},"time":1757847360}
09-14 10:56:01.077 10744 15991 W System  : Ignoring header sessionid because its value was null.
09-14 10:56:01.077 10744 15802 V [MYTAG][mail_tcp_socket][RemoteOptor]: ----
09-14 10:56:01.077 10744 15802 V [MYTAG][mail_tcp_socket][RemoteOptor]: [CMD]DEV_SDCARD_STATUS_QUERY
09-14 10:56:01.077 10744 15802 V [MYTAG][mail_tcp_socket][RemoteOptor]: [PARAM]null
09-14 10:56:01.077 10744 15802 V [MYTAG][mail_tcp_socket][HttpTransportLayer]: [HTTP SEND GET]
09-14 10:56:01.077 10744 15802 V [MYTAG][mail_tcp_socket][HttpTransportLayer]: 	 url:http://192.168.0.1:80/app/getsdinfo
09-14 10:56:01.078 10744 15991 I System.out: (HTTPLog)-Static: isSBSettingEnabled false
09-14 10:56:01.078 10744 15991 I System.out: (HTTPLog)-Static: isSBSettingEnabled false
09-14 10:56:01.082 10744 15802 V [MYTAG][main][Device]: 603 dev is connected:true
09-14 10:56:01.116 10744 15802 V [MYTAG][mail_tcp_socket][HttpTransportLayer]: [HTTP RSP]
09-14 10:56:01.116 10744 15802 V [MYTAG][mail_tcp_socket][HttpTransportLayer]: 	 errcode:0
09-14 10:56:01.116 10744 15802 V [MYTAG][mail_tcp_socket][HttpTransportLayer]: 	[content]{"result":0,"info":{"status":0,"free":305,"total":1883}}
09-14 10:56:01.116 10744 15802 V [MYTAG][mail_tcp_socket][HttpTransportLayer]: -----------------------------------------
09-14 10:56:01.129 10744 10744 W ProxyAndroidLoggerBackend: Too many Flogger logs received before configuration. Dropping old logs.
09-14 10:56:01.133 10744 10744 W ProxyAndroidLoggerBackend: Too many Flogger logs received before configuration. Dropping old logs.
09-14 10:56:01.135 10744 10744 W ProxyAndroidLoggerBackend: Too many Flogger logs received before configuration. Dropping old logs.
09-14 10:56:01.135 10744 10744 W ProxyAndroidLoggerBackend: Too many Flogger logs received before configuration. Dropping old logs.
09-14 10:56:01.137 10744 10744 W ProxyAndroidLoggerBackend: Too many Flogger logs received before configuration. Dropping old logs.
09-14 10:56:01.138 10744 10744 I chatty  : uid=10291(com.vidure.app) identical 1 line
09-14 10:56:01.138 10744 10744 W ProxyAndroidLoggerBackend: Too many Flogger logs received before configuration. Dropping old logs.
09-14 10:56:01.139 10744 10744 W ProxyAndroidLoggerBackend: Too many Flogger logs received before configuration. Dropping old logs.
09-14 10:56:01.142 10744 16715 W ProxyAndroidLoggerBackend: Too many Flogger logs received before configuration. Dropping old logs.
09-14 10:56:01.148 10744 15802 V [MYTAG][main][Device]: 603 dev is connected:true
09-14 10:56:01.151 10744 15802 V [MYTAG][main][CameraPreviewActivity]: rev msg1:264454
09-14 10:56:01.152 10744 15802 V [MYTAG][main][Device]: 603 dev is connected:true
09-14 10:56:01.152 10744 15802 V [MYTAG][main][CameraPreviewActivity]: rev msg1:589832
09-14 10:56:04.084 10744 15802 V [MYTAG][mail_tcp_socket][ViiSocketMailDataPhraser]: ------------mail---------------
09-14 10:56:04.084 10744 15802 V [MYTAG][mail_tcp_socket][ViiSocketMailDataPhraser]: {"msgid":"battery","info":{"capacity":70,"charge":0},"time":1757847363}
09-14 10:56:04.087 10744 15802 V [MYTAG][mail_tcp_socket][ViiSocketMailDataPhraser]: ------------mail---------------
09-14 10:56:04.087 10744 15802 V [MYTAG][mail_tcp_socket][ViiSocketMailDataPhraser]: {"msgid":"sd","info":{"status":0},"time":1757847363}
09-14 10:56:04.088 10744 15991 W System  : Ignoring header sessionid because its value was null.
09-14 10:56:04.088 10744 15802 V [MYTAG][mail_tcp_socket][RemoteOptor]: ----
09-14 10:56:04.088 10744 15802 V [MYTAG][mail_tcp_socket][RemoteOptor]: [CMD]DEV_SDCARD_STATUS_QUERY
09-14 10:56:04.088 10744 15802 V [MYTAG][mail_tcp_socket][RemoteOptor]: [PARAM]null
09-14 10:56:04.088 10744 15802 V [MYTAG][mail_tcp_socket][HttpTransportLayer]: [HTTP SEND GET]
09-14 10:56:04.088 10744 15802 V [MYTAG][mail_tcp_socket][HttpTransportLayer]: 	 url:http://192.168.0.1:80/app/getsdinfo
09-14 10:56:04.088 10744 15991 I System.out: (HTTPLog)-Static: isSBSettingEnabled false
09-14 10:56:04.088 10744 15991 I System.out: (HTTPLog)-Static: isSBSettingEnabled false
09-14 10:56:04.091 10744 15802 V [MYTAG][main][Device]: 603 dev is connected:true
09-14 10:56:04.111 10744 15802 V [MYTAG][HeartbeatMgr][RemoteOptor]: ----
09-14 10:56:04.111 10744 15802 V [MYTAG][HeartbeatMgr][RemoteOptor]: [CMD]Basic_Msg_MailBox
09-14 10:56:04.111 10744 15802 V [MYTAG][HeartbeatMgr][RemoteOptor]: [PARAM]null
09-14 10:56:04.117 10744 15802 V [MYTAG][mail_tcp_socket][HttpTransportLayer]: [HTTP RSP]
09-14 10:56:04.117 10744 15802 V [MYTAG][mail_tcp_socket][HttpTransportLayer]: 	 errcode:0
09-14 10:56:04.117 10744 15802 V [MYTAG][mail_tcp_socket][HttpTransportLayer]: 	[content]{"result":0,"info":{"status":0,"free":301,"total":1883}}
09-14 10:56:04.117 10744 15802 V [MYTAG][mail_tcp_socket][HttpTransportLayer]: -----------------------------------------
09-14 10:56:04.117 10744 15992 W System  : Ignoring header sessionid because its value was null.
09-14 10:56:04.118 10744 15992 I System.out: (HTTPLog)-Static: isSBSettingEnabled false
09-14 10:56:04.118 10744 15992 I System.out: (HTTPLog)-Static: isSBSettingEnabled false
09-14 10:56:04.118 10744 15802 V [MYTAG][HeartbeatMgr][HttpTransportLayer]: [HTTP SEND GET]
09-14 10:56:04.118 10744 15802 V [MYTAG][HeartbeatMgr][HttpTransportLayer]: 	 url:http://192.168.0.1:80/app/getparamvalue?param=rec
09-14 10:56:04.123 10744 10744 W ProxyAndroidLoggerBackend: Too many Flogger logs received before configuration. Dropping old logs.
09-14 10:56:04.130 10744 10744 I chatty  : uid=10291(com.vidure.app) identical 6 lines
09-14 10:56:04.131 10744 10744 W ProxyAndroidLoggerBackend: Too many Flogger logs received before configuration. Dropping old logs.
09-14 10:56:04.137 10744 15802 V [MYTAG][HeartbeatMgr][HttpTransportLayer]: [HTTP RSP]
09-14 10:56:04.137 10744 15802 V [MYTAG][HeartbeatMgr][HttpTransportLayer]: 	 errcode:0
09-14 10:56:04.137 10744 15802 V [MYTAG][HeartbeatMgr][HttpTransportLayer]: 	[content]{"result":0,"info":{"value":1}}
09-14 10:56:04.137 10744 15802 V [MYTAG][HeartbeatMgr][HttpTransportLayer]: -----------------------------------------
09-14 10:56:04.141 10744 15802 V [MYTAG][main][Device]: 603 dev is connected:true
09-14 10:56:04.145 10744 15802 V [MYTAG][main][CameraPreviewActivity]: rev msg1:264454
09-14 10:56:04.145 10744 15802 V [MYTAG][main][Device]: 603 dev is connected:true
09-14 10:56:04.145 10744 15802 V [MYTAG][main][CameraPreviewActivity]: rev msg1:589832
09-14 10:56:07.094 10744 15802 V [MYTAG][mail_tcp_socket][ViiSocketMailDataPhraser]: ------------mail---------------
09-14 10:56:07.094 10744 15802 V [MYTAG][mail_tcp_socket][ViiSocketMailDataPhraser]: {"msgid":"battery","info":{"capacity":70,"charge":0},"time":1757847366}
09-14 10:56:07.096 10744 15991 W System  : Ignoring header sessionid because its value was null.
09-14 10:56:07.097 10744 15802 V [MYTAG][mail_tcp_socket][ViiSocketMailDataPhraser]: ------------mail---------------
09-14 10:56:07.097 10744 15802 V [MYTAG][mail_tcp_socket][ViiSocketMailDataPhraser]: {"msgid":"sd","info":{"status":0},"time":1757847366}
09-14 10:56:07.097 10744 15991 I System.out: (HTTPLog)-Static: isSBSettingEnabled false
09-14 10:56:07.097 10744 15991 I System.out: (HTTPLog)-Static: isSBSettingEnabled false
09-14 10:56:07.097 10744 15802 V [MYTAG][mail_tcp_socket][RemoteOptor]: ----
09-14 10:56:07.097 10744 15802 V [MYTAG][mail_tcp_socket][RemoteOptor]: [CMD]DEV_SDCARD_STATUS_QUERY
09-14 10:56:07.097 10744 15802 V [MYTAG][mail_tcp_socket][RemoteOptor]: [PARAM]null
09-14 10:56:07.097 10744 15802 V [MYTAG][mail_tcp_socket][HttpTransportLayer]: [HTTP SEND GET]
09-14 10:56:07.097 10744 15802 V [MYTAG][mail_tcp_socket][HttpTransportLayer]: 	 url:http://192.168.0.1:80/app/getsdinfo
09-14 10:56:07.105 10744 15802 V [MYTAG][main][Device]: 603 dev is connected:true
09-14 10:56:07.128 10744 15802 V [MYTAG][mail_tcp_socket][HttpTransportLayer]: [HTTP RSP]
09-14 10:56:07.128 10744 15802 V [MYTAG][mail_tcp_socket][HttpTransportLayer]: 	 errcode:0
09-14 10:56:07.128 10744 15802 V [MYTAG][mail_tcp_socket][HttpTransportLayer]: 	[content]{"result":0,"info":{"status":0,"free":298,"total":1883}}
09-14 10:56:07.128 10744 15802 V [MYTAG][mail_tcp_socket][HttpTransportLayer]: -----------------------------------------
09-14 10:56:07.136 10744 10744 W ProxyAndroidLoggerBackend: Too many Flogger logs received before configuration. Dropping old logs.
09-14 10:56:07.138 10744 10744 W ProxyAndroidLoggerBackend: Too many Flogger logs received before configuration. Dropping old logs.
09-14 10:56:07.142 10744 10744 W ProxyAndroidLoggerBackend: Too many Flogger logs received before configuration. Dropping old logs.
09-14 10:56:07.146 10744 10744 I chatty  : uid=10291(com.vidure.app) identical 4 lines
09-14 10:56:07.147 10744 10744 W ProxyAndroidLoggerBackend: Too many Flogger logs received before configuration. Dropping old logs.
09-14 10:56:07.156 10744 15802 V [MYTAG][main][Device]: 603 dev is connected:true
09-14 10:56:07.160 10744 15802 V [MYTAG][main][CameraPreviewActivity]: rev msg1:264454
09-14 10:56:07.160 10744 15802 V [MYTAG][main][Device]: 603 dev is connected:true
09-14 10:56:07.160 10744 15802 V [MYTAG][main][CameraPreviewActivity]: rev msg1:589832
09-14 10:56:07.162 10744 16716 W ProxyAndroidLoggerBackend: Too many Flogger logs received before configuration. Dropping old logs.
09-14 10:56:07.163 10744 17066 W ProxyAndroidLoggerBackend: Too many Flogger logs received before configuration. Dropping old logs.
09-14 10:56:07.165 10744 17066 W ProxyAndroidLoggerBackend: Too many Flogger logs received before configuration. Dropping old logs.
09-14 10:56:08.112 10744 15802 V [MYTAG][HeartbeatMgr][RemoteOptor]: ----
09-14 10:56:08.112 10744 15802 V [MYTAG][HeartbeatMgr][RemoteOptor]: [CMD]Basic_Msg_MailBox
09-14 10:56:08.112 10744 15802 V [MYTAG][HeartbeatMgr][RemoteOptor]: [PARAM]null
09-14 10:56:08.113 10744 15992 W System  : Ignoring header sessionid because its value was null.
09-14 10:56:08.113 10744 15992 I System.out: (HTTPLog)-Static: isSBSettingEnabled false
09-14 10:56:08.113 10744 15992 I System.out: (HTTPLog)-Static: isSBSettingEnabled false
09-14 10:56:08.114 10744 15802 V [MYTAG][HeartbeatMgr][HttpTransportLayer]: [HTTP SEND GET]
09-14 10:56:08.114 10744 15802 V [MYTAG][HeartbeatMgr][HttpTransportLayer]: 	 url:http://192.168.0.1:80/app/getparamvalue?param=rec
09-14 10:56:08.161 10744 15802 V [MYTAG][HeartbeatMgr][HttpTransportLayer]: [HTTP RSP]
09-14 10:56:08.161 10744 15802 V [MYTAG][HeartbeatMgr][HttpTransportLayer]: 	 errcode:0
09-14 10:56:08.161 10744 15802 V [MYTAG][HeartbeatMgr][HttpTransportLayer]: 	[content]{"result":0,"info":{"value":1}}
09-14 10:56:08.161 10744 15802 V [MYTAG][HeartbeatMgr][HttpTransportLayer]: -----------------------------------------
09-14 10:56:10.107 10744 15802 V [MYTAG][mail_tcp_socket][ViiSocketMailDataPhraser]: ------------mail---------------
09-14 10:56:10.107 10744 15802 V [MYTAG][mail_tcp_socket][ViiSocketMailDataPhraser]: {"msgid":"battery","info":{"capacity":70,"charge":0},"time":1757847369}
09-14 10:56:10.111 10744 15802 V [MYTAG][mail_tcp_socket][ViiSocketMailDataPhraser]: ------------mail---------------
09-14 10:56:10.111 10744 15802 V [MYTAG][mail_tcp_socket][ViiSocketMailDataPhraser]: {"msgid":"sd","info":{"status":0},"time":1757847369}
09-14 10:56:10.111 10744 15991 W System  : Ignoring header sessionid because its value was null.
09-14 10:56:10.112 10744 15991 I System.out: (HTTPLog)-Static: isSBSettingEnabled false
09-14 10:56:10.112 10744 15991 I System.out: (HTTPLog)-Static: isSBSettingEnabled false
09-14 10:56:10.113 10744 15802 V [MYTAG][mail_tcp_socket][RemoteOptor]: ----
09-14 10:56:10.113 10744 15802 V [MYTAG][mail_tcp_socket][RemoteOptor]: [CMD]DEV_SDCARD_STATUS_QUERY
09-14 10:56:10.113 10744 15802 V [MYTAG][mail_tcp_socket][RemoteOptor]: [PARAM]null
09-14 10:56:10.113 10744 15802 V [MYTAG][mail_tcp_socket][HttpTransportLayer]: [HTTP SEND GET]
09-14 10:56:10.113 10744 15802 V [MYTAG][mail_tcp_socket][HttpTransportLayer]: 	 url:http://192.168.0.1:80/app/getsdinfo
09-14 10:56:10.127 10744 15802 V [MYTAG][main][Device]: 603 dev is connected:true
09-14 10:56:10.138 10744 15802 V [MYTAG][mail_tcp_socket][HttpTransportLayer]: [HTTP RSP]
09-14 10:56:10.138 10744 15802 V [MYTAG][mail_tcp_socket][HttpTransportLayer]: 	 errcode:0
09-14 10:56:10.138 10744 15802 V [MYTAG][mail_tcp_socket][HttpTransportLayer]: 	[content]{"result":0,"info":{"status":0,"free":294,"total":1883}}
09-14 10:56:10.138 10744 15802 V [MYTAG][mail_tcp_socket][HttpTransportLayer]: -----------------------------------------
09-14 10:56:10.157 10744 10744 W ProxyAndroidLoggerBackend: Too many Flogger logs received before configuration. Dropping old logs.
09-14 10:56:10.165 10744 10744 I chatty  : uid=10291(com.vidure.app) identical 6 lines
09-14 10:56:10.166 10744 10744 W ProxyAndroidLoggerBackend: Too many Flogger logs received before configuration. Dropping old logs.
09-14 10:56:10.175 10744 16716 W ProxyAndroidLoggerBackend: Too many Flogger logs received before configuration. Dropping old logs.
09-14 10:56:10.184 10744 15802 V [MYTAG][main][Device]: 603 dev is connected:true
09-14 10:56:10.185 10744 15802 V [MYTAG][main][CameraPreviewActivity]: rev msg1:264454
09-14 10:56:10.186 10744 15802 V [MYTAG][main][Device]: 603 dev is connected:true
09-14 10:56:10.186 10744 15802 V [MYTAG][main][CameraPreviewActivity]: rev msg1:589832
09-14 10:56:12.113 10744 15802 V [MYTAG][HeartbeatMgr][RemoteOptor]: ----
09-14 10:56:12.113 10744 15802 V [MYTAG][HeartbeatMgr][RemoteOptor]: [CMD]Basic_Msg_MailBox
09-14 10:56:12.113 10744 15802 V [MYTAG][HeartbeatMgr][RemoteOptor]: [PARAM]null
09-14 10:56:12.114 10744 15802 V [MYTAG][HeartbeatMgr][HttpTransportLayer]: [HTTP SEND GET]
09-14 10:56:12.114 10744 15802 V [MYTAG][HeartbeatMgr][HttpTransportLayer]: 	 url:http://192.168.0.1:80/app/getparamvalue?param=rec
09-14 10:56:12.114 10744 15992 W System  : Ignoring header sessionid because its value was null.
09-14 10:56:12.115 10744 15992 I System.out: (HTTPLog)-Static: isSBSettingEnabled false
09-14 10:56:12.115 10744 15992 I System.out: (HTTPLog)-Static: isSBSettingEnabled false
09-14 10:56:12.151 10744 15802 V [MYTAG][HeartbeatMgr][HttpTransportLayer]: [HTTP RSP]
09-14 10:56:12.151 10744 15802 V [MYTAG][HeartbeatMgr][HttpTransportLayer]: 	 errcode:0
09-14 10:56:12.151 10744 15802 V [MYTAG][HeartbeatMgr][HttpTransportLayer]: 	[content]{"result":0,"info":{"value":1}}
09-14 10:56:12.151 10744 15802 V [MYTAG][HeartbeatMgr][HttpTransportLayer]: -----------------------------------------
09-14 10:56:13.114 10744 15802 V [MYTAG][mail_tcp_socket][ViiSocketMailDataPhraser]: ------------mail---------------
09-14 10:56:13.114 10744 15802 V [MYTAG][mail_tcp_socket][ViiSocketMailDataPhraser]: {"msgid":"battery","info":{"capacity":70,"charge":0},"time":1757847372}
09-14 10:56:13.118 10744 15802 V [MYTAG][mail_tcp_socket][ViiSocketMailDataPhraser]: ------------mail---------------
09-14 10:56:13.118 10744 15802 V [MYTAG][mail_tcp_socket][ViiSocketMailDataPhraser]: {"msgid":"sd","info":{"status":0},"time":1757847372}
09-14 10:56:13.119 10744 15802 V [MYTAG][mail_tcp_socket][RemoteOptor]: ----
09-14 10:56:13.119 10744 15802 V [MYTAG][mail_tcp_socket][RemoteOptor]: [CMD]DEV_SDCARD_STATUS_QUERY
09-14 10:56:13.119 10744 15802 V [MYTAG][mail_tcp_socket][RemoteOptor]: [PARAM]null
09-14 10:56:13.119 10744 15802 V [MYTAG][mail_tcp_socket][HttpTransportLayer]: [HTTP SEND GET]
09-14 10:56:13.119 10744 15802 V [MYTAG][mail_tcp_socket][HttpTransportLayer]: 	 url:http://192.168.0.1:80/app/getsdinfo
09-14 10:56:13.120 10744 15991 W System  : Ignoring header sessionid because its value was null.
09-14 10:56:13.121 10744 15991 I System.out: (HTTPLog)-Static: isSBSettingEnabled false
09-14 10:56:13.121 10744 15991 I System.out: (HTTPLog)-Static: isSBSettingEnabled false
09-14 10:56:13.125 10744 15802 V [MYTAG][main][Device]: 603 dev is connected:true
09-14 10:56:13.159 10744 15802 V [MYTAG][mail_tcp_socket][HttpTransportLayer]: [HTTP RSP]
09-14 10:56:13.159 10744 15802 V [MYTAG][mail_tcp_socket][HttpTransportLayer]: 	 errcode:0
09-14 10:56:13.159 10744 15802 V [MYTAG][mail_tcp_socket][HttpTransportLayer]: 	[content]{"result":0,"info":{"status":0,"free":290,"total":1883}}
09-14 10:56:13.159 10744 15802 V [MYTAG][mail_tcp_socket][HttpTransportLayer]: -----------------------------------------
09-14 10:56:13.200 10744 10744 W ProxyAndroidLoggerBackend: Too many Flogger logs received before configuration. Dropping old logs.
09-14 10:56:13.220 10744 10744 I chatty  : uid=10291(com.vidure.app) identical 6 lines
09-14 10:56:13.221 10744 10744 W ProxyAndroidLoggerBackend: Too many Flogger logs received before configuration. Dropping old logs.
09-14 10:56:13.230 10744 16716 W ProxyAndroidLoggerBackend: Too many Flogger logs received before configuration. Dropping old logs.
09-14 10:56:13.236 10744 15802 V [MYTAG][main][Device]: 603 dev is connected:true
09-14 10:56:13.238 10744 15802 V [MYTAG][main][CameraPreviewActivity]: rev msg1:264454
09-14 10:56:13.238 10744 15802 V [MYTAG][main][Device]: 603 dev is connected:true
09-14 10:56:13.238 10744 15802 V [MYTAG][main][CameraPreviewActivity]: rev msg1:589832
09-14 10:56:16.115 10744 15802 V [MYTAG][HeartbeatMgr][RemoteOptor]: ----
09-14 10:56:16.115 10744 15802 V [MYTAG][HeartbeatMgr][RemoteOptor]: [CMD]Basic_Msg_MailBox
09-14 10:56:16.115 10744 15802 V [MYTAG][HeartbeatMgr][RemoteOptor]: [PARAM]null
09-14 10:56:16.117 10744 15802 V [MYTAG][HeartbeatMgr][HttpTransportLayer]: [HTTP SEND GET]
09-14 10:56:16.117 10744 15802 V [MYTAG][HeartbeatMgr][HttpTransportLayer]: 	 url:http://192.168.0.1:80/app/getparamvalue?param=rec
09-14 10:56:16.118 10744 15992 W System  : Ignoring header sessionid because its value was null.
09-14 10:56:16.120 10744 15992 I System.out: (HTTPLog)-Static: isSBSettingEnabled false
09-14 10:56:16.120 10744 15992 I System.out: (HTTPLog)-Static: isSBSettingEnabled false
09-14 10:56:16.124 10744 15802 V [MYTAG][mail_tcp_socket][ViiSocketMailDataPhraser]: ------------mail---------------
09-14 10:56:16.124 10744 15802 V [MYTAG][mail_tcp_socket][ViiSocketMailDataPhraser]: {"msgid":"battery","info":{"capacity":70,"charge":0},"time":1757847375}
09-14 10:56:16.126 10744 15802 V [MYTAG][mail_tcp_socket][ViiSocketMailDataPhraser]: ------------mail---------------
09-14 10:56:16.126 10744 15802 V [MYTAG][mail_tcp_socket][ViiSocketMailDataPhraser]: {"msgid":"sd","info":{"status":0},"time":1757847375}
09-14 10:56:16.127 10744 15802 V [MYTAG][mail_tcp_socket][RemoteOptor]: ----
09-14 10:56:16.127 10744 15802 V [MYTAG][mail_tcp_socket][RemoteOptor]: [CMD]DEV_SDCARD_STATUS_QUERY
09-14 10:56:16.127 10744 15802 V [MYTAG][mail_tcp_socket][RemoteOptor]: [PARAM]null
09-14 10:56:16.145 10744 15802 V [MYTAG][main][Device]: 603 dev is connected:true
09-14 10:56:16.155 10744 15991 W System  : Ignoring header sessionid because its value was null.
09-14 10:56:16.156 10744 15991 I System.out: (HTTPLog)-Static: isSBSettingEnabled false
09-14 10:56:16.156 10744 15991 I System.out: (HTTPLog)-Static: isSBSettingEnabled false
09-14 10:56:16.160 10744 15802 V [MYTAG][HeartbeatMgr][HttpTransportLayer]: [HTTP RSP]
09-14 10:56:16.160 10744 15802 V [MYTAG][HeartbeatMgr][HttpTransportLayer]: 	 errcode:0
09-14 10:56:16.160 10744 15802 V [MYTAG][HeartbeatMgr][HttpTransportLayer]: 	[content]{"result":0,"info":{"value":1}}
09-14 10:56:16.160 10744 15802 V [MYTAG][HeartbeatMgr][HttpTransportLayer]: -----------------------------------------
09-14 10:56:16.160 10744 15802 V [MYTAG][mail_tcp_socket][HttpTransportLayer]: [HTTP SEND GET]
09-14 10:56:16.160 10744 15802 V [MYTAG][mail_tcp_socket][HttpTransportLayer]: 	 url:http://192.168.0.1:80/app/getsdinfo
09-14 10:56:16.191 10744 15802 V [MYTAG][mail_tcp_socket][HttpTransportLayer]: [HTTP RSP]
09-14 10:56:16.191 10744 15802 V [MYTAG][mail_tcp_socket][HttpTransportLayer]: 	 errcode:0
09-14 10:56:16.191 10744 15802 V [MYTAG][mail_tcp_socket][HttpTransportLayer]: 	[content]{"result":0,"info":{"status":0,"free":286,"total":1883}}
09-14 10:56:16.191 10744 15802 V [MYTAG][mail_tcp_socket][HttpTransportLayer]: -----------------------------------------
09-14 10:56:16.220 10744 10744 W ProxyAndroidLoggerBackend: Too many Flogger logs received before configuration. Dropping old logs.
09-14 10:56:16.221 10744 17066 W ProxyAndroidLoggerBackend: Too many Flogger logs received before configuration. Dropping old logs.
09-14 10:56:16.221 10744 17066 I chatty  : uid=10291(com.vidure.app) identical 2 lines
09-14 10:56:16.221 10744 17066 W ProxyAndroidLoggerBackend: Too many Flogger logs received before configuration. Dropping old logs.
09-14 10:56:16.223 10744 10744 W ProxyAndroidLoggerBackend: Too many Flogger logs received before configuration. Dropping old logs.
09-14 10:56:16.231 10744 10744 I chatty  : uid=10291(com.vidure.app) identical 4 lines
09-14 10:56:16.231 10744 10744 W ProxyAndroidLoggerBackend: Too many Flogger logs received before configuration. Dropping old logs.
09-14 10:56:16.232 10744 10744 W ProxyAndroidLoggerBackend: Too many Flogger logs received before configuration. Dropping old logs.
09-14 10:56:16.239 10744 17066 W ProxyAndroidLoggerBackend: Too many Flogger logs received before configuration. Dropping old logs.
09-14 10:56:16.246 10744 15802 V [MYTAG][main][Device]: 603 dev is connected:true
09-14 10:56:16.246 10744 15802 V [MYTAG][main][CameraPreviewActivity]: rev msg1:264454
09-14 10:56:16.246 10744 15802 V [MYTAG][main][Device]: 603 dev is connected:true
09-14 10:56:16.246 10744 15802 V [MYTAG][main][CameraPreviewActivity]: rev msg1:589832
09-14 10:56:19.134 10744 15802 V [MYTAG][mail_tcp_socket][ViiSocketMailDataPhraser]: ------------mail---------------
09-14 10:56:19.134 10744 15802 V [MYTAG][mail_tcp_socket][ViiSocketMailDataPhraser]: {"msgid":"battery","info":{"capacity":70,"charge":0},"time":1757847378}
09-14 10:56:19.137 10744 15991 W System  : Ignoring header sessionid because its value was null.
09-14 10:56:19.137 10744 15991 I System.out: (HTTPLog)-Static: isSBSettingEnabled false
09-14 10:56:19.138 10744 15991 I System.out: (HTTPLog)-Static: isSBSettingEnabled false
09-14 10:56:19.140 10744 15802 V [MYTAG][mail_tcp_socket][ViiSocketMailDataPhraser]: ------------mail---------------
09-14 10:56:19.140 10744 15802 V [MYTAG][mail_tcp_socket][ViiSocketMailDataPhraser]: {"msgid":"sd","info":{"status":0},"time":1757847378}
09-14 10:56:19.143 10744 15802 V [MYTAG][mail_tcp_socket][RemoteOptor]: ----
09-14 10:56:19.143 10744 15802 V [MYTAG][mail_tcp_socket][RemoteOptor]: [CMD]DEV_SDCARD_STATUS_QUERY
09-14 10:56:19.143 10744 15802 V [MYTAG][mail_tcp_socket][RemoteOptor]: [PARAM]null
09-14 10:56:19.143 10744 15802 V [MYTAG][mail_tcp_socket][HttpTransportLayer]: [HTTP SEND GET]
09-14 10:56:19.143 10744 15802 V [MYTAG][mail_tcp_socket][HttpTransportLayer]: 	 url:http://192.168.0.1:80/app/getsdinfo
09-14 10:56:19.145 10744 15802 V [MYTAG][main][Device]: 603 dev is connected:true
09-14 10:56:19.210 10744 15802 V [MYTAG][mail_tcp_socket][HttpTransportLayer]: [HTTP RSP]
09-14 10:56:19.210 10744 15802 V [MYTAG][mail_tcp_socket][HttpTransportLayer]: 	 errcode:0
09-14 10:56:19.210 10744 15802 V [MYTAG][mail_tcp_socket][HttpTransportLayer]: 	[content]{"result":0,"info":{"status":0,"free":282,"total":1883}}
09-14 10:56:19.210 10744 15802 V [MYTAG][mail_tcp_socket][HttpTransportLayer]: -----------------------------------------
09-14 10:56:19.222 10744 10744 W ProxyAndroidLoggerBackend: Too many Flogger logs received before configuration. Dropping old logs.
09-14 10:56:19.234 10744 10744 I chatty  : uid=10291(com.vidure.app) identical 6 lines
09-14 10:56:19.235 10744 10744 W ProxyAndroidLoggerBackend: Too many Flogger logs received before configuration. Dropping old logs.
09-14 10:56:19.240 10744 16715 W ProxyAndroidLoggerBackend: Too many Flogger logs received before configuration. Dropping old logs.
09-14 10:56:19.250 10744 15802 V [MYTAG][main][Device]: 603 dev is connected:true
09-14 10:56:19.256 10744 15802 V [MYTAG][main][CameraPreviewActivity]: rev msg1:264454
09-14 10:56:19.256 10744 15802 V [MYTAG][main][Device]: 603 dev is connected:true
09-14 10:56:19.256 10744 15802 V [MYTAG][main][CameraPreviewActivity]: rev msg1:589832
09-14 10:56:20.115 10744 15802 V [MYTAG][HeartbeatMgr][RemoteOptor]: ----
09-14 10:56:20.115 10744 15802 V [MYTAG][HeartbeatMgr][RemoteOptor]: [CMD]Basic_Msg_MailBox
09-14 10:56:20.115 10744 15802 V [MYTAG][HeartbeatMgr][RemoteOptor]: [PARAM]null
09-14 10:56:20.116 10744 15802 V [MYTAG][HeartbeatMgr][HttpTransportLayer]: [HTTP SEND GET]
09-14 10:56:20.116 10744 15802 V [MYTAG][HeartbeatMgr][HttpTransportLayer]: 	 url:http://192.168.0.1:80/app/getparamvalue?param=rec
09-14 10:56:20.116 10744 15992 W System  : Ignoring header sessionid because its value was null.
09-14 10:56:20.117 10744 15992 I System.out: (HTTPLog)-Static: isSBSettingEnabled false
09-14 10:56:20.117 10744 15992 I System.out: (HTTPLog)-Static: isSBSettingEnabled false
09-14 10:56:20.151 10744 15802 V [MYTAG][HeartbeatMgr][HttpTransportLayer]: [HTTP RSP]
09-14 10:56:20.151 10744 15802 V [MYTAG][HeartbeatMgr][HttpTransportLayer]: 	 errcode:0
09-14 10:56:20.151 10744 15802 V [MYTAG][HeartbeatMgr][HttpTransportLayer]: 	[content]{"result":0,"info":{"value":1}}
09-14 10:56:20.151 10744 15802 V [MYTAG][HeartbeatMgr][HttpTransportLayer]: -----------------------------------------
09-14 10:56:22.149 10744 15802 V [MYTAG][mail_tcp_socket][ViiSocketMailDataPhraser]: ------------mail---------------
09-14 10:56:22.149 10744 15802 V [MYTAG][mail_tcp_socket][ViiSocketMailDataPhraser]: {"msgid":"battery","info":{"capacity":70,"charge":0},"time":1757847381}
09-14 10:56:22.150 10744 15802 V [MYTAG][mail_tcp_socket][ViiSocketMailDataPhraser]: ------------mail---------------
09-14 10:56:22.150 10744 15802 V [MYTAG][mail_tcp_socket][ViiSocketMailDataPhraser]: {"msgid":"sd","info":{"status":0},"time":1757847381}
09-14 10:56:22.152 10744 15991 W System  : Ignoring header sessionid because its value was null.
09-14 10:56:22.152 10744 15802 V [MYTAG][mail_tcp_socket][RemoteOptor]: ----
09-14 10:56:22.152 10744 15802 V [MYTAG][mail_tcp_socket][RemoteOptor]: [CMD]DEV_SDCARD_STATUS_QUERY
09-14 10:56:22.152 10744 15802 V [MYTAG][mail_tcp_socket][RemoteOptor]: [PARAM]null
09-14 10:56:22.152 10744 15802 V [MYTAG][mail_tcp_socket][HttpTransportLayer]: [HTTP SEND GET]
09-14 10:56:22.152 10744 15802 V [MYTAG][mail_tcp_socket][HttpTransportLayer]: 	 url:http://192.168.0.1:80/app/getsdinfo
09-14 10:56:22.152 10744 15991 I System.out: (HTTPLog)-Static: isSBSettingEnabled false
09-14 10:56:22.152 10744 15991 I System.out: (HTTPLog)-Static: isSBSettingEnabled false
09-14 10:56:22.156 10744 15802 V [MYTAG][main][Device]: 603 dev is connected:true
09-14 10:56:22.186 10744 15802 V [MYTAG][mail_tcp_socket][HttpTransportLayer]: [HTTP RSP]
09-14 10:56:22.186 10744 15802 V [MYTAG][mail_tcp_socket][HttpTransportLayer]: 	 errcode:0
09-14 10:56:22.186 10744 15802 V [MYTAG][mail_tcp_socket][HttpTransportLayer]: 	[content]{"result":0,"info":{"status":0,"free":278,"total":1883}}
09-14 10:56:22.186 10744 15802 V [MYTAG][mail_tcp_socket][HttpTransportLayer]: -----------------------------------------
09-14 10:56:22.221 10744 10744 W ProxyAndroidLoggerBackend: Too many Flogger logs received before configuration. Dropping old logs.
09-14 10:56:22.229 10744 10744 I chatty  : uid=10291(com.vidure.app) identical 6 lines
09-14 10:56:22.229 10744 10744 W ProxyAndroidLoggerBackend: Too many Flogger logs received before configuration. Dropping old logs.
09-14 10:56:22.241 10744 17066 W ProxyAndroidLoggerBackend: Too many Flogger logs received before configuration. Dropping old logs.
09-14 10:56:22.245 10744 15802 V [MYTAG][main][Device]: 603 dev is connected:true
09-14 10:56:22.246 10744 15802 V [MYTAG][main][CameraPreviewActivity]: rev msg1:264454
09-14 10:56:22.246 10744 15802 V [MYTAG][main][Device]: 603 dev is connected:true
09-14 10:56:22.246 10744 15802 V [MYTAG][main][CameraPreviewActivity]: rev msg1:589832
09-14 10:56:24.116 10744 15802 V [MYTAG][HeartbeatMgr][RemoteOptor]: ----
09-14 10:56:24.116 10744 15802 V [MYTAG][HeartbeatMgr][RemoteOptor]: [CMD]Basic_Msg_MailBox
09-14 10:56:24.116 10744 15802 V [MYTAG][HeartbeatMgr][RemoteOptor]: [PARAM]null
09-14 10:56:24.117 10744 15992 W System  : Ignoring header sessionid because its value was null.
09-14 10:56:24.118 10744 15802 V [MYTAG][HeartbeatMgr][HttpTransportLayer]: [HTTP SEND GET]
09-14 10:56:24.118 10744 15802 V [MYTAG][HeartbeatMgr][HttpTransportLayer]: 	 url:http://192.168.0.1:80/app/getparamvalue?param=rec
09-14 10:56:24.119 10744 15992 I System.out: (HTTPLog)-Static: isSBSettingEnabled false
09-14 10:56:24.120 10744 15992 I System.out: (HTTPLog)-Static: isSBSettingEnabled false
09-14 10:56:24.155 10744 15802 V [MYTAG][HeartbeatMgr][HttpTransportLayer]: [HTTP RSP]
09-14 10:56:24.155 10744 15802 V [MYTAG][HeartbeatMgr][HttpTransportLayer]: 	 errcode:0
09-14 10:56:24.155 10744 15802 V [MYTAG][HeartbeatMgr][HttpTransportLayer]: 	[content]{"result":0,"info":{"value":1}}
09-14 10:56:24.155 10744 15802 V [MYTAG][HeartbeatMgr][HttpTransportLayer]: -----------------------------------------
09-14 10:56:25.154 10744 15802 V [MYTAG][mail_tcp_socket][ViiSocketMailDataPhraser]: ------------mail---------------
09-14 10:56:25.154 10744 15802 V [MYTAG][mail_tcp_socket][ViiSocketMailDataPhraser]: {"msgid":"battery","info":{"capacity":70,"charge":0},"time":1757847384}
09-14 10:56:25.156 10744 15991 W System  : Ignoring header sessionid because its value was null.
09-14 10:56:25.157 10744 15991 I System.out: (HTTPLog)-Static: isSBSettingEnabled false
09-14 10:56:25.158 10744 15991 I System.out: (HTTPLog)-Static: isSBSettingEnabled false
09-14 10:56:25.161 10744 15802 V [MYTAG][mail_tcp_socket][ViiSocketMailDataPhraser]: ------------mail---------------
09-14 10:56:25.161 10744 15802 V [MYTAG][mail_tcp_socket][ViiSocketMailDataPhraser]: {"msgid":"sd","info":{"status":0},"time":1757847384}
09-14 10:56:25.161 10744 15802 V [MYTAG][mail_tcp_socket][RemoteOptor]: ----
09-14 10:56:25.161 10744 15802 V [MYTAG][mail_tcp_socket][RemoteOptor]: [CMD]DEV_SDCARD_STATUS_QUERY
09-14 10:56:25.161 10744 15802 V [MYTAG][mail_tcp_socket][RemoteOptor]: [PARAM]null
09-14 10:56:25.161 10744 15802 V [MYTAG][mail_tcp_socket][HttpTransportLayer]: [HTTP SEND GET]
09-14 10:56:25.161 10744 15802 V [MYTAG][mail_tcp_socket][HttpTransportLayer]: 	 url:http://192.168.0.1:80/app/getsdinfo
09-14 10:56:25.166 10744 15802 V [MYTAG][main][Device]: 603 dev is connected:true
09-14 10:56:25.187 10744 15802 V [MYTAG][mail_tcp_socket][HttpTransportLayer]: [HTTP RSP]
09-14 10:56:25.187 10744 15802 V [MYTAG][mail_tcp_socket][HttpTransportLayer]: 	 errcode:0
09-14 10:56:25.187 10744 15802 V [MYTAG][mail_tcp_socket][HttpTransportLayer]: 	[content]{"result":0,"info":{"status":0,"free":275,"total":1883}}
09-14 10:56:25.187 10744 15802 V [MYTAG][mail_tcp_socket][HttpTransportLayer]: -----------------------------------------
09-14 10:56:25.202 10744 16716 W ProxyAndroidLoggerBackend: Too many Flogger logs received before configuration. Dropping old logs.
09-14 10:56:25.203 10744 16716 W ProxyAndroidLoggerBackend: Too many Flogger logs received before configuration. Dropping old logs.
09-14 10:56:25.203 10744 17066 W ProxyAndroidLoggerBackend: Too many Flogger logs received before configuration. Dropping old logs.
09-14 10:56:25.224 10744 10744 W ProxyAndroidLoggerBackend: Too many Flogger logs received before configuration. Dropping old logs.
09-14 10:56:25.233 10744 10744 I chatty  : uid=10291(com.vidure.app) identical 6 lines
09-14 10:56:25.233 10744 10744 W ProxyAndroidLoggerBackend: Too many Flogger logs received before configuration. Dropping old logs.
09-14 10:56:25.242 10744 17066 W ProxyAndroidLoggerBackend: Too many Flogger logs received before configuration. Dropping old logs.
09-14 10:56:25.244 10744 15802 V [MYTAG][main][Device]: 603 dev is connected:true
09-14 10:56:25.245 10744 15802 V [MYTAG][main][CameraPreviewActivity]: rev msg1:264454
09-14 10:56:25.245 10744 15802 V [MYTAG][main][Device]: 603 dev is connected:true
09-14 10:56:25.245 10744 15802 V [MYTAG][main][CameraPreviewActivity]: rev msg1:589832
09-14 10:56:25.380 10744 16716 W ProxyAndroidLoggerBackend: Too many Flogger logs received before configuration. Dropping old logs.
09-14 10:56:25.381 10744 16716 I chatty  : uid=10291(com.vidure.app) identical 2 lines
09-14 10:56:25.381 10744 16716 W ProxyAndroidLoggerBackend: Too many Flogger logs received before configuration. Dropping old logs.
09-14 10:56:28.116 10744 15802 V [MYTAG][HeartbeatMgr][RemoteOptor]: ----
09-14 10:56:28.116 10744 15802 V [MYTAG][HeartbeatMgr][RemoteOptor]: [CMD]Basic_Msg_MailBox
09-14 10:56:28.116 10744 15802 V [MYTAG][HeartbeatMgr][RemoteOptor]: [PARAM]null
09-14 10:56:28.118 10744 15992 W System  : Ignoring header sessionid because its value was null.
09-14 10:56:28.118 10744 15992 I System.out: (HTTPLog)-Static: isSBSettingEnabled false
09-14 10:56:28.118 10744 15992 I System.out: (HTTPLog)-Static: isSBSettingEnabled false
09-14 10:56:28.119 10744 15802 V [MYTAG][HeartbeatMgr][HttpTransportLayer]: [HTTP SEND GET]
09-14 10:56:28.119 10744 15802 V [MYTAG][HeartbeatMgr][HttpTransportLayer]: 	 url:http://192.168.0.1:80/app/getparamvalue?param=rec
09-14 10:56:28.150 10744 15802 V [MYTAG][HeartbeatMgr][HttpTransportLayer]: [HTTP RSP]
09-14 10:56:28.150 10744 15802 V [MYTAG][HeartbeatMgr][HttpTransportLayer]: 	 errcode:0
09-14 10:56:28.150 10744 15802 V [MYTAG][HeartbeatMgr][HttpTransportLayer]: 	[content]{"result":0,"info":{"value":1}}
09-14 10:56:28.150 10744 15802 V [MYTAG][HeartbeatMgr][HttpTransportLayer]: -----------------------------------------
09-14 10:56:28.163 10744 15802 V [MYTAG][mail_tcp_socket][ViiSocketMailDataPhraser]: ------------mail---------------
09-14 10:56:28.163 10744 15802 V [MYTAG][mail_tcp_socket][ViiSocketMailDataPhraser]: {"msgid":"battery","info":{"capacity":70,"charge":0},"time":1757847387}
09-14 10:56:28.164 10744 15802 V [MYTAG][mail_tcp_socket][ViiSocketMailDataPhraser]: ------------mail---------------
09-14 10:56:28.164 10744 15802 V [MYTAG][mail_tcp_socket][ViiSocketMailDataPhraser]: {"msgid":"sd","info":{"status":0},"time":1757847387}
09-14 10:56:28.164 10744 15802 V [MYTAG][mail_tcp_socket][RemoteOptor]: ----
09-14 10:56:28.164 10744 15802 V [MYTAG][mail_tcp_socket][RemoteOptor]: [CMD]DEV_SDCARD_STATUS_QUERY
09-14 10:56:28.164 10744 15802 V [MYTAG][mail_tcp_socket][RemoteOptor]: [PARAM]null
09-14 10:56:28.165 10744 15991 W System  : Ignoring header sessionid because its value was null.
09-14 10:56:28.165 10744 15802 V [MYTAG][mail_tcp_socket][HttpTransportLayer]: [HTTP SEND GET]
09-14 10:56:28.165 10744 15802 V [MYTAG][mail_tcp_socket][HttpTransportLayer]: 	 url:http://192.168.0.1:80/app/getsdinfo
09-14 10:56:28.165 10744 15991 I System.out: (HTTPLog)-Static: isSBSettingEnabled false
09-14 10:56:28.165 10744 15991 I System.out: (HTTPLog)-Static: isSBSettingEnabled false
09-14 10:56:28.171 10744 15802 V [MYTAG][main][Device]: 603 dev is connected:true
09-14 10:56:28.193 10744 15802 V [MYTAG][mail_tcp_socket][HttpTransportLayer]: [HTTP RSP]
09-14 10:56:28.193 10744 15802 V [MYTAG][mail_tcp_socket][HttpTransportLayer]: 	 errcode:0
09-14 10:56:28.193 10744 15802 V [MYTAG][mail_tcp_socket][HttpTransportLayer]: 	[content]{"result":0,"info":{"status":0,"free":271,"total":1883}}
09-14 10:56:28.193 10744 15802 V [MYTAG][mail_tcp_socket][HttpTransportLayer]: -----------------------------------------
09-14 10:56:28.222 10744 10744 W ProxyAndroidLoggerBackend: Too many Flogger logs received before configuration. Dropping old logs.
09-14 10:56:28.224 10744 10744 W ProxyAndroidLoggerBackend: Too many Flogger logs received before configuration. Dropping old logs.
09-14 10:56:28.232 10744 10744 I chatty  : uid=10291(com.vidure.app) identical 5 lines
09-14 10:56:28.233 10744 10744 W ProxyAndroidLoggerBackend: Too many Flogger logs received before configuration. Dropping old logs.
09-14 10:56:28.246 10744 15802 V [MYTAG][main][Device]: 603 dev is connected:true
09-14 10:56:28.249 10744 15802 V [MYTAG][main][CameraPreviewActivity]: rev msg1:264454
09-14 10:56:28.250 10744 15802 V [MYTAG][main][Device]: 603 dev is connected:true
09-14 10:56:28.250 10744 15802 V [MYTAG][main][CameraPreviewActivity]: rev msg1:589832
09-14 10:56:31.175 10744 15802 V [MYTAG][mail_tcp_socket][ViiSocketMailDataPhraser]: ------------mail---------------
09-14 10:56:31.175 10744 15802 V [MYTAG][mail_tcp_socket][ViiSocketMailDataPhraser]: {"msgid":"battery","info":{"capacity":70,"charge":0},"time":1757847390}
09-14 10:56:31.177 10744 15802 V [MYTAG][mail_tcp_socket][ViiSocketMailDataPhraser]: ------------mail---------------
09-14 10:56:31.177 10744 15802 V [MYTAG][mail_tcp_socket][ViiSocketMailDataPhraser]: {"msgid":"sd","info":{"status":0},"time":1757847390}
09-14 10:56:31.177 10744 15802 V [MYTAG][mail_tcp_socket][RemoteOptor]: ----
09-14 10:56:31.177 10744 15802 V [MYTAG][mail_tcp_socket][RemoteOptor]: [CMD]DEV_SDCARD_STATUS_QUERY
09-14 10:56:31.177 10744 15802 V [MYTAG][mail_tcp_socket][RemoteOptor]: [PARAM]null
09-14 10:56:31.178 10744 15802 V [MYTAG][mail_tcp_socket][HttpTransportLayer]: [HTTP SEND GET]
09-14 10:56:31.178 10744 15802 V [MYTAG][mail_tcp_socket][HttpTransportLayer]: 	 url:http://192.168.0.1:80/app/getsdinfo
09-14 10:56:31.178 10744 15991 W System  : Ignoring header sessionid because its value was null.
09-14 10:56:31.179 10744 15991 I System.out: (HTTPLog)-Static: isSBSettingEnabled false
09-14 10:56:31.179 10744 15991 I System.out: (HTTPLog)-Static: isSBSettingEnabled false
09-14 10:56:31.198 10744 15802 V [MYTAG][main][Device]: 603 dev is connected:true
09-14 10:56:31.223 10744 15802 V [MYTAG][mail_tcp_socket][HttpTransportLayer]: [HTTP RSP]
09-14 10:56:31.223 10744 15802 V [MYTAG][mail_tcp_socket][HttpTransportLayer]: 	 errcode:0
09-14 10:56:31.223 10744 15802 V [MYTAG][mail_tcp_socket][HttpTransportLayer]: 	[content]{"result":0,"info":{"status":0,"free":267,"total":1883}}
09-14 10:56:31.223 10744 15802 V [MYTAG][mail_tcp_socket][HttpTransportLayer]: -----------------------------------------
09-14 10:56:31.229 10744 10744 W ProxyAndroidLoggerBackend: Too many Flogger logs received before configuration. Dropping old logs.
09-14 10:56:31.238 10744 10744 I chatty  : uid=10291(com.vidure.app) identical 6 lines
09-14 10:56:31.239 10744 10744 W ProxyAndroidLoggerBackend: Too many Flogger logs received before configuration. Dropping old logs.
09-14 10:56:31.256 10744 15802 V [MYTAG][main][Device]: 603 dev is connected:true
09-14 10:56:31.258 10744 15802 V [MYTAG][main][CameraPreviewActivity]: rev msg1:264454
09-14 10:56:31.258 10744 15802 V [MYTAG][main][Device]: 603 dev is connected:true
09-14 10:56:31.258 10744 15802 V [MYTAG][main][CameraPreviewActivity]: rev msg1:589832
09-14 10:56:32.116 10744 15802 V [MYTAG][HeartbeatMgr][RemoteOptor]: ----
09-14 10:56:32.116 10744 15802 V [MYTAG][HeartbeatMgr][RemoteOptor]: [CMD]Basic_Msg_MailBox
09-14 10:56:32.116 10744 15802 V [MYTAG][HeartbeatMgr][RemoteOptor]: [PARAM]null
09-14 10:56:32.117 10744 15992 W System  : Ignoring header sessionid because its value was null.
09-14 10:56:32.117 10744 15802 V [MYTAG][HeartbeatMgr][HttpTransportLayer]: [HTTP SEND GET]
09-14 10:56:32.117 10744 15802 V [MYTAG][HeartbeatMgr][HttpTransportLayer]: 	 url:http://192.168.0.1:80/app/getparamvalue?param=rec
09-14 10:56:32.118 10744 15992 I System.out: (HTTPLog)-Static: isSBSettingEnabled false
09-14 10:56:32.118 10744 15992 I System.out: (HTTPLog)-Static: isSBSettingEnabled false
09-14 10:56:32.151 10744 15802 V [MYTAG][HeartbeatMgr][HttpTransportLayer]: [HTTP RSP]
09-14 10:56:32.151 10744 15802 V [MYTAG][HeartbeatMgr][HttpTransportLayer]: 	 errcode:0
09-14 10:56:32.151 10744 15802 V [MYTAG][HeartbeatMgr][HttpTransportLayer]: 	[content]{"result":0,"info":{"value":1}}
09-14 10:56:32.151 10744 15802 V [MYTAG][HeartbeatMgr][HttpTransportLayer]: -----------------------------------------
09-14 10:56:32.802 10744 17070 W ProxyAndroidLoggerBackend: Too many Flogger logs received before configuration. Dropping old logs.
09-14 10:56:32.803 10744 17070 I chatty  : uid=10291(com.vidure.app) identical 3 lines
09-14 10:56:32.804 10744 17070 W ProxyAndroidLoggerBackend: Too many Flogger logs received before configuration. Dropping old logs.
09-14 10:56:34.183 10744 15802 V [MYTAG][mail_tcp_socket][ViiSocketMailDataPhraser]: ------------mail---------------
09-14 10:56:34.183 10744 15802 V [MYTAG][mail_tcp_socket][ViiSocketMailDataPhraser]: {"msgid":"battery","info":{"capacity":70,"charge":0},"time":1757847393}
09-14 10:56:34.185 10744 15802 V [MYTAG][mail_tcp_socket][ViiSocketMailDataPhraser]: ------------mail---------------
09-14 10:56:34.185 10744 15802 V [MYTAG][mail_tcp_socket][ViiSocketMailDataPhraser]: {"msgid":"sd","info":{"status":0},"time":1757847393}
09-14 10:56:34.186 10744 15991 W System  : Ignoring header sessionid because its value was null.
09-14 10:56:34.186 10744 15802 V [MYTAG][mail_tcp_socket][RemoteOptor]: ----
09-14 10:56:34.186 10744 15802 V [MYTAG][mail_tcp_socket][RemoteOptor]: [CMD]DEV_SDCARD_STATUS_QUERY
09-14 10:56:34.186 10744 15802 V [MYTAG][mail_tcp_socket][RemoteOptor]: [PARAM]null
09-14 10:56:34.186 10744 15802 V [MYTAG][mail_tcp_socket][HttpTransportLayer]: [HTTP SEND GET]
09-14 10:56:34.186 10744 15802 V [MYTAG][mail_tcp_socket][HttpTransportLayer]: 	 url:http://192.168.0.1:80/app/getsdinfo
09-14 10:56:34.187 10744 15991 I System.out: (HTTPLog)-Static: isSBSettingEnabled false
09-14 10:56:34.187 10744 15991 I System.out: (HTTPLog)-Static: isSBSettingEnabled false
09-14 10:56:34.193 10744 15802 V [MYTAG][main][Device]: 603 dev is connected:true
09-14 10:56:34.222 10744 15802 V [MYTAG][mail_tcp_socket][HttpTransportLayer]: [HTTP RSP]
09-14 10:56:34.222 10744 15802 V [MYTAG][mail_tcp_socket][HttpTransportLayer]: 	 errcode:0
09-14 10:56:34.222 10744 15802 V [MYTAG][mail_tcp_socket][HttpTransportLayer]: 	[content]{"result":0,"info":{"status":0,"free":263,"total":1883}}
09-14 10:56:34.222 10744 15802 V [MYTAG][mail_tcp_socket][HttpTransportLayer]: -----------------------------------------
09-14 10:56:34.265 10744 10744 W ProxyAndroidLoggerBackend: Too many Flogger logs received before configuration. Dropping old logs.
09-14 10:56:34.270 10744 10744 I chatty  : uid=10291(com.vidure.app) identical 2 lines
09-14 10:56:34.270 10744 10744 W ProxyAndroidLoggerBackend: Too many Flogger logs received before configuration. Dropping old logs.
09-14 10:56:34.271 10744 17066 W ProxyAndroidLoggerBackend: Too many Flogger logs received before configuration. Dropping old logs.
09-14 10:56:34.271 10744 17066 W ProxyAndroidLoggerBackend: Too many Flogger logs received before configuration. Dropping old logs.
09-14 10:56:34.271 10744 16716 W ProxyAndroidLoggerBackend: Too many Flogger logs received before configuration. Dropping old logs.
09-14 10:56:34.271 10744 17066 W ProxyAndroidLoggerBackend: Too many Flogger logs received before configuration. Dropping old logs.
09-14 10:56:34.274 10744 10744 W ProxyAndroidLoggerBackend: Too many Flogger logs received before configuration. Dropping old logs.
09-14 10:56:34.275 10744 10744 I chatty  : uid=10291(com.vidure.app) identical 2 lines
09-14 10:56:34.276 10744 10744 W ProxyAndroidLoggerBackend: Too many Flogger logs received before configuration. Dropping old logs.
09-14 10:56:34.288 10744 15802 V [MYTAG][main][Device]: 603 dev is connected:true
09-14 10:56:34.292 10744 15802 V [MYTAG][main][CameraPreviewActivity]: rev msg1:264454
09-14 10:56:34.294 10744 15802 V [MYTAG][main][Device]: 603 dev is connected:true
09-14 10:56:34.294 10744 15802 V [MYTAG][main][CameraPreviewActivity]: rev msg1:589832
09-14 10:56:34.364 10744 17066 W ProxyAndroidLoggerBackend: Too many Flogger logs received before configuration. Dropping old logs.
09-14 10:56:34.365 10744 17066 I chatty  : uid=10291(com.vidure.app) identical 2 lines
09-14 10:56:34.365 10744 17066 W ProxyAndroidLoggerBackend: Too many Flogger logs received before configuration. Dropping old logs.
09-14 10:56:36.116 10744 15802 V [MYTAG][HeartbeatMgr][RemoteOptor]: ----
09-14 10:56:36.116 10744 15802 V [MYTAG][HeartbeatMgr][RemoteOptor]: [CMD]Basic_Msg_MailBox
09-14 10:56:36.116 10744 15802 V [MYTAG][HeartbeatMgr][RemoteOptor]: [PARAM]null
09-14 10:56:36.117 10744 15992 W System  : Ignoring header sessionid because its value was null.
09-14 10:56:36.118 10744 15992 I System.out: (HTTPLog)-Static: isSBSettingEnabled false
09-14 10:56:36.118 10744 15992 I System.out: (HTTPLog)-Static: isSBSettingEnabled false
09-14 10:56:36.120 10744 15802 V [MYTAG][HeartbeatMgr][HttpTransportLayer]: [HTTP SEND GET]
09-14 10:56:36.120 10744 15802 V [MYTAG][HeartbeatMgr][HttpTransportLayer]: 	 url:http://192.168.0.1:80/app/getparamvalue?param=rec
09-14 10:56:36.149 10744 15802 V [MYTAG][HeartbeatMgr][HttpTransportLayer]: [HTTP RSP]
09-14 10:56:36.149 10744 15802 V [MYTAG][HeartbeatMgr][HttpTransportLayer]: 	 errcode:0
09-14 10:56:36.149 10744 15802 V [MYTAG][HeartbeatMgr][HttpTransportLayer]: 	[content]{"result":0,"info":{"value":1}}
09-14 10:56:36.149 10744 15802 V [MYTAG][HeartbeatMgr][HttpTransportLayer]: -----------------------------------------
09-14 10:56:37.194 10744 15802 V [MYTAG][mail_tcp_socket][ViiSocketMailDataPhraser]: ------------mail---------------
09-14 10:56:37.194 10744 15802 V [MYTAG][mail_tcp_socket][ViiSocketMailDataPhraser]: {"msgid":"battery","info":{"capacity":70,"charge":0},"time":1757847396}
09-14 10:56:37.197 10744 15802 V [MYTAG][mail_tcp_socket][ViiSocketMailDataPhraser]: ------------mail---------------
09-14 10:56:37.197 10744 15802 V [MYTAG][mail_tcp_socket][ViiSocketMailDataPhraser]: {"msgid":"sd","info":{"status":0},"time":1757847396}
09-14 10:56:37.198 10744 15991 W System  : Ignoring header sessionid because its value was null.
09-14 10:56:37.198 10744 15802 V [MYTAG][mail_tcp_socket][RemoteOptor]: ----
