09-14 11:09:55.083 13162 13162 W ProxyAndroidLoggerBackend: Too many Flogger logs received before configuration. Dropping old logs.
09-14 11:09:55.095 13162 13162 I chatty  : uid=10291(com.vidure.app) identical 6 lines
09-14 11:09:55.097 13162 13162 W ProxyAndroidLoggerBackend: Too many Flogger logs received before configuration. Dropping old logs.
09-14 11:09:55.107 13162 17877 V [MYTAG][main][Device]: 603 dev is connected:true
09-14 11:09:55.110 13162 17877 V [MYTAG][main][CameraPreviewActivity]: rev msg1:264454
09-14 11:09:55.111 13162 17877 V [MYTAG][main][Device]: 603 dev is connected:true
09-14 11:09:55.111 13162 17877 V [MYTAG][main][CameraPreviewActivity]: rev msg1:589832
09-14 11:09:55.117 13162 19357 W ProxyAndroidLoggerBackend: Too many Flogger logs received before configuration. Dropping old logs.
09-14 11:09:55.117 13162 19357 W ProxyAndroidLoggerBackend: Too many Flogger logs received before configuration. Dropping old logs.
09-14 11:09:55.117 13162 19359 W ProxyAndroidLoggerBackend: Too many Flogger logs received before configuration. Dropping old logs.
09-14 11:09:55.181 13162 19359 I chatty  : uid=10291(com.vidure.app) identical 2 lines
09-14 11:09:55.181 13162 19359 W ProxyAndroidLoggerBackend: Too many Flogger logs received before configuration. Dropping old logs.
09-14 11:09:57.997 13162 17877 V [MYTAG][mail_tcp_socket][ViiSocketMailDataPhraser]: ------------mail---------------
09-14 11:09:57.997 13162 17877 V [MYTAG][mail_tcp_socket][ViiSocketMailDataPhraser]: {"msgid":"battery","info":{"capacity":60,"charge":0},"time":1757848197}
09-14 11:09:58.001 13162 17877 V [MYTAG][mail_tcp_socket][ViiSocketMailDataPhraser]: ------------mail---------------
09-14 11:09:58.001 13162 17877 V [MYTAG][mail_tcp_socket][ViiSocketMailDataPhraser]: {"msgid":"sd","info":{"status":0},"time":1757848197}
09-14 11:09:58.002 13162 17877 V [MYTAG][mail_tcp_socket][RemoteOptor]: ----
09-14 11:09:58.002 13162 17877 V [MYTAG][mail_tcp_socket][RemoteOptor]: [CMD]DEV_SDCARD_STATUS_QUERY
09-14 11:09:58.002 13162 17877 V [MYTAG][mail_tcp_socket][RemoteOptor]: [PARAM]null
09-14 11:09:58.003 13162 18059 W System  : Ignoring header sessionid because its value was null.
09-14 11:09:58.003 13162 17877 V [MYTAG][mail_tcp_socket][HttpTransportLayer]: [HTTP SEND GET]
09-14 11:09:58.003 13162 17877 V [MYTAG][mail_tcp_socket][HttpTransportLayer]: 	 url:http://192.168.0.1:80/app/getsdinfo
09-14 11:09:58.004 13162 18059 I System.out: (HTTPLog)-Static: isSBSettingEnabled false
09-14 11:09:58.004 13162 18059 I System.out: (HTTPLog)-Static: isSBSettingEnabled false
09-14 11:09:58.023 13162 17877 V [MYTAG][main][Device]: 603 dev is connected:true
09-14 11:09:58.046 13162 17877 V [MYTAG][HeartbeatMgr][RemoteOptor]: ----
09-14 11:09:58.046 13162 17877 V [MYTAG][HeartbeatMgr][RemoteOptor]: [CMD]Basic_Msg_MailBox
09-14 11:09:58.046 13162 17877 V [MYTAG][HeartbeatMgr][RemoteOptor]: [PARAM]null
09-14 11:09:58.058 13162 17877 V [MYTAG][mail_tcp_socket][HttpTransportLayer]: [HTTP RSP]
09-14 11:09:58.058 13162 17877 V [MYTAG][mail_tcp_socket][HttpTransportLayer]: 	 errcode:0
09-14 11:09:58.058 13162 17877 V [MYTAG][mail_tcp_socket][HttpTransportLayer]: 	[content]{"result":0,"info":{"status":0,"free":309,"total":1883}}
09-14 11:09:58.058 13162 17877 V [MYTAG][mail_tcp_socket][HttpTransportLayer]: -----------------------------------------
09-14 11:09:58.059 13162 18060 W System  : Ignoring header sessionid because its value was null.
09-14 11:09:58.059 13162 18060 I System.out: (HTTPLog)-Static: isSBSettingEnabled false
09-14 11:09:58.059 13162 18060 I System.out: (HTTPLog)-Static: isSBSettingEnabled false
09-14 11:09:58.060 13162 17877 V [MYTAG][HeartbeatMgr][HttpTransportLayer]: [HTTP SEND GET]
09-14 11:09:58.060 13162 17877 V [MYTAG][HeartbeatMgr][HttpTransportLayer]: 	 url:http://192.168.0.1:80/app/getparamvalue?param=rec
09-14 11:09:58.089 13162 17877 V [MYTAG][HeartbeatMgr][HttpTransportLayer]: [HTTP RSP]
09-14 11:09:58.089 13162 17877 V [MYTAG][HeartbeatMgr][HttpTransportLayer]: 	 errcode:0
09-14 11:09:58.089 13162 17877 V [MYTAG][HeartbeatMgr][HttpTransportLayer]: 	[content]{"result":0,"info":{"value":1}}
09-14 11:09:58.089 13162 17877 V [MYTAG][HeartbeatMgr][HttpTransportLayer]: -----------------------------------------
09-14 11:09:58.091 13162 13162 W ProxyAndroidLoggerBackend: Too many Flogger logs received before configuration. Dropping old logs.
09-14 11:09:58.099 13162 13162 I chatty  : uid=10291(com.vidure.app) identical 6 lines
09-14 11:09:58.100 13162 13162 W ProxyAndroidLoggerBackend: Too many Flogger logs received before configuration. Dropping old logs.
09-14 11:09:58.110 13162 19520 W ProxyAndroidLoggerBackend: Too many Flogger logs received before configuration. Dropping old logs.
09-14 11:09:58.116 13162 17877 V [MYTAG][main][Device]: 603 dev is connected:true
09-14 11:09:58.118 13162 17877 V [MYTAG][main][CameraPreviewActivity]: rev msg1:264454
09-14 11:09:58.119 13162 17877 V [MYTAG][main][Device]: 603 dev is connected:true
09-14 11:09:58.119 13162 17877 V [MYTAG][main][CameraPreviewActivity]: rev msg1:589832
09-14 11:09:59.896 13162 17877 D [MYTAG][main][SystemLocationClientImpl]: 当前信号强度: 1
09-14 11:10:01.006 13162 17877 V [MYTAG][mail_tcp_socket][ViiSocketMailDataPhraser]: ------------mail---------------
09-14 11:10:01.006 13162 17877 V [MYTAG][mail_tcp_socket][ViiSocketMailDataPhraser]: {"msgid":"battery","info":{"capacity":60,"charge":0},"time":1757848200}
09-14 11:10:01.007 13162 18059 W System  : Ignoring header sessionid because its value was null.
09-14 11:10:01.008 13162 18059 I System.out: (HTTPLog)-Static: isSBSettingEnabled false
09-14 11:10:01.008 13162 18059 I System.out: (HTTPLog)-Static: isSBSettingEnabled false
09-14 11:10:01.011 13162 17877 V [MYTAG][mail_tcp_socket][ViiSocketMailDataPhraser]: ------------mail---------------
09-14 11:10:01.011 13162 17877 V [MYTAG][mail_tcp_socket][ViiSocketMailDataPhraser]: {"msgid":"sd","info":{"status":0},"time":1757848200}
09-14 11:10:01.011 13162 17877 V [MYTAG][mail_tcp_socket][RemoteOptor]: ----
09-14 11:10:01.011 13162 17877 V [MYTAG][mail_tcp_socket][RemoteOptor]: [CMD]DEV_SDCARD_STATUS_QUERY
09-14 11:10:01.011 13162 17877 V [MYTAG][mail_tcp_socket][RemoteOptor]: [PARAM]null
09-14 11:10:01.011 13162 17877 V [MYTAG][mail_tcp_socket][HttpTransportLayer]: [HTTP SEND GET]
09-14 11:10:01.011 13162 17877 V [MYTAG][mail_tcp_socket][HttpTransportLayer]: 	 url:http://192.168.0.1:80/app/getsdinfo
09-14 11:10:01.018 13162 17877 V [MYTAG][main][Device]: 603 dev is connected:true
09-14 11:10:01.032 13162 17877 V [MYTAG][mail_tcp_socket][HttpTransportLayer]: [HTTP RSP]
09-14 11:10:01.032 13162 17877 V [MYTAG][mail_tcp_socket][HttpTransportLayer]: 	 errcode:0
09-14 11:10:01.032 13162 17877 V [MYTAG][mail_tcp_socket][HttpTransportLayer]: 	[content]{"result":0,"info":{"status":0,"free":305,"total":1883}}
09-14 11:10:01.032 13162 17877 V [MYTAG][mail_tcp_socket][HttpTransportLayer]: -----------------------------------------
09-14 11:10:01.053 13162 13162 W ProxyAndroidLoggerBackend: Too many Flogger logs received before configuration. Dropping old logs.
09-14 11:10:01.063 13162 13162 I chatty  : uid=10291(com.vidure.app) identical 6 lines
09-14 11:10:01.064 13162 13162 W ProxyAndroidLoggerBackend: Too many Flogger logs received before configuration. Dropping old logs.
09-14 11:10:01.073 13162 17877 V [MYTAG][main][Device]: 603 dev is connected:true
09-14 11:10:01.077 13162 17877 V [MYTAG][main][CameraPreviewActivity]: rev msg1:264454
09-14 11:10:01.077 13162 17877 V [MYTAG][main][Device]: 603 dev is connected:true
09-14 11:10:01.078 13162 17877 V [MYTAG][main][CameraPreviewActivity]: rev msg1:589832
09-14 11:10:02.047 13162 17877 V [MYTAG][HeartbeatMgr][RemoteOptor]: ----
09-14 11:10:02.047 13162 17877 V [MYTAG][HeartbeatMgr][RemoteOptor]: [CMD]Basic_Msg_MailBox
09-14 11:10:02.047 13162 17877 V [MYTAG][HeartbeatMgr][RemoteOptor]: [PARAM]null
09-14 11:10:02.048 13162 18060 W System  : Ignoring header sessionid because its value was null.
09-14 11:10:02.049 13162 17877 V [MYTAG][HeartbeatMgr][HttpTransportLayer]: [HTTP SEND GET]
09-14 11:10:02.049 13162 17877 V [MYTAG][HeartbeatMgr][HttpTransportLayer]: 	 url:http://192.168.0.1:80/app/getparamvalue?param=rec
09-14 11:10:02.049 13162 18060 I System.out: (HTTPLog)-Static: isSBSettingEnabled false
09-14 11:10:02.050 13162 18060 I System.out: (HTTPLog)-Static: isSBSettingEnabled false
09-14 11:10:02.087 13162 17877 V [MYTAG][HeartbeatMgr][HttpTransportLayer]: [HTTP RSP]
09-14 11:10:02.087 13162 17877 V [MYTAG][HeartbeatMgr][HttpTransportLayer]: 	 errcode:0
09-14 11:10:02.087 13162 17877 V [MYTAG][HeartbeatMgr][HttpTransportLayer]: 	[content]{"result":0,"info":{"value":1}}
09-14 11:10:02.087 13162 17877 V [MYTAG][HeartbeatMgr][HttpTransportLayer]: -----------------------------------------
09-14 11:10:04.018 13162 17877 V [MYTAG][mail_tcp_socket][ViiSocketMailDataPhraser]: ------------mail---------------
09-14 11:10:04.018 13162 17877 V [MYTAG][mail_tcp_socket][ViiSocketMailDataPhraser]: {"msgid":"battery","info":{"capacity":60,"charge":0},"time":1757848203}
09-14 11:10:04.022 13162 18059 W System  : Ignoring header sessionid because its value was null.
09-14 11:10:04.022 13162 17877 V [MYTAG][mail_tcp_socket][ViiSocketMailDataPhraser]: ------------mail---------------
09-14 11:10:04.022 13162 17877 V [MYTAG][mail_tcp_socket][ViiSocketMailDataPhraser]: {"msgid":"sd","info":{"status":0},"time":1757848203}
09-14 11:10:04.023 13162 17877 V [MYTAG][mail_tcp_socket][RemoteOptor]: ----
09-14 11:10:04.023 13162 17877 V [MYTAG][mail_tcp_socket][RemoteOptor]: [CMD]DEV_SDCARD_STATUS_QUERY
09-14 11:10:04.023 13162 17877 V [MYTAG][mail_tcp_socket][RemoteOptor]: [PARAM]null
09-14 11:10:04.023 13162 17877 V [MYTAG][mail_tcp_socket][HttpTransportLayer]: [HTTP SEND GET]
09-14 11:10:04.023 13162 17877 V [MYTAG][mail_tcp_socket][HttpTransportLayer]: 	 url:http://192.168.0.1:80/app/getsdinfo
09-14 11:10:04.023 13162 18059 I System.out: (HTTPLog)-Static: isSBSettingEnabled false
09-14 11:10:04.023 13162 18059 I System.out: (HTTPLog)-Static: isSBSettingEnabled false
09-14 11:10:04.029 13162 17877 V [MYTAG][main][Device]: 603 dev is connected:true
09-14 11:10:04.059 13162 13162 W ProxyAndroidLoggerBackend: Too many Flogger logs received before configuration. Dropping old logs.
09-14 11:10:04.059 13162 17877 V [MYTAG][mail_tcp_socket][HttpTransportLayer]: [HTTP RSP]
09-14 11:10:04.059 13162 17877 V [MYTAG][mail_tcp_socket][HttpTransportLayer]: 	 errcode:0
09-14 11:10:04.059 13162 17877 V [MYTAG][mail_tcp_socket][HttpTransportLayer]: 	[content]{"result":0,"info":{"status":0,"free":301,"total":1883}}
09-14 11:10:04.059 13162 17877 V [MYTAG][mail_tcp_socket][HttpTransportLayer]: -----------------------------------------
09-14 11:10:04.061 13162 13162 W ProxyAndroidLoggerBackend: Too many Flogger logs received before configuration. Dropping old logs.
09-14 11:10:04.068 13162 13162 I chatty  : uid=10291(com.vidure.app) identical 5 lines
09-14 11:10:04.069 13162 13162 W ProxyAndroidLoggerBackend: Too many Flogger logs received before configuration. Dropping old logs.
09-14 11:10:04.081 13162 17877 V [MYTAG][main][Device]: 603 dev is connected:true
09-14 11:10:04.082 13162 17877 V [MYTAG][main][CameraPreviewActivity]: rev msg1:264454
09-14 11:10:04.083 13162 17877 V [MYTAG][main][Device]: 603 dev is connected:true
09-14 11:10:04.083 13162 17877 V [MYTAG][main][CameraPreviewActivity]: rev msg1:589832
09-14 11:10:04.124 13162 19616 W ProxyAndroidLoggerBackend: Too many Flogger logs received before configuration. Dropping old logs.
09-14 11:10:04.124 13162 19616 W ProxyAndroidLoggerBackend: Too many Flogger logs received before configuration. Dropping old logs.
09-14 11:10:04.125 13162 19615 W ProxyAndroidLoggerBackend: Too many Flogger logs received before configuration. Dropping old logs.
09-14 11:10:06.047 13162 17877 V [MYTAG][HeartbeatMgr][RemoteOptor]: ----
09-14 11:10:06.047 13162 17877 V [MYTAG][HeartbeatMgr][RemoteOptor]: [CMD]Basic_Msg_MailBox
09-14 11:10:06.047 13162 17877 V [MYTAG][HeartbeatMgr][RemoteOptor]: [PARAM]null
09-14 11:10:06.048 13162 17877 V [MYTAG][HeartbeatMgr][HttpTransportLayer]: [HTTP SEND GET]
09-14 11:10:06.048 13162 17877 V [MYTAG][HeartbeatMgr][HttpTransportLayer]: 	 url:http://192.168.0.1:80/app/getparamvalue?param=rec
09-14 11:10:06.048 13162 18060 W System  : Ignoring header sessionid because its value was null.
09-14 11:10:06.048 13162 18060 I System.out: (HTTPLog)-Static: isSBSettingEnabled false
09-14 11:10:06.048 13162 18060 I System.out: (HTTPLog)-Static: isSBSettingEnabled false
09-14 11:10:06.087 13162 17877 V [MYTAG][HeartbeatMgr][HttpTransportLayer]: [HTTP RSP]
09-14 11:10:06.087 13162 17877 V [MYTAG][HeartbeatMgr][HttpTransportLayer]: 	 errcode:0
09-14 11:10:06.087 13162 17877 V [MYTAG][HeartbeatMgr][HttpTransportLayer]: 	[content]{"result":0,"info":{"value":1}}
09-14 11:10:06.087 13162 17877 V [MYTAG][HeartbeatMgr][HttpTransportLayer]: -----------------------------------------
09-14 11:10:07.026 13162 17877 V [MYTAG][mail_tcp_socket][ViiSocketMailDataPhraser]: ------------mail---------------
09-14 11:10:07.026 13162 17877 V [MYTAG][mail_tcp_socket][ViiSocketMailDataPhraser]: {"msgid":"battery","info":{"capacity":60,"charge":0},"time":1757848206}
09-14 11:10:07.034 13162 17877 V [MYTAG][mail_tcp_socket][ViiSocketMailDataPhraser]: ------------mail---------------
09-14 11:10:07.034 13162 17877 V [MYTAG][mail_tcp_socket][ViiSocketMailDataPhraser]: {"msgid":"sd","info":{"status":0},"time":1757848206}
09-14 11:10:07.035 13162 17877 V [MYTAG][mail_tcp_socket][RemoteOptor]: ----
09-14 11:10:07.035 13162 17877 V [MYTAG][mail_tcp_socket][RemoteOptor]: [CMD]DEV_SDCARD_STATUS_QUERY
09-14 11:10:07.035 13162 17877 V [MYTAG][mail_tcp_socket][RemoteOptor]: [PARAM]null
09-14 11:10:07.035 13162 17877 V [MYTAG][mail_tcp_socket][HttpTransportLayer]: [HTTP SEND GET]
09-14 11:10:07.035 13162 17877 V [MYTAG][mail_tcp_socket][HttpTransportLayer]: 	 url:http://192.168.0.1:80/app/getsdinfo
09-14 11:10:07.035 13162 18059 W System  : Ignoring header sessionid because its value was null.
09-14 11:10:07.036 13162 18059 I System.out: (HTTPLog)-Static: isSBSettingEnabled false
09-14 11:10:07.036 13162 18059 I System.out: (HTTPLog)-Static: isSBSettingEnabled false
09-14 11:10:07.037 13162 17877 V [MYTAG][main][Device]: 603 dev is connected:true
09-14 11:10:07.064 13162 17877 V [MYTAG][mail_tcp_socket][HttpTransportLayer]: [HTTP RSP]
09-14 11:10:07.064 13162 17877 V [MYTAG][mail_tcp_socket][HttpTransportLayer]: 	 errcode:0
09-14 11:10:07.064 13162 17877 V [MYTAG][mail_tcp_socket][HttpTransportLayer]: 	[content]{"result":0,"info":{"status":0,"free":298,"total":1883}}
09-14 11:10:07.064 13162 17877 V [MYTAG][mail_tcp_socket][HttpTransportLayer]: -----------------------------------------
09-14 11:10:07.105 13162 13162 W ProxyAndroidLoggerBackend: Too many Flogger logs received before configuration. Dropping old logs.
09-14 11:10:07.112 13162 13162 I chatty  : uid=10291(com.vidure.app) identical 6 lines
09-14 11:10:07.114 13162 13162 W ProxyAndroidLoggerBackend: Too many Flogger logs received before configuration. Dropping old logs.
09-14 11:10:07.127 13162 17877 V [MYTAG][main][Device]: 603 dev is connected:true
09-14 11:10:07.131 13162 17877 V [MYTAG][main][CameraPreviewActivity]: rev msg1:264454
09-14 11:10:07.132 13162 17877 V [MYTAG][main][Device]: 603 dev is connected:true
09-14 11:10:07.132 13162 17877 V [MYTAG][main][CameraPreviewActivity]: rev msg1:589832
09-14 11:10:10.005 13162 19615 W ProxyAndroidLoggerBackend: Too many Flogger logs received before configuration. Dropping old logs.
09-14 11:10:10.006 13162 19615 I chatty  : uid=10291(com.vidure.app) identical 1 line
09-14 11:10:10.008 13162 19615 W ProxyAndroidLoggerBackend: Too many Flogger logs received before configuration. Dropping old logs.
09-14 11:10:10.037 13162 17877 V [MYTAG][mail_tcp_socket][ViiSocketMailDataPhraser]: ------------mail---------------
09-14 11:10:10.037 13162 17877 V [MYTAG][mail_tcp_socket][ViiSocketMailDataPhraser]: {"msgid":"battery","info":{"capacity":60,"charge":0},"time":1757848209}
09-14 11:10:10.039 13162 18059 W System  : Ignoring header sessionid because its value was null.
09-14 11:10:10.039 13162 17877 V [MYTAG][mail_tcp_socket][ViiSocketMailDataPhraser]: ------------mail---------------
09-14 11:10:10.039 13162 17877 V [MYTAG][mail_tcp_socket][ViiSocketMailDataPhraser]: {"msgid":"sd","info":{"status":0},"time":1757848209}
09-14 11:10:10.040 13162 17877 V [MYTAG][mail_tcp_socket][RemoteOptor]: ----
09-14 11:10:10.040 13162 17877 V [MYTAG][mail_tcp_socket][RemoteOptor]: [CMD]DEV_SDCARD_STATUS_QUERY
09-14 11:10:10.040 13162 17877 V [MYTAG][mail_tcp_socket][RemoteOptor]: [PARAM]null
09-14 11:10:10.040 13162 17877 V [MYTAG][mail_tcp_socket][HttpTransportLayer]: [HTTP SEND GET]
09-14 11:10:10.040 13162 17877 V [MYTAG][mail_tcp_socket][HttpTransportLayer]: 	 url:http://192.168.0.1:80/app/getsdinfo
09-14 11:10:10.040 13162 18059 I System.out: (HTTPLog)-Static: isSBSettingEnabled false
09-14 11:10:10.040 13162 18059 I System.out: (HTTPLog)-Static: isSBSettingEnabled false
09-14 11:10:10.044 13162 17877 V [MYTAG][main][Device]: 603 dev is connected:true
09-14 11:10:10.047 13162 17877 V [MYTAG][HeartbeatMgr][RemoteOptor]: ----
09-14 11:10:10.047 13162 17877 V [MYTAG][HeartbeatMgr][RemoteOptor]: [CMD]Basic_Msg_MailBox
09-14 11:10:10.047 13162 17877 V [MYTAG][HeartbeatMgr][RemoteOptor]: [PARAM]null
09-14 11:10:10.062 13162 17877 V [MYTAG][mail_tcp_socket][HttpTransportLayer]: [HTTP RSP]
09-14 11:10:10.062 13162 17877 V [MYTAG][mail_tcp_socket][HttpTransportLayer]: 	 errcode:0
09-14 11:10:10.062 13162 17877 V [MYTAG][mail_tcp_socket][HttpTransportLayer]: 	[content]{"result":0,"info":{"status":0,"free":294,"total":1883}}
09-14 11:10:10.062 13162 17877 V [MYTAG][mail_tcp_socket][HttpTransportLayer]: -----------------------------------------
09-14 11:10:10.062 13162 18060 W System  : Ignoring header sessionid because its value was null.
09-14 11:10:10.063 13162 18060 I System.out: (HTTPLog)-Static: isSBSettingEnabled false
09-14 11:10:10.063 13162 18060 I System.out: (HTTPLog)-Static: isSBSettingEnabled false
09-14 11:10:10.063 13162 17877 V [MYTAG][HeartbeatMgr][HttpTransportLayer]: [HTTP SEND GET]
09-14 11:10:10.063 13162 17877 V [MYTAG][HeartbeatMgr][HttpTransportLayer]: 	 url:http://192.168.0.1:80/app/getparamvalue?param=rec
09-14 11:10:10.076 13162 13162 W ProxyAndroidLoggerBackend: Too many Flogger logs received before configuration. Dropping old logs.
09-14 11:10:10.087 13162 13162 I chatty  : uid=10291(com.vidure.app) identical 6 lines
09-14 11:10:10.088 13162 13162 W ProxyAndroidLoggerBackend: Too many Flogger logs received before configuration. Dropping old logs.
09-14 11:10:10.091 13162 17877 V [MYTAG][HeartbeatMgr][HttpTransportLayer]: [HTTP RSP]
09-14 11:10:10.091 13162 17877 V [MYTAG][HeartbeatMgr][HttpTransportLayer]: 	 errcode:0
09-14 11:10:10.091 13162 17877 V [MYTAG][HeartbeatMgr][HttpTransportLayer]: 	[content]{"result":0,"info":{"value":1}}
09-14 11:10:10.091 13162 17877 V [MYTAG][HeartbeatMgr][HttpTransportLayer]: -----------------------------------------
09-14 11:10:10.099 13162 17877 V [MYTAG][main][Device]: 603 dev is connected:true
09-14 11:10:10.103 13162 17877 V [MYTAG][main][CameraPreviewActivity]: rev msg1:264454
09-14 11:10:10.103 13162 17877 V [MYTAG][main][Device]: 603 dev is connected:true
09-14 11:10:10.103 13162 17877 V [MYTAG][main][CameraPreviewActivity]: rev msg1:589832
09-14 11:10:10.127 13162 19357 W ProxyAndroidLoggerBackend: Too many Flogger logs received before configuration. Dropping old logs.
09-14 11:10:10.127 13162 19357 W ProxyAndroidLoggerBackend: Too many Flogger logs received before configuration. Dropping old logs.
09-14 11:10:10.128 13162 19616 W ProxyAndroidLoggerBackend: Too many Flogger logs received before configuration. Dropping old logs.
09-14 11:10:13.047 13162 17877 V [MYTAG][mail_tcp_socket][ViiSocketMailDataPhraser]: ------------mail---------------
09-14 11:10:13.047 13162 17877 V [MYTAG][mail_tcp_socket][ViiSocketMailDataPhraser]: {"msgid":"battery","info":{"capacity":60,"charge":0},"time":1757848212}
09-14 11:10:13.052 13162 17877 V [MYTAG][mail_tcp_socket][ViiSocketMailDataPhraser]: ------------mail---------------
09-14 11:10:13.052 13162 17877 V [MYTAG][mail_tcp_socket][ViiSocketMailDataPhraser]: {"msgid":"sd","info":{"status":0},"time":1757848212}
09-14 11:10:13.055 13162 18059 W System  : Ignoring header sessionid because its value was null.
09-14 11:10:13.056 13162 18059 I System.out: (HTTPLog)-Static: isSBSettingEnabled false
09-14 11:10:13.056 13162 18059 I System.out: (HTTPLog)-Static: isSBSettingEnabled false
09-14 11:10:13.057 13162 17877 V [MYTAG][mail_tcp_socket][RemoteOptor]: ----
09-14 11:10:13.057 13162 17877 V [MYTAG][mail_tcp_socket][RemoteOptor]: [CMD]DEV_SDCARD_STATUS_QUERY
09-14 11:10:13.057 13162 17877 V [MYTAG][mail_tcp_socket][RemoteOptor]: [PARAM]null
09-14 11:10:13.057 13162 17877 V [MYTAG][mail_tcp_socket][HttpTransportLayer]: [HTTP SEND GET]
09-14 11:10:13.057 13162 17877 V [MYTAG][mail_tcp_socket][HttpTransportLayer]: 	 url:http://192.168.0.1:80/app/getsdinfo
09-14 11:10:13.076 13162 17877 V [MYTAG][main][Device]: 603 dev is connected:true
09-14 11:10:13.106 13162 13162 W ProxyAndroidLoggerBackend: Too many Flogger logs received before configuration. Dropping old logs.
09-14 11:10:13.126 13162 13162 I chatty  : uid=10291(com.vidure.app) identical 6 lines
09-14 11:10:13.129 13162 13162 W ProxyAndroidLoggerBackend: Too many Flogger logs received before configuration. Dropping old logs.
09-14 11:10:13.145 13162 17877 V [MYTAG][mail_tcp_socket][HttpTransportLayer]: [HTTP RSP]
09-14 11:10:13.145 13162 17877 V [MYTAG][mail_tcp_socket][HttpTransportLayer]: 	 errcode:0
09-14 11:10:13.145 13162 17877 V [MYTAG][mail_tcp_socket][HttpTransportLayer]: 	[content]{"result":0,"info":{"status":0,"free":290,"total":1883}}
09-14 11:10:13.145 13162 17877 V [MYTAG][mail_tcp_socket][HttpTransportLayer]: -----------------------------------------
09-14 11:10:13.147 13162 17877 V [MYTAG][main][Device]: 603 dev is connected:true
09-14 11:10:13.151 13162 17877 V [MYTAG][main][CameraPreviewActivity]: rev msg1:264454
09-14 11:10:13.151 13162 17877 V [MYTAG][main][Device]: 603 dev is connected:true
09-14 11:10:13.152 13162 17877 V [MYTAG][main][CameraPreviewActivity]: rev msg1:589832
09-14 11:10:14.047 13162 17877 V [MYTAG][HeartbeatMgr][RemoteOptor]: ----
09-14 11:10:14.047 13162 17877 V [MYTAG][HeartbeatMgr][RemoteOptor]: [CMD]Basic_Msg_MailBox
09-14 11:10:14.047 13162 17877 V [MYTAG][HeartbeatMgr][RemoteOptor]: [PARAM]null
09-14 11:10:14.047 13162 17877 V [MYTAG][HeartbeatMgr][HttpTransportLayer]: [HTTP SEND GET]
09-14 11:10:14.047 13162 17877 V [MYTAG][HeartbeatMgr][HttpTransportLayer]: 	 url:http://192.168.0.1:80/app/getparamvalue?param=rec
09-14 11:10:14.048 13162 18060 W System  : Ignoring header sessionid because its value was null.
09-14 11:10:14.048 13162 18060 I System.out: (HTTPLog)-Static: isSBSettingEnabled false
09-14 11:10:14.048 13162 18060 I System.out: (HTTPLog)-Static: isSBSettingEnabled false
09-14 11:10:14.082 13162 17877 V [MYTAG][HeartbeatMgr][HttpTransportLayer]: [HTTP RSP]
09-14 11:10:14.082 13162 17877 V [MYTAG][HeartbeatMgr][HttpTransportLayer]: 	 errcode:0
09-14 11:10:14.082 13162 17877 V [MYTAG][HeartbeatMgr][HttpTransportLayer]: 	[content]{"result":0,"info":{"value":1}}
09-14 11:10:14.082 13162 17877 V [MYTAG][HeartbeatMgr][HttpTransportLayer]: -----------------------------------------
09-14 11:10:14.841 13162 19357 W ProxyAndroidLoggerBackend: Too many Flogger logs received before configuration. Dropping old logs.
09-14 11:10:14.928 13162 19616 W ProxyAndroidLoggerBackend: Too many Flogger logs received before configuration. Dropping old logs.
09-14 11:10:16.057 13162 17877 V [MYTAG][mail_tcp_socket][ViiSocketMailDataPhraser]: ------------mail---------------
09-14 11:10:16.057 13162 17877 V [MYTAG][mail_tcp_socket][ViiSocketMailDataPhraser]: {"msgid":"battery","info":{"capacity":60,"charge":0},"time":1757848215}
09-14 11:10:16.059 13162 18059 W System  : Ignoring header sessionid because its value was null.
09-14 11:10:16.059 13162 18059 I System.out: (HTTPLog)-Static: isSBSettingEnabled false
09-14 11:10:16.060 13162 18059 I System.out: (HTTPLog)-Static: isSBSettingEnabled false
09-14 11:10:16.062 13162 17877 V [MYTAG][mail_tcp_socket][ViiSocketMailDataPhraser]: ------------mail---------------
09-14 11:10:16.062 13162 17877 V [MYTAG][mail_tcp_socket][ViiSocketMailDataPhraser]: {"msgid":"sd","info":{"status":0},"time":1757848215}
09-14 11:10:16.062 13162 17877 V [MYTAG][mail_tcp_socket][RemoteOptor]: ----
09-14 11:10:16.062 13162 17877 V [MYTAG][mail_tcp_socket][RemoteOptor]: [CMD]DEV_SDCARD_STATUS_QUERY
09-14 11:10:16.062 13162 17877 V [MYTAG][mail_tcp_socket][RemoteOptor]: [PARAM]null
09-14 11:10:16.062 13162 17877 V [MYTAG][mail_tcp_socket][HttpTransportLayer]: [HTTP SEND GET]
09-14 11:10:16.062 13162 17877 V [MYTAG][mail_tcp_socket][HttpTransportLayer]: 	 url:http://192.168.0.1:80/app/getsdinfo
09-14 11:10:16.075 13162 17877 V [MYTAG][main][Device]: 603 dev is connected:true
09-14 11:10:16.089 13162 17877 V [MYTAG][mail_tcp_socket][HttpTransportLayer]: [HTTP RSP]
09-14 11:10:16.089 13162 17877 V [MYTAG][mail_tcp_socket][HttpTransportLayer]: 	 errcode:0
09-14 11:10:16.089 13162 17877 V [MYTAG][mail_tcp_socket][HttpTransportLayer]: 	[content]{"result":0,"info":{"status":0,"free":286,"total":1883}}
09-14 11:10:16.089 13162 17877 V [MYTAG][mail_tcp_socket][HttpTransportLayer]: -----------------------------------------
09-14 11:10:16.151 13162 13162 W ProxyAndroidLoggerBackend: Too many Flogger logs received before configuration. Dropping old logs.
09-14 11:10:16.163 13162 13162 I chatty  : uid=10291(com.vidure.app) identical 6 lines
09-14 11:10:16.164 13162 13162 W ProxyAndroidLoggerBackend: Too many Flogger logs received before configuration. Dropping old logs.
09-14 11:10:16.173 13162 19616 W ProxyAndroidLoggerBackend: Too many Flogger logs received before configuration. Dropping old logs.
09-14 11:10:16.176 13162 17877 V [MYTAG][main][Device]: 603 dev is connected:true
09-14 11:10:16.178 13162 17877 V [MYTAG][main][CameraPreviewActivity]: rev msg1:264454
09-14 11:10:16.178 13162 17877 V [MYTAG][main][Device]: 603 dev is connected:true
09-14 11:10:16.178 13162 17877 V [MYTAG][main][CameraPreviewActivity]: rev msg1:589832
09-14 11:10:18.047 13162 17877 V [MYTAG][HeartbeatMgr][RemoteOptor]: ----
09-14 11:10:18.047 13162 17877 V [MYTAG][HeartbeatMgr][RemoteOptor]: [CMD]Basic_Msg_MailBox
09-14 11:10:18.047 13162 17877 V [MYTAG][HeartbeatMgr][RemoteOptor]: [PARAM]null
09-14 11:10:18.048 13162 18060 W System  : Ignoring header sessionid because its value was null.
09-14 11:10:18.049 13162 17877 V [MYTAG][HeartbeatMgr][HttpTransportLayer]: [HTTP SEND GET]
09-14 11:10:18.049 13162 17877 V [MYTAG][HeartbeatMgr][HttpTransportLayer]: 	 url:http://192.168.0.1:80/app/getparamvalue?param=rec
09-14 11:10:18.049 13162 18060 I System.out: (HTTPLog)-Static: isSBSettingEnabled false
09-14 11:10:18.049 13162 18060 I System.out: (HTTPLog)-Static: isSBSettingEnabled false
09-14 11:10:18.135 13162 17877 V [MYTAG][HeartbeatMgr][HttpTransportLayer]: [HTTP RSP]
09-14 11:10:18.135 13162 17877 V [MYTAG][HeartbeatMgr][HttpTransportLayer]: 	 errcode:0
09-14 11:10:18.135 13162 17877 V [MYTAG][HeartbeatMgr][HttpTransportLayer]: 	[content]{"result":0,"info":{"value":1}}
09-14 11:10:18.135 13162 17877 V [MYTAG][HeartbeatMgr][HttpTransportLayer]: -----------------------------------------
09-14 11:10:19.078 13162 17877 V [MYTAG][mail_tcp_socket][ViiSocketMailDataPhraser]: ------------mail---------------
09-14 11:10:19.078 13162 17877 V [MYTAG][mail_tcp_socket][ViiSocketMailDataPhraser]: {"msgid":"battery","info":{"capacity":60,"charge":0},"time":1757848218}
09-14 11:10:19.085 13162 17877 V [MYTAG][main][Device]: 603 dev is connected:true
09-14 11:10:19.086 13162 17877 V [MYTAG][mail_tcp_socket][ViiSocketMailDataPhraser]: ------------mail---------------
09-14 11:10:19.086 13162 17877 V [MYTAG][mail_tcp_socket][ViiSocketMailDataPhraser]: {"msgid":"sd","info":{"status":0},"time":1757848218}
09-14 11:10:19.086 13162 17877 V [MYTAG][mail_tcp_socket][RemoteOptor]: ----
09-14 11:10:19.086 13162 17877 V [MYTAG][mail_tcp_socket][RemoteOptor]: [CMD]DEV_SDCARD_STATUS_QUERY
09-14 11:10:19.086 13162 17877 V [MYTAG][mail_tcp_socket][RemoteOptor]: [PARAM]null
09-14 11:10:19.087 13162 17877 V [MYTAG][mail_tcp_socket][HttpTransportLayer]: [HTTP SEND GET]
09-14 11:10:19.087 13162 17877 V [MYTAG][mail_tcp_socket][HttpTransportLayer]: 	 url:http://192.168.0.1:80/app/getsdinfo
09-14 11:10:19.088 13162 18059 W System  : Ignoring header sessionid because its value was null.
09-14 11:10:19.089 13162 18059 I System.out: (HTTPLog)-Static: isSBSettingEnabled false
09-14 11:10:19.089 13162 18059 I System.out: (HTTPLog)-Static: isSBSettingEnabled false
09-14 11:10:19.119 13162 17877 V [MYTAG][mail_tcp_socket][HttpTransportLayer]: [HTTP RSP]
09-14 11:10:19.119 13162 17877 V [MYTAG][mail_tcp_socket][HttpTransportLayer]: 	 errcode:0
09-14 11:10:19.119 13162 17877 V [MYTAG][mail_tcp_socket][HttpTransportLayer]: 	[content]{"result":0,"info":{"status":0,"free":281,"total":1883}}
09-14 11:10:19.119 13162 17877 V [MYTAG][mail_tcp_socket][HttpTransportLayer]: -----------------------------------------
09-14 11:10:19.141 13162 13162 W ProxyAndroidLoggerBackend: Too many Flogger logs received before configuration. Dropping old logs.
09-14 11:10:19.148 13162 13162 I chatty  : uid=10291(com.vidure.app) identical 6 lines
09-14 11:10:19.149 13162 13162 W ProxyAndroidLoggerBackend: Too many Flogger logs received before configuration. Dropping old logs.
09-14 11:10:19.157 13162 17877 V [MYTAG][main][Device]: 603 dev is connected:true
09-14 11:10:19.160 13162 17877 V [MYTAG][main][CameraPreviewActivity]: rev msg1:264454
09-14 11:10:19.160 13162 17877 V [MYTAG][main][Device]: 603 dev is connected:true
09-14 11:10:19.161 13162 17877 V [MYTAG][main][CameraPreviewActivity]: rev msg1:589832
09-14 11:10:19.229 13162 19616 W ProxyAndroidLoggerBackend: Too many Flogger logs received before configuration. Dropping old logs.
09-14 11:10:19.230 13162 19616 I chatty  : uid=10291(com.vidure.app) identical 1 line
09-14 11:10:19.230 13162 19616 W ProxyAndroidLoggerBackend: Too many Flogger logs received before configuration. Dropping old logs.
09-14 11:10:22.047 13162 17877 V [MYTAG][HeartbeatMgr][RemoteOptor]: ----
09-14 11:10:22.047 13162 17877 V [MYTAG][HeartbeatMgr][RemoteOptor]: [CMD]Basic_Msg_MailBox
09-14 11:10:22.047 13162 17877 V [MYTAG][HeartbeatMgr][RemoteOptor]: [PARAM]null
09-14 11:10:22.050 13162 18060 W System  : Ignoring header sessionid because its value was null.
09-14 11:10:22.050 13162 18060 I System.out: (HTTPLog)-Static: isSBSettingEnabled false
09-14 11:10:22.050 13162 17877 V [MYTAG][HeartbeatMgr][HttpTransportLayer]: [HTTP SEND GET]
09-14 11:10:22.050 13162 17877 V [MYTAG][HeartbeatMgr][HttpTransportLayer]: 	 url:http://192.168.0.1:80/app/getparamvalue?param=rec
09-14 11:10:22.050 13162 18060 I System.out: (HTTPLog)-Static: isSBSettingEnabled false
09-14 11:10:22.077 13162 17877 V [MYTAG][mail_tcp_socket][ViiSocketMailDataPhraser]: ------------mail---------------
09-14 11:10:22.077 13162 17877 V [MYTAG][mail_tcp_socket][ViiSocketMailDataPhraser]: {"msgid":"battery","info":{"capacity":60,"charge":0},"time":1757848221}
09-14 11:10:22.079 13162 17877 V [MYTAG][mail_tcp_socket][ViiSocketMailDataPhraser]: ------------mail---------------
09-14 11:10:22.079 13162 17877 V [MYTAG][mail_tcp_socket][ViiSocketMailDataPhraser]: {"msgid":"sd","info":{"status":0},"time":1757848221}
09-14 11:10:22.079 13162 17877 V [MYTAG][mail_tcp_socket][RemoteOptor]: ----
09-14 11:10:22.079 13162 17877 V [MYTAG][mail_tcp_socket][RemoteOptor]: [CMD]DEV_SDCARD_STATUS_QUERY
09-14 11:10:22.079 13162 17877 V [MYTAG][mail_tcp_socket][RemoteOptor]: [PARAM]null
09-14 11:10:22.082 13162 17877 V [MYTAG][main][Device]: 603 dev is connected:true
09-14 11:10:22.092 13162 18059 W System  : Ignoring header sessionid because its value was null.
09-14 11:10:22.092 13162 17877 V [MYTAG][HeartbeatMgr][HttpTransportLayer]: [HTTP RSP]
09-14 11:10:22.092 13162 17877 V [MYTAG][HeartbeatMgr][HttpTransportLayer]: 	 errcode:0
09-14 11:10:22.092 13162 17877 V [MYTAG][HeartbeatMgr][HttpTransportLayer]: 	[content]{"result":0,"info":{"value":1}}
09-14 11:10:22.092 13162 17877 V [MYTAG][HeartbeatMgr][HttpTransportLayer]: -----------------------------------------
09-14 11:10:22.093 13162 17877 V [MYTAG][mail_tcp_socket][HttpTransportLayer]: [HTTP SEND GET]
09-14 11:10:22.093 13162 17877 V [MYTAG][mail_tcp_socket][HttpTransportLayer]: 	 url:http://192.168.0.1:80/app/getsdinfo
09-14 11:10:22.093 13162 18059 I System.out: (HTTPLog)-Static: isSBSettingEnabled false
09-14 11:10:22.093 13162 18059 I System.out: (HTTPLog)-Static: isSBSettingEnabled false
09-14 11:10:22.106 13162 13162 W ProxyAndroidLoggerBackend: Too many Flogger logs received before configuration. Dropping old logs.
09-14 11:10:22.115 13162 13162 I chatty  : uid=10291(com.vidure.app) identical 6 lines
09-14 11:10:22.116 13162 13162 W ProxyAndroidLoggerBackend: Too many Flogger logs received before configuration. Dropping old logs.
09-14 11:10:22.120 13162 17877 V [MYTAG][mail_tcp_socket][HttpTransportLayer]: [HTTP RSP]
09-14 11:10:22.120 13162 17877 V [MYTAG][mail_tcp_socket][HttpTransportLayer]: 	 errcode:0
09-14 11:10:22.120 13162 17877 V [MYTAG][mail_tcp_socket][HttpTransportLayer]: 	[content]{"result":0,"info":{"status":0,"free":278,"total":1883}}
09-14 11:10:22.120 13162 17877 V [MYTAG][mail_tcp_socket][HttpTransportLayer]: -----------------------------------------
09-14 11:10:22.129 13162 17877 V [MYTAG][main][Device]: 603 dev is connected:true
09-14 11:10:22.130 13162 17877 V [MYTAG][main][CameraPreviewActivity]: rev msg1:264454
09-14 11:10:22.130 13162 17877 V [MYTAG][main][Device]: 603 dev is connected:true
09-14 11:10:22.130 13162 17877 V [MYTAG][main][CameraPreviewActivity]: rev msg1:589832
09-14 11:10:23.220 13162 19612 W ProxyAndroidLoggerBackend: Too many Flogger logs received before configuration. Dropping old logs.
09-14 11:10:23.221 13162 19612 I chatty  : uid=10291(com.vidure.app) identical 3 lines
09-14 11:10:23.222 13162 19612 W ProxyAndroidLoggerBackend: Too many Flogger logs received before configuration. Dropping old logs.
09-14 11:10:25.087 13162 17877 V [MYTAG][mail_tcp_socket][ViiSocketMailDataPhraser]: ------------mail---------------
09-14 11:10:25.087 13162 17877 V [MYTAG][mail_tcp_socket][ViiSocketMailDataPhraser]: {"msgid":"battery","info":{"capacity":60,"charge":0},"time":1757848224}
09-14 11:10:25.089 13162 18059 W System  : Ignoring header sessionid because its value was null.
09-14 11:10:25.089 13162 17877 V [MYTAG][mail_tcp_socket][ViiSocketMailDataPhraser]: ------------mail---------------
09-14 11:10:25.089 13162 17877 V [MYTAG][mail_tcp_socket][ViiSocketMailDataPhraser]: {"msgid":"sd","info":{"status":0},"time":1757848224}
09-14 11:10:25.089 13162 18059 I System.out: (HTTPLog)-Static: isSBSettingEnabled false
09-14 11:10:25.089 13162 17877 V [MYTAG][mail_tcp_socket][RemoteOptor]: ----
09-14 11:10:25.089 13162 17877 V [MYTAG][mail_tcp_socket][RemoteOptor]: [CMD]DEV_SDCARD_STATUS_QUERY
09-14 11:10:25.089 13162 17877 V [MYTAG][mail_tcp_socket][RemoteOptor]: [PARAM]null
09-14 11:10:25.089 13162 17877 V [MYTAG][mail_tcp_socket][HttpTransportLayer]: [HTTP SEND GET]
09-14 11:10:25.089 13162 17877 V [MYTAG][mail_tcp_socket][HttpTransportLayer]: 	 url:http://192.168.0.1:80/app/getsdinfo
09-14 11:10:25.090 13162 18059 I System.out: (HTTPLog)-Static: isSBSettingEnabled false
09-14 11:10:25.092 13162 17877 V [MYTAG][main][Device]: 603 dev is connected:true
09-14 11:10:25.117 13162 17877 V [MYTAG][mail_tcp_socket][HttpTransportLayer]: [HTTP RSP]
09-14 11:10:25.117 13162 17877 V [MYTAG][mail_tcp_socket][HttpTransportLayer]: 	 errcode:0
09-14 11:10:25.117 13162 17877 V [MYTAG][mail_tcp_socket][HttpTransportLayer]: 	[content]{"result":0,"info":{"status":0,"free":274,"total":1883}}
09-14 11:10:25.117 13162 17877 V [MYTAG][mail_tcp_socket][HttpTransportLayer]: -----------------------------------------
09-14 11:10:25.132 13162 13162 W ProxyAndroidLoggerBackend: Too many Flogger logs received before configuration. Dropping old logs.
09-14 11:10:25.140 13162 13162 I chatty  : uid=10291(com.vidure.app) identical 6 lines
09-14 11:10:25.141 13162 13162 W ProxyAndroidLoggerBackend: Too many Flogger logs received before configuration. Dropping old logs.
09-14 11:10:25.150 13162 17877 V [MYTAG][main][Device]: 603 dev is connected:true
09-14 11:10:25.152 13162 17877 V [MYTAG][main][CameraPreviewActivity]: rev msg1:264454
09-14 11:10:25.152 13162 17877 V [MYTAG][main][Device]: 603 dev is connected:true
09-14 11:10:25.152 13162 17877 V [MYTAG][main][CameraPreviewActivity]: rev msg1:589832
09-14 11:10:26.047 13162 17877 V [MYTAG][HeartbeatMgr][RemoteOptor]: ----
09-14 11:10:26.047 13162 17877 V [MYTAG][HeartbeatMgr][RemoteOptor]: [CMD]Basic_Msg_MailBox
09-14 11:10:26.047 13162 17877 V [MYTAG][HeartbeatMgr][RemoteOptor]: [PARAM]null
09-14 11:10:26.049 13162 18060 W System  : Ignoring header sessionid because its value was null.
09-14 11:10:26.050 13162 18060 I System.out: (HTTPLog)-Static: isSBSettingEnabled false
09-14 11:10:26.050 13162 18060 I System.out: (HTTPLog)-Static: isSBSettingEnabled false
09-14 11:10:26.050 13162 17877 V [MYTAG][HeartbeatMgr][HttpTransportLayer]: [HTTP SEND GET]
09-14 11:10:26.050 13162 17877 V [MYTAG][HeartbeatMgr][HttpTransportLayer]: 	 url:http://192.168.0.1:80/app/getparamvalue?param=rec
09-14 11:10:26.082 13162 17877 V [MYTAG][HeartbeatMgr][HttpTransportLayer]: [HTTP RSP]
09-14 11:10:26.082 13162 17877 V [MYTAG][HeartbeatMgr][HttpTransportLayer]: 	 errcode:0
09-14 11:10:26.082 13162 17877 V [MYTAG][HeartbeatMgr][HttpTransportLayer]: 	[content]{"result":0,"info":{"value":1}}
09-14 11:10:26.082 13162 17877 V [MYTAG][HeartbeatMgr][HttpTransportLayer]: -----------------------------------------
09-14 11:10:28.097 13162 17877 V [MYTAG][mail_tcp_socket][ViiSocketMailDataPhraser]: ------------mail---------------
09-14 11:10:28.097 13162 17877 V [MYTAG][mail_tcp_socket][ViiSocketMailDataPhraser]: {"msgid":"battery","info":{"capacity":60,"charge":0},"time":1757848227}
09-14 11:10:28.098 13162 17877 V [MYTAG][mail_tcp_socket][ViiSocketMailDataPhraser]: ------------mail---------------
09-14 11:10:28.098 13162 17877 V [MYTAG][mail_tcp_socket][ViiSocketMailDataPhraser]: {"msgid":"sd","info":{"status":0},"time":1757848227}
09-14 11:10:28.098 13162 17877 V [MYTAG][mail_tcp_socket][RemoteOptor]: ----
09-14 11:10:28.098 13162 17877 V [MYTAG][mail_tcp_socket][RemoteOptor]: [CMD]DEV_SDCARD_STATUS_QUERY
09-14 11:10:28.098 13162 17877 V [MYTAG][mail_tcp_socket][RemoteOptor]: [PARAM]null
09-14 11:10:28.099 13162 18059 W System  : Ignoring header sessionid because its value was null.
09-14 11:10:28.099 13162 17877 V [MYTAG][mail_tcp_socket][HttpTransportLayer]: [HTTP SEND GET]
09-14 11:10:28.099 13162 17877 V [MYTAG][mail_tcp_socket][HttpTransportLayer]: 	 url:http://192.168.0.1:80/app/getsdinfo
09-14 11:10:28.100 13162 18059 I System.out: (HTTPLog)-Static: isSBSettingEnabled false
09-14 11:10:28.100 13162 18059 I System.out: (HTTPLog)-Static: isSBSettingEnabled false
09-14 11:10:28.109 13162 17877 V [MYTAG][main][Device]: 603 dev is connected:true
09-14 11:10:28.128 13162 17877 V [MYTAG][mail_tcp_socket][HttpTransportLayer]: [HTTP RSP]
09-14 11:10:28.128 13162 17877 V [MYTAG][mail_tcp_socket][HttpTransportLayer]: 	 errcode:0
09-14 11:10:28.128 13162 17877 V [MYTAG][mail_tcp_socket][HttpTransportLayer]: 	[content]{"result":0,"info":{"status":0,"free":270,"total":1883}}
09-14 11:10:28.128 13162 17877 V [MYTAG][mail_tcp_socket][HttpTransportLayer]: -----------------------------------------
09-14 11:10:28.171 13162 13162 W ProxyAndroidLoggerBackend: Too many Flogger logs received before configuration. Dropping old logs.
09-14 11:10:28.179 13162 13162 I chatty  : uid=10291(com.vidure.app) identical 6 lines
09-14 11:10:28.180 13162 13162 W ProxyAndroidLoggerBackend: Too many Flogger logs received before configuration. Dropping old logs.
09-14 11:10:28.184 13162 19357 W ProxyAndroidLoggerBackend: Too many Flogger logs received before configuration. Dropping old logs.
09-14 11:10:28.185 13162 19615 W ProxyAndroidLoggerBackend: Too many Flogger logs received before configuration. Dropping old logs.
09-14 11:10:28.189 13162 17877 V [MYTAG][main][Device]: 603 dev is connected:true
09-14 11:10:28.192 13162 17877 V [MYTAG][main][CameraPreviewActivity]: rev msg1:264454
09-14 11:10:28.192 13162 17877 V [MYTAG][main][Device]: 603 dev is connected:true
09-14 11:10:28.192 13162 17877 V [MYTAG][main][CameraPreviewActivity]: rev msg1:589832
09-14 11:10:30.048 13162 17877 V [MYTAG][HeartbeatMgr][RemoteOptor]: ----
09-14 11:10:30.048 13162 17877 V [MYTAG][HeartbeatMgr][RemoteOptor]: [CMD]Basic_Msg_MailBox
09-14 11:10:30.048 13162 17877 V [MYTAG][HeartbeatMgr][RemoteOptor]: [PARAM]null
09-14 11:10:30.048 13162 18060 W System  : Ignoring header sessionid because its value was null.
09-14 11:10:30.048 13162 17877 V [MYTAG][HeartbeatMgr][HttpTransportLayer]: [HTTP SEND GET]
09-14 11:10:30.048 13162 17877 V [MYTAG][HeartbeatMgr][HttpTransportLayer]: 	 url:http://192.168.0.1:80/app/getparamvalue?param=rec
09-14 11:10:30.049 13162 18060 I System.out: (HTTPLog)-Static: isSBSettingEnabled false
09-14 11:10:30.049 13162 18060 I System.out: (HTTPLog)-Static: isSBSettingEnabled false
09-14 11:10:30.080 13162 17877 V [MYTAG][HeartbeatMgr][HttpTransportLayer]: [HTTP RSP]
09-14 11:10:30.080 13162 17877 V [MYTAG][HeartbeatMgr][HttpTransportLayer]: 	 errcode:0
09-14 11:10:30.080 13162 17877 V [MYTAG][HeartbeatMgr][HttpTransportLayer]: 	[content]{"result":0,"info":{"value":1}}
09-14 11:10:30.080 13162 17877 V [MYTAG][HeartbeatMgr][HttpTransportLayer]: -----------------------------------------
09-14 11:10:31.108 13162 17877 V [MYTAG][mail_tcp_socket][ViiSocketMailDataPhraser]: ------------mail---------------
09-14 11:10:31.108 13162 17877 V [MYTAG][mail_tcp_socket][ViiSocketMailDataPhraser]: {"msgid":"battery","info":{"capacity":60,"charge":0},"time":1757848230}
09-14 11:10:31.111 13162 17877 V [MYTAG][mail_tcp_socket][ViiSocketMailDataPhraser]: ------------mail---------------
09-14 11:10:31.111 13162 17877 V [MYTAG][mail_tcp_socket][ViiSocketMailDataPhraser]: {"msgid":"sd","info":{"status":0},"time":1757848230}
09-14 11:10:31.112 13162 18059 W System  : Ignoring header sessionid because its value was null.
09-14 11:10:31.112 13162 18059 I System.out: (HTTPLog)-Static: isSBSettingEnabled false
09-14 11:10:31.112 13162 18059 I System.out: (HTTPLog)-Static: isSBSettingEnabled false
09-14 11:10:31.113 13162 17877 V [MYTAG][mail_tcp_socket][RemoteOptor]: ----
09-14 11:10:31.113 13162 17877 V [MYTAG][mail_tcp_socket][RemoteOptor]: [CMD]DEV_SDCARD_STATUS_QUERY
09-14 11:10:31.113 13162 17877 V [MYTAG][mail_tcp_socket][RemoteOptor]: [PARAM]null
09-14 11:10:31.113 13162 17877 V [MYTAG][mail_tcp_socket][HttpTransportLayer]: [HTTP SEND GET]
09-14 11:10:31.113 13162 17877 V [MYTAG][mail_tcp_socket][HttpTransportLayer]: 	 url:http://192.168.0.1:80/app/getsdinfo
09-14 11:10:31.123 13162 17877 V [MYTAG][main][Device]: 603 dev is connected:true
09-14 11:10:31.148 13162 13162 W ProxyAndroidLoggerBackend: Too many Flogger logs received before configuration. Dropping old logs.
09-14 11:10:31.153 13162 13162 I chatty  : uid=10291(com.vidure.app) identical 2 lines
09-14 11:10:31.153 13162 13162 W ProxyAndroidLoggerBackend: Too many Flogger logs received before configuration. Dropping old logs.
09-14 11:10:31.157 13162 17877 V [MYTAG][mail_tcp_socket][HttpTransportLayer]: [HTTP RSP]
09-14 11:10:31.157 13162 17877 V [MYTAG][mail_tcp_socket][HttpTransportLayer]: 	 errcode:0
09-14 11:10:31.157 13162 17877 V [MYTAG][mail_tcp_socket][HttpTransportLayer]: 	[content]{"result":0,"info":{"status":0,"free":266,"total":1883}}
09-14 11:10:31.157 13162 17877 V [MYTAG][mail_tcp_socket][HttpTransportLayer]: -----------------------------------------
09-14 11:10:31.163 13162 13162 W ProxyAndroidLoggerBackend: Too many Flogger logs received before configuration. Dropping old logs.
09-14 11:10:31.163 13162 13162 I chatty  : uid=10291(com.vidure.app) identical 2 lines
09-14 11:10:31.165 13162 13162 W ProxyAndroidLoggerBackend: Too many Flogger logs received before configuration. Dropping old logs.
09-14 11:10:31.179 13162 19616 W ProxyAndroidLoggerBackend: Too many Flogger logs received before configuration. Dropping old logs.
09-14 11:10:31.191 13162 17877 V [MYTAG][main][Device]: 603 dev is connected:true
09-14 11:10:31.194 13162 17877 V [MYTAG][main][CameraPreviewActivity]: rev msg1:264454
09-14 11:10:31.194 13162 17877 V [MYTAG][main][Device]: 603 dev is connected:true
09-14 11:10:31.194 13162 17877 V [MYTAG][main][CameraPreviewActivity]: rev msg1:589832
09-14 11:10:31.254 13162 17833 I com.vidure.app: Background young concurrent copying GC freed 58068(10MB) AllocSpace objects, 23(1372KB) LOS objects, 12% free, 76MB/87MB, paused 810us total 101.770ms
09-14 11:10:33.225 13162 19703 W ProxyAndroidLoggerBackend: Too many Flogger logs received before configuration. Dropping old logs.
09-14 11:10:33.230 13162 19703 I chatty  : uid=10291(com.vidure.app) identical 2 lines
09-14 11:10:33.231 13162 19703 W ProxyAndroidLoggerBackend: Too many Flogger logs received before configuration. Dropping old logs.
09-14 11:10:34.048 13162 17877 V [MYTAG][HeartbeatMgr][RemoteOptor]: ----
09-14 11:10:34.048 13162 17877 V [MYTAG][HeartbeatMgr][RemoteOptor]: [CMD]Basic_Msg_MailBox
09-14 11:10:34.048 13162 17877 V [MYTAG][HeartbeatMgr][RemoteOptor]: [PARAM]null
09-14 11:10:34.050 13162 17877 V [MYTAG][HeartbeatMgr][HttpTransportLayer]: [HTTP SEND GET]
09-14 11:10:34.050 13162 17877 V [MYTAG][HeartbeatMgr][HttpTransportLayer]: 	 url:http://192.168.0.1:80/app/getparamvalue?param=rec
09-14 11:10:34.050 13162 18060 W System  : Ignoring header sessionid because its value was null.
09-14 11:10:34.051 13162 18060 I System.out: (HTTPLog)-Static: isSBSettingEnabled false
09-14 11:10:34.051 13162 18060 I System.out: (HTTPLog)-Static: isSBSettingEnabled false
09-14 11:10:34.082 13162 17877 V [MYTAG][HeartbeatMgr][HttpTransportLayer]: [HTTP RSP]
09-14 11:10:34.082 13162 17877 V [MYTAG][HeartbeatMgr][HttpTransportLayer]: 	 errcode:0
09-14 11:10:34.082 13162 17877 V [MYTAG][HeartbeatMgr][HttpTransportLayer]: 	[content]{"result":0,"info":{"value":1}}
09-14 11:10:34.082 13162 17877 V [MYTAG][HeartbeatMgr][HttpTransportLayer]: -----------------------------------------
09-14 11:10:34.116 13162 17877 V [MYTAG][mail_tcp_socket][ViiSocketMailDataPhraser]: ------------mail---------------
09-14 11:10:34.116 13162 17877 V [MYTAG][mail_tcp_socket][ViiSocketMailDataPhraser]: {"msgid":"battery","info":{"capacity":60,"charge":0},"time":1757848233}
09-14 11:10:34.120 13162 18059 W System  : Ignoring header sessionid because its value was null.
09-14 11:10:34.121 13162 18059 I System.out: (HTTPLog)-Static: isSBSettingEnabled false
09-14 11:10:34.121 13162 17877 V [MYTAG][mail_tcp_socket][ViiSocketMailDataPhraser]: ------------mail---------------
09-14 11:10:34.121 13162 17877 V [MYTAG][mail_tcp_socket][ViiSocketMailDataPhraser]: {"msgid":"sd","info":{"status":0},"time":1757848233}
09-14 11:10:34.121 13162 18059 I System.out: (HTTPLog)-Static: isSBSettingEnabled false
09-14 11:10:34.121 13162 17877 V [MYTAG][mail_tcp_socket][RemoteOptor]: ----
09-14 11:10:34.121 13162 17877 V [MYTAG][mail_tcp_socket][RemoteOptor]: [CMD]DEV_SDCARD_STATUS_QUERY
09-14 11:10:34.121 13162 17877 V [MYTAG][mail_tcp_socket][RemoteOptor]: [PARAM]null
09-14 11:10:34.121 13162 17877 V [MYTAG][mail_tcp_socket][HttpTransportLayer]: [HTTP SEND GET]
09-14 11:10:34.121 13162 17877 V [MYTAG][mail_tcp_socket][HttpTransportLayer]: 	 url:http://192.168.0.1:80/app/getsdinfo
09-14 11:10:34.129 13162 17877 V [MYTAG][main][Device]: 603 dev is connected:true
09-14 11:10:34.152 13162 17877 V [MYTAG][mail_tcp_socket][HttpTransportLayer]: [HTTP RSP]
09-14 11:10:34.152 13162 17877 V [MYTAG][mail_tcp_socket][HttpTransportLayer]: 	 errcode:0
09-14 11:10:34.152 13162 17877 V [MYTAG][mail_tcp_socket][HttpTransportLayer]: 	[content]{"result":0,"info":{"status":0,"free":262,"total":1883}}
09-14 11:10:34.152 13162 17877 V [MYTAG][mail_tcp_socket][HttpTransportLayer]: -----------------------------------------
09-14 11:10:34.160 13162 13162 W ProxyAndroidLoggerBackend: Too many Flogger logs received before configuration. Dropping old logs.
09-14 11:10:34.168 13162 13162 I chatty  : uid=10291(com.vidure.app) identical 6 lines
09-14 11:10:34.169 13162 13162 W ProxyAndroidLoggerBackend: Too many Flogger logs received before configuration. Dropping old logs.
09-14 11:10:34.179 13162 17877 V [MYTAG][main][Device]: 603 dev is connected:true
09-14 11:10:34.181 13162 17877 V [MYTAG][main][CameraPreviewActivity]: rev msg1:264454
09-14 11:10:34.181 13162 17877 V [MYTAG][main][Device]: 603 dev is connected:true
09-14 11:10:34.182 13162 17877 V [MYTAG][main][CameraPreviewActivity]: rev msg1:589832
09-14 11:10:34.210 13162 19615 W ProxyAndroidLoggerBackend: Too many Flogger logs received before configuration. Dropping old logs.
09-14 11:10:34.211 13162 19615 W ProxyAndroidLoggerBackend: Too many Flogger logs received before configuration. Dropping old logs.
09-14 11:10:34.211 13162 19357 W ProxyAndroidLoggerBackend: Too many Flogger logs received before configuration. Dropping old logs.
09-14 11:10:37.126 13162 17877 V [MYTAG][mail_tcp_socket][ViiSocketMailDataPhraser]: ------------mail---------------
09-14 11:10:37.126 13162 17877 V [MYTAG][mail_tcp_socket][ViiSocketMailDataPhraser]: {"msgid":"battery","info":{"capacity":60,"charge":0},"time":1757848236}
09-14 11:10:37.128 13162 18059 W System  : Ignoring header sessionid because its value was null.
