03-15 11:08:11.694 19748 32557 W ProxyAndroidLoggerBackend: Too many Flogger logs received before configuration. Dropping old logs.
03-15 11:08:11.694 19748 32555 W ProxyAndroidLoggerBackend: Too many Flogger logs received before configuration. Dropping old logs.
03-15 11:08:11.695 19748 32556 W ProxyAndroidLoggerBackend: Too many Flogger logs received before configuration. Dropping old logs.
03-15 11:08:11.695 19748 32557 W ProxyAndroidLoggerBackend: Too many Flogger logs received before configuration. Dropping old logs.
03-15 11:08:11.696 19748 32557 W ProxyAndroidLoggerBackend: Too many Flogger logs received before configuration. Dropping old logs.
03-15 11:08:11.696 19748 32556 W ProxyAndroidLoggerBackend: Too many Flogger logs received before configuration. Dropping old logs.
03-15 11:08:11.697 19748 32556 I chatty  : uid=10291(com.vidure.app) identical 1 line
03-15 11:08:11.697 19748 32556 W ProxyAndroidLoggerBackend: Too many Flogger logs received before configuration. Dropping old logs.
03-15 11:08:11.698 19748 32557 W ProxyAndroidLoggerBackend: Too many Flogger logs received before configuration. Dropping old logs.
03-15 11:08:11.698 19748 32347 V [MYTAG][main][Device]: 666 dev is connected:true
03-15 11:08:11.699 19748 32347 V [MYTAG][main][CameraPreviewActivity]: rev msg1:264454
03-15 11:08:11.699 19748 32347 V [MYTAG][main][Device]: 666 dev is connected:true
03-15 11:08:11.699 19748 32347 V [MYTAG][main][CameraPreviewActivity]: rev msg1:589832
03-15 11:08:11.702 19748 32555 W ProxyAndroidLoggerBackend: Too many Flogger logs received before configuration. Dropping old logs.
03-15 11:08:13.256 19748 32460 I System.out: (HTTPLog)-Static: isSBSettingEnabled false
03-15 11:08:13.256 19748 32460 I System.out: (HTTPLog)-Static: isSBSettingEnabled false
03-15 11:08:13.368 19748 32347 D [MYTAG][main][SystemLocationClientImpl]: 当前信号强度: 1
03-15 11:08:14.375 19748 32347 D [MYTAG][main][SystemLocationClientImpl]: onLocationChanged GPS data:精度=20.368 速度=0.0 海拔=324.7625732421875 经纬度=49.3334202, 7.05264582
03-15 11:08:14.376 19748 32347 D [MYTAG][main][SystemLocationClientImpl]: 当前信号强度: 2
03-15 11:08:14.448 19748 32462 I System.out: (HTTPLog)-Static: isSBSettingEnabled false
03-15 11:08:14.448 19748 32462 I System.out: (HTTPLog)-Static: isSBSettingEnabled false
03-15 11:08:14.454 19748 32459 W Settings: Setting adb_enabled has moved from android.provider.Settings.Secure to android.provider.Settings.Global.
03-15 11:08:14.574 19748 32594 W System  : Ignoring header sessionid because its value was null.
03-15 11:08:14.574 19748 32347 V [MYTAG][HeartbeatMgr][RemoteOptor]: ----
03-15 11:08:14.574 19748 32347 V [MYTAG][HeartbeatMgr][RemoteOptor]: [CMD]Basic_Msg_MailBox
03-15 11:08:14.574 19748 32347 V [MYTAG][HeartbeatMgr][RemoteOptor]: [PARAM]null
03-15 11:08:14.574 19748 32347 V [MYTAG][HeartbeatMgr][HttpTransportLayer]: [HTTP SEND GET]
03-15 11:08:14.574 19748 32347 V [MYTAG][HeartbeatMgr][HttpTransportLayer]: 	 url:http://192.168.0.1:80/app/getparamvalue?param=rec
03-15 11:08:14.574 19748 32594 I System.out: (HTTPLog)-Static: isSBSettingEnabled false
03-15 11:08:14.574 19748 32594 I System.out: (HTTPLog)-Static: isSBSettingEnabled false
03-15 11:08:14.599 19748 32347 V [MYTAG][DefaultDispatcher-worker-2][Device]: 666 dev is connected:true
03-15 11:08:14.600 19748 32347 V [MYTAG][main][VerticalPanelView]: [[eventBus]], new msg received:GPS_SIGNAL_CHANGE,set visible.
03-15 11:08:14.601 19748 32347 V [MYTAG][main][CameraPreviewActivity]: rev msg1:265731
03-15 11:08:14.601 19748 32459 I System.out: (HTTPLog)-Static: isSBSettingEnabled false
03-15 11:08:14.601 19748 32459 I System.out: (HTTPLog)-Static: isSBSettingEnabled false
03-15 11:08:14.602 19748 32347 V [MYTAG][HeartbeatMgr][HttpTransportLayer]: [HTTP RSP]
03-15 11:08:14.602 19748 32347 V [MYTAG][HeartbeatMgr][HttpTransportLayer]: 	 errcode:0
03-15 11:08:14.602 19748 32347 V [MYTAG][HeartbeatMgr][HttpTransportLayer]: 	[content]{"result":0,"info":{"value":0}}
03-15 11:08:14.602 19748 32347 V [MYTAG][HeartbeatMgr][HttpTransportLayer]: -----------------------------------------
03-15 11:08:14.615 19748 32459 I System.out: (HTTPLog)-Static: isSBSettingEnabled false
03-15 11:08:14.616 19748 32459 I System.out: (HTTPLog)-Static: isSBSettingEnabled false
03-15 11:08:14.621 19748 32593 W System  : Ignoring header sessionid because its value was null.
03-15 11:08:14.621 19748 32593 I System.out: (HTTPLog)-Static: isSBSettingEnabled false
03-15 11:08:14.621 19748 32593 I System.out: (HTTPLog)-Static: isSBSettingEnabled false
03-15 11:08:14.623 19748 32347 V [MYTAG][mail_tcp_socket][ViiSocketMailDataPhraser]: ------------mail---------------
03-15 11:08:14.623 19748 32347 V [MYTAG][mail_tcp_socket][ViiSocketMailDataPhraser]: {"msgid":"battery","info":{"capacity":82,"charge":0},"time":1773572895}
03-15 11:08:14.624 19748 32347 V [MYTAG][mail_tcp_socket][ViiSocketMailDataPhraser]: ------------mail---------------
03-15 11:08:14.624 19748 32347 V [MYTAG][mail_tcp_socket][ViiSocketMailDataPhraser]: {"msgid":"sd","info":{"status":0},"time":1773572895}
03-15 11:08:14.624 19748 32347 V [MYTAG][mail_tcp_socket][RemoteOptor]: ----
03-15 11:08:14.624 19748 32347 V [MYTAG][mail_tcp_socket][RemoteOptor]: [CMD]DEV_SDCARD_STATUS_QUERY
03-15 11:08:14.624 19748 32347 V [MYTAG][mail_tcp_socket][RemoteOptor]: [PARAM]null
03-15 11:08:14.624 19748 32347 V [MYTAG][mail_tcp_socket][HttpTransportLayer]: [HTTP SEND GET]
03-15 11:08:14.624 19748 32347 V [MYTAG][mail_tcp_socket][HttpTransportLayer]: 	 url:http://192.168.0.1:80/app/getsdinfo
03-15 11:08:14.643 19748 32347 V [MYTAG][mail_tcp_socket][HttpTransportLayer]: [HTTP RSP]
03-15 11:08:14.643 19748 32347 V [MYTAG][mail_tcp_socket][HttpTransportLayer]: 	 errcode:0
03-15 11:08:14.643 19748 32347 V [MYTAG][mail_tcp_socket][HttpTransportLayer]: 	[content]{"result":0,"info":{"status":0,"free":258,"total":1883}}
03-15 11:08:14.643 19748 32347 V [MYTAG][mail_tcp_socket][HttpTransportLayer]: -----------------------------------------
03-15 11:08:14.679 19748 32347 V [MYTAG][main][Device]: 666 dev is connected:true
03-15 11:08:14.714 19748 19748 W ProxyAndroidLoggerBackend: Too many Flogger logs received before configuration. Dropping old logs.
03-15 11:08:14.726 19748 19748 I chatty  : uid=10291(com.vidure.app) identical 7 lines
03-15 11:08:14.734 19748 19748 W ProxyAndroidLoggerBackend: Too many Flogger logs received before configuration. Dropping old logs.
03-15 11:08:14.740 19748 32347 V [MYTAG][main][Device]: 666 dev is connected:true
03-15 11:08:14.741 19748 32555 W ProxyAndroidLoggerBackend: Too many Flogger logs received before configuration. Dropping old logs.
03-15 11:08:14.741 19748 32347 V [MYTAG][main][CameraPreviewActivity]: rev msg1:264454
03-15 11:08:14.741 19748 32347 V [MYTAG][main][Device]: 666 dev is connected:true
03-15 11:08:14.741 19748 32347 V [MYTAG][main][CameraPreviewActivity]: rev msg1:589832
03-15 11:08:14.742 19748 32555 W ProxyAndroidLoggerBackend: Too many Flogger logs received before configuration. Dropping old logs.
03-15 11:08:14.742 19748 32557 W ProxyAndroidLoggerBackend: Too many Flogger logs received before configuration. Dropping old logs.
03-15 11:08:14.744 19748 32557 I chatty  : uid=10291(com.vidure.app) identical 4 lines
03-15 11:08:14.744 19748 32557 W ProxyAndroidLoggerBackend: Too many Flogger logs received before configuration. Dropping old logs.
03-15 11:08:14.744 19748 32555 W ProxyAndroidLoggerBackend: Too many Flogger logs received before configuration. Dropping old logs.
03-15 11:08:14.746 19748 32555 I chatty  : uid=10291(com.vidure.app) identical 6 lines
03-15 11:08:14.746 19748 32555 W ProxyAndroidLoggerBackend: Too many Flogger logs received before configuration. Dropping old logs.
03-15 11:08:14.751 19748 32556 W ProxyAndroidLoggerBackend: Too many Flogger logs received before configuration. Dropping old logs.
03-15 11:08:14.752 19748 32557 W ProxyAndroidLoggerBackend: Too many Flogger logs received before configuration. Dropping old logs.
03-15 11:08:16.374 19748 32347 D [MYTAG][main][SystemLocationClientImpl]: onLocationChanged GPS data:精度=15.008 速度=0.0 海拔=323.54339599609375 经纬度=49.33342275, 7.05262236
03-15 11:08:16.375 19748 32347 D [MYTAG][main][SystemLocationClientImpl]: 当前信号强度: 3
03-15 11:08:16.478 19748 32462 I System.out: (HTTPLog)-Static: isSBSettingEnabled false
03-15 11:08:16.478 19748 32462 I System.out: (HTTPLog)-Static: isSBSettingEnabled false
03-15 11:08:16.609 19748 32347 V [MYTAG][DefaultDispatcher-worker-2][Device]: 666 dev is connected:true
03-15 11:08:16.609 19748 32347 V [MYTAG][main][CameraPreviewActivity]: rev msg1:265731
03-15 11:08:17.359 19748 32347 D [MYTAG][main][SystemLocationClientImpl]: onLocationChanged GPS data:精度=13.936001 速度=0.0 海拔=324.49163818359375 经纬度=49.3334096, 7.05262255
03-15 11:08:17.364 19748 32347 D [MYTAG][main][SystemLocationClientImpl]: 当前信号强度: 3
03-15 11:08:17.613 19748 32347 V [MYTAG][DefaultDispatcher-worker-2][Device]: 666 dev is connected:true
03-15 11:08:17.615 19748 32347 V [MYTAG][main][CameraPreviewActivity]: rev msg1:265731
03-15 11:08:17.631 19748 32347 V [MYTAG][mail_tcp_socket][ViiSocketMailDataPhraser]: ------------mail---------------
03-15 11:08:17.631 19748 32347 V [MYTAG][mail_tcp_socket][ViiSocketMailDataPhraser]: {"msgid":"battery","info":{"capacity":82,"charge":0},"time":1773572898}
03-15 11:08:17.632 19748 32593 W System  : Ignoring header sessionid because its value was null.
03-15 11:08:17.633 19748 32593 I System.out: (HTTPLog)-Static: isSBSettingEnabled false
03-15 11:08:17.633 19748 32593 I System.out: (HTTPLog)-Static: isSBSettingEnabled false
03-15 11:08:17.635 19748 32347 V [MYTAG][mail_tcp_socket][ViiSocketMailDataPhraser]: ------------mail---------------
03-15 11:08:17.635 19748 32347 V [MYTAG][mail_tcp_socket][ViiSocketMailDataPhraser]: {"msgid":"sd","info":{"status":0},"time":1773572898}
03-15 11:08:17.635 19748 32347 V [MYTAG][mail_tcp_socket][RemoteOptor]: ----
03-15 11:08:17.635 19748 32347 V [MYTAG][mail_tcp_socket][RemoteOptor]: [CMD]DEV_SDCARD_STATUS_QUERY
03-15 11:08:17.635 19748 32347 V [MYTAG][mail_tcp_socket][RemoteOptor]: [PARAM]null
03-15 11:08:17.635 19748 32347 V [MYTAG][mail_tcp_socket][HttpTransportLayer]: [HTTP SEND GET]
03-15 11:08:17.635 19748 32347 V [MYTAG][mail_tcp_socket][HttpTransportLayer]: 	 url:http://192.168.0.1:80/app/getsdinfo
03-15 11:08:17.644 19748 32347 V [MYTAG][main][Device]: 666 dev is connected:true
03-15 11:08:17.663 19748 32347 V [MYTAG][mail_tcp_socket][HttpTransportLayer]: [HTTP RSP]
03-15 11:08:17.663 19748 32347 V [MYTAG][mail_tcp_socket][HttpTransportLayer]: 	 errcode:0
03-15 11:08:17.663 19748 32347 V [MYTAG][mail_tcp_socket][HttpTransportLayer]: 	[content]{"result":0,"info":{"status":0,"free":258,"total":1883}}
03-15 11:08:17.663 19748 32347 V [MYTAG][mail_tcp_socket][HttpTransportLayer]: -----------------------------------------
03-15 11:08:17.670 19748 19748 W ProxyAndroidLoggerBackend: Too many Flogger logs received before configuration. Dropping old logs.
03-15 11:08:17.685 19748 19748 I chatty  : uid=10291(com.vidure.app) identical 7 lines
03-15 11:08:17.695 19748 19748 W ProxyAndroidLoggerBackend: Too many Flogger logs received before configuration. Dropping old logs.
03-15 11:08:17.699 19748 32555 W ProxyAndroidLoggerBackend: Too many Flogger logs received before configuration. Dropping old logs.
03-15 11:08:17.700 19748 32556 W ProxyAndroidLoggerBackend: Too many Flogger logs received before configuration. Dropping old logs.
03-15 11:08:17.701 19748 32556 W ProxyAndroidLoggerBackend: Too many Flogger logs received before configuration. Dropping old logs.
03-15 11:08:17.701 19748 32557 W ProxyAndroidLoggerBackend: Too many Flogger logs received before configuration. Dropping old logs.
03-15 11:08:17.702 19748 32557 W ProxyAndroidLoggerBackend: Too many Flogger logs received before configuration. Dropping old logs.
03-15 11:08:17.703 19748 32555 W ProxyAndroidLoggerBackend: Too many Flogger logs received before configuration. Dropping old logs.
03-15 11:08:17.703 19748 32347 V [MYTAG][main][Device]: 666 dev is connected:true
03-15 11:08:17.703 19748 32556 W ProxyAndroidLoggerBackend: Too many Flogger logs received before configuration. Dropping old logs.
03-15 11:08:17.704 19748 32556 I chatty  : uid=10291(com.vidure.app) identical 1 line
03-15 11:08:17.704 19748 32556 W ProxyAndroidLoggerBackend: Too many Flogger logs received before configuration. Dropping old logs.
03-15 11:08:17.705 19748 32555 W ProxyAndroidLoggerBackend: Too many Flogger logs received before configuration. Dropping old logs.
03-15 11:08:17.705 19748 32556 W ProxyAndroidLoggerBackend: Too many Flogger logs received before configuration. Dropping old logs.
03-15 11:08:17.706 19748 32347 V [MYTAG][main][CameraPreviewActivity]: rev msg1:264454
03-15 11:08:17.706 19748 32556 W ProxyAndroidLoggerBackend: Too many Flogger logs received before configuration. Dropping old logs.
03-15 11:08:17.707 19748 32347 V [MYTAG][main][Device]: 666 dev is connected:true
03-15 11:08:17.707 19748 32347 V [MYTAG][main][CameraPreviewActivity]: rev msg1:589832
03-15 11:08:17.707 19748 32556 W ProxyAndroidLoggerBackend: Too many Flogger logs received before configuration. Dropping old logs.
03-15 11:08:17.708 19748 32555 W ProxyAndroidLoggerBackend: Too many Flogger logs received before configuration. Dropping old logs.
03-15 11:08:17.708 19748 32555 W ProxyAndroidLoggerBackend: Too many Flogger logs received before configuration. Dropping old logs.
03-15 11:08:17.708 19748 32557 W ProxyAndroidLoggerBackend: Too many Flogger logs received before configuration. Dropping old logs.
03-15 11:08:17.709 19748 32556 W ProxyAndroidLoggerBackend: Too many Flogger logs received before configuration. Dropping old logs.
03-15 11:08:17.709 19748 32555 W ProxyAndroidLoggerBackend: Too many Flogger logs received before configuration. Dropping old logs.
03-15 11:08:18.499 19748 32462 I System.out: (HTTPLog)-Static: isSBSettingEnabled false
03-15 11:08:18.499 19748 32462 I System.out: (HTTPLog)-Static: isSBSettingEnabled false
03-15 11:08:18.575 19748 32594 W System  : Ignoring header sessionid because its value was null.
03-15 11:08:18.575 19748 32347 V [MYTAG][HeartbeatMgr][RemoteOptor]: ----
03-15 11:08:18.575 19748 32347 V [MYTAG][HeartbeatMgr][RemoteOptor]: [CMD]Basic_Msg_MailBox
03-15 11:08:18.575 19748 32347 V [MYTAG][HeartbeatMgr][RemoteOptor]: [PARAM]null
03-15 11:08:18.575 19748 32347 V [MYTAG][HeartbeatMgr][HttpTransportLayer]: [HTTP SEND GET]
03-15 11:08:18.575 19748 32347 V [MYTAG][HeartbeatMgr][HttpTransportLayer]: 	 url:http://192.168.0.1:80/app/getparamvalue?param=rec
03-15 11:08:18.575 19748 32594 I System.out: (HTTPLog)-Static: isSBSettingEnabled false
03-15 11:08:18.576 19748 32594 I System.out: (HTTPLog)-Static: isSBSettingEnabled false
03-15 11:08:18.601 19748 32347 V [MYTAG][HeartbeatMgr][HttpTransportLayer]: [HTTP RSP]
03-15 11:08:18.601 19748 32347 V [MYTAG][HeartbeatMgr][HttpTransportLayer]: 	 errcode:0
03-15 11:08:18.601 19748 32347 V [MYTAG][HeartbeatMgr][HttpTransportLayer]: 	[content]{"result":0,"info":{"value":0}}
03-15 11:08:18.601 19748 32347 V [MYTAG][HeartbeatMgr][HttpTransportLayer]: -----------------------------------------
03-15 11:08:20.640 19748 32347 V [MYTAG][mail_tcp_socket][ViiSocketMailDataPhraser]: ------------mail---------------
03-15 11:08:20.640 19748 32347 V [MYTAG][mail_tcp_socket][ViiSocketMailDataPhraser]: {"msgid":"battery","info":{"capacity":82,"charge":0},"time":1773572901}
03-15 11:08:20.645 19748 32347 V [MYTAG][main][Device]: 666 dev is connected:true
03-15 11:08:20.647 19748 32593 W System  : Ignoring header sessionid because its value was null.
03-15 11:08:20.647 19748 32593 I System.out: (HTTPLog)-Static: isSBSettingEnabled false
03-15 11:08:20.647 19748 32593 I System.out: (HTTPLog)-Static: isSBSettingEnabled false
03-15 11:08:20.650 19748 32347 V [MYTAG][mail_tcp_socket][ViiSocketMailDataPhraser]: ------------mail---------------
03-15 11:08:20.650 19748 32347 V [MYTAG][mail_tcp_socket][ViiSocketMailDataPhraser]: {"msgid":"sd","info":{"status":0},"time":1773572901}
03-15 11:08:20.650 19748 32347 V [MYTAG][mail_tcp_socket][RemoteOptor]: ----
03-15 11:08:20.650 19748 32347 V [MYTAG][mail_tcp_socket][RemoteOptor]: [CMD]DEV_SDCARD_STATUS_QUERY
03-15 11:08:20.650 19748 32347 V [MYTAG][mail_tcp_socket][RemoteOptor]: [PARAM]null
03-15 11:08:20.651 19748 32347 V [MYTAG][mail_tcp_socket][HttpTransportLayer]: [HTTP SEND GET]
03-15 11:08:20.651 19748 32347 V [MYTAG][mail_tcp_socket][HttpTransportLayer]: 	 url:http://192.168.0.1:80/app/getsdinfo
03-15 11:08:20.687 19748 32347 V [MYTAG][mail_tcp_socket][HttpTransportLayer]: [HTTP RSP]
03-15 11:08:20.687 19748 32347 V [MYTAG][mail_tcp_socket][HttpTransportLayer]: 	 errcode:0
03-15 11:08:20.687 19748 32347 V [MYTAG][mail_tcp_socket][HttpTransportLayer]: 	[content]{"result":0,"info":{"status":0,"free":258,"total":1883}}
03-15 11:08:20.687 19748 32347 V [MYTAG][mail_tcp_socket][HttpTransportLayer]: -----------------------------------------
03-15 11:08:20.715 19748 19748 W ProxyAndroidLoggerBackend: Too many Flogger logs received before configuration. Dropping old logs.
03-15 11:08:20.741 19748 19748 I chatty  : uid=10291(com.vidure.app) identical 7 lines
03-15 11:08:20.750 19748 19748 W ProxyAndroidLoggerBackend: Too many Flogger logs received before configuration. Dropping old logs.
03-15 11:08:20.754 19748 32556 W ProxyAndroidLoggerBackend: Too many Flogger logs received before configuration. Dropping old logs.
03-15 11:08:20.755 19748 32556 W ProxyAndroidLoggerBackend: Too many Flogger logs received before configuration. Dropping old logs.
03-15 11:08:20.756 19748 32557 W ProxyAndroidLoggerBackend: Too many Flogger logs received before configuration. Dropping old logs.
03-15 11:08:20.757 19748 32347 V [MYTAG][main][Device]: 666 dev is connected:true
03-15 11:08:20.757 19748 32347 V [MYTAG][main][CameraPreviewActivity]: rev msg1:264454
03-15 11:08:20.757 19748 32347 V [MYTAG][main][Device]: 666 dev is connected:true
03-15 11:08:20.757 19748 32347 V [MYTAG][main][CameraPreviewActivity]: rev msg1:589832
03-15 11:08:20.758 19748 32557 W ProxyAndroidLoggerBackend: Too many Flogger logs received before configuration. Dropping old logs.
03-15 11:08:20.759 19748 32557 W ProxyAndroidLoggerBackend: Too many Flogger logs received before configuration. Dropping old logs.
03-15 11:08:20.762 19748 32556 W ProxyAndroidLoggerBackend: Too many Flogger logs received before configuration. Dropping old logs.
03-15 11:08:20.763 19748 32555 W ProxyAndroidLoggerBackend: Too many Flogger logs received before configuration. Dropping old logs.
03-15 11:08:20.763 19748 32557 W ProxyAndroidLoggerBackend: Too many Flogger logs received before configuration. Dropping old logs.
03-15 11:08:20.764 19748 32556 W ProxyAndroidLoggerBackend: Too many Flogger logs received before configuration. Dropping old logs.
03-15 11:08:20.764 19748 32555 W ProxyAndroidLoggerBackend: Too many Flogger logs received before configuration. Dropping old logs.
03-15 11:08:20.764 19748 32555 W ProxyAndroidLoggerBackend: Too many Flogger logs received before configuration. Dropping old logs.
03-15 11:08:20.764 19748 32556 W ProxyAndroidLoggerBackend: Too many Flogger logs received before configuration. Dropping old logs.
03-15 11:08:20.765 19748 32556 W ProxyAndroidLoggerBackend: Too many Flogger logs received before configuration. Dropping old logs.
03-15 11:08:20.765 19748 32555 W ProxyAndroidLoggerBackend: Too many Flogger logs received before configuration. Dropping old logs.
03-15 11:08:20.765 19748 32556 W ProxyAndroidLoggerBackend: Too many Flogger logs received before configuration. Dropping old logs.
03-15 11:08:20.765 19748 32556 W ProxyAndroidLoggerBackend: Too many Flogger logs received before configuration. Dropping old logs.
03-15 11:08:20.766 19748 32555 W ProxyAndroidLoggerBackend: Too many Flogger logs received before configuration. Dropping old logs.
03-15 11:08:20.767 19748 32557 W ProxyAndroidLoggerBackend: Too many Flogger logs received before configuration. Dropping old logs.
03-15 11:08:22.368 19748 32347 D [MYTAG][main][SystemLocationClientImpl]: onLocationChanged GPS data:精度=7.504 速度=0.0 海拔=326.3865966796875 经纬度=49.3334026, 7.05263261
03-15 11:08:22.370 19748 32347 D [MYTAG][main][SystemLocationClientImpl]: 当前信号强度: 3
03-15 11:08:22.574 19748 32594 W System  : Ignoring header sessionid because its value was null.
03-15 11:08:22.574 19748 32347 V [MYTAG][HeartbeatMgr][RemoteOptor]: ----
03-15 11:08:22.574 19748 32347 V [MYTAG][HeartbeatMgr][RemoteOptor]: [CMD]Basic_Msg_MailBox
03-15 11:08:22.574 19748 32347 V [MYTAG][HeartbeatMgr][RemoteOptor]: [PARAM]null
03-15 11:08:22.575 19748 32594 I System.out: (HTTPLog)-Static: isSBSettingEnabled false
03-15 11:08:22.575 19748 32594 I System.out: (HTTPLog)-Static: isSBSettingEnabled false
03-15 11:08:22.575 19748 32347 V [MYTAG][HeartbeatMgr][HttpTransportLayer]: [HTTP SEND GET]
03-15 11:08:22.575 19748 32347 V [MYTAG][HeartbeatMgr][HttpTransportLayer]: 	 url:http://192.168.0.1:80/app/getparamvalue?param=rec
03-15 11:08:22.606 19748 32347 V [MYTAG][HeartbeatMgr][HttpTransportLayer]: [HTTP RSP]
03-15 11:08:22.606 19748 32347 V [MYTAG][HeartbeatMgr][HttpTransportLayer]: 	 errcode:0
03-15 11:08:22.606 19748 32347 V [MYTAG][HeartbeatMgr][HttpTransportLayer]: 	[content]{"result":0,"info":{"value":0}}
03-15 11:08:22.606 19748 32347 V [MYTAG][HeartbeatMgr][HttpTransportLayer]: -----------------------------------------
03-15 11:08:22.625 19748 32347 V [MYTAG][DefaultDispatcher-worker-2][Device]: 666 dev is connected:true
03-15 11:08:23.652 19748 32347 V [MYTAG][mail_tcp_socket][ViiSocketMailDataPhraser]: ------------mail---------------
03-15 11:08:23.652 19748 32347 V [MYTAG][mail_tcp_socket][ViiSocketMailDataPhraser]: {"msgid":"battery","info":{"capacity":82,"charge":0},"time":1773572904}
03-15 11:08:23.656 19748 32593 W System  : Ignoring header sessionid because its value was null.
03-15 11:08:23.657 19748 32347 V [MYTAG][mail_tcp_socket][ViiSocketMailDataPhraser]: ------------mail---------------
03-15 11:08:23.657 19748 32347 V [MYTAG][mail_tcp_socket][ViiSocketMailDataPhraser]: {"msgid":"sd","info":{"status":0},"time":1773572904}
03-15 11:08:23.657 19748 32347 V [MYTAG][mail_tcp_socket][RemoteOptor]: ----
03-15 11:08:23.657 19748 32347 V [MYTAG][mail_tcp_socket][RemoteOptor]: [CMD]DEV_SDCARD_STATUS_QUERY
03-15 11:08:23.657 19748 32347 V [MYTAG][mail_tcp_socket][RemoteOptor]: [PARAM]null
03-15 11:08:23.657 19748 32593 I System.out: (HTTPLog)-Static: isSBSettingEnabled false
03-15 11:08:23.657 19748 32593 I System.out: (HTTPLog)-Static: isSBSettingEnabled false
03-15 11:08:23.658 19748 32347 V [MYTAG][mail_tcp_socket][HttpTransportLayer]: [HTTP SEND GET]
03-15 11:08:23.658 19748 32347 V [MYTAG][mail_tcp_socket][HttpTransportLayer]: 	 url:http://192.168.0.1:80/app/getsdinfo
03-15 11:08:23.660 19748 32347 V [MYTAG][main][Device]: 666 dev is connected:true
03-15 11:08:23.699 19748 32347 V [MYTAG][mail_tcp_socket][HttpTransportLayer]: [HTTP RSP]
03-15 11:08:23.699 19748 32347 V [MYTAG][mail_tcp_socket][HttpTransportLayer]: 	 errcode:0
03-15 11:08:23.699 19748 32347 V [MYTAG][mail_tcp_socket][HttpTransportLayer]: 	[content]{"result":0,"info":{"status":0,"free":258,"total":1883}}
03-15 11:08:23.699 19748 32347 V [MYTAG][mail_tcp_socket][HttpTransportLayer]: -----------------------------------------
03-15 11:08:23.726 19748 19748 W ProxyAndroidLoggerBackend: Too many Flogger logs received before configuration. Dropping old logs.
03-15 11:08:23.739 19748 19748 I chatty  : uid=10291(com.vidure.app) identical 7 lines
03-15 11:08:23.749 19748 19748 W ProxyAndroidLoggerBackend: Too many Flogger logs received before configuration. Dropping old logs.
03-15 11:08:23.750 19748 32557 W ProxyAndroidLoggerBackend: Too many Flogger logs received before configuration. Dropping old logs.
03-15 11:08:23.750 19748 32557 W ProxyAndroidLoggerBackend: Too many Flogger logs received before configuration. Dropping old logs.
03-15 11:08:23.750 19748 32555 W ProxyAndroidLoggerBackend: Too many Flogger logs received before configuration. Dropping old logs.
03-15 11:08:23.752 19748 32555 I chatty  : uid=10291(com.vidure.app) identical 6 lines
03-15 11:08:23.752 19748 32555 W ProxyAndroidLoggerBackend: Too many Flogger logs received before configuration. Dropping old logs.
03-15 11:08:23.753 19748 32557 W ProxyAndroidLoggerBackend: Too many Flogger logs received before configuration. Dropping old logs.
03-15 11:08:23.753 19748 32557 I chatty  : uid=10291(com.vidure.app) identical 3 lines
03-15 11:08:23.754 19748 32557 W ProxyAndroidLoggerBackend: Too many Flogger logs received before configuration. Dropping old logs.
03-15 11:08:23.754 19748 32347 V [MYTAG][main][Device]: 666 dev is connected:true
03-15 11:08:23.754 19748 32557 W ProxyAndroidLoggerBackend: Too many Flogger logs received before configuration. Dropping old logs.
03-15 11:08:23.754 19748 32557 W ProxyAndroidLoggerBackend: Too many Flogger logs received before configuration. Dropping old logs.
03-15 11:08:23.755 19748 32556 W ProxyAndroidLoggerBackend: Too many Flogger logs received before configuration. Dropping old logs.
03-15 11:08:23.756 19748 32347 V [MYTAG][main][CameraPreviewActivity]: rev msg1:264454
03-15 11:08:23.757 19748 32347 V [MYTAG][main][Device]: 666 dev is connected:true
03-15 11:08:23.757 19748 32347 V [MYTAG][main][CameraPreviewActivity]: rev msg1:589832
03-15 11:08:26.575 19748 32594 W System  : Ignoring header sessionid because its value was null.
03-15 11:08:26.575 19748 32594 I System.out: (HTTPLog)-Static: isSBSettingEnabled false
03-15 11:08:26.576 19748 32347 V [MYTAG][HeartbeatMgr][RemoteOptor]: ----
03-15 11:08:26.576 19748 32347 V [MYTAG][HeartbeatMgr][RemoteOptor]: [CMD]Basic_Msg_MailBox
03-15 11:08:26.576 19748 32347 V [MYTAG][HeartbeatMgr][RemoteOptor]: [PARAM]null
03-15 11:08:26.576 19748 32594 I System.out: (HTTPLog)-Static: isSBSettingEnabled false
03-15 11:08:26.576 19748 32347 V [MYTAG][HeartbeatMgr][HttpTransportLayer]: [HTTP SEND GET]
03-15 11:08:26.576 19748 32347 V [MYTAG][HeartbeatMgr][HttpTransportLayer]: 	 url:http://192.168.0.1:80/app/getparamvalue?param=rec
03-15 11:08:26.638 19748 32347 V [MYTAG][HeartbeatMgr][HttpTransportLayer]: [HTTP RSP]
03-15 11:08:26.638 19748 32347 V [MYTAG][HeartbeatMgr][HttpTransportLayer]: 	 errcode:0
03-15 11:08:26.638 19748 32347 V [MYTAG][HeartbeatMgr][HttpTransportLayer]: 	[content]{"result":0,"info":{"value":0}}
03-15 11:08:26.638 19748 32347 V [MYTAG][HeartbeatMgr][HttpTransportLayer]: -----------------------------------------
03-15 11:08:26.661 19748 32347 V [MYTAG][mail_tcp_socket][ViiSocketMailDataPhraser]: ------------mail---------------
03-15 11:08:26.661 19748 32347 V [MYTAG][mail_tcp_socket][ViiSocketMailDataPhraser]: {"msgid":"battery","info":{"capacity":82,"charge":0},"time":1773572907}
03-15 11:08:26.667 19748 32347 V [MYTAG][main][Device]: 666 dev is connected:true
03-15 11:08:26.688 19748 32347 V [MYTAG][mail_tcp_socket][ViiSocketMailDataPhraser]: ------------mail---------------
03-15 11:08:26.688 19748 32347 V [MYTAG][mail_tcp_socket][ViiSocketMailDataPhraser]: {"msgid":"sd","info":{"status":0},"time":1773572907}
03-15 11:08:26.689 19748 32347 V [MYTAG][mail_tcp_socket][RemoteOptor]: ----
03-15 11:08:26.689 19748 32347 V [MYTAG][mail_tcp_socket][RemoteOptor]: [CMD]DEV_SDCARD_STATUS_QUERY
03-15 11:08:26.689 19748 32347 V [MYTAG][mail_tcp_socket][RemoteOptor]: [PARAM]null
03-15 11:08:26.689 19748 32347 V [MYTAG][mail_tcp_socket][HttpTransportLayer]: [HTTP SEND GET]
03-15 11:08:26.689 19748 32347 V [MYTAG][mail_tcp_socket][HttpTransportLayer]: 	 url:http://192.168.0.1:80/app/getsdinfo
03-15 11:08:26.689 19748 32593 W System  : Ignoring header sessionid because its value was null.
03-15 11:08:26.689 19748 19748 W ProxyAndroidLoggerBackend: Too many Flogger logs received before configuration. Dropping old logs.
03-15 11:08:26.689 19748 32593 I System.out: (HTTPLog)-Static: isSBSettingEnabled false
03-15 11:08:26.690 19748 32593 I System.out: (HTTPLog)-Static: isSBSettingEnabled false
03-15 11:08:26.693 19748 19748 W ProxyAndroidLoggerBackend: Too many Flogger logs received before configuration. Dropping old logs.
03-15 11:08:26.703 19748 19748 I chatty  : uid=10291(com.vidure.app) identical 5 lines
03-15 11:08:26.704 19748 19748 W ProxyAndroidLoggerBackend: Too many Flogger logs received before configuration. Dropping old logs.
03-15 11:08:26.713 19748 32556 W ProxyAndroidLoggerBackend: Too many Flogger logs received before configuration. Dropping old logs.
03-15 11:08:26.713 19748 32556 W ProxyAndroidLoggerBackend: Too many Flogger logs received before configuration. Dropping old logs.
03-15 11:08:26.713 19748 19748 W ProxyAndroidLoggerBackend: Too many Flogger logs received before configuration. Dropping old logs.
03-15 11:08:26.713 19748 32556 W ProxyAndroidLoggerBackend: Too many Flogger logs received before configuration. Dropping old logs.
03-15 11:08:26.715 19748 32556 I chatty  : uid=10291(com.vidure.app) identical 6 lines
03-15 11:08:26.716 19748 32556 W ProxyAndroidLoggerBackend: Too many Flogger logs received before configuration. Dropping old logs.
03-15 11:08:26.717 19748 32555 W ProxyAndroidLoggerBackend: Too many Flogger logs received before configuration. Dropping old logs.
03-15 11:08:26.718 19748 32555 I chatty  : uid=10291(com.vidure.app) identical 3 lines
03-15 11:08:26.718 19748 32555 W ProxyAndroidLoggerBackend: Too many Flogger logs received before configuration. Dropping old logs.
03-15 11:08:26.718 19748 32347 V [MYTAG][main][Device]: 666 dev is connected:true
03-15 11:08:26.719 19748 32555 W ProxyAndroidLoggerBackend: Too many Flogger logs received before configuration. Dropping old logs.
03-15 11:08:26.719 19748 32555 W ProxyAndroidLoggerBackend: Too many Flogger logs received before configuration. Dropping old logs.
03-15 11:08:26.721 19748 32347 V [MYTAG][main][CameraPreviewActivity]: rev msg1:264454
03-15 11:08:26.721 19748 32557 W ProxyAndroidLoggerBackend: Too many Flogger logs received before configuration. Dropping old logs.
03-15 11:08:26.744 19748 32347 V [MYTAG][mail_tcp_socket][HttpTransportLayer]: [HTTP RSP]
03-15 11:08:26.744 19748 32347 V [MYTAG][mail_tcp_socket][HttpTransportLayer]: 	 errcode:0
03-15 11:08:26.744 19748 32347 V [MYTAG][mail_tcp_socket][HttpTransportLayer]: 	[content]{"result":0,"info":{"status":0,"free":258,"total":1883}}
03-15 11:08:26.744 19748 32347 V [MYTAG][mail_tcp_socket][HttpTransportLayer]: -----------------------------------------
03-15 11:08:26.745 19748 32347 V [MYTAG][main][Device]: 666 dev is connected:true
03-15 11:08:26.745 19748 32347 V [MYTAG][main][CameraPreviewActivity]: rev msg1:589832
03-15 11:08:28.701 19748 32470 W System.err: java.net.SocketTimeoutException: failed to connect to /180.76.76.200 (port 443) from /192.168.0.100 (port 51100) after 30000ms
03-15 11:08:28.702 19748 32470 W System.err: 	at libcore.io.IoBridge.connectErrno(IoBridge.java:191)
03-15 11:08:28.702 19748 32470 W System.err: 	at libcore.io.IoBridge.connect(IoBridge.java:135)
03-15 11:08:28.702 19748 32470 W System.err: 	at java.net.PlainSocketImpl.socketConnect(PlainSocketImpl.java:142)
03-15 11:08:28.702 19748 32470 W System.err: 	at java.net.AbstractPlainSocketImpl.doConnect(AbstractPlainSocketImpl.java:390)
03-15 11:08:28.702 19748 32470 W System.err: 	at java.net.AbstractPlainSocketImpl.connectToAddress(AbstractPlainSocketImpl.java:230)
03-15 11:08:28.702 19748 32470 W System.err: 	at java.net.AbstractPlainSocketImpl.connect(AbstractPlainSocketImpl.java:212)
03-15 11:08:28.702 19748 32470 W System.err: 	at java.net.SocksSocketImpl.connect(SocksSocketImpl.java:436)
03-15 11:08:28.702 19748 32470 W System.err: 	at java.net.Socket.connect(Socket.java:621)
03-15 11:08:28.702 19748 32470 W System.err: 	at com.android.okhttp.internal.Platform.connectSocket(Platform.java:182)
03-15 11:08:28.702 19748 32470 W System.err: 	at com.android.okhttp.internal.io.RealConnection.connectSocket(RealConnection.java:1407)
03-15 11:08:28.702 19748 32470 W System.err: 	at com.android.okhttp.internal.io.RealConnection.connect(RealConnection.java:1359)
03-15 11:08:28.702 19748 32470 W System.err: 	at com.android.okhttp.internal.http.StreamAllocation.findConnection(StreamAllocation.java:221)
03-15 11:08:28.702 19748 32470 W System.err: 	at com.android.okhttp.internal.http.StreamAllocation.findHealthyConnection(StreamAllocation.java:144)
03-15 11:08:28.703 19748 32470 W System.err: 	at com.android.okhttp.internal.http.StreamAllocation.newStream(StreamAllocation.java:106)
03-15 11:08:28.703 19748 32470 W System.err: 	at com.android.okhttp.internal.http.HttpEngine.connect(HttpEngine.java:400)
03-15 11:08:28.703 19748 32470 W System.err: 	at com.android.okhttp.internal.http.HttpEngine.sendRequest(HttpEngine.java:333)
03-15 11:08:28.703 19748 32470 W System.err: 	at com.android.okhttp.internal.huc.HttpURLConnectionImpl.execute(HttpURLConnectionImpl.java:483)
03-15 11:08:28.703 19748 32470 W System.err: 	at com.android.okhttp.internal.huc.HttpURLConnectionImpl.connect(HttpURLConnectionImpl.java:135)
03-15 11:08:28.703 19748 32470 W System.err: 	at com.android.okhttp.internal.huc.DelegatingHttpsURLConnection.connect(DelegatingHttpsURLConnection.java:90)
03-15 11:08:28.703 19748 32470 W System.err: 	at com.android.okhttp.internal.huc.HttpsURLConnectionImpl.connect(HttpsURLConnectionImpl.java:30)
03-15 11:08:28.703 19748 32470 W System.err: 	at com.baidu.a.g$b.a(SourceFile:4)
03-15 11:08:28.703 19748 32470 W System.err: 	at com.baidu.a.g$b.a(SourceFile:3)
03-15 11:08:28.703 19748 32470 W System.err: 	at com.baidu.a.g$b.run(Unknown Source:2)
03-15 11:08:28.703 19748 32470 W System.err: 	at java.util.concurrent.ThreadPoolExecutor.runWorker(ThreadPoolExecutor.java:1167)
03-15 11:08:28.703 19748 32470 W System.err: 	at java.util.concurrent.ThreadPoolExecutor$Worker.run(ThreadPoolExecutor.java:641)
03-15 11:08:28.703 19748 32470 W System.err: 	at java.lang.Thread.run(Thread.java:919)
03-15 11:08:29.670 19748 32347 V [MYTAG][mail_tcp_socket][ViiSocketMailDataPhraser]: ------------mail---------------
03-15 11:08:29.670 19748 32347 V [MYTAG][mail_tcp_socket][ViiSocketMailDataPhraser]: {"msgid":"battery","info":{"capacity":82,"charge":0},"time":1773572910}
03-15 11:08:29.672 19748 32347 V [MYTAG][mail_tcp_socket][ViiSocketMailDataPhraser]: ------------mail---------------
03-15 11:08:29.672 19748 32347 V [MYTAG][mail_tcp_socket][ViiSocketMailDataPhraser]: {"msgid":"sd","info":{"status":0},"time":1773572910}
03-15 11:08:29.672 19748 32593 W System  : Ignoring header sessionid because its value was null.
03-15 11:08:29.672 19748 32593 I System.out: (HTTPLog)-Static: isSBSettingEnabled false
03-15 11:08:29.673 19748 32593 I System.out: (HTTPLog)-Static: isSBSettingEnabled false
03-15 11:08:29.675 19748 32347 V [MYTAG][mail_tcp_socket][RemoteOptor]: ----
03-15 11:08:29.675 19748 32347 V [MYTAG][mail_tcp_socket][RemoteOptor]: [CMD]DEV_SDCARD_STATUS_QUERY
03-15 11:08:29.675 19748 32347 V [MYTAG][mail_tcp_socket][RemoteOptor]: [PARAM]null
03-15 11:08:29.675 19748 32347 V [MYTAG][mail_tcp_socket][HttpTransportLayer]: [HTTP SEND GET]
03-15 11:08:29.675 19748 32347 V [MYTAG][mail_tcp_socket][HttpTransportLayer]: 	 url:http://192.168.0.1:80/app/getsdinfo
03-15 11:08:29.676 19748 32347 V [MYTAG][main][Device]: 666 dev is connected:true
03-15 11:08:29.706 19748 32347 V [MYTAG][mail_tcp_socket][HttpTransportLayer]: [HTTP RSP]
03-15 11:08:29.706 19748 32347 V [MYTAG][mail_tcp_socket][HttpTransportLayer]: 	 errcode:0
03-15 11:08:29.706 19748 32347 V [MYTAG][mail_tcp_socket][HttpTransportLayer]: 	[content]{"result":0,"info":{"status":0,"free":258,"total":1883}}
03-15 11:08:29.706 19748 32347 V [MYTAG][mail_tcp_socket][HttpTransportLayer]: -----------------------------------------
03-15 11:08:29.746 19748 19748 W ProxyAndroidLoggerBackend: Too many Flogger logs received before configuration. Dropping old logs.
03-15 11:08:29.750 19748 19748 W ProxyAndroidLoggerBackend: Too many Flogger logs received before configuration. Dropping old logs.
03-15 11:08:29.758 19748 19748 I chatty  : uid=10291(com.vidure.app) identical 6 lines
03-15 11:08:29.766 19748 19748 W ProxyAndroidLoggerBackend: Too many Flogger logs received before configuration. Dropping old logs.
03-15 11:08:29.767 19748 32557 W ProxyAndroidLoggerBackend: Too many Flogger logs received before configuration. Dropping old logs.
03-15 11:08:29.767 19748 32557 I chatty  : uid=10291(com.vidure.app) identical 2 lines
03-15 11:08:29.768 19748 32557 W ProxyAndroidLoggerBackend: Too many Flogger logs received before configuration. Dropping old logs.
03-15 11:08:29.768 19748 32555 W ProxyAndroidLoggerBackend: Too many Flogger logs received before configuration. Dropping old logs.
03-15 11:08:29.768 19748 32556 W ProxyAndroidLoggerBackend: Too many Flogger logs received before configuration. Dropping old logs.
03-15 11:08:29.769 19748 32557 W ProxyAndroidLoggerBackend: Too many Flogger logs received before configuration. Dropping old logs.
03-15 11:08:29.770 19748 32557 I chatty  : uid=10291(com.vidure.app) identical 6 lines
03-15 11:08:29.771 19748 32557 W ProxyAndroidLoggerBackend: Too many Flogger logs received before configuration. Dropping old logs.
03-15 11:08:29.771 19748 32556 W ProxyAndroidLoggerBackend: Too many Flogger logs received before configuration. Dropping old logs.
03-15 11:08:29.772 19748 32556 I chatty  : uid=10291(com.vidure.app) identical 1 line
03-15 11:08:29.772 19748 32556 W ProxyAndroidLoggerBackend: Too many Flogger logs received before configuration. Dropping old logs.
03-15 11:08:29.774 19748 32347 V [MYTAG][main][Device]: 666 dev is connected:true
03-15 11:08:29.777 19748 32555 W ProxyAndroidLoggerBackend: Too many Flogger logs received before configuration. Dropping old logs.
03-15 11:08:29.777 19748 32347 V [MYTAG][main][CameraPreviewActivity]: rev msg1:264454
03-15 11:08:29.778 19748 32347 V [MYTAG][main][Device]: 666 dev is connected:true
03-15 11:08:29.778 19748 32347 V [MYTAG][main][CameraPreviewActivity]: rev msg1:589832
03-15 11:08:30.575 19748 32594 W System  : Ignoring header sessionid because its value was null.
03-15 11:08:30.576 19748 32594 I System.out: (HTTPLog)-Static: isSBSettingEnabled false
03-15 11:08:30.576 19748 32594 I System.out: (HTTPLog)-Static: isSBSettingEnabled false
03-15 11:08:30.578 19748 32347 V [MYTAG][HeartbeatMgr][RemoteOptor]: ----
03-15 11:08:30.578 19748 32347 V [MYTAG][HeartbeatMgr][RemoteOptor]: [CMD]Basic_Msg_MailBox
03-15 11:08:30.578 19748 32347 V [MYTAG][HeartbeatMgr][RemoteOptor]: [PARAM]null
03-15 11:08:30.578 19748 32347 V [MYTAG][HeartbeatMgr][HttpTransportLayer]: [HTTP SEND GET]
03-15 11:08:30.578 19748 32347 V [MYTAG][HeartbeatMgr][HttpTransportLayer]: 	 url:http://192.168.0.1:80/app/getparamvalue?param=rec
03-15 11:08:30.618 19748 32347 V [MYTAG][HeartbeatMgr][HttpTransportLayer]: [HTTP RSP]
03-15 11:08:30.618 19748 32347 V [MYTAG][HeartbeatMgr][HttpTransportLayer]: 	 errcode:0
03-15 11:08:30.618 19748 32347 V [MYTAG][HeartbeatMgr][HttpTransportLayer]: 	[content]{"result":0,"info":{"value":0}}
03-15 11:08:30.618 19748 32347 V [MYTAG][HeartbeatMgr][HttpTransportLayer]: -----------------------------------------
03-15 11:08:32.684 19748 32347 V [MYTAG][mail_tcp_socket][ViiSocketMailDataPhraser]: ------------mail---------------
03-15 11:08:32.684 19748 32347 V [MYTAG][mail_tcp_socket][ViiSocketMailDataPhraser]: {"msgid":"battery","info":{"capacity":82,"charge":0},"time":1773572913}
03-15 11:08:32.686 19748 32347 V [MYTAG][main][Device]: 666 dev is connected:true
03-15 11:08:32.695 19748 32593 W System  : Ignoring header sessionid because its value was null.
03-15 11:08:32.695 19748 32593 I System.out: (HTTPLog)-Static: isSBSettingEnabled false
03-15 11:08:32.695 19748 32593 I System.out: (HTTPLog)-Static: isSBSettingEnabled false
03-15 11:08:32.698 19748 32347 V [MYTAG][mail_tcp_socket][ViiSocketMailDataPhraser]: ------------mail---------------
03-15 11:08:32.698 19748 32347 V [MYTAG][mail_tcp_socket][ViiSocketMailDataPhraser]: {"msgid":"sd","info":{"status":0},"time":1773572913}
03-15 11:08:32.699 19748 32347 V [MYTAG][mail_tcp_socket][RemoteOptor]: ----
03-15 11:08:32.699 19748 32347 V [MYTAG][mail_tcp_socket][RemoteOptor]: [CMD]DEV_SDCARD_STATUS_QUERY
03-15 11:08:32.699 19748 32347 V [MYTAG][mail_tcp_socket][RemoteOptor]: [PARAM]null
03-15 11:08:32.699 19748 32347 V [MYTAG][mail_tcp_socket][HttpTransportLayer]: [HTTP SEND GET]
03-15 11:08:32.699 19748 32347 V [MYTAG][mail_tcp_socket][HttpTransportLayer]: 	 url:http://192.168.0.1:80/app/getsdinfo
03-15 11:08:32.728 19748 32347 V [MYTAG][mail_tcp_socket][HttpTransportLayer]: [HTTP RSP]
03-15 11:08:32.728 19748 32347 V [MYTAG][mail_tcp_socket][HttpTransportLayer]: 	 errcode:0
03-15 11:08:32.728 19748 32347 V [MYTAG][mail_tcp_socket][HttpTransportLayer]: 	[content]{"result":0,"info":{"status":0,"free":258,"total":1883}}
03-15 11:08:32.728 19748 32347 V [MYTAG][mail_tcp_socket][HttpTransportLayer]: -----------------------------------------
03-15 11:08:32.739 19748 19748 W ProxyAndroidLoggerBackend: Too many Flogger logs received before configuration. Dropping old logs.
03-15 11:08:32.749 19748 19748 I chatty  : uid=10291(com.vidure.app) identical 6 lines
03-15 11:08:32.750 19748 19748 W ProxyAndroidLoggerBackend: Too many Flogger logs received before configuration. Dropping old logs.
03-15 11:08:32.755 19748 32556 W ProxyAndroidLoggerBackend: Too many Flogger logs received before configuration. Dropping old logs.
03-15 11:08:32.756 19748 32556 I chatty  : uid=10291(com.vidure.app) identical 6 lines
03-15 11:08:32.757 19748 32556 W ProxyAndroidLoggerBackend: Too many Flogger logs received before configuration. Dropping old logs.
03-15 11:08:32.757 19748 32555 W ProxyAndroidLoggerBackend: Too many Flogger logs received before configuration. Dropping old logs.
03-15 11:08:32.757 19748 32555 I chatty  : uid=10291(com.vidure.app) identical 1 line
03-15 11:08:32.757 19748 32555 W ProxyAndroidLoggerBackend: Too many Flogger logs received before configuration. Dropping old logs.
03-15 11:08:32.758 19748 19748 W ProxyAndroidLoggerBackend: Too many Flogger logs received before configuration. Dropping old logs.
03-15 11:08:32.758 19748 32555 W ProxyAndroidLoggerBackend: Too many Flogger logs received before configuration. Dropping old logs.
03-15 11:08:32.759 19748 32555 I chatty  : uid=10291(com.vidure.app) identical 4 lines
03-15 11:08:32.759 19748 32555 W ProxyAndroidLoggerBackend: Too many Flogger logs received before configuration. Dropping old logs.
03-15 11:08:32.760 19748 32557 W ProxyAndroidLoggerBackend: Too many Flogger logs received before configuration. Dropping old logs.
03-15 11:08:32.767 19748 32347 V [MYTAG][main][Device]: 666 dev is connected:true
03-15 11:08:32.769 19748 32347 V [MYTAG][main][CameraPreviewActivity]: rev msg1:264454
03-15 11:08:32.769 19748 32347 V [MYTAG][main][Device]: 666 dev is connected:true
03-15 11:08:32.769 19748 32347 V [MYTAG][main][CameraPreviewActivity]: rev msg1:589832
03-15 11:08:34.576 19748 32594 W System  : Ignoring header sessionid because its value was null.
03-15 11:08:34.576 19748 32347 V [MYTAG][HeartbeatMgr][RemoteOptor]: ----
03-15 11:08:34.576 19748 32347 V [MYTAG][HeartbeatMgr][RemoteOptor]: [CMD]Basic_Msg_MailBox
03-15 11:08:34.576 19748 32347 V [MYTAG][HeartbeatMgr][RemoteOptor]: [PARAM]null
03-15 11:08:34.576 19748 32594 I System.out: (HTTPLog)-Static: isSBSettingEnabled false
03-15 11:08:34.577 19748 32594 I System.out: (HTTPLog)-Static: isSBSettingEnabled false
03-15 11:08:34.577 19748 32347 V [MYTAG][HeartbeatMgr][HttpTransportLayer]: [HTTP SEND GET]
03-15 11:08:34.577 19748 32347 V [MYTAG][HeartbeatMgr][HttpTransportLayer]: 	 url:http://192.168.0.1:80/app/getparamvalue?param=rec
03-15 11:08:34.614 19748 32347 V [MYTAG][HeartbeatMgr][HttpTransportLayer]: [HTTP RSP]
03-15 11:08:34.614 19748 32347 V [MYTAG][HeartbeatMgr][HttpTransportLayer]: 	 errcode:0
03-15 11:08:34.614 19748 32347 V [MYTAG][HeartbeatMgr][HttpTransportLayer]: 	[content]{"result":0,"info":{"value":0}}
03-15 11:08:34.614 19748 32347 V [MYTAG][HeartbeatMgr][HttpTransportLayer]: -----------------------------------------
03-15 11:08:35.690 19748 32347 V [MYTAG][mail_tcp_socket][ViiSocketMailDataPhraser]: ------------mail---------------
03-15 11:08:35.690 19748 32347 V [MYTAG][mail_tcp_socket][ViiSocketMailDataPhraser]: {"msgid":"battery","info":{"capacity":82,"charge":0},"time":1773572916}
03-15 11:08:35.693 19748 32593 W System  : Ignoring header sessionid because its value was null.
03-15 11:08:35.693 19748 32593 I System.out: (HTTPLog)-Static: isSBSettingEnabled false
03-15 11:08:35.693 19748 32347 V [MYTAG][mail_tcp_socket][ViiSocketMailDataPhraser]: ------------mail---------------
03-15 11:08:35.693 19748 32347 V [MYTAG][mail_tcp_socket][ViiSocketMailDataPhraser]: {"msgid":"sd","info":{"status":0},"time":1773572916}
03-15 11:08:35.694 19748 32347 V [MYTAG][mail_tcp_socket][RemoteOptor]: ----
03-15 11:08:35.694 19748 32347 V [MYTAG][mail_tcp_socket][RemoteOptor]: [CMD]DEV_SDCARD_STATUS_QUERY
03-15 11:08:35.694 19748 32347 V [MYTAG][mail_tcp_socket][RemoteOptor]: [PARAM]null
03-15 11:08:35.694 19748 32347 V [MYTAG][mail_tcp_socket][HttpTransportLayer]: [HTTP SEND GET]
03-15 11:08:35.694 19748 32347 V [MYTAG][mail_tcp_socket][HttpTransportLayer]: 	 url:http://192.168.0.1:80/app/getsdinfo
03-15 11:08:35.694 19748 32593 I System.out: (HTTPLog)-Static: isSBSettingEnabled false
03-15 11:08:35.697 19748 32347 V [MYTAG][main][Device]: 666 dev is connected:true
03-15 11:08:35.731 19748 32347 V [MYTAG][mail_tcp_socket][HttpTransportLayer]: [HTTP RSP]
03-15 11:08:35.731 19748 32347 V [MYTAG][mail_tcp_socket][HttpTransportLayer]: 	 errcode:0
03-15 11:08:35.731 19748 32347 V [MYTAG][mail_tcp_socket][HttpTransportLayer]: 	[content]{"result":0,"info":{"status":0,"free":258,"total":1883}}
03-15 11:08:35.731 19748 32347 V [MYTAG][mail_tcp_socket][HttpTransportLayer]: -----------------------------------------
03-15 11:08:35.734 19748 19748 W ProxyAndroidLoggerBackend: Too many Flogger logs received before configuration. Dropping old logs.
03-15 11:08:35.746 19748 19748 I chatty  : uid=10291(com.vidure.app) identical 6 lines
03-15 11:08:35.747 19748 19748 W ProxyAndroidLoggerBackend: Too many Flogger logs received before configuration. Dropping old logs.
03-15 11:08:35.751 19748 32556 W ProxyAndroidLoggerBackend: Too many Flogger logs received before configuration. Dropping old logs.
03-15 11:08:35.752 19748 32556 I chatty  : uid=10291(com.vidure.app) identical 5 lines
03-15 11:08:35.753 19748 32556 W ProxyAndroidLoggerBackend: Too many Flogger logs received before configuration. Dropping old logs.
03-15 11:08:35.753 19748 32557 W ProxyAndroidLoggerBackend: Too many Flogger logs received before configuration. Dropping old logs.
03-15 11:08:35.753 19748 32557 W ProxyAndroidLoggerBackend: Too many Flogger logs received before configuration. Dropping old logs.
03-15 11:08:35.753 19748 32555 W ProxyAndroidLoggerBackend: Too many Flogger logs received before configuration. Dropping old logs.
03-15 11:08:35.754 19748 32555 I chatty  : uid=10291(com.vidure.app) identical 1 line
03-15 11:08:35.754 19748 32555 W ProxyAndroidLoggerBackend: Too many Flogger logs received before configuration. Dropping old logs.
03-15 11:08:35.754 19748 32557 W ProxyAndroidLoggerBackend: Too many Flogger logs received before configuration. Dropping old logs.
03-15 11:08:35.755 19748 32555 W ProxyAndroidLoggerBackend: Too many Flogger logs received before configuration. Dropping old logs.
03-15 11:08:35.755 19748 32555 W ProxyAndroidLoggerBackend: Too many Flogger logs received before configuration. Dropping old logs.
03-15 11:08:35.755 19748 32557 W ProxyAndroidLoggerBackend: Too many Flogger logs received before configuration. Dropping old logs.
03-15 11:08:35.756 19748 32555 W ProxyAndroidLoggerBackend: Too many Flogger logs received before configuration. Dropping old logs.
03-15 11:08:35.756 19748 32556 W ProxyAndroidLoggerBackend: Too many Flogger logs received before configuration. Dropping old logs.
03-15 11:08:35.760 19748 19748 W ProxyAndroidLoggerBackend: Too many Flogger logs received before configuration. Dropping old logs.
03-15 11:08:35.772 19748 32347 V [MYTAG][main][Device]: 666 dev is connected:true
03-15 11:08:35.774 19748 32347 V [MYTAG][main][CameraPreviewActivity]: rev msg1:264454
03-15 11:08:35.774 19748 32347 V [MYTAG][main][Device]: 666 dev is connected:true
03-15 11:08:35.774 19748 32347 V [MYTAG][main][CameraPreviewActivity]: rev msg1:589832
03-15 11:08:35.860 19748 32299 I com.vidure.app: Background concurrent copying GC freed 61177(9880KB) AllocSpace objects, 25(1508KB) LOS objects, 49% free, 17MB/34MB, paused 108us total 122.614ms
03-15 11:08:38.576 19748 32594 W System  : Ignoring header sessionid because its value was null.
03-15 11:08:38.577 19748 32347 V [MYTAG][HeartbeatMgr][RemoteOptor]: ----
03-15 11:08:38.577 19748 32347 V [MYTAG][HeartbeatMgr][RemoteOptor]: [CMD]Basic_Msg_MailBox
03-15 11:08:38.577 19748 32347 V [MYTAG][HeartbeatMgr][RemoteOptor]: [PARAM]null
03-15 11:08:38.577 19748 32594 I System.out: (HTTPLog)-Static: isSBSettingEnabled false
03-15 11:08:38.577 19748 32594 I System.out: (HTTPLog)-Static: isSBSettingEnabled false
03-15 11:08:38.579 19748 32347 V [MYTAG][HeartbeatMgr][HttpTransportLayer]: [HTTP SEND GET]
03-15 11:08:38.579 19748 32347 V [MYTAG][HeartbeatMgr][HttpTransportLayer]: 	 url:http://192.168.0.1:80/app/getparamvalue?param=rec
03-15 11:08:38.623 19748 32347 V [MYTAG][HeartbeatMgr][HttpTransportLayer]: [HTTP RSP]
03-15 11:08:38.623 19748 32347 V [MYTAG][HeartbeatMgr][HttpTransportLayer]: 	 errcode:0
03-15 11:08:38.623 19748 32347 V [MYTAG][HeartbeatMgr][HttpTransportLayer]: 	[content]{"result":0,"info":{"value":0}}
03-15 11:08:38.623 19748 32347 V [MYTAG][HeartbeatMgr][HttpTransportLayer]: -----------------------------------------
