03-15 10:56:17.554 25734 30069 W System.err: 	at com.android.okhttp.internal.huc.HttpURLConnectionImpl.execute(HttpURLConnectionImpl.java:483)
03-15 10:56:17.554 25734 30069 W System.err: 	at com.android.okhttp.internal.huc.HttpURLConnectionImpl.getResponse(HttpURLConnectionImpl.java:429)
03-15 10:56:17.554 25734 30069 W System.err: 	at com.android.okhttp.internal.huc.HttpURLConnectionImpl.getResponseCode(HttpURLConnectionImpl.java:560)
03-15 10:56:17.554 25734 30069 W System.err: 	at com.android.okhttp.internal.huc.DelegatingHttpsURLConnection.getResponseCode(DelegatingHttpsURLConnection.java:106)
03-15 10:56:17.554 25734 30069 W System.err: 	at com.android.okhttp.internal.huc.HttpsURLConnectionImpl.getResponseCode(HttpsURLConnectionImpl.java:30)
03-15 10:56:17.554 25734 30069 W System.err: 	at com.vidure.libs.transport.impl.http.HttpRequest.u(SourceFile:9)
03-15 10:56:17.554 25734 30069 W System.err: 	at com.vidure.app.core.modules.msger.db.FeedbackNao.queryIssueTypeList(SourceFile:41)
03-15 10:56:17.554 25734 30069 W System.err: 	... 8 more
03-15 10:56:17.555 25734 30058 V [MYTAG][pool-12-thread-3][FeedbackNao]: url:https://app-api.lufengzhe.com:9091/iot/api/v2/feedback/list/types?catalog=0&language=de_DE|param:|rsp:-1|rbody:
03-15 10:56:17.556 25734 25734 D ViewRootImpl@c56be74[MainActivity]: setView = com.android.internal.policy.DecorView@c46a614 TM=true MM=false
03-15 10:56:17.557 25734 30069 I System.out: (HTTPLog)-Static: isSBSettingEnabled false
03-15 10:56:17.557 25734 30069 I System.out: (HTTPLog)-Static: isSBSettingEnabled false
03-15 10:56:17.558 25734 30069 E [MYTAG][pool-12-thread-3]FeedbackNao: java.net.UnknownHostException: Unable to resolve host "app-api.lufengzhe.com": No address associated with hostname
03-15 10:56:17.558 25734 30058 V [MYTAG][pool-12-thread-3][MsgerService_asyncPushTerminalInfos]: runnable  is end.
03-15 10:56:17.570 25734 30058 V [MYTAG][main][CameraTabFragment]: CameraTabFragment onCreate...
03-15 10:56:17.624 25734 30058 V [MYTAG][main][SystemUtils]: map： has gms ok.
03-15 10:56:17.625 25734 25734 D a       : preferredRenderer: null
03-15 10:56:17.625 25734 25734 D s       : preferredRenderer: null
03-15 10:56:17.627 25734 25734 I s       : Making Creator dynamically
03-15 10:56:17.628 25734 30058 V [MYTAG][main][SystemUtils]: map： has gms ok.
03-15 10:56:17.688 25734 25734 I DynamiteModule: Considering local module com.google.android.gms.maps_core_dynamite:0 and remote module com.google.android.gms.maps_core_dynamite:254515602
03-15 10:56:17.688 25734 25734 I DynamiteModule: Selected remote version of com.google.android.gms.maps_core_dynamite, version >= 254515602
03-15 10:56:17.688 25734 25734 V DynamiteModule: Dynamite loader version >= 2, using loadModule2NoCrashUtils
03-15 10:56:17.713 25734 30107 I System.out: (HTTPLog)-Static: isSBSettingEnabled false
03-15 10:56:17.749 25734 30107 I chatty  : uid=10291(com.vidure.app) rp_th identical 4 lines
03-15 10:56:17.749 25734 30107 I System.out: (HTTPLog)-Static: isSBSettingEnabled false
03-15 10:56:17.759 25734 30058 V [MYTAG][pool-12-thread-5][init_share_appinfo]: runnable  is end.
03-15 10:56:17.831 25734 30058 V [MYTAG][pool-12-thread-2][update_lock_scene_status]: runnable  is end.
03-15 10:56:17.936 25734 25734 I native  : I0000 00:00:1773568577.936120   25734 jni_init.cc:30] Initializing JNI...
03-15 10:56:17.938 25734 25734 I Google Android Maps SDK: Google Play services client version: 18020000
03-15 10:56:17.972 25734 25734 D bo      : SDK type: 1, version: 254515602
03-15 10:56:18.014 25734 25734 D hp      : maps_core_dynamite module version in use (0 represents standalone library): 254515602
03-15 10:56:18.050 25734 25734 D hp      : Added event: 109
03-15 10:56:18.050 25734 25734 D hp      : Added event: 112
03-15 10:56:18.050 25734 25734 D a       : loadedRenderer: LATEST
--------- beginning of system
03-15 10:56:18.067 25734 30193 E ActivityThread: Failed to find provider info for com.vidure.app.helios.ipc.default
03-15 10:56:18.072 25734 30193 I System.out: (HTTPLog)-Static: isSBSettingEnabled false
03-15 10:56:18.072 25734 30193 I System.out: (HTTPLog)-Static: isSBSettingEnabled false
03-15 10:56:18.112 25734 30058 V [MYTAG][main][CameraTabFragment]: CameraTabFragment onStart...
03-15 10:56:18.115 25734 30058 V [MYTAG][main][Device]: null dev is connected:false
03-15 10:56:18.120 25734 25734 D a       : preferredRenderer: null
03-15 10:56:18.120 25734 25734 D s       : preferredRenderer: null
03-15 10:56:18.123 25734 25734 D bo      : SDK type: 1, version: 254515602
03-15 10:56:18.124 25734 25734 I Google Android Maps SDK: Google Play services package version: 260931013
03-15 10:56:18.124 25734 25734 I Google Android Maps SDK: Google Play services maps renderer version(maps_core): 254515602
03-15 10:56:18.126 25734 25734 D bo      : SDK type: 1, version: 254515602
03-15 10:56:18.126 25734 25734 D de      : about to start loading native library asynchronously
03-15 10:56:18.136 25734 25734 W y       : Suppressed StrictMode policy violation: StrictModeDiskReadViolation
03-15 10:56:18.146 25734 25734 I o       : Using GMM server: https://clients4.google.com/glm/mmap
03-15 10:56:18.146 25734 25734 W y       : Suppressed StrictMode policy violation: StrictModeDiskReadViolation
03-15 10:56:18.146 25734 25734 W y       : Suppressed StrictMode policy violation: StrictModeDiskWriteViolation
03-15 10:56:18.153 25734 25734 D o       : Using Non-null serverVersionMetadataManager to load previous metadata.
03-15 10:56:18.156 25734 25734 D o       : Previous session server version metadata loaded: CggIBhCX+MDJBgoICAMQp8W6yQYKCggEEL3xv8kGGAEKCAgBENaK/cgG
03-15 10:56:18.163 25734 30201 W y       : Suppressed StrictMode policy violation: StrictModeDiskReadViolation
03-15 10:56:18.195 25734 25734 D ConnectivityManager: requestNetwork; CallingUid : 10291, CallingPid : 25734
03-15 10:56:18.508 25734 25734 I ClientParamsBlocking: ClientParametersBlockingReference.blockedOnMainThread: ENABLE_FEATURES for 79 ms.
03-15 10:56:18.508 25734 25734 I ClientParamsBlocking: java.lang.Throwable
03-15 10:56:18.508 25734 25734 I ClientParamsBlocking: 	at m140.bgt.m(:com.google.android.gms.policy_maps_core_dynamite@254515607@254515602025.843324832.843324832:179)
03-15 10:56:18.508 25734 25734 I ClientParamsBlocking: 	at m140.bgt.a(:com.google.android.gms.policy_maps_core_dynamite@254515607@254515602025.843324832.843324832:1)
03-15 10:56:18.508 25734 25734 I ClientParamsBlocking: 	at m140.ben.a(:com.google.android.gms.policy_maps_core_dynamite@254515607@254515602025.843324832.843324832:3)
03-15 10:56:18.508 25734 25734 I ClientParamsBlocking: 	at m140.big.b(:com.google.android.gms.policy_maps_core_dynamite@254515607@254515602025.843324832.843324832:9)
03-15 10:56:18.508 25734 25734 I ClientParamsBlocking: 	at m140.ebh.a(:com.google.android.gms.policy_maps_core_dynamite@254515607@254515602025.843324832.843324832:147)
03-15 10:56:18.508 25734 25734 I ClientParamsBlocking: 	at m140.jic.d(:com.google.android.gms.policy_maps_core_dynamite@254515607@254515602025.843324832.843324832:12)
03-15 10:56:18.508 25734 25734 I ClientParamsBlocking: 	at m140.jic.a(:com.google.android.gms.policy_maps_core_dynamite@254515607@254515602025.843324832.843324832:7)
03-15 10:56:18.508 25734 25734 I ClientParamsBlocking: 	at m140.dzb.<init>(:com.google.android.gms.policy_maps_core_dynamite@254515607@254515602025.843324832.843324832:43)
03-15 10:56:18.508 25734 25734 I ClientParamsBlocking: 	at m140.dzc.a(:com.google.android.gms.policy_maps_core_dynamite@254515607@254515602025.843324832.843324832:72)
03-15 10:56:18.508 25734 25734 I ClientParamsBlocking: 	at m140.jic.d(:com.google.android.gms.policy_maps_core_dynamite@254515607@254515602025.843324832.843324832:12)
03-15 10:56:18.508 25734 25734 I ClientParamsBlocking: 	at m140.jic.a(:com.google.android.gms.policy_maps_core_dynamite@254515607@254515602025.843324832.843324832:7)
03-15 10:56:18.508 25734 25734 I ClientParamsBlocking: 	at com.google.maps.api.android.lib6.phoenix.bg.a(:com.google.android.gms.policy_maps_core_dynamite@254515607@254515602025.843324832.843324832:5)
03-15 10:56:18.508 25734 25734 I ClientParamsBlocking: 	at m140.jic.d(:com.google.android.gms.policy_maps_core_dynamite@254515607@254515602025.843324832.843324832:12)
03-15 10:56:18.508 25734 25734 I ClientParamsBlocking: 	at m140.jic.a(:com.google.android.gms.policy_maps_core_dynamite@254515607@254515602025.843324832.843324832:7)
03-15 10:56:18.508 25734 25734 I ClientParamsBlocking: 	at com.google.maps.api.android.lib6.phoenix.be.a(:com.google.android.gms.policy_maps_core_dynamite@254515607@254515602025.843324832.843324832:3)
03-15 10:56:18.508 25734 25734 I ClientParamsBlocking: 	at m140.jic.d(:com.google.android.gms.policy_maps_core_dynamite@254515607@254515602025.843324832.843324832:12)
03-15 10:56:18.508 25734 25734 I ClientParamsBlocking: 	at m140.jic.a(:com.google.android.gms.policy_maps_core_dynamite@254515607@254515602025.843324832.843324832:7)
03-15 10:56:18.508 25734 25734 I ClientParamsBlocking: 	at com.google.maps.api.android.lib6.phoenix.bj.a(:com.google.android.gms.policy_maps_core_dynamite@254515607@254515602025.843324832.843324832:3)
03-15 10:56:18.508 25734 25734 I ClientParamsBlocking: 	at m140.jic.d(:com.google.android.gms.policy_maps_core_dynamite@254515607@254515602025.843324832.843324832:12)
03-15 10:56:18.508 25734 25734 I ClientParamsBlocking: 	at m140.jic.a(:com.google.android.gms.policy_maps_core_dynamite@254515607@254515602025.843324832.843324832:7)
03-15 10:56:18.508 25734 25734 I ClientParamsBlocking: 	at com.google.maps.api.android.lib6.impl.cg.aY(:com.google.android.gms.policy_maps_core_dynamite@254515607@254515602025.843324832.843324832:67)
03-15 10:56:18.508 25734 25734 I ClientParamsBlocking: 	at com.google.maps.api.android.lib6.impl.em.d(:com.google.android.gms.policy_maps_core_dynamite@254515607@254515602025.843324832.843324832:12)
03-15 10:56:18.508 25734 25734 I ClientParamsBlocking: 	at com.google.android.gms.maps.internal.r.bt(:com.google.android.gms.policy_maps_core_dynamite@254515607@254515602025.843324832.843324832:158)
03-15 10:56:18.508 25734 25734 I ClientParamsBlocking: 	at m140.ayi.onTransact(:com.google.android.gms.policy_maps_core_dynamite@254515607@254515602025.843324832.843324832:21)
03-15 10:56:18.508 25734 25734 I ClientParamsBlocking: 	at android.os.Binder.transact(Binder.java:949)
03-15 10:56:18.508 25734 25734 I ClientParamsBlocking: 	at K3.a.e(SourceFile:8)
03-15 10:56:18.508 25734 25734 I ClientParamsBlocking: 	at O3.x.onCreate(SourceFile:9)
03-15 10:56:18.508 25734 25734 I ClientParamsBlocking: 	at N3.j.onCreate(SourceFile:11)
03-15 10:56:18.508 25734 25734 I ClientParamsBlocking: 	at t3.e.a(SourceFile:9)
03-15 10:56:18.508 25734 25734 I ClientParamsBlocking: 	at t3.c.onDelegateCreated(SourceFile:34)
03-15 10:56:18.508 25734 25734 I ClientParamsBlocking: 	at N3.k.w(SourceFile:47)
03-15 10:56:18.508 25734 25734 I ClientParamsBlocking: 	at N3.k.a(SourceFile:3)
03-15 10:56:18.508 25734 25734 I ClientParamsBlocking: 	at t3.a.u(SourceFile:45)
03-15 10:56:18.508 25734 25734 I ClientParamsBlocking: 	at t3.a.d(SourceFile:6)
03-15 10:56:18.508 25734 25734 I ClientParamsBlocking: 	at com.google.android.gms.maps.MapView.b(SourceFile:23)
03-15 10:56:18.508 25734 25734 I ClientParamsBlocking: 	at com.vidure.app.core.libs.map.adapter.google.GoogleMapAdapter.onMapViewReady(SourceFile:2)
03-15 10:56:18.508 25734 25734 I ClientParamsBlocking: 	at com.vidure.app.core.map.MapView.onMapViewReady(Unknown Source:2)
03-15 10:56:18.508 25734 25734 I ClientParamsBlocking: 	at com.vidure.app.widget.GpsSportBannerMapView.setVisibility(SourceFile:81)
03-15 10:56:18.508 25734 25734 I ClientParamsBlocking: 	at com.vidure.app.ui.activity.fragment.CameraTabFragment.updateGpsRecordView(SourceFile:26)
03-15 10:56:18.508 25734 25734 I ClientParamsBlocking: 	at com.vidure.app.ui.activity.fragment.CameraTabFragment.updateView(SourceFile:969)
03-15 10:56:18.508 25734 25734 I ClientParamsBlocking: 	at com.vidure.app.ui.activity.fragment.CameraTabFragment.onStart(SourceFile:4)
03-15 10:56:18.508 25734 25734 I ClientParamsBlocking: 	at androidx.fragment.app.Fragment.performStart(SourceFile:18)
03-15 10:56:18.508 25734 25734 I ClientParamsBlocking: 	at androidx.fragment.app.FragmentStateManager.start(SourceFile:34)
03-15 10:56:18.508 25734 25734 I ClientParamsBlocking: 	at androidx.fragment.app.FragmentStateManager.moveToExpectedState(SourceFile:77)
03-15 10:56:18.508 25734 25734 I ClientParamsBlocking: 	at androidx.fragment.app.FragmentManager.executeOpsTogether(SourceFile:231)
03-15 10:56:18.508 25734 25734 I ClientParamsBlocking: 	at androidx.fragment.app.FragmentManager.removeRedundantOperationsAndExecute(SourceFile:82)
03-15 10:56:18.508 25734 25734 I ClientParamsBlocking: 	at androidx.fragment.app.FragmentManager.execSingleAction(SourceFile:32)
03-15 10:56:18.508 25734 25734 I ClientParamsBlocking: 	at androidx.fragment.app.BackStackRecord.commitNowAllowingStateLoss(SourceFile:7)
03-15 10:56:18.508 25734 25734 I ClientParamsBlocking: 	at M9.a.finishUpdate(SourceFile:5)
03-15 10:56:18.508 25734 25734 I ClientParamsBlocking: 	at androidx.viewpager.widget.ViewPager.populate(SourceFile:51)
03-15 10:56:18.508 25734 25734 I ClientParamsBlocking: 	at androidx.viewpager.widget.ViewPager.populate(SourceFile:1)
03-15 10:56:18.508 25734 25734 I ClientParamsBlocking: 	at androidx.viewpager.widget.ViewPager.onMeasure(SourceFile:190)
03-15 10:56:18.508 25734 25734 I ClientParamsBlocking: 	at android.view.View.measure(View.java:26414)
03-15 10:56:18.508 25734 25734 I ClientParamsBlocking: 	at android.widget.RelativeLayout.measureChildHorizontal(RelativeLayout.java:735)
03-15 10:56:18.508 25734 25734 I ClientParamsBlocking: 	at android.widget.RelativeLayout.onMeasure(RelativeLayout.java:481)
03-15 10:56:18.508 25734 25734 I ClientParamsBlocking: 	at android.view.View.measure(View.java:26414)
03-15 10:56:18.508 25734 25734 I ClientParamsBlocking: 	at android.view.ViewGroup.measureChildWithMargins(ViewGroup.java:7845)
03-15 10:56:18.508 25734 25734 I ClientParamsBlocking: 	at android.widget.FrameLayout.onMeasure(FrameLayout.java:194)
03-15 10:56:18.508 25734 25734 I ClientParamsBlocking: 	at androidx.appcompat.widget.ContentFrameLayout.onMeasure(SourceFile:155)
03-15 10:56:18.508 25734 25734 I ClientParamsBlocking: 	at android.view.View.measure(View.java:26414)
03-15 10:56:18.508 25734 25734 I ClientParamsBlocking: 	at android.view.ViewGroup.measureChildWithMargins(ViewGroup.java:7845)
03-15 10:56:18.508 25734 25734 I ClientParamsBlocking: 	at android.widget.LinearLayout.measureChildBeforeLayout(LinearLayout.java:1552)
03-15 10:56:18.508 25734 25734 I ClientParamsBlocking: 	at android.widget.LinearLayout.measureVertical(LinearLayout.java:842)
03-15 10:56:18.508 25734 25734 I ClientParamsBlocking: 	at android.widget.LinearLayout.onMeasure(LinearLayout.java:721)
03-15 10:56:18.508 25734 25734 I ClientParamsBlocking: 	at android.view.View.measure(View.java:26414)
03-15 10:56:18.508 25734 25734 I ClientParamsBlocking: 	at android.view.ViewGroup.measureChildWithMargins(ViewGroup.java:7845)
03-15 10:56:18.508 25734 25734 I ClientParamsBlocking: 	at android.widget.FrameLayout.onMeasure(FrameLayout.java:194)
03-15 10:56:18.508 25734 25734 I ClientParamsBlocking: 	at android.view.View.measure(View.java:26414)
03-15 10:56:18.508 25734 25734 I ClientParamsBlocking: 	at android.view.ViewGroup.measureChildWithMargins(ViewGroup.java:7845)
03-15 10:56:18.508 25734 25734 I ClientParamsBlocking: 	at android.widget.LinearLayout.measureChildBeforeLayout(LinearLayout.java:1552)
03-15 10:56:18.508 25734 25734 I ClientParamsBlocking: 	at android.widget.LinearLayout.measureVertical(LinearLayout.java:842)
03-15 10:56:18.508 25734 25734 I ClientParamsBlocking: 	at android.widget.LinearLayout.onMeasure(LinearLayout.java:721)
03-15 10:56:18.508 25734 25734 I ClientParamsBlocking: 	at android.view.View.measure(View.java:26414)
03-15 10:56:18.508 25734 25734 I ClientParamsBlocking: 	at android.view.ViewGroup.measureChildWithMargins(ViewGroup.java:7845)
03-15 10:56:18.508 25734 25734 I ClientParamsBlocking: 	at android.widget.FrameLayout.onMeasure(FrameLayout.java:194)
03-15 10:56:18.508 25734 25734 I ClientParamsBlocking: 	at com.android.internal.policy.DecorView.onMeasure(DecorView.java:1016)
03-15 10:56:18.508 25734 25734 I ClientParamsBlocking: 	at android.view.View.measure(View.java:26414)
03-15 10:56:18.508 25734 25734 I ClientParamsBlocking: 	at android.view.ViewRootImpl.performMeasure(ViewRootImpl.java:3606)
03-15 10:56:18.508 25734 25734 I ClientParamsBlocking: 	at android.view.ViewRootImpl.measureHierarchy(ViewRootImpl.java:2349)
03-15 10:56:18.508 25734 25734 I ClientParamsBlocking: 	at android.view.ViewRootImpl.performTraversals(ViewRootImpl.java:2641)
03-15 10:56:18.508 25734 25734 I ClientParamsBlocking: 	at android.view.ViewRootImpl.doTraversal(ViewRootImpl.java:2201)
03-15 10:56:18.508 25734 25734 I ClientParamsBlocking: 	at android.view.ViewRootImpl$TraversalRunnable.run(ViewRootImpl.java:9066)
03-15 10:56:18.508 25734 25734 I ClientParamsBlocking: 	at android.view.Choreographer$CallbackRecord.run(Choreographer.java:999)
03-15 10:56:18.508 25734 25734 I ClientParamsBlocking: 	at android.view.Choreographer.doCallbacks(Choreographer.java:797)
03-15 10:56:18.508 25734 25734 I ClientParamsBlocking: 	at android.view.Choreographer.doFrame(Choreographer.java:732)
03-15 10:56:18.508 25734 25734 I ClientParamsBlocking: 	at android.view.Choreographer$FrameDisplayEventReceiver.run(Choreographer.java:984)
03-15 10:56:18.508 25734 25734 I ClientParamsBlocking: 	at android.os.Handler.handleCallback(Handler.java:883)
03-15 10:56:18.508 25734 25734 I ClientParamsBlocking: 	at android.os.Handler.dispatchMessage(Handler.java:100)
03-15 10:56:18.508 25734 25734 I ClientParamsBlocking: 	at android.os.Looper.loop(Looper.java:237)
03-15 10:56:18.508 25734 25734 I ClientParamsBlocking: 	at android.app.ActivityThread.main(ActivityThread.java:8107)
03-15 10:56:18.508 25734 25734 I ClientParamsBlocking: 	at java.lang.reflect.Method.invoke(Native Method)
03-15 10:56:18.508 25734 25734 I ClientParamsBlocking: 	at com.android.internal.os.RuntimeInit$MethodAndArgsCaller.run(RuntimeInit.java:496)
03-15 10:56:18.508 25734 25734 I ClientParamsBlocking: 	at com.android.internal.os.ZygoteInit.main(ZygoteInit.java:1100)
03-15 10:56:18.557 25734 30216 W GMM-SatelliteConnectivity: WIFI  isActiveNetworkSatellite: false
03-15 10:56:18.563 25734 25734 W ProxyAndroidLoggerBackend: Too many Flogger logs received before configuration. Dropping old logs.
03-15 10:56:18.564 25734 30216 W ProxyAndroidLoggerBackend: Too many Flogger logs received before configuration. Dropping old logs.
03-15 10:56:18.568 25734 25734 W ProxyAndroidLoggerBackend: Too many Flogger logs received before configuration. Dropping old logs.
03-15 10:56:18.569 25734 25734 I chatty  : uid=10291(com.vidure.app) identical 1 line
03-15 10:56:18.589 25734 25734 W ProxyAndroidLoggerBackend: Too many Flogger logs received before configuration. Dropping old logs.
03-15 10:56:18.592 25734 30226 W JavaCronetEngine: using the fallback Cronet Engine implementation. Performance will suffer and many HTTP client features, including caching, will not work.
03-15 10:56:18.593 25734 25734 W ProxyAndroidLoggerBackend: Too many Flogger logs received before configuration. Dropping old logs.
03-15 10:56:18.595 25734 30226 W ProxyAndroidLoggerBackend: Too many Flogger logs received before configuration. Dropping old logs.
03-15 10:56:18.613 25734 30226 I chatty  : uid=10291(com.vidure.app) identical 2 lines
03-15 10:56:18.613 25734 30226 W ProxyAndroidLoggerBackend: Too many Flogger logs received before configuration. Dropping old logs.
03-15 10:56:18.666 25734 25734 W ProxyAndroidLoggerBackend: Too many Flogger logs received before configuration. Dropping old logs.
03-15 10:56:18.694 25734 25734 W ProxyAndroidLoggerBackend: Too many Flogger logs received before configuration. Dropping old logs.
03-15 10:56:18.760 25734 25734 W ProxyAndroidLoggerBackend: Too many Flogger logs received before configuration. Dropping old logs.
03-15 10:56:18.769 25734 25734 I chatty  : uid=10291(com.vidure.app) identical 3 lines
03-15 10:56:18.773 25734 25734 W ProxyAndroidLoggerBackend: Too many Flogger logs received before configuration. Dropping old logs.
03-15 10:56:18.776 25734 30219 W ProxyAndroidLoggerBackend: Too many Flogger logs received before configuration. Dropping old logs.
03-15 10:56:18.778 25734 30219 I chatty  : uid=10291(com.vidure.app) identical 1 line
03-15 10:56:18.778 25734 30219 W ProxyAndroidLoggerBackend: Too many Flogger logs received before configuration. Dropping old logs.
03-15 10:56:18.780 25734 25734 W ProxyAndroidLoggerBackend: Too many Flogger logs received before configuration. Dropping old logs.
03-15 10:56:18.795 25734 25734 I chatty  : uid=10291(com.vidure.app) identical 4 lines
03-15 10:56:18.798 25734 25734 W ProxyAndroidLoggerBackend: Too many Flogger logs received before configuration. Dropping old logs.
03-15 10:56:18.817 25734 30223 D ConnectivityManager: requestNetwork; CallingUid : 10291, CallingPid : 25734
03-15 10:56:18.846 25734 30239 W ProxyAndroidLoggerBackend: Too many Flogger logs received before configuration. Dropping old logs.
03-15 10:56:18.847 25734 30239 W ProxyAndroidLoggerBackend: Too many Flogger logs received before configuration. Dropping old logs.
03-15 10:56:18.847 25734 30238 W ProxyAndroidLoggerBackend: Too many Flogger logs received before configuration. Dropping old logs.
03-15 10:56:18.848 25734 30240 W ProxyAndroidLoggerBackend: Too many Flogger logs received before configuration. Dropping old logs.
03-15 10:56:18.848 25734 30239 W ProxyAndroidLoggerBackend: Too many Flogger logs received before configuration. Dropping old logs.
03-15 10:56:18.849 25734 30238 W ProxyAndroidLoggerBackend: Too many Flogger logs received before configuration. Dropping old logs.
03-15 10:56:18.849 25734 30240 W ProxyAndroidLoggerBackend: Too many Flogger logs received before configuration. Dropping old logs.
03-15 10:56:18.850 25734 30239 W ProxyAndroidLoggerBackend: Too many Flogger logs received before configuration. Dropping old logs.
03-15 10:56:18.850 25734 30238 W ProxyAndroidLoggerBackend: Too many Flogger logs received before configuration. Dropping old logs.
03-15 10:56:18.851 25734 30240 W ProxyAndroidLoggerBackend: Too many Flogger logs received before configuration. Dropping old logs.
03-15 10:56:18.851 25734 30239 W ProxyAndroidLoggerBackend: Too many Flogger logs received before configuration. Dropping old logs.
03-15 10:56:18.852 25734 30238 W ProxyAndroidLoggerBackend: Too many Flogger logs received before configuration. Dropping old logs.
03-15 10:56:18.852 25734 30240 W ProxyAndroidLoggerBackend: Too many Flogger logs received before configuration. Dropping old logs.
03-15 10:56:18.853 25734 30240 W ProxyAndroidLoggerBackend: Too many Flogger logs received before configuration. Dropping old logs.
03-15 10:56:18.855 25734 30238 W ProxyAndroidLoggerBackend: Too many Flogger logs received before configuration. Dropping old logs.
03-15 10:56:18.856 25734 30238 W ProxyAndroidLoggerBackend: Too many Flogger logs received before configuration. Dropping old logs.
03-15 10:56:18.859 25734 30145 I System.out: (HTTPLog)-Static: isSBSettingEnabled false
03-15 10:56:18.859 25734 30145 I System.out: (HTTPLog)-Static: isSBSettingEnabled false
03-15 10:56:18.859 25734 30238 W ProxyAndroidLoggerBackend: Too many Flogger logs received before configuration. Dropping old logs.
03-15 10:56:18.860 25734 30238 W ProxyAndroidLoggerBackend: Too many Flogger logs received before configuration. Dropping old logs.
03-15 10:56:18.861 25734 30240 W ProxyAndroidLoggerBackend: Too many Flogger logs received before configuration. Dropping old logs.
03-15 10:56:18.862 25734 30239 W ProxyAndroidLoggerBackend: Too many Flogger logs received before configuration. Dropping old logs.
03-15 10:56:18.868 25734 25734 W ProxyAndroidLoggerBackend: Too many Flogger logs received before configuration. Dropping old logs.
03-15 10:56:18.890 25734 30058 D [MYTAG][main][GoogleMapAdapter]: onStart
03-15 10:56:18.891 25734 30058 D [MYTAG][main][GoogleMapAdapter]: onResume
03-15 10:56:18.894 25734 30058 V [MYTAG][main][Device]: null dev is connected:false
03-15 10:56:18.894 25734 30058 V [MYTAG][main][AlbumTabFragment]: AlbumTabFragment onCreate...
03-15 10:56:18.900 25734 25734 D ScrollView: initGoToTop
03-15 10:56:18.922 25734 30058 V [MYTAG][main][AiEditorTabFragment]: AiEditorTabFragment onCreate...
03-15 10:56:18.944 25734 25734 E ConstraintLayout: layout_constraintWidth_default="wrap" is deprecated.
03-15 10:56:18.944 25734 25734 E ConstraintLayout: Use layout_width="WRAP_CONTENT" and layout_constrainedWidth="true" instead.
03-15 10:56:18.953 25734 30058 V [MYTAG][main][VMeTabFragment]: VMeTabFragment onCreate...
03-15 10:56:18.994 25734 30058 V [MYTAG][main][CameraTabFragment]: CameraTabFragment onResume...
03-15 10:56:18.995 25734 30058 D [MYTAG][main][NetworkMgr]: WifiInfo:SSID: Bert, BSSID: a4:e8:8d:8d:1c:65, MAC: 02:00:00:00:00:00, Supplicant state: COMPLETED, RSSI: -35, Link speed: 54Mbps, Tx Link speed: 54Mbps, Rx Link speed: 1Mbps, Frequency: 2437MHz, Net ID: 5, Metered hint: false, GigaAp: false, VenueName: null, WifiMode: 3, HotspotLiveAp: false, score: 60
03-15 10:56:18.995 25734 30058 V [MYTAG][main][CameraService]: find cur device:Bert, for phone connected wifi:Bert
03-15 10:56:18.995 25734 30058 V [MYTAG][main][Device]: null dev is connected:false
03-15 10:56:18.995 25734 30058 V [MYTAG][main][Device]: null dev is connected:false
03-15 10:56:18.996 25734 25734 D Dialog  : mIsSamsungBasicInteraction = false
03-15 10:56:18.996 25734 25734 D Dialog  : mIsSamsungBasicInteraction = false, isMetaDataInActivity = false
03-15 10:56:18.999 25734 25734 I MultiWindowDecorSupport: updateCaptionType >> DecorView@200fea2[], isFloating: true, isApplication: true, hasWindowDecorCaption: false, hasWindowControllerCallback: false
03-15 10:56:18.999 25734 25734 D MultiWindowDecorSupport: setCaptionType = 0, DecorView = DecorView@200fea2[]
03-15 10:56:19.001 25734 30058 D [MYTAG][main][DefaultDialog]: show dialogId:general_waiting_dlg MainActivity
03-15 10:56:19.005 25734 25734 D ViewRootImpl@a9462ee[MainActivity]: setView = com.android.internal.policy.DecorView@200fea2 TM=true MM=false
03-15 10:56:19.011 25734 25734 D (XFToolUtil.java:6): o()[]
03-15 10:56:19.012 25734 25734 D (XFToolUtil.java:71): o()[ gRootPath:/storage/emulated/0/Android/data/com.vidure.app/cache/.com.vidure.app]
03-15 10:56:19.013 25734 25734 D (XFToolUtil.java:153): o()[ dirs already exist!]
03-15 10:56:19.028 25734 25734 D (XFExtTool.java:30): <init>()[]
03-15 10:56:19.031 25734 30126 D ConnectivityManager: unregisterNetworkCallback; CallingUid : 10291, CallingPid : 25734
03-15 10:56:19.031 25734 30058 V [MYTAG][pool-12-thread-7][VTask-runnable]: runnable  is start.
03-15 10:56:19.031 25734 30126 D ConnectivityManager: unregisterNetworkCallback; CallingUid : 10291, CallingPid : 25734
03-15 10:56:19.031 25734 30126 D ConnectivityManager: sendRequestForNetwork CallingUid : 10291, CallingPid : 25734
03-15 10:56:19.032 25734 30126 D ConnectivityManager_URSP: hong blacklisted - false
03-15 10:56:19.032 25734 30126 D ConnectivityManager: requestNetwork; CallingUid : 10291, CallingPid : 25734
03-15 10:56:19.032 25734 30058 V [MYTAG][pool-12-thread-11][tag-null]: runnable  is start.
03-15 10:56:19.032 25734 30058 V [MYTAG][pool-12-thread-11][tag-null]: runnable  is end.
03-15 10:56:19.032 25734 30058 V [MYTAG][main][VMeTabFragment]: VMeTabFragment onStart...
03-15 10:56:19.033 25734 30058 V [MYTAG][main][VMeTabFragment]: VMeTabFragment onResume...
03-15 10:56:19.033 25734 30126 D ConnectivityManager: sendRequestForNetwork CallingUid : 10291, CallingPid : 25734
03-15 10:56:19.033 25734 30126 D ConnectivityManager_URSP: hong blacklisted - false
03-15 10:56:19.033 25734 25734 W Glide   : Failed to find GeneratedAppGlideModule. You should include an annotationProcessor compile dependency on com.github.bumptech.glide:compiler in your application and a @GlideModule annotated AppGlideModule implementation or LibraryGlideModules will be silently ignored
03-15 10:56:19.033 25734 30126 D ConnectivityManager: requestNetwork; CallingUid : 10291, CallingPid : 25734
03-15 10:56:19.034 25734 30058 V [MYTAG][pool-12-thread-7][NetworkMgr]: request Phone Network...
03-15 10:56:19.034 25734 30058 I [MYTAG][ConnectivityThread][NetworkMgr]: [MyNetworkCallback.onAvailable] type: wifi,network 666  false
03-15 10:56:19.034 25734 30058 V [MYTAG][pool-12-thread-14][retry_wifi_network_link]: runnable  is start.
03-15 10:56:19.035 25734 30135 I System.out: (HTTPLog)-Static: isSBSettingEnabled false
03-15 10:56:19.035 25734 30135 I System.out: (HTTPLog)-Static: isSBSettingEnabled false
03-15 10:56:19.038 25734 30135 I System.out: (HTTPLog)-Static: isSBSettingEnabled false
03-15 10:56:19.038 25734 30135 I System.out: (HTTPLog)-Static: isSBSettingEnabled false
03-15 10:56:19.039 25734 30058 V [MYTAG][main][AiEditorTabFragment]: AiEditorTabFragment onStart...
03-15 10:56:19.039 25734 30058 V [MYTAG][main][AiEditorTabFragment]: AiEditorTabFragment onResume...
03-15 10:56:19.040 25734 30058 V [MYTAG][main][AlbumTabFragment]: AlbumTabFragment onStart...
03-15 10:56:19.040 25734 30058 V [MYTAG][main][AlbumTabFragment]: AlbumTabFragment onResume...
03-15 10:56:19.042 25734 30058 V [MYTAG][pool-12-thread-14][AiTaskScheduledChecker]: stop heartbeat,isRunning:false
03-15 10:56:19.042 25734 30058 V [MYTAG][pool-12-thread-14][retry_wifi_network_link]: runnable  is end.
03-15 10:56:19.061 25734 25734 D ViewRootImpl@c56be74[MainActivity]: Relayout returned: old=(0,0,1600,2560) new=(0,0,1600,2560) req=(1600,2560)0 dur=5 res=0x7 s={true 529820901376} ch=true
03-15 10:56:19.061 25734 30049 D OpenGLRenderer: createReliableSurface : 0x7c00be0180(0x7b5bc96000)
03-15 10:56:19.066 25734 25734 D ScrollView:  onsize change changed 
03-15 10:56:19.080 25734 30049 D OpenGLRenderer: makeCurrent EglSurface : 0x7c00b27500 -> 0x7c00b27a80
03-15 10:56:19.095 25734 30239 W ProxyAndroidLoggerBackend: Too many Flogger logs received before configuration. Dropping old logs.
03-15 10:56:19.098 25734 30239 W ProxyAndroidLoggerBackend: Too many Flogger logs received before configuration. Dropping old logs.
03-15 10:56:19.099 25734 30240 W ProxyAndroidLoggerBackend: Too many Flogger logs received before configuration. Dropping old logs.
03-15 10:56:19.100 25734 30240 W ProxyAndroidLoggerBackend: Too many Flogger logs received before configuration. Dropping old logs.
03-15 10:56:19.101 25734 30239 W ProxyAndroidLoggerBackend: Too many Flogger logs received before configuration. Dropping old logs.
03-15 10:56:19.102 25734 30235 W Gralloc3: allocator 3.x is not supported
03-15 10:56:19.102 25734 30238 W ProxyAndroidLoggerBackend: Too many Flogger logs received before configuration. Dropping old logs.
03-15 10:56:19.103 25734 30240 W ProxyAndroidLoggerBackend: Too many Flogger logs received before configuration. Dropping old logs.
03-15 10:56:19.106 25734 30239 W ProxyAndroidLoggerBackend: Too many Flogger logs received before configuration. Dropping old logs.
03-15 10:56:19.111 25734 25734 I Choreographer: Skipped 92 frames!  The application may be doing too much work on its main thread.
03-15 10:56:19.127 25734 25734 D ViewRootImpl@a9462ee[MainActivity]: Relayout returned: old=(0,54,1600,2452) new=(599,1100,1001,1405) req=(402,305)0 dur=13 res=0x7 s={true 529825325056} ch=true
03-15 10:56:19.127 25734 30049 D OpenGLRenderer: createReliableSurface : 0x7b5c0f4400(0x7b5c0ce000)
03-15 10:56:19.129 25734 25734 E DecorView: mWindow.mActivityCurrentConfig is null
03-15 10:56:19.130 25734 30049 D OpenGLRenderer: makeCurrent EglSurface : 0x7c00b27a80 -> 0x7b5c198980
03-15 10:56:19.148 25734 25734 D ViewRootImpl@a9462ee[MainActivity]: MSG_WINDOW_FOCUS_CHANGED 1 1
03-15 10:56:19.148 25734 25734 D InputMethodManager: prepareNavigationBarInfo() DecorView@200fea2[MainActivity]
03-15 10:56:19.148 25734 25734 D InputMethodManager: getNavigationBarColor() -855310
03-15 10:56:19.148 25734 25734 D InputMethodManager: prepareNavigationBarInfo() DecorView@200fea2[MainActivity]
03-15 10:56:19.148 25734 25734 D InputMethodManager: getNavigationBarColor() -855310
03-15 10:56:19.148 25734 25734 V InputMethodManager: Starting input: tba=com.vidure.app ic=null mNaviBarColor -855310 mIsGetNaviBarColorSuccess true , NavVisible : true , NavTrans : false
03-15 10:56:19.148 25734 25734 D InputMethodManager: startInputInner - Id : 0
03-15 10:56:19.148 25734 25734 I InputMethodManager: startInputInner - mService.startInputOrWindowGainedFocus
03-15 10:56:19.150 25734 25734 D InputTransport: Input channel destroyed: 'ClientS', fd=72
03-15 10:56:19.152 25734 25734 D ConnectivityManager: requestNetwork; CallingUid : 10291, CallingPid : 25734
03-15 10:56:19.164 25734 25734 D ViewRootImpl@c56be74[MainActivity]: MSG_RESIZED: frame=(0,0,1600,2560) ci=(0,54,0,108) vi=(0,54,0,108) or=1
03-15 10:56:19.164 25734 25734 D ViewRootImpl@a9462ee[MainActivity]: MSG_RESIZED_REPORT: frame=(599,1100,1001,1405) ci=(0,0,0,0) vi=(0,0,0,0) or=1
03-15 10:56:19.169 25734 30049 D OpenGLRenderer: makeCurrent EglSurface : 0x7b5c198980 -> 0x7c00b27a80
03-15 10:56:19.189 25734 30049 D OpenGLRenderer: makeCurrent EglSurface : 0x7c00b27a80 -> 0x7b5c198980
03-15 10:56:19.206 25734 30049 D OpenGLRenderer: makeCurrent EglSurface : 0x7b5c198980 -> 0x7c00b27a80
03-15 10:56:19.283 25734 30049 D OpenGLRenderer: makeCurrent EglSurface : 0x7c00b27a80 -> 0x7b5c198980
03-15 10:56:19.339 25734 30126 D ConnectivityManager: setProcessDefaultNetwork CallingUid : 10291, CallingPid : 25734
03-15 10:56:19.339 25734 30126 D ConnectivityManager_URSP: hong blacklisted - false
03-15 10:56:19.341 25734 30058 I [MYTAG][pool-12-thread-7][NetworkMgr]: bind network wifi type: 666
03-15 10:56:19.370 25734 25734 D ViewRootImpl@62855ae[SplashActivity]: Relayout returned: old=(0,0,1600,2560) new=(0,0,1600,2560) req=(1600,2560)8 dur=3 res=0x5 s={false 0} ch=true
03-15 10:56:19.370 25734 25734 D ViewRootImpl@62855ae[SplashActivity]: stopped(true) old=false
03-15 10:56:19.371 25734 30058 V [MYTAG][main][SplashActivity]: onDestroy
03-15 10:56:19.372 25734 25734 D ViewRootImpl@62855ae[SplashActivity]: dispatchDetachedFromWindow
03-15 10:56:19.375 25734 25734 D InputTransport: Input channel destroyed: 'b2aa44 ', fd=65
03-15 10:56:19.642 25734 30058 V [MYTAG][pool-12-thread-7][VidureSDK]: found module: module_phone  SDK isInited: false
03-15 10:56:19.642 25734 30058 D [MYTAG][pool-12-thread-7][NetworkMgr]: WifiInfo:SSID: Bert, BSSID: a4:e8:8d:8d:1c:65, MAC: 02:00:00:00:00:00, Supplicant state: COMPLETED, RSSI: -35, Link speed: 54Mbps, Tx Link speed: 54Mbps, Rx Link speed: 1Mbps, Frequency: 2437MHz, Net ID: 5, Metered hint: false, GigaAp: false, VenueName: null, WifiMode: 3, HotspotLiveAp: false, score: 60
03-15 10:56:19.642 25734 30058 V [MYTAG][pool-12-thread-7][CameraService]: SSID from phone:Bert
03-15 10:56:19.646 25734 30058 V [MYTAG][pool-12-thread-7][SystemUtils]: app ip1:192.168.0.100
03-15 10:56:19.646 25734 30058 V [MYTAG][pool-12-thread-7][SocCameraDetector]: start request……
03-15 10:56:19.646 25734 30126 I System.out: (HTTPLog)-Static: isSBSettingEnabled false
03-15 10:56:19.647 25734 30126 I System.out: (HTTPLog)-Static: isSBSettingEnabled false
03-15 10:56:19.986 25734 30058 I [MYTAG][pool-12-thread-9][LocationMgr]: getLocation second = 3, status.location = VLatlng [latitude=49.333405, longitude=7.052526, gpsType=0]
03-15 10:56:19.986 25734 30058 V [MYTAG][pool-12-thread-9][CameraService]: initInnerDelay done.
03-15 10:56:19.986 25734 30058 V [MYTAG][pool-12-thread-9][sdk_asyn_init: CameraService]: runnable  is end.
03-15 10:56:20.071 25734 30198 W DynamiteModule: Local module descriptor class for com.google.android.gms.googlecertificates not found.
03-15 10:56:20.085 25734 30198 I DynamiteModule: Considering local module com.google.android.gms.googlecertificates:0 and remote module com.google.android.gms.googlecertificates:7
03-15 10:56:20.087 25734 30198 I DynamiteModule: Selected remote version of com.google.android.gms.googlecertificates, version >= 7
03-15 10:56:20.804 25734 30058 V [MYTAG][pool-12-thread-7][SocCameraDetector]: http://192.168.0.1/app/getdeviceattr
03-15 10:56:20.804 25734 30058 V [MYTAG][pool-12-thread-7][SocCameraDetector]: {"result":0,"info":{"uuid":"a4:e8:8d:8d:1c:65","softver":"V02B_2411011919","hwver":"V02B_2411011919","ssid":"Bert","bssid":"a4:e8:8d:8d:1c:65","camnum":1,"sdkver":"1.0"}}
03-15 10:56:20.807 25734 30058 I [MYTAG][pool-12-thread-7][SocCameraDetector]: SocDetectInfo{devType=10, ipaddr='192.168.0.1', ssid='Bert', bssid='a4:e8:8d:8d:1c:65', password='', fwver='V02B_2411011919', uuid='', model='', brand='null', sp='null'}
03-15 10:56:20.809 25734 30058 V [MYTAG][pool-12-thread-7][SystemUtils]: app ip1:192.168.0.100
03-15 10:56:20.822 25734 30058 V [MYTAG][pool-12-thread-7][Device]: null dev is connected:false
03-15 10:56:20.824 25734 30058 V [MYTAG][pool-12-thread-7][CameraService]: -deviceConnect-Bert
03-15 10:56:20.826 25734 30058 V [MYTAG][pool-12-thread-7][Device]: 666 dev is connected:false
03-15 10:56:20.827 25734 30058 V [MYTAG][pool-12-thread-7][CameraService]: -deviceConnect router-D7.c
03-15 10:56:20.835 25734 30058 V [MYTAG][pool-12-thread-7][RemoteOptor]: ----
03-15 10:56:20.835 25734 30058 V [MYTAG][pool-12-thread-7][RemoteOptor]: [CMD]Basic_Device_SetTimeZone
03-15 10:56:20.835 25734 30058 V [MYTAG][pool-12-thread-7][RemoteOptor]: [PARAM]null
03-15 10:56:20.885 25734 30145 I System.out: (HTTPLog)-Static: isSBSettingEnabled false
03-15 10:56:20.886 25734 30145 I System.out: (HTTPLog)-Static: isSBSettingEnabled false
03-15 10:56:20.945 25734 30058 I [MYTAG][pool-12-thread-7][HttpTransportLayer]: base url:http://192.168.0.1:80
03-15 10:56:20.948 25734 30058 V [MYTAG][pool-12-thread-7][HttpTransportLayer]: [HTTP SEND GET]
03-15 10:56:20.948 25734 30058 V [MYTAG][pool-12-thread-7][HttpTransportLayer]: 	 url:http://192.168.0.1:80/app/settimezone?timezone=1
03-15 10:56:20.949 25734 30126 W System  : Ignoring header sessionid because its value was null.
03-15 10:56:20.951 25734 30126 I System.out: (HTTPLog)-Static: isSBSettingEnabled false
03-15 10:56:20.953 25734 30126 I System.out: (HTTPLog)-Static: isSBSettingEnabled false
03-15 10:56:21.000 25734 30126 E [MYTAG][pool-12-thread-7]NormalJsonRspMsg: End of input at character 0 of 
03-15 10:56:21.003 25734 30058 V [MYTAG][pool-12-thread-7][HttpTransportLayer]: [HTTP RSP]
03-15 10:56:21.003 25734 30058 V [MYTAG][pool-12-thread-7][HttpTransportLayer]: 	 errcode:-1
03-15 10:56:21.003 25734 30058 V [MYTAG][pool-12-thread-7][HttpTransportLayer]: 	[content]
03-15 10:56:21.003 25734 30058 V [MYTAG][pool-12-thread-7][HttpTransportLayer]: -----------------------------------------
03-15 10:56:21.003 25734 30058 V [MYTAG][pool-12-thread-7][RemoteOptor]: ----
03-15 10:56:21.003 25734 30058 V [MYTAG][pool-12-thread-7][RemoteOptor]: [CMD]Basic_Device_SetDate
03-15 10:56:21.003 25734 30058 V [MYTAG][pool-12-thread-7][RemoteOptor]: [PARAM]null
03-15 10:56:21.105 25734 30126 W System  : Ignoring header sessionid because its value was null.
03-15 10:56:21.105 25734 30058 V [MYTAG][pool-12-thread-7][HttpTransportLayer]: [HTTP SEND GET]
03-15 10:56:21.105 25734 30058 V [MYTAG][pool-12-thread-7][HttpTransportLayer]: 	 url:http://192.168.0.1:80/app/setsystime?date=20260315105621
03-15 10:56:21.108 25734 30126 I System.out: (HTTPLog)-Static: isSBSettingEnabled false
03-15 10:56:21.109 25734 30126 I System.out: (HTTPLog)-Static: isSBSettingEnabled false
03-15 10:56:21.142 25734 30058 V [MYTAG][pool-12-thread-7][HttpTransportLayer]: [HTTP RSP]
03-15 10:56:21.142 25734 30058 V [MYTAG][pool-12-thread-7][HttpTransportLayer]: 	 errcode:0
03-15 10:56:21.142 25734 30058 V [MYTAG][pool-12-thread-7][HttpTransportLayer]: 	[content]{"result":0,"info":"set success"}
03-15 10:56:21.142 25734 30058 V [MYTAG][pool-12-thread-7][HttpTransportLayer]: -----------------------------------------
03-15 10:56:21.143 25734 30058 V [MYTAG][pool-12-thread-7][RemoteOptor]: ----
03-15 10:56:21.143 25734 30058 V [MYTAG][pool-12-thread-7][RemoteOptor]: [CMD]Basic_Device_GetCapability
03-15 10:56:21.143 25734 30058 V [MYTAG][pool-12-thread-7][RemoteOptor]: [PARAM]null
03-15 10:56:21.244 25734 30126 W System  : Ignoring header sessionid because its value was null.
03-15 10:56:21.245 25734 30058 V [MYTAG][pool-12-thread-7][HttpTransportLayer]: [HTTP SEND GET]
03-15 10:56:21.245 25734 30058 V [MYTAG][pool-12-thread-7][HttpTransportLayer]: 	 url:http://192.168.0.1:80/app/capability
03-15 10:56:21.245 25734 30126 I System.out: (HTTPLog)-Static: isSBSettingEnabled false
03-15 10:56:21.246 25734 30126 I System.out: (HTTPLog)-Static: isSBSettingEnabled false
03-15 10:56:21.391 25734 30058 V [MYTAG][pool-12-thread-7][HttpTransportLayer]: [HTTP RSP]
03-15 10:56:21.391 25734 30058 V [MYTAG][pool-12-thread-7][HttpTransportLayer]: 	 errcode:0
03-15 10:56:21.391 25734 30058 V [MYTAG][pool-12-thread-7][HttpTransportLayer]: 	[content]{"result":0,"info":{"value":"00100"}}
03-15 10:56:21.391 25734 30058 V [MYTAG][pool-12-thread-7][HttpTransportLayer]: -----------------------------------------
03-15 10:56:21.392 25734 30058 V [MYTAG][pool-12-thread-7][SocUtils]: capability:00100
03-15 10:56:21.392 25734 30126 W System  : Ignoring header sessionid because its value was null.
03-15 10:56:21.392 25734 30058 V [MYTAG][pool-12-thread-7][RemoteOptor]: ----
03-15 10:56:21.392 25734 30058 V [MYTAG][pool-12-thread-7][RemoteOptor]: [CMD]Basic_GetModel
03-15 10:56:21.392 25734 30058 V [MYTAG][pool-12-thread-7][RemoteOptor]: [PARAM]null
03-15 10:56:21.392 25734 30126 I System.out: (HTTPLog)-Static: isSBSettingEnabled false
03-15 10:56:21.392 25734 30126 I System.out: (HTTPLog)-Static: isSBSettingEnabled false
03-15 10:56:21.392 25734 30058 V [MYTAG][pool-12-thread-7][HttpTransportLayer]: [HTTP SEND GET]
03-15 10:56:21.392 25734 30058 V [MYTAG][pool-12-thread-7][HttpTransportLayer]: 	 url:http://192.168.0.1:80/app/getproductinfo
03-15 10:56:21.447 25734 30058 V [MYTAG][pool-12-thread-7][HttpTransportLayer]: [HTTP RSP]
03-15 10:56:21.447 25734 30058 V [MYTAG][pool-12-thread-7][HttpTransportLayer]: 	 errcode:0
03-15 10:56:21.447 25734 30058 V [MYTAG][pool-12-thread-7][HttpTransportLayer]: 	[content]{"result":0,"info":{"model":"DVR","company":"SGK","soc":"GK720X"}}
03-15 10:56:21.447 25734 30058 V [MYTAG][pool-12-thread-7][HttpTransportLayer]: -----------------------------------------
03-15 10:56:21.450 25734 30058 V [MYTAG][pool-12-thread-7][ViiBasicHelper]: Device{id=2, devType=10, useType=0, mailSocketPort=-1, loginLevel=0, devUuid='SGK@DVR@a4:e8:8d:8d:1c:65', model='DVR', brand='SGK', sp='', emmc='', orderNum='null', deviceName='Bert', ipAddrStr='192.168.0.1', appIp='192.168.0.100', version='V02B_2411011919', hardversion='V02B_2411011919', uCode=0, lastAccessDate=1773568580812, weight=1, bssid='a4:e8:8d:8d:1c:65', ssid='Bert', wifiPwd='', gpsid='null', innerModel='null', innerVersion='', edogModel='null', edogVersion='null', radarModel='null', radarVersion='null', updateUrlAction='', params=com.vidure.app.core.modules.camera.model.DeviceParamInfo@358bb31, recordInfo=RecordInfo{isStarted=false, isSensorRecOn=false, uiHistoryStatus=-1}, capacity=resolutionRatio:null,bitRate:0,frameRate:30,sampleRate:0,audioType:null| curStreamType:1,curFrameRate:30curLiveMode: -1,wifiMode:0,networkType:0,networkMode:0, status=com.vidure.app.core.modules.camera.model.DeviceStatus@eb6d216, transports={1=lb.a@ade5797}, network=666, fileFolderCountMap={}, streamLiveUrl='null', streamType='null', photoLiveUrl='null', supportMailSocket=1, sdCapacity=1974468608, camCount=1, partType=0, soc='GK720X', extendInfo='null'}
03-15 10:56:21.451 25734 30126 W System  : Ignoring header sessionid because its value was null.
03-15 10:56:21.452 25734 30058 V [MYTAG][pool-12-thread-7][ViiBasicHelper]: {"model":"DVR","company":"SGK","soc":"GK720X"}
03-15 10:56:21.453 25734 30126 I System.out: (HTTPLog)-Static: isSBSettingEnabled false
03-15 10:56:21.453 25734 30058 V [MYTAG][pool-12-thread-7][RemoteOptor]: ----
03-15 10:56:21.453 25734 30058 V [MYTAG][pool-12-thread-7][RemoteOptor]: [CMD]Basic_Device_GetBaseinfo
03-15 10:56:21.453 25734 30058 V [MYTAG][pool-12-thread-7][RemoteOptor]: [PARAM]null
03-15 10:56:21.453 25734 30058 V [MYTAG][pool-12-thread-7][HttpTransportLayer]: [HTTP SEND GET]
03-15 10:56:21.453 25734 30058 V [MYTAG][pool-12-thread-7][HttpTransportLayer]: 	 url:http://192.168.0.1:80/app/getdeviceattr
03-15 10:56:21.453 25734 30126 I System.out: (HTTPLog)-Static: isSBSettingEnabled false
03-15 10:56:21.574 25734 30058 V [MYTAG][pool-12-thread-7][HttpTransportLayer]: [HTTP RSP]
03-15 10:56:21.574 25734 30058 V [MYTAG][pool-12-thread-7][HttpTransportLayer]: 	 errcode:0
03-15 10:56:21.574 25734 30058 V [MYTAG][pool-12-thread-7][HttpTransportLayer]: 	[content]{"result":0,"info":{"uuid":"a4:e8:8d:8d:1c:65","softver":"V02B_2411011919","hwver":"V02B_2411011919","ssid":"Bert","bssid":"a4:e8:8d:8d:1c:65","camnum":1,"sdkver":"1.0"}}
03-15 10:56:21.574 25734 30058 V [MYTAG][pool-12-thread-7][HttpTransportLayer]: -----------------------------------------
03-15 10:56:21.576 25734 30058 V [MYTAG][pool-12-thread-13][setting_loading]: runnable  is start.
03-15 10:56:21.577 25734 30058 V [MYTAG][pool-12-thread-13][AbsDeviceSettingRouter]: start to loadingSettingCapability
03-15 10:56:21.577 25734 30134 W System  : Ignoring header sessionid because its value was null.
03-15 10:56:21.578 25734 30134 I System.out: (HTTPLog)-Static: isSBSettingEnabled false
03-15 10:56:21.579 25734 30134 I System.out: (HTTPLog)-Static: isSBSettingEnabled false
03-15 10:56:21.580 25734 30058 V [MYTAG][pool-12-thread-7][RemoteOptor]: ----
03-15 10:56:21.580 25734 30058 V [MYTAG][pool-12-thread-7][RemoteOptor]: [CMD]Media_Video_GetStreamUrl
03-15 10:56:21.580 25734 30058 V [MYTAG][pool-12-thread-7][RemoteOptor]: [PARAM]null
03-15 10:56:21.580 25734 30058 V [MYTAG][pool-12-thread-13][RemoteOptor]: ----
03-15 10:56:21.580 25734 30058 V [MYTAG][pool-12-thread-13][RemoteOptor]: [CMD]Config_All_Capability
03-15 10:56:21.580 25734 30058 V [MYTAG][pool-12-thread-13][RemoteOptor]: [PARAM]null
03-15 10:56:21.580 25734 30058 V [MYTAG][pool-12-thread-13][HttpTransportLayer]: [HTTP SEND GET]
03-15 10:56:21.580 25734 30058 V [MYTAG][pool-12-thread-13][HttpTransportLayer]: 	 url:http://192.168.0.1:80/app/getparamitems?param=all
03-15 10:56:21.606 25734 30126 W System  : Ignoring header sessionid because its value was null.
03-15 10:56:21.606 25734 30058 V [MYTAG][pool-12-thread-13][HttpTransportLayer]: [HTTP RSP]
03-15 10:56:21.606 25734 30058 V [MYTAG][pool-12-thread-13][HttpTransportLayer]: 	 errcode:0
03-15 10:56:21.606 25734 30058 V [MYTAG][pool-12-thread-13][HttpTransportLayer]: 	[content]{"result":0,"info":[{"name":"mic","items":["off","low","middle","high"],"index":[0,1,2,3]},{"name":"rec","items":["off","on"],"index":[0,1]},{"name":"rec_resolution","items":["2K"],"index":[0]},{"name":"rec_split_duration","items":["1min","3min","5min"],"index":[0,1,2]},{"name":"video_flip","items":["off","on"],"index":[0,1]}]}
03-15 10:56:21.606 25734 30058 V [MYTAG][pool-12-thread-13][HttpTransportLayer]: -----------------------------------------
03-15 10:56:21.606 25734 30126 I System.out: (HTTPLog)-Static: isSBSettingEnabled false
03-15 10:56:21.607 25734 30126 I System.out: (HTTPLog)-Static: isSBSettingEnabled false
03-15 10:56:21.609 25734 30058 V [MYTAG][pool-12-thread-7][HttpTransportLayer]: [HTTP SEND GET]
03-15 10:56:21.609 25734 30058 V [MYTAG][pool-12-thread-7][HttpTransportLayer]: 	 url:http://192.168.0.1:80/app/getmediainfo
03-15 10:56:21.611 25734 30058 V [MYTAG][pool-12-thread-13][RemoteOptor]: ----
03-15 10:56:21.611 25734 30058 V [MYTAG][pool-12-thread-13][RemoteOptor]: [CMD]Config_All_ADAS_Capability
03-15 10:56:21.611 25734 30058 V [MYTAG][pool-12-thread-13][RemoteOptor]: [PARAM]null
03-15 10:56:21.634 25734 30058 V [MYTAG][pool-12-thread-7][HttpTransportLayer]: [HTTP RSP]
03-15 10:56:21.634 25734 30058 V [MYTAG][pool-12-thread-7][HttpTransportLayer]: 	 errcode:0
03-15 10:56:21.634 25734 30058 V [MYTAG][pool-12-thread-7][HttpTransportLayer]: 	[content]{"result":0,"info":{"rtsp":"rtsp://192.168.0.1/live/tcp/ch1","transport":"tcp","port":"6035"}}
03-15 10:56:21.634 25734 30058 V [MYTAG][pool-12-thread-7][HttpTransportLayer]: -----------------------------------------
03-15 10:56:21.635 25734 30058 V [MYTAG][pool-12-thread-13][HttpTransportLayer]: [HTTP SEND GET]
03-15 10:56:21.635 25734 30058 V [MYTAG][pool-12-thread-13][HttpTransportLayer]: 	 url:http://192.168.0.1:80/app/getadasitems?param=all
03-15 10:56:21.636 25734 30134 W System  : Ignoring header sessionid because its value was null.
03-15 10:56:21.636 25734 30134 I System.out: (HTTPLog)-Static: isSBSettingEnabled false
03-15 10:56:21.637 25734 30134 I System.out: (HTTPLog)-Static: isSBSettingEnabled false
03-15 10:56:21.638 25734 30058 V [MYTAG][pool-12-thread-7][CameraService]: setCurConnectDev dev = Bert
03-15 10:56:21.639 25734 30058 V [MYTAG][pool-12-thread-7][HeartbeatMgr]: start heartbeat:Bert
03-15 10:56:21.652 25734 30134 E [MYTAG][pool-12-thread-13]JsonRawRspHanlder: http getResponseCode():404
03-15 10:56:21.655 25734 30058 V [MYTAG][pool-12-thread-7][RemoteOptor]: ----
03-15 10:56:21.655 25734 30058 V [MYTAG][pool-12-thread-7][RemoteOptor]: [CMD]Manage_Sdcard_List
03-15 10:56:21.655 25734 30058 V [MYTAG][pool-12-thread-7][RemoteOptor]: [PARAM]null
03-15 10:56:21.655 25734 30058 V [MYTAG][pool-12-thread-13][HttpTransportLayer]: [HTTP RSP]
03-15 10:56:21.655 25734 30058 V [MYTAG][pool-12-thread-13][HttpTransportLayer]: 	 errcode:4114
03-15 10:56:21.655 25734 30058 V [MYTAG][pool-12-thread-13][HttpTransportLayer]: 	[content]
