03-15 11:41:13.911 32583  5942 V [MYTAG][mail_tcp_socket][HttpTransportLayer]: 	[content]{"result":0,"info":{"status":0,"free":273,"total":1883}}
03-15 11:41:13.911 32583  5942 V [MYTAG][mail_tcp_socket][HttpTransportLayer]: -----------------------------------------
03-15 11:41:13.911 32583  5942 V [MYTAG][main][Device]: 666 dev is connected:true
03-15 11:41:13.911 32583  5942 V [MYTAG][main][CameraPreviewActivity]: rev msg1:589832
03-15 11:41:14.001 32583  5896 I com.vidure.app: Background young concurrent copying GC freed 114890(13MB) AllocSpace objects, 101(4596KB) LOS objects, 17% free, 79MB/97MB, paused 1.495ms total 150.052ms
03-15 11:41:14.726 32583  6132 W System  : Ignoring header sessionid because its value was null.
03-15 11:41:14.726 32583  5942 V [MYTAG][HeartbeatMgr][RemoteOptor]: ----
03-15 11:41:14.726 32583  5942 V [MYTAG][HeartbeatMgr][RemoteOptor]: [CMD]Basic_Msg_MailBox
03-15 11:41:14.726 32583  5942 V [MYTAG][HeartbeatMgr][RemoteOptor]: [PARAM]null
03-15 11:41:14.727 32583  6132 I System.out: (HTTPLog)-Static: isSBSettingEnabled false
03-15 11:41:14.727 32583  6132 I System.out: (HTTPLog)-Static: isSBSettingEnabled false
03-15 11:41:14.727 32583  5942 V [MYTAG][HeartbeatMgr][HttpTransportLayer]: [HTTP SEND GET]
03-15 11:41:14.727 32583  5942 V [MYTAG][HeartbeatMgr][HttpTransportLayer]: 	 url:http://192.168.0.1:80/app/getparamvalue?param=rec
03-15 11:41:14.763 32583  5942 V [MYTAG][HeartbeatMgr][HttpTransportLayer]: [HTTP RSP]
03-15 11:41:14.763 32583  5942 V [MYTAG][HeartbeatMgr][HttpTransportLayer]: 	 errcode:0
03-15 11:41:14.763 32583  5942 V [MYTAG][HeartbeatMgr][HttpTransportLayer]: 	[content]{"result":0,"info":{"value":1}}
03-15 11:41:14.763 32583  5942 V [MYTAG][HeartbeatMgr][HttpTransportLayer]: -----------------------------------------
03-15 11:41:16.840 32583  5942 V [MYTAG][mail_tcp_socket][ViiSocketMailDataPhraser]: ------------mail---------------
03-15 11:41:16.840 32583  5942 V [MYTAG][mail_tcp_socket][ViiSocketMailDataPhraser]: {"msgid":"battery","info":{"capacity":62,"charge":0},"time":1773574877}
03-15 11:41:16.841 32583  5942 V [MYTAG][mail_tcp_socket][ViiSocketMailDataPhraser]: ------------mail---------------
03-15 11:41:16.841 32583  5942 V [MYTAG][mail_tcp_socket][ViiSocketMailDataPhraser]: {"msgid":"sd","info":{"status":0},"time":1773574877}
03-15 11:41:16.841 32583  5942 V [MYTAG][mail_tcp_socket][RemoteOptor]: ----
03-15 11:41:16.841 32583  5942 V [MYTAG][mail_tcp_socket][RemoteOptor]: [CMD]DEV_SDCARD_STATUS_QUERY
03-15 11:41:16.841 32583  5942 V [MYTAG][mail_tcp_socket][RemoteOptor]: [PARAM]null
03-15 11:41:16.842 32583  5942 V [MYTAG][mail_tcp_socket][HttpTransportLayer]: [HTTP SEND GET]
03-15 11:41:16.842 32583  5942 V [MYTAG][mail_tcp_socket][HttpTransportLayer]: 	 url:http://192.168.0.1:80/app/getsdinfo
03-15 11:41:16.842 32583  6131 W System  : Ignoring header sessionid because its value was null.
03-15 11:41:16.842 32583  6131 I System.out: (HTTPLog)-Static: isSBSettingEnabled false
03-15 11:41:16.842 32583  6131 I System.out: (HTTPLog)-Static: isSBSettingEnabled false
03-15 11:41:16.844 32583  5942 V [MYTAG][main][Device]: 666 dev is connected:true
03-15 11:41:16.874 32583 32583 W ProxyAndroidLoggerBackend: Too many Flogger logs received before configuration. Dropping old logs.
03-15 11:41:16.878 32583 32583 I chatty  : uid=10291(com.vidure.app) identical 2 lines
03-15 11:41:16.878 32583 32583 W ProxyAndroidLoggerBackend: Too many Flogger logs received before configuration. Dropping old logs.
03-15 11:41:16.879 32583  5942 V [MYTAG][mail_tcp_socket][HttpTransportLayer]: [HTTP RSP]
03-15 11:41:16.879 32583  5942 V [MYTAG][mail_tcp_socket][HttpTransportLayer]: 	 errcode:0
03-15 11:41:16.879 32583  5942 V [MYTAG][mail_tcp_socket][HttpTransportLayer]: 	[content]{"result":0,"info":{"status":0,"free":269,"total":1883}}
03-15 11:41:16.879 32583  5942 V [MYTAG][mail_tcp_socket][HttpTransportLayer]: -----------------------------------------
03-15 11:41:16.881 32583 32583 W ProxyAndroidLoggerBackend: Too many Flogger logs received before configuration. Dropping old logs.
03-15 11:41:16.884 32583 32583 I chatty  : uid=10291(com.vidure.app) identical 3 lines
03-15 11:41:16.891 32583 32583 W ProxyAndroidLoggerBackend: Too many Flogger logs received before configuration. Dropping old logs.
03-15 11:41:16.895 32583  5942 V [MYTAG][main][Device]: 666 dev is connected:true
03-15 11:41:16.899 32583  5942 V [MYTAG][main][CameraPreviewActivity]: rev msg1:264454
03-15 11:41:16.900 32583  5942 V [MYTAG][main][Device]: 666 dev is connected:true
03-15 11:41:16.900 32583  5942 V [MYTAG][main][CameraPreviewActivity]: rev msg1:589832
03-15 11:41:18.727 32583  6132 W System  : Ignoring header sessionid because its value was null.
03-15 11:41:18.727 32583  5942 V [MYTAG][HeartbeatMgr][RemoteOptor]: ----
03-15 11:41:18.727 32583  5942 V [MYTAG][HeartbeatMgr][RemoteOptor]: [CMD]Basic_Msg_MailBox
03-15 11:41:18.727 32583  5942 V [MYTAG][HeartbeatMgr][RemoteOptor]: [PARAM]null
03-15 11:41:18.727 32583  5942 V [MYTAG][HeartbeatMgr][HttpTransportLayer]: [HTTP SEND GET]
03-15 11:41:18.727 32583  5942 V [MYTAG][HeartbeatMgr][HttpTransportLayer]: 	 url:http://192.168.0.1:80/app/getparamvalue?param=rec
03-15 11:41:18.727 32583  6132 I System.out: (HTTPLog)-Static: isSBSettingEnabled false
03-15 11:41:18.727 32583  6132 I System.out: (HTTPLog)-Static: isSBSettingEnabled false
03-15 11:41:18.757 32583  5942 V [MYTAG][HeartbeatMgr][HttpTransportLayer]: [HTTP RSP]
03-15 11:41:18.757 32583  5942 V [MYTAG][HeartbeatMgr][HttpTransportLayer]: 	 errcode:0
03-15 11:41:18.757 32583  5942 V [MYTAG][HeartbeatMgr][HttpTransportLayer]: 	[content]{"result":0,"info":{"value":1}}
03-15 11:41:18.757 32583  5942 V [MYTAG][HeartbeatMgr][HttpTransportLayer]: -----------------------------------------
03-15 11:41:19.848 32583  5942 V [MYTAG][mail_tcp_socket][ViiSocketMailDataPhraser]: ------------mail---------------
03-15 11:41:19.848 32583  5942 V [MYTAG][mail_tcp_socket][ViiSocketMailDataPhraser]: {"msgid":"battery","info":{"capacity":62,"charge":0},"time":1773574880}
03-15 11:41:19.856 32583  6131 W System  : Ignoring header sessionid because its value was null.
03-15 11:41:19.856 32583  6131 I System.out: (HTTPLog)-Static: isSBSettingEnabled false
03-15 11:41:19.856 32583  6131 I System.out: (HTTPLog)-Static: isSBSettingEnabled false
03-15 11:41:19.858 32583  5942 V [MYTAG][main][Device]: 666 dev is connected:true
03-15 11:41:19.858 32583  5942 V [MYTAG][mail_tcp_socket][ViiSocketMailDataPhraser]: ------------mail---------------
03-15 11:41:19.858 32583  5942 V [MYTAG][mail_tcp_socket][ViiSocketMailDataPhraser]: {"msgid":"sd","info":{"status":0},"time":1773574880}
03-15 11:41:19.858 32583  5942 V [MYTAG][mail_tcp_socket][RemoteOptor]: ----
03-15 11:41:19.858 32583  5942 V [MYTAG][mail_tcp_socket][RemoteOptor]: [CMD]DEV_SDCARD_STATUS_QUERY
03-15 11:41:19.858 32583  5942 V [MYTAG][mail_tcp_socket][RemoteOptor]: [PARAM]null
03-15 11:41:19.858 32583  5942 V [MYTAG][mail_tcp_socket][HttpTransportLayer]: [HTTP SEND GET]
03-15 11:41:19.858 32583  5942 V [MYTAG][mail_tcp_socket][HttpTransportLayer]: 	 url:http://192.168.0.1:80/app/getsdinfo
03-15 11:41:19.895 32583  5942 V [MYTAG][mail_tcp_socket][HttpTransportLayer]: [HTTP RSP]
03-15 11:41:19.895 32583  5942 V [MYTAG][mail_tcp_socket][HttpTransportLayer]: 	 errcode:0
03-15 11:41:19.895 32583  5942 V [MYTAG][mail_tcp_socket][HttpTransportLayer]: 	[content]{"result":0,"info":{"status":0,"free":264,"total":1883}}
03-15 11:41:19.895 32583  5942 V [MYTAG][mail_tcp_socket][HttpTransportLayer]: -----------------------------------------
03-15 11:41:19.935 32583 32583 W ProxyAndroidLoggerBackend: Too many Flogger logs received before configuration. Dropping old logs.
03-15 11:41:19.947 32583 32583 I chatty  : uid=10291(com.vidure.app) identical 7 lines
03-15 11:41:19.958 32583 32583 W ProxyAndroidLoggerBackend: Too many Flogger logs received before configuration. Dropping old logs.
03-15 11:41:19.961 32583  5942 V [MYTAG][main][Device]: 666 dev is connected:true
03-15 11:41:19.967 32583  5942 V [MYTAG][main][CameraPreviewActivity]: rev msg1:264454
03-15 11:41:19.967 32583  5942 V [MYTAG][main][Device]: 666 dev is connected:true
03-15 11:41:19.968 32583  5942 V [MYTAG][main][CameraPreviewActivity]: rev msg1:589832
03-15 11:41:20.140 32583  8495 W ProxyAndroidLoggerBackend: Too many Flogger logs received before configuration. Dropping old logs.
03-15 11:41:20.145 32583  8495 I chatty  : uid=10291(com.vidure.app) identical 2 lines
03-15 11:41:20.145 32583  8495 W ProxyAndroidLoggerBackend: Too many Flogger logs received before configuration. Dropping old logs.
03-15 11:41:22.053 32583  7686 W ProxyAndroidLoggerBackend: Too many Flogger logs received before configuration. Dropping old logs.
03-15 11:41:22.720 32583  8433 W ProxyAndroidLoggerBackend: Too many Flogger logs received before configuration. Dropping old logs.
03-15 11:41:22.727 32583  5942 V [MYTAG][HeartbeatMgr][RemoteOptor]: ----
03-15 11:41:22.727 32583  5942 V [MYTAG][HeartbeatMgr][RemoteOptor]: [CMD]Basic_Msg_MailBox
03-15 11:41:22.727 32583  5942 V [MYTAG][HeartbeatMgr][RemoteOptor]: [PARAM]null
03-15 11:41:22.727 32583  6132 W System  : Ignoring header sessionid because its value was null.
03-15 11:41:22.728 32583  6132 I System.out: (HTTPLog)-Static: isSBSettingEnabled false
03-15 11:41:22.728 32583  6132 I System.out: (HTTPLog)-Static: isSBSettingEnabled false
03-15 11:41:22.732 32583  5942 V [MYTAG][HeartbeatMgr][HttpTransportLayer]: [HTTP SEND GET]
03-15 11:41:22.732 32583  5942 V [MYTAG][HeartbeatMgr][HttpTransportLayer]: 	 url:http://192.168.0.1:80/app/getparamvalue?param=rec
03-15 11:41:22.767 32583  5942 V [MYTAG][HeartbeatMgr][HttpTransportLayer]: [HTTP RSP]
03-15 11:41:22.767 32583  5942 V [MYTAG][HeartbeatMgr][HttpTransportLayer]: 	 errcode:0
03-15 11:41:22.767 32583  5942 V [MYTAG][HeartbeatMgr][HttpTransportLayer]: 	[content]{"result":0,"info":{"value":1}}
03-15 11:41:22.767 32583  5942 V [MYTAG][HeartbeatMgr][HttpTransportLayer]: -----------------------------------------
03-15 11:41:22.861 32583  5942 V [MYTAG][mail_tcp_socket][ViiSocketMailDataPhraser]: ------------mail---------------
03-15 11:41:22.861 32583  5942 V [MYTAG][mail_tcp_socket][ViiSocketMailDataPhraser]: {"msgid":"battery","info":{"capacity":62,"charge":0},"time":1773574883}
03-15 11:41:22.868 32583  5942 V [MYTAG][mail_tcp_socket][ViiSocketMailDataPhraser]: ------------mail---------------
03-15 11:41:22.868 32583  5942 V [MYTAG][mail_tcp_socket][ViiSocketMailDataPhraser]: {"msgid":"sd","info":{"status":0},"time":1773574883}
03-15 11:41:22.870 32583  5942 V [MYTAG][mail_tcp_socket][RemoteOptor]: ----
03-15 11:41:22.870 32583  5942 V [MYTAG][mail_tcp_socket][RemoteOptor]: [CMD]DEV_SDCARD_STATUS_QUERY
03-15 11:41:22.870 32583  5942 V [MYTAG][mail_tcp_socket][RemoteOptor]: [PARAM]null
03-15 11:41:22.871 32583  5942 V [MYTAG][mail_tcp_socket][HttpTransportLayer]: [HTTP SEND GET]
03-15 11:41:22.871 32583  5942 V [MYTAG][mail_tcp_socket][HttpTransportLayer]: 	 url:http://192.168.0.1:80/app/getsdinfo
03-15 11:41:22.871 32583  6131 W System  : Ignoring header sessionid because its value was null.
03-15 11:41:22.871 32583  6131 I System.out: (HTTPLog)-Static: isSBSettingEnabled false
03-15 11:41:22.874 32583  5942 V [MYTAG][main][Device]: 666 dev is connected:true
03-15 11:41:22.874 32583  6131 I System.out: (HTTPLog)-Static: isSBSettingEnabled false
03-15 11:41:22.898 32583 32583 W ProxyAndroidLoggerBackend: Too many Flogger logs received before configuration. Dropping old logs.
03-15 11:41:22.905 32583 32583 I chatty  : uid=10291(com.vidure.app) identical 4 lines
03-15 11:41:22.906 32583 32583 W ProxyAndroidLoggerBackend: Too many Flogger logs received before configuration. Dropping old logs.
03-15 11:41:22.906 32583  5942 V [MYTAG][mail_tcp_socket][HttpTransportLayer]: [HTTP RSP]
03-15 11:41:22.906 32583  5942 V [MYTAG][mail_tcp_socket][HttpTransportLayer]: 	 errcode:0
03-15 11:41:22.906 32583  5942 V [MYTAG][mail_tcp_socket][HttpTransportLayer]: 	[content]{"result":0,"info":{"status":0,"free":261,"total":1883}}
03-15 11:41:22.906 32583  5942 V [MYTAG][mail_tcp_socket][HttpTransportLayer]: -----------------------------------------
03-15 11:41:22.906 32583 32583 W ProxyAndroidLoggerBackend: Too many Flogger logs received before configuration. Dropping old logs.
03-15 11:41:22.907 32583 32583 I chatty  : uid=10291(com.vidure.app) identical 1 line
03-15 11:41:22.913 32583 32583 W ProxyAndroidLoggerBackend: Too many Flogger logs received before configuration. Dropping old logs.
03-15 11:41:22.915 32583  5942 V [MYTAG][main][Device]: 666 dev is connected:true
03-15 11:41:22.917 32583  5942 V [MYTAG][main][CameraPreviewActivity]: rev msg1:264454
03-15 11:41:22.919 32583  5942 V [MYTAG][main][Device]: 666 dev is connected:true
03-15 11:41:22.919 32583  5942 V [MYTAG][main][CameraPreviewActivity]: rev msg1:589832
03-15 11:41:25.867 32583  5942 V [MYTAG][mail_tcp_socket][ViiSocketMailDataPhraser]: ------------mail---------------
03-15 11:41:25.867 32583  5942 V [MYTAG][mail_tcp_socket][ViiSocketMailDataPhraser]: {"msgid":"battery","info":{"capacity":62,"charge":0},"time":1773574886}
03-15 11:41:25.875 32583  6131 W System  : Ignoring header sessionid because its value was null.
03-15 11:41:25.876 32583  6131 I System.out: (HTTPLog)-Static: isSBSettingEnabled false
03-15 11:41:25.876 32583  5942 V [MYTAG][main][Device]: 666 dev is connected:true
03-15 11:41:25.876 32583  6131 I System.out: (HTTPLog)-Static: isSBSettingEnabled false
03-15 11:41:25.876 32583  5942 V [MYTAG][mail_tcp_socket][ViiSocketMailDataPhraser]: ------------mail---------------
03-15 11:41:25.876 32583  5942 V [MYTAG][mail_tcp_socket][ViiSocketMailDataPhraser]: {"msgid":"sd","info":{"status":0},"time":1773574886}
03-15 11:41:25.876 32583  5942 V [MYTAG][mail_tcp_socket][RemoteOptor]: ----
03-15 11:41:25.876 32583  5942 V [MYTAG][mail_tcp_socket][RemoteOptor]: [CMD]DEV_SDCARD_STATUS_QUERY
03-15 11:41:25.876 32583  5942 V [MYTAG][mail_tcp_socket][RemoteOptor]: [PARAM]null
03-15 11:41:25.876 32583  5942 V [MYTAG][mail_tcp_socket][HttpTransportLayer]: [HTTP SEND GET]
03-15 11:41:25.876 32583  5942 V [MYTAG][mail_tcp_socket][HttpTransportLayer]: 	 url:http://192.168.0.1:80/app/getsdinfo
03-15 11:41:25.900 32583 32583 W ProxyAndroidLoggerBackend: Too many Flogger logs received before configuration. Dropping old logs.
03-15 11:41:25.904 32583 32583 I chatty  : uid=10291(com.vidure.app) identical 2 lines
03-15 11:41:25.904 32583 32583 W ProxyAndroidLoggerBackend: Too many Flogger logs received before configuration. Dropping old logs.
03-15 11:41:25.905 32583  5942 V [MYTAG][mail_tcp_socket][HttpTransportLayer]: [HTTP RSP]
03-15 11:41:25.905 32583  5942 V [MYTAG][mail_tcp_socket][HttpTransportLayer]: 	 errcode:0
03-15 11:41:25.905 32583  5942 V [MYTAG][mail_tcp_socket][HttpTransportLayer]: 	[content]{"result":0,"info":{"status":0,"free":257,"total":1883}}
03-15 11:41:25.905 32583  5942 V [MYTAG][mail_tcp_socket][HttpTransportLayer]: -----------------------------------------
03-15 11:41:25.906 32583 32583 W ProxyAndroidLoggerBackend: Too many Flogger logs received before configuration. Dropping old logs.
03-15 11:41:25.909 32583 32583 I chatty  : uid=10291(com.vidure.app) identical 3 lines
03-15 11:41:25.914 32583 32583 W ProxyAndroidLoggerBackend: Too many Flogger logs received before configuration. Dropping old logs.
03-15 11:41:25.917 32583  5942 V [MYTAG][main][Device]: 666 dev is connected:true
03-15 11:41:25.918 32583  5942 V [MYTAG][main][CameraPreviewActivity]: rev msg1:264454
03-15 11:41:25.918 32583  5942 V [MYTAG][main][Device]: 666 dev is connected:true
03-15 11:41:25.918 32583  5942 V [MYTAG][main][CameraPreviewActivity]: rev msg1:589832
03-15 11:41:25.967 32583  7686 W ProxyAndroidLoggerBackend: Too many Flogger logs received before configuration. Dropping old logs.
03-15 11:41:25.967 32583  7686 W ProxyAndroidLoggerBackend: Too many Flogger logs received before configuration. Dropping old logs.
03-15 11:41:25.967 32583  8435 W ProxyAndroidLoggerBackend: Too many Flogger logs received before configuration. Dropping old logs.
03-15 11:41:26.728 32583  6132 W System  : Ignoring header sessionid because its value was null.
03-15 11:41:26.728 32583  5942 V [MYTAG][HeartbeatMgr][RemoteOptor]: ----
03-15 11:41:26.728 32583  5942 V [MYTAG][HeartbeatMgr][RemoteOptor]: [CMD]Basic_Msg_MailBox
03-15 11:41:26.728 32583  5942 V [MYTAG][HeartbeatMgr][RemoteOptor]: [PARAM]null
03-15 11:41:26.728 32583  5942 V [MYTAG][HeartbeatMgr][HttpTransportLayer]: [HTTP SEND GET]
03-15 11:41:26.728 32583  5942 V [MYTAG][HeartbeatMgr][HttpTransportLayer]: 	 url:http://192.168.0.1:80/app/getparamvalue?param=rec
03-15 11:41:26.728 32583  6132 I System.out: (HTTPLog)-Static: isSBSettingEnabled false
03-15 11:41:26.728 32583  6132 I System.out: (HTTPLog)-Static: isSBSettingEnabled false
03-15 11:41:26.756 32583  5942 V [MYTAG][HeartbeatMgr][HttpTransportLayer]: [HTTP RSP]
03-15 11:41:26.756 32583  5942 V [MYTAG][HeartbeatMgr][HttpTransportLayer]: 	 errcode:0
03-15 11:41:26.756 32583  5942 V [MYTAG][HeartbeatMgr][HttpTransportLayer]: 	[content]{"result":0,"info":{"value":1}}
03-15 11:41:26.756 32583  5942 V [MYTAG][HeartbeatMgr][HttpTransportLayer]: -----------------------------------------
03-15 11:41:28.879 32583  5942 V [MYTAG][mail_tcp_socket][ViiSocketMailDataPhraser]: ------------mail---------------
03-15 11:41:28.879 32583  5942 V [MYTAG][mail_tcp_socket][ViiSocketMailDataPhraser]: {"msgid":"battery","info":{"capacity":62,"charge":0},"time":1773574889}
03-15 11:41:28.882 32583  5942 V [MYTAG][mail_tcp_socket][ViiSocketMailDataPhraser]: ------------mail---------------
03-15 11:41:28.882 32583  5942 V [MYTAG][mail_tcp_socket][ViiSocketMailDataPhraser]: {"msgid":"sd","info":{"status":0},"time":1773574889}
03-15 11:41:28.883 32583  5942 V [MYTAG][mail_tcp_socket][RemoteOptor]: ----
03-15 11:41:28.883 32583  5942 V [MYTAG][mail_tcp_socket][RemoteOptor]: [CMD]DEV_SDCARD_STATUS_QUERY
03-15 11:41:28.883 32583  5942 V [MYTAG][mail_tcp_socket][RemoteOptor]: [PARAM]null
03-15 11:41:28.884 32583  6131 W System  : Ignoring header sessionid because its value was null.
03-15 11:41:28.885 32583  5942 V [MYTAG][mail_tcp_socket][HttpTransportLayer]: [HTTP SEND GET]
03-15 11:41:28.885 32583  5942 V [MYTAG][mail_tcp_socket][HttpTransportLayer]: 	 url:http://192.168.0.1:80/app/getsdinfo
03-15 11:41:28.885 32583  6131 I System.out: (HTTPLog)-Static: isSBSettingEnabled false
03-15 11:41:28.885 32583  6131 I System.out: (HTTPLog)-Static: isSBSettingEnabled false
03-15 11:41:28.888 32583  5942 V [MYTAG][main][Device]: 666 dev is connected:true
03-15 11:41:28.915 32583  5942 V [MYTAG][mail_tcp_socket][HttpTransportLayer]: [HTTP RSP]
03-15 11:41:28.915 32583  5942 V [MYTAG][mail_tcp_socket][HttpTransportLayer]: 	 errcode:0
03-15 11:41:28.915 32583  5942 V [MYTAG][mail_tcp_socket][HttpTransportLayer]: 	[content]{"result":0,"info":{"status":0,"free":255,"total":1883}}
03-15 11:41:28.915 32583  5942 V [MYTAG][mail_tcp_socket][HttpTransportLayer]: -----------------------------------------
03-15 11:41:28.954 32583 32583 W ProxyAndroidLoggerBackend: Too many Flogger logs received before configuration. Dropping old logs.
03-15 11:41:28.964 32583 32583 I chatty  : uid=10291(com.vidure.app) identical 7 lines
03-15 11:41:28.973 32583 32583 W ProxyAndroidLoggerBackend: Too many Flogger logs received before configuration. Dropping old logs.
03-15 11:41:28.977 32583  5942 V [MYTAG][main][Device]: 666 dev is connected:true
03-15 11:41:28.978 32583  5942 V [MYTAG][main][CameraPreviewActivity]: rev msg1:264454
03-15 11:41:28.979 32583  5942 V [MYTAG][main][Device]: 666 dev is connected:true
03-15 11:41:28.979 32583  5942 V [MYTAG][main][CameraPreviewActivity]: rev msg1:589832
03-15 11:41:30.728 32583  6132 W System  : Ignoring header sessionid because its value was null.
03-15 11:41:30.728 32583  5942 V [MYTAG][HeartbeatMgr][RemoteOptor]: ----
03-15 11:41:30.728 32583  5942 V [MYTAG][HeartbeatMgr][RemoteOptor]: [CMD]Basic_Msg_MailBox
03-15 11:41:30.728 32583  5942 V [MYTAG][HeartbeatMgr][RemoteOptor]: [PARAM]null
03-15 11:41:30.729 32583  5942 V [MYTAG][HeartbeatMgr][HttpTransportLayer]: [HTTP SEND GET]
03-15 11:41:30.729 32583  5942 V [MYTAG][HeartbeatMgr][HttpTransportLayer]: 	 url:http://192.168.0.1:80/app/getparamvalue?param=rec
03-15 11:41:30.729 32583  6132 I System.out: (HTTPLog)-Static: isSBSettingEnabled false
03-15 11:41:30.729 32583  6132 I System.out: (HTTPLog)-Static: isSBSettingEnabled false
03-15 11:41:30.917 32583  5942 V [MYTAG][HeartbeatMgr][HttpTransportLayer]: [HTTP RSP]
03-15 11:41:30.917 32583  5942 V [MYTAG][HeartbeatMgr][HttpTransportLayer]: 	 errcode:0
03-15 11:41:30.917 32583  5942 V [MYTAG][HeartbeatMgr][HttpTransportLayer]: 	[content]{"result":0,"info":{"value":1}}
03-15 11:41:30.917 32583  5942 V [MYTAG][HeartbeatMgr][HttpTransportLayer]: -----------------------------------------
03-15 11:41:31.890 32583  5942 V [MYTAG][mail_tcp_socket][ViiSocketMailDataPhraser]: ------------mail---------------
03-15 11:41:31.890 32583  5942 V [MYTAG][mail_tcp_socket][ViiSocketMailDataPhraser]: {"msgid":"battery","info":{"capacity":62,"charge":0},"time":1773574892}
03-15 11:41:31.894 32583  5942 V [MYTAG][mail_tcp_socket][ViiSocketMailDataPhraser]: ------------mail---------------
03-15 11:41:31.894 32583  5942 V [MYTAG][mail_tcp_socket][ViiSocketMailDataPhraser]: {"msgid":"sd","info":{"status":0},"time":1773574892}
03-15 11:41:31.895 32583  6131 W System  : Ignoring header sessionid because its value was null.
03-15 11:41:31.895 32583  6131 I System.out: (HTTPLog)-Static: isSBSettingEnabled false
03-15 11:41:31.896 32583  6131 I System.out: (HTTPLog)-Static: isSBSettingEnabled false
03-15 11:41:31.897 32583  5942 V [MYTAG][mail_tcp_socket][RemoteOptor]: ----
03-15 11:41:31.897 32583  5942 V [MYTAG][mail_tcp_socket][RemoteOptor]: [CMD]DEV_SDCARD_STATUS_QUERY
03-15 11:41:31.897 32583  5942 V [MYTAG][mail_tcp_socket][RemoteOptor]: [PARAM]null
03-15 11:41:31.898 32583  5942 V [MYTAG][mail_tcp_socket][HttpTransportLayer]: [HTTP SEND GET]
03-15 11:41:31.898 32583  5942 V [MYTAG][mail_tcp_socket][HttpTransportLayer]: 	 url:http://192.168.0.1:80/app/getsdinfo
03-15 11:41:31.898 32583  5942 V [MYTAG][main][Device]: 666 dev is connected:true
03-15 11:41:31.918 32583  5942 V [MYTAG][mail_tcp_socket][HttpTransportLayer]: [HTTP RSP]
03-15 11:41:31.918 32583  5942 V [MYTAG][mail_tcp_socket][HttpTransportLayer]: 	 errcode:0
03-15 11:41:31.918 32583  5942 V [MYTAG][mail_tcp_socket][HttpTransportLayer]: 	[content]{"result":0,"info":{"status":0,"free":249,"total":1883}}
03-15 11:41:31.918 32583  5942 V [MYTAG][mail_tcp_socket][HttpTransportLayer]: -----------------------------------------
03-15 11:41:31.923 32583 32583 W ProxyAndroidLoggerBackend: Too many Flogger logs received before configuration. Dropping old logs.
03-15 11:41:31.932 32583 32583 I chatty  : uid=10291(com.vidure.app) identical 7 lines
03-15 11:41:31.937 32583 32583 W ProxyAndroidLoggerBackend: Too many Flogger logs received before configuration. Dropping old logs.
03-15 11:41:31.940 32583  5942 V [MYTAG][main][Device]: 666 dev is connected:true
03-15 11:41:31.942 32583  5942 V [MYTAG][main][CameraPreviewActivity]: rev msg1:264454
03-15 11:41:31.943 32583  5942 V [MYTAG][main][Device]: 666 dev is connected:true
03-15 11:41:31.943 32583  5942 V [MYTAG][main][CameraPreviewActivity]: rev msg1:589832
03-15 11:41:34.727 32583  6132 W System  : Ignoring header sessionid because its value was null.
03-15 11:41:34.728 32583  5942 V [MYTAG][HeartbeatMgr][RemoteOptor]: ----
03-15 11:41:34.728 32583  5942 V [MYTAG][HeartbeatMgr][RemoteOptor]: [CMD]Basic_Msg_MailBox
03-15 11:41:34.728 32583  5942 V [MYTAG][HeartbeatMgr][RemoteOptor]: [PARAM]null
03-15 11:41:34.728 32583  6132 I System.out: (HTTPLog)-Static: isSBSettingEnabled false
03-15 11:41:34.728 32583  6132 I System.out: (HTTPLog)-Static: isSBSettingEnabled false
03-15 11:41:34.728 32583  5942 V [MYTAG][HeartbeatMgr][HttpTransportLayer]: [HTTP SEND GET]
03-15 11:41:34.728 32583  5942 V [MYTAG][HeartbeatMgr][HttpTransportLayer]: 	 url:http://192.168.0.1:80/app/getparamvalue?param=rec
03-15 11:41:34.754 32583  5942 V [MYTAG][HeartbeatMgr][HttpTransportLayer]: [HTTP RSP]
03-15 11:41:34.754 32583  5942 V [MYTAG][HeartbeatMgr][HttpTransportLayer]: 	 errcode:0
03-15 11:41:34.754 32583  5942 V [MYTAG][HeartbeatMgr][HttpTransportLayer]: 	[content]{"result":0,"info":{"value":1}}
03-15 11:41:34.754 32583  5942 V [MYTAG][HeartbeatMgr][HttpTransportLayer]: -----------------------------------------
03-15 11:41:34.899 32583  5942 V [MYTAG][mail_tcp_socket][ViiSocketMailDataPhraser]: ------------mail---------------
03-15 11:41:34.899 32583  5942 V [MYTAG][mail_tcp_socket][ViiSocketMailDataPhraser]: {"msgid":"battery","info":{"capacity":62,"charge":0},"time":1773574895}
03-15 11:41:34.906 32583  6131 W System  : Ignoring header sessionid because its value was null.
03-15 11:41:34.906 32583  5942 V [MYTAG][mail_tcp_socket][ViiSocketMailDataPhraser]: ------------mail---------------
03-15 11:41:34.906 32583  5942 V [MYTAG][mail_tcp_socket][ViiSocketMailDataPhraser]: {"msgid":"sd","info":{"status":0},"time":1773574895}
03-15 11:41:34.906 32583  6131 I System.out: (HTTPLog)-Static: isSBSettingEnabled false
03-15 11:41:34.906 32583  6131 I System.out: (HTTPLog)-Static: isSBSettingEnabled false
03-15 11:41:34.906 32583  5942 V [MYTAG][mail_tcp_socket][RemoteOptor]: ----
03-15 11:41:34.906 32583  5942 V [MYTAG][mail_tcp_socket][RemoteOptor]: [CMD]DEV_SDCARD_STATUS_QUERY
03-15 11:41:34.906 32583  5942 V [MYTAG][mail_tcp_socket][RemoteOptor]: [PARAM]null
03-15 11:41:34.907 32583  5942 V [MYTAG][mail_tcp_socket][HttpTransportLayer]: [HTTP SEND GET]
03-15 11:41:34.907 32583  5942 V [MYTAG][mail_tcp_socket][HttpTransportLayer]: 	 url:http://192.168.0.1:80/app/getsdinfo
03-15 11:41:34.908 32583  5942 V [MYTAG][main][Device]: 666 dev is connected:true
03-15 11:41:34.931 32583 32583 W ProxyAndroidLoggerBackend: Too many Flogger logs received before configuration. Dropping old logs.
03-15 11:41:34.935 32583 32583 I chatty  : uid=10291(com.vidure.app) identical 2 lines
03-15 11:41:34.935 32583 32583 W ProxyAndroidLoggerBackend: Too many Flogger logs received before configuration. Dropping old logs.
03-15 11:41:34.937 32583 32583 W ProxyAndroidLoggerBackend: Too many Flogger logs received before configuration. Dropping old logs.
03-15 11:41:34.939 32583 32583 W ProxyAndroidLoggerBackend: Too many Flogger logs received before configuration. Dropping old logs.
03-15 11:41:34.939 32583  5942 V [MYTAG][mail_tcp_socket][HttpTransportLayer]: [HTTP RSP]
03-15 11:41:34.939 32583  5942 V [MYTAG][mail_tcp_socket][HttpTransportLayer]: 	 errcode:0
03-15 11:41:34.939 32583  5942 V [MYTAG][mail_tcp_socket][HttpTransportLayer]: 	[content]{"result":0,"info":{"status":0,"free":246,"total":1883}}
03-15 11:41:34.939 32583  5942 V [MYTAG][mail_tcp_socket][HttpTransportLayer]: -----------------------------------------
03-15 11:41:34.939 32583 32583 W ProxyAndroidLoggerBackend: Too many Flogger logs received before configuration. Dropping old logs.
03-15 11:41:34.940 32583 32583 I chatty  : uid=10291(com.vidure.app) identical 1 line
03-15 11:41:34.946 32583 32583 W ProxyAndroidLoggerBackend: Too many Flogger logs received before configuration. Dropping old logs.
03-15 11:41:34.950 32583  5942 V [MYTAG][main][Device]: 666 dev is connected:true
03-15 11:41:34.956 32583  5942 V [MYTAG][main][CameraPreviewActivity]: rev msg1:264454
03-15 11:41:34.956 32583  5942 V [MYTAG][main][Device]: 666 dev is connected:true
03-15 11:41:34.956 32583  5942 V [MYTAG][main][CameraPreviewActivity]: rev msg1:589832
03-15 11:41:37.910 32583  5942 V [MYTAG][mail_tcp_socket][ViiSocketMailDataPhraser]: ------------mail---------------
03-15 11:41:37.910 32583  5942 V [MYTAG][mail_tcp_socket][ViiSocketMailDataPhraser]: {"msgid":"battery","info":{"capacity":62,"charge":0},"time":1773574898}
03-15 11:41:37.911 32583  6131 W System  : Ignoring header sessionid because its value was null.
03-15 11:41:37.913 32583  5942 V [MYTAG][mail_tcp_socket][ViiSocketMailDataPhraser]: ------------mail---------------
03-15 11:41:37.913 32583  5942 V [MYTAG][mail_tcp_socket][ViiSocketMailDataPhraser]: {"msgid":"sd","info":{"status":0},"time":1773574898}
03-15 11:41:37.913 32583  5942 V [MYTAG][mail_tcp_socket][RemoteOptor]: ----
03-15 11:41:37.913 32583  5942 V [MYTAG][mail_tcp_socket][RemoteOptor]: [CMD]DEV_SDCARD_STATUS_QUERY
03-15 11:41:37.913 32583  5942 V [MYTAG][mail_tcp_socket][RemoteOptor]: [PARAM]null
03-15 11:41:37.913 32583  6131 I System.out: (HTTPLog)-Static: isSBSettingEnabled false
03-15 11:41:37.913 32583  6131 I System.out: (HTTPLog)-Static: isSBSettingEnabled false
03-15 11:41:37.914 32583  5942 V [MYTAG][mail_tcp_socket][HttpTransportLayer]: [HTTP SEND GET]
03-15 11:41:37.914 32583  5942 V [MYTAG][mail_tcp_socket][HttpTransportLayer]: 	 url:http://192.168.0.1:80/app/getsdinfo
03-15 11:41:37.916 32583  5942 V [MYTAG][main][Device]: 666 dev is connected:true
03-15 11:41:37.936 32583  8621 W ProxyAndroidLoggerBackend: Too many Flogger logs received before configuration. Dropping old logs.
03-15 11:41:37.937 32583  8621 W ProxyAndroidLoggerBackend: Too many Flogger logs received before configuration. Dropping old logs.
03-15 11:41:37.937 32583  8433 W ProxyAndroidLoggerBackend: Too many Flogger logs received before configuration. Dropping old logs.
03-15 11:41:37.944 32583 32583 W ProxyAndroidLoggerBackend: Too many Flogger logs received before configuration. Dropping old logs.
03-15 11:41:37.946 32583 32583 W ProxyAndroidLoggerBackend: Too many Flogger logs received before configuration. Dropping old logs.
03-15 11:41:37.948 32583 32583 I chatty  : uid=10291(com.vidure.app) identical 1 line
03-15 11:41:37.948 32583 32583 W ProxyAndroidLoggerBackend: Too many Flogger logs received before configuration. Dropping old logs.
03-15 11:41:37.951 32583  5942 V [MYTAG][mail_tcp_socket][HttpTransportLayer]: [HTTP RSP]
03-15 11:41:37.951 32583  5942 V [MYTAG][mail_tcp_socket][HttpTransportLayer]: 	 errcode:0
03-15 11:41:37.951 32583  5942 V [MYTAG][mail_tcp_socket][HttpTransportLayer]: 	[content]{"result":0,"info":{"status":0,"free":242,"total":1883}}
03-15 11:41:37.951 32583  5942 V [MYTAG][mail_tcp_socket][HttpTransportLayer]: -----------------------------------------
03-15 11:41:37.952 32583 32583 W ProxyAndroidLoggerBackend: Too many Flogger logs received before configuration. Dropping old logs.
03-15 11:41:37.954 32583 32583 I chatty  : uid=10291(com.vidure.app) identical 3 lines
03-15 11:41:37.961 32583 32583 W ProxyAndroidLoggerBackend: Too many Flogger logs received before configuration. Dropping old logs.
03-15 11:41:37.962 32583  8435 W ProxyAndroidLoggerBackend: Too many Flogger logs received before configuration. Dropping old logs.
03-15 11:41:37.964 32583  5942 V [MYTAG][main][Device]: 666 dev is connected:true
03-15 11:41:37.971 32583  5942 V [MYTAG][main][CameraPreviewActivity]: rev msg1:264454
03-15 11:41:37.971 32583  5942 V [MYTAG][main][Device]: 666 dev is connected:true
03-15 11:41:37.971 32583  5942 V [MYTAG][main][CameraPreviewActivity]: rev msg1:589832
03-15 11:41:38.240 32583  5896 I com.vidure.app: Background concurrent copying GC freed 86882(13MB) AllocSpace objects, 35(2092KB) LOS objects, 22% free, 81MB/105MB, paused 326us total 285.417ms
03-15 11:41:38.728 32583  6132 W System  : Ignoring header sessionid because its value was null.
03-15 11:41:38.728 32583  5942 V [MYTAG][HeartbeatMgr][RemoteOptor]: ----
03-15 11:41:38.728 32583  5942 V [MYTAG][HeartbeatMgr][RemoteOptor]: [CMD]Basic_Msg_MailBox
03-15 11:41:38.728 32583  5942 V [MYTAG][HeartbeatMgr][RemoteOptor]: [PARAM]null
03-15 11:41:38.728 32583  6132 I System.out: (HTTPLog)-Static: isSBSettingEnabled false
03-15 11:41:38.728 32583  5942 V [MYTAG][HeartbeatMgr][HttpTransportLayer]: [HTTP SEND GET]
03-15 11:41:38.728 32583  5942 V [MYTAG][HeartbeatMgr][HttpTransportLayer]: 	 url:http://192.168.0.1:80/app/getparamvalue?param=rec
03-15 11:41:38.728 32583  6132 I System.out: (HTTPLog)-Static: isSBSettingEnabled false
03-15 11:41:38.759 32583  5942 V [MYTAG][HeartbeatMgr][HttpTransportLayer]: [HTTP RSP]
03-15 11:41:38.759 32583  5942 V [MYTAG][HeartbeatMgr][HttpTransportLayer]: 	 errcode:0
03-15 11:41:38.759 32583  5942 V [MYTAG][HeartbeatMgr][HttpTransportLayer]: 	[content]{"result":0,"info":{"value":1}}
03-15 11:41:38.759 32583  5942 V [MYTAG][HeartbeatMgr][HttpTransportLayer]: -----------------------------------------
03-15 11:41:40.920 32583  5942 V [MYTAG][mail_tcp_socket][ViiSocketMailDataPhraser]: ------------mail---------------
03-15 11:41:40.920 32583  5942 V [MYTAG][mail_tcp_socket][ViiSocketMailDataPhraser]: {"msgid":"battery","info":{"capacity":62,"charge":0},"time":1773574901}
03-15 11:41:40.926 32583  6131 W System  : Ignoring header sessionid because its value was null.
03-15 11:41:40.926 32583  6131 I System.out: (HTTPLog)-Static: isSBSettingEnabled false
03-15 11:41:40.926 32583  6131 I System.out: (HTTPLog)-Static: isSBSettingEnabled false
03-15 11:41:40.927 32583  5942 V [MYTAG][main][Device]: 666 dev is connected:true
03-15 11:41:40.927 32583  5942 V [MYTAG][mail_tcp_socket][ViiSocketMailDataPhraser]: ------------mail---------------
03-15 11:41:40.927 32583  5942 V [MYTAG][mail_tcp_socket][ViiSocketMailDataPhraser]: {"msgid":"sd","info":{"status":0},"time":1773574901}
03-15 11:41:40.927 32583  5942 V [MYTAG][mail_tcp_socket][RemoteOptor]: ----
03-15 11:41:40.927 32583  5942 V [MYTAG][mail_tcp_socket][RemoteOptor]: [CMD]DEV_SDCARD_STATUS_QUERY
03-15 11:41:40.927 32583  5942 V [MYTAG][mail_tcp_socket][RemoteOptor]: [PARAM]null
03-15 11:41:40.927 32583  5942 V [MYTAG][mail_tcp_socket][HttpTransportLayer]: [HTTP SEND GET]
03-15 11:41:40.927 32583  5942 V [MYTAG][mail_tcp_socket][HttpTransportLayer]: 	 url:http://192.168.0.1:80/app/getsdinfo
03-15 11:41:40.951 32583  5942 V [MYTAG][mail_tcp_socket][HttpTransportLayer]: [HTTP RSP]
03-15 11:41:40.951 32583  5942 V [MYTAG][mail_tcp_socket][HttpTransportLayer]: 	 errcode:0
03-15 11:41:40.951 32583  5942 V [MYTAG][mail_tcp_socket][HttpTransportLayer]: 	[content]{"result":0,"info":{"status":0,"free":314,"total":1883}}
03-15 11:41:40.951 32583  5942 V [MYTAG][mail_tcp_socket][HttpTransportLayer]: -----------------------------------------
03-15 11:41:40.956 32583 32583 W ProxyAndroidLoggerBackend: Too many Flogger logs received before configuration. Dropping old logs.
03-15 11:41:40.964 32583 32583 I chatty  : uid=10291(com.vidure.app) identical 6 lines
03-15 11:41:40.965 32583 32583 W ProxyAndroidLoggerBackend: Too many Flogger logs received before configuration. Dropping old logs.
03-15 11:41:40.969 32583  8621 W ProxyAndroidLoggerBackend: Too many Flogger logs received before configuration. Dropping old logs.
03-15 11:41:40.972 32583 32583 W ProxyAndroidLoggerBackend: Too many Flogger logs received before configuration. Dropping old logs.
03-15 11:41:40.974 32583  5942 V [MYTAG][main][Device]: 666 dev is connected:true
03-15 11:41:40.977 32583  5942 V [MYTAG][main][CameraPreviewActivity]: rev msg1:264454
03-15 11:41:40.977 32583  5942 V [MYTAG][main][Device]: 666 dev is connected:true
03-15 11:41:40.977 32583  5942 V [MYTAG][main][CameraPreviewActivity]: rev msg1:589832
03-15 11:41:41.071 32583  8435 W ProxyAndroidLoggerBackend: Too many Flogger logs received before configuration. Dropping old logs.
03-15 11:41:41.072 32583  8435 I chatty  : uid=10291(com.vidure.app) identical 1 line
03-15 11:41:41.072 32583  8435 W ProxyAndroidLoggerBackend: Too many Flogger logs received before configuration. Dropping old logs.
03-15 11:41:41.102 32583  8621 W ProxyAndroidLoggerBackend: Too many Flogger logs received before configuration. Dropping old logs.
03-15 11:41:41.102 32583  8621 I chatty  : uid=10291(com.vidure.app) identical 1 line
03-15 11:41:41.102 32583  8621 W ProxyAndroidLoggerBackend: Too many Flogger logs received before configuration. Dropping old logs.
03-15 11:41:42.728 32583  6132 W System  : Ignoring header sessionid because its value was null.
03-15 11:41:42.729 32583  6132 I System.out: (HTTPLog)-Static: isSBSettingEnabled false
03-15 11:41:42.729 32583  5942 V [MYTAG][HeartbeatMgr][RemoteOptor]: ----
03-15 11:41:42.729 32583  5942 V [MYTAG][HeartbeatMgr][RemoteOptor]: [CMD]Basic_Msg_MailBox
03-15 11:41:42.729 32583  5942 V [MYTAG][HeartbeatMgr][RemoteOptor]: [PARAM]null
03-15 11:41:42.729 32583  5942 V [MYTAG][HeartbeatMgr][HttpTransportLayer]: [HTTP SEND GET]
03-15 11:41:42.729 32583  5942 V [MYTAG][HeartbeatMgr][HttpTransportLayer]: 	 url:http://192.168.0.1:80/app/getparamvalue?param=rec
03-15 11:41:42.729 32583  6132 I System.out: (HTTPLog)-Static: isSBSettingEnabled false
03-15 11:41:42.765 32583  5942 V [MYTAG][HeartbeatMgr][HttpTransportLayer]: [HTTP RSP]
03-15 11:41:42.765 32583  5942 V [MYTAG][HeartbeatMgr][HttpTransportLayer]: 	 errcode:0
03-15 11:41:42.765 32583  5942 V [MYTAG][HeartbeatMgr][HttpTransportLayer]: 	[content]{"result":0,"info":{"value":1}}
03-15 11:41:42.765 32583  5942 V [MYTAG][HeartbeatMgr][HttpTransportLayer]: -----------------------------------------
03-15 11:41:43.929 32583  5942 V [MYTAG][mail_tcp_socket][ViiSocketMailDataPhraser]: ------------mail---------------
03-15 11:41:43.929 32583  5942 V [MYTAG][mail_tcp_socket][ViiSocketMailDataPhraser]: {"msgid":"battery","info":{"capacity":62,"charge":0},"time":1773574904}
03-15 11:41:43.932 32583  6131 W System  : Ignoring header sessionid because its value was null.
03-15 11:41:43.932 32583  5942 V [MYTAG][mail_tcp_socket][ViiSocketMailDataPhraser]: ------------mail---------------
03-15 11:41:43.932 32583  5942 V [MYTAG][mail_tcp_socket][ViiSocketMailDataPhraser]: {"msgid":"sd","info":{"status":0},"time":1773574904}
03-15 11:41:43.932 32583  5942 V [MYTAG][mail_tcp_socket][RemoteOptor]: ----
03-15 11:41:43.932 32583  5942 V [MYTAG][mail_tcp_socket][RemoteOptor]: [CMD]DEV_SDCARD_STATUS_QUERY
03-15 11:41:43.932 32583  5942 V [MYTAG][mail_tcp_socket][RemoteOptor]: [PARAM]null
03-15 11:41:43.932 32583  6131 I System.out: (HTTPLog)-Static: isSBSettingEnabled false
03-15 11:41:43.933 32583  6131 I System.out: (HTTPLog)-Static: isSBSettingEnabled false
03-15 11:41:43.933 32583  5942 V [MYTAG][mail_tcp_socket][HttpTransportLayer]: [HTTP SEND GET]
03-15 11:41:43.933 32583  5942 V [MYTAG][mail_tcp_socket][HttpTransportLayer]: 	 url:http://192.168.0.1:80/app/getsdinfo
03-15 11:41:43.936 32583  5942 V [MYTAG][main][Device]: 666 dev is connected:true
03-15 11:41:43.957 32583  5942 V [MYTAG][mail_tcp_socket][HttpTransportLayer]: [HTTP RSP]
03-15 11:41:43.957 32583  5942 V [MYTAG][mail_tcp_socket][HttpTransportLayer]: 	 errcode:0
03-15 11:41:43.957 32583  5942 V [MYTAG][mail_tcp_socket][HttpTransportLayer]: 	[content]{"result":0,"info":{"status":0,"free":310,"total":1883}}
03-15 11:41:43.957 32583  5942 V [MYTAG][mail_tcp_socket][HttpTransportLayer]: -----------------------------------------
03-15 11:41:44.018 32583 32583 W ProxyAndroidLoggerBackend: Too many Flogger logs received before configuration. Dropping old logs.
03-15 11:41:44.032 32583 32583 I chatty  : uid=10291(com.vidure.app) identical 7 lines
03-15 11:41:44.041 32583 32583 W ProxyAndroidLoggerBackend: Too many Flogger logs received before configuration. Dropping old logs.
03-15 11:41:44.045 32583  5942 V [MYTAG][main][Device]: 666 dev is connected:true
03-15 11:41:44.049 32583  5942 V [MYTAG][main][CameraPreviewActivity]: rev msg1:264454
03-15 11:41:44.050 32583  5942 V [MYTAG][main][Device]: 666 dev is connected:true
03-15 11:41:44.050 32583  5942 V [MYTAG][main][CameraPreviewActivity]: rev msg1:589832
03-15 11:41:44.082 32583  8433 W ProxyAndroidLoggerBackend: Too many Flogger logs received before configuration. Dropping old logs.
03-15 11:41:44.083 32583  8433 W ProxyAndroidLoggerBackend: Too many Flogger logs received before configuration. Dropping old logs.
03-15 11:41:44.083 32583  8435 W ProxyAndroidLoggerBackend: Too many Flogger logs received before configuration. Dropping old logs.
03-15 11:41:46.728 32583  6132 W System  : Ignoring header sessionid because its value was null.
03-15 11:41:46.729 32583  5942 V [MYTAG][HeartbeatMgr][RemoteOptor]: ----
03-15 11:41:46.729 32583  5942 V [MYTAG][HeartbeatMgr][RemoteOptor]: [CMD]Basic_Msg_MailBox
03-15 11:41:46.729 32583  5942 V [MYTAG][HeartbeatMgr][RemoteOptor]: [PARAM]null
03-15 11:41:46.729 32583  5942 V [MYTAG][HeartbeatMgr][HttpTransportLayer]: [HTTP SEND GET]
03-15 11:41:46.729 32583  5942 V [MYTAG][HeartbeatMgr][HttpTransportLayer]: 	 url:http://192.168.0.1:80/app/getparamvalue?param=rec
03-15 11:41:46.729 32583  6132 I System.out: (HTTPLog)-Static: isSBSettingEnabled false
03-15 11:41:46.729 32583  6132 I System.out: (HTTPLog)-Static: isSBSettingEnabled false
03-15 11:41:46.777 32583  5942 V [MYTAG][HeartbeatMgr][HttpTransportLayer]: [HTTP RSP]
03-15 11:41:46.777 32583  5942 V [MYTAG][HeartbeatMgr][HttpTransportLayer]: 	 errcode:0
03-15 11:41:46.777 32583  5942 V [MYTAG][HeartbeatMgr][HttpTransportLayer]: 	[content]{"result":0,"info":{"value":1}}
03-15 11:41:46.777 32583  5942 V [MYTAG][HeartbeatMgr][HttpTransportLayer]: -----------------------------------------
03-15 11:41:46.942 32583  5942 V [MYTAG][mail_tcp_socket][ViiSocketMailDataPhraser]: ------------mail---------------
03-15 11:41:46.942 32583  5942 V [MYTAG][mail_tcp_socket][ViiSocketMailDataPhraser]: {"msgid":"battery","info":{"capacity":62,"charge":0},"time":1773574907}
03-15 11:41:46.943 32583  5942 V [MYTAG][mail_tcp_socket][ViiSocketMailDataPhraser]: ------------mail---------------
03-15 11:41:46.943 32583  5942 V [MYTAG][mail_tcp_socket][ViiSocketMailDataPhraser]: {"msgid":"sd","info":{"status":0},"time":1773574907}
03-15 11:41:46.943 32583  6131 W System  : Ignoring header sessionid because its value was null.
03-15 11:41:46.944 32583  5942 V [MYTAG][mail_tcp_socket][RemoteOptor]: ----
03-15 11:41:46.944 32583  5942 V [MYTAG][mail_tcp_socket][RemoteOptor]: [CMD]DEV_SDCARD_STATUS_QUERY
03-15 11:41:46.944 32583  5942 V [MYTAG][mail_tcp_socket][RemoteOptor]: [PARAM]null
03-15 11:41:46.944 32583  5942 V [MYTAG][mail_tcp_socket][HttpTransportLayer]: [HTTP SEND GET]
03-15 11:41:46.944 32583  5942 V [MYTAG][mail_tcp_socket][HttpTransportLayer]: 	 url:http://192.168.0.1:80/app/getsdinfo
03-15 11:41:46.945 32583  6131 I System.out: (HTTPLog)-Static: isSBSettingEnabled false
03-15 11:41:46.945 32583  6131 I System.out: (HTTPLog)-Static: isSBSettingEnabled false
03-15 11:41:46.948 32583  5942 V [MYTAG][main][Device]: 666 dev is connected:true
03-15 11:41:46.982 32583  5942 V [MYTAG][mail_tcp_socket][HttpTransportLayer]: [HTTP RSP]
03-15 11:41:46.982 32583  5942 V [MYTAG][mail_tcp_socket][HttpTransportLayer]: 	 errcode:0
03-15 11:41:46.982 32583  5942 V [MYTAG][mail_tcp_socket][HttpTransportLayer]: 	[content]{"result":0,"info":{"status":0,"free":306,"total":1883}}
03-15 11:41:46.982 32583  5942 V [MYTAG][mail_tcp_socket][HttpTransportLayer]: -----------------------------------------
03-15 11:41:47.015 32583 32583 W ProxyAndroidLoggerBackend: Too many Flogger logs received before configuration. Dropping old logs.
03-15 11:41:47.024 32583 32583 I chatty  : uid=10291(com.vidure.app) identical 6 lines
03-15 11:41:47.025 32583 32583 W ProxyAndroidLoggerBackend: Too many Flogger logs received before configuration. Dropping old logs.
03-15 11:41:47.031 32583 32583 W ProxyAndroidLoggerBackend: Too many Flogger logs received before configuration. Dropping old logs.
03-15 11:41:47.036 32583  5942 V [MYTAG][main][Device]: 666 dev is connected:true
03-15 11:41:47.041 32583  5942 V [MYTAG][main][CameraPreviewActivity]: rev msg1:264454
03-15 11:41:47.041 32583  5942 V [MYTAG][main][Device]: 666 dev is connected:true
03-15 11:41:47.041 32583  5942 V [MYTAG][main][CameraPreviewActivity]: rev msg1:589832
03-15 11:41:49.948 32583  5942 V [MYTAG][mail_tcp_socket][ViiSocketMailDataPhraser]: ------------mail---------------
03-15 11:41:49.948 32583  5942 V [MYTAG][mail_tcp_socket][ViiSocketMailDataPhraser]: {"msgid":"battery","info":{"capacity":62,"charge":0},"time":1773574910}
03-15 11:41:49.950 32583  5942 V [MYTAG][mail_tcp_socket][ViiSocketMailDataPhraser]: ------------mail---------------
03-15 11:41:49.950 32583  5942 V [MYTAG][mail_tcp_socket][ViiSocketMailDataPhraser]: {"msgid":"sd","info":{"status":0},"time":1773574910}
03-15 11:41:49.951 32583  5942 V [MYTAG][mail_tcp_socket][RemoteOptor]: ----
03-15 11:41:49.951 32583  5942 V [MYTAG][mail_tcp_socket][RemoteOptor]: [CMD]DEV_SDCARD_STATUS_QUERY
03-15 11:41:49.951 32583  5942 V [MYTAG][mail_tcp_socket][RemoteOptor]: [PARAM]null
03-15 11:41:49.951 32583  6131 W System  : Ignoring header sessionid because its value was null.
03-15 11:41:49.952 32583  5942 V [MYTAG][mail_tcp_socket][HttpTransportLayer]: [HTTP SEND GET]
03-15 11:41:49.952 32583  5942 V [MYTAG][mail_tcp_socket][HttpTransportLayer]: 	 url:http://192.168.0.1:80/app/getsdinfo
03-15 11:41:49.952 32583  6131 I System.out: (HTTPLog)-Static: isSBSettingEnabled false
03-15 11:41:49.952 32583  6131 I System.out: (HTTPLog)-Static: isSBSettingEnabled false
03-15 11:41:49.955 32583  5942 V [MYTAG][main][Device]: 666 dev is connected:true
03-15 11:41:49.984 32583  5942 V [MYTAG][mail_tcp_socket][HttpTransportLayer]: [HTTP RSP]
03-15 11:41:49.984 32583  5942 V [MYTAG][mail_tcp_socket][HttpTransportLayer]: 	 errcode:0
03-15 11:41:49.984 32583  5942 V [MYTAG][mail_tcp_socket][HttpTransportLayer]: 	[content]{"result":0,"info":{"status":0,"free":302,"total":1883}}
03-15 11:41:49.984 32583  5942 V [MYTAG][mail_tcp_socket][HttpTransportLayer]: -----------------------------------------
03-15 11:41:50.024 32583 32583 W ProxyAndroidLoggerBackend: Too many Flogger logs received before configuration. Dropping old logs.
03-15 11:41:50.035 32583 32583 I chatty  : uid=10291(com.vidure.app) identical 7 lines
03-15 11:41:50.043 32583 32583 W ProxyAndroidLoggerBackend: Too many Flogger logs received before configuration. Dropping old logs.
03-15 11:41:50.047 32583  5942 V [MYTAG][main][Device]: 666 dev is connected:true
03-15 11:41:50.051 32583  5942 V [MYTAG][main][CameraPreviewActivity]: rev msg1:264454
03-15 11:41:50.052 32583  5942 V [MYTAG][main][Device]: 666 dev is connected:true
03-15 11:41:50.052 32583  5942 V [MYTAG][main][CameraPreviewActivity]: rev msg1:589832
03-15 11:41:50.730 32583  6132 W System  : Ignoring header sessionid because its value was null.
03-15 11:41:50.731 32583  5942 V [MYTAG][HeartbeatMgr][RemoteOptor]: ----
03-15 11:41:50.731 32583  5942 V [MYTAG][HeartbeatMgr][RemoteOptor]: [CMD]Basic_Msg_MailBox
03-15 11:41:50.731 32583  5942 V [MYTAG][HeartbeatMgr][RemoteOptor]: [PARAM]null
03-15 11:41:50.731 32583  5942 V [MYTAG][HeartbeatMgr][HttpTransportLayer]: [HTTP SEND GET]
03-15 11:41:50.731 32583  5942 V [MYTAG][HeartbeatMgr][HttpTransportLayer]: 	 url:http://192.168.0.1:80/app/getparamvalue?param=rec
03-15 11:41:50.731 32583  6132 I System.out: (HTTPLog)-Static: isSBSettingEnabled false
03-15 11:41:50.731 32583  6132 I System.out: (HTTPLog)-Static: isSBSettingEnabled false
03-15 11:41:50.757 32583  5942 V [MYTAG][HeartbeatMgr][HttpTransportLayer]: [HTTP RSP]
03-15 11:41:50.757 32583  5942 V [MYTAG][HeartbeatMgr][HttpTransportLayer]: 	 errcode:0
03-15 11:41:50.757 32583  5942 V [MYTAG][HeartbeatMgr][HttpTransportLayer]: 	[content]{"result":0,"info":{"value":1}}
03-15 11:41:50.757 32583  5942 V [MYTAG][HeartbeatMgr][HttpTransportLayer]: -----------------------------------------
03-15 11:41:52.258 32583 32583 W ProxyAndroidLoggerBackend: Too many Flogger logs received before configuration. Dropping old logs.
03-15 11:41:52.307 32583 32583 I chatty  : uid=10291(com.vidure.app) identical 2 lines
03-15 11:41:52.307 32583 32583 W ProxyAndroidLoggerBackend: Too many Flogger logs received before configuration. Dropping old logs.
03-15 11:41:52.959 32583  5942 V [MYTAG][mail_tcp_socket][ViiSocketMailDataPhraser]: ------------mail---------------
03-15 11:41:52.959 32583  5942 V [MYTAG][mail_tcp_socket][ViiSocketMailDataPhraser]: {"msgid":"battery","info":{"capacity":62,"charge":0},"time":1773574913}
03-15 11:41:52.963 32583  6131 W System  : Ignoring header sessionid because its value was null.
03-15 11:41:52.964 32583  6131 I System.out: (HTTPLog)-Static: isSBSettingEnabled false
03-15 11:41:52.964 32583  6131 I System.out: (HTTPLog)-Static: isSBSettingEnabled false
03-15 11:41:52.967 32583  5942 V [MYTAG][mail_tcp_socket][ViiSocketMailDataPhraser]: ------------mail---------------
03-15 11:41:52.967 32583  5942 V [MYTAG][mail_tcp_socket][ViiSocketMailDataPhraser]: {"msgid":"sd","info":{"status":0},"time":1773574913}
03-15 11:41:52.967 32583  5942 V [MYTAG][mail_tcp_socket][RemoteOptor]: ----
03-15 11:41:52.967 32583  5942 V [MYTAG][mail_tcp_socket][RemoteOptor]: [CMD]DEV_SDCARD_STATUS_QUERY
03-15 11:41:52.967 32583  5942 V [MYTAG][mail_tcp_socket][RemoteOptor]: [PARAM]null
03-15 11:41:52.967 32583  5942 V [MYTAG][mail_tcp_socket][HttpTransportLayer]: [HTTP SEND GET]
03-15 11:41:52.967 32583  5942 V [MYTAG][mail_tcp_socket][HttpTransportLayer]: 	 url:http://192.168.0.1:80/app/getsdinfo
03-15 11:41:52.971 32583  5942 V [MYTAG][main][Device]: 666 dev is connected:true
03-15 11:41:52.995 32583  5942 V [MYTAG][mail_tcp_socket][HttpTransportLayer]: [HTTP RSP]
03-15 11:41:52.995 32583  5942 V [MYTAG][mail_tcp_socket][HttpTransportLayer]: 	 errcode:0
03-15 11:41:52.995 32583  5942 V [MYTAG][mail_tcp_socket][HttpTransportLayer]: 	[content]{"result":0,"info":{"status":0,"free":299,"total":1883}}
03-15 11:41:52.995 32583  5942 V [MYTAG][mail_tcp_socket][HttpTransportLayer]: -----------------------------------------
03-15 11:41:53.053 32583 32583 W ProxyAndroidLoggerBackend: Too many Flogger logs received before configuration. Dropping old logs.
03-15 11:41:53.066 32583 32583 I chatty  : uid=10291(com.vidure.app) identical 7 lines
