09-14 10:46:03.528  7977 12968 V [MYTAG][mail_tcp_socket][HttpTransportLayer]: -----------------------------------------
09-14 10:46:03.544  7977  7977 W ProxyAndroidLoggerBackend: Too many Flogger logs received before configuration. Dropping old logs.
09-14 10:46:03.554  7977  7977 I chatty  : uid=10291(com.vidure.app) identical 6 lines
09-14 10:46:03.555  7977  7977 W ProxyAndroidLoggerBackend: Too many Flogger logs received before configuration. Dropping old logs.
09-14 10:46:03.565  7977 12968 V [MYTAG][main][Device]: 603 dev is connected:true
09-14 10:46:03.567  7977 12968 V [MYTAG][main][CameraPreviewActivity]: rev msg1:264454
09-14 10:46:03.567  7977 12968 V [MYTAG][main][Device]: 603 dev is connected:true
09-14 10:46:03.568  7977 12968 V [MYTAG][main][CameraPreviewActivity]: rev msg1:589832
09-14 10:46:03.775  7977 12968 V [MYTAG][DefaultDispatcher-worker-1][Device]: 603 dev is connected:true
09-14 10:46:04.296  7977 12968 D [MYTAG][main][SystemLocationClientImpl]: onLocationChanged GPS data:精度=10.72 速度=0.0 海拔=330.75927734375 经纬度=49.33348521, 7.05255162
09-14 10:46:04.298  7977 12968 D [MYTAG][main][SystemLocationClientImpl]: 当前信号强度: 3
09-14 10:46:04.342  7977 13170 W System  : Ignoring header sessionid because its value was null.
09-14 10:46:04.342  7977 13170 I System.out: (HTTPLog)-Static: isSBSettingEnabled false
09-14 10:46:04.342  7977 13170 I System.out: (HTTPLog)-Static: isSBSettingEnabled false
09-14 10:46:04.344  7977 12968 V [MYTAG][HeartbeatMgr][RemoteOptor]: ----
09-14 10:46:04.344  7977 12968 V [MYTAG][HeartbeatMgr][RemoteOptor]: [CMD]Basic_Msg_MailBox
09-14 10:46:04.344  7977 12968 V [MYTAG][HeartbeatMgr][RemoteOptor]: [PARAM]null
09-14 10:46:04.344  7977 12968 V [MYTAG][HeartbeatMgr][HttpTransportLayer]: [HTTP SEND GET]
09-14 10:46:04.344  7977 12968 V [MYTAG][HeartbeatMgr][HttpTransportLayer]: 	 url:http://192.168.0.1:80/app/getparamvalue?param=rec
09-14 10:46:04.377  7977 12968 V [MYTAG][HeartbeatMgr][HttpTransportLayer]: [HTTP RSP]
09-14 10:46:04.377  7977 12968 V [MYTAG][HeartbeatMgr][HttpTransportLayer]: 	 errcode:0
09-14 10:46:04.377  7977 12968 V [MYTAG][HeartbeatMgr][HttpTransportLayer]: 	[content]{"result":0,"info":{"value":1}}
09-14 10:46:04.377  7977 12968 V [MYTAG][HeartbeatMgr][HttpTransportLayer]: -----------------------------------------
09-14 10:46:04.776  7977 12968 V [MYTAG][DefaultDispatcher-worker-1][Device]: 603 dev is connected:true
09-14 10:46:06.295  7977 12968 D [MYTAG][main][SystemLocationClientImpl]: onLocationChanged GPS data:精度=10.72 速度=0.0 海拔=331.42095947265625 经纬度=49.3334714, 7.05255105
09-14 10:46:06.296  7977 12968 D [MYTAG][main][SystemLocationClientImpl]: 当前信号强度: 3
09-14 10:46:06.488  7977 12968 V [MYTAG][mail_tcp_socket][ViiSocketMailDataPhraser]: ------------mail---------------
09-14 10:46:06.488  7977 12968 V [MYTAG][mail_tcp_socket][ViiSocketMailDataPhraser]: {"msgid":"battery","info":{"capacity":76,"charge":0},"time":1757846766}
09-14 10:46:06.498  7977 13169 W System  : Ignoring header sessionid because its value was null.
09-14 10:46:06.499  7977 12968 V [MYTAG][mail_tcp_socket][ViiSocketMailDataPhraser]: ------------mail---------------
09-14 10:46:06.499  7977 12968 V [MYTAG][mail_tcp_socket][ViiSocketMailDataPhraser]: {"msgid":"sd","info":{"status":0},"time":1757846766}
09-14 10:46:06.499  7977 12968 V [MYTAG][mail_tcp_socket][RemoteOptor]: ----
09-14 10:46:06.499  7977 12968 V [MYTAG][mail_tcp_socket][RemoteOptor]: [CMD]DEV_SDCARD_STATUS_QUERY
09-14 10:46:06.499  7977 12968 V [MYTAG][mail_tcp_socket][RemoteOptor]: [PARAM]null
09-14 10:46:06.499  7977 12968 V [MYTAG][mail_tcp_socket][HttpTransportLayer]: [HTTP SEND GET]
09-14 10:46:06.499  7977 12968 V [MYTAG][mail_tcp_socket][HttpTransportLayer]: 	 url:http://192.168.0.1:80/app/getsdinfo
09-14 10:46:06.500  7977 13169 I System.out: (HTTPLog)-Static: isSBSettingEnabled false
09-14 10:46:06.500  7977 13169 I System.out: (HTTPLog)-Static: isSBSettingEnabled false
09-14 10:46:06.503  7977 12968 V [MYTAG][main][Device]: 603 dev is connected:true
09-14 10:46:06.529  7977  7977 W ProxyAndroidLoggerBackend: Too many Flogger logs received before configuration. Dropping old logs.
09-14 10:46:06.533  7977  7977 I chatty  : uid=10291(com.vidure.app) identical 2 lines
09-14 10:46:06.533  7977  7977 W ProxyAndroidLoggerBackend: Too many Flogger logs received before configuration. Dropping old logs.
09-14 10:46:06.534  7977 12968 V [MYTAG][mail_tcp_socket][HttpTransportLayer]: [HTTP RSP]
09-14 10:46:06.534  7977 12968 V [MYTAG][mail_tcp_socket][HttpTransportLayer]: 	 errcode:0
09-14 10:46:06.534  7977 12968 V [MYTAG][mail_tcp_socket][HttpTransportLayer]: 	[content]{"result":0,"info":{"status":0,"free":299,"total":1883}}
09-14 10:46:06.534  7977 12968 V [MYTAG][mail_tcp_socket][HttpTransportLayer]: -----------------------------------------
09-14 10:46:06.536  7977  7977 W ProxyAndroidLoggerBackend: Too many Flogger logs received before configuration. Dropping old logs.
09-14 10:46:06.537  7977  7977 I chatty  : uid=10291(com.vidure.app) identical 2 lines
09-14 10:46:06.538  7977  7977 W ProxyAndroidLoggerBackend: Too many Flogger logs received before configuration. Dropping old logs.
09-14 10:46:06.551  7977 14661 W ProxyAndroidLoggerBackend: Too many Flogger logs received before configuration. Dropping old logs.
09-14 10:46:06.553  7977 12968 V [MYTAG][main][Device]: 603 dev is connected:true
09-14 10:46:06.558  7977 12968 V [MYTAG][main][CameraPreviewActivity]: rev msg1:264454
09-14 10:46:06.559  7977 12968 V [MYTAG][main][Device]: 603 dev is connected:true
09-14 10:46:06.559  7977 12968 V [MYTAG][main][CameraPreviewActivity]: rev msg1:589832
09-14 10:46:06.778  7977 12968 V [MYTAG][DefaultDispatcher-worker-1][Device]: 603 dev is connected:true
09-14 10:46:08.342  7977 13170 W System  : Ignoring header sessionid because its value was null.
09-14 10:46:08.342  7977 13170 I System.out: (HTTPLog)-Static: isSBSettingEnabled false
09-14 10:46:08.343  7977 13170 I System.out: (HTTPLog)-Static: isSBSettingEnabled false
09-14 10:46:08.344  7977 12968 V [MYTAG][HeartbeatMgr][RemoteOptor]: ----
09-14 10:46:08.344  7977 12968 V [MYTAG][HeartbeatMgr][RemoteOptor]: [CMD]Basic_Msg_MailBox
09-14 10:46:08.344  7977 12968 V [MYTAG][HeartbeatMgr][RemoteOptor]: [PARAM]null
09-14 10:46:08.344  7977 12968 V [MYTAG][HeartbeatMgr][HttpTransportLayer]: [HTTP SEND GET]
09-14 10:46:08.344  7977 12968 V [MYTAG][HeartbeatMgr][HttpTransportLayer]: 	 url:http://192.168.0.1:80/app/getparamvalue?param=rec
09-14 10:46:08.374  7977 12968 V [MYTAG][HeartbeatMgr][HttpTransportLayer]: [HTTP RSP]
09-14 10:46:08.374  7977 12968 V [MYTAG][HeartbeatMgr][HttpTransportLayer]: 	 errcode:0
09-14 10:46:08.374  7977 12968 V [MYTAG][HeartbeatMgr][HttpTransportLayer]: 	[content]{"result":0,"info":{"value":1}}
09-14 10:46:08.374  7977 12968 V [MYTAG][HeartbeatMgr][HttpTransportLayer]: -----------------------------------------
09-14 10:46:09.501  7977 12968 V [MYTAG][mail_tcp_socket][ViiSocketMailDataPhraser]: ------------mail---------------
09-14 10:46:09.501  7977 12968 V [MYTAG][mail_tcp_socket][ViiSocketMailDataPhraser]: {"msgid":"battery","info":{"capacity":76,"charge":0},"time":1757846769}
09-14 10:46:09.504  7977 12968 V [MYTAG][mail_tcp_socket][ViiSocketMailDataPhraser]: ------------mail---------------
09-14 10:46:09.504  7977 12968 V [MYTAG][mail_tcp_socket][ViiSocketMailDataPhraser]: {"msgid":"sd","info":{"status":0},"time":1757846769}
09-14 10:46:09.505  7977 13169 W System  : Ignoring header sessionid because its value was null.
09-14 10:46:09.505  7977 12968 V [MYTAG][mail_tcp_socket][RemoteOptor]: ----
09-14 10:46:09.505  7977 12968 V [MYTAG][mail_tcp_socket][RemoteOptor]: [CMD]DEV_SDCARD_STATUS_QUERY
09-14 10:46:09.505  7977 12968 V [MYTAG][mail_tcp_socket][RemoteOptor]: [PARAM]null
09-14 10:46:09.505  7977 12968 V [MYTAG][mail_tcp_socket][HttpTransportLayer]: [HTTP SEND GET]
09-14 10:46:09.505  7977 12968 V [MYTAG][mail_tcp_socket][HttpTransportLayer]: 	 url:http://192.168.0.1:80/app/getsdinfo
09-14 10:46:09.506  7977 13169 I System.out: (HTTPLog)-Static: isSBSettingEnabled false
09-14 10:46:09.506  7977 13169 I System.out: (HTTPLog)-Static: isSBSettingEnabled false
09-14 10:46:09.511  7977 12968 V [MYTAG][main][Device]: 603 dev is connected:true
09-14 10:46:09.539  7977  7977 W ProxyAndroidLoggerBackend: Too many Flogger logs received before configuration. Dropping old logs.
09-14 10:46:09.550  7977  7977 I chatty  : uid=10291(com.vidure.app) identical 6 lines
09-14 10:46:09.550  7977  7977 W ProxyAndroidLoggerBackend: Too many Flogger logs received before configuration. Dropping old logs.
09-14 10:46:09.553  7977 12968 V [MYTAG][mail_tcp_socket][HttpTransportLayer]: [HTTP RSP]
09-14 10:46:09.553  7977 12968 V [MYTAG][mail_tcp_socket][HttpTransportLayer]: 	 errcode:0
09-14 10:46:09.553  7977 12968 V [MYTAG][mail_tcp_socket][HttpTransportLayer]: 	[content]{"result":0,"info":{"status":0,"free":295,"total":1883}}
09-14 10:46:09.553  7977 12968 V [MYTAG][mail_tcp_socket][HttpTransportLayer]: -----------------------------------------
09-14 10:46:09.561  7977 12968 V [MYTAG][main][Device]: 603 dev is connected:true
09-14 10:46:09.566  7977 12968 V [MYTAG][main][CameraPreviewActivity]: rev msg1:264454
09-14 10:46:09.567  7977 12968 V [MYTAG][main][Device]: 603 dev is connected:true
09-14 10:46:09.567  7977 12968 V [MYTAG][main][CameraPreviewActivity]: rev msg1:589832
09-14 10:46:09.646  7977 14799 W ProxyAndroidLoggerBackend: Too many Flogger logs received before configuration. Dropping old logs.
09-14 10:46:09.647  7977 14799 W ProxyAndroidLoggerBackend: Too many Flogger logs received before configuration. Dropping old logs.
09-14 10:46:09.647  7977 14661 W ProxyAndroidLoggerBackend: Too many Flogger logs received before configuration. Dropping old logs.
09-14 10:46:12.342  7977 12968 V [MYTAG][HeartbeatMgr][RemoteOptor]: ----
09-14 10:46:12.342  7977 12968 V [MYTAG][HeartbeatMgr][RemoteOptor]: [CMD]Basic_Msg_MailBox
09-14 10:46:12.342  7977 12968 V [MYTAG][HeartbeatMgr][RemoteOptor]: [PARAM]null
09-14 10:46:12.342  7977 13170 W System  : Ignoring header sessionid because its value was null.
09-14 10:46:12.343  7977 13170 I System.out: (HTTPLog)-Static: isSBSettingEnabled false
09-14 10:46:12.343  7977 13170 I System.out: (HTTPLog)-Static: isSBSettingEnabled false
09-14 10:46:12.344  7977 12968 V [MYTAG][HeartbeatMgr][HttpTransportLayer]: [HTTP SEND GET]
09-14 10:46:12.344  7977 12968 V [MYTAG][HeartbeatMgr][HttpTransportLayer]: 	 url:http://192.168.0.1:80/app/getparamvalue?param=rec
09-14 10:46:12.393  7977 12968 V [MYTAG][HeartbeatMgr][HttpTransportLayer]: [HTTP RSP]
09-14 10:46:12.393  7977 12968 V [MYTAG][HeartbeatMgr][HttpTransportLayer]: 	 errcode:0
09-14 10:46:12.393  7977 12968 V [MYTAG][HeartbeatMgr][HttpTransportLayer]: 	[content]{"result":0,"info":{"value":1}}
09-14 10:46:12.393  7977 12968 V [MYTAG][HeartbeatMgr][HttpTransportLayer]: -----------------------------------------
09-14 10:46:12.515  7977 12968 V [MYTAG][mail_tcp_socket][ViiSocketMailDataPhraser]: ------------mail---------------
09-14 10:46:12.515  7977 12968 V [MYTAG][mail_tcp_socket][ViiSocketMailDataPhraser]: {"msgid":"battery","info":{"capacity":76,"charge":0},"time":1757846772}
09-14 10:46:12.519  7977 13169 W System  : Ignoring header sessionid because its value was null.
09-14 10:46:12.520  7977 13169 I System.out: (HTTPLog)-Static: isSBSettingEnabled false
09-14 10:46:12.520  7977 13169 I System.out: (HTTPLog)-Static: isSBSettingEnabled false
09-14 10:46:12.522  7977 12968 V [MYTAG][mail_tcp_socket][ViiSocketMailDataPhraser]: ------------mail---------------
09-14 10:46:12.522  7977 12968 V [MYTAG][mail_tcp_socket][ViiSocketMailDataPhraser]: {"msgid":"sd","info":{"status":0},"time":1757846772}
09-14 10:46:12.522  7977 12968 V [MYTAG][mail_tcp_socket][RemoteOptor]: ----
09-14 10:46:12.522  7977 12968 V [MYTAG][mail_tcp_socket][RemoteOptor]: [CMD]DEV_SDCARD_STATUS_QUERY
09-14 10:46:12.522  7977 12968 V [MYTAG][mail_tcp_socket][RemoteOptor]: [PARAM]null
09-14 10:46:12.522  7977 12968 V [MYTAG][mail_tcp_socket][HttpTransportLayer]: [HTTP SEND GET]
09-14 10:46:12.522  7977 12968 V [MYTAG][mail_tcp_socket][HttpTransportLayer]: 	 url:http://192.168.0.1:80/app/getsdinfo
09-14 10:46:12.522  7977 12968 V [MYTAG][main][Device]: 603 dev is connected:true
09-14 10:46:12.555  7977  7977 W ProxyAndroidLoggerBackend: Too many Flogger logs received before configuration. Dropping old logs.
09-14 10:46:12.558  7977  7977 I chatty  : uid=10291(com.vidure.app) identical 2 lines
09-14 10:46:12.558  7977  7977 W ProxyAndroidLoggerBackend: Too many Flogger logs received before configuration. Dropping old logs.
09-14 10:46:12.563  7977 12968 V [MYTAG][mail_tcp_socket][HttpTransportLayer]: [HTTP RSP]
09-14 10:46:12.563  7977 12968 V [MYTAG][mail_tcp_socket][HttpTransportLayer]: 	 errcode:0
09-14 10:46:12.563  7977 12968 V [MYTAG][mail_tcp_socket][HttpTransportLayer]: 	[content]{"result":0,"info":{"status":0,"free":290,"total":1883}}
09-14 10:46:12.563  7977 12968 V [MYTAG][mail_tcp_socket][HttpTransportLayer]: -----------------------------------------
09-14 10:46:12.563  7977  7977 W ProxyAndroidLoggerBackend: Too many Flogger logs received before configuration. Dropping old logs.
09-14 10:46:12.564  7977  7977 I chatty  : uid=10291(com.vidure.app) identical 2 lines
09-14 10:46:12.565  7977  7977 W ProxyAndroidLoggerBackend: Too many Flogger logs received before configuration. Dropping old logs.
09-14 10:46:12.577  7977 12968 V [MYTAG][main][Device]: 603 dev is connected:true
09-14 10:46:12.579  7977 12968 V [MYTAG][main][CameraPreviewActivity]: rev msg1:264454
09-14 10:46:12.584  7977 12968 V [MYTAG][main][Device]: 603 dev is connected:true
09-14 10:46:12.584  7977 12968 V [MYTAG][main][CameraPreviewActivity]: rev msg1:589832
09-14 10:46:14.451  7977 14840 W ProxyAndroidLoggerBackend: Too many Flogger logs received before configuration. Dropping old logs.
09-14 10:46:14.452  7977 14840 I chatty  : uid=10291(com.vidure.app) identical 3 lines
09-14 10:46:14.452  7977 14840 W ProxyAndroidLoggerBackend: Too many Flogger logs received before configuration. Dropping old logs.
09-14 10:46:15.519  7977 12968 V [MYTAG][mail_tcp_socket][ViiSocketMailDataPhraser]: ------------mail---------------
09-14 10:46:15.519  7977 12968 V [MYTAG][mail_tcp_socket][ViiSocketMailDataPhraser]: {"msgid":"battery","info":{"capacity":76,"charge":0},"time":1757846775}
09-14 10:46:15.521  7977 13169 W System  : Ignoring header sessionid because its value was null.
09-14 10:46:15.521  7977 12968 V [MYTAG][mail_tcp_socket][ViiSocketMailDataPhraser]: ------------mail---------------
09-14 10:46:15.521  7977 12968 V [MYTAG][mail_tcp_socket][ViiSocketMailDataPhraser]: {"msgid":"sd","info":{"status":0},"time":1757846775}
09-14 10:46:15.522  7977 12968 V [MYTAG][mail_tcp_socket][RemoteOptor]: ----
09-14 10:46:15.522  7977 12968 V [MYTAG][mail_tcp_socket][RemoteOptor]: [CMD]DEV_SDCARD_STATUS_QUERY
09-14 10:46:15.522  7977 12968 V [MYTAG][mail_tcp_socket][RemoteOptor]: [PARAM]null
09-14 10:46:15.522  7977 12968 V [MYTAG][mail_tcp_socket][HttpTransportLayer]: [HTTP SEND GET]
09-14 10:46:15.522  7977 12968 V [MYTAG][mail_tcp_socket][HttpTransportLayer]: 	 url:http://192.168.0.1:80/app/getsdinfo
09-14 10:46:15.523  7977 13169 I System.out: (HTTPLog)-Static: isSBSettingEnabled false
09-14 10:46:15.524  7977 13169 I System.out: (HTTPLog)-Static: isSBSettingEnabled false
09-14 10:46:15.527  7977 12968 V [MYTAG][main][Device]: 603 dev is connected:true
09-14 10:46:15.559  7977  7977 W ProxyAndroidLoggerBackend: Too many Flogger logs received before configuration. Dropping old logs.
09-14 10:46:15.560  7977 12968 V [MYTAG][mail_tcp_socket][HttpTransportLayer]: [HTTP RSP]
09-14 10:46:15.560  7977 12968 V [MYTAG][mail_tcp_socket][HttpTransportLayer]: 	 errcode:0
09-14 10:46:15.560  7977 12968 V [MYTAG][mail_tcp_socket][HttpTransportLayer]: 	[content]{"result":0,"info":{"status":0,"free":288,"total":1883}}
09-14 10:46:15.560  7977 12968 V [MYTAG][mail_tcp_socket][HttpTransportLayer]: -----------------------------------------
09-14 10:46:15.561  7977  7977 W ProxyAndroidLoggerBackend: Too many Flogger logs received before configuration. Dropping old logs.
09-14 10:46:15.567  7977  7977 I chatty  : uid=10291(com.vidure.app) identical 5 lines
09-14 10:46:15.568  7977  7977 W ProxyAndroidLoggerBackend: Too many Flogger logs received before configuration. Dropping old logs.
09-14 10:46:15.579  7977 12968 V [MYTAG][main][Device]: 603 dev is connected:true
09-14 10:46:15.583  7977 12968 V [MYTAG][main][CameraPreviewActivity]: rev msg1:264454
09-14 10:46:15.583  7977 12968 V [MYTAG][main][Device]: 603 dev is connected:true
09-14 10:46:15.584  7977 12968 V [MYTAG][main][CameraPreviewActivity]: rev msg1:589832
09-14 10:46:16.054  7977 14579 W ProxyAndroidLoggerBackend: Too many Flogger logs received before configuration. Dropping old logs.
09-14 10:46:16.125  7977 14799 W ProxyAndroidLoggerBackend: Too many Flogger logs received before configuration. Dropping old logs.
09-14 10:46:16.342  7977 13170 W System  : Ignoring header sessionid because its value was null.
09-14 10:46:16.342  7977 13170 I System.out: (HTTPLog)-Static: isSBSettingEnabled false
09-14 10:46:16.343  7977 13170 I System.out: (HTTPLog)-Static: isSBSettingEnabled false
09-14 10:46:16.344  7977 12968 V [MYTAG][HeartbeatMgr][RemoteOptor]: ----
09-14 10:46:16.344  7977 12968 V [MYTAG][HeartbeatMgr][RemoteOptor]: [CMD]Basic_Msg_MailBox
09-14 10:46:16.344  7977 12968 V [MYTAG][HeartbeatMgr][RemoteOptor]: [PARAM]null
09-14 10:46:16.344  7977 12968 V [MYTAG][HeartbeatMgr][HttpTransportLayer]: [HTTP SEND GET]
09-14 10:46:16.344  7977 12968 V [MYTAG][HeartbeatMgr][HttpTransportLayer]: 	 url:http://192.168.0.1:80/app/getparamvalue?param=rec
09-14 10:46:16.370  7977 12968 V [MYTAG][HeartbeatMgr][HttpTransportLayer]: [HTTP RSP]
09-14 10:46:16.370  7977 12968 V [MYTAG][HeartbeatMgr][HttpTransportLayer]: 	 errcode:0
09-14 10:46:16.370  7977 12968 V [MYTAG][HeartbeatMgr][HttpTransportLayer]: 	[content]{"result":0,"info":{"value":1}}
09-14 10:46:16.370  7977 12968 V [MYTAG][HeartbeatMgr][HttpTransportLayer]: -----------------------------------------
09-14 10:46:18.528  7977 12968 V [MYTAG][mail_tcp_socket][ViiSocketMailDataPhraser]: ------------mail---------------
09-14 10:46:18.528  7977 12968 V [MYTAG][mail_tcp_socket][ViiSocketMailDataPhraser]: {"msgid":"battery","info":{"capacity":76,"charge":0},"time":1757846778}
09-14 10:46:18.530  7977 12968 V [MYTAG][mail_tcp_socket][ViiSocketMailDataPhraser]: ------------mail---------------
09-14 10:46:18.530  7977 12968 V [MYTAG][mail_tcp_socket][ViiSocketMailDataPhraser]: {"msgid":"sd","info":{"status":0},"time":1757846778}
09-14 10:46:18.531  7977 12968 V [MYTAG][mail_tcp_socket][RemoteOptor]: ----
09-14 10:46:18.531  7977 12968 V [MYTAG][mail_tcp_socket][RemoteOptor]: [CMD]DEV_SDCARD_STATUS_QUERY
09-14 10:46:18.531  7977 12968 V [MYTAG][mail_tcp_socket][RemoteOptor]: [PARAM]null
09-14 10:46:18.532  7977 12968 V [MYTAG][mail_tcp_socket][HttpTransportLayer]: [HTTP SEND GET]
09-14 10:46:18.532  7977 12968 V [MYTAG][mail_tcp_socket][HttpTransportLayer]: 	 url:http://192.168.0.1:80/app/getsdinfo
09-14 10:46:18.532  7977 13169 W System  : Ignoring header sessionid because its value was null.
09-14 10:46:18.533  7977 13169 I System.out: (HTTPLog)-Static: isSBSettingEnabled false
09-14 10:46:18.533  7977 13169 I System.out: (HTTPLog)-Static: isSBSettingEnabled false
09-14 10:46:18.541  7977 12968 V [MYTAG][main][Device]: 603 dev is connected:true
09-14 10:46:18.562  7977 12968 V [MYTAG][mail_tcp_socket][HttpTransportLayer]: [HTTP RSP]
09-14 10:46:18.562  7977 12968 V [MYTAG][mail_tcp_socket][HttpTransportLayer]: 	 errcode:0
09-14 10:46:18.562  7977 12968 V [MYTAG][mail_tcp_socket][HttpTransportLayer]: 	[content]{"result":0,"info":{"status":0,"free":284,"total":1883}}
09-14 10:46:18.562  7977 12968 V [MYTAG][mail_tcp_socket][HttpTransportLayer]: -----------------------------------------
09-14 10:46:18.625  7977  7977 W ProxyAndroidLoggerBackend: Too many Flogger logs received before configuration. Dropping old logs.
09-14 10:46:18.633  7977  7977 I chatty  : uid=10291(com.vidure.app) identical 6 lines
09-14 10:46:18.634  7977  7977 W ProxyAndroidLoggerBackend: Too many Flogger logs received before configuration. Dropping old logs.
09-14 10:46:18.650  7977 12968 V [MYTAG][main][Device]: 603 dev is connected:true
09-14 10:46:18.653  7977 12968 V [MYTAG][main][CameraPreviewActivity]: rev msg1:264454
09-14 10:46:18.653  7977 12968 V [MYTAG][main][Device]: 603 dev is connected:true
09-14 10:46:18.654  7977 12968 V [MYTAG][main][CameraPreviewActivity]: rev msg1:589832
09-14 10:46:20.342  7977 12968 V [MYTAG][HeartbeatMgr][RemoteOptor]: ----
09-14 10:46:20.342  7977 12968 V [MYTAG][HeartbeatMgr][RemoteOptor]: [CMD]Basic_Msg_MailBox
09-14 10:46:20.342  7977 12968 V [MYTAG][HeartbeatMgr][RemoteOptor]: [PARAM]null
09-14 10:46:20.343  7977 12968 V [MYTAG][HeartbeatMgr][HttpTransportLayer]: [HTTP SEND GET]
09-14 10:46:20.343  7977 12968 V [MYTAG][HeartbeatMgr][HttpTransportLayer]: 	 url:http://192.168.0.1:80/app/getparamvalue?param=rec
09-14 10:46:20.343  7977 13170 W System  : Ignoring header sessionid because its value was null.
09-14 10:46:20.343  7977 13170 I System.out: (HTTPLog)-Static: isSBSettingEnabled false
09-14 10:46:20.344  7977 13170 I System.out: (HTTPLog)-Static: isSBSettingEnabled false
09-14 10:46:20.390  7977 12968 V [MYTAG][HeartbeatMgr][HttpTransportLayer]: [HTTP RSP]
09-14 10:46:20.390  7977 12968 V [MYTAG][HeartbeatMgr][HttpTransportLayer]: 	 errcode:0
09-14 10:46:20.390  7977 12968 V [MYTAG][HeartbeatMgr][HttpTransportLayer]: 	[content]{"result":0,"info":{"value":1}}
09-14 10:46:20.390  7977 12968 V [MYTAG][HeartbeatMgr][HttpTransportLayer]: -----------------------------------------
09-14 10:46:21.514  7977 14799 W ProxyAndroidLoggerBackend: Too many Flogger logs received before configuration. Dropping old logs.
09-14 10:46:21.514  7977 14799 W ProxyAndroidLoggerBackend: Too many Flogger logs received before configuration. Dropping old logs.
09-14 10:46:21.514  7977 14928 W ProxyAndroidLoggerBackend: Too many Flogger logs received before configuration. Dropping old logs.
09-14 10:46:21.540  7977 12968 V [MYTAG][mail_tcp_socket][ViiSocketMailDataPhraser]: ------------mail---------------
09-14 10:46:21.540  7977 12968 V [MYTAG][mail_tcp_socket][ViiSocketMailDataPhraser]: {"msgid":"battery","info":{"capacity":76,"charge":0},"time":1757846781}
09-14 10:46:21.541  7977 12968 V [MYTAG][mail_tcp_socket][ViiSocketMailDataPhraser]: ------------mail---------------
09-14 10:46:21.541  7977 12968 V [MYTAG][mail_tcp_socket][ViiSocketMailDataPhraser]: {"msgid":"sd","info":{"status":0},"time":1757846781}
09-14 10:46:21.542  7977 12968 V [MYTAG][mail_tcp_socket][RemoteOptor]: ----
09-14 10:46:21.542  7977 12968 V [MYTAG][mail_tcp_socket][RemoteOptor]: [CMD]DEV_SDCARD_STATUS_QUERY
09-14 10:46:21.542  7977 12968 V [MYTAG][mail_tcp_socket][RemoteOptor]: [PARAM]null
09-14 10:46:21.543  7977 13169 W System  : Ignoring header sessionid because its value was null.
09-14 10:46:21.543  7977 12968 V [MYTAG][mail_tcp_socket][HttpTransportLayer]: [HTTP SEND GET]
09-14 10:46:21.543  7977 12968 V [MYTAG][mail_tcp_socket][HttpTransportLayer]: 	 url:http://192.168.0.1:80/app/getsdinfo
09-14 10:46:21.543  7977 13169 I System.out: (HTTPLog)-Static: isSBSettingEnabled false
09-14 10:46:21.544  7977 13169 I System.out: (HTTPLog)-Static: isSBSettingEnabled false
09-14 10:46:21.551  7977 12968 V [MYTAG][main][Device]: 603 dev is connected:true
09-14 10:46:21.571  7977 12968 V [MYTAG][mail_tcp_socket][HttpTransportLayer]: [HTTP RSP]
09-14 10:46:21.571  7977 12968 V [MYTAG][mail_tcp_socket][HttpTransportLayer]: 	 errcode:0
09-14 10:46:21.571  7977 12968 V [MYTAG][mail_tcp_socket][HttpTransportLayer]: 	[content]{"result":0,"info":{"status":0,"free":280,"total":1883}}
09-14 10:46:21.571  7977 12968 V [MYTAG][mail_tcp_socket][HttpTransportLayer]: -----------------------------------------
09-14 10:46:21.583  7977  7977 W ProxyAndroidLoggerBackend: Too many Flogger logs received before configuration. Dropping old logs.
09-14 10:46:21.585  7977  7977 W ProxyAndroidLoggerBackend: Too many Flogger logs received before configuration. Dropping old logs.
09-14 10:46:21.588  7977  7977 W ProxyAndroidLoggerBackend: Too many Flogger logs received before configuration. Dropping old logs.
09-14 10:46:21.591  7977  7977 I chatty  : uid=10291(com.vidure.app) identical 4 lines
09-14 10:46:21.591  7977  7977 W ProxyAndroidLoggerBackend: Too many Flogger logs received before configuration. Dropping old logs.
09-14 10:46:21.601  7977 14928 W ProxyAndroidLoggerBackend: Too many Flogger logs received before configuration. Dropping old logs.
09-14 10:46:21.608  7977 12968 V [MYTAG][main][Device]: 603 dev is connected:true
09-14 10:46:21.610  7977 12968 V [MYTAG][main][CameraPreviewActivity]: rev msg1:264454
09-14 10:46:21.610  7977 12968 V [MYTAG][main][Device]: 603 dev is connected:true
09-14 10:46:21.610  7977 12968 V [MYTAG][main][CameraPreviewActivity]: rev msg1:589832
09-14 10:46:24.344  7977 12968 V [MYTAG][HeartbeatMgr][RemoteOptor]: ----
09-14 10:46:24.344  7977 12968 V [MYTAG][HeartbeatMgr][RemoteOptor]: [CMD]Basic_Msg_MailBox
09-14 10:46:24.344  7977 12968 V [MYTAG][HeartbeatMgr][RemoteOptor]: [PARAM]null
09-14 10:46:24.346  7977 13170 W System  : Ignoring header sessionid because its value was null.
09-14 10:46:24.346  7977 13170 I System.out: (HTTPLog)-Static: isSBSettingEnabled false
09-14 10:46:24.346  7977 13170 I System.out: (HTTPLog)-Static: isSBSettingEnabled false
09-14 10:46:24.348  7977 12968 V [MYTAG][HeartbeatMgr][HttpTransportLayer]: [HTTP SEND GET]
09-14 10:46:24.348  7977 12968 V [MYTAG][HeartbeatMgr][HttpTransportLayer]: 	 url:http://192.168.0.1:80/app/getparamvalue?param=rec
09-14 10:46:24.380  7977 12968 V [MYTAG][HeartbeatMgr][HttpTransportLayer]: [HTTP RSP]
09-14 10:46:24.380  7977 12968 V [MYTAG][HeartbeatMgr][HttpTransportLayer]: 	 errcode:0
09-14 10:46:24.380  7977 12968 V [MYTAG][HeartbeatMgr][HttpTransportLayer]: 	[content]{"result":0,"info":{"value":1}}
09-14 10:46:24.380  7977 12968 V [MYTAG][HeartbeatMgr][HttpTransportLayer]: -----------------------------------------
09-14 10:46:24.455  7977 14971 W ProxyAndroidLoggerBackend: Too many Flogger logs received before configuration. Dropping old logs.
09-14 10:46:24.457  7977 14971 I chatty  : uid=10291(com.vidure.app) identical 2 lines
09-14 10:46:24.457  7977 14971 W ProxyAndroidLoggerBackend: Too many Flogger logs received before configuration. Dropping old logs.
09-14 10:46:24.551  7977 12968 V [MYTAG][mail_tcp_socket][ViiSocketMailDataPhraser]: ------------mail---------------
09-14 10:46:24.551  7977 12968 V [MYTAG][mail_tcp_socket][ViiSocketMailDataPhraser]: {"msgid":"battery","info":{"capacity":76,"charge":0},"time":1757846784}
09-14 10:46:24.555  7977 12968 V [MYTAG][mail_tcp_socket][ViiSocketMailDataPhraser]: ------------mail---------------
09-14 10:46:24.555  7977 12968 V [MYTAG][mail_tcp_socket][ViiSocketMailDataPhraser]: {"msgid":"sd","info":{"status":0},"time":1757846784}
09-14 10:46:24.555  7977 12968 V [MYTAG][mail_tcp_socket][RemoteOptor]: ----
09-14 10:46:24.555  7977 12968 V [MYTAG][mail_tcp_socket][RemoteOptor]: [CMD]DEV_SDCARD_STATUS_QUERY
09-14 10:46:24.555  7977 12968 V [MYTAG][mail_tcp_socket][RemoteOptor]: [PARAM]null
09-14 10:46:24.556  7977 13169 W System  : Ignoring header sessionid because its value was null.
09-14 10:46:24.556  7977 13169 I System.out: (HTTPLog)-Static: isSBSettingEnabled false
09-14 10:46:24.556  7977 13169 I System.out: (HTTPLog)-Static: isSBSettingEnabled false
09-14 10:46:24.557  7977 12968 V [MYTAG][mail_tcp_socket][HttpTransportLayer]: [HTTP SEND GET]
09-14 10:46:24.557  7977 12968 V [MYTAG][mail_tcp_socket][HttpTransportLayer]: 	 url:http://192.168.0.1:80/app/getsdinfo
09-14 10:46:24.557  7977 12968 V [MYTAG][main][Device]: 603 dev is connected:true
09-14 10:46:24.588  7977 12968 V [MYTAG][mail_tcp_socket][HttpTransportLayer]: [HTTP RSP]
09-14 10:46:24.588  7977 12968 V [MYTAG][mail_tcp_socket][HttpTransportLayer]: 	 errcode:0
09-14 10:46:24.588  7977 12968 V [MYTAG][mail_tcp_socket][HttpTransportLayer]: 	[content]{"result":0,"info":{"status":0,"free":276,"total":1883}}
09-14 10:46:24.588  7977 12968 V [MYTAG][mail_tcp_socket][HttpTransportLayer]: -----------------------------------------
09-14 10:46:24.611  7977  7977 W ProxyAndroidLoggerBackend: Too many Flogger logs received before configuration. Dropping old logs.
09-14 10:46:24.622  7977  7977 I chatty  : uid=10291(com.vidure.app) identical 6 lines
09-14 10:46:24.623  7977  7977 W ProxyAndroidLoggerBackend: Too many Flogger logs received before configuration. Dropping old logs.
09-14 10:46:24.634  7977 14928 W ProxyAndroidLoggerBackend: Too many Flogger logs received before configuration. Dropping old logs.
09-14 10:46:24.642  7977 12968 V [MYTAG][main][Device]: 603 dev is connected:true
09-14 10:46:24.645  7977 12968 V [MYTAG][main][CameraPreviewActivity]: rev msg1:264454
09-14 10:46:24.646  7977 12968 V [MYTAG][main][Device]: 603 dev is connected:true
09-14 10:46:24.646  7977 12968 V [MYTAG][main][CameraPreviewActivity]: rev msg1:589832
09-14 10:46:24.800  7977 14579 W ProxyAndroidLoggerBackend: Too many Flogger logs received before configuration. Dropping old logs.
09-14 10:46:24.801  7977 14579 I chatty  : uid=10291(com.vidure.app) identical 1 line
09-14 10:46:24.802  7977 14579 W ProxyAndroidLoggerBackend: Too many Flogger logs received before configuration. Dropping old logs.
09-14 10:46:27.561  7977 12968 V [MYTAG][mail_tcp_socket][ViiSocketMailDataPhraser]: ------------mail---------------
09-14 10:46:27.561  7977 12968 V [MYTAG][mail_tcp_socket][ViiSocketMailDataPhraser]: {"msgid":"battery","info":{"capacity":76,"charge":0},"time":1757846787}
09-14 10:46:27.564  7977 12968 V [MYTAG][mail_tcp_socket][ViiSocketMailDataPhraser]: ------------mail---------------
09-14 10:46:27.564  7977 12968 V [MYTAG][mail_tcp_socket][ViiSocketMailDataPhraser]: {"msgid":"sd","info":{"status":0},"time":1757846787}
09-14 10:46:27.565  7977 12968 V [MYTAG][mail_tcp_socket][RemoteOptor]: ----
09-14 10:46:27.565  7977 12968 V [MYTAG][mail_tcp_socket][RemoteOptor]: [CMD]DEV_SDCARD_STATUS_QUERY
09-14 10:46:27.565  7977 12968 V [MYTAG][mail_tcp_socket][RemoteOptor]: [PARAM]null
09-14 10:46:27.565  7977 13169 W System  : Ignoring header sessionid because its value was null.
09-14 10:46:27.565  7977 12968 V [MYTAG][mail_tcp_socket][HttpTransportLayer]: [HTTP SEND GET]
09-14 10:46:27.565  7977 12968 V [MYTAG][mail_tcp_socket][HttpTransportLayer]: 	 url:http://192.168.0.1:80/app/getsdinfo
09-14 10:46:27.565  7977 13169 I System.out: (HTTPLog)-Static: isSBSettingEnabled false
09-14 10:46:27.565  7977 13169 I System.out: (HTTPLog)-Static: isSBSettingEnabled false
09-14 10:46:27.571  7977 12968 V [MYTAG][main][Device]: 603 dev is connected:true
09-14 10:46:27.594  7977 12968 V [MYTAG][mail_tcp_socket][HttpTransportLayer]: [HTTP RSP]
09-14 10:46:27.594  7977 12968 V [MYTAG][mail_tcp_socket][HttpTransportLayer]: 	 errcode:0
09-14 10:46:27.594  7977 12968 V [MYTAG][mail_tcp_socket][HttpTransportLayer]: 	[content]{"result":0,"info":{"status":0,"free":272,"total":1883}}
09-14 10:46:27.594  7977 12968 V [MYTAG][mail_tcp_socket][HttpTransportLayer]: -----------------------------------------
09-14 10:46:27.634  7977  7977 W ProxyAndroidLoggerBackend: Too many Flogger logs received before configuration. Dropping old logs.
09-14 10:46:27.652  7977  7977 I chatty  : uid=10291(com.vidure.app) identical 6 lines
09-14 10:46:27.655  7977  7977 W ProxyAndroidLoggerBackend: Too many Flogger logs received before configuration. Dropping old logs.
09-14 10:46:27.672  7977 12968 V [MYTAG][main][Device]: 603 dev is connected:true
09-14 10:46:27.676  7977 12968 V [MYTAG][main][CameraPreviewActivity]: rev msg1:264454
09-14 10:46:27.676  7977 12968 V [MYTAG][main][Device]: 603 dev is connected:true
09-14 10:46:27.677  7977 12968 V [MYTAG][main][CameraPreviewActivity]: rev msg1:589832
09-14 10:46:28.348  7977 12968 V [MYTAG][HeartbeatMgr][RemoteOptor]: ----
09-14 10:46:28.348  7977 12968 V [MYTAG][HeartbeatMgr][RemoteOptor]: [CMD]Basic_Msg_MailBox
09-14 10:46:28.348  7977 12968 V [MYTAG][HeartbeatMgr][RemoteOptor]: [PARAM]null
09-14 10:46:28.349  7977 12968 V [MYTAG][HeartbeatMgr][HttpTransportLayer]: [HTTP SEND GET]
09-14 10:46:28.349  7977 12968 V [MYTAG][HeartbeatMgr][HttpTransportLayer]: 	 url:http://192.168.0.1:80/app/getparamvalue?param=rec
09-14 10:46:28.349  7977 13170 W System  : Ignoring header sessionid because its value was null.
09-14 10:46:28.349  7977 13170 I System.out: (HTTPLog)-Static: isSBSettingEnabled false
09-14 10:46:28.349  7977 13170 I System.out: (HTTPLog)-Static: isSBSettingEnabled false
09-14 10:46:28.390  7977 12968 V [MYTAG][HeartbeatMgr][HttpTransportLayer]: [HTTP RSP]
09-14 10:46:28.390  7977 12968 V [MYTAG][HeartbeatMgr][HttpTransportLayer]: 	 errcode:0
09-14 10:46:28.390  7977 12968 V [MYTAG][HeartbeatMgr][HttpTransportLayer]: 	[content]{"result":0,"info":{"value":1}}
09-14 10:46:28.390  7977 12968 V [MYTAG][HeartbeatMgr][HttpTransportLayer]: -----------------------------------------
09-14 10:46:30.570  7977 12968 V [MYTAG][mail_tcp_socket][ViiSocketMailDataPhraser]: ------------mail---------------
09-14 10:46:30.570  7977 12968 V [MYTAG][mail_tcp_socket][ViiSocketMailDataPhraser]: {"msgid":"battery","info":{"capacity":76,"charge":0},"time":1757846790}
09-14 10:46:30.572  7977 13169 W System  : Ignoring header sessionid because its value was null.
09-14 10:46:30.573  7977 13169 I System.out: (HTTPLog)-Static: isSBSettingEnabled false
09-14 10:46:30.573  7977 13169 I System.out: (HTTPLog)-Static: isSBSettingEnabled false
09-14 10:46:30.574  7977 12968 V [MYTAG][mail_tcp_socket][ViiSocketMailDataPhraser]: ------------mail---------------
09-14 10:46:30.574  7977 12968 V [MYTAG][mail_tcp_socket][ViiSocketMailDataPhraser]: {"msgid":"sd","info":{"status":0},"time":1757846790}
09-14 10:46:30.575  7977 12968 V [MYTAG][mail_tcp_socket][RemoteOptor]: ----
09-14 10:46:30.575  7977 12968 V [MYTAG][mail_tcp_socket][RemoteOptor]: [CMD]DEV_SDCARD_STATUS_QUERY
09-14 10:46:30.575  7977 12968 V [MYTAG][mail_tcp_socket][RemoteOptor]: [PARAM]null
09-14 10:46:30.575  7977 12968 V [MYTAG][mail_tcp_socket][HttpTransportLayer]: [HTTP SEND GET]
09-14 10:46:30.575  7977 12968 V [MYTAG][mail_tcp_socket][HttpTransportLayer]: 	 url:http://192.168.0.1:80/app/getsdinfo
09-14 10:46:30.578  7977 12968 V [MYTAG][main][Device]: 603 dev is connected:true
09-14 10:46:30.600  7977 12968 V [MYTAG][mail_tcp_socket][HttpTransportLayer]: [HTTP RSP]
09-14 10:46:30.600  7977 12968 V [MYTAG][mail_tcp_socket][HttpTransportLayer]: 	 errcode:0
09-14 10:46:30.600  7977 12968 V [MYTAG][mail_tcp_socket][HttpTransportLayer]: 	[content]{"result":0,"info":{"status":0,"free":268,"total":1883}}
09-14 10:46:30.600  7977 12968 V [MYTAG][mail_tcp_socket][HttpTransportLayer]: -----------------------------------------
09-14 10:46:30.607  7977  7977 W ProxyAndroidLoggerBackend: Too many Flogger logs received before configuration. Dropping old logs.
09-14 10:46:30.615  7977  7977 I chatty  : uid=10291(com.vidure.app) identical 6 lines
09-14 10:46:30.615  7977  7977 W ProxyAndroidLoggerBackend: Too many Flogger logs received before configuration. Dropping old logs.
09-14 10:46:30.626  7977 12968 V [MYTAG][main][Device]: 603 dev is connected:true
09-14 10:46:30.629  7977 12968 V [MYTAG][main][CameraPreviewActivity]: rev msg1:264454
09-14 10:46:30.629  7977 12968 V [MYTAG][main][Device]: 603 dev is connected:true
09-14 10:46:30.629  7977 12968 V [MYTAG][main][CameraPreviewActivity]: rev msg1:589832
09-14 10:46:32.348  7977 13170 W System  : Ignoring header sessionid because its value was null.
09-14 10:46:32.348  7977 12968 V [MYTAG][HeartbeatMgr][RemoteOptor]: ----
09-14 10:46:32.348  7977 12968 V [MYTAG][HeartbeatMgr][RemoteOptor]: [CMD]Basic_Msg_MailBox
09-14 10:46:32.348  7977 12968 V [MYTAG][HeartbeatMgr][RemoteOptor]: [PARAM]null
09-14 10:46:32.348  7977 12968 V [MYTAG][HeartbeatMgr][HttpTransportLayer]: [HTTP SEND GET]
09-14 10:46:32.348  7977 12968 V [MYTAG][HeartbeatMgr][HttpTransportLayer]: 	 url:http://192.168.0.1:80/app/getparamvalue?param=rec
09-14 10:46:32.348  7977 13170 I System.out: (HTTPLog)-Static: isSBSettingEnabled false
09-14 10:46:32.348  7977 13170 I System.out: (HTTPLog)-Static: isSBSettingEnabled false
09-14 10:46:32.385  7977 12968 V [MYTAG][HeartbeatMgr][HttpTransportLayer]: [HTTP RSP]
09-14 10:46:32.385  7977 12968 V [MYTAG][HeartbeatMgr][HttpTransportLayer]: 	 errcode:0
09-14 10:46:32.385  7977 12968 V [MYTAG][HeartbeatMgr][HttpTransportLayer]: 	[content]{"result":0,"info":{"value":1}}
09-14 10:46:32.385  7977 12968 V [MYTAG][HeartbeatMgr][HttpTransportLayer]: -----------------------------------------
09-14 10:46:33.304  7977 12968 D [MYTAG][main][SystemLocationClientImpl]: onLocationChanged GPS data:精度=9.648001 速度=0.0 海拔=330.4608154296875 经纬度=49.33346303, 7.05255682
09-14 10:46:33.305  7977 12968 D [MYTAG][main][SystemLocationClientImpl]: 当前信号强度: 3
09-14 10:46:33.579  7977 12968 V [MYTAG][mail_tcp_socket][ViiSocketMailDataPhraser]: ------------mail---------------
09-14 10:46:33.579  7977 12968 V [MYTAG][mail_tcp_socket][ViiSocketMailDataPhraser]: {"msgid":"battery","info":{"capacity":76,"charge":0},"time":1757846793}
09-14 10:46:33.581  7977 13169 W System  : Ignoring header sessionid because its value was null.
09-14 10:46:33.581  7977 13169 I System.out: (HTTPLog)-Static: isSBSettingEnabled false
09-14 10:46:33.582  7977 13169 I System.out: (HTTPLog)-Static: isSBSettingEnabled false
09-14 10:46:33.583  7977 12968 V [MYTAG][mail_tcp_socket][ViiSocketMailDataPhraser]: ------------mail---------------
09-14 10:46:33.583  7977 12968 V [MYTAG][mail_tcp_socket][ViiSocketMailDataPhraser]: {"msgid":"sd","info":{"status":0},"time":1757846793}
09-14 10:46:33.584  7977 12968 V [MYTAG][mail_tcp_socket][RemoteOptor]: ----
09-14 10:46:33.584  7977 12968 V [MYTAG][mail_tcp_socket][RemoteOptor]: [CMD]DEV_SDCARD_STATUS_QUERY
09-14 10:46:33.584  7977 12968 V [MYTAG][mail_tcp_socket][RemoteOptor]: [PARAM]null
09-14 10:46:33.584  7977 12968 V [MYTAG][mail_tcp_socket][HttpTransportLayer]: [HTTP SEND GET]
09-14 10:46:33.584  7977 12968 V [MYTAG][mail_tcp_socket][HttpTransportLayer]: 	 url:http://192.168.0.1:80/app/getsdinfo
09-14 10:46:33.590  7977 12968 V [MYTAG][main][Device]: 603 dev is connected:true
09-14 10:46:33.622  7977 12968 V [MYTAG][mail_tcp_socket][HttpTransportLayer]: [HTTP RSP]
09-14 10:46:33.622  7977 12968 V [MYTAG][mail_tcp_socket][HttpTransportLayer]: 	 errcode:0
09-14 10:46:33.622  7977 12968 V [MYTAG][mail_tcp_socket][HttpTransportLayer]: 	[content]{"result":0,"info":{"status":0,"free":264,"total":1883}}
09-14 10:46:33.622  7977 12968 V [MYTAG][mail_tcp_socket][HttpTransportLayer]: -----------------------------------------
09-14 10:46:33.635  7977  7977 W ProxyAndroidLoggerBackend: Too many Flogger logs received before configuration. Dropping old logs.
09-14 10:46:33.643  7977  7977 I chatty  : uid=10291(com.vidure.app) identical 6 lines
09-14 10:46:33.643  7977  7977 W ProxyAndroidLoggerBackend: Too many Flogger logs received before configuration. Dropping old logs.
09-14 10:46:33.651  7977 12968 V [MYTAG][main][Device]: 603 dev is connected:true
09-14 10:46:33.653  7977 12968 V [MYTAG][main][CameraPreviewActivity]: rev msg1:264454
09-14 10:46:33.653  7977 12968 V [MYTAG][main][Device]: 603 dev is connected:true
09-14 10:46:33.656  7977 12968 V [MYTAG][main][CameraPreviewActivity]: rev msg1:589832
09-14 10:46:33.813  7977 12968 V [MYTAG][DefaultDispatcher-worker-3][Device]: 603 dev is connected:true
09-14 10:46:36.350  7977 12968 V [MYTAG][HeartbeatMgr][RemoteOptor]: ----
09-14 10:46:36.350  7977 12968 V [MYTAG][HeartbeatMgr][RemoteOptor]: [CMD]Basic_Msg_MailBox
09-14 10:46:36.350  7977 12968 V [MYTAG][HeartbeatMgr][RemoteOptor]: [PARAM]null
09-14 10:46:36.350  7977 12968 V [MYTAG][HeartbeatMgr][HttpTransportLayer]: [HTTP SEND GET]
09-14 10:46:36.350  7977 12968 V [MYTAG][HeartbeatMgr][HttpTransportLayer]: 	 url:http://192.168.0.1:80/app/getparamvalue?param=rec
09-14 10:46:36.350  7977 13170 W System  : Ignoring header sessionid because its value was null.
09-14 10:46:36.351  7977 13170 I System.out: (HTTPLog)-Static: isSBSettingEnabled false
09-14 10:46:36.351  7977 13170 I System.out: (HTTPLog)-Static: isSBSettingEnabled false
09-14 10:46:36.385  7977 12968 V [MYTAG][HeartbeatMgr][HttpTransportLayer]: [HTTP RSP]
09-14 10:46:36.385  7977 12968 V [MYTAG][HeartbeatMgr][HttpTransportLayer]: 	 errcode:0
09-14 10:46:36.385  7977 12968 V [MYTAG][HeartbeatMgr][HttpTransportLayer]: 	[content]{"result":0,"info":{"value":1}}
09-14 10:46:36.385  7977 12968 V [MYTAG][HeartbeatMgr][HttpTransportLayer]: -----------------------------------------
09-14 10:46:36.589  7977 12968 V [MYTAG][mail_tcp_socket][ViiSocketMailDataPhraser]: ------------mail---------------
09-14 10:46:36.589  7977 12968 V [MYTAG][mail_tcp_socket][ViiSocketMailDataPhraser]: {"msgid":"battery","info":{"capacity":76,"charge":0},"time":1757846796}
09-14 10:46:36.590  7977 13169 W System  : Ignoring header sessionid because its value was null.
09-14 10:46:36.590  7977 12968 V [MYTAG][mail_tcp_socket][ViiSocketMailDataPhraser]: ------------mail---------------
09-14 10:46:36.590  7977 12968 V [MYTAG][mail_tcp_socket][ViiSocketMailDataPhraser]: {"msgid":"sd","info":{"status":0},"time":1757846796}
09-14 10:46:36.590  7977 13169 I System.out: (HTTPLog)-Static: isSBSettingEnabled false
09-14 10:46:36.590  7977 12968 V [MYTAG][mail_tcp_socket][RemoteOptor]: ----
09-14 10:46:36.590  7977 12968 V [MYTAG][mail_tcp_socket][RemoteOptor]: [CMD]DEV_SDCARD_STATUS_QUERY
09-14 10:46:36.590  7977 12968 V [MYTAG][mail_tcp_socket][RemoteOptor]: [PARAM]null
09-14 10:46:36.590  7977 12968 V [MYTAG][mail_tcp_socket][HttpTransportLayer]: [HTTP SEND GET]
09-14 10:46:36.590  7977 12968 V [MYTAG][mail_tcp_socket][HttpTransportLayer]: 	 url:http://192.168.0.1:80/app/getsdinfo
09-14 10:46:36.590  7977 13169 I System.out: (HTTPLog)-Static: isSBSettingEnabled false
09-14 10:46:36.615  7977 12968 V [MYTAG][main][Device]: 603 dev is connected:true
09-14 10:46:36.621  7977 12968 V [MYTAG][mail_tcp_socket][HttpTransportLayer]: [HTTP RSP]
09-14 10:46:36.621  7977 12968 V [MYTAG][mail_tcp_socket][HttpTransportLayer]: 	 errcode:0
09-14 10:46:36.621  7977 12968 V [MYTAG][mail_tcp_socket][HttpTransportLayer]: 	[content]{"result":0,"info":{"status":0,"free":261,"total":1883}}
09-14 10:46:36.621  7977 12968 V [MYTAG][mail_tcp_socket][HttpTransportLayer]: -----------------------------------------
09-14 10:46:36.641  7977  7977 W ProxyAndroidLoggerBackend: Too many Flogger logs received before configuration. Dropping old logs.
09-14 10:46:36.648  7977  7977 I chatty  : uid=10291(com.vidure.app) identical 6 lines
09-14 10:46:36.649  7977  7977 W ProxyAndroidLoggerBackend: Too many Flogger logs received before configuration. Dropping old logs.
09-14 10:46:36.660  7977 14928 W ProxyAndroidLoggerBackend: Too many Flogger logs received before configuration. Dropping old logs.
09-14 10:46:36.662  7977 12968 V [MYTAG][main][Device]: 603 dev is connected:true
09-14 10:46:36.662  7977 12968 V [MYTAG][main][CameraPreviewActivity]: rev msg1:264454
09-14 10:46:36.664  7977 12968 V [MYTAG][main][Device]: 603 dev is connected:true
09-14 10:46:36.664  7977 12968 V [MYTAG][main][CameraPreviewActivity]: rev msg1:589832
09-14 10:46:39.598  7977 12968 V [MYTAG][mail_tcp_socket][ViiSocketMailDataPhraser]: ------------mail---------------
09-14 10:46:39.598  7977 12968 V [MYTAG][mail_tcp_socket][ViiSocketMailDataPhraser]: {"msgid":"battery","info":{"capacity":76,"charge":0},"time":1757846799}
09-14 10:46:39.600  7977 13169 W System  : Ignoring header sessionid because its value was null.
09-14 10:46:39.600  7977 13169 I System.out: (HTTPLog)-Static: isSBSettingEnabled false
09-14 10:46:39.601  7977 13169 I System.out: (HTTPLog)-Static: isSBSettingEnabled false
09-14 10:46:39.603  7977 12968 V [MYTAG][mail_tcp_socket][ViiSocketMailDataPhraser]: ------------mail---------------
09-14 10:46:39.603  7977 12968 V [MYTAG][mail_tcp_socket][ViiSocketMailDataPhraser]: {"msgid":"sd","info":{"status":0},"time":1757846799}
09-14 10:46:39.603  7977 12968 V [MYTAG][mail_tcp_socket][RemoteOptor]: ----
09-14 10:46:39.603  7977 12968 V [MYTAG][mail_tcp_socket][RemoteOptor]: [CMD]DEV_SDCARD_STATUS_QUERY
09-14 10:46:39.603  7977 12968 V [MYTAG][mail_tcp_socket][RemoteOptor]: [PARAM]null
09-14 10:46:39.604  7977 12968 V [MYTAG][mail_tcp_socket][HttpTransportLayer]: [HTTP SEND GET]
09-14 10:46:39.604  7977 12968 V [MYTAG][mail_tcp_socket][HttpTransportLayer]: 	 url:http://192.168.0.1:80/app/getsdinfo
09-14 10:46:39.613  7977 12968 V [MYTAG][main][Device]: 603 dev is connected:true
09-14 10:46:39.630  7977 12968 V [MYTAG][mail_tcp_socket][HttpTransportLayer]: [HTTP RSP]
09-14 10:46:39.630  7977 12968 V [MYTAG][mail_tcp_socket][HttpTransportLayer]: 	 errcode:0
09-14 10:46:39.630  7977 12968 V [MYTAG][mail_tcp_socket][HttpTransportLayer]: 	[content]{"result":0,"info":{"status":0,"free":257,"total":1883}}
09-14 10:46:39.630  7977 12968 V [MYTAG][mail_tcp_socket][HttpTransportLayer]: -----------------------------------------
09-14 10:46:39.670  7977  7977 W ProxyAndroidLoggerBackend: Too many Flogger logs received before configuration. Dropping old logs.
09-14 10:46:39.678  7977  7977 I chatty  : uid=10291(com.vidure.app) identical 6 lines
09-14 10:46:39.679  7977  7977 W ProxyAndroidLoggerBackend: Too many Flogger logs received before configuration. Dropping old logs.
09-14 10:46:39.690  7977 12968 V [MYTAG][main][Device]: 603 dev is connected:true
09-14 10:46:39.693  7977 12968 V [MYTAG][main][CameraPreviewActivity]: rev msg1:264454
09-14 10:46:39.693  7977 12968 V [MYTAG][main][Device]: 603 dev is connected:true
09-14 10:46:39.693  7977 12968 V [MYTAG][main][CameraPreviewActivity]: rev msg1:589832
09-14 10:46:40.312  7977 12968 D [MYTAG][main][SystemLocationClientImpl]: onLocationChanged GPS data:精度=9.648001 速度=2.03 海拔=331.40130615234375 经纬度=49.33345515, 7.05257279
09-14 10:46:40.314  7977 12968 D [MYTAG][main][SystemLocationClientImpl]: 当前信号强度: 3
09-14 10:46:40.350  7977 12968 V [MYTAG][HeartbeatMgr][RemoteOptor]: ----
09-14 10:46:40.350  7977 12968 V [MYTAG][HeartbeatMgr][RemoteOptor]: [CMD]Basic_Msg_MailBox
09-14 10:46:40.350  7977 12968 V [MYTAG][HeartbeatMgr][RemoteOptor]: [PARAM]null
09-14 10:46:40.351  7977 13170 W System  : Ignoring header sessionid because its value was null.
09-14 10:46:40.351  7977 12968 V [MYTAG][HeartbeatMgr][HttpTransportLayer]: [HTTP SEND GET]
09-14 10:46:40.351  7977 12968 V [MYTAG][HeartbeatMgr][HttpTransportLayer]: 	 url:http://192.168.0.1:80/app/getparamvalue?param=rec
09-14 10:46:40.352  7977 13170 I System.out: (HTTPLog)-Static: isSBSettingEnabled false
09-14 10:46:40.352  7977 13170 I System.out: (HTTPLog)-Static: isSBSettingEnabled false
09-14 10:46:40.385  7977 12968 V [MYTAG][HeartbeatMgr][HttpTransportLayer]: [HTTP RSP]
09-14 10:46:40.385  7977 12968 V [MYTAG][HeartbeatMgr][HttpTransportLayer]: 	 errcode:0
09-14 10:46:40.385  7977 12968 V [MYTAG][HeartbeatMgr][HttpTransportLayer]: 	[content]{"result":0,"info":{"value":1}}
09-14 10:46:40.385  7977 12968 V [MYTAG][HeartbeatMgr][HttpTransportLayer]: -----------------------------------------
09-14 10:46:40.822  7977 12968 V [MYTAG][DefaultDispatcher-worker-1][Device]: 603 dev is connected:true
09-14 10:46:41.299  7977 12968 D [MYTAG][main][SystemLocationClientImpl]: onLocationChanged GPS data:精度=9.648001 速度=1.49 海拔=332.052001953125 经纬度=49.33344622, 7.05258845
09-14 10:46:41.300  7977 12968 D [MYTAG][main][SystemLocationClientImpl]: 当前信号强度: 3
09-14 10:46:41.822  7977 12968 V [MYTAG][DefaultDispatcher-worker-3][Device]: 603 dev is connected:true
09-14 10:46:42.294  7977 12968 D [MYTAG][main][SystemLocationClientImpl]: onLocationChanged GPS data:精度=9.648001 速度=1.53 海拔=330.8778076171875 经纬度=49.33343567, 7.05260795
09-14 10:46:42.295  7977 12968 D [MYTAG][main][SystemLocationClientImpl]: 当前信号强度: 3
09-14 10:46:42.610  7977 12968 V [MYTAG][mail_tcp_socket][ViiSocketMailDataPhraser]: ------------mail---------------
09-14 10:46:42.610  7977 12968 V [MYTAG][mail_tcp_socket][ViiSocketMailDataPhraser]: {"msgid":"battery","info":{"capacity":76,"charge":0},"time":1757846802}
09-14 10:46:42.616  7977 12968 V [MYTAG][main][Device]: 603 dev is connected:true
09-14 10:46:42.649  7977  7977 W ProxyAndroidLoggerBackend: Too many Flogger logs received before configuration. Dropping old logs.
09-14 10:46:42.651  7977  7977 W ProxyAndroidLoggerBackend: Too many Flogger logs received before configuration. Dropping old logs.
09-14 10:46:42.657  7977  7977 I chatty  : uid=10291(com.vidure.app) identical 5 lines
09-14 10:46:42.658  7977  7977 W ProxyAndroidLoggerBackend: Too many Flogger logs received before configuration. Dropping old logs.
09-14 10:46:42.669  7977 12968 V [MYTAG][main][Device]: 603 dev is connected:true
09-14 10:46:42.672  7977 12968 V [MYTAG][main][CameraPreviewActivity]: rev msg1:264454
09-14 10:46:42.676  7977 13169 W System  : Ignoring header sessionid because its value was null.
09-14 10:46:42.676  7977 13169 I System.out: (HTTPLog)-Static: isSBSettingEnabled false
09-14 10:46:42.676  7977 13169 I System.out: (HTTPLog)-Static: isSBSettingEnabled false
09-14 10:46:42.677  7977 12968 V [MYTAG][mail_tcp_socket][ViiSocketMailDataPhraser]: ------------mail---------------
09-14 10:46:42.677  7977 12968 V [MYTAG][mail_tcp_socket][ViiSocketMailDataPhraser]: {"msgid":"sd","info":{"status":0},"time":1757846802}
09-14 10:46:42.677  7977 12968 V [MYTAG][mail_tcp_socket][RemoteOptor]: ----
09-14 10:46:42.677  7977 12968 V [MYTAG][mail_tcp_socket][RemoteOptor]: [CMD]DEV_SDCARD_STATUS_QUERY
