09-14 10:57:16.333 10744 15802 V [MYTAG][mail_tcp_socket][ViiSocketMailDataPhraser]: {"msgid":"battery","info":{"capacity":68,"charge":0},"time":1757847436}
09-14 10:57:16.345 10744 15802 V [MYTAG][mail_tcp_socket][ViiSocketMailDataPhraser]: ------------mail---------------
09-14 10:57:16.345 10744 15802 V [MYTAG][mail_tcp_socket][ViiSocketMailDataPhraser]: {"msgid":"sd","info":{"status":0},"time":1757847436}
09-14 10:57:16.346 10744 15991 W System  : Ignoring header sessionid because its value was null.
09-14 10:57:16.347 10744 15991 I System.out: (HTTPLog)-Static: isSBSettingEnabled false
09-14 10:57:16.347 10744 15991 I System.out: (HTTPLog)-Static: isSBSettingEnabled false
09-14 10:57:16.348 10744 15802 V [MYTAG][mail_tcp_socket][RemoteOptor]: ----
09-14 10:57:16.348 10744 15802 V [MYTAG][mail_tcp_socket][RemoteOptor]: [CMD]DEV_SDCARD_STATUS_QUERY
09-14 10:57:16.348 10744 15802 V [MYTAG][mail_tcp_socket][RemoteOptor]: [PARAM]null
09-14 10:57:16.348 10744 15802 V [MYTAG][mail_tcp_socket][HttpTransportLayer]: [HTTP SEND GET]
09-14 10:57:16.348 10744 15802 V [MYTAG][mail_tcp_socket][HttpTransportLayer]: 	 url:http://192.168.0.1:80/app/getsdinfo
09-14 10:57:16.348 10744 15802 V [MYTAG][main][Device]: 603 dev is connected:true
09-14 10:57:16.372 10744 15802 V [MYTAG][mail_tcp_socket][HttpTransportLayer]: [HTTP RSP]
09-14 10:57:16.372 10744 15802 V [MYTAG][mail_tcp_socket][HttpTransportLayer]: 	 errcode:0
09-14 10:57:16.372 10744 15802 V [MYTAG][mail_tcp_socket][HttpTransportLayer]: 	[content]{"result":0,"info":{"status":0,"free":286,"total":1883}}
09-14 10:57:16.372 10744 15802 V [MYTAG][mail_tcp_socket][HttpTransportLayer]: -----------------------------------------
09-14 10:57:16.375 10744 10744 W ProxyAndroidLoggerBackend: Too many Flogger logs received before configuration. Dropping old logs.
09-14 10:57:16.385 10744 10744 I chatty  : uid=10291(com.vidure.app) identical 6 lines
09-14 10:57:16.386 10744 10744 W ProxyAndroidLoggerBackend: Too many Flogger logs received before configuration. Dropping old logs.
09-14 10:57:16.397 10744 15802 V [MYTAG][main][Device]: 603 dev is connected:true
09-14 10:57:16.398 10744 15802 V [MYTAG][main][CameraPreviewActivity]: rev msg1:264454
09-14 10:57:16.399 10744 15802 V [MYTAG][main][Device]: 603 dev is connected:true
09-14 10:57:16.399 10744 15802 V [MYTAG][main][CameraPreviewActivity]: rev msg1:589832
09-14 10:57:19.343 10744 15802 V [MYTAG][mail_tcp_socket][ViiSocketMailDataPhraser]: ------------mail---------------
09-14 10:57:19.343 10744 15802 V [MYTAG][mail_tcp_socket][ViiSocketMailDataPhraser]: {"msgid":"battery","info":{"capacity":68,"charge":0},"time":1757847439}
09-14 10:57:19.349 10744 15991 W System  : Ignoring header sessionid because its value was null.
09-14 10:57:19.350 10744 15991 I System.out: (HTTPLog)-Static: isSBSettingEnabled false
09-14 10:57:19.350 10744 15991 I System.out: (HTTPLog)-Static: isSBSettingEnabled false
09-14 10:57:19.351 10744 15802 V [MYTAG][mail_tcp_socket][ViiSocketMailDataPhraser]: ------------mail---------------
09-14 10:57:19.351 10744 15802 V [MYTAG][mail_tcp_socket][ViiSocketMailDataPhraser]: {"msgid":"sd","info":{"status":0},"time":1757847439}
09-14 10:57:19.351 10744 15802 V [MYTAG][mail_tcp_socket][RemoteOptor]: ----
09-14 10:57:19.351 10744 15802 V [MYTAG][mail_tcp_socket][RemoteOptor]: [CMD]DEV_SDCARD_STATUS_QUERY
09-14 10:57:19.351 10744 15802 V [MYTAG][mail_tcp_socket][RemoteOptor]: [PARAM]null
09-14 10:57:19.351 10744 15802 V [MYTAG][mail_tcp_socket][HttpTransportLayer]: [HTTP SEND GET]
09-14 10:57:19.351 10744 15802 V [MYTAG][mail_tcp_socket][HttpTransportLayer]: 	 url:http://192.168.0.1:80/app/getsdinfo
09-14 10:57:19.351 10744 15802 V [MYTAG][main][Device]: 603 dev is connected:true
09-14 10:57:19.376 10744 10744 W ProxyAndroidLoggerBackend: Too many Flogger logs received before configuration. Dropping old logs.
09-14 10:57:19.378 10744 10744 W ProxyAndroidLoggerBackend: Too many Flogger logs received before configuration. Dropping old logs.
09-14 10:57:19.379 10744 15802 V [MYTAG][mail_tcp_socket][HttpTransportLayer]: [HTTP RSP]
09-14 10:57:19.379 10744 15802 V [MYTAG][mail_tcp_socket][HttpTransportLayer]: 	 errcode:0
09-14 10:57:19.379 10744 15802 V [MYTAG][mail_tcp_socket][HttpTransportLayer]: 	[content]{"result":0,"info":{"status":0,"free":282,"total":1883}}
09-14 10:57:19.379 10744 15802 V [MYTAG][mail_tcp_socket][HttpTransportLayer]: -----------------------------------------
09-14 10:57:19.380 10744 10744 W ProxyAndroidLoggerBackend: Too many Flogger logs received before configuration. Dropping old logs.
09-14 10:57:19.385 10744 10744 I chatty  : uid=10291(com.vidure.app) identical 4 lines
09-14 10:57:19.386 10744 10744 W ProxyAndroidLoggerBackend: Too many Flogger logs received before configuration. Dropping old logs.
09-14 10:57:19.396 10744 15802 V [MYTAG][main][Device]: 603 dev is connected:true
09-14 10:57:19.397 10744 15802 V [MYTAG][main][CameraPreviewActivity]: rev msg1:264454
09-14 10:57:19.398 10744 15802 V [MYTAG][main][Device]: 603 dev is connected:true
09-14 10:57:19.399 10744 15802 V [MYTAG][main][CameraPreviewActivity]: rev msg1:589832
09-14 10:57:20.120 10744 15992 W System  : Ignoring header sessionid because its value was null.
09-14 10:57:20.120 10744 15802 V [MYTAG][HeartbeatMgr][RemoteOptor]: ----
09-14 10:57:20.120 10744 15802 V [MYTAG][HeartbeatMgr][RemoteOptor]: [CMD]Basic_Msg_MailBox
09-14 10:57:20.120 10744 15802 V [MYTAG][HeartbeatMgr][RemoteOptor]: [PARAM]null
09-14 10:57:20.120 10744 15802 V [MYTAG][HeartbeatMgr][HttpTransportLayer]: [HTTP SEND GET]
09-14 10:57:20.120 10744 15802 V [MYTAG][HeartbeatMgr][HttpTransportLayer]: 	 url:http://192.168.0.1:80/app/getparamvalue?param=rec
09-14 10:57:20.121 10744 15992 I System.out: (HTTPLog)-Static: isSBSettingEnabled false
09-14 10:57:20.121 10744 15992 I System.out: (HTTPLog)-Static: isSBSettingEnabled false
09-14 10:57:20.142 10744 15802 V [MYTAG][HeartbeatMgr][HttpTransportLayer]: [HTTP RSP]
09-14 10:57:20.142 10744 15802 V [MYTAG][HeartbeatMgr][HttpTransportLayer]: 	 errcode:0
09-14 10:57:20.142 10744 15802 V [MYTAG][HeartbeatMgr][HttpTransportLayer]: 	[content]{"result":0,"info":{"value":1}}
09-14 10:57:20.142 10744 15802 V [MYTAG][HeartbeatMgr][HttpTransportLayer]: -----------------------------------------
09-14 10:57:22.353 10744 15802 V [MYTAG][mail_tcp_socket][ViiSocketMailDataPhraser]: ------------mail---------------
09-14 10:57:22.353 10744 15802 V [MYTAG][mail_tcp_socket][ViiSocketMailDataPhraser]: {"msgid":"battery","info":{"capacity":68,"charge":0},"time":1757847442}
09-14 10:57:22.360 10744 15991 W System  : Ignoring header sessionid because its value was null.
09-14 10:57:22.361 10744 15991 I System.out: (HTTPLog)-Static: isSBSettingEnabled false
09-14 10:57:22.361 10744 15991 I System.out: (HTTPLog)-Static: isSBSettingEnabled false
09-14 10:57:22.362 10744 15802 V [MYTAG][mail_tcp_socket][ViiSocketMailDataPhraser]: ------------mail---------------
09-14 10:57:22.362 10744 15802 V [MYTAG][mail_tcp_socket][ViiSocketMailDataPhraser]: {"msgid":"sd","info":{"status":0},"time":1757847442}
09-14 10:57:22.363 10744 15802 V [MYTAG][mail_tcp_socket][RemoteOptor]: ----
09-14 10:57:22.363 10744 15802 V [MYTAG][mail_tcp_socket][RemoteOptor]: [CMD]DEV_SDCARD_STATUS_QUERY
09-14 10:57:22.363 10744 15802 V [MYTAG][mail_tcp_socket][RemoteOptor]: [PARAM]null
09-14 10:57:22.363 10744 15802 V [MYTAG][mail_tcp_socket][HttpTransportLayer]: [HTTP SEND GET]
09-14 10:57:22.363 10744 15802 V [MYTAG][mail_tcp_socket][HttpTransportLayer]: 	 url:http://192.168.0.1:80/app/getsdinfo
09-14 10:57:22.363 10744 15802 V [MYTAG][main][Device]: 603 dev is connected:true
09-14 10:57:22.386 10744 10744 W ProxyAndroidLoggerBackend: Too many Flogger logs received before configuration. Dropping old logs.
09-14 10:57:22.388 10744 10744 W ProxyAndroidLoggerBackend: Too many Flogger logs received before configuration. Dropping old logs.
09-14 10:57:22.391 10744 15802 V [MYTAG][mail_tcp_socket][HttpTransportLayer]: [HTTP RSP]
09-14 10:57:22.391 10744 15802 V [MYTAG][mail_tcp_socket][HttpTransportLayer]: 	 errcode:0
09-14 10:57:22.391 10744 15802 V [MYTAG][mail_tcp_socket][HttpTransportLayer]: 	[content]{"result":0,"info":{"status":0,"free":279,"total":1883}}
09-14 10:57:22.391 10744 15802 V [MYTAG][mail_tcp_socket][HttpTransportLayer]: -----------------------------------------
09-14 10:57:22.392 10744 10744 W ProxyAndroidLoggerBackend: Too many Flogger logs received before configuration. Dropping old logs.
09-14 10:57:22.397 10744 10744 I chatty  : uid=10291(com.vidure.app) identical 4 lines
09-14 10:57:22.398 10744 10744 W ProxyAndroidLoggerBackend: Too many Flogger logs received before configuration. Dropping old logs.
09-14 10:57:22.412 10744 15802 V [MYTAG][main][Device]: 603 dev is connected:true
09-14 10:57:22.413 10744 15802 V [MYTAG][main][CameraPreviewActivity]: rev msg1:264454
09-14 10:57:22.413 10744 15802 V [MYTAG][main][Device]: 603 dev is connected:true
09-14 10:57:22.414 10744 15802 V [MYTAG][main][CameraPreviewActivity]: rev msg1:589832
09-14 10:57:24.120 10744 15802 V [MYTAG][HeartbeatMgr][RemoteOptor]: ----
09-14 10:57:24.120 10744 15802 V [MYTAG][HeartbeatMgr][RemoteOptor]: [CMD]Basic_Msg_MailBox
09-14 10:57:24.120 10744 15802 V [MYTAG][HeartbeatMgr][RemoteOptor]: [PARAM]null
09-14 10:57:24.122 10744 15802 V [MYTAG][HeartbeatMgr][HttpTransportLayer]: [HTTP SEND GET]
09-14 10:57:24.122 10744 15802 V [MYTAG][HeartbeatMgr][HttpTransportLayer]: 	 url:http://192.168.0.1:80/app/getparamvalue?param=rec
09-14 10:57:24.123 10744 15992 W System  : Ignoring header sessionid because its value was null.
09-14 10:57:24.124 10744 15992 I System.out: (HTTPLog)-Static: isSBSettingEnabled false
09-14 10:57:24.124 10744 15992 I System.out: (HTTPLog)-Static: isSBSettingEnabled false
09-14 10:57:24.149 10744 15802 V [MYTAG][HeartbeatMgr][HttpTransportLayer]: [HTTP RSP]
09-14 10:57:24.149 10744 15802 V [MYTAG][HeartbeatMgr][HttpTransportLayer]: 	 errcode:0
09-14 10:57:24.149 10744 15802 V [MYTAG][HeartbeatMgr][HttpTransportLayer]: 	[content]{"result":0,"info":{"value":1}}
09-14 10:57:24.149 10744 15802 V [MYTAG][HeartbeatMgr][HttpTransportLayer]: -----------------------------------------
09-14 10:57:25.362 10744 15802 V [MYTAG][mail_tcp_socket][ViiSocketMailDataPhraser]: ------------mail---------------
09-14 10:57:25.362 10744 15802 V [MYTAG][mail_tcp_socket][ViiSocketMailDataPhraser]: {"msgid":"battery","info":{"capacity":68,"charge":0},"time":1757847445}
09-14 10:57:25.364 10744 15991 W System  : Ignoring header sessionid because its value was null.
09-14 10:57:25.364 10744 15991 I System.out: (HTTPLog)-Static: isSBSettingEnabled false
09-14 10:57:25.364 10744 15991 I System.out: (HTTPLog)-Static: isSBSettingEnabled false
09-14 10:57:25.364 10744 15802 V [MYTAG][mail_tcp_socket][ViiSocketMailDataPhraser]: ------------mail---------------
09-14 10:57:25.364 10744 15802 V [MYTAG][mail_tcp_socket][ViiSocketMailDataPhraser]: {"msgid":"sd","info":{"status":0},"time":1757847445}
09-14 10:57:25.364 10744 15802 V [MYTAG][mail_tcp_socket][RemoteOptor]: ----
09-14 10:57:25.364 10744 15802 V [MYTAG][mail_tcp_socket][RemoteOptor]: [CMD]DEV_SDCARD_STATUS_QUERY
09-14 10:57:25.364 10744 15802 V [MYTAG][mail_tcp_socket][RemoteOptor]: [PARAM]null
09-14 10:57:25.365 10744 15802 V [MYTAG][mail_tcp_socket][HttpTransportLayer]: [HTTP SEND GET]
09-14 10:57:25.365 10744 15802 V [MYTAG][mail_tcp_socket][HttpTransportLayer]: 	 url:http://192.168.0.1:80/app/getsdinfo
09-14 10:57:25.373 10744 15802 V [MYTAG][main][Device]: 603 dev is connected:true
09-14 10:57:25.396 10744 15802 V [MYTAG][mail_tcp_socket][HttpTransportLayer]: [HTTP RSP]
09-14 10:57:25.396 10744 15802 V [MYTAG][mail_tcp_socket][HttpTransportLayer]: 	 errcode:0
09-14 10:57:25.396 10744 15802 V [MYTAG][mail_tcp_socket][HttpTransportLayer]: 	[content]{"result":0,"info":{"status":0,"free":275,"total":1883}}
09-14 10:57:25.396 10744 15802 V [MYTAG][mail_tcp_socket][HttpTransportLayer]: -----------------------------------------
09-14 10:57:25.403 10744 10744 W ProxyAndroidLoggerBackend: Too many Flogger logs received before configuration. Dropping old logs.
09-14 10:57:25.416 10744 10744 I chatty  : uid=10291(com.vidure.app) identical 6 lines
09-14 10:57:25.417 10744 10744 W ProxyAndroidLoggerBackend: Too many Flogger logs received before configuration. Dropping old logs.
09-14 10:57:25.432 10744 15802 V [MYTAG][main][Device]: 603 dev is connected:true
09-14 10:57:25.435 10744 15802 V [MYTAG][main][CameraPreviewActivity]: rev msg1:264454
09-14 10:57:25.436 10744 15802 V [MYTAG][main][Device]: 603 dev is connected:true
09-14 10:57:25.436 10744 15802 V [MYTAG][main][CameraPreviewActivity]: rev msg1:589832
09-14 10:57:25.523 10744 15758 I com.vidure.app: Background young concurrent copying GC freed 58387(10MB) AllocSpace objects, 24(1440KB) LOS objects, 15% free, 66MB/77MB, paused 457us total 112.495ms
09-14 10:57:28.121 10744 15992 W System  : Ignoring header sessionid because its value was null.
09-14 10:57:28.121 10744 15992 I System.out: (HTTPLog)-Static: isSBSettingEnabled false
09-14 10:57:28.121 10744 15992 I System.out: (HTTPLog)-Static: isSBSettingEnabled false
09-14 10:57:28.121 10744 15802 V [MYTAG][HeartbeatMgr][RemoteOptor]: ----
09-14 10:57:28.121 10744 15802 V [MYTAG][HeartbeatMgr][RemoteOptor]: [CMD]Basic_Msg_MailBox
09-14 10:57:28.121 10744 15802 V [MYTAG][HeartbeatMgr][RemoteOptor]: [PARAM]null
09-14 10:57:28.122 10744 15802 V [MYTAG][HeartbeatMgr][HttpTransportLayer]: [HTTP SEND GET]
09-14 10:57:28.122 10744 15802 V [MYTAG][HeartbeatMgr][HttpTransportLayer]: 	 url:http://192.168.0.1:80/app/getparamvalue?param=rec
09-14 10:57:28.152 10744 15802 V [MYTAG][HeartbeatMgr][HttpTransportLayer]: [HTTP RSP]
09-14 10:57:28.152 10744 15802 V [MYTAG][HeartbeatMgr][HttpTransportLayer]: 	 errcode:0
09-14 10:57:28.152 10744 15802 V [MYTAG][HeartbeatMgr][HttpTransportLayer]: 	[content]{"result":0,"info":{"value":1}}
09-14 10:57:28.152 10744 15802 V [MYTAG][HeartbeatMgr][HttpTransportLayer]: -----------------------------------------
09-14 10:57:28.398 10744 15802 V [MYTAG][mail_tcp_socket][ViiSocketMailDataPhraser]: ------------mail---------------
09-14 10:57:28.398 10744 15802 V [MYTAG][mail_tcp_socket][ViiSocketMailDataPhraser]: {"msgid":"battery","info":{"capacity":68,"charge":0},"time":1757847448}
09-14 10:57:28.406 10744 15802 V [MYTAG][main][Device]: 603 dev is connected:true
09-14 10:57:28.408 10744 15991 W System  : Ignoring header sessionid because its value was null.
09-14 10:57:28.409 10744 15991 I System.out: (HTTPLog)-Static: isSBSettingEnabled false
09-14 10:57:28.409 10744 15991 I System.out: (HTTPLog)-Static: isSBSettingEnabled false
09-14 10:57:28.409 10744 15802 V [MYTAG][mail_tcp_socket][ViiSocketMailDataPhraser]: ------------mail---------------
09-14 10:57:28.409 10744 15802 V [MYTAG][mail_tcp_socket][ViiSocketMailDataPhraser]: {"msgid":"sd","info":{"status":0},"time":1757847448}
09-14 10:57:28.409 10744 15802 V [MYTAG][mail_tcp_socket][RemoteOptor]: ----
09-14 10:57:28.409 10744 15802 V [MYTAG][mail_tcp_socket][RemoteOptor]: [CMD]DEV_SDCARD_STATUS_QUERY
09-14 10:57:28.409 10744 15802 V [MYTAG][mail_tcp_socket][RemoteOptor]: [PARAM]null
09-14 10:57:28.409 10744 15802 V [MYTAG][mail_tcp_socket][HttpTransportLayer]: [HTTP SEND GET]
09-14 10:57:28.409 10744 15802 V [MYTAG][mail_tcp_socket][HttpTransportLayer]: 	 url:http://192.168.0.1:80/app/getsdinfo
09-14 10:57:28.433 10744 10744 W ProxyAndroidLoggerBackend: Too many Flogger logs received before configuration. Dropping old logs.
09-14 10:57:28.437 10744 10744 I chatty  : uid=10291(com.vidure.app) identical 2 lines
09-14 10:57:28.438 10744 10744 W ProxyAndroidLoggerBackend: Too many Flogger logs received before configuration. Dropping old logs.
09-14 10:57:28.438 10744 15802 V [MYTAG][mail_tcp_socket][HttpTransportLayer]: [HTTP RSP]
09-14 10:57:28.438 10744 15802 V [MYTAG][mail_tcp_socket][HttpTransportLayer]: 	 errcode:0
09-14 10:57:28.438 10744 15802 V [MYTAG][mail_tcp_socket][HttpTransportLayer]: 	[content]{"result":0,"info":{"status":0,"free":271,"total":1883}}
09-14 10:57:28.438 10744 15802 V [MYTAG][mail_tcp_socket][HttpTransportLayer]: -----------------------------------------
09-14 10:57:28.442 10744 10744 W ProxyAndroidLoggerBackend: Too many Flogger logs received before configuration. Dropping old logs.
09-14 10:57:28.442 10744 10744 I chatty  : uid=10291(com.vidure.app) identical 2 lines
09-14 10:57:28.443 10744 10744 W ProxyAndroidLoggerBackend: Too many Flogger logs received before configuration. Dropping old logs.
09-14 10:57:28.449 10744 16715 W ProxyAndroidLoggerBackend: Too many Flogger logs received before configuration. Dropping old logs.
09-14 10:57:28.451 10744 15802 V [MYTAG][main][Device]: 603 dev is connected:true
09-14 10:57:28.451 10744 15802 V [MYTAG][main][CameraPreviewActivity]: rev msg1:264454
09-14 10:57:28.451 10744 15802 V [MYTAG][main][Device]: 603 dev is connected:true
09-14 10:57:28.451 10744 15802 V [MYTAG][main][CameraPreviewActivity]: rev msg1:589832
09-14 10:57:28.457 10744 16715 W ProxyAndroidLoggerBackend: Too many Flogger logs received before configuration. Dropping old logs.
09-14 10:57:28.457 10744 16715 W ProxyAndroidLoggerBackend: Too many Flogger logs received before configuration. Dropping old logs.
09-14 10:57:28.460 10744 17200 W ProxyAndroidLoggerBackend: Too many Flogger logs received before configuration. Dropping old logs.
09-14 10:57:28.712 10744 10744 W ProxyAndroidLoggerBackend: Too many Flogger logs received before configuration. Dropping old logs.
09-14 10:57:28.713 10744 10744 W ProxyAndroidLoggerBackend: Too many Flogger logs received before configuration. Dropping old logs.
09-14 10:57:28.876 10744 10744 W ProxyAndroidLoggerBackend: Too many Flogger logs received before configuration. Dropping old logs.
09-14 10:57:28.877 10744 10744 W ProxyAndroidLoggerBackend: Too many Flogger logs received before configuration. Dropping old logs.
09-14 10:57:31.385 10744 15802 V [MYTAG][mail_tcp_socket][ViiSocketMailDataPhraser]: ------------mail---------------
09-14 10:57:31.385 10744 15802 V [MYTAG][mail_tcp_socket][ViiSocketMailDataPhraser]: {"msgid":"battery","info":{"capacity":68,"charge":0},"time":1757847451}
09-14 10:57:31.387 10744 15802 V [MYTAG][mail_tcp_socket][ViiSocketMailDataPhraser]: ------------mail---------------
09-14 10:57:31.387 10744 15802 V [MYTAG][mail_tcp_socket][ViiSocketMailDataPhraser]: {"msgid":"sd","info":{"status":0},"time":1757847451}
09-14 10:57:31.388 10744 15991 W System  : Ignoring header sessionid because its value was null.
09-14 10:57:31.388 10744 15802 V [MYTAG][mail_tcp_socket][RemoteOptor]: ----
09-14 10:57:31.388 10744 15802 V [MYTAG][mail_tcp_socket][RemoteOptor]: [CMD]DEV_SDCARD_STATUS_QUERY
09-14 10:57:31.388 10744 15802 V [MYTAG][mail_tcp_socket][RemoteOptor]: [PARAM]null
09-14 10:57:31.388 10744 15802 V [MYTAG][mail_tcp_socket][HttpTransportLayer]: [HTTP SEND GET]
09-14 10:57:31.388 10744 15802 V [MYTAG][mail_tcp_socket][HttpTransportLayer]: 	 url:http://192.168.0.1:80/app/getsdinfo
09-14 10:57:31.389 10744 15991 I System.out: (HTTPLog)-Static: isSBSettingEnabled false
09-14 10:57:31.389 10744 15991 I System.out: (HTTPLog)-Static: isSBSettingEnabled false
09-14 10:57:31.407 10744 15802 V [MYTAG][main][Device]: 603 dev is connected:true
09-14 10:57:31.416 10744 15802 V [MYTAG][mail_tcp_socket][HttpTransportLayer]: [HTTP RSP]
09-14 10:57:31.416 10744 15802 V [MYTAG][mail_tcp_socket][HttpTransportLayer]: 	 errcode:0
09-14 10:57:31.416 10744 15802 V [MYTAG][mail_tcp_socket][HttpTransportLayer]: 	[content]{"result":0,"info":{"status":0,"free":267,"total":1883}}
09-14 10:57:31.416 10744 15802 V [MYTAG][mail_tcp_socket][HttpTransportLayer]: -----------------------------------------
09-14 10:57:31.436 10744 10744 W ProxyAndroidLoggerBackend: Too many Flogger logs received before configuration. Dropping old logs.
09-14 10:57:31.442 10744 10744 I chatty  : uid=10291(com.vidure.app) identical 2 lines
09-14 10:57:31.442 10744 10744 W ProxyAndroidLoggerBackend: Too many Flogger logs received before configuration. Dropping old logs.
09-14 10:57:31.445 10744 10744 W ProxyAndroidLoggerBackend: Too many Flogger logs received before configuration. Dropping old logs.
09-14 10:57:31.445 10744 10744 W ProxyAndroidLoggerBackend: Too many Flogger logs received before configuration. Dropping old logs.
09-14 10:57:31.445 10744 10744 W ProxyAndroidLoggerBackend: Too many Flogger logs received before configuration. Dropping old logs.
09-14 10:57:31.446 10744 10744 W ProxyAndroidLoggerBackend: Too many Flogger logs received before configuration. Dropping old logs.
09-14 10:57:31.458 10744 15802 V [MYTAG][main][Device]: 603 dev is connected:true
09-14 10:57:31.463 10744 15802 V [MYTAG][main][CameraPreviewActivity]: rev msg1:264454
09-14 10:57:31.463 10744 15802 V [MYTAG][main][Device]: 603 dev is connected:true
09-14 10:57:31.463 10744 15802 V [MYTAG][main][CameraPreviewActivity]: rev msg1:589832
09-14 10:57:31.497 10744 17201 W ProxyAndroidLoggerBackend: Too many Flogger logs received before configuration. Dropping old logs.
09-14 10:57:31.498 10744 17201 W ProxyAndroidLoggerBackend: Too many Flogger logs received before configuration. Dropping old logs.
09-14 10:57:31.499 10744 16715 W ProxyAndroidLoggerBackend: Too many Flogger logs received before configuration. Dropping old logs.
09-14 10:57:32.122 10744 15992 W System  : Ignoring header sessionid because its value was null.
09-14 10:57:32.122 10744 15992 I System.out: (HTTPLog)-Static: isSBSettingEnabled false
09-14 10:57:32.122 10744 15992 I System.out: (HTTPLog)-Static: isSBSettingEnabled false
09-14 10:57:32.124 10744 15802 V [MYTAG][HeartbeatMgr][RemoteOptor]: ----
09-14 10:57:32.124 10744 15802 V [MYTAG][HeartbeatMgr][RemoteOptor]: [CMD]Basic_Msg_MailBox
09-14 10:57:32.124 10744 15802 V [MYTAG][HeartbeatMgr][RemoteOptor]: [PARAM]null
09-14 10:57:32.124 10744 15802 V [MYTAG][HeartbeatMgr][HttpTransportLayer]: [HTTP SEND GET]
09-14 10:57:32.124 10744 15802 V [MYTAG][HeartbeatMgr][HttpTransportLayer]: 	 url:http://192.168.0.1:80/app/getparamvalue?param=rec
09-14 10:57:32.156 10744 15802 V [MYTAG][HeartbeatMgr][HttpTransportLayer]: [HTTP RSP]
09-14 10:57:32.156 10744 15802 V [MYTAG][HeartbeatMgr][HttpTransportLayer]: 	 errcode:0
09-14 10:57:32.156 10744 15802 V [MYTAG][HeartbeatMgr][HttpTransportLayer]: 	[content]{"result":0,"info":{"value":1}}
09-14 10:57:32.156 10744 15802 V [MYTAG][HeartbeatMgr][HttpTransportLayer]: -----------------------------------------
09-14 10:57:34.393 10744 15802 V [MYTAG][mail_tcp_socket][ViiSocketMailDataPhraser]: ------------mail---------------
09-14 10:57:34.393 10744 15802 V [MYTAG][mail_tcp_socket][ViiSocketMailDataPhraser]: {"msgid":"battery","info":{"capacity":68,"charge":0},"time":1757847454}
09-14 10:57:34.399 10744 15802 V [MYTAG][mail_tcp_socket][ViiSocketMailDataPhraser]: ------------mail---------------
09-14 10:57:34.399 10744 15802 V [MYTAG][mail_tcp_socket][ViiSocketMailDataPhraser]: {"msgid":"sd","info":{"status":0},"time":1757847454}
09-14 10:57:34.399 10744 15991 W System  : Ignoring header sessionid because its value was null.
09-14 10:57:34.400 10744 15991 I System.out: (HTTPLog)-Static: isSBSettingEnabled false
09-14 10:57:34.400 10744 15991 I System.out: (HTTPLog)-Static: isSBSettingEnabled false
09-14 10:57:34.401 10744 15802 V [MYTAG][mail_tcp_socket][RemoteOptor]: ----
09-14 10:57:34.401 10744 15802 V [MYTAG][mail_tcp_socket][RemoteOptor]: [CMD]DEV_SDCARD_STATUS_QUERY
09-14 10:57:34.401 10744 15802 V [MYTAG][mail_tcp_socket][RemoteOptor]: [PARAM]null
09-14 10:57:34.401 10744 15802 V [MYTAG][mail_tcp_socket][HttpTransportLayer]: [HTTP SEND GET]
09-14 10:57:34.401 10744 15802 V [MYTAG][mail_tcp_socket][HttpTransportLayer]: 	 url:http://192.168.0.1:80/app/getsdinfo
09-14 10:57:34.401 10744 15802 V [MYTAG][main][Device]: 603 dev is connected:true
09-14 10:57:34.428 10744 10744 W ProxyAndroidLoggerBackend: Too many Flogger logs received before configuration. Dropping old logs.
09-14 10:57:34.433 10744 15802 V [MYTAG][mail_tcp_socket][HttpTransportLayer]: [HTTP RSP]
09-14 10:57:34.433 10744 15802 V [MYTAG][mail_tcp_socket][HttpTransportLayer]: 	 errcode:0
09-14 10:57:34.433 10744 15802 V [MYTAG][mail_tcp_socket][HttpTransportLayer]: 	[content]{"result":0,"info":{"status":0,"free":264,"total":1883}}
09-14 10:57:34.433 10744 15802 V [MYTAG][mail_tcp_socket][HttpTransportLayer]: -----------------------------------------
09-14 10:57:34.434 10744 10744 W ProxyAndroidLoggerBackend: Too many Flogger logs received before configuration. Dropping old logs.
09-14 10:57:34.440 10744 10744 I chatty  : uid=10291(com.vidure.app) identical 5 lines
09-14 10:57:34.441 10744 10744 W ProxyAndroidLoggerBackend: Too many Flogger logs received before configuration. Dropping old logs.
09-14 10:57:34.454 10744 15802 V [MYTAG][main][Device]: 603 dev is connected:true
09-14 10:57:34.455 10744 15802 V [MYTAG][main][CameraPreviewActivity]: rev msg1:264454
09-14 10:57:34.456 10744 15802 V [MYTAG][main][Device]: 603 dev is connected:true
09-14 10:57:34.456 10744 15802 V [MYTAG][main][CameraPreviewActivity]: rev msg1:589832
09-14 10:57:36.123 10744 15992 W System  : Ignoring header sessionid because its value was null.
09-14 10:57:36.123 10744 15992 I System.out: (HTTPLog)-Static: isSBSettingEnabled false
09-14 10:57:36.123 10744 15992 I System.out: (HTTPLog)-Static: isSBSettingEnabled false
09-14 10:57:36.123 10744 15802 V [MYTAG][HeartbeatMgr][RemoteOptor]: ----
09-14 10:57:36.123 10744 15802 V [MYTAG][HeartbeatMgr][RemoteOptor]: [CMD]Basic_Msg_MailBox
09-14 10:57:36.123 10744 15802 V [MYTAG][HeartbeatMgr][RemoteOptor]: [PARAM]null
09-14 10:57:36.124 10744 15802 V [MYTAG][HeartbeatMgr][HttpTransportLayer]: [HTTP SEND GET]
09-14 10:57:36.124 10744 15802 V [MYTAG][HeartbeatMgr][HttpTransportLayer]: 	 url:http://192.168.0.1:80/app/getparamvalue?param=rec
09-14 10:57:36.157 10744 15802 V [MYTAG][HeartbeatMgr][HttpTransportLayer]: [HTTP RSP]
09-14 10:57:36.157 10744 15802 V [MYTAG][HeartbeatMgr][HttpTransportLayer]: 	 errcode:0
09-14 10:57:36.157 10744 15802 V [MYTAG][HeartbeatMgr][HttpTransportLayer]: 	[content]{"result":0,"info":{"value":1}}
09-14 10:57:36.157 10744 15802 V [MYTAG][HeartbeatMgr][HttpTransportLayer]: -----------------------------------------
09-14 10:57:37.403 10744 15802 V [MYTAG][mail_tcp_socket][ViiSocketMailDataPhraser]: ------------mail---------------
09-14 10:57:37.403 10744 15802 V [MYTAG][mail_tcp_socket][ViiSocketMailDataPhraser]: {"msgid":"battery","info":{"capacity":68,"charge":0},"time":1757847457}
09-14 10:57:37.405 10744 15802 V [MYTAG][mail_tcp_socket][ViiSocketMailDataPhraser]: ------------mail---------------
09-14 10:57:37.405 10744 15802 V [MYTAG][mail_tcp_socket][ViiSocketMailDataPhraser]: {"msgid":"sd","info":{"status":0},"time":1757847457}
09-14 10:57:37.407 10744 15802 V [MYTAG][mail_tcp_socket][RemoteOptor]: ----
09-14 10:57:37.407 10744 15802 V [MYTAG][mail_tcp_socket][RemoteOptor]: [CMD]DEV_SDCARD_STATUS_QUERY
09-14 10:57:37.407 10744 15802 V [MYTAG][mail_tcp_socket][RemoteOptor]: [PARAM]null
09-14 10:57:37.408 10744 15991 W System  : Ignoring header sessionid because its value was null.
09-14 10:57:37.410 10744 15991 I System.out: (HTTPLog)-Static: isSBSettingEnabled false
09-14 10:57:37.410 10744 15991 I System.out: (HTTPLog)-Static: isSBSettingEnabled false
09-14 10:57:37.411 10744 15802 V [MYTAG][mail_tcp_socket][HttpTransportLayer]: [HTTP SEND GET]
09-14 10:57:37.411 10744 15802 V [MYTAG][mail_tcp_socket][HttpTransportLayer]: 	 url:http://192.168.0.1:80/app/getsdinfo
09-14 10:57:37.415 10744 15802 V [MYTAG][main][Device]: 603 dev is connected:true
09-14 10:57:37.444 10744 15802 V [MYTAG][mail_tcp_socket][HttpTransportLayer]: [HTTP RSP]
09-14 10:57:37.444 10744 15802 V [MYTAG][mail_tcp_socket][HttpTransportLayer]: 	 errcode:0
09-14 10:57:37.444 10744 15802 V [MYTAG][mail_tcp_socket][HttpTransportLayer]: 	[content]{"result":0,"info":{"status":0,"free":260,"total":1883}}
09-14 10:57:37.444 10744 15802 V [MYTAG][mail_tcp_socket][HttpTransportLayer]: -----------------------------------------
09-14 10:57:37.446 10744 17201 W ProxyAndroidLoggerBackend: Too many Flogger logs received before configuration. Dropping old logs.
09-14 10:57:37.446 10744 17201 I chatty  : uid=10291(com.vidure.app) identical 1 line
09-14 10:57:37.446 10744 17201 W ProxyAndroidLoggerBackend: Too many Flogger logs received before configuration. Dropping old logs.
09-14 10:57:37.474 10744 10744 W ProxyAndroidLoggerBackend: Too many Flogger logs received before configuration. Dropping old logs.
09-14 10:57:37.491 10744 10744 I chatty  : uid=10291(com.vidure.app) identical 6 lines
09-14 10:57:37.492 10744 10744 W ProxyAndroidLoggerBackend: Too many Flogger logs received before configuration. Dropping old logs.
09-14 10:57:37.505 10744 15802 V [MYTAG][main][Device]: 603 dev is connected:true
09-14 10:57:37.509 10744 15802 V [MYTAG][main][CameraPreviewActivity]: rev msg1:264454
09-14 10:57:37.509 10744 15802 V [MYTAG][main][Device]: 603 dev is connected:true
09-14 10:57:37.509 10744 15802 V [MYTAG][main][CameraPreviewActivity]: rev msg1:589832
09-14 10:57:37.542 10744 17200 W ProxyAndroidLoggerBackend: Too many Flogger logs received before configuration. Dropping old logs.
09-14 10:57:37.543 10744 17200 W ProxyAndroidLoggerBackend: Too many Flogger logs received before configuration. Dropping old logs.
09-14 10:57:37.543 10744 17201 W ProxyAndroidLoggerBackend: Too many Flogger logs received before configuration. Dropping old logs.
09-14 10:57:40.123 10744 15992 W System  : Ignoring header sessionid because its value was null.
09-14 10:57:40.123 10744 15802 V [MYTAG][HeartbeatMgr][RemoteOptor]: ----
09-14 10:57:40.123 10744 15802 V [MYTAG][HeartbeatMgr][RemoteOptor]: [CMD]Basic_Msg_MailBox
09-14 10:57:40.123 10744 15802 V [MYTAG][HeartbeatMgr][RemoteOptor]: [PARAM]null
09-14 10:57:40.123 10744 15802 V [MYTAG][HeartbeatMgr][HttpTransportLayer]: [HTTP SEND GET]
09-14 10:57:40.123 10744 15802 V [MYTAG][HeartbeatMgr][HttpTransportLayer]: 	 url:http://192.168.0.1:80/app/getparamvalue?param=rec
09-14 10:57:40.123 10744 15992 I System.out: (HTTPLog)-Static: isSBSettingEnabled false
09-14 10:57:40.123 10744 15992 I System.out: (HTTPLog)-Static: isSBSettingEnabled false
09-14 10:57:40.268 10744 15802 V [MYTAG][HeartbeatMgr][HttpTransportLayer]: [HTTP RSP]
09-14 10:57:40.268 10744 15802 V [MYTAG][HeartbeatMgr][HttpTransportLayer]: 	 errcode:0
09-14 10:57:40.268 10744 15802 V [MYTAG][HeartbeatMgr][HttpTransportLayer]: 	[content]{"result":0,"info":{"value":1}}
09-14 10:57:40.268 10744 15802 V [MYTAG][HeartbeatMgr][HttpTransportLayer]: -----------------------------------------
09-14 10:57:40.415 10744 15802 V [MYTAG][mail_tcp_socket][ViiSocketMailDataPhraser]: ------------mail---------------
09-14 10:57:40.415 10744 15802 V [MYTAG][mail_tcp_socket][ViiSocketMailDataPhraser]: {"msgid":"battery","info":{"capacity":68,"charge":0},"time":1757847460}
09-14 10:57:40.422 10744 15802 V [MYTAG][main][Device]: 603 dev is connected:true
09-14 10:57:40.437 10744 15991 W System  : Ignoring header sessionid because its value was null.
09-14 10:57:40.437 10744 15802 V [MYTAG][mail_tcp_socket][ViiSocketMailDataPhraser]: ------------mail---------------
09-14 10:57:40.437 10744 15802 V [MYTAG][mail_tcp_socket][ViiSocketMailDataPhraser]: {"msgid":"sd","info":{"status":0},"time":1757847460}
09-14 10:57:40.437 10744 15802 V [MYTAG][mail_tcp_socket][RemoteOptor]: ----
09-14 10:57:40.437 10744 15802 V [MYTAG][mail_tcp_socket][RemoteOptor]: [CMD]DEV_SDCARD_STATUS_QUERY
09-14 10:57:40.437 10744 15802 V [MYTAG][mail_tcp_socket][RemoteOptor]: [PARAM]null
09-14 10:57:40.437 10744 15991 I System.out: (HTTPLog)-Static: isSBSettingEnabled false
09-14 10:57:40.437 10744 15802 V [MYTAG][mail_tcp_socket][HttpTransportLayer]: [HTTP SEND GET]
09-14 10:57:40.437 10744 15802 V [MYTAG][mail_tcp_socket][HttpTransportLayer]: 	 url:http://192.168.0.1:80/app/getsdinfo
09-14 10:57:40.437 10744 15991 I System.out: (HTTPLog)-Static: isSBSettingEnabled false
09-14 10:57:40.457 10744 10744 W ProxyAndroidLoggerBackend: Too many Flogger logs received before configuration. Dropping old logs.
09-14 10:57:40.464 10744 10744 I chatty  : uid=10291(com.vidure.app) identical 6 lines
09-14 10:57:40.465 10744 10744 W ProxyAndroidLoggerBackend: Too many Flogger logs received before configuration. Dropping old logs.
09-14 10:57:40.477 10744 15802 V [MYTAG][main][Device]: 603 dev is connected:true
09-14 10:57:40.482 10744 15802 V [MYTAG][main][CameraPreviewActivity]: rev msg1:264454
09-14 10:57:40.485 10744 17201 W ProxyAndroidLoggerBackend: Too many Flogger logs received before configuration. Dropping old logs.
09-14 10:57:40.485 10744 17201 W ProxyAndroidLoggerBackend: Too many Flogger logs received before configuration. Dropping old logs.
09-14 10:57:40.485 10744 17200 W ProxyAndroidLoggerBackend: Too many Flogger logs received before configuration. Dropping old logs.
09-14 10:57:40.490 10744 15802 V [MYTAG][mail_tcp_socket][HttpTransportLayer]: [HTTP RSP]
09-14 10:57:40.490 10744 15802 V [MYTAG][mail_tcp_socket][HttpTransportLayer]: 	 errcode:0
09-14 10:57:40.490 10744 15802 V [MYTAG][mail_tcp_socket][HttpTransportLayer]: 	[content]{"result":0,"info":{"status":0,"free":256,"total":1883}}
09-14 10:57:40.490 10744 15802 V [MYTAG][mail_tcp_socket][HttpTransportLayer]: -----------------------------------------
09-14 10:57:40.490 10744 15802 V [MYTAG][main][Device]: 603 dev is connected:true
09-14 10:57:40.490 10744 15802 V [MYTAG][main][CameraPreviewActivity]: rev msg1:589832
09-14 10:57:42.205 10744 15758 I com.vidure.app: Background concurrent copying GC freed 62979(9620KB) AllocSpace objects, 23(1372KB) LOS objects, 26% free, 66MB/90MB, paused 364us total 256.566ms
09-14 10:57:42.940 10744 17283 W ProxyAndroidLoggerBackend: Too many Flogger logs received before configuration. Dropping old logs.
09-14 10:57:42.942 10744 17283 I chatty  : uid=10291(com.vidure.app) identical 3 lines
09-14 10:57:42.942 10744 17283 W ProxyAndroidLoggerBackend: Too many Flogger logs received before configuration. Dropping old logs.
09-14 10:57:43.423 10744 15802 V [MYTAG][mail_tcp_socket][ViiSocketMailDataPhraser]: ------------mail---------------
09-14 10:57:43.423 10744 15802 V [MYTAG][mail_tcp_socket][ViiSocketMailDataPhraser]: {"msgid":"battery","info":{"capacity":68,"charge":0},"time":1757847463}
09-14 10:57:43.426 10744 15802 V [MYTAG][mail_tcp_socket][ViiSocketMailDataPhraser]: ------------mail---------------
09-14 10:57:43.426 10744 15802 V [MYTAG][mail_tcp_socket][ViiSocketMailDataPhraser]: {"msgid":"sd","info":{"status":0},"time":1757847463}
09-14 10:57:43.426 10744 15802 V [MYTAG][mail_tcp_socket][RemoteOptor]: ----
09-14 10:57:43.426 10744 15802 V [MYTAG][mail_tcp_socket][RemoteOptor]: [CMD]DEV_SDCARD_STATUS_QUERY
09-14 10:57:43.426 10744 15802 V [MYTAG][mail_tcp_socket][RemoteOptor]: [PARAM]null
09-14 10:57:43.427 10744 15991 W System  : Ignoring header sessionid because its value was null.
09-14 10:57:43.427 10744 15991 I System.out: (HTTPLog)-Static: isSBSettingEnabled false
09-14 10:57:43.427 10744 15991 I System.out: (HTTPLog)-Static: isSBSettingEnabled false
09-14 10:57:43.428 10744 15802 V [MYTAG][mail_tcp_socket][HttpTransportLayer]: [HTTP SEND GET]
09-14 10:57:43.428 10744 15802 V [MYTAG][mail_tcp_socket][HttpTransportLayer]: 	 url:http://192.168.0.1:80/app/getsdinfo
09-14 10:57:43.429 10744 15802 V [MYTAG][main][Device]: 603 dev is connected:true
09-14 10:57:43.465 10744 10744 W ProxyAndroidLoggerBackend: Too many Flogger logs received before configuration. Dropping old logs.
09-14 10:57:43.477 10744 10744 I chatty  : uid=10291(com.vidure.app) identical 6 lines
09-14 10:57:43.479 10744 10744 W ProxyAndroidLoggerBackend: Too many Flogger logs received before configuration. Dropping old logs.
09-14 10:57:43.502 10744 15802 V [MYTAG][main][Device]: 603 dev is connected:true
09-14 10:57:43.508 10744 15802 V [MYTAG][main][CameraPreviewActivity]: rev msg1:264454
09-14 10:57:43.542 10744 17201 W ProxyAndroidLoggerBackend: Too many Flogger logs received before configuration. Dropping old logs.
09-14 10:57:43.543 10744 17201 W ProxyAndroidLoggerBackend: Too many Flogger logs received before configuration. Dropping old logs.
09-14 10:57:43.543 10744 17200 W ProxyAndroidLoggerBackend: Too many Flogger logs received before configuration. Dropping old logs.
09-14 10:57:43.728 10744 15802 V [MYTAG][mail_tcp_socket][HttpTransportLayer]: [HTTP RSP]
09-14 10:57:43.728 10744 15802 V [MYTAG][mail_tcp_socket][HttpTransportLayer]: 	 errcode:0
09-14 10:57:43.728 10744 15802 V [MYTAG][mail_tcp_socket][HttpTransportLayer]: 	[content]{"result":0,"info":{"status":0,"free":252,"total":1883}}
09-14 10:57:43.728 10744 15802 V [MYTAG][mail_tcp_socket][HttpTransportLayer]: -----------------------------------------
09-14 10:57:43.733 10744 15802 V [MYTAG][main][Device]: 603 dev is connected:true
09-14 10:57:43.734 10744 15802 V [MYTAG][main][CameraPreviewActivity]: rev msg1:589832
09-14 10:57:44.123 10744 15992 W System  : Ignoring header sessionid because its value was null.
09-14 10:57:44.124 10744 15992 I System.out: (HTTPLog)-Static: isSBSettingEnabled false
09-14 10:57:44.124 10744 15992 I System.out: (HTTPLog)-Static: isSBSettingEnabled false
09-14 10:57:44.124 10744 15802 V [MYTAG][HeartbeatMgr][RemoteOptor]: ----
09-14 10:57:44.124 10744 15802 V [MYTAG][HeartbeatMgr][RemoteOptor]: [CMD]Basic_Msg_MailBox
09-14 10:57:44.124 10744 15802 V [MYTAG][HeartbeatMgr][RemoteOptor]: [PARAM]null
09-14 10:57:44.124 10744 15802 V [MYTAG][HeartbeatMgr][HttpTransportLayer]: [HTTP SEND GET]
09-14 10:57:44.124 10744 15802 V [MYTAG][HeartbeatMgr][HttpTransportLayer]: 	 url:http://192.168.0.1:80/app/getparamvalue?param=rec
09-14 10:57:44.156 10744 15802 V [MYTAG][HeartbeatMgr][HttpTransportLayer]: [HTTP RSP]
09-14 10:57:44.156 10744 15802 V [MYTAG][HeartbeatMgr][HttpTransportLayer]: 	 errcode:0
09-14 10:57:44.156 10744 15802 V [MYTAG][HeartbeatMgr][HttpTransportLayer]: 	[content]{"result":0,"info":{"value":1}}
09-14 10:57:44.156 10744 15802 V [MYTAG][HeartbeatMgr][HttpTransportLayer]: -----------------------------------------
09-14 10:57:44.714 10744 17200 W ProxyAndroidLoggerBackend: Too many Flogger logs received before configuration. Dropping old logs.
09-14 10:57:44.880 10744 17201 W ProxyAndroidLoggerBackend: Too many Flogger logs received before configuration. Dropping old logs.
09-14 10:57:46.437 10744 15802 V [MYTAG][mail_tcp_socket][ViiSocketMailDataPhraser]: ------------mail---------------
09-14 10:57:46.437 10744 15802 V [MYTAG][mail_tcp_socket][ViiSocketMailDataPhraser]: {"msgid":"battery","info":{"capacity":68,"charge":0},"time":1757847466}
09-14 10:57:46.439 10744 15991 W System  : Ignoring header sessionid because its value was null.
09-14 10:57:46.439 10744 15802 V [MYTAG][mail_tcp_socket][ViiSocketMailDataPhraser]: ------------mail---------------
09-14 10:57:46.439 10744 15802 V [MYTAG][mail_tcp_socket][ViiSocketMailDataPhraser]: {"msgid":"sd","info":{"status":0},"time":1757847466}
09-14 10:57:46.439 10744 15802 V [MYTAG][mail_tcp_socket][RemoteOptor]: ----
09-14 10:57:46.439 10744 15802 V [MYTAG][mail_tcp_socket][RemoteOptor]: [CMD]DEV_SDCARD_STATUS_QUERY
09-14 10:57:46.439 10744 15802 V [MYTAG][mail_tcp_socket][RemoteOptor]: [PARAM]null
09-14 10:57:46.439 10744 15802 V [MYTAG][mail_tcp_socket][HttpTransportLayer]: [HTTP SEND GET]
09-14 10:57:46.439 10744 15802 V [MYTAG][mail_tcp_socket][HttpTransportLayer]: 	 url:http://192.168.0.1:80/app/getsdinfo
09-14 10:57:46.440 10744 15991 I System.out: (HTTPLog)-Static: isSBSettingEnabled false
09-14 10:57:46.440 10744 15991 I System.out: (HTTPLog)-Static: isSBSettingEnabled false
09-14 10:57:46.444 10744 15802 V [MYTAG][main][Device]: 603 dev is connected:true
09-14 10:57:46.473 10744 10744 W ProxyAndroidLoggerBackend: Too many Flogger logs received before configuration. Dropping old logs.
09-14 10:57:46.486 10744 10744 I chatty  : uid=10291(com.vidure.app) identical 6 lines
09-14 10:57:46.487 10744 10744 W ProxyAndroidLoggerBackend: Too many Flogger logs received before configuration. Dropping old logs.
09-14 10:57:46.507 10744 15802 V [MYTAG][main][Device]: 603 dev is connected:true
09-14 10:57:46.511 10744 15802 V [MYTAG][main][CameraPreviewActivity]: rev msg1:264454
09-14 10:57:46.596 10744 17200 W ProxyAndroidLoggerBackend: Too many Flogger logs received before configuration. Dropping old logs.
09-14 10:57:46.596 10744 17200 W ProxyAndroidLoggerBackend: Too many Flogger logs received before configuration. Dropping old logs.
09-14 10:57:46.596 10744 16715 W ProxyAndroidLoggerBackend: Too many Flogger logs received before configuration. Dropping old logs.
09-14 10:57:46.614 10744 15802 V [MYTAG][mail_tcp_socket][HttpTransportLayer]: [HTTP RSP]
09-14 10:57:46.614 10744 15802 V [MYTAG][mail_tcp_socket][HttpTransportLayer]: 	 errcode:0
09-14 10:57:46.614 10744 15802 V [MYTAG][mail_tcp_socket][HttpTransportLayer]: 	[content]{"result":0,"info":{"status":0,"free":248,"total":1883}}
09-14 10:57:46.614 10744 15802 V [MYTAG][mail_tcp_socket][HttpTransportLayer]: -----------------------------------------
09-14 10:57:46.615 10744 15802 V [MYTAG][main][Device]: 603 dev is connected:true
09-14 10:57:46.615 10744 15802 V [MYTAG][main][CameraPreviewActivity]: rev msg1:589832
09-14 10:57:48.123 10744 15992 W System  : Ignoring header sessionid because its value was null.
09-14 10:57:48.124 10744 15802 V [MYTAG][HeartbeatMgr][RemoteOptor]: ----
09-14 10:57:48.124 10744 15802 V [MYTAG][HeartbeatMgr][RemoteOptor]: [CMD]Basic_Msg_MailBox
09-14 10:57:48.124 10744 15802 V [MYTAG][HeartbeatMgr][RemoteOptor]: [PARAM]null
09-14 10:57:48.124 10744 15992 I System.out: (HTTPLog)-Static: isSBSettingEnabled false
09-14 10:57:48.124 10744 15992 I System.out: (HTTPLog)-Static: isSBSettingEnabled false
09-14 10:57:48.124 10744 15802 V [MYTAG][HeartbeatMgr][HttpTransportLayer]: [HTTP SEND GET]
09-14 10:57:48.124 10744 15802 V [MYTAG][HeartbeatMgr][HttpTransportLayer]: 	 url:http://192.168.0.1:80/app/getparamvalue?param=rec
09-14 10:57:49.200 10744 15802 V [MYTAG][HeartbeatMgr][HttpTransportLayer]: [HTTP RSP]
09-14 10:57:49.200 10744 15802 V [MYTAG][HeartbeatMgr][HttpTransportLayer]: 	 errcode:0
09-14 10:57:49.200 10744 15802 V [MYTAG][HeartbeatMgr][HttpTransportLayer]: 	[content]{"result":0,"info":{"value":1}}
09-14 10:57:49.200 10744 15802 V [MYTAG][HeartbeatMgr][HttpTransportLayer]: -----------------------------------------
09-14 10:57:49.495 10744 15802 V [MYTAG][mail_tcp_socket][ViiSocketMailDataPhraser]: ------------mail---------------
09-14 10:57:49.495 10744 15802 V [MYTAG][mail_tcp_socket][ViiSocketMailDataPhraser]: {"msgid":"battery","info":{"capacity":68,"charge":0},"time":1757847469}
09-14 10:57:49.508 10744 15802 V [MYTAG][main][Device]: 603 dev is connected:true
09-14 10:57:49.512 10744 15991 W System  : Ignoring header sessionid because its value was null.
09-14 10:57:49.513 10744 15991 I System.out: (HTTPLog)-Static: isSBSettingEnabled false
09-14 10:57:49.513 10744 15991 I System.out: (HTTPLog)-Static: isSBSettingEnabled false
09-14 10:57:49.514 10744 15802 V [MYTAG][mail_tcp_socket][ViiSocketMailDataPhraser]: ------------mail---------------
09-14 10:57:49.514 10744 15802 V [MYTAG][mail_tcp_socket][ViiSocketMailDataPhraser]: {"msgid":"sd","info":{"status":0},"time":1757847469}
09-14 10:57:49.514 10744 15802 V [MYTAG][mail_tcp_socket][RemoteOptor]: ----
09-14 10:57:49.514 10744 15802 V [MYTAG][mail_tcp_socket][RemoteOptor]: [CMD]DEV_SDCARD_STATUS_QUERY
09-14 10:57:49.514 10744 15802 V [MYTAG][mail_tcp_socket][RemoteOptor]: [PARAM]null
09-14 10:57:49.514 10744 15802 V [MYTAG][mail_tcp_socket][HttpTransportLayer]: [HTTP SEND GET]
09-14 10:57:49.514 10744 15802 V [MYTAG][mail_tcp_socket][HttpTransportLayer]: 	 url:http://192.168.0.1:80/app/getsdinfo
09-14 10:57:49.537 10744 10744 W ProxyAndroidLoggerBackend: Too many Flogger logs received before configuration. Dropping old logs.
09-14 10:57:49.541 10744 10744 I chatty  : uid=10291(com.vidure.app) identical 3 lines
09-14 10:57:49.544 10744 10744 W ProxyAndroidLoggerBackend: Too many Flogger logs received before configuration. Dropping old logs.
09-14 10:57:49.544 10744 15802 V [MYTAG][mail_tcp_socket][HttpTransportLayer]: [HTTP RSP]
09-14 10:57:49.544 10744 15802 V [MYTAG][mail_tcp_socket][HttpTransportLayer]: 	 errcode:0
09-14 10:57:49.544 10744 15802 V [MYTAG][mail_tcp_socket][HttpTransportLayer]: 	[content]{"result":0,"info":{"status":0,"free":245,"total":1883}}
09-14 10:57:49.544 10744 15802 V [MYTAG][mail_tcp_socket][HttpTransportLayer]: -----------------------------------------
09-14 10:57:49.544 10744 10744 W ProxyAndroidLoggerBackend: Too many Flogger logs received before configuration. Dropping old logs.
09-14 10:57:49.544 10744 10744 I chatty  : uid=10291(com.vidure.app) identical 1 line
09-14 10:57:49.545 10744 10744 W ProxyAndroidLoggerBackend: Too many Flogger logs received before configuration. Dropping old logs.
09-14 10:57:49.559 10744 15802 V [MYTAG][main][Device]: 603 dev is connected:true
09-14 10:57:49.560 10744 15802 V [MYTAG][main][CameraPreviewActivity]: rev msg1:264454
09-14 10:57:49.560 10744 15802 V [MYTAG][main][Device]: 603 dev is connected:true
09-14 10:57:49.560 10744 15802 V [MYTAG][main][CameraPreviewActivity]: rev msg1:589832
09-14 10:57:52.124 10744 15802 V [MYTAG][HeartbeatMgr][RemoteOptor]: ----
09-14 10:57:52.124 10744 15802 V [MYTAG][HeartbeatMgr][RemoteOptor]: [CMD]Basic_Msg_MailBox
09-14 10:57:52.124 10744 15802 V [MYTAG][HeartbeatMgr][RemoteOptor]: [PARAM]null
09-14 10:57:52.124 10744 15992 W System  : Ignoring header sessionid because its value was null.
09-14 10:57:52.125 10744 15802 V [MYTAG][HeartbeatMgr][HttpTransportLayer]: [HTTP SEND GET]
09-14 10:57:52.125 10744 15802 V [MYTAG][HeartbeatMgr][HttpTransportLayer]: 	 url:http://192.168.0.1:80/app/getparamvalue?param=rec
09-14 10:57:52.125 10744 15992 I System.out: (HTTPLog)-Static: isSBSettingEnabled false
09-14 10:57:52.125 10744 15992 I System.out: (HTTPLog)-Static: isSBSettingEnabled false
09-14 10:57:52.168 10744 15802 V [MYTAG][HeartbeatMgr][HttpTransportLayer]: [HTTP RSP]
09-14 10:57:52.168 10744 15802 V [MYTAG][HeartbeatMgr][HttpTransportLayer]: 	 errcode:0
09-14 10:57:52.168 10744 15802 V [MYTAG][HeartbeatMgr][HttpTransportLayer]: 	[content]{"result":0,"info":{"value":1}}
09-14 10:57:52.168 10744 15802 V [MYTAG][HeartbeatMgr][HttpTransportLayer]: -----------------------------------------
09-14 10:57:52.454 10744 15802 V [MYTAG][mail_tcp_socket][ViiSocketMailDataPhraser]: ------------mail---------------
09-14 10:57:52.454 10744 15802 V [MYTAG][mail_tcp_socket][ViiSocketMailDataPhraser]: {"msgid":"battery","info":{"capacity":68,"charge":0},"time":1757847472}
09-14 10:57:52.456 10744 15802 V [MYTAG][mail_tcp_socket][ViiSocketMailDataPhraser]: ------------mail---------------
09-14 10:57:52.456 10744 15802 V [MYTAG][mail_tcp_socket][ViiSocketMailDataPhraser]: {"msgid":"sd","info":{"status":0},"time":1757847472}
09-14 10:57:52.457 10744 15802 V [MYTAG][mail_tcp_socket][RemoteOptor]: ----
09-14 10:57:52.457 10744 15802 V [MYTAG][mail_tcp_socket][RemoteOptor]: [CMD]DEV_SDCARD_STATUS_QUERY
09-14 10:57:52.457 10744 15802 V [MYTAG][mail_tcp_socket][RemoteOptor]: [PARAM]null
09-14 10:57:52.457 10744 15802 V [MYTAG][mail_tcp_socket][HttpTransportLayer]: [HTTP SEND GET]
09-14 10:57:52.457 10744 15802 V [MYTAG][mail_tcp_socket][HttpTransportLayer]: 	 url:http://192.168.0.1:80/app/getsdinfo
09-14 10:57:52.457 10744 15991 W System  : Ignoring header sessionid because its value was null.
09-14 10:57:52.458 10744 15991 I System.out: (HTTPLog)-Static: isSBSettingEnabled false
09-14 10:57:52.458 10744 15991 I System.out: (HTTPLog)-Static: isSBSettingEnabled false
09-14 10:57:52.475 10744 15802 V [MYTAG][main][Device]: 603 dev is connected:true
09-14 10:57:52.505 10744 15802 V [MYTAG][mail_tcp_socket][HttpTransportLayer]: [HTTP RSP]
09-14 10:57:52.505 10744 15802 V [MYTAG][mail_tcp_socket][HttpTransportLayer]: 	 errcode:0
09-14 10:57:52.505 10744 15802 V [MYTAG][mail_tcp_socket][HttpTransportLayer]: 	[content]{"result":0,"info":{"status":0,"free":241,"total":1883}}
09-14 10:57:52.505 10744 15802 V [MYTAG][mail_tcp_socket][HttpTransportLayer]: -----------------------------------------
09-14 10:57:52.529 10744 10744 W ProxyAndroidLoggerBackend: Too many Flogger logs received before configuration. Dropping old logs.
09-14 10:57:52.536 10744 10744 I chatty  : uid=10291(com.vidure.app) identical 6 lines
09-14 10:57:52.536 10744 10744 W ProxyAndroidLoggerBackend: Too many Flogger logs received before configuration. Dropping old logs.
09-14 10:57:52.545 10744 17304 W ProxyAndroidLoggerBackend: Too many Flogger logs received before configuration. Dropping old logs.
09-14 10:57:52.551 10744 15802 V [MYTAG][main][Device]: 603 dev is connected:true
09-14 10:57:52.554 10744 15802 V [MYTAG][main][CameraPreviewActivity]: rev msg1:264454
09-14 10:57:52.554 10744 15802 V [MYTAG][main][Device]: 603 dev is connected:true
09-14 10:57:52.554 10744 15802 V [MYTAG][main][CameraPreviewActivity]: rev msg1:589832
09-14 10:57:52.944 10744 17239 W ProxyAndroidLoggerBackend: Too many Flogger logs received before configuration. Dropping old logs.
09-14 10:57:52.956 10744 17239 I chatty  : uid=10291(com.vidure.app) identical 2 lines
09-14 10:57:52.957 10744 17239 W ProxyAndroidLoggerBackend: Too many Flogger logs received before configuration. Dropping old logs.
09-14 10:57:55.463 10744 15802 V [MYTAG][mail_tcp_socket][ViiSocketMailDataPhraser]: ------------mail---------------
09-14 10:57:55.463 10744 15802 V [MYTAG][mail_tcp_socket][ViiSocketMailDataPhraser]: {"msgid":"battery","info":{"capacity":68,"charge":0},"time":1757847475}
09-14 10:57:55.466 10744 15991 W System  : Ignoring header sessionid because its value was null.
09-14 10:57:55.467 10744 15991 I System.out: (HTTPLog)-Static: isSBSettingEnabled false
