03-15 10:58:31.332 25734 30058 V [MYTAG][mail_tcp_socket][ViiSocketMailDataPhraser]: ------------mail---------------
03-15 10:58:31.332 25734 30058 V [MYTAG][mail_tcp_socket][ViiSocketMailDataPhraser]: {"msgid":"sd","info":{"status":0},"time":1773572311}
03-15 10:58:31.332 25734 30058 V [MYTAG][mail_tcp_socket][RemoteOptor]: ----
03-15 10:58:31.332 25734 30058 V [MYTAG][mail_tcp_socket][RemoteOptor]: [CMD]DEV_SDCARD_STATUS_QUERY
03-15 10:58:31.332 25734 30058 V [MYTAG][mail_tcp_socket][RemoteOptor]: [PARAM]null
03-15 10:58:31.332 25734 30058 V [MYTAG][mail_tcp_socket][HttpTransportLayer]: [HTTP SEND GET]
03-15 10:58:31.332 25734 30058 V [MYTAG][mail_tcp_socket][HttpTransportLayer]: 	 url:http://192.168.0.1:80/app/getsdinfo
03-15 10:58:31.335 25734 30058 V [MYTAG][main][Device]: 666 dev is connected:true
03-15 10:58:31.370 25734 30058 V [MYTAG][mail_tcp_socket][HttpTransportLayer]: [HTTP RSP]
03-15 10:58:31.370 25734 30058 V [MYTAG][mail_tcp_socket][HttpTransportLayer]: 	 errcode:0
03-15 10:58:31.370 25734 30058 V [MYTAG][mail_tcp_socket][HttpTransportLayer]: 	[content]{"result":0,"info":{"status":0,"free":290,"total":1883}}
03-15 10:58:31.370 25734 30058 V [MYTAG][mail_tcp_socket][HttpTransportLayer]: -----------------------------------------
03-15 10:58:31.420 25734 25734 W ProxyAndroidLoggerBackend: Too many Flogger logs received before configuration. Dropping old logs.
03-15 10:58:31.422 25734 25734 W ProxyAndroidLoggerBackend: Too many Flogger logs received before configuration. Dropping old logs.
03-15 10:58:31.424 25734 25734 W ProxyAndroidLoggerBackend: Too many Flogger logs received before configuration. Dropping old logs.
03-15 10:58:31.428 25734 25734 I chatty  : uid=10291(com.vidure.app) identical 5 lines
03-15 10:58:31.435 25734 25734 W ProxyAndroidLoggerBackend: Too many Flogger logs received before configuration. Dropping old logs.
03-15 10:58:31.440 25734 30058 V [MYTAG][main][Device]: 666 dev is connected:true
03-15 10:58:31.440 25734 30239 W ProxyAndroidLoggerBackend: Too many Flogger logs received before configuration. Dropping old logs.
03-15 10:58:31.440 25734 30239 I chatty  : uid=10291(com.vidure.app) identical 1 line
03-15 10:58:31.441 25734 30239 W ProxyAndroidLoggerBackend: Too many Flogger logs received before configuration. Dropping old logs.
03-15 10:58:31.441 25734 30058 V [MYTAG][main][CameraPreviewActivity]: rev msg1:264454
03-15 10:58:31.441 25734 30058 V [MYTAG][main][Device]: 666 dev is connected:true
03-15 10:58:31.441 25734 30058 V [MYTAG][main][CameraPreviewActivity]: rev msg1:589832
03-15 10:58:33.660 25734 30058 V [MYTAG][HeartbeatMgr][RemoteOptor]: ----
03-15 10:58:33.660 25734 30058 V [MYTAG][HeartbeatMgr][RemoteOptor]: [CMD]Basic_Msg_MailBox
03-15 10:58:33.660 25734 30058 V [MYTAG][HeartbeatMgr][RemoteOptor]: [PARAM]null
03-15 10:58:33.660 25734 30274 W System  : Ignoring header sessionid because its value was null.
03-15 10:58:33.661 25734 30274 I System.out: (HTTPLog)-Static: isSBSettingEnabled false
03-15 10:58:33.661 25734 30274 I System.out: (HTTPLog)-Static: isSBSettingEnabled false
03-15 10:58:33.661 25734 30058 V [MYTAG][HeartbeatMgr][HttpTransportLayer]: [HTTP SEND GET]
03-15 10:58:33.661 25734 30058 V [MYTAG][HeartbeatMgr][HttpTransportLayer]: 	 url:http://192.168.0.1:80/app/getparamvalue?param=rec
03-15 10:58:33.700 25734 30058 V [MYTAG][HeartbeatMgr][HttpTransportLayer]: [HTTP RSP]
03-15 10:58:33.700 25734 30058 V [MYTAG][HeartbeatMgr][HttpTransportLayer]: 	 errcode:0
03-15 10:58:33.700 25734 30058 V [MYTAG][HeartbeatMgr][HttpTransportLayer]: 	[content]{"result":0,"info":{"value":0}}
03-15 10:58:33.700 25734 30058 V [MYTAG][HeartbeatMgr][HttpTransportLayer]: -----------------------------------------
03-15 10:58:34.335 25734 30058 V [MYTAG][mail_tcp_socket][ViiSocketMailDataPhraser]: ------------mail---------------
03-15 10:58:34.335 25734 30058 V [MYTAG][mail_tcp_socket][ViiSocketMailDataPhraser]: {"msgid":"battery","info":{"capacity":84,"charge":0},"time":1773572314}
03-15 10:58:34.338 25734 30058 V [MYTAG][mail_tcp_socket][ViiSocketMailDataPhraser]: ------------mail---------------
03-15 10:58:34.338 25734 30058 V [MYTAG][mail_tcp_socket][ViiSocketMailDataPhraser]: {"msgid":"sd","info":{"status":0},"time":1773572314}
03-15 10:58:34.338 25734 30273 W System  : Ignoring header sessionid because its value was null.
03-15 10:58:34.340 25734 30058 V [MYTAG][mail_tcp_socket][RemoteOptor]: ----
03-15 10:58:34.340 25734 30058 V [MYTAG][mail_tcp_socket][RemoteOptor]: [CMD]DEV_SDCARD_STATUS_QUERY
03-15 10:58:34.340 25734 30058 V [MYTAG][mail_tcp_socket][RemoteOptor]: [PARAM]null
03-15 10:58:34.340 25734 30273 I System.out: (HTTPLog)-Static: isSBSettingEnabled false
03-15 10:58:34.341 25734 30273 I System.out: (HTTPLog)-Static: isSBSettingEnabled false
03-15 10:58:34.342 25734 30058 V [MYTAG][mail_tcp_socket][HttpTransportLayer]: [HTTP SEND GET]
03-15 10:58:34.342 25734 30058 V [MYTAG][mail_tcp_socket][HttpTransportLayer]: 	 url:http://192.168.0.1:80/app/getsdinfo
03-15 10:58:34.343 25734 30058 V [MYTAG][main][Device]: 666 dev is connected:true
03-15 10:58:34.378 25734 30058 V [MYTAG][mail_tcp_socket][HttpTransportLayer]: [HTTP RSP]
03-15 10:58:34.378 25734 30058 V [MYTAG][mail_tcp_socket][HttpTransportLayer]: 	 errcode:0
03-15 10:58:34.378 25734 30058 V [MYTAG][mail_tcp_socket][HttpTransportLayer]: 	[content]{"result":0,"info":{"status":0,"free":290,"total":1883}}
03-15 10:58:34.378 25734 30058 V [MYTAG][mail_tcp_socket][HttpTransportLayer]: -----------------------------------------
03-15 10:58:34.409 25734 25734 W ProxyAndroidLoggerBackend: Too many Flogger logs received before configuration. Dropping old logs.
03-15 10:58:34.420 25734 25734 I chatty  : uid=10291(com.vidure.app) identical 6 lines
03-15 10:58:34.421 25734 25734 W ProxyAndroidLoggerBackend: Too many Flogger logs received before configuration. Dropping old logs.
03-15 10:58:34.425 25734 30737 W ProxyAndroidLoggerBackend: Too many Flogger logs received before configuration. Dropping old logs.
03-15 10:58:34.429 25734 25734 W ProxyAndroidLoggerBackend: Too many Flogger logs received before configuration. Dropping old logs.
03-15 10:58:34.432 25734 30058 V [MYTAG][main][Device]: 666 dev is connected:true
03-15 10:58:34.436 25734 30058 V [MYTAG][main][CameraPreviewActivity]: rev msg1:264454
03-15 10:58:34.437 25734 30058 V [MYTAG][main][Device]: 666 dev is connected:true
03-15 10:58:34.437 25734 30058 V [MYTAG][main][CameraPreviewActivity]: rev msg1:589832
03-15 10:58:37.345 25734 30058 V [MYTAG][mail_tcp_socket][ViiSocketMailDataPhraser]: ------------mail---------------
03-15 10:58:37.345 25734 30058 V [MYTAG][mail_tcp_socket][ViiSocketMailDataPhraser]: {"msgid":"battery","info":{"capacity":84,"charge":0},"time":1773572317}
03-15 10:58:37.351 25734 30273 W System  : Ignoring header sessionid because its value was null.
03-15 10:58:37.351 25734 30058 V [MYTAG][mail_tcp_socket][ViiSocketMailDataPhraser]: ------------mail---------------
03-15 10:58:37.351 25734 30058 V [MYTAG][mail_tcp_socket][ViiSocketMailDataPhraser]: {"msgid":"sd","info":{"status":0},"time":1773572317}
03-15 10:58:37.351 25734 30058 V [MYTAG][mail_tcp_socket][RemoteOptor]: ----
03-15 10:58:37.351 25734 30058 V [MYTAG][mail_tcp_socket][RemoteOptor]: [CMD]DEV_SDCARD_STATUS_QUERY
03-15 10:58:37.351 25734 30058 V [MYTAG][mail_tcp_socket][RemoteOptor]: [PARAM]null
03-15 10:58:37.352 25734 30058 V [MYTAG][mail_tcp_socket][HttpTransportLayer]: [HTTP SEND GET]
03-15 10:58:37.352 25734 30058 V [MYTAG][mail_tcp_socket][HttpTransportLayer]: 	 url:http://192.168.0.1:80/app/getsdinfo
03-15 10:58:37.352 25734 30273 I System.out: (HTTPLog)-Static: isSBSettingEnabled false
03-15 10:58:37.353 25734 30273 I System.out: (HTTPLog)-Static: isSBSettingEnabled false
03-15 10:58:37.357 25734 30058 V [MYTAG][main][Device]: 666 dev is connected:true
03-15 10:58:37.408 25734 30058 V [MYTAG][mail_tcp_socket][HttpTransportLayer]: [HTTP RSP]
03-15 10:58:37.408 25734 30058 V [MYTAG][mail_tcp_socket][HttpTransportLayer]: 	 errcode:0
03-15 10:58:37.408 25734 30058 V [MYTAG][mail_tcp_socket][HttpTransportLayer]: 	[content]{"result":0,"info":{"status":0,"free":290,"total":1883}}
03-15 10:58:37.408 25734 30058 V [MYTAG][mail_tcp_socket][HttpTransportLayer]: -----------------------------------------
03-15 10:58:37.440 25734 25734 W ProxyAndroidLoggerBackend: Too many Flogger logs received before configuration. Dropping old logs.
03-15 10:58:37.451 25734 25734 I chatty  : uid=10291(com.vidure.app) identical 7 lines
03-15 10:58:37.459 25734 25734 W ProxyAndroidLoggerBackend: Too many Flogger logs received before configuration. Dropping old logs.
03-15 10:58:37.462 25734 30736 W ProxyAndroidLoggerBackend: Too many Flogger logs received before configuration. Dropping old logs.
03-15 10:58:37.463 25734 30736 W ProxyAndroidLoggerBackend: Too many Flogger logs received before configuration. Dropping old logs.
03-15 10:58:37.463 25734 30058 V [MYTAG][main][Device]: 666 dev is connected:true
03-15 10:58:37.464 25734 30737 W ProxyAndroidLoggerBackend: Too many Flogger logs received before configuration. Dropping old logs.
03-15 10:58:37.467 25734 30058 V [MYTAG][main][CameraPreviewActivity]: rev msg1:264454
03-15 10:58:37.467 25734 30058 V [MYTAG][main][Device]: 666 dev is connected:true
03-15 10:58:37.468 25734 30058 V [MYTAG][main][CameraPreviewActivity]: rev msg1:589832
03-15 10:58:37.661 25734 30274 W System  : Ignoring header sessionid because its value was null.
03-15 10:58:37.662 25734 30274 I System.out: (HTTPLog)-Static: isSBSettingEnabled false
03-15 10:58:37.662 25734 30274 I System.out: (HTTPLog)-Static: isSBSettingEnabled false
03-15 10:58:37.663 25734 30058 V [MYTAG][HeartbeatMgr][RemoteOptor]: ----
03-15 10:58:37.663 25734 30058 V [MYTAG][HeartbeatMgr][RemoteOptor]: [CMD]Basic_Msg_MailBox
03-15 10:58:37.663 25734 30058 V [MYTAG][HeartbeatMgr][RemoteOptor]: [PARAM]null
03-15 10:58:37.663 25734 30058 V [MYTAG][HeartbeatMgr][HttpTransportLayer]: [HTTP SEND GET]
03-15 10:58:37.663 25734 30058 V [MYTAG][HeartbeatMgr][HttpTransportLayer]: 	 url:http://192.168.0.1:80/app/getparamvalue?param=rec
03-15 10:58:37.700 25734 30058 V [MYTAG][HeartbeatMgr][HttpTransportLayer]: [HTTP RSP]
03-15 10:58:37.700 25734 30058 V [MYTAG][HeartbeatMgr][HttpTransportLayer]: 	 errcode:0
03-15 10:58:37.700 25734 30058 V [MYTAG][HeartbeatMgr][HttpTransportLayer]: 	[content]{"result":0,"info":{"value":0}}
03-15 10:58:37.700 25734 30058 V [MYTAG][HeartbeatMgr][HttpTransportLayer]: -----------------------------------------
03-15 10:58:38.940 25734 30723 W ProxyAndroidLoggerBackend: Too many Flogger logs received before configuration. Dropping old logs.
03-15 10:58:38.946 25734 30723 I chatty  : uid=10291(com.vidure.app) identical 2 lines
03-15 10:58:38.946 25734 30723 W ProxyAndroidLoggerBackend: Too many Flogger logs received before configuration. Dropping old logs.
03-15 10:58:40.357 25734 30058 V [MYTAG][mail_tcp_socket][ViiSocketMailDataPhraser]: ------------mail---------------
03-15 10:58:40.357 25734 30058 V [MYTAG][mail_tcp_socket][ViiSocketMailDataPhraser]: {"msgid":"battery","info":{"capacity":84,"charge":0},"time":1773572320}
03-15 10:58:40.358 25734 30273 W System  : Ignoring header sessionid because its value was null.
03-15 10:58:40.359 25734 30273 I System.out: (HTTPLog)-Static: isSBSettingEnabled false
03-15 10:58:40.359 25734 30273 I System.out: (HTTPLog)-Static: isSBSettingEnabled false
03-15 10:58:40.365 25734 30058 V [MYTAG][mail_tcp_socket][ViiSocketMailDataPhraser]: ------------mail---------------
03-15 10:58:40.365 25734 30058 V [MYTAG][mail_tcp_socket][ViiSocketMailDataPhraser]: {"msgid":"sd","info":{"status":0},"time":1773572320}
03-15 10:58:40.365 25734 30058 V [MYTAG][mail_tcp_socket][RemoteOptor]: ----
03-15 10:58:40.365 25734 30058 V [MYTAG][mail_tcp_socket][RemoteOptor]: [CMD]DEV_SDCARD_STATUS_QUERY
03-15 10:58:40.365 25734 30058 V [MYTAG][mail_tcp_socket][RemoteOptor]: [PARAM]null
03-15 10:58:40.365 25734 30058 V [MYTAG][mail_tcp_socket][HttpTransportLayer]: [HTTP SEND GET]
03-15 10:58:40.365 25734 30058 V [MYTAG][mail_tcp_socket][HttpTransportLayer]: 	 url:http://192.168.0.1:80/app/getsdinfo
03-15 10:58:40.366 25734 30058 V [MYTAG][main][Device]: 666 dev is connected:true
03-15 10:58:40.392 25734 30058 V [MYTAG][mail_tcp_socket][HttpTransportLayer]: [HTTP RSP]
03-15 10:58:40.392 25734 30058 V [MYTAG][mail_tcp_socket][HttpTransportLayer]: 	 errcode:0
03-15 10:58:40.392 25734 30058 V [MYTAG][mail_tcp_socket][HttpTransportLayer]: 	[content]{"result":0,"info":{"status":0,"free":290,"total":1883}}
03-15 10:58:40.392 25734 30058 V [MYTAG][mail_tcp_socket][HttpTransportLayer]: -----------------------------------------
03-15 10:58:40.415 25734 25734 W ProxyAndroidLoggerBackend: Too many Flogger logs received before configuration. Dropping old logs.
03-15 10:58:40.426 25734 25734 I chatty  : uid=10291(com.vidure.app) identical 6 lines
03-15 10:58:40.426 25734 25734 W ProxyAndroidLoggerBackend: Too many Flogger logs received before configuration. Dropping old logs.
03-15 10:58:40.433 25734 30737 W ProxyAndroidLoggerBackend: Too many Flogger logs received before configuration. Dropping old logs.
03-15 10:58:40.435 25734 25734 W ProxyAndroidLoggerBackend: Too many Flogger logs received before configuration. Dropping old logs.
03-15 10:58:40.439 25734 30058 V [MYTAG][main][Device]: 666 dev is connected:true
03-15 10:58:40.441 25734 30058 V [MYTAG][main][CameraPreviewActivity]: rev msg1:264454
03-15 10:58:40.442 25734 30058 V [MYTAG][main][Device]: 666 dev is connected:true
03-15 10:58:40.442 25734 30058 V [MYTAG][main][CameraPreviewActivity]: rev msg1:589832
03-15 10:58:41.662 25734 30058 V [MYTAG][HeartbeatMgr][RemoteOptor]: ----
03-15 10:58:41.662 25734 30058 V [MYTAG][HeartbeatMgr][RemoteOptor]: [CMD]Basic_Msg_MailBox
03-15 10:58:41.662 25734 30058 V [MYTAG][HeartbeatMgr][RemoteOptor]: [PARAM]null
03-15 10:58:41.662 25734 30274 W System  : Ignoring header sessionid because its value was null.
03-15 10:58:41.663 25734 30274 I System.out: (HTTPLog)-Static: isSBSettingEnabled false
03-15 10:58:41.663 25734 30058 V [MYTAG][HeartbeatMgr][HttpTransportLayer]: [HTTP SEND GET]
03-15 10:58:41.663 25734 30058 V [MYTAG][HeartbeatMgr][HttpTransportLayer]: 	 url:http://192.168.0.1:80/app/getparamvalue?param=rec
03-15 10:58:41.663 25734 30274 I System.out: (HTTPLog)-Static: isSBSettingEnabled false
03-15 10:58:41.695 25734 30058 V [MYTAG][HeartbeatMgr][HttpTransportLayer]: [HTTP RSP]
03-15 10:58:41.695 25734 30058 V [MYTAG][HeartbeatMgr][HttpTransportLayer]: 	 errcode:0
03-15 10:58:41.695 25734 30058 V [MYTAG][HeartbeatMgr][HttpTransportLayer]: 	[content]{"result":0,"info":{"value":0}}
03-15 10:58:41.695 25734 30058 V [MYTAG][HeartbeatMgr][HttpTransportLayer]: -----------------------------------------
03-15 10:58:43.367 25734 30058 V [MYTAG][mail_tcp_socket][ViiSocketMailDataPhraser]: ------------mail---------------
03-15 10:58:43.367 25734 30058 V [MYTAG][mail_tcp_socket][ViiSocketMailDataPhraser]: {"msgid":"battery","info":{"capacity":84,"charge":0},"time":1773572323}
03-15 10:58:43.369 25734 30273 W System  : Ignoring header sessionid because its value was null.
03-15 10:58:43.370 25734 30058 V [MYTAG][mail_tcp_socket][ViiSocketMailDataPhraser]: ------------mail---------------
03-15 10:58:43.370 25734 30058 V [MYTAG][mail_tcp_socket][ViiSocketMailDataPhraser]: {"msgid":"sd","info":{"status":0},"time":1773572323}
03-15 10:58:43.370 25734 30058 V [MYTAG][mail_tcp_socket][RemoteOptor]: ----
03-15 10:58:43.370 25734 30058 V [MYTAG][mail_tcp_socket][RemoteOptor]: [CMD]DEV_SDCARD_STATUS_QUERY
03-15 10:58:43.370 25734 30058 V [MYTAG][mail_tcp_socket][RemoteOptor]: [PARAM]null
03-15 10:58:43.370 25734 30058 V [MYTAG][mail_tcp_socket][HttpTransportLayer]: [HTTP SEND GET]
03-15 10:58:43.370 25734 30058 V [MYTAG][mail_tcp_socket][HttpTransportLayer]: 	 url:http://192.168.0.1:80/app/getsdinfo
03-15 10:58:43.371 25734 30273 I System.out: (HTTPLog)-Static: isSBSettingEnabled false
03-15 10:58:43.371 25734 30273 I System.out: (HTTPLog)-Static: isSBSettingEnabled false
03-15 10:58:43.374 25734 30058 V [MYTAG][main][Device]: 666 dev is connected:true
03-15 10:58:43.407 25734 30058 V [MYTAG][mail_tcp_socket][HttpTransportLayer]: [HTTP RSP]
03-15 10:58:43.407 25734 30058 V [MYTAG][mail_tcp_socket][HttpTransportLayer]: 	 errcode:0
03-15 10:58:43.407 25734 30058 V [MYTAG][mail_tcp_socket][HttpTransportLayer]: 	[content]{"result":0,"info":{"status":0,"free":290,"total":1883}}
03-15 10:58:43.407 25734 30058 V [MYTAG][mail_tcp_socket][HttpTransportLayer]: -----------------------------------------
03-15 10:58:43.447 25734 25734 W ProxyAndroidLoggerBackend: Too many Flogger logs received before configuration. Dropping old logs.
03-15 10:58:43.459 25734 25734 I chatty  : uid=10291(com.vidure.app) identical 6 lines
03-15 10:58:43.459 25734 25734 W ProxyAndroidLoggerBackend: Too many Flogger logs received before configuration. Dropping old logs.
03-15 10:58:43.464 25734 30737 W ProxyAndroidLoggerBackend: Too many Flogger logs received before configuration. Dropping old logs.
03-15 10:58:43.464 25734 30737 W ProxyAndroidLoggerBackend: Too many Flogger logs received before configuration. Dropping old logs.
03-15 10:58:43.466 25734 30736 W ProxyAndroidLoggerBackend: Too many Flogger logs received before configuration. Dropping old logs.
03-15 10:58:43.470 25734 25734 W ProxyAndroidLoggerBackend: Too many Flogger logs received before configuration. Dropping old logs.
03-15 10:58:43.476 25734 30058 V [MYTAG][main][Device]: 666 dev is connected:true
03-15 10:58:43.478 25734 30058 V [MYTAG][main][CameraPreviewActivity]: rev msg1:264454
03-15 10:58:43.479 25734 30058 V [MYTAG][main][Device]: 666 dev is connected:true
03-15 10:58:43.479 25734 30058 V [MYTAG][main][CameraPreviewActivity]: rev msg1:589832
03-15 10:58:45.663 25734 30274 W System  : Ignoring header sessionid because its value was null.
03-15 10:58:45.663 25734 30058 V [MYTAG][HeartbeatMgr][RemoteOptor]: ----
03-15 10:58:45.663 25734 30058 V [MYTAG][HeartbeatMgr][RemoteOptor]: [CMD]Basic_Msg_MailBox
03-15 10:58:45.663 25734 30058 V [MYTAG][HeartbeatMgr][RemoteOptor]: [PARAM]null
03-15 10:58:45.663 25734 30274 I System.out: (HTTPLog)-Static: isSBSettingEnabled false
03-15 10:58:45.663 25734 30058 V [MYTAG][HeartbeatMgr][HttpTransportLayer]: [HTTP SEND GET]
03-15 10:58:45.663 25734 30058 V [MYTAG][HeartbeatMgr][HttpTransportLayer]: 	 url:http://192.168.0.1:80/app/getparamvalue?param=rec
03-15 10:58:45.664 25734 30274 I System.out: (HTTPLog)-Static: isSBSettingEnabled false
03-15 10:58:45.696 25734 30058 V [MYTAG][HeartbeatMgr][HttpTransportLayer]: [HTTP RSP]
03-15 10:58:45.696 25734 30058 V [MYTAG][HeartbeatMgr][HttpTransportLayer]: 	 errcode:0
03-15 10:58:45.696 25734 30058 V [MYTAG][HeartbeatMgr][HttpTransportLayer]: 	[content]{"result":0,"info":{"value":0}}
03-15 10:58:45.696 25734 30058 V [MYTAG][HeartbeatMgr][HttpTransportLayer]: -----------------------------------------
03-15 10:58:46.374 25734 30058 V [MYTAG][mail_tcp_socket][ViiSocketMailDataPhraser]: ------------mail---------------
03-15 10:58:46.374 25734 30058 V [MYTAG][mail_tcp_socket][ViiSocketMailDataPhraser]: {"msgid":"battery","info":{"capacity":84,"charge":0},"time":1773572326}
03-15 10:58:46.378 25734 30273 W System  : Ignoring header sessionid because its value was null.
03-15 10:58:46.379 25734 30273 I System.out: (HTTPLog)-Static: isSBSettingEnabled false
03-15 10:58:46.379 25734 30273 I System.out: (HTTPLog)-Static: isSBSettingEnabled false
03-15 10:58:46.381 25734 30058 V [MYTAG][mail_tcp_socket][ViiSocketMailDataPhraser]: ------------mail---------------
03-15 10:58:46.381 25734 30058 V [MYTAG][mail_tcp_socket][ViiSocketMailDataPhraser]: {"msgid":"sd","info":{"status":0},"time":1773572326}
03-15 10:58:46.382 25734 30058 V [MYTAG][mail_tcp_socket][RemoteOptor]: ----
03-15 10:58:46.382 25734 30058 V [MYTAG][mail_tcp_socket][RemoteOptor]: [CMD]DEV_SDCARD_STATUS_QUERY
03-15 10:58:46.382 25734 30058 V [MYTAG][mail_tcp_socket][RemoteOptor]: [PARAM]null
03-15 10:58:46.382 25734 30058 V [MYTAG][mail_tcp_socket][HttpTransportLayer]: [HTTP SEND GET]
03-15 10:58:46.382 25734 30058 V [MYTAG][mail_tcp_socket][HttpTransportLayer]: 	 url:http://192.168.0.1:80/app/getsdinfo
03-15 10:58:46.382 25734 30058 V [MYTAG][main][Device]: 666 dev is connected:true
03-15 10:58:46.418 25734 30058 V [MYTAG][mail_tcp_socket][HttpTransportLayer]: [HTTP RSP]
03-15 10:58:46.418 25734 30058 V [MYTAG][mail_tcp_socket][HttpTransportLayer]: 	 errcode:0
03-15 10:58:46.418 25734 30058 V [MYTAG][mail_tcp_socket][HttpTransportLayer]: 	[content]{"result":0,"info":{"status":0,"free":290,"total":1883}}
03-15 10:58:46.418 25734 30058 V [MYTAG][mail_tcp_socket][HttpTransportLayer]: -----------------------------------------
03-15 10:58:46.450 25734 25734 W ProxyAndroidLoggerBackend: Too many Flogger logs received before configuration. Dropping old logs.
03-15 10:58:46.464 25734 25734 I chatty  : uid=10291(com.vidure.app) identical 6 lines
03-15 10:58:46.465 25734 25734 W ProxyAndroidLoggerBackend: Too many Flogger logs received before configuration. Dropping old logs.
03-15 10:58:46.468 25734 30737 W ProxyAndroidLoggerBackend: Too many Flogger logs received before configuration. Dropping old logs.
03-15 10:58:46.469 25734 30737 I chatty  : uid=10291(com.vidure.app) identical 3 lines
03-15 10:58:46.469 25734 30737 W ProxyAndroidLoggerBackend: Too many Flogger logs received before configuration. Dropping old logs.
03-15 10:58:46.470 25734 30239 W ProxyAndroidLoggerBackend: Too many Flogger logs received before configuration. Dropping old logs.
03-15 10:58:46.475 25734 25734 W ProxyAndroidLoggerBackend: Too many Flogger logs received before configuration. Dropping old logs.
03-15 10:58:46.481 25734 30058 V [MYTAG][main][Device]: 666 dev is connected:true
03-15 10:58:46.484 25734 30058 V [MYTAG][main][CameraPreviewActivity]: rev msg1:264454
03-15 10:58:46.485 25734 30058 V [MYTAG][main][Device]: 666 dev is connected:true
03-15 10:58:46.485 25734 30058 V [MYTAG][main][CameraPreviewActivity]: rev msg1:589832
03-15 10:58:49.384 25734 30058 V [MYTAG][mail_tcp_socket][ViiSocketMailDataPhraser]: ------------mail---------------
03-15 10:58:49.384 25734 30058 V [MYTAG][mail_tcp_socket][ViiSocketMailDataPhraser]: {"msgid":"battery","info":{"capacity":84,"charge":0},"time":1773572329}
03-15 10:58:49.391 25734 30058 V [MYTAG][main][Device]: 666 dev is connected:true
03-15 10:58:49.391 25734 30273 W System  : Ignoring header sessionid because its value was null.
03-15 10:58:49.391 25734 30058 V [MYTAG][mail_tcp_socket][ViiSocketMailDataPhraser]: ------------mail---------------
03-15 10:58:49.391 25734 30058 V [MYTAG][mail_tcp_socket][ViiSocketMailDataPhraser]: {"msgid":"sd","info":{"status":0},"time":1773572329}
03-15 10:58:49.391 25734 30273 I System.out: (HTTPLog)-Static: isSBSettingEnabled false
03-15 10:58:49.392 25734 30058 V [MYTAG][mail_tcp_socket][RemoteOptor]: ----
03-15 10:58:49.392 25734 30058 V [MYTAG][mail_tcp_socket][RemoteOptor]: [CMD]DEV_SDCARD_STATUS_QUERY
03-15 10:58:49.392 25734 30058 V [MYTAG][mail_tcp_socket][RemoteOptor]: [PARAM]null
03-15 10:58:49.392 25734 30273 I System.out: (HTTPLog)-Static: isSBSettingEnabled false
03-15 10:58:49.392 25734 30058 V [MYTAG][mail_tcp_socket][HttpTransportLayer]: [HTTP SEND GET]
03-15 10:58:49.392 25734 30058 V [MYTAG][mail_tcp_socket][HttpTransportLayer]: 	 url:http://192.168.0.1:80/app/getsdinfo
03-15 10:58:49.414 25734 30058 V [MYTAG][mail_tcp_socket][HttpTransportLayer]: [HTTP RSP]
03-15 10:58:49.414 25734 30058 V [MYTAG][mail_tcp_socket][HttpTransportLayer]: 	 errcode:0
03-15 10:58:49.414 25734 30058 V [MYTAG][mail_tcp_socket][HttpTransportLayer]: 	[content]{"result":0,"info":{"status":0,"free":290,"total":1883}}
03-15 10:58:49.414 25734 30058 V [MYTAG][mail_tcp_socket][HttpTransportLayer]: -----------------------------------------
03-15 10:58:49.437 25734 25734 W ProxyAndroidLoggerBackend: Too many Flogger logs received before configuration. Dropping old logs.
03-15 10:58:49.450 25734 25734 I chatty  : uid=10291(com.vidure.app) identical 6 lines
03-15 10:58:49.451 25734 25734 W ProxyAndroidLoggerBackend: Too many Flogger logs received before configuration. Dropping old logs.
03-15 10:58:49.461 25734 30239 W ProxyAndroidLoggerBackend: Too many Flogger logs received before configuration. Dropping old logs.
03-15 10:58:49.463 25734 25734 W ProxyAndroidLoggerBackend: Too many Flogger logs received before configuration. Dropping old logs.
03-15 10:58:49.468 25734 30058 V [MYTAG][main][Device]: 666 dev is connected:true
03-15 10:58:49.468 25734 30058 V [MYTAG][main][CameraPreviewActivity]: rev msg1:264454
03-15 10:58:49.468 25734 30058 V [MYTAG][main][Device]: 666 dev is connected:true
03-15 10:58:49.468 25734 30058 V [MYTAG][main][CameraPreviewActivity]: rev msg1:589832
03-15 10:58:49.663 25734 30274 W System  : Ignoring header sessionid because its value was null.
03-15 10:58:49.664 25734 30274 I System.out: (HTTPLog)-Static: isSBSettingEnabled false
03-15 10:58:49.664 25734 30274 I System.out: (HTTPLog)-Static: isSBSettingEnabled false
03-15 10:58:49.666 25734 30058 V [MYTAG][HeartbeatMgr][RemoteOptor]: ----
03-15 10:58:49.666 25734 30058 V [MYTAG][HeartbeatMgr][RemoteOptor]: [CMD]Basic_Msg_MailBox
03-15 10:58:49.666 25734 30058 V [MYTAG][HeartbeatMgr][RemoteOptor]: [PARAM]null
03-15 10:58:49.666 25734 30058 V [MYTAG][HeartbeatMgr][HttpTransportLayer]: [HTTP SEND GET]
03-15 10:58:49.666 25734 30058 V [MYTAG][HeartbeatMgr][HttpTransportLayer]: 	 url:http://192.168.0.1:80/app/getparamvalue?param=rec
03-15 10:58:49.693 25734 30058 V [MYTAG][HeartbeatMgr][HttpTransportLayer]: [HTTP RSP]
03-15 10:58:49.693 25734 30058 V [MYTAG][HeartbeatMgr][HttpTransportLayer]: 	 errcode:0
03-15 10:58:49.693 25734 30058 V [MYTAG][HeartbeatMgr][HttpTransportLayer]: 	[content]{"result":0,"info":{"value":0}}
03-15 10:58:49.693 25734 30058 V [MYTAG][HeartbeatMgr][HttpTransportLayer]: -----------------------------------------
03-15 10:58:50.020 25734 30239 W ProxyAndroidLoggerBackend: Too many Flogger logs received before configuration. Dropping old logs.
03-15 10:58:50.050 25734 30736 W ProxyAndroidLoggerBackend: Too many Flogger logs received before configuration. Dropping old logs.
03-15 10:58:52.396 25734 30058 V [MYTAG][mail_tcp_socket][ViiSocketMailDataPhraser]: ------------mail---------------
03-15 10:58:52.396 25734 30058 V [MYTAG][mail_tcp_socket][ViiSocketMailDataPhraser]: {"msgid":"battery","info":{"capacity":84,"charge":0},"time":1773572332}
03-15 10:58:52.398 25734 30058 V [MYTAG][mail_tcp_socket][ViiSocketMailDataPhraser]: ------------mail---------------
03-15 10:58:52.398 25734 30058 V [MYTAG][mail_tcp_socket][ViiSocketMailDataPhraser]: {"msgid":"sd","info":{"status":0},"time":1773572332}
03-15 10:58:52.398 25734 30273 W System  : Ignoring header sessionid because its value was null.
03-15 10:58:52.398 25734 30058 V [MYTAG][mail_tcp_socket][RemoteOptor]: ----
03-15 10:58:52.398 25734 30058 V [MYTAG][mail_tcp_socket][RemoteOptor]: [CMD]DEV_SDCARD_STATUS_QUERY
03-15 10:58:52.398 25734 30058 V [MYTAG][mail_tcp_socket][RemoteOptor]: [PARAM]null
03-15 10:58:52.401 25734 30273 I System.out: (HTTPLog)-Static: isSBSettingEnabled false
03-15 10:58:52.401 25734 30273 I System.out: (HTTPLog)-Static: isSBSettingEnabled false
03-15 10:58:52.407 25734 30058 V [MYTAG][mail_tcp_socket][HttpTransportLayer]: [HTTP SEND GET]
03-15 10:58:52.407 25734 30058 V [MYTAG][mail_tcp_socket][HttpTransportLayer]: 	 url:http://192.168.0.1:80/app/getsdinfo
03-15 10:58:52.408 25734 30058 V [MYTAG][main][Device]: 666 dev is connected:true
03-15 10:58:52.430 25734 30058 V [MYTAG][mail_tcp_socket][HttpTransportLayer]: [HTTP RSP]
03-15 10:58:52.430 25734 30058 V [MYTAG][mail_tcp_socket][HttpTransportLayer]: 	 errcode:0
03-15 10:58:52.430 25734 30058 V [MYTAG][mail_tcp_socket][HttpTransportLayer]: 	[content]{"result":0,"info":{"status":0,"free":290,"total":1883}}
03-15 10:58:52.430 25734 30058 V [MYTAG][mail_tcp_socket][HttpTransportLayer]: -----------------------------------------
03-15 10:58:52.435 25734 25734 W ProxyAndroidLoggerBackend: Too many Flogger logs received before configuration. Dropping old logs.
03-15 10:58:52.445 25734 25734 I chatty  : uid=10291(com.vidure.app) identical 6 lines
03-15 10:58:52.445 25734 25734 W ProxyAndroidLoggerBackend: Too many Flogger logs received before configuration. Dropping old logs.
03-15 10:58:52.452 25734 30736 W ProxyAndroidLoggerBackend: Too many Flogger logs received before configuration. Dropping old logs.
03-15 10:58:52.452 25734 30736 W ProxyAndroidLoggerBackend: Too many Flogger logs received before configuration. Dropping old logs.
03-15 10:58:52.453 25734 25734 W ProxyAndroidLoggerBackend: Too many Flogger logs received before configuration. Dropping old logs.
03-15 10:58:52.461 25734 30058 V [MYTAG][main][Device]: 666 dev is connected:true
03-15 10:58:52.463 25734 30058 V [MYTAG][main][CameraPreviewActivity]: rev msg1:264454
03-15 10:58:52.463 25734 30058 V [MYTAG][main][Device]: 666 dev is connected:true
03-15 10:58:52.464 25734 30058 V [MYTAG][main][CameraPreviewActivity]: rev msg1:589832
03-15 10:58:53.665 25734 30058 V [MYTAG][HeartbeatMgr][RemoteOptor]: ----
03-15 10:58:53.665 25734 30058 V [MYTAG][HeartbeatMgr][RemoteOptor]: [CMD]Basic_Msg_MailBox
03-15 10:58:53.665 25734 30058 V [MYTAG][HeartbeatMgr][RemoteOptor]: [PARAM]null
03-15 10:58:53.666 25734 30274 W System  : Ignoring header sessionid because its value was null.
03-15 10:58:53.667 25734 30058 V [MYTAG][HeartbeatMgr][HttpTransportLayer]: [HTTP SEND GET]
03-15 10:58:53.667 25734 30058 V [MYTAG][HeartbeatMgr][HttpTransportLayer]: 	 url:http://192.168.0.1:80/app/getparamvalue?param=rec
03-15 10:58:53.667 25734 30274 I System.out: (HTTPLog)-Static: isSBSettingEnabled false
03-15 10:58:53.668 25734 30274 I System.out: (HTTPLog)-Static: isSBSettingEnabled false
03-15 10:58:53.692 25734 30058 V [MYTAG][HeartbeatMgr][HttpTransportLayer]: [HTTP RSP]
03-15 10:58:53.692 25734 30058 V [MYTAG][HeartbeatMgr][HttpTransportLayer]: 	 errcode:0
03-15 10:58:53.692 25734 30058 V [MYTAG][HeartbeatMgr][HttpTransportLayer]: 	[content]{"result":0,"info":{"value":0}}
03-15 10:58:53.692 25734 30058 V [MYTAG][HeartbeatMgr][HttpTransportLayer]: -----------------------------------------
03-15 10:58:55.408 25734 30058 V [MYTAG][mail_tcp_socket][ViiSocketMailDataPhraser]: ------------mail---------------
03-15 10:58:55.408 25734 30058 V [MYTAG][mail_tcp_socket][ViiSocketMailDataPhraser]: {"msgid":"battery","info":{"capacity":84,"charge":0},"time":1773572335}
03-15 10:58:55.410 25734 30058 V [MYTAG][mail_tcp_socket][ViiSocketMailDataPhraser]: ------------mail---------------
03-15 10:58:55.410 25734 30058 V [MYTAG][mail_tcp_socket][ViiSocketMailDataPhraser]: {"msgid":"sd","info":{"status":0},"time":1773572335}
03-15 10:58:55.411 25734 30273 W System  : Ignoring header sessionid because its value was null.
03-15 10:58:55.411 25734 30273 I System.out: (HTTPLog)-Static: isSBSettingEnabled false
03-15 10:58:55.411 25734 30058 V [MYTAG][mail_tcp_socket][RemoteOptor]: ----
03-15 10:58:55.411 25734 30058 V [MYTAG][mail_tcp_socket][RemoteOptor]: [CMD]DEV_SDCARD_STATUS_QUERY
03-15 10:58:55.411 25734 30058 V [MYTAG][mail_tcp_socket][RemoteOptor]: [PARAM]null
03-15 10:58:55.411 25734 30273 I System.out: (HTTPLog)-Static: isSBSettingEnabled false
03-15 10:58:55.411 25734 30058 V [MYTAG][mail_tcp_socket][HttpTransportLayer]: [HTTP SEND GET]
03-15 10:58:55.411 25734 30058 V [MYTAG][mail_tcp_socket][HttpTransportLayer]: 	 url:http://192.168.0.1:80/app/getsdinfo
03-15 10:58:55.413 25734 30058 V [MYTAG][main][Device]: 666 dev is connected:true
03-15 10:58:55.440 25734 30058 V [MYTAG][mail_tcp_socket][HttpTransportLayer]: [HTTP RSP]
03-15 10:58:55.440 25734 30058 V [MYTAG][mail_tcp_socket][HttpTransportLayer]: 	 errcode:0
03-15 10:58:55.440 25734 30058 V [MYTAG][mail_tcp_socket][HttpTransportLayer]: 	[content]{"result":0,"info":{"status":0,"free":290,"total":1883}}
03-15 10:58:55.440 25734 30058 V [MYTAG][mail_tcp_socket][HttpTransportLayer]: -----------------------------------------
03-15 10:58:55.440 25734 25734 W ProxyAndroidLoggerBackend: Too many Flogger logs received before configuration. Dropping old logs.
03-15 10:58:55.451 25734 25734 I chatty  : uid=10291(com.vidure.app) identical 6 lines
03-15 10:58:55.452 25734 25734 W ProxyAndroidLoggerBackend: Too many Flogger logs received before configuration. Dropping old logs.
03-15 10:58:55.457 25734 30239 W ProxyAndroidLoggerBackend: Too many Flogger logs received before configuration. Dropping old logs.
03-15 10:58:55.458 25734 25734 W ProxyAndroidLoggerBackend: Too many Flogger logs received before configuration. Dropping old logs.
03-15 10:58:55.462 25734 30058 V [MYTAG][main][Device]: 666 dev is connected:true
03-15 10:58:55.463 25734 30058 V [MYTAG][main][CameraPreviewActivity]: rev msg1:264454
03-15 10:58:55.464 25734 30058 V [MYTAG][main][Device]: 666 dev is connected:true
03-15 10:58:55.464 25734 30058 V [MYTAG][main][CameraPreviewActivity]: rev msg1:589832
03-15 10:58:57.666 25734 30058 V [MYTAG][HeartbeatMgr][RemoteOptor]: ----
03-15 10:58:57.666 25734 30058 V [MYTAG][HeartbeatMgr][RemoteOptor]: [CMD]Basic_Msg_MailBox
03-15 10:58:57.666 25734 30058 V [MYTAG][HeartbeatMgr][RemoteOptor]: [PARAM]null
03-15 10:58:57.666 25734 30274 W System  : Ignoring header sessionid because its value was null.
03-15 10:58:57.667 25734 30274 I System.out: (HTTPLog)-Static: isSBSettingEnabled false
03-15 10:58:57.667 25734 30274 I System.out: (HTTPLog)-Static: isSBSettingEnabled false
03-15 10:58:57.667 25734 30058 V [MYTAG][HeartbeatMgr][HttpTransportLayer]: [HTTP SEND GET]
03-15 10:58:57.667 25734 30058 V [MYTAG][HeartbeatMgr][HttpTransportLayer]: 	 url:http://192.168.0.1:80/app/getparamvalue?param=rec
03-15 10:58:57.691 25734 30058 V [MYTAG][HeartbeatMgr][HttpTransportLayer]: [HTTP RSP]
03-15 10:58:57.691 25734 30058 V [MYTAG][HeartbeatMgr][HttpTransportLayer]: 	 errcode:0
03-15 10:58:57.691 25734 30058 V [MYTAG][HeartbeatMgr][HttpTransportLayer]: 	[content]{"result":0,"info":{"value":0}}
03-15 10:58:57.691 25734 30058 V [MYTAG][HeartbeatMgr][HttpTransportLayer]: -----------------------------------------
03-15 10:58:58.417 25734 30058 V [MYTAG][mail_tcp_socket][ViiSocketMailDataPhraser]: ------------mail---------------
03-15 10:58:58.417 25734 30058 V [MYTAG][mail_tcp_socket][ViiSocketMailDataPhraser]: {"msgid":"battery","info":{"capacity":84,"charge":0},"time":1773572338}
03-15 10:58:58.419 25734 30273 W System  : Ignoring header sessionid because its value was null.
03-15 10:58:58.420 25734 30058 V [MYTAG][mail_tcp_socket][ViiSocketMailDataPhraser]: ------------mail---------------
03-15 10:58:58.420 25734 30058 V [MYTAG][mail_tcp_socket][ViiSocketMailDataPhraser]: {"msgid":"sd","info":{"status":0},"time":1773572338}
03-15 10:58:58.421 25734 30058 V [MYTAG][mail_tcp_socket][RemoteOptor]: ----
03-15 10:58:58.421 25734 30058 V [MYTAG][mail_tcp_socket][RemoteOptor]: [CMD]DEV_SDCARD_STATUS_QUERY
03-15 10:58:58.421 25734 30058 V [MYTAG][mail_tcp_socket][RemoteOptor]: [PARAM]null
03-15 10:58:58.421 25734 30058 V [MYTAG][mail_tcp_socket][HttpTransportLayer]: [HTTP SEND GET]
03-15 10:58:58.421 25734 30058 V [MYTAG][mail_tcp_socket][HttpTransportLayer]: 	 url:http://192.168.0.1:80/app/getsdinfo
03-15 10:58:58.421 25734 30273 I System.out: (HTTPLog)-Static: isSBSettingEnabled false
03-15 10:58:58.421 25734 30273 I System.out: (HTTPLog)-Static: isSBSettingEnabled false
03-15 10:58:58.428 25734 30058 V [MYTAG][main][Device]: 666 dev is connected:true
03-15 10:58:58.473 25734 30058 V [MYTAG][mail_tcp_socket][HttpTransportLayer]: [HTTP RSP]
03-15 10:58:58.473 25734 30058 V [MYTAG][mail_tcp_socket][HttpTransportLayer]: 	 errcode:0
03-15 10:58:58.473 25734 30058 V [MYTAG][mail_tcp_socket][HttpTransportLayer]: 	[content]{"result":0,"info":{"status":0,"free":290,"total":1883}}
03-15 10:58:58.473 25734 30058 V [MYTAG][mail_tcp_socket][HttpTransportLayer]: -----------------------------------------
03-15 10:58:58.484 25734 25734 W ProxyAndroidLoggerBackend: Too many Flogger logs received before configuration. Dropping old logs.
03-15 10:58:58.497 25734 25734 I chatty  : uid=10291(com.vidure.app) identical 6 lines
03-15 10:58:58.497 25734 25734 W ProxyAndroidLoggerBackend: Too many Flogger logs received before configuration. Dropping old logs.
03-15 10:58:58.504 25734 30737 W ProxyAndroidLoggerBackend: Too many Flogger logs received before configuration. Dropping old logs.
03-15 10:58:58.505 25734 30737 I chatty  : uid=10291(com.vidure.app) identical 2 lines
03-15 10:58:58.505 25734 30737 W ProxyAndroidLoggerBackend: Too many Flogger logs received before configuration. Dropping old logs.
03-15 10:58:58.509 25734 25734 W ProxyAndroidLoggerBackend: Too many Flogger logs received before configuration. Dropping old logs.
03-15 10:58:58.512 25734 30058 V [MYTAG][main][Device]: 666 dev is connected:true
03-15 10:58:58.514 25734 30058 V [MYTAG][main][CameraPreviewActivity]: rev msg1:264454
03-15 10:58:58.514 25734 30058 V [MYTAG][main][Device]: 666 dev is connected:true
03-15 10:58:58.514 25734 30058 V [MYTAG][main][CameraPreviewActivity]: rev msg1:589832
03-15 10:59:01.425 25734 30058 V [MYTAG][mail_tcp_socket][ViiSocketMailDataPhraser]: ------------mail---------------
03-15 10:59:01.425 25734 30058 V [MYTAG][mail_tcp_socket][ViiSocketMailDataPhraser]: {"msgid":"battery","info":{"capacity":84,"charge":0},"time":1773572341}
03-15 10:59:01.429 25734 30273 W System  : Ignoring header sessionid because its value was null.
03-15 10:59:01.429 25734 30058 V [MYTAG][mail_tcp_socket][ViiSocketMailDataPhraser]: ------------mail---------------
03-15 10:59:01.429 25734 30058 V [MYTAG][mail_tcp_socket][ViiSocketMailDataPhraser]: {"msgid":"sd","info":{"status":0},"time":1773572341}
03-15 10:59:01.429 25734 30058 V [MYTAG][mail_tcp_socket][RemoteOptor]: ----
03-15 10:59:01.429 25734 30058 V [MYTAG][mail_tcp_socket][RemoteOptor]: [CMD]DEV_SDCARD_STATUS_QUERY
03-15 10:59:01.429 25734 30058 V [MYTAG][mail_tcp_socket][RemoteOptor]: [PARAM]null
03-15 10:59:01.430 25734 30273 I System.out: (HTTPLog)-Static: isSBSettingEnabled false
03-15 10:59:01.430 25734 30273 I System.out: (HTTPLog)-Static: isSBSettingEnabled false
03-15 10:59:01.431 25734 30058 V [MYTAG][mail_tcp_socket][HttpTransportLayer]: [HTTP SEND GET]
03-15 10:59:01.431 25734 30058 V [MYTAG][mail_tcp_socket][HttpTransportLayer]: 	 url:http://192.168.0.1:80/app/getsdinfo
03-15 10:59:01.431 25734 30058 V [MYTAG][main][Device]: 666 dev is connected:true
03-15 10:59:01.450 25734 30058 V [MYTAG][mail_tcp_socket][HttpTransportLayer]: [HTTP RSP]
03-15 10:59:01.450 25734 30058 V [MYTAG][mail_tcp_socket][HttpTransportLayer]: 	 errcode:0
03-15 10:59:01.450 25734 30058 V [MYTAG][mail_tcp_socket][HttpTransportLayer]: 	[content]{"result":0,"info":{"status":0,"free":290,"total":1883}}
03-15 10:59:01.450 25734 30058 V [MYTAG][mail_tcp_socket][HttpTransportLayer]: -----------------------------------------
03-15 10:59:01.467 25734 25734 W ProxyAndroidLoggerBackend: Too many Flogger logs received before configuration. Dropping old logs.
03-15 10:59:01.477 25734 25734 I chatty  : uid=10291(com.vidure.app) identical 7 lines
03-15 10:59:01.484 25734 25734 W ProxyAndroidLoggerBackend: Too many Flogger logs received before configuration. Dropping old logs.
03-15 10:59:01.488 25734 30058 V [MYTAG][main][Device]: 666 dev is connected:true
03-15 10:59:01.489 25734 30058 V [MYTAG][main][CameraPreviewActivity]: rev msg1:264454
03-15 10:59:01.489 25734 30058 V [MYTAG][main][Device]: 666 dev is connected:true
03-15 10:59:01.490 25734 30058 V [MYTAG][main][CameraPreviewActivity]: rev msg1:589832
03-15 10:59:01.665 25734 30274 W System  : Ignoring header sessionid because its value was null.
03-15 10:59:01.665 25734 30274 I System.out: (HTTPLog)-Static: isSBSettingEnabled false
03-15 10:59:01.666 25734 30274 I System.out: (HTTPLog)-Static: isSBSettingEnabled false
03-15 10:59:01.667 25734 30058 V [MYTAG][HeartbeatMgr][RemoteOptor]: ----
03-15 10:59:01.667 25734 30058 V [MYTAG][HeartbeatMgr][RemoteOptor]: [CMD]Basic_Msg_MailBox
03-15 10:59:01.667 25734 30058 V [MYTAG][HeartbeatMgr][RemoteOptor]: [PARAM]null
03-15 10:59:01.667 25734 30058 V [MYTAG][HeartbeatMgr][HttpTransportLayer]: [HTTP SEND GET]
03-15 10:59:01.667 25734 30058 V [MYTAG][HeartbeatMgr][HttpTransportLayer]: 	 url:http://192.168.0.1:80/app/getparamvalue?param=rec
03-15 10:59:01.695 25734 30058 V [MYTAG][HeartbeatMgr][HttpTransportLayer]: [HTTP RSP]
03-15 10:59:01.695 25734 30058 V [MYTAG][HeartbeatMgr][HttpTransportLayer]: 	 errcode:0
03-15 10:59:01.695 25734 30058 V [MYTAG][HeartbeatMgr][HttpTransportLayer]: 	[content]{"result":0,"info":{"value":0}}
03-15 10:59:01.695 25734 30058 V [MYTAG][HeartbeatMgr][HttpTransportLayer]: -----------------------------------------
03-15 10:59:04.434 25734 30058 V [MYTAG][mail_tcp_socket][ViiSocketMailDataPhraser]: ------------mail---------------
03-15 10:59:04.434 25734 30058 V [MYTAG][mail_tcp_socket][ViiSocketMailDataPhraser]: {"msgid":"battery","info":{"capacity":84,"charge":0},"time":1773572344}
03-15 10:59:04.439 25734 30058 V [MYTAG][main][Device]: 666 dev is connected:true
03-15 10:59:04.440 25734 30273 W System  : Ignoring header sessionid because its value was null.
03-15 10:59:04.441 25734 30273 I System.out: (HTTPLog)-Static: isSBSettingEnabled false
03-15 10:59:04.441 25734 30273 I System.out: (HTTPLog)-Static: isSBSettingEnabled false
03-15 10:59:04.441 25734 30058 V [MYTAG][mail_tcp_socket][ViiSocketMailDataPhraser]: ------------mail---------------
03-15 10:59:04.441 25734 30058 V [MYTAG][mail_tcp_socket][ViiSocketMailDataPhraser]: {"msgid":"sd","info":{"status":0},"time":1773572344}
03-15 10:59:04.441 25734 30058 V [MYTAG][mail_tcp_socket][RemoteOptor]: ----
03-15 10:59:04.441 25734 30058 V [MYTAG][mail_tcp_socket][RemoteOptor]: [CMD]DEV_SDCARD_STATUS_QUERY
03-15 10:59:04.441 25734 30058 V [MYTAG][mail_tcp_socket][RemoteOptor]: [PARAM]null
03-15 10:59:04.441 25734 30058 V [MYTAG][mail_tcp_socket][HttpTransportLayer]: [HTTP SEND GET]
03-15 10:59:04.441 25734 30058 V [MYTAG][mail_tcp_socket][HttpTransportLayer]: 	 url:http://192.168.0.1:80/app/getsdinfo
03-15 10:59:04.460 25734 30058 V [MYTAG][mail_tcp_socket][HttpTransportLayer]: [HTTP RSP]
03-15 10:59:04.460 25734 30058 V [MYTAG][mail_tcp_socket][HttpTransportLayer]: 	 errcode:0
03-15 10:59:04.460 25734 30058 V [MYTAG][mail_tcp_socket][HttpTransportLayer]: 	[content]{"result":0,"info":{"status":0,"free":290,"total":1883}}
03-15 10:59:04.460 25734 30058 V [MYTAG][mail_tcp_socket][HttpTransportLayer]: -----------------------------------------
03-15 10:59:04.472 25734 25734 W ProxyAndroidLoggerBackend: Too many Flogger logs received before configuration. Dropping old logs.
03-15 10:59:04.489 25734 25734 I chatty  : uid=10291(com.vidure.app) identical 6 lines
03-15 10:59:04.493 25734 25734 W ProxyAndroidLoggerBackend: Too many Flogger logs received before configuration. Dropping old logs.
03-15 10:59:04.499 25734 30814 W ProxyAndroidLoggerBackend: Too many Flogger logs received before configuration. Dropping old logs.
03-15 10:59:04.500 25734 30814 W ProxyAndroidLoggerBackend: Too many Flogger logs received before configuration. Dropping old logs.
03-15 10:59:04.502 25734 30737 W ProxyAndroidLoggerBackend: Too many Flogger logs received before configuration. Dropping old logs.
03-15 10:59:04.507 25734 25734 W ProxyAndroidLoggerBackend: Too many Flogger logs received before configuration. Dropping old logs.
03-15 10:59:04.512 25734 30058 V [MYTAG][main][Device]: 666 dev is connected:true
03-15 10:59:04.515 25734 30058 V [MYTAG][main][CameraPreviewActivity]: rev msg1:264454
03-15 10:59:04.515 25734 30058 V [MYTAG][main][Device]: 666 dev is connected:true
03-15 10:59:04.516 25734 30058 V [MYTAG][main][CameraPreviewActivity]: rev msg1:589832
03-15 10:59:05.666 25734 30274 W System  : Ignoring header sessionid because its value was null.
03-15 10:59:05.666 25734 30058 V [MYTAG][HeartbeatMgr][RemoteOptor]: ----
03-15 10:59:05.666 25734 30058 V [MYTAG][HeartbeatMgr][RemoteOptor]: [CMD]Basic_Msg_MailBox
03-15 10:59:05.666 25734 30058 V [MYTAG][HeartbeatMgr][RemoteOptor]: [PARAM]null
03-15 10:59:05.666 25734 30058 V [MYTAG][HeartbeatMgr][HttpTransportLayer]: [HTTP SEND GET]
03-15 10:59:05.666 25734 30058 V [MYTAG][HeartbeatMgr][HttpTransportLayer]: 	 url:http://192.168.0.1:80/app/getparamvalue?param=rec
03-15 10:59:05.667 25734 30274 I System.out: (HTTPLog)-Static: isSBSettingEnabled false
03-15 10:59:05.667 25734 30274 I System.out: (HTTPLog)-Static: isSBSettingEnabled false
03-15 10:59:05.697 25734 30058 V [MYTAG][HeartbeatMgr][HttpTransportLayer]: [HTTP RSP]
03-15 10:59:05.697 25734 30058 V [MYTAG][HeartbeatMgr][HttpTransportLayer]: 	 errcode:0
03-15 10:59:05.697 25734 30058 V [MYTAG][HeartbeatMgr][HttpTransportLayer]: 	[content]{"result":0,"info":{"value":0}}
03-15 10:59:05.697 25734 30058 V [MYTAG][HeartbeatMgr][HttpTransportLayer]: -----------------------------------------
03-15 10:59:07.445 25734 30058 V [MYTAG][mail_tcp_socket][ViiSocketMailDataPhraser]: ------------mail---------------
03-15 10:59:07.445 25734 30058 V [MYTAG][mail_tcp_socket][ViiSocketMailDataPhraser]: {"msgid":"battery","info":{"capacity":84,"charge":0},"time":1773572347}
03-15 10:59:07.447 25734 30058 V [MYTAG][mail_tcp_socket][ViiSocketMailDataPhraser]: ------------mail---------------
03-15 10:59:07.447 25734 30058 V [MYTAG][mail_tcp_socket][ViiSocketMailDataPhraser]: {"msgid":"sd","info":{"status":0},"time":1773572347}
03-15 10:59:07.448 25734 30273 W System  : Ignoring header sessionid because its value was null.
03-15 10:59:07.448 25734 30273 I System.out: (HTTPLog)-Static: isSBSettingEnabled false
03-15 10:59:07.448 25734 30058 V [MYTAG][mail_tcp_socket][RemoteOptor]: ----
03-15 10:59:07.448 25734 30058 V [MYTAG][mail_tcp_socket][RemoteOptor]: [CMD]DEV_SDCARD_STATUS_QUERY
03-15 10:59:07.448 25734 30058 V [MYTAG][mail_tcp_socket][RemoteOptor]: [PARAM]null
03-15 10:59:07.448 25734 30058 V [MYTAG][mail_tcp_socket][HttpTransportLayer]: [HTTP SEND GET]
03-15 10:59:07.448 25734 30058 V [MYTAG][mail_tcp_socket][HttpTransportLayer]: 	 url:http://192.168.0.1:80/app/getsdinfo
03-15 10:59:07.448 25734 30273 I System.out: (HTTPLog)-Static: isSBSettingEnabled false
03-15 10:59:07.451 25734 30058 V [MYTAG][main][Device]: 666 dev is connected:true
03-15 10:59:07.477 25734 25734 W ProxyAndroidLoggerBackend: Too many Flogger logs received before configuration. Dropping old logs.
03-15 10:59:07.484 25734 25734 I chatty  : uid=10291(com.vidure.app) identical 3 lines
03-15 10:59:07.487 25734 25734 W ProxyAndroidLoggerBackend: Too many Flogger logs received before configuration. Dropping old logs.
03-15 10:59:07.487 25734 30058 V [MYTAG][mail_tcp_socket][HttpTransportLayer]: [HTTP RSP]
03-15 10:59:07.487 25734 30058 V [MYTAG][mail_tcp_socket][HttpTransportLayer]: 	 errcode:0
03-15 10:59:07.487 25734 30058 V [MYTAG][mail_tcp_socket][HttpTransportLayer]: 	[content]{"result":0,"info":{"status":0,"free":290,"total":1883}}
03-15 10:59:07.487 25734 30058 V [MYTAG][mail_tcp_socket][HttpTransportLayer]: -----------------------------------------
03-15 10:59:07.488 25734 25734 W ProxyAndroidLoggerBackend: Too many Flogger logs received before configuration. Dropping old logs.
03-15 10:59:07.489 25734 25734 I chatty  : uid=10291(com.vidure.app) identical 2 lines
03-15 10:59:07.496 25734 25734 W ProxyAndroidLoggerBackend: Too many Flogger logs received before configuration. Dropping old logs.
03-15 10:59:07.498 25734 30737 W ProxyAndroidLoggerBackend: Too many Flogger logs received before configuration. Dropping old logs.
03-15 10:59:07.502 25734 30058 V [MYTAG][main][Device]: 666 dev is connected:true
03-15 10:59:07.504 25734 30058 V [MYTAG][main][CameraPreviewActivity]: rev msg1:264454
03-15 10:59:07.504 25734 30058 V [MYTAG][main][Device]: 666 dev is connected:true
03-15 10:59:07.504 25734 30058 V [MYTAG][main][CameraPreviewActivity]: rev msg1:589832
03-15 10:59:09.666 25734 30058 V [MYTAG][HeartbeatMgr][RemoteOptor]: ----
03-15 10:59:09.666 25734 30058 V [MYTAG][HeartbeatMgr][RemoteOptor]: [CMD]Basic_Msg_MailBox
03-15 10:59:09.666 25734 30058 V [MYTAG][HeartbeatMgr][RemoteOptor]: [PARAM]null
03-15 10:59:09.666 25734 30274 W System  : Ignoring header sessionid because its value was null.
03-15 10:59:09.667 25734 30274 I System.out: (HTTPLog)-Static: isSBSettingEnabled false
03-15 10:59:09.667 25734 30274 I System.out: (HTTPLog)-Static: isSBSettingEnabled false
03-15 10:59:09.668 25734 30058 V [MYTAG][HeartbeatMgr][HttpTransportLayer]: [HTTP SEND GET]
03-15 10:59:09.668 25734 30058 V [MYTAG][HeartbeatMgr][HttpTransportLayer]: 	 url:http://192.168.0.1:80/app/getparamvalue?param=rec
03-15 10:59:09.692 25734 30058 V [MYTAG][HeartbeatMgr][HttpTransportLayer]: [HTTP RSP]
03-15 10:59:09.692 25734 30058 V [MYTAG][HeartbeatMgr][HttpTransportLayer]: 	 errcode:0
03-15 10:59:09.692 25734 30058 V [MYTAG][HeartbeatMgr][HttpTransportLayer]: 	[content]{"result":0,"info":{"value":0}}
03-15 10:59:09.692 25734 30058 V [MYTAG][HeartbeatMgr][HttpTransportLayer]: -----------------------------------------
03-15 10:59:10.456 25734 30058 V [MYTAG][mail_tcp_socket][ViiSocketMailDataPhraser]: ------------mail---------------
03-15 10:59:10.456 25734 30058 V [MYTAG][mail_tcp_socket][ViiSocketMailDataPhraser]: {"msgid":"battery","info":{"capacity":84,"charge":0},"time":1773572350}
03-15 10:59:10.460 25734 30273 W System  : Ignoring header sessionid because its value was null.
03-15 10:59:10.460 25734 30273 I System.out: (HTTPLog)-Static: isSBSettingEnabled false
03-15 10:59:10.460 25734 30273 I System.out: (HTTPLog)-Static: isSBSettingEnabled false
03-15 10:59:10.462 25734 30058 V [MYTAG][main][Device]: 666 dev is connected:true
03-15 10:59:10.462 25734 30058 V [MYTAG][mail_tcp_socket][ViiSocketMailDataPhraser]: ------------mail---------------
