03-15 10:56:33.879 25734 30058 V [MYTAG][mail_tcp_socket][HttpTransportLayer]: [HTTP RSP]
03-15 10:56:33.879 25734 30058 V [MYTAG][mail_tcp_socket][HttpTransportLayer]: 	 errcode:0
03-15 10:56:33.879 25734 30058 V [MYTAG][mail_tcp_socket][HttpTransportLayer]: 	[content]{"result":0,"info":{"status":0,"free":276,"total":1883}}
03-15 10:56:33.879 25734 30058 V [MYTAG][mail_tcp_socket][HttpTransportLayer]: -----------------------------------------
03-15 10:56:33.930 25734 25734 W ProxyAndroidLoggerBackend: Too many Flogger logs received before configuration. Dropping old logs.
03-15 10:56:33.944 25734 25734 I chatty  : uid=10291(com.vidure.app) identical 6 lines
03-15 10:56:33.945 25734 25734 W ProxyAndroidLoggerBackend: Too many Flogger logs received before configuration. Dropping old logs.
03-15 10:56:33.960 25734 30239 W ProxyAndroidLoggerBackend: Too many Flogger logs received before configuration. Dropping old logs.
03-15 10:56:33.961 25734 30239 W ProxyAndroidLoggerBackend: Too many Flogger logs received before configuration. Dropping old logs.
03-15 10:56:33.962 25734 30238 W ProxyAndroidLoggerBackend: Too many Flogger logs received before configuration. Dropping old logs.
03-15 10:56:33.963 25734 30240 W ProxyAndroidLoggerBackend: Too many Flogger logs received before configuration. Dropping old logs.
03-15 10:56:33.964 25734 30240 W ProxyAndroidLoggerBackend: Too many Flogger logs received before configuration. Dropping old logs.
03-15 10:56:33.965 25734 30239 W ProxyAndroidLoggerBackend: Too many Flogger logs received before configuration. Dropping old logs.
03-15 10:56:33.965 25734 30239 I chatty  : uid=10291(com.vidure.app) identical 1 line
03-15 10:56:33.966 25734 30239 W ProxyAndroidLoggerBackend: Too many Flogger logs received before configuration. Dropping old logs.
03-15 10:56:33.967 25734 30240 W ProxyAndroidLoggerBackend: Too many Flogger logs received before configuration. Dropping old logs.
03-15 10:56:33.967 25734 30240 W ProxyAndroidLoggerBackend: Too many Flogger logs received before configuration. Dropping old logs.
03-15 10:56:33.968 25734 30238 W ProxyAndroidLoggerBackend: Too many Flogger logs received before configuration. Dropping old logs.
03-15 10:56:33.968 25734 30238 W ProxyAndroidLoggerBackend: Too many Flogger logs received before configuration. Dropping old logs.
03-15 10:56:33.968 25734 25734 W ProxyAndroidLoggerBackend: Too many Flogger logs received before configuration. Dropping old logs.
03-15 10:56:33.969 25734 30238 W ProxyAndroidLoggerBackend: Too many Flogger logs received before configuration. Dropping old logs.
03-15 10:56:33.969 25734 30238 I chatty  : uid=10291(com.vidure.app) identical 2 lines
03-15 10:56:33.970 25734 30238 W ProxyAndroidLoggerBackend: Too many Flogger logs received before configuration. Dropping old logs.
03-15 10:56:33.972 25734 30240 W ProxyAndroidLoggerBackend: Too many Flogger logs received before configuration. Dropping old logs.
03-15 10:56:33.973 25734 30239 W ProxyAndroidLoggerBackend: Too many Flogger logs received before configuration. Dropping old logs.
03-15 10:56:33.977 25734 30058 V [MYTAG][main][Device]: 666 dev is connected:true
03-15 10:56:33.980 25734 30058 V [MYTAG][main][CameraPreviewActivity]: rev msg1:264454
03-15 10:56:33.980 25734 30058 V [MYTAG][main][Device]: 666 dev is connected:true
03-15 10:56:33.980 25734 30058 V [MYTAG][main][CameraPreviewActivity]: rev msg1:589832
03-15 10:56:34.507 25734 30148 I System.out: (HTTPLog)-Static: isSBSettingEnabled false
03-15 10:56:34.507 25734 30148 I System.out: (HTTPLog)-Static: isSBSettingEnabled false
03-15 10:56:36.534 25734 30148 I System.out: (HTTPLog)-Static: isSBSettingEnabled false
03-15 10:56:36.534 25734 30148 I System.out: (HTTPLog)-Static: isSBSettingEnabled false
03-15 10:56:36.849 25734 30058 V [MYTAG][mail_tcp_socket][ViiSocketMailDataPhraser]: ------------mail---------------
03-15 10:56:36.849 25734 30058 V [MYTAG][mail_tcp_socket][ViiSocketMailDataPhraser]: {"msgid":"battery","info":{"capacity":88,"charge":0},"time":1773572197}
03-15 10:56:36.855 25734 30273 W System  : Ignoring header sessionid because its value was null.
03-15 10:56:36.855 25734 30273 I System.out: (HTTPLog)-Static: isSBSettingEnabled false
03-15 10:56:36.855 25734 30273 I System.out: (HTTPLog)-Static: isSBSettingEnabled false
03-15 10:56:36.856 25734 30058 V [MYTAG][mail_tcp_socket][ViiSocketMailDataPhraser]: ------------mail---------------
03-15 10:56:36.856 25734 30058 V [MYTAG][mail_tcp_socket][ViiSocketMailDataPhraser]: {"msgid":"sd","info":{"status":0},"time":1773572197}
03-15 10:56:36.856 25734 30058 V [MYTAG][mail_tcp_socket][RemoteOptor]: ----
03-15 10:56:36.856 25734 30058 V [MYTAG][mail_tcp_socket][RemoteOptor]: [CMD]DEV_SDCARD_STATUS_QUERY
03-15 10:56:36.856 25734 30058 V [MYTAG][mail_tcp_socket][RemoteOptor]: [PARAM]null
03-15 10:56:36.861 25734 30058 V [MYTAG][main][Device]: 666 dev is connected:true
03-15 10:56:36.861 25734 30058 V [MYTAG][mail_tcp_socket][HttpTransportLayer]: [HTTP SEND GET]
03-15 10:56:36.861 25734 30058 V [MYTAG][mail_tcp_socket][HttpTransportLayer]: 	 url:http://192.168.0.1:80/app/getsdinfo
03-15 10:56:36.875 25734 30058 V [MYTAG][mail_tcp_socket][HttpTransportLayer]: [HTTP RSP]
03-15 10:56:36.875 25734 30058 V [MYTAG][mail_tcp_socket][HttpTransportLayer]: 	 errcode:0
03-15 10:56:36.875 25734 30058 V [MYTAG][mail_tcp_socket][HttpTransportLayer]: 	[content]{"result":0,"info":{"status":0,"free":273,"total":1883}}
03-15 10:56:36.875 25734 30058 V [MYTAG][mail_tcp_socket][HttpTransportLayer]: -----------------------------------------
03-15 10:56:36.882 25734 25734 W ProxyAndroidLoggerBackend: Too many Flogger logs received before configuration. Dropping old logs.
03-15 10:56:36.889 25734 25734 I chatty  : uid=10291(com.vidure.app) identical 2 lines
03-15 10:56:36.889 25734 25734 W ProxyAndroidLoggerBackend: Too many Flogger logs received before configuration. Dropping old logs.
03-15 10:56:36.893 25734 25734 W ProxyAndroidLoggerBackend: Too many Flogger logs received before configuration. Dropping old logs.
03-15 10:56:36.895 25734 25734 I chatty  : uid=10291(com.vidure.app) identical 2 lines
03-15 10:56:36.896 25734 25734 W ProxyAndroidLoggerBackend: Too many Flogger logs received before configuration. Dropping old logs.
03-15 10:56:36.901 25734 30240 W ProxyAndroidLoggerBackend: Too many Flogger logs received before configuration. Dropping old logs.
03-15 10:56:36.903 25734 30240 I chatty  : uid=10291(com.vidure.app) identical 3 lines
03-15 10:56:36.903 25734 30240 W ProxyAndroidLoggerBackend: Too many Flogger logs received before configuration. Dropping old logs.
03-15 10:56:36.904 25734 30239 W ProxyAndroidLoggerBackend: Too many Flogger logs received before configuration. Dropping old logs.
03-15 10:56:36.904 25734 30240 W ProxyAndroidLoggerBackend: Too many Flogger logs received before configuration. Dropping old logs.
03-15 10:56:36.904 25734 30238 W ProxyAndroidLoggerBackend: Too many Flogger logs received before configuration. Dropping old logs.
03-15 10:56:36.905 25734 30238 W ProxyAndroidLoggerBackend: Too many Flogger logs received before configuration. Dropping old logs.
03-15 10:56:36.905 25734 25734 W ProxyAndroidLoggerBackend: Too many Flogger logs received before configuration. Dropping old logs.
03-15 10:56:36.905 25734 30238 W ProxyAndroidLoggerBackend: Too many Flogger logs received before configuration. Dropping old logs.
03-15 10:56:36.907 25734 30238 I chatty  : uid=10291(com.vidure.app) identical 6 lines
03-15 10:56:36.907 25734 30238 W ProxyAndroidLoggerBackend: Too many Flogger logs received before configuration. Dropping old logs.
03-15 10:56:36.908 25734 30239 W ProxyAndroidLoggerBackend: Too many Flogger logs received before configuration. Dropping old logs.
03-15 10:56:36.914 25734 30058 V [MYTAG][main][Device]: 666 dev is connected:true
03-15 10:56:36.918 25734 30058 V [MYTAG][main][CameraPreviewActivity]: rev msg1:264454
03-15 10:56:36.919 25734 30058 V [MYTAG][main][Device]: 666 dev is connected:true
03-15 10:56:36.919 25734 30058 V [MYTAG][main][CameraPreviewActivity]: rev msg1:589832
03-15 10:56:37.653 25734 30274 W System  : Ignoring header sessionid because its value was null.
03-15 10:56:37.653 25734 30274 I System.out: (HTTPLog)-Static: isSBSettingEnabled false
03-15 10:56:37.653 25734 30274 I System.out: (HTTPLog)-Static: isSBSettingEnabled false
03-15 10:56:37.655 25734 30058 V [MYTAG][HeartbeatMgr][RemoteOptor]: ----
03-15 10:56:37.655 25734 30058 V [MYTAG][HeartbeatMgr][RemoteOptor]: [CMD]Basic_Msg_MailBox
03-15 10:56:37.655 25734 30058 V [MYTAG][HeartbeatMgr][RemoteOptor]: [PARAM]null
03-15 10:56:37.655 25734 30058 V [MYTAG][HeartbeatMgr][HttpTransportLayer]: [HTTP SEND GET]
03-15 10:56:37.655 25734 30058 V [MYTAG][HeartbeatMgr][HttpTransportLayer]: 	 url:http://192.168.0.1:80/app/getparamvalue?param=rec
03-15 10:56:37.675 25734 30058 V [MYTAG][HeartbeatMgr][HttpTransportLayer]: [HTTP RSP]
03-15 10:56:37.675 25734 30058 V [MYTAG][HeartbeatMgr][HttpTransportLayer]: 	 errcode:0
03-15 10:56:37.675 25734 30058 V [MYTAG][HeartbeatMgr][HttpTransportLayer]: 	[content]{"result":0,"info":{"value":1}}
03-15 10:56:37.675 25734 30058 V [MYTAG][HeartbeatMgr][HttpTransportLayer]: -----------------------------------------
03-15 10:56:38.428 25734 25747 I com.vidure.app: Background young concurrent copying GC freed 28302(4719KB) AllocSpace objects, 25(1264KB) LOS objects, 25% free, 17MB/23MB, paused 273us total 116.737ms
03-15 10:56:39.858 25734 30058 V [MYTAG][mail_tcp_socket][ViiSocketMailDataPhraser]: ------------mail---------------
03-15 10:56:39.858 25734 30058 V [MYTAG][mail_tcp_socket][ViiSocketMailDataPhraser]: {"msgid":"battery","info":{"capacity":88,"charge":0},"time":1773572200}
03-15 10:56:39.863 25734 30058 V [MYTAG][mail_tcp_socket][ViiSocketMailDataPhraser]: ------------mail---------------
03-15 10:56:39.863 25734 30058 V [MYTAG][mail_tcp_socket][ViiSocketMailDataPhraser]: {"msgid":"sd","info":{"status":0},"time":1773572200}
03-15 10:56:39.863 25734 30273 W System  : Ignoring header sessionid because its value was null.
03-15 10:56:39.864 25734 30058 V [MYTAG][mail_tcp_socket][RemoteOptor]: ----
03-15 10:56:39.864 25734 30058 V [MYTAG][mail_tcp_socket][RemoteOptor]: [CMD]DEV_SDCARD_STATUS_QUERY
03-15 10:56:39.864 25734 30058 V [MYTAG][mail_tcp_socket][RemoteOptor]: [PARAM]null
03-15 10:56:39.864 25734 30273 I System.out: (HTTPLog)-Static: isSBSettingEnabled false
03-15 10:56:39.864 25734 30273 I System.out: (HTTPLog)-Static: isSBSettingEnabled false
03-15 10:56:39.864 25734 30058 V [MYTAG][mail_tcp_socket][HttpTransportLayer]: [HTTP SEND GET]
03-15 10:56:39.864 25734 30058 V [MYTAG][mail_tcp_socket][HttpTransportLayer]: 	 url:http://192.168.0.1:80/app/getsdinfo
03-15 10:56:39.864 25734 30058 V [MYTAG][main][Device]: 666 dev is connected:true
03-15 10:56:39.894 25734 30058 V [MYTAG][mail_tcp_socket][HttpTransportLayer]: [HTTP RSP]
03-15 10:56:39.894 25734 30058 V [MYTAG][mail_tcp_socket][HttpTransportLayer]: 	 errcode:0
03-15 10:56:39.894 25734 30058 V [MYTAG][mail_tcp_socket][HttpTransportLayer]: 	[content]{"result":0,"info":{"status":0,"free":269,"total":1883}}
03-15 10:56:39.894 25734 30058 V [MYTAG][mail_tcp_socket][HttpTransportLayer]: -----------------------------------------
03-15 10:56:39.911 25734 25734 W ProxyAndroidLoggerBackend: Too many Flogger logs received before configuration. Dropping old logs.
03-15 10:56:39.924 25734 25734 I chatty  : uid=10291(com.vidure.app) identical 6 lines
03-15 10:56:39.926 25734 25734 W ProxyAndroidLoggerBackend: Too many Flogger logs received before configuration. Dropping old logs.
03-15 10:56:39.930 25734 30238 W ProxyAndroidLoggerBackend: Too many Flogger logs received before configuration. Dropping old logs.
03-15 10:56:39.931 25734 30238 I chatty  : uid=10291(com.vidure.app) identical 3 lines
03-15 10:56:39.931 25734 30238 W ProxyAndroidLoggerBackend: Too many Flogger logs received before configuration. Dropping old logs.
03-15 10:56:39.932 25734 30239 W ProxyAndroidLoggerBackend: Too many Flogger logs received before configuration. Dropping old logs.
03-15 10:56:39.935 25734 30239 I chatty  : uid=10291(com.vidure.app) identical 10 lines
03-15 10:56:39.935 25734 30239 W ProxyAndroidLoggerBackend: Too many Flogger logs received before configuration. Dropping old logs.
03-15 10:56:39.935 25734 25734 W ProxyAndroidLoggerBackend: Too many Flogger logs received before configuration. Dropping old logs.
03-15 10:56:39.935 25734 30238 W ProxyAndroidLoggerBackend: Too many Flogger logs received before configuration. Dropping old logs.
03-15 10:56:39.940 25734 30058 V [MYTAG][main][Device]: 666 dev is connected:true
03-15 10:56:39.941 25734 30058 V [MYTAG][main][CameraPreviewActivity]: rev msg1:264454
03-15 10:56:39.941 25734 30058 V [MYTAG][main][Device]: 666 dev is connected:true
03-15 10:56:39.942 25734 30058 V [MYTAG][main][CameraPreviewActivity]: rev msg1:589832
03-15 10:56:41.654 25734 30058 V [MYTAG][HeartbeatMgr][RemoteOptor]: ----
03-15 10:56:41.654 25734 30058 V [MYTAG][HeartbeatMgr][RemoteOptor]: [CMD]Basic_Msg_MailBox
03-15 10:56:41.654 25734 30058 V [MYTAG][HeartbeatMgr][RemoteOptor]: [PARAM]null
03-15 10:56:41.654 25734 30274 W System  : Ignoring header sessionid because its value was null.
03-15 10:56:41.654 25734 30274 I System.out: (HTTPLog)-Static: isSBSettingEnabled false
03-15 10:56:41.655 25734 30274 I System.out: (HTTPLog)-Static: isSBSettingEnabled false
03-15 10:56:41.656 25734 30058 V [MYTAG][HeartbeatMgr][HttpTransportLayer]: [HTTP SEND GET]
03-15 10:56:41.656 25734 30058 V [MYTAG][HeartbeatMgr][HttpTransportLayer]: 	 url:http://192.168.0.1:80/app/getparamvalue?param=rec
03-15 10:56:41.685 25734 30058 V [MYTAG][HeartbeatMgr][HttpTransportLayer]: [HTTP RSP]
03-15 10:56:41.685 25734 30058 V [MYTAG][HeartbeatMgr][HttpTransportLayer]: 	 errcode:0
03-15 10:56:41.685 25734 30058 V [MYTAG][HeartbeatMgr][HttpTransportLayer]: 	[content]{"result":0,"info":{"value":1}}
03-15 10:56:41.685 25734 30058 V [MYTAG][HeartbeatMgr][HttpTransportLayer]: -----------------------------------------
03-15 10:56:42.878 25734 30058 V [MYTAG][mail_tcp_socket][ViiSocketMailDataPhraser]: ------------mail---------------
03-15 10:56:42.878 25734 30058 V [MYTAG][mail_tcp_socket][ViiSocketMailDataPhraser]: {"msgid":"battery","info":{"capacity":86,"charge":0},"time":1773572203}
03-15 10:56:42.881 25734 30058 V [MYTAG][mail_tcp_socket][ViiSocketMailDataPhraser]: ------------mail---------------
03-15 10:56:42.881 25734 30058 V [MYTAG][mail_tcp_socket][ViiSocketMailDataPhraser]: {"msgid":"sd","info":{"status":0},"time":1773572203}
03-15 10:56:42.881 25734 30273 W System  : Ignoring header sessionid because its value was null.
03-15 10:56:42.881 25734 30058 V [MYTAG][mail_tcp_socket][RemoteOptor]: ----
03-15 10:56:42.881 25734 30058 V [MYTAG][mail_tcp_socket][RemoteOptor]: [CMD]DEV_SDCARD_STATUS_QUERY
03-15 10:56:42.881 25734 30058 V [MYTAG][mail_tcp_socket][RemoteOptor]: [PARAM]null
03-15 10:56:42.881 25734 30058 V [MYTAG][mail_tcp_socket][HttpTransportLayer]: [HTTP SEND GET]
03-15 10:56:42.881 25734 30058 V [MYTAG][mail_tcp_socket][HttpTransportLayer]: 	 url:http://192.168.0.1:80/app/getsdinfo
03-15 10:56:42.881 25734 30273 I System.out: (HTTPLog)-Static: isSBSettingEnabled false
03-15 10:56:42.882 25734 30273 I System.out: (HTTPLog)-Static: isSBSettingEnabled false
03-15 10:56:42.884 25734 30058 V [MYTAG][main][Device]: 666 dev is connected:true
03-15 10:56:42.916 25734 30058 V [MYTAG][mail_tcp_socket][HttpTransportLayer]: [HTTP RSP]
03-15 10:56:42.916 25734 30058 V [MYTAG][mail_tcp_socket][HttpTransportLayer]: 	 errcode:0
03-15 10:56:42.916 25734 30058 V [MYTAG][mail_tcp_socket][HttpTransportLayer]: 	[content]{"result":0,"info":{"status":0,"free":265,"total":1883}}
03-15 10:56:42.916 25734 30058 V [MYTAG][mail_tcp_socket][HttpTransportLayer]: -----------------------------------------
03-15 10:56:42.946 25734 25734 W ProxyAndroidLoggerBackend: Too many Flogger logs received before configuration. Dropping old logs.
03-15 10:56:42.958 25734 25734 I chatty  : uid=10291(com.vidure.app) identical 6 lines
03-15 10:56:42.960 25734 25734 W ProxyAndroidLoggerBackend: Too many Flogger logs received before configuration. Dropping old logs.
03-15 10:56:42.965 25734 30240 W ProxyAndroidLoggerBackend: Too many Flogger logs received before configuration. Dropping old logs.
03-15 10:56:42.967 25734 30240 I chatty  : uid=10291(com.vidure.app) identical 7 lines
03-15 10:56:42.968 25734 30240 W ProxyAndroidLoggerBackend: Too many Flogger logs received before configuration. Dropping old logs.
03-15 10:56:42.968 25734 30239 W ProxyAndroidLoggerBackend: Too many Flogger logs received before configuration. Dropping old logs.
03-15 10:56:42.969 25734 30238 W ProxyAndroidLoggerBackend: Too many Flogger logs received before configuration. Dropping old logs.
03-15 10:56:42.969 25734 30239 W ProxyAndroidLoggerBackend: Too many Flogger logs received before configuration. Dropping old logs.
03-15 10:56:42.969 25734 30239 W ProxyAndroidLoggerBackend: Too many Flogger logs received before configuration. Dropping old logs.
03-15 10:56:42.970 25734 30238 W ProxyAndroidLoggerBackend: Too many Flogger logs received before configuration. Dropping old logs.
03-15 10:56:42.970 25734 25734 W ProxyAndroidLoggerBackend: Too many Flogger logs received before configuration. Dropping old logs.
03-15 10:56:42.970 25734 30239 W ProxyAndroidLoggerBackend: Too many Flogger logs received before configuration. Dropping old logs.
03-15 10:56:42.970 25734 30239 W ProxyAndroidLoggerBackend: Too many Flogger logs received before configuration. Dropping old logs.
03-15 10:56:42.971 25734 30238 W ProxyAndroidLoggerBackend: Too many Flogger logs received before configuration. Dropping old logs.
03-15 10:56:42.975 25734 30240 W ProxyAndroidLoggerBackend: Too many Flogger logs received before configuration. Dropping old logs.
03-15 10:56:42.976 25734 30058 V [MYTAG][main][Device]: 666 dev is connected:true
03-15 10:56:42.980 25734 30058 V [MYTAG][main][CameraPreviewActivity]: rev msg1:264454
03-15 10:56:42.980 25734 30058 V [MYTAG][main][Device]: 666 dev is connected:true
03-15 10:56:42.981 25734 30058 V [MYTAG][main][CameraPreviewActivity]: rev msg1:589832
03-15 10:56:45.653 25734 30274 W System  : Ignoring header sessionid because its value was null.
03-15 10:56:45.654 25734 30274 I System.out: (HTTPLog)-Static: isSBSettingEnabled false
03-15 10:56:45.654 25734 30274 I System.out: (HTTPLog)-Static: isSBSettingEnabled false
03-15 10:56:45.655 25734 30058 V [MYTAG][HeartbeatMgr][RemoteOptor]: ----
03-15 10:56:45.655 25734 30058 V [MYTAG][HeartbeatMgr][RemoteOptor]: [CMD]Basic_Msg_MailBox
03-15 10:56:45.655 25734 30058 V [MYTAG][HeartbeatMgr][RemoteOptor]: [PARAM]null
03-15 10:56:45.655 25734 30058 V [MYTAG][HeartbeatMgr][HttpTransportLayer]: [HTTP SEND GET]
03-15 10:56:45.655 25734 30058 V [MYTAG][HeartbeatMgr][HttpTransportLayer]: 	 url:http://192.168.0.1:80/app/getparamvalue?param=rec
03-15 10:56:45.674 25734 30058 V [MYTAG][HeartbeatMgr][HttpTransportLayer]: [HTTP RSP]
03-15 10:56:45.674 25734 30058 V [MYTAG][HeartbeatMgr][HttpTransportLayer]: 	 errcode:0
03-15 10:56:45.674 25734 30058 V [MYTAG][HeartbeatMgr][HttpTransportLayer]: 	[content]{"result":0,"info":{"value":1}}
03-15 10:56:45.674 25734 30058 V [MYTAG][HeartbeatMgr][HttpTransportLayer]: -----------------------------------------
03-15 10:56:45.879 25734 30058 V [MYTAG][mail_tcp_socket][ViiSocketMailDataPhraser]: ------------mail---------------
03-15 10:56:45.879 25734 30058 V [MYTAG][mail_tcp_socket][ViiSocketMailDataPhraser]: {"msgid":"battery","info":{"capacity":86,"charge":0},"time":1773572206}
03-15 10:56:45.888 25734 30273 W System  : Ignoring header sessionid because its value was null.
03-15 10:56:45.888 25734 30273 I System.out: (HTTPLog)-Static: isSBSettingEnabled false
03-15 10:56:45.888 25734 30273 I System.out: (HTTPLog)-Static: isSBSettingEnabled false
03-15 10:56:45.890 25734 30058 V [MYTAG][mail_tcp_socket][ViiSocketMailDataPhraser]: ------------mail---------------
03-15 10:56:45.890 25734 30058 V [MYTAG][mail_tcp_socket][ViiSocketMailDataPhraser]: {"msgid":"sd","info":{"status":0},"time":1773572206}
03-15 10:56:45.890 25734 30058 V [MYTAG][main][Device]: 666 dev is connected:true
03-15 10:56:45.890 25734 30058 V [MYTAG][mail_tcp_socket][RemoteOptor]: ----
03-15 10:56:45.890 25734 30058 V [MYTAG][mail_tcp_socket][RemoteOptor]: [CMD]DEV_SDCARD_STATUS_QUERY
03-15 10:56:45.890 25734 30058 V [MYTAG][mail_tcp_socket][RemoteOptor]: [PARAM]null
03-15 10:56:45.891 25734 30058 V [MYTAG][mail_tcp_socket][HttpTransportLayer]: [HTTP SEND GET]
03-15 10:56:45.891 25734 30058 V [MYTAG][mail_tcp_socket][HttpTransportLayer]: 	 url:http://192.168.0.1:80/app/getsdinfo
03-15 10:56:45.910 25734 30058 V [MYTAG][mail_tcp_socket][HttpTransportLayer]: [HTTP RSP]
03-15 10:56:45.910 25734 30058 V [MYTAG][mail_tcp_socket][HttpTransportLayer]: 	 errcode:0
03-15 10:56:45.910 25734 30058 V [MYTAG][mail_tcp_socket][HttpTransportLayer]: 	[content]{"result":0,"info":{"status":0,"free":261,"total":1883}}
03-15 10:56:45.910 25734 30058 V [MYTAG][mail_tcp_socket][HttpTransportLayer]: -----------------------------------------
03-15 10:56:45.916 25734 25734 W ProxyAndroidLoggerBackend: Too many Flogger logs received before configuration. Dropping old logs.
03-15 10:56:45.926 25734 25734 I chatty  : uid=10291(com.vidure.app) identical 6 lines
03-15 10:56:45.927 25734 25734 W ProxyAndroidLoggerBackend: Too many Flogger logs received before configuration. Dropping old logs.
03-15 10:56:45.931 25734 30238 W ProxyAndroidLoggerBackend: Too many Flogger logs received before configuration. Dropping old logs.
03-15 10:56:45.933 25734 30238 I chatty  : uid=10291(com.vidure.app) identical 4 lines
03-15 10:56:45.933 25734 30238 W ProxyAndroidLoggerBackend: Too many Flogger logs received before configuration. Dropping old logs.
03-15 10:56:45.934 25734 30239 W ProxyAndroidLoggerBackend: Too many Flogger logs received before configuration. Dropping old logs.
03-15 10:56:45.934 25734 30239 W ProxyAndroidLoggerBackend: Too many Flogger logs received before configuration. Dropping old logs.
03-15 10:56:45.934 25734 30238 W ProxyAndroidLoggerBackend: Too many Flogger logs received before configuration. Dropping old logs.
03-15 10:56:45.936 25734 30238 I chatty  : uid=10291(com.vidure.app) identical 5 lines
03-15 10:56:45.936 25734 30238 W ProxyAndroidLoggerBackend: Too many Flogger logs received before configuration. Dropping old logs.
03-15 10:56:45.936 25734 25734 W ProxyAndroidLoggerBackend: Too many Flogger logs received before configuration. Dropping old logs.
03-15 10:56:45.936 25734 30238 W ProxyAndroidLoggerBackend: Too many Flogger logs received before configuration. Dropping old logs.
03-15 10:56:45.937 25734 30239 W ProxyAndroidLoggerBackend: Too many Flogger logs received before configuration. Dropping old logs.
03-15 10:56:45.938 25734 30240 W ProxyAndroidLoggerBackend: Too many Flogger logs received before configuration. Dropping old logs.
03-15 10:56:45.941 25734 30058 V [MYTAG][main][Device]: 666 dev is connected:true
03-15 10:56:45.943 25734 30058 V [MYTAG][main][CameraPreviewActivity]: rev msg1:264454
03-15 10:56:45.944 25734 30058 V [MYTAG][main][Device]: 666 dev is connected:true
03-15 10:56:45.944 25734 30058 V [MYTAG][main][CameraPreviewActivity]: rev msg1:589832
03-15 10:56:46.376 25734 25747 I com.vidure.app: Background young concurrent copying GC freed 24144(4370KB) AllocSpace objects, 11(652KB) LOS objects, 20% free, 18MB/23MB, paused 2.839ms total 130.699ms
03-15 10:56:46.946 25734 30169 W System.err: java.net.SocketTimeoutException: failed to connect to /180.76.76.200 (port 443) from /192.168.0.100 (port 50268) after 30000ms
03-15 10:56:46.952 25734 30169 W System.err: 	at libcore.io.IoBridge.connectErrno(IoBridge.java:191)
03-15 10:56:46.952 25734 30169 W System.err: 	at libcore.io.IoBridge.connect(IoBridge.java:135)
03-15 10:56:46.952 25734 30169 W System.err: 	at java.net.PlainSocketImpl.socketConnect(PlainSocketImpl.java:142)
03-15 10:56:46.952 25734 30169 W System.err: 	at java.net.AbstractPlainSocketImpl.doConnect(AbstractPlainSocketImpl.java:390)
03-15 10:56:46.952 25734 30169 W System.err: 	at java.net.AbstractPlainSocketImpl.connectToAddress(AbstractPlainSocketImpl.java:230)
03-15 10:56:46.952 25734 30169 W System.err: 	at java.net.AbstractPlainSocketImpl.connect(AbstractPlainSocketImpl.java:212)
03-15 10:56:46.952 25734 30169 W System.err: 	at java.net.SocksSocketImpl.connect(SocksSocketImpl.java:436)
03-15 10:56:46.952 25734 30169 W System.err: 	at java.net.Socket.connect(Socket.java:621)
03-15 10:56:46.952 25734 30169 W System.err: 	at com.android.okhttp.internal.Platform.connectSocket(Platform.java:182)
03-15 10:56:46.952 25734 30169 W System.err: 	at com.android.okhttp.internal.io.RealConnection.connectSocket(RealConnection.java:1407)
03-15 10:56:46.952 25734 30169 W System.err: 	at com.android.okhttp.internal.io.RealConnection.connect(RealConnection.java:1359)
03-15 10:56:46.952 25734 30169 W System.err: 	at com.android.okhttp.internal.http.StreamAllocation.findConnection(StreamAllocation.java:221)
03-15 10:56:46.952 25734 30169 W System.err: 	at com.android.okhttp.internal.http.StreamAllocation.findHealthyConnection(StreamAllocation.java:144)
03-15 10:56:46.952 25734 30169 W System.err: 	at com.android.okhttp.internal.http.StreamAllocation.newStream(StreamAllocation.java:106)
03-15 10:56:46.952 25734 30169 W System.err: 	at com.android.okhttp.internal.http.HttpEngine.connect(HttpEngine.java:400)
03-15 10:56:46.952 25734 30169 W System.err: 	at com.android.okhttp.internal.http.HttpEngine.sendRequest(HttpEngine.java:333)
03-15 10:56:46.952 25734 30169 W System.err: 	at com.android.okhttp.internal.huc.HttpURLConnectionImpl.execute(HttpURLConnectionImpl.java:483)
03-15 10:56:46.952 25734 30169 W System.err: 	at com.android.okhttp.internal.huc.HttpURLConnectionImpl.connect(HttpURLConnectionImpl.java:135)
03-15 10:56:46.952 25734 30169 W System.err: 	at com.android.okhttp.internal.huc.DelegatingHttpsURLConnection.connect(DelegatingHttpsURLConnection.java:90)
03-15 10:56:46.952 25734 30169 W System.err: 	at com.android.okhttp.internal.huc.HttpsURLConnectionImpl.connect(HttpsURLConnectionImpl.java:30)
03-15 10:56:46.952 25734 30169 W System.err: 	at com.baidu.a.g$b.a(SourceFile:4)
03-15 10:56:46.952 25734 30169 W System.err: 	at com.baidu.a.g$b.a(SourceFile:3)
03-15 10:56:46.953 25734 30169 W System.err: 	at com.baidu.a.g$b.run(Unknown Source:2)
03-15 10:56:46.953 25734 30169 W System.err: 	at java.util.concurrent.ThreadPoolExecutor.runWorker(ThreadPoolExecutor.java:1167)
03-15 10:56:46.953 25734 30169 W System.err: 	at java.util.concurrent.ThreadPoolExecutor$Worker.run(ThreadPoolExecutor.java:641)
03-15 10:56:46.953 25734 30169 W System.err: 	at java.lang.Thread.run(Thread.java:919)
03-15 10:56:48.886 25734 30058 V [MYTAG][mail_tcp_socket][ViiSocketMailDataPhraser]: ------------mail---------------
03-15 10:56:48.886 25734 30058 V [MYTAG][mail_tcp_socket][ViiSocketMailDataPhraser]: {"msgid":"battery","info":{"capacity":86,"charge":0},"time":1773572209}
03-15 10:56:48.889 25734 30273 W System  : Ignoring header sessionid because its value was null.
03-15 10:56:48.890 25734 30273 I System.out: (HTTPLog)-Static: isSBSettingEnabled false
03-15 10:56:48.890 25734 30273 I System.out: (HTTPLog)-Static: isSBSettingEnabled false
03-15 10:56:48.890 25734 30058 V [MYTAG][mail_tcp_socket][ViiSocketMailDataPhraser]: ------------mail---------------
03-15 10:56:48.890 25734 30058 V [MYTAG][mail_tcp_socket][ViiSocketMailDataPhraser]: {"msgid":"sd","info":{"status":0},"time":1773572209}
03-15 10:56:48.890 25734 30058 V [MYTAG][mail_tcp_socket][RemoteOptor]: ----
03-15 10:56:48.890 25734 30058 V [MYTAG][mail_tcp_socket][RemoteOptor]: [CMD]DEV_SDCARD_STATUS_QUERY
03-15 10:56:48.890 25734 30058 V [MYTAG][mail_tcp_socket][RemoteOptor]: [PARAM]null
03-15 10:56:48.890 25734 30058 V [MYTAG][mail_tcp_socket][HttpTransportLayer]: [HTTP SEND GET]
03-15 10:56:48.890 25734 30058 V [MYTAG][mail_tcp_socket][HttpTransportLayer]: 	 url:http://192.168.0.1:80/app/getsdinfo
03-15 10:56:48.892 25734 30058 V [MYTAG][main][Device]: 666 dev is connected:true
03-15 10:56:48.911 25734 30058 V [MYTAG][mail_tcp_socket][HttpTransportLayer]: [HTTP RSP]
03-15 10:56:48.911 25734 30058 V [MYTAG][mail_tcp_socket][HttpTransportLayer]: 	 errcode:0
03-15 10:56:48.911 25734 30058 V [MYTAG][mail_tcp_socket][HttpTransportLayer]: 	[content]{"result":0,"info":{"status":0,"free":258,"total":1883}}
03-15 10:56:48.911 25734 30058 V [MYTAG][mail_tcp_socket][HttpTransportLayer]: -----------------------------------------
03-15 10:56:48.949 25734 25734 W ProxyAndroidLoggerBackend: Too many Flogger logs received before configuration. Dropping old logs.
03-15 10:56:48.966 25734 25734 I chatty  : uid=10291(com.vidure.app) identical 6 lines
03-15 10:56:48.967 25734 25734 W ProxyAndroidLoggerBackend: Too many Flogger logs received before configuration. Dropping old logs.
03-15 10:56:48.974 25734 30238 W ProxyAndroidLoggerBackend: Too many Flogger logs received before configuration. Dropping old logs.
03-15 10:56:48.976 25734 30238 I chatty  : uid=10291(com.vidure.app) identical 6 lines
03-15 10:56:48.976 25734 30238 W ProxyAndroidLoggerBackend: Too many Flogger logs received before configuration. Dropping old logs.
03-15 10:56:48.977 25734 30240 W ProxyAndroidLoggerBackend: Too many Flogger logs received before configuration. Dropping old logs.
03-15 10:56:48.977 25734 30240 W ProxyAndroidLoggerBackend: Too many Flogger logs received before configuration. Dropping old logs.
03-15 10:56:48.979 25734 30239 W ProxyAndroidLoggerBackend: Too many Flogger logs received before configuration. Dropping old logs.
03-15 10:56:48.979 25734 30240 W ProxyAndroidLoggerBackend: Too many Flogger logs received before configuration. Dropping old logs.
03-15 10:56:48.981 25734 30238 W ProxyAndroidLoggerBackend: Too many Flogger logs received before configuration. Dropping old logs.
03-15 10:56:48.981 25734 30240 W ProxyAndroidLoggerBackend: Too many Flogger logs received before configuration. Dropping old logs.
03-15 10:56:48.981 25734 25734 W ProxyAndroidLoggerBackend: Too many Flogger logs received before configuration. Dropping old logs.
03-15 10:56:48.982 25734 30239 W ProxyAndroidLoggerBackend: Too many Flogger logs received before configuration. Dropping old logs.
03-15 10:56:48.982 25734 30239 W ProxyAndroidLoggerBackend: Too many Flogger logs received before configuration. Dropping old logs.
03-15 10:56:48.982 25734 30240 W ProxyAndroidLoggerBackend: Too many Flogger logs received before configuration. Dropping old logs.
03-15 10:56:48.988 25734 30238 W ProxyAndroidLoggerBackend: Too many Flogger logs received before configuration. Dropping old logs.
03-15 10:56:48.990 25734 30058 V [MYTAG][main][Device]: 666 dev is connected:true
03-15 10:56:48.992 25734 30058 V [MYTAG][main][CameraPreviewActivity]: rev msg1:264454
03-15 10:56:48.992 25734 30058 V [MYTAG][main][Device]: 666 dev is connected:true
03-15 10:56:48.993 25734 30058 V [MYTAG][main][CameraPreviewActivity]: rev msg1:589832
03-15 10:56:49.370 25734 30058 D [MYTAG][main][SystemLocationClientImpl]: onLocationChanged GPS data:精度=15.008 速度=0.0 海拔=328.89599609375 经纬度=49.33337051, 7.05266474
03-15 10:56:49.370 25734 30058 D [MYTAG][main][SystemLocationClientImpl]: 当前信号强度: 3
03-15 10:56:49.653 25734 30058 V [MYTAG][HeartbeatMgr][RemoteOptor]: ----
03-15 10:56:49.653 25734 30058 V [MYTAG][HeartbeatMgr][RemoteOptor]: [CMD]Basic_Msg_MailBox
03-15 10:56:49.653 25734 30058 V [MYTAG][HeartbeatMgr][RemoteOptor]: [PARAM]null
03-15 10:56:49.653 25734 30274 W System  : Ignoring header sessionid because its value was null.
03-15 10:56:49.654 25734 30274 I System.out: (HTTPLog)-Static: isSBSettingEnabled false
03-15 10:56:49.654 25734 30274 I System.out: (HTTPLog)-Static: isSBSettingEnabled false
03-15 10:56:49.654 25734 30058 V [MYTAG][HeartbeatMgr][HttpTransportLayer]: [HTTP SEND GET]
03-15 10:56:49.654 25734 30058 V [MYTAG][HeartbeatMgr][HttpTransportLayer]: 	 url:http://192.168.0.1:80/app/getparamvalue?param=rec
03-15 10:56:49.678 25734 30058 V [MYTAG][HeartbeatMgr][HttpTransportLayer]: [HTTP RSP]
03-15 10:56:49.678 25734 30058 V [MYTAG][HeartbeatMgr][HttpTransportLayer]: 	 errcode:0
03-15 10:56:49.678 25734 30058 V [MYTAG][HeartbeatMgr][HttpTransportLayer]: 	[content]{"result":0,"info":{"value":1}}
03-15 10:56:49.678 25734 30058 V [MYTAG][HeartbeatMgr][HttpTransportLayer]: -----------------------------------------
03-15 10:56:50.123 25734 30058 V [MYTAG][DefaultDispatcher-worker-3][Device]: 666 dev is connected:true
03-15 10:56:50.124 25734 30058 V [MYTAG][main][VerticalPanelView]: [[eventBus]], new msg received:GPS_SIGNAL_CHANGE,set visible.
03-15 10:56:50.125 25734 30058 V [MYTAG][main][CameraPreviewActivity]: rev msg1:265731
03-15 10:56:51.375 25734 30058 D [MYTAG][main][SystemLocationClientImpl]: onLocationChanged GPS data:精度=11.792 速度=0.0 海拔=326.75537109375 经纬度=49.33339618, 7.0526688
03-15 10:56:51.377 25734 30058 D [MYTAG][main][SystemLocationClientImpl]: 当前信号强度: 3
03-15 10:56:51.900 25734 30058 V [MYTAG][mail_tcp_socket][ViiSocketMailDataPhraser]: ------------mail---------------
03-15 10:56:51.900 25734 30058 V [MYTAG][mail_tcp_socket][ViiSocketMailDataPhraser]: {"msgid":"battery","info":{"capacity":86,"charge":0},"time":1773572212}
03-15 10:56:51.905 25734 30058 V [MYTAG][main][Device]: 666 dev is connected:true
03-15 10:56:51.910 25734 30273 W System  : Ignoring header sessionid because its value was null.
03-15 10:56:51.910 25734 30273 I System.out: (HTTPLog)-Static: isSBSettingEnabled false
03-15 10:56:51.911 25734 30273 I System.out: (HTTPLog)-Static: isSBSettingEnabled false
03-15 10:56:51.911 25734 30058 V [MYTAG][mail_tcp_socket][ViiSocketMailDataPhraser]: ------------mail---------------
03-15 10:56:51.911 25734 30058 V [MYTAG][mail_tcp_socket][ViiSocketMailDataPhraser]: {"msgid":"sd","info":{"status":0},"time":1773572212}
03-15 10:56:51.911 25734 30058 V [MYTAG][mail_tcp_socket][RemoteOptor]: ----
03-15 10:56:51.911 25734 30058 V [MYTAG][mail_tcp_socket][RemoteOptor]: [CMD]DEV_SDCARD_STATUS_QUERY
03-15 10:56:51.911 25734 30058 V [MYTAG][mail_tcp_socket][RemoteOptor]: [PARAM]null
03-15 10:56:51.911 25734 30058 V [MYTAG][mail_tcp_socket][HttpTransportLayer]: [HTTP SEND GET]
03-15 10:56:51.911 25734 30058 V [MYTAG][mail_tcp_socket][HttpTransportLayer]: 	 url:http://192.168.0.1:80/app/getsdinfo
03-15 10:56:51.938 25734 25734 W ProxyAndroidLoggerBackend: Too many Flogger logs received before configuration. Dropping old logs.
03-15 10:56:51.944 25734 25734 I chatty  : uid=10291(com.vidure.app) identical 2 lines
03-15 10:56:51.945 25734 25734 W ProxyAndroidLoggerBackend: Too many Flogger logs received before configuration. Dropping old logs.
03-15 10:56:51.946 25734 30058 V [MYTAG][mail_tcp_socket][HttpTransportLayer]: [HTTP RSP]
03-15 10:56:51.946 25734 30058 V [MYTAG][mail_tcp_socket][HttpTransportLayer]: 	 errcode:0
03-15 10:56:51.946 25734 30058 V [MYTAG][mail_tcp_socket][HttpTransportLayer]: 	[content]{"result":0,"info":{"status":0,"free":254,"total":1883}}
03-15 10:56:51.946 25734 30058 V [MYTAG][mail_tcp_socket][HttpTransportLayer]: -----------------------------------------
03-15 10:56:51.948 25734 25734 W ProxyAndroidLoggerBackend: Too many Flogger logs received before configuration. Dropping old logs.
03-15 10:56:51.950 25734 25734 I chatty  : uid=10291(com.vidure.app) identical 2 lines
03-15 10:56:51.951 25734 25734 W ProxyAndroidLoggerBackend: Too many Flogger logs received before configuration. Dropping old logs.
03-15 10:56:51.957 25734 30239 W ProxyAndroidLoggerBackend: Too many Flogger logs received before configuration. Dropping old logs.
03-15 10:56:51.957 25734 30238 W ProxyAndroidLoggerBackend: Too many Flogger logs received before configuration. Dropping old logs.
03-15 10:56:51.958 25734 30238 I chatty  : uid=10291(com.vidure.app) identical 1 line
03-15 10:56:51.958 25734 30238 W ProxyAndroidLoggerBackend: Too many Flogger logs received before configuration. Dropping old logs.
03-15 10:56:51.958 25734 30239 W ProxyAndroidLoggerBackend: Too many Flogger logs received before configuration. Dropping old logs.
03-15 10:56:51.958 25734 30239 W ProxyAndroidLoggerBackend: Too many Flogger logs received before configuration. Dropping old logs.
03-15 10:56:51.959 25734 30238 W ProxyAndroidLoggerBackend: Too many Flogger logs received before configuration. Dropping old logs.
03-15 10:56:51.959 25734 30238 W ProxyAndroidLoggerBackend: Too many Flogger logs received before configuration. Dropping old logs.
03-15 10:56:51.959 25734 30240 W ProxyAndroidLoggerBackend: Too many Flogger logs received before configuration. Dropping old logs.
03-15 10:56:51.960 25734 30240 I chatty  : uid=10291(com.vidure.app) identical 2 lines
03-15 10:56:51.960 25734 30240 W ProxyAndroidLoggerBackend: Too many Flogger logs received before configuration. Dropping old logs.
03-15 10:56:51.960 25734 25734 W ProxyAndroidLoggerBackend: Too many Flogger logs received before configuration. Dropping old logs.
03-15 10:56:51.960 25734 30240 W ProxyAndroidLoggerBackend: Too many Flogger logs received before configuration. Dropping old logs.
03-15 10:56:51.961 25734 30240 I chatty  : uid=10291(com.vidure.app) identical 2 lines
03-15 10:56:51.961 25734 30240 W ProxyAndroidLoggerBackend: Too many Flogger logs received before configuration. Dropping old logs.
03-15 10:56:51.965 25734 30239 W ProxyAndroidLoggerBackend: Too many Flogger logs received before configuration. Dropping old logs.
03-15 10:56:51.965 25734 30238 W ProxyAndroidLoggerBackend: Too many Flogger logs received before configuration. Dropping old logs.
03-15 10:56:51.967 25734 30058 V [MYTAG][main][Device]: 666 dev is connected:true
03-15 10:56:51.968 25734 30058 V [MYTAG][main][CameraPreviewActivity]: rev msg1:264454
03-15 10:56:51.969 25734 30058 V [MYTAG][main][Device]: 666 dev is connected:true
03-15 10:56:51.969 25734 30058 V [MYTAG][main][CameraPreviewActivity]: rev msg1:589832
03-15 10:56:52.129 25734 30058 V [MYTAG][DefaultDispatcher-worker-3][Device]: 666 dev is connected:true
03-15 10:56:52.131 25734 30058 V [MYTAG][main][CameraPreviewActivity]: rev msg1:265731
03-15 10:56:52.369 25734 30058 D [MYTAG][main][SystemLocationClientImpl]: onLocationChanged GPS data:精度=10.72 速度=0.0 海拔=330.8636474609375 经纬度=49.33339566, 7.05270987
03-15 10:56:52.370 25734 30058 D [MYTAG][main][SystemLocationClientImpl]: 当前信号强度: 3
03-15 10:56:53.135 25734 30058 V [MYTAG][DefaultDispatcher-worker-3][Device]: 666 dev is connected:true
03-15 10:56:53.404 25734 30058 D [MYTAG][main][SystemLocationClientImpl]: onLocationChanged GPS data:精度=10.72 速度=0.0 海拔=332.8455810546875 经纬度=49.33341586, 7.05274433
03-15 10:56:53.407 25734 30058 D [MYTAG][main][SystemLocationClientImpl]: 当前信号强度: 3
03-15 10:56:53.655 25734 30058 V [MYTAG][HeartbeatMgr][RemoteOptor]: ----
03-15 10:56:53.655 25734 30058 V [MYTAG][HeartbeatMgr][RemoteOptor]: [CMD]Basic_Msg_MailBox
03-15 10:56:53.655 25734 30058 V [MYTAG][HeartbeatMgr][RemoteOptor]: [PARAM]null
03-15 10:56:53.655 25734 30274 W System  : Ignoring header sessionid because its value was null.
03-15 10:56:53.655 25734 30058 V [MYTAG][HeartbeatMgr][HttpTransportLayer]: [HTTP SEND GET]
03-15 10:56:53.655 25734 30058 V [MYTAG][HeartbeatMgr][HttpTransportLayer]: 	 url:http://192.168.0.1:80/app/getparamvalue?param=rec
03-15 10:56:53.655 25734 30274 I System.out: (HTTPLog)-Static: isSBSettingEnabled false
03-15 10:56:53.655 25734 30274 I System.out: (HTTPLog)-Static: isSBSettingEnabled false
03-15 10:56:53.698 25734 30058 V [MYTAG][HeartbeatMgr][HttpTransportLayer]: [HTTP RSP]
03-15 10:56:53.698 25734 30058 V [MYTAG][HeartbeatMgr][HttpTransportLayer]: 	 errcode:0
03-15 10:56:53.698 25734 30058 V [MYTAG][HeartbeatMgr][HttpTransportLayer]: 	[content]{"result":0,"info":{"value":1}}
03-15 10:56:53.698 25734 30058 V [MYTAG][HeartbeatMgr][HttpTransportLayer]: -----------------------------------------
03-15 10:56:54.136 25734 30058 V [MYTAG][DefaultDispatcher-worker-3][Device]: 666 dev is connected:true
03-15 10:56:54.367 25734 30058 D [MYTAG][main][SystemLocationClientImpl]: onLocationChanged GPS data:精度=11.792 速度=0.0 海拔=337.82958984375 经纬度=49.33338139, 7.05273516
03-15 10:56:54.369 25734 30058 D [MYTAG][main][SystemLocationClientImpl]: 当前信号强度: 3
03-15 10:56:54.905 25734 30058 V [MYTAG][mail_tcp_socket][ViiSocketMailDataPhraser]: ------------mail---------------
03-15 10:56:54.905 25734 30058 V [MYTAG][mail_tcp_socket][ViiSocketMailDataPhraser]: {"msgid":"battery","info":{"capacity":86,"charge":0},"time":1773572215}
03-15 10:56:54.907 25734 30273 W System  : Ignoring header sessionid because its value was null.
03-15 10:56:54.907 25734 30273 I System.out: (HTTPLog)-Static: isSBSettingEnabled false
03-15 10:56:54.907 25734 30273 I System.out: (HTTPLog)-Static: isSBSettingEnabled false
03-15 10:56:54.913 25734 30058 V [MYTAG][mail_tcp_socket][ViiSocketMailDataPhraser]: ------------mail---------------
03-15 10:56:54.913 25734 30058 V [MYTAG][mail_tcp_socket][ViiSocketMailDataPhraser]: {"msgid":"sd","info":{"status":0},"time":1773572215}
03-15 10:56:54.913 25734 30058 V [MYTAG][mail_tcp_socket][RemoteOptor]: ----
03-15 10:56:54.913 25734 30058 V [MYTAG][mail_tcp_socket][RemoteOptor]: [CMD]DEV_SDCARD_STATUS_QUERY
03-15 10:56:54.913 25734 30058 V [MYTAG][mail_tcp_socket][RemoteOptor]: [PARAM]null
03-15 10:56:54.913 25734 30058 V [MYTAG][mail_tcp_socket][HttpTransportLayer]: [HTTP SEND GET]
03-15 10:56:54.913 25734 30058 V [MYTAG][mail_tcp_socket][HttpTransportLayer]: 	 url:http://192.168.0.1:80/app/getsdinfo
03-15 10:56:54.913 25734 30058 V [MYTAG][main][Device]: 666 dev is connected:true
03-15 10:56:54.938 25734 30058 V [MYTAG][mail_tcp_socket][HttpTransportLayer]: [HTTP RSP]
03-15 10:56:54.938 25734 30058 V [MYTAG][mail_tcp_socket][HttpTransportLayer]: 	 errcode:0
03-15 10:56:54.938 25734 30058 V [MYTAG][mail_tcp_socket][HttpTransportLayer]: 	[content]{"result":0,"info":{"status":0,"free":250,"total":1883}}
03-15 10:56:54.938 25734 30058 V [MYTAG][mail_tcp_socket][HttpTransportLayer]: -----------------------------------------
03-15 10:56:54.941 25734 25734 W ProxyAndroidLoggerBackend: Too many Flogger logs received before configuration. Dropping old logs.
03-15 10:56:54.960 25734 25734 I chatty  : uid=10291(com.vidure.app) identical 6 lines
03-15 10:56:54.961 25734 25734 W ProxyAndroidLoggerBackend: Too many Flogger logs received before configuration. Dropping old logs.
03-15 10:56:54.971 25734 30239 W ProxyAndroidLoggerBackend: Too many Flogger logs received before configuration. Dropping old logs.
03-15 10:56:54.972 25734 30239 I chatty  : uid=10291(com.vidure.app) identical 3 lines
03-15 10:56:54.972 25734 30239 W ProxyAndroidLoggerBackend: Too many Flogger logs received before configuration. Dropping old logs.
03-15 10:56:54.972 25734 30238 W ProxyAndroidLoggerBackend: Too many Flogger logs received before configuration. Dropping old logs.
03-15 10:56:54.975 25734 30238 I chatty  : uid=10291(com.vidure.app) identical 9 lines
03-15 10:56:54.975 25734 30238 W ProxyAndroidLoggerBackend: Too many Flogger logs received before configuration. Dropping old logs.
03-15 10:56:54.975 25734 30240 W ProxyAndroidLoggerBackend: Too many Flogger logs received before configuration. Dropping old logs.
03-15 10:56:54.975 25734 25734 W ProxyAndroidLoggerBackend: Too many Flogger logs received before configuration. Dropping old logs.
03-15 10:56:54.976 25734 30239 W ProxyAndroidLoggerBackend: Too many Flogger logs received before configuration. Dropping old logs.
03-15 10:56:54.980 25734 30058 V [MYTAG][main][Device]: 666 dev is connected:true
03-15 10:56:54.982 25734 30058 V [MYTAG][main][CameraPreviewActivity]: rev msg1:264454
03-15 10:56:54.982 25734 30058 V [MYTAG][main][Device]: 666 dev is connected:true
03-15 10:56:54.982 25734 30058 V [MYTAG][main][CameraPreviewActivity]: rev msg1:589832
03-15 10:56:55.153 25734 30058 V [MYTAG][DefaultDispatcher-worker-3][Device]: 666 dev is connected:true
03-15 10:56:55.395 25734 30058 D [MYTAG][main][SystemLocationClientImpl]: onLocationChanged GPS data:精度=11.792 速度=0.0 海拔=331.3487548828125 经纬度=49.3334136, 7.05270271
03-15 10:56:55.395 25734 30058 D [MYTAG][main][SystemLocationClientImpl]: 当前信号强度: 3
03-15 10:56:55.875 25734 25747 I com.vidure.app: Background young concurrent copying GC freed 19569(3116KB) AllocSpace objects, 6(344KB) LOS objects, 14% free, 20MB/23MB, paused 382us total 105.710ms
03-15 10:56:56.164 25734 30058 V [MYTAG][DefaultDispatcher-worker-1][Device]: 666 dev is connected:true
03-15 10:56:56.368 25734 30058 D [MYTAG][main][SystemLocationClientImpl]: onLocationChanged GPS data:精度=10.72 速度=0.0 海拔=330.5587158203125 经纬度=49.33342375, 7.05268311
03-15 10:56:56.369 25734 30058 D [MYTAG][main][SystemLocationClientImpl]: 当前信号强度: 3
03-15 10:56:57.157 25734 30058 V [MYTAG][DefaultDispatcher-worker-1][Device]: 666 dev is connected:true
03-15 10:56:57.654 25734 30274 W System  : Ignoring header sessionid because its value was null.
03-15 10:56:57.655 25734 30274 I System.out: (HTTPLog)-Static: isSBSettingEnabled false
03-15 10:56:57.655 25734 30274 I System.out: (HTTPLog)-Static: isSBSettingEnabled false
03-15 10:56:57.657 25734 30058 V [MYTAG][HeartbeatMgr][RemoteOptor]: ----
03-15 10:56:57.657 25734 30058 V [MYTAG][HeartbeatMgr][RemoteOptor]: [CMD]Basic_Msg_MailBox
03-15 10:56:57.657 25734 30058 V [MYTAG][HeartbeatMgr][RemoteOptor]: [PARAM]null
03-15 10:56:57.657 25734 30058 V [MYTAG][HeartbeatMgr][HttpTransportLayer]: [HTTP SEND GET]
03-15 10:56:57.657 25734 30058 V [MYTAG][HeartbeatMgr][HttpTransportLayer]: 	 url:http://192.168.0.1:80/app/getparamvalue?param=rec
03-15 10:56:57.674 25734 30058 V [MYTAG][HeartbeatMgr][HttpTransportLayer]: [HTTP RSP]
03-15 10:56:57.674 25734 30058 V [MYTAG][HeartbeatMgr][HttpTransportLayer]: 	 errcode:0
03-15 10:56:57.674 25734 30058 V [MYTAG][HeartbeatMgr][HttpTransportLayer]: 	[content]{"result":0,"info":{"value":1}}
03-15 10:56:57.674 25734 30058 V [MYTAG][HeartbeatMgr][HttpTransportLayer]: -----------------------------------------
03-15 10:56:57.953 25734 30058 V [MYTAG][mail_tcp_socket][ViiSocketMailDataPhraser]: ------------mail---------------
03-15 10:56:57.953 25734 30058 V [MYTAG][mail_tcp_socket][ViiSocketMailDataPhraser]: {"msgid":"battery","info":{"capacity":86,"charge":0},"time":1773572218}
03-15 10:56:57.960 25734 30058 V [MYTAG][main][Device]: 666 dev is connected:true
03-15 10:56:57.966 25734 30273 W System  : Ignoring header sessionid because its value was null.
03-15 10:56:57.966 25734 30273 I System.out: (HTTPLog)-Static: isSBSettingEnabled false
03-15 10:56:57.966 25734 30273 I System.out: (HTTPLog)-Static: isSBSettingEnabled false
03-15 10:56:57.967 25734 30058 V [MYTAG][mail_tcp_socket][ViiSocketMailDataPhraser]: ------------mail---------------
03-15 10:56:57.967 25734 30058 V [MYTAG][mail_tcp_socket][ViiSocketMailDataPhraser]: {"msgid":"sd","info":{"status":0},"time":1773572218}
03-15 10:56:57.967 25734 30058 V [MYTAG][mail_tcp_socket][RemoteOptor]: ----
03-15 10:56:57.967 25734 30058 V [MYTAG][mail_tcp_socket][RemoteOptor]: [CMD]DEV_SDCARD_STATUS_QUERY
03-15 10:56:57.967 25734 30058 V [MYTAG][mail_tcp_socket][RemoteOptor]: [PARAM]null
03-15 10:56:57.967 25734 30058 V [MYTAG][mail_tcp_socket][HttpTransportLayer]: [HTTP SEND GET]
03-15 10:56:57.967 25734 30058 V [MYTAG][mail_tcp_socket][HttpTransportLayer]: 	 url:http://192.168.0.1:80/app/getsdinfo
03-15 10:56:57.985 25734 30058 V [MYTAG][mail_tcp_socket][HttpTransportLayer]: [HTTP RSP]
03-15 10:56:57.985 25734 30058 V [MYTAG][mail_tcp_socket][HttpTransportLayer]: 	 errcode:0
03-15 10:56:57.985 25734 30058 V [MYTAG][mail_tcp_socket][HttpTransportLayer]: 	[content]{"result":0,"info":{"status":0,"free":246,"total":1883}}
03-15 10:56:57.985 25734 30058 V [MYTAG][mail_tcp_socket][HttpTransportLayer]: -----------------------------------------
03-15 10:56:57.993 25734 25734 W ProxyAndroidLoggerBackend: Too many Flogger logs received before configuration. Dropping old logs.
03-15 10:56:58.004 25734 25734 I chatty  : uid=10291(com.vidure.app) identical 6 lines
03-15 10:56:58.005 25734 25734 W ProxyAndroidLoggerBackend: Too many Flogger logs received before configuration. Dropping old logs.
03-15 10:56:58.014 25734 30240 W ProxyAndroidLoggerBackend: Too many Flogger logs received before configuration. Dropping old logs.
03-15 10:56:58.014 25734 30240 W ProxyAndroidLoggerBackend: Too many Flogger logs received before configuration. Dropping old logs.
03-15 10:56:58.014 25734 25734 W ProxyAndroidLoggerBackend: Too many Flogger logs received before configuration. Dropping old logs.
03-15 10:56:58.014 25734 30240 W ProxyAndroidLoggerBackend: Too many Flogger logs received before configuration. Dropping old logs.
03-15 10:56:58.015 25734 30240 I chatty  : uid=10291(com.vidure.app) identical 2 lines
03-15 10:56:58.016 25734 30240 W ProxyAndroidLoggerBackend: Too many Flogger logs received before configuration. Dropping old logs.
03-15 10:56:58.017 25734 30239 W ProxyAndroidLoggerBackend: Too many Flogger logs received before configuration. Dropping old logs.
03-15 10:56:58.018 25734 30239 I chatty  : uid=10291(com.vidure.app) identical 4 lines
03-15 10:56:58.018 25734 30239 W ProxyAndroidLoggerBackend: Too many Flogger logs received before configuration. Dropping old logs.
03-15 10:56:58.018 25734 30058 V [MYTAG][main][Device]: 666 dev is connected:true
03-15 10:56:58.018 25734 30239 W ProxyAndroidLoggerBackend: Too many Flogger logs received before configuration. Dropping old logs.
03-15 10:56:58.019 25734 30239 W ProxyAndroidLoggerBackend: Too many Flogger logs received before configuration. Dropping old logs.
03-15 10:56:58.019 25734 30238 W ProxyAndroidLoggerBackend: Too many Flogger logs received before configuration. Dropping old logs.
