09-14 10:32:30.671  7415  7415 W ProxyAndroidLoggerBackend: Too many Flogger logs received before configuration. Dropping old logs.
09-14 10:32:30.682  7415 10539 V [MYTAG][main][Device]: 603 dev is connected:true
09-14 10:32:30.690  7415 10539 V [MYTAG][main][CameraPreviewActivity]: rev msg1:264454
09-14 10:32:30.690  7415 10539 V [MYTAG][main][Device]: 603 dev is connected:true
09-14 10:32:30.690  7415 10539 V [MYTAG][main][CameraPreviewActivity]: rev msg1:589832
09-14 10:32:30.814  7415 12235 W ProxyAndroidLoggerBackend: Too many Flogger logs received before configuration. Dropping old logs.
09-14 10:32:30.815  7415 12235 I chatty  : uid=10291(com.vidure.app) identical 1 line
09-14 10:32:30.815  7415 12235 W ProxyAndroidLoggerBackend: Too many Flogger logs received before configuration. Dropping old logs.
09-14 10:32:32.807  7415 10751 W System  : Ignoring header sessionid because its value was null.
09-14 10:32:32.808  7415 10751 I System.out: (HTTPLog)-Static: isSBSettingEnabled false
09-14 10:32:32.808  7415 10751 I System.out: (HTTPLog)-Static: isSBSettingEnabled false
09-14 10:32:32.809  7415 10539 V [MYTAG][HeartbeatMgr][RemoteOptor]: ----
09-14 10:32:32.809  7415 10539 V [MYTAG][HeartbeatMgr][RemoteOptor]: [CMD]Basic_Msg_MailBox
09-14 10:32:32.809  7415 10539 V [MYTAG][HeartbeatMgr][RemoteOptor]: [PARAM]null
09-14 10:32:32.809  7415 10539 V [MYTAG][HeartbeatMgr][HttpTransportLayer]: [HTTP SEND GET]
09-14 10:32:32.809  7415 10539 V [MYTAG][HeartbeatMgr][HttpTransportLayer]: 	 url:http://192.168.0.1:80/app/getparamvalue?param=rec
09-14 10:32:32.829  7415 10539 V [MYTAG][HeartbeatMgr][HttpTransportLayer]: [HTTP RSP]
09-14 10:32:32.829  7415 10539 V [MYTAG][HeartbeatMgr][HttpTransportLayer]: 	 errcode:0
09-14 10:32:32.829  7415 10539 V [MYTAG][HeartbeatMgr][HttpTransportLayer]: 	[content]{"result":0,"info":{"value":0}}
09-14 10:32:32.829  7415 10539 V [MYTAG][HeartbeatMgr][HttpTransportLayer]: -----------------------------------------
09-14 10:32:33.616  7415 10539 V [MYTAG][mail_tcp_socket][ViiSocketMailDataPhraser]: ------------mail---------------
09-14 10:32:33.616  7415 10539 V [MYTAG][mail_tcp_socket][ViiSocketMailDataPhraser]: {"msgid":"battery","info":{"capacity":82,"charge":0},"time":1757845953}
09-14 10:32:33.617  7415 10539 V [MYTAG][mail_tcp_socket][ViiSocketMailDataPhraser]: ------------mail---------------
09-14 10:32:33.617  7415 10539 V [MYTAG][mail_tcp_socket][ViiSocketMailDataPhraser]: {"msgid":"sd","info":{"status":0},"time":1757845953}
09-14 10:32:33.617  7415 10750 W System  : Ignoring header sessionid because its value was null.
09-14 10:32:33.617  7415 10539 V [MYTAG][mail_tcp_socket][RemoteOptor]: ----
09-14 10:32:33.617  7415 10539 V [MYTAG][mail_tcp_socket][RemoteOptor]: [CMD]DEV_SDCARD_STATUS_QUERY
09-14 10:32:33.617  7415 10539 V [MYTAG][mail_tcp_socket][RemoteOptor]: [PARAM]null
09-14 10:32:33.617  7415 10539 V [MYTAG][mail_tcp_socket][HttpTransportLayer]: [HTTP SEND GET]
09-14 10:32:33.617  7415 10539 V [MYTAG][mail_tcp_socket][HttpTransportLayer]: 	 url:http://192.168.0.1:80/app/getsdinfo
09-14 10:32:33.618  7415 10750 I System.out: (HTTPLog)-Static: isSBSettingEnabled false
09-14 10:32:33.618  7415 10750 I System.out: (HTTPLog)-Static: isSBSettingEnabled false
09-14 10:32:33.626  7415 10539 V [MYTAG][main][Device]: 603 dev is connected:true
09-14 10:32:33.657  7415  7415 W ProxyAndroidLoggerBackend: Too many Flogger logs received before configuration. Dropping old logs.
09-14 10:32:33.659  7415  7415 I chatty  : uid=10291(com.vidure.app) identical 2 lines
09-14 10:32:33.659  7415  7415 W ProxyAndroidLoggerBackend: Too many Flogger logs received before configuration. Dropping old logs.
09-14 10:32:33.659  7415 10539 V [MYTAG][mail_tcp_socket][HttpTransportLayer]: [HTTP RSP]
09-14 10:32:33.659  7415 10539 V [MYTAG][mail_tcp_socket][HttpTransportLayer]: 	 errcode:0
09-14 10:32:33.659  7415 10539 V [MYTAG][mail_tcp_socket][HttpTransportLayer]: 	[content]{"result":0,"info":{"status":0,"free":286,"total":1883}}
09-14 10:32:33.659  7415 10539 V [MYTAG][mail_tcp_socket][HttpTransportLayer]: -----------------------------------------
09-14 10:32:33.661  7415  7415 W ProxyAndroidLoggerBackend: Too many Flogger logs received before configuration. Dropping old logs.
09-14 10:32:33.662  7415  7415 I chatty  : uid=10291(com.vidure.app) identical 2 lines
09-14 10:32:33.663  7415  7415 W ProxyAndroidLoggerBackend: Too many Flogger logs received before configuration. Dropping old logs.
09-14 10:32:33.668  7415 12296 W ProxyAndroidLoggerBackend: Too many Flogger logs received before configuration. Dropping old logs.
09-14 10:32:33.669  7415 12214 W ProxyAndroidLoggerBackend: Too many Flogger logs received before configuration. Dropping old logs.
09-14 10:32:33.677  7415 10539 V [MYTAG][main][Device]: 603 dev is connected:true
09-14 10:32:33.680  7415 10539 V [MYTAG][main][CameraPreviewActivity]: rev msg1:264454
09-14 10:32:33.680  7415 10539 V [MYTAG][main][Device]: 603 dev is connected:true
09-14 10:32:33.680  7415 10539 V [MYTAG][main][CameraPreviewActivity]: rev msg1:589832
09-14 10:32:35.490  7415 12293 W ProxyAndroidLoggerBackend: Too many Flogger logs received before configuration. Dropping old logs.
09-14 10:32:35.504  7415 12293 I chatty  : uid=10291(com.vidure.app) identical 2 lines
09-14 10:32:35.504  7415 12293 W ProxyAndroidLoggerBackend: Too many Flogger logs received before configuration. Dropping old logs.
09-14 10:32:36.624  7415 10539 V [MYTAG][mail_tcp_socket][ViiSocketMailDataPhraser]: ------------mail---------------
09-14 10:32:36.624  7415 10539 V [MYTAG][mail_tcp_socket][ViiSocketMailDataPhraser]: {"msgid":"battery","info":{"capacity":82,"charge":0},"time":1757845956}
09-14 10:32:36.636  7415 10750 W System  : Ignoring header sessionid because its value was null.
09-14 10:32:36.637  7415 10750 I System.out: (HTTPLog)-Static: isSBSettingEnabled false
09-14 10:32:36.637  7415 10750 I System.out: (HTTPLog)-Static: isSBSettingEnabled false
09-14 10:32:36.637  7415 10539 V [MYTAG][main][Device]: 603 dev is connected:true
09-14 10:32:36.637  7415 10539 V [MYTAG][mail_tcp_socket][ViiSocketMailDataPhraser]: ------------mail---------------
09-14 10:32:36.637  7415 10539 V [MYTAG][mail_tcp_socket][ViiSocketMailDataPhraser]: {"msgid":"sd","info":{"status":0},"time":1757845956}
09-14 10:32:36.638  7415 10539 V [MYTAG][mail_tcp_socket][RemoteOptor]: ----
09-14 10:32:36.638  7415 10539 V [MYTAG][mail_tcp_socket][RemoteOptor]: [CMD]DEV_SDCARD_STATUS_QUERY
09-14 10:32:36.638  7415 10539 V [MYTAG][mail_tcp_socket][RemoteOptor]: [PARAM]null
09-14 10:32:36.638  7415 10539 V [MYTAG][mail_tcp_socket][HttpTransportLayer]: [HTTP SEND GET]
09-14 10:32:36.638  7415 10539 V [MYTAG][mail_tcp_socket][HttpTransportLayer]: 	 url:http://192.168.0.1:80/app/getsdinfo
09-14 10:32:36.661  7415 10539 V [MYTAG][mail_tcp_socket][HttpTransportLayer]: [HTTP RSP]
09-14 10:32:36.661  7415 10539 V [MYTAG][mail_tcp_socket][HttpTransportLayer]: 	 errcode:0
09-14 10:32:36.661  7415 10539 V [MYTAG][mail_tcp_socket][HttpTransportLayer]: 	[content]{"result":0,"info":{"status":0,"free":286,"total":1883}}
09-14 10:32:36.661  7415 10539 V [MYTAG][mail_tcp_socket][HttpTransportLayer]: -----------------------------------------
09-14 10:32:36.706  7415  7415 W ProxyAndroidLoggerBackend: Too many Flogger logs received before configuration. Dropping old logs.
09-14 10:32:36.718  7415  7415 I chatty  : uid=10291(com.vidure.app) identical 6 lines
09-14 10:32:36.719  7415  7415 W ProxyAndroidLoggerBackend: Too many Flogger logs received before configuration. Dropping old logs.
09-14 10:32:36.738  7415 10539 V [MYTAG][main][Device]: 603 dev is connected:true
09-14 10:32:36.743  7415 10539 V [MYTAG][main][CameraPreviewActivity]: rev msg1:264454
09-14 10:32:36.743  7415 10539 V [MYTAG][main][Device]: 603 dev is connected:true
09-14 10:32:36.744  7415 10539 V [MYTAG][main][CameraPreviewActivity]: rev msg1:589832
09-14 10:32:36.809  7415 10751 W System  : Ignoring header sessionid because its value was null.
09-14 10:32:36.809  7415 10539 V [MYTAG][HeartbeatMgr][RemoteOptor]: ----
09-14 10:32:36.809  7415 10539 V [MYTAG][HeartbeatMgr][RemoteOptor]: [CMD]Basic_Msg_MailBox
09-14 10:32:36.809  7415 10539 V [MYTAG][HeartbeatMgr][RemoteOptor]: [PARAM]null
09-14 10:32:36.809  7415 10539 V [MYTAG][HeartbeatMgr][HttpTransportLayer]: [HTTP SEND GET]
09-14 10:32:36.809  7415 10539 V [MYTAG][HeartbeatMgr][HttpTransportLayer]: 	 url:http://192.168.0.1:80/app/getparamvalue?param=rec
09-14 10:32:36.809  7415 10751 I System.out: (HTTPLog)-Static: isSBSettingEnabled false
09-14 10:32:36.809  7415 10751 I System.out: (HTTPLog)-Static: isSBSettingEnabled false
09-14 10:32:36.829  7415 10539 V [MYTAG][HeartbeatMgr][HttpTransportLayer]: [HTTP RSP]
09-14 10:32:36.829  7415 10539 V [MYTAG][HeartbeatMgr][HttpTransportLayer]: 	 errcode:0
09-14 10:32:36.829  7415 10539 V [MYTAG][HeartbeatMgr][HttpTransportLayer]: 	[content]{"result":0,"info":{"value":0}}
09-14 10:32:36.829  7415 10539 V [MYTAG][HeartbeatMgr][HttpTransportLayer]: -----------------------------------------
09-14 10:32:39.637  7415 10539 V [MYTAG][mail_tcp_socket][ViiSocketMailDataPhraser]: ------------mail---------------
09-14 10:32:39.637  7415 10539 V [MYTAG][mail_tcp_socket][ViiSocketMailDataPhraser]: {"msgid":"battery","info":{"capacity":82,"charge":0},"time":1757845959}
09-14 10:32:39.641  7415 10750 W System  : Ignoring header sessionid because its value was null.
09-14 10:32:39.641  7415 10750 I System.out: (HTTPLog)-Static: isSBSettingEnabled false
09-14 10:32:39.641  7415 10750 I System.out: (HTTPLog)-Static: isSBSettingEnabled false
09-14 10:32:39.644  7415 10539 V [MYTAG][mail_tcp_socket][ViiSocketMailDataPhraser]: ------------mail---------------
09-14 10:32:39.644  7415 10539 V [MYTAG][mail_tcp_socket][ViiSocketMailDataPhraser]: {"msgid":"sd","info":{"status":0},"time":1757845959}
09-14 10:32:39.647  7415 10539 V [MYTAG][mail_tcp_socket][RemoteOptor]: ----
09-14 10:32:39.647  7415 10539 V [MYTAG][mail_tcp_socket][RemoteOptor]: [CMD]DEV_SDCARD_STATUS_QUERY
09-14 10:32:39.647  7415 10539 V [MYTAG][mail_tcp_socket][RemoteOptor]: [PARAM]null
09-14 10:32:39.647  7415 10539 V [MYTAG][mail_tcp_socket][HttpTransportLayer]: [HTTP SEND GET]
09-14 10:32:39.647  7415 10539 V [MYTAG][mail_tcp_socket][HttpTransportLayer]: 	 url:http://192.168.0.1:80/app/getsdinfo
09-14 10:32:39.648  7415 10539 V [MYTAG][main][Device]: 603 dev is connected:true
09-14 10:32:39.668  7415 10539 V [MYTAG][mail_tcp_socket][HttpTransportLayer]: [HTTP RSP]
09-14 10:32:39.668  7415 10539 V [MYTAG][mail_tcp_socket][HttpTransportLayer]: 	 errcode:0
09-14 10:32:39.668  7415 10539 V [MYTAG][mail_tcp_socket][HttpTransportLayer]: 	[content]{"result":0,"info":{"status":0,"free":286,"total":1883}}
09-14 10:32:39.668  7415 10539 V [MYTAG][mail_tcp_socket][HttpTransportLayer]: -----------------------------------------
09-14 10:32:39.676  7415  7415 W ProxyAndroidLoggerBackend: Too many Flogger logs received before configuration. Dropping old logs.
09-14 10:32:39.694  7415  7415 I chatty  : uid=10291(com.vidure.app) identical 6 lines
09-14 10:32:39.695  7415  7415 W ProxyAndroidLoggerBackend: Too many Flogger logs received before configuration. Dropping old logs.
09-14 10:32:39.702  7415 10539 V [MYTAG][main][Device]: 603 dev is connected:true
09-14 10:32:39.705  7415 10539 V [MYTAG][main][CameraPreviewActivity]: rev msg1:264454
09-14 10:32:39.706  7415 10539 V [MYTAG][main][Device]: 603 dev is connected:true
09-14 10:32:39.706  7415 10539 V [MYTAG][main][CameraPreviewActivity]: rev msg1:589832
09-14 10:32:40.808  7415 10539 V [MYTAG][HeartbeatMgr][RemoteOptor]: ----
09-14 10:32:40.808  7415 10539 V [MYTAG][HeartbeatMgr][RemoteOptor]: [CMD]Basic_Msg_MailBox
09-14 10:32:40.808  7415 10539 V [MYTAG][HeartbeatMgr][RemoteOptor]: [PARAM]null
09-14 10:32:40.809  7415 10751 W System  : Ignoring header sessionid because its value was null.
09-14 10:32:40.809  7415 10539 V [MYTAG][HeartbeatMgr][HttpTransportLayer]: [HTTP SEND GET]
09-14 10:32:40.809  7415 10539 V [MYTAG][HeartbeatMgr][HttpTransportLayer]: 	 url:http://192.168.0.1:80/app/getparamvalue?param=rec
09-14 10:32:40.810  7415 10751 I System.out: (HTTPLog)-Static: isSBSettingEnabled false
09-14 10:32:40.810  7415 10751 I System.out: (HTTPLog)-Static: isSBSettingEnabled false
09-14 10:32:41.119  7415 10539 V [MYTAG][HeartbeatMgr][HttpTransportLayer]: [HTTP RSP]
09-14 10:32:41.119  7415 10539 V [MYTAG][HeartbeatMgr][HttpTransportLayer]: 	 errcode:0
09-14 10:32:41.119  7415 10539 V [MYTAG][HeartbeatMgr][HttpTransportLayer]: 	[content]{"result":0,"info":{"value":0}}
09-14 10:32:41.119  7415 10539 V [MYTAG][HeartbeatMgr][HttpTransportLayer]: -----------------------------------------
09-14 10:32:42.677  7415 10539 V [MYTAG][mail_tcp_socket][ViiSocketMailDataPhraser]: ------------mail---------------
09-14 10:32:42.677  7415 10539 V [MYTAG][mail_tcp_socket][ViiSocketMailDataPhraser]: {"msgid":"battery","info":{"capacity":82,"charge":0},"time":1757845962}
09-14 10:32:42.684  7415 10539 V [MYTAG][main][Device]: 603 dev is connected:true
09-14 10:32:42.684  7415 10539 V [MYTAG][mail_tcp_socket][ViiSocketMailDataPhraser]: ------------mail---------------
09-14 10:32:42.684  7415 10539 V [MYTAG][mail_tcp_socket][ViiSocketMailDataPhraser]: {"msgid":"sd","info":{"status":0},"time":1757845962}
09-14 10:32:42.685  7415 10750 W System  : Ignoring header sessionid because its value was null.
09-14 10:32:42.686  7415 10750 I System.out: (HTTPLog)-Static: isSBSettingEnabled false
09-14 10:32:42.691  7415 10539 V [MYTAG][mail_tcp_socket][RemoteOptor]: ----
09-14 10:32:42.691  7415 10539 V [MYTAG][mail_tcp_socket][RemoteOptor]: [CMD]DEV_SDCARD_STATUS_QUERY
09-14 10:32:42.691  7415 10539 V [MYTAG][mail_tcp_socket][RemoteOptor]: [PARAM]null
09-14 10:32:42.691  7415 10539 V [MYTAG][mail_tcp_socket][HttpTransportLayer]: [HTTP SEND GET]
09-14 10:32:42.691  7415 10539 V [MYTAG][mail_tcp_socket][HttpTransportLayer]: 	 url:http://192.168.0.1:80/app/getsdinfo
09-14 10:32:42.693  7415 10750 I System.out: (HTTPLog)-Static: isSBSettingEnabled false
09-14 10:32:42.720  7415 10539 V [MYTAG][mail_tcp_socket][HttpTransportLayer]: [HTTP RSP]
09-14 10:32:42.720  7415 10539 V [MYTAG][mail_tcp_socket][HttpTransportLayer]: 	 errcode:0
09-14 10:32:42.720  7415 10539 V [MYTAG][mail_tcp_socket][HttpTransportLayer]: 	[content]{"result":0,"info":{"status":0,"free":286,"total":1883}}
09-14 10:32:42.720  7415 10539 V [MYTAG][mail_tcp_socket][HttpTransportLayer]: -----------------------------------------
09-14 10:32:42.724  7415  7415 W ProxyAndroidLoggerBackend: Too many Flogger logs received before configuration. Dropping old logs.
09-14 10:32:42.734  7415  7415 I chatty  : uid=10291(com.vidure.app) identical 6 lines
09-14 10:32:42.736  7415  7415 W ProxyAndroidLoggerBackend: Too many Flogger logs received before configuration. Dropping old logs.
09-14 10:32:42.748  7415 10539 V [MYTAG][main][Device]: 603 dev is connected:true
09-14 10:32:42.749  7415 10539 V [MYTAG][main][CameraPreviewActivity]: rev msg1:264454
09-14 10:32:42.749  7415 12235 W ProxyAndroidLoggerBackend: Too many Flogger logs received before configuration. Dropping old logs.
09-14 10:32:42.749  7415 12235 W ProxyAndroidLoggerBackend: Too many Flogger logs received before configuration. Dropping old logs.
09-14 10:32:42.749  7415 10539 V [MYTAG][main][Device]: 603 dev is connected:true
09-14 10:32:42.749  7415 12296 W ProxyAndroidLoggerBackend: Too many Flogger logs received before configuration. Dropping old logs.
09-14 10:32:42.749  7415 10539 V [MYTAG][main][CameraPreviewActivity]: rev msg1:589832
09-14 10:32:44.810  7415 10751 W System  : Ignoring header sessionid because its value was null.
09-14 10:32:44.811  7415 10751 I System.out: (HTTPLog)-Static: isSBSettingEnabled false
09-14 10:32:44.811  7415 10751 I System.out: (HTTPLog)-Static: isSBSettingEnabled false
09-14 10:32:44.811  7415 10539 V [MYTAG][HeartbeatMgr][RemoteOptor]: ----
09-14 10:32:44.811  7415 10539 V [MYTAG][HeartbeatMgr][RemoteOptor]: [CMD]Basic_Msg_MailBox
09-14 10:32:44.811  7415 10539 V [MYTAG][HeartbeatMgr][RemoteOptor]: [PARAM]null
09-14 10:32:44.811  7415 10539 V [MYTAG][HeartbeatMgr][HttpTransportLayer]: [HTTP SEND GET]
09-14 10:32:44.811  7415 10539 V [MYTAG][HeartbeatMgr][HttpTransportLayer]: 	 url:http://192.168.0.1:80/app/getparamvalue?param=rec
09-14 10:32:44.844  7415 10539 V [MYTAG][HeartbeatMgr][HttpTransportLayer]: [HTTP RSP]
09-14 10:32:44.844  7415 10539 V [MYTAG][HeartbeatMgr][HttpTransportLayer]: 	 errcode:0
09-14 10:32:44.844  7415 10539 V [MYTAG][HeartbeatMgr][HttpTransportLayer]: 	[content]{"result":0,"info":{"value":0}}
09-14 10:32:44.844  7415 10539 V [MYTAG][HeartbeatMgr][HttpTransportLayer]: -----------------------------------------
09-14 10:32:45.009  7415 10495 I com.vidure.app: Background young concurrent copying GC freed 100320(17MB) AllocSpace objects, 42(2504KB) LOS objects, 20% free, 75MB/96MB, paused 549us total 126.564ms
09-14 10:32:45.655  7415 10539 V [MYTAG][mail_tcp_socket][ViiSocketMailDataPhraser]: ------------mail---------------
09-14 10:32:45.655  7415 10539 V [MYTAG][mail_tcp_socket][ViiSocketMailDataPhraser]: {"msgid":"battery","info":{"capacity":82,"charge":0},"time":1757845965}
09-14 10:32:45.658  7415 10750 W System  : Ignoring header sessionid because its value was null.
09-14 10:32:45.659  7415 10750 I System.out: (HTTPLog)-Static: isSBSettingEnabled false
09-14 10:32:45.659  7415 10750 I System.out: (HTTPLog)-Static: isSBSettingEnabled false
09-14 10:32:45.666  7415 10539 V [MYTAG][mail_tcp_socket][ViiSocketMailDataPhraser]: ------------mail---------------
09-14 10:32:45.666  7415 10539 V [MYTAG][mail_tcp_socket][ViiSocketMailDataPhraser]: {"msgid":"sd","info":{"status":0},"time":1757845965}
09-14 10:32:45.666  7415 10539 V [MYTAG][mail_tcp_socket][RemoteOptor]: ----
09-14 10:32:45.666  7415 10539 V [MYTAG][mail_tcp_socket][RemoteOptor]: [CMD]DEV_SDCARD_STATUS_QUERY
09-14 10:32:45.666  7415 10539 V [MYTAG][mail_tcp_socket][RemoteOptor]: [PARAM]null
09-14 10:32:45.667  7415 10539 V [MYTAG][mail_tcp_socket][HttpTransportLayer]: [HTTP SEND GET]
09-14 10:32:45.667  7415 10539 V [MYTAG][mail_tcp_socket][HttpTransportLayer]: 	 url:http://192.168.0.1:80/app/getsdinfo
09-14 10:32:45.671  7415 10539 V [MYTAG][main][Device]: 603 dev is connected:true
09-14 10:32:45.691  7415 10539 V [MYTAG][mail_tcp_socket][HttpTransportLayer]: [HTTP RSP]
09-14 10:32:45.691  7415 10539 V [MYTAG][mail_tcp_socket][HttpTransportLayer]: 	 errcode:0
09-14 10:32:45.691  7415 10539 V [MYTAG][mail_tcp_socket][HttpTransportLayer]: 	[content]{"result":0,"info":{"status":0,"free":286,"total":1883}}
09-14 10:32:45.691  7415 10539 V [MYTAG][mail_tcp_socket][HttpTransportLayer]: -----------------------------------------
09-14 10:32:45.710  7415 12214 W ProxyAndroidLoggerBackend: Too many Flogger logs received before configuration. Dropping old logs.
09-14 10:32:45.711  7415 12214 W ProxyAndroidLoggerBackend: Too many Flogger logs received before configuration. Dropping old logs.
09-14 10:32:45.711  7415 12296 W ProxyAndroidLoggerBackend: Too many Flogger logs received before configuration. Dropping old logs.
09-14 10:32:45.737  7415  7415 W ProxyAndroidLoggerBackend: Too many Flogger logs received before configuration. Dropping old logs.
09-14 10:32:45.745  7415  7415 I chatty  : uid=10291(com.vidure.app) identical 6 lines
09-14 10:32:45.745  7415  7415 W ProxyAndroidLoggerBackend: Too many Flogger logs received before configuration. Dropping old logs.
09-14 10:32:45.755  7415 10539 V [MYTAG][main][Device]: 603 dev is connected:true
09-14 10:32:45.759  7415 10539 V [MYTAG][main][CameraPreviewActivity]: rev msg1:264454
09-14 10:32:45.759  7415 10539 V [MYTAG][main][Device]: 603 dev is connected:true
09-14 10:32:45.759  7415 10539 V [MYTAG][main][CameraPreviewActivity]: rev msg1:589832
09-14 10:32:47.226  7415  7415 W ProxyAndroidLoggerBackend: Too many Flogger logs received before configuration. Dropping old logs.
09-14 10:32:47.227  7415  7415 W ProxyAndroidLoggerBackend: Too many Flogger logs received before configuration. Dropping old logs.
09-14 10:32:47.228  7415 12214 W ProxyAndroidLoggerBackend: Too many Flogger logs received before configuration. Dropping old logs.
09-14 10:32:47.281  7415 12214 I chatty  : uid=10291(com.vidure.app) identical 923 lines
09-14 10:32:47.281  7415 12214 W ProxyAndroidLoggerBackend: Too many Flogger logs received before configuration. Dropping old logs.
09-14 10:32:47.281  7415 12214 W ProxyAndroidLoggerBackend: Too many Flogger logs received before configuration. Dropping old logs.
09-14 10:32:47.281  7415 12214 I chatty  : uid=10291(com.vidure.app) identical 7 lines
09-14 10:32:47.281  7415 12214 W ProxyAndroidLoggerBackend: Too many Flogger logs received before configuration. Dropping old logs.
09-14 10:32:47.281  7415 12214 W ProxyAndroidLoggerBackend: Too many Flogger logs received before configuration. Dropping old logs.
09-14 10:32:47.281  7415 12214 W ProxyAndroidLoggerBackend: Too many Flogger logs received before configuration. Dropping old logs.
09-14 10:32:47.282  7415 12214 I chatty  : uid=10291(com.vidure.app) identical 7 lines
09-14 10:32:47.282  7415 12214 W ProxyAndroidLoggerBackend: Too many Flogger logs received before configuration. Dropping old logs.
09-14 10:32:47.282  7415 12214 W ProxyAndroidLoggerBackend: Too many Flogger logs received before configuration. Dropping old logs.
09-14 10:32:47.283  7415 12214 I chatty  : uid=10291(com.vidure.app) identical 28 lines
09-14 10:32:47.283  7415 12214 W ProxyAndroidLoggerBackend: Too many Flogger logs received before configuration. Dropping old logs.
09-14 10:32:47.283  7415 12214 W ProxyAndroidLoggerBackend: Too many Flogger logs received before configuration. Dropping old logs.
09-14 10:32:47.285  7415 12214 I chatty  : uid=10291(com.vidure.app) identical 60 lines
09-14 10:32:47.285  7415 12214 W ProxyAndroidLoggerBackend: Too many Flogger logs received before configuration. Dropping old logs.
09-14 10:32:47.288  7415 12214 W ProxyAndroidLoggerBackend: Too many Flogger logs received before configuration. Dropping old logs.
09-14 10:32:47.290  7415 12214 I chatty  : uid=10291(com.vidure.app) identical 29 lines
09-14 10:32:47.290  7415 12214 W ProxyAndroidLoggerBackend: Too many Flogger logs received before configuration. Dropping old logs.
09-14 10:32:47.290  7415 12214 W ProxyAndroidLoggerBackend: Too many Flogger logs received before configuration. Dropping old logs.
09-14 10:32:47.294  7415 12214 I chatty  : uid=10291(com.vidure.app) identical 89 lines
09-14 10:32:47.294  7415 12214 W ProxyAndroidLoggerBackend: Too many Flogger logs received before configuration. Dropping old logs.
09-14 10:32:47.342  7415  7415 W ProxyAndroidLoggerBackend: Too many Flogger logs received before configuration. Dropping old logs.
09-14 10:32:47.342  7415  7415 W ProxyAndroidLoggerBackend: Too many Flogger logs received before configuration. Dropping old logs.
09-14 10:32:47.350  7415 12296 W ProxyAndroidLoggerBackend: Too many Flogger logs received before configuration. Dropping old logs.
09-14 10:32:47.354  7415 12296 W ProxyAndroidLoggerBackend: Too many Flogger logs received before configuration. Dropping old logs.
09-14 10:32:48.665  7415 10539 V [MYTAG][mail_tcp_socket][ViiSocketMailDataPhraser]: ------------mail---------------
09-14 10:32:48.665  7415 10539 V [MYTAG][mail_tcp_socket][ViiSocketMailDataPhraser]: {"msgid":"battery","info":{"capacity":80,"charge":0},"time":1757845968}
09-14 10:32:48.674  7415 10539 V [MYTAG][main][Device]: 603 dev is connected:true
09-14 10:32:48.676  7415 10750 W System  : Ignoring header sessionid because its value was null.
09-14 10:32:48.676  7415 10539 V [MYTAG][mail_tcp_socket][ViiSocketMailDataPhraser]: ------------mail---------------
09-14 10:32:48.676  7415 10539 V [MYTAG][mail_tcp_socket][ViiSocketMailDataPhraser]: {"msgid":"sd","info":{"status":0},"time":1757845968}
09-14 10:32:48.677  7415 10539 V [MYTAG][mail_tcp_socket][RemoteOptor]: ----
09-14 10:32:48.677  7415 10539 V [MYTAG][mail_tcp_socket][RemoteOptor]: [CMD]DEV_SDCARD_STATUS_QUERY
09-14 10:32:48.677  7415 10539 V [MYTAG][mail_tcp_socket][RemoteOptor]: [PARAM]null
09-14 10:32:48.677  7415 10750 I System.out: (HTTPLog)-Static: isSBSettingEnabled false
09-14 10:32:48.677  7415 10539 V [MYTAG][mail_tcp_socket][HttpTransportLayer]: [HTTP SEND GET]
09-14 10:32:48.677  7415 10539 V [MYTAG][mail_tcp_socket][HttpTransportLayer]: 	 url:http://192.168.0.1:80/app/getsdinfo
09-14 10:32:48.677  7415 10750 I System.out: (HTTPLog)-Static: isSBSettingEnabled false
09-14 10:32:48.702  7415 10539 V [MYTAG][mail_tcp_socket][HttpTransportLayer]: [HTTP RSP]
09-14 10:32:48.702  7415 10539 V [MYTAG][mail_tcp_socket][HttpTransportLayer]: 	 errcode:0
09-14 10:32:48.702  7415 10539 V [MYTAG][mail_tcp_socket][HttpTransportLayer]: 	[content]{"result":0,"info":{"status":0,"free":286,"total":1883}}
09-14 10:32:48.702  7415 10539 V [MYTAG][mail_tcp_socket][HttpTransportLayer]: -----------------------------------------
09-14 10:32:48.710  7415  7415 W ProxyAndroidLoggerBackend: Too many Flogger logs received before configuration. Dropping old logs.
09-14 10:32:48.721  7415  7415 I chatty  : uid=10291(com.vidure.app) identical 7 lines
09-14 10:32:48.722  7415  7415 W ProxyAndroidLoggerBackend: Too many Flogger logs received before configuration. Dropping old logs.
09-14 10:32:48.733  7415 10539 V [MYTAG][main][Device]: 603 dev is connected:true
09-14 10:32:48.737  7415 10539 V [MYTAG][main][CameraPreviewActivity]: rev msg1:264454
09-14 10:32:48.738  7415 10539 V [MYTAG][main][Device]: 603 dev is connected:true
09-14 10:32:48.738  7415 10539 V [MYTAG][main][CameraPreviewActivity]: rev msg1:589832
09-14 10:32:48.811  7415 10751 W System  : Ignoring header sessionid because its value was null.
09-14 10:32:48.814  7415 10539 V [MYTAG][HeartbeatMgr][RemoteOptor]: ----
09-14 10:32:48.814  7415 10539 V [MYTAG][HeartbeatMgr][RemoteOptor]: [CMD]Basic_Msg_MailBox
09-14 10:32:48.814  7415 10539 V [MYTAG][HeartbeatMgr][RemoteOptor]: [PARAM]null
09-14 10:32:48.814  7415 10539 V [MYTAG][HeartbeatMgr][HttpTransportLayer]: [HTTP SEND GET]
09-14 10:32:48.814  7415 10539 V [MYTAG][HeartbeatMgr][HttpTransportLayer]: 	 url:http://192.168.0.1:80/app/getparamvalue?param=rec
09-14 10:32:48.814  7415 10751 I System.out: (HTTPLog)-Static: isSBSettingEnabled false
09-14 10:32:48.814  7415 10751 I System.out: (HTTPLog)-Static: isSBSettingEnabled false
09-14 10:32:48.858  7415 10539 V [MYTAG][HeartbeatMgr][HttpTransportLayer]: [HTTP RSP]
09-14 10:32:48.858  7415 10539 V [MYTAG][HeartbeatMgr][HttpTransportLayer]: 	 errcode:0
09-14 10:32:48.858  7415 10539 V [MYTAG][HeartbeatMgr][HttpTransportLayer]: 	[content]{"result":0,"info":{"value":0}}
09-14 10:32:48.858  7415 10539 V [MYTAG][HeartbeatMgr][HttpTransportLayer]: -----------------------------------------
09-14 10:32:51.676  7415 10539 V [MYTAG][mail_tcp_socket][ViiSocketMailDataPhraser]: ------------mail---------------
09-14 10:32:51.676  7415 10539 V [MYTAG][mail_tcp_socket][ViiSocketMailDataPhraser]: {"msgid":"battery","info":{"capacity":80,"charge":0},"time":1757845971}
09-14 10:32:51.678  7415 10750 W System  : Ignoring header sessionid because its value was null.
09-14 10:32:51.681  7415 10539 V [MYTAG][mail_tcp_socket][ViiSocketMailDataPhraser]: ------------mail---------------
09-14 10:32:51.681  7415 10539 V [MYTAG][mail_tcp_socket][ViiSocketMailDataPhraser]: {"msgid":"sd","info":{"status":0},"time":1757845971}
09-14 10:32:51.681  7415 10539 V [MYTAG][mail_tcp_socket][RemoteOptor]: ----
09-14 10:32:51.681  7415 10539 V [MYTAG][mail_tcp_socket][RemoteOptor]: [CMD]DEV_SDCARD_STATUS_QUERY
09-14 10:32:51.681  7415 10539 V [MYTAG][mail_tcp_socket][RemoteOptor]: [PARAM]null
09-14 10:32:51.681  7415 10539 V [MYTAG][mail_tcp_socket][HttpTransportLayer]: [HTTP SEND GET]
09-14 10:32:51.681  7415 10539 V [MYTAG][mail_tcp_socket][HttpTransportLayer]: 	 url:http://192.168.0.1:80/app/getsdinfo
09-14 10:32:51.683  7415 10750 I System.out: (HTTPLog)-Static: isSBSettingEnabled false
09-14 10:32:51.683  7415 10750 I System.out: (HTTPLog)-Static: isSBSettingEnabled false
09-14 10:32:51.688  7415 10539 V [MYTAG][main][Device]: 603 dev is connected:true
09-14 10:32:51.714  7415  7415 W ProxyAndroidLoggerBackend: Too many Flogger logs received before configuration. Dropping old logs.
09-14 10:32:51.718  7415  7415 I chatty  : uid=10291(com.vidure.app) identical 2 lines
09-14 10:32:51.718  7415  7415 W ProxyAndroidLoggerBackend: Too many Flogger logs received before configuration. Dropping old logs.
09-14 10:32:51.718  7415 10539 V [MYTAG][mail_tcp_socket][HttpTransportLayer]: [HTTP RSP]
09-14 10:32:51.718  7415 10539 V [MYTAG][mail_tcp_socket][HttpTransportLayer]: 	 errcode:0
09-14 10:32:51.718  7415 10539 V [MYTAG][mail_tcp_socket][HttpTransportLayer]: 	[content]{"result":0,"info":{"status":0,"free":286,"total":1883}}
09-14 10:32:51.718  7415 10539 V [MYTAG][mail_tcp_socket][HttpTransportLayer]: -----------------------------------------
09-14 10:32:51.721  7415  7415 W ProxyAndroidLoggerBackend: Too many Flogger logs received before configuration. Dropping old logs.
09-14 10:32:51.721  7415  7415 I chatty  : uid=10291(com.vidure.app) identical 2 lines
09-14 10:32:51.722  7415  7415 W ProxyAndroidLoggerBackend: Too many Flogger logs received before configuration. Dropping old logs.
09-14 10:32:51.732  7415 10539 V [MYTAG][main][Device]: 603 dev is connected:true
09-14 10:32:51.737  7415 10539 V [MYTAG][main][CameraPreviewActivity]: rev msg1:264454
09-14 10:32:51.738  7415 10539 V [MYTAG][main][Device]: 603 dev is connected:true
09-14 10:32:51.738  7415 10539 V [MYTAG][main][CameraPreviewActivity]: rev msg1:589832
09-14 10:32:52.812  7415 10751 W System  : Ignoring header sessionid because its value was null.
09-14 10:32:52.813  7415 10751 I System.out: (HTTPLog)-Static: isSBSettingEnabled false
09-14 10:32:52.813  7415 10751 I System.out: (HTTPLog)-Static: isSBSettingEnabled false
09-14 10:32:52.814  7415 10539 V [MYTAG][HeartbeatMgr][RemoteOptor]: ----
09-14 10:32:52.814  7415 10539 V [MYTAG][HeartbeatMgr][RemoteOptor]: [CMD]Basic_Msg_MailBox
09-14 10:32:52.814  7415 10539 V [MYTAG][HeartbeatMgr][RemoteOptor]: [PARAM]null
09-14 10:32:52.814  7415 10539 V [MYTAG][HeartbeatMgr][HttpTransportLayer]: [HTTP SEND GET]
09-14 10:32:52.814  7415 10539 V [MYTAG][HeartbeatMgr][HttpTransportLayer]: 	 url:http://192.168.0.1:80/app/getparamvalue?param=rec
09-14 10:32:52.861  7415 10539 V [MYTAG][HeartbeatMgr][HttpTransportLayer]: [HTTP RSP]
09-14 10:32:52.861  7415 10539 V [MYTAG][HeartbeatMgr][HttpTransportLayer]: 	 errcode:0
09-14 10:32:52.861  7415 10539 V [MYTAG][HeartbeatMgr][HttpTransportLayer]: 	[content]{"result":0,"info":{"value":0}}
09-14 10:32:52.861  7415 10539 V [MYTAG][HeartbeatMgr][HttpTransportLayer]: -----------------------------------------
09-14 10:32:54.686  7415 10539 V [MYTAG][mail_tcp_socket][ViiSocketMailDataPhraser]: ------------mail---------------
09-14 10:32:54.686  7415 10539 V [MYTAG][mail_tcp_socket][ViiSocketMailDataPhraser]: {"msgid":"battery","info":{"capacity":80,"charge":0},"time":1757845974}
09-14 10:32:54.692  7415 10750 W System  : Ignoring header sessionid because its value was null.
09-14 10:32:54.693  7415 10750 I System.out: (HTTPLog)-Static: isSBSettingEnabled false
09-14 10:32:54.694  7415 10750 I System.out: (HTTPLog)-Static: isSBSettingEnabled false
09-14 10:32:54.695  7415 10539 V [MYTAG][mail_tcp_socket][ViiSocketMailDataPhraser]: ------------mail---------------
09-14 10:32:54.695  7415 10539 V [MYTAG][mail_tcp_socket][ViiSocketMailDataPhraser]: {"msgid":"sd","info":{"status":0},"time":1757845974}
09-14 10:32:54.695  7415 10539 V [MYTAG][mail_tcp_socket][RemoteOptor]: ----
09-14 10:32:54.695  7415 10539 V [MYTAG][mail_tcp_socket][RemoteOptor]: [CMD]DEV_SDCARD_STATUS_QUERY
09-14 10:32:54.695  7415 10539 V [MYTAG][mail_tcp_socket][RemoteOptor]: [PARAM]null
09-14 10:32:54.695  7415 10539 V [MYTAG][mail_tcp_socket][HttpTransportLayer]: [HTTP SEND GET]
09-14 10:32:54.695  7415 10539 V [MYTAG][mail_tcp_socket][HttpTransportLayer]: 	 url:http://192.168.0.1:80/app/getsdinfo
09-14 10:32:54.698  7415 10539 V [MYTAG][main][Device]: 603 dev is connected:true
09-14 10:32:54.722  7415 10539 V [MYTAG][mail_tcp_socket][HttpTransportLayer]: [HTTP RSP]
09-14 10:32:54.722  7415 10539 V [MYTAG][mail_tcp_socket][HttpTransportLayer]: 	 errcode:0
09-14 10:32:54.722  7415 10539 V [MYTAG][mail_tcp_socket][HttpTransportLayer]: 	[content]{"result":0,"info":{"status":0,"free":286,"total":1883}}
09-14 10:32:54.722  7415 10539 V [MYTAG][mail_tcp_socket][HttpTransportLayer]: -----------------------------------------
09-14 10:32:54.739  7415  7415 W ProxyAndroidLoggerBackend: Too many Flogger logs received before configuration. Dropping old logs.
09-14 10:32:54.748  7415  7415 I chatty  : uid=10291(com.vidure.app) identical 6 lines
09-14 10:32:54.749  7415  7415 W ProxyAndroidLoggerBackend: Too many Flogger logs received before configuration. Dropping old logs.
09-14 10:32:54.757  7415 12296 W ProxyAndroidLoggerBackend: Too many Flogger logs received before configuration. Dropping old logs.
09-14 10:32:54.765  7415 10539 V [MYTAG][main][Device]: 603 dev is connected:true
09-14 10:32:54.766  7415 10539 V [MYTAG][main][CameraPreviewActivity]: rev msg1:264454
09-14 10:32:54.767  7415 10539 V [MYTAG][main][Device]: 603 dev is connected:true
09-14 10:32:54.767  7415 10539 V [MYTAG][main][CameraPreviewActivity]: rev msg1:589832
09-14 10:32:56.813  7415 10539 V [MYTAG][HeartbeatMgr][RemoteOptor]: ----
09-14 10:32:56.813  7415 10539 V [MYTAG][HeartbeatMgr][RemoteOptor]: [CMD]Basic_Msg_MailBox
09-14 10:32:56.813  7415 10539 V [MYTAG][HeartbeatMgr][RemoteOptor]: [PARAM]null
09-14 10:32:56.814  7415 10751 W System  : Ignoring header sessionid because its value was null.
09-14 10:32:56.815  7415 10751 I System.out: (HTTPLog)-Static: isSBSettingEnabled false
09-14 10:32:56.815  7415 10751 I System.out: (HTTPLog)-Static: isSBSettingEnabled false
09-14 10:32:56.815  7415 10539 V [MYTAG][HeartbeatMgr][HttpTransportLayer]: [HTTP SEND GET]
09-14 10:32:56.815  7415 10539 V [MYTAG][HeartbeatMgr][HttpTransportLayer]: 	 url:http://192.168.0.1:80/app/getparamvalue?param=rec
09-14 10:32:56.857  7415 10539 V [MYTAG][HeartbeatMgr][HttpTransportLayer]: [HTTP RSP]
09-14 10:32:56.857  7415 10539 V [MYTAG][HeartbeatMgr][HttpTransportLayer]: 	 errcode:0
09-14 10:32:56.857  7415 10539 V [MYTAG][HeartbeatMgr][HttpTransportLayer]: 	[content]{"result":0,"info":{"value":0}}
09-14 10:32:56.857  7415 10539 V [MYTAG][HeartbeatMgr][HttpTransportLayer]: -----------------------------------------
09-14 10:32:57.695  7415 10539 V [MYTAG][mail_tcp_socket][ViiSocketMailDataPhraser]: ------------mail---------------
09-14 10:32:57.695  7415 10539 V [MYTAG][mail_tcp_socket][ViiSocketMailDataPhraser]: {"msgid":"battery","info":{"capacity":80,"charge":0},"time":1757845977}
09-14 10:32:57.697  7415 10750 W System  : Ignoring header sessionid because its value was null.
09-14 10:32:57.697  7415 10539 V [MYTAG][mail_tcp_socket][ViiSocketMailDataPhraser]: ------------mail---------------
09-14 10:32:57.697  7415 10539 V [MYTAG][mail_tcp_socket][ViiSocketMailDataPhraser]: {"msgid":"sd","info":{"status":0},"time":1757845977}
09-14 10:32:57.697  7415 10539 V [MYTAG][mail_tcp_socket][RemoteOptor]: ----
09-14 10:32:57.697  7415 10539 V [MYTAG][mail_tcp_socket][RemoteOptor]: [CMD]DEV_SDCARD_STATUS_QUERY
09-14 10:32:57.697  7415 10539 V [MYTAG][mail_tcp_socket][RemoteOptor]: [PARAM]null
09-14 10:32:57.697  7415 10539 V [MYTAG][mail_tcp_socket][HttpTransportLayer]: [HTTP SEND GET]
09-14 10:32:57.697  7415 10539 V [MYTAG][mail_tcp_socket][HttpTransportLayer]: 	 url:http://192.168.0.1:80/app/getsdinfo
09-14 10:32:57.698  7415 10750 I System.out: (HTTPLog)-Static: isSBSettingEnabled false
09-14 10:32:57.698  7415 10750 I System.out: (HTTPLog)-Static: isSBSettingEnabled false
09-14 10:32:57.705  7415 10539 V [MYTAG][main][Device]: 603 dev is connected:true
09-14 10:32:57.726  7415 10539 V [MYTAG][mail_tcp_socket][HttpTransportLayer]: [HTTP RSP]
09-14 10:32:57.726  7415 10539 V [MYTAG][mail_tcp_socket][HttpTransportLayer]: 	 errcode:0
09-14 10:32:57.726  7415 10539 V [MYTAG][mail_tcp_socket][HttpTransportLayer]: 	[content]{"result":0,"info":{"status":0,"free":286,"total":1883}}
09-14 10:32:57.726  7415 10539 V [MYTAG][mail_tcp_socket][HttpTransportLayer]: -----------------------------------------
09-14 10:32:57.748  7415  7415 W ProxyAndroidLoggerBackend: Too many Flogger logs received before configuration. Dropping old logs.
09-14 10:32:57.755  7415  7415 I chatty  : uid=10291(com.vidure.app) identical 6 lines
09-14 10:32:57.756  7415  7415 W ProxyAndroidLoggerBackend: Too many Flogger logs received before configuration. Dropping old logs.
09-14 10:32:57.778  7415 10539 V [MYTAG][main][Device]: 603 dev is connected:true
09-14 10:32:57.782  7415 10539 V [MYTAG][main][CameraPreviewActivity]: rev msg1:264454
09-14 10:32:57.783  7415 10539 V [MYTAG][main][Device]: 603 dev is connected:true
09-14 10:32:57.783  7415 10539 V [MYTAG][main][CameraPreviewActivity]: rev msg1:589832
09-14 10:33:00.705  7415 10539 V [MYTAG][mail_tcp_socket][ViiSocketMailDataPhraser]: ------------mail---------------
09-14 10:33:00.705  7415 10539 V [MYTAG][mail_tcp_socket][ViiSocketMailDataPhraser]: {"msgid":"battery","info":{"capacity":80,"charge":0},"time":1757845980}
09-14 10:33:00.707  7415 10539 V [MYTAG][mail_tcp_socket][ViiSocketMailDataPhraser]: ------------mail---------------
09-14 10:33:00.707  7415 10539 V [MYTAG][mail_tcp_socket][ViiSocketMailDataPhraser]: {"msgid":"sd","info":{"status":0},"time":1757845980}
09-14 10:33:00.708  7415 10539 V [MYTAG][mail_tcp_socket][RemoteOptor]: ----
09-14 10:33:00.708  7415 10539 V [MYTAG][mail_tcp_socket][RemoteOptor]: [CMD]DEV_SDCARD_STATUS_QUERY
09-14 10:33:00.708  7415 10539 V [MYTAG][mail_tcp_socket][RemoteOptor]: [PARAM]null
09-14 10:33:00.708  7415 10750 W System  : Ignoring header sessionid because its value was null.
09-14 10:33:00.708  7415 10539 V [MYTAG][mail_tcp_socket][HttpTransportLayer]: [HTTP SEND GET]
09-14 10:33:00.708  7415 10539 V [MYTAG][mail_tcp_socket][HttpTransportLayer]: 	 url:http://192.168.0.1:80/app/getsdinfo
09-14 10:33:00.708  7415 10750 I System.out: (HTTPLog)-Static: isSBSettingEnabled false
09-14 10:33:00.709  7415 10750 I System.out: (HTTPLog)-Static: isSBSettingEnabled false
09-14 10:33:00.734  7415 10539 V [MYTAG][main][Device]: 603 dev is connected:true
09-14 10:33:00.735  7415 10539 V [MYTAG][mail_tcp_socket][HttpTransportLayer]: [HTTP RSP]
09-14 10:33:00.735  7415 10539 V [MYTAG][mail_tcp_socket][HttpTransportLayer]: 	 errcode:0
09-14 10:33:00.735  7415 10539 V [MYTAG][mail_tcp_socket][HttpTransportLayer]: 	[content]{"result":0,"info":{"status":0,"free":286,"total":1883}}
09-14 10:33:00.735  7415 10539 V [MYTAG][mail_tcp_socket][HttpTransportLayer]: -----------------------------------------
09-14 10:33:00.763  7415  7415 W ProxyAndroidLoggerBackend: Too many Flogger logs received before configuration. Dropping old logs.
09-14 10:33:00.772  7415  7415 I chatty  : uid=10291(com.vidure.app) identical 6 lines
09-14 10:33:00.773  7415  7415 W ProxyAndroidLoggerBackend: Too many Flogger logs received before configuration. Dropping old logs.
09-14 10:33:00.781  7415 10539 V [MYTAG][main][Device]: 603 dev is connected:true
09-14 10:33:00.782  7415 10539 V [MYTAG][main][CameraPreviewActivity]: rev msg1:264454
09-14 10:33:00.783  7415 10539 V [MYTAG][main][Device]: 603 dev is connected:true
09-14 10:33:00.783  7415 10539 V [MYTAG][main][CameraPreviewActivity]: rev msg1:589832
09-14 10:33:00.785  7415 12296 W ProxyAndroidLoggerBackend: Too many Flogger logs received before configuration. Dropping old logs.
09-14 10:33:00.813  7415 10751 W System  : Ignoring header sessionid because its value was null.
09-14 10:33:00.813  7415 10539 V [MYTAG][HeartbeatMgr][RemoteOptor]: ----
09-14 10:33:00.813  7415 10539 V [MYTAG][HeartbeatMgr][RemoteOptor]: [CMD]Basic_Msg_MailBox
09-14 10:33:00.813  7415 10539 V [MYTAG][HeartbeatMgr][RemoteOptor]: [PARAM]null
09-14 10:33:00.814  7415 10539 V [MYTAG][HeartbeatMgr][HttpTransportLayer]: [HTTP SEND GET]
09-14 10:33:00.814  7415 10539 V [MYTAG][HeartbeatMgr][HttpTransportLayer]: 	 url:http://192.168.0.1:80/app/getparamvalue?param=rec
09-14 10:33:00.814  7415 10751 I System.out: (HTTPLog)-Static: isSBSettingEnabled false
09-14 10:33:00.814  7415 10751 I System.out: (HTTPLog)-Static: isSBSettingEnabled false
09-14 10:33:00.859  7415 10539 V [MYTAG][HeartbeatMgr][HttpTransportLayer]: [HTTP RSP]
09-14 10:33:00.859  7415 10539 V [MYTAG][HeartbeatMgr][HttpTransportLayer]: 	 errcode:0
09-14 10:33:00.859  7415 10539 V [MYTAG][HeartbeatMgr][HttpTransportLayer]: 	[content]{"result":0,"info":{"value":0}}
09-14 10:33:00.859  7415 10539 V [MYTAG][HeartbeatMgr][HttpTransportLayer]: -----------------------------------------
09-14 10:33:03.715  7415 10539 V [MYTAG][mail_tcp_socket][ViiSocketMailDataPhraser]: ------------mail---------------
09-14 10:33:03.715  7415 10539 V [MYTAG][mail_tcp_socket][ViiSocketMailDataPhraser]: {"msgid":"battery","info":{"capacity":80,"charge":0},"time":1757845983}
09-14 10:33:03.716  7415 10750 W System  : Ignoring header sessionid because its value was null.
09-14 10:33:03.716  7415 10750 I System.out: (HTTPLog)-Static: isSBSettingEnabled false
09-14 10:33:03.717  7415 10750 I System.out: (HTTPLog)-Static: isSBSettingEnabled false
09-14 10:33:03.718  7415 10539 V [MYTAG][mail_tcp_socket][ViiSocketMailDataPhraser]: ------------mail---------------
09-14 10:33:03.718  7415 10539 V [MYTAG][mail_tcp_socket][ViiSocketMailDataPhraser]: {"msgid":"sd","info":{"status":0},"time":1757845983}
09-14 10:33:03.718  7415 10539 V [MYTAG][mail_tcp_socket][RemoteOptor]: ----
09-14 10:33:03.718  7415 10539 V [MYTAG][mail_tcp_socket][RemoteOptor]: [CMD]DEV_SDCARD_STATUS_QUERY
09-14 10:33:03.718  7415 10539 V [MYTAG][mail_tcp_socket][RemoteOptor]: [PARAM]null
09-14 10:33:03.718  7415 10539 V [MYTAG][mail_tcp_socket][HttpTransportLayer]: [HTTP SEND GET]
09-14 10:33:03.718  7415 10539 V [MYTAG][mail_tcp_socket][HttpTransportLayer]: 	 url:http://192.168.0.1:80/app/getsdinfo
09-14 10:33:03.723  7415 10539 V [MYTAG][main][Device]: 603 dev is connected:true
09-14 10:33:03.738  7415 10539 V [MYTAG][mail_tcp_socket][HttpTransportLayer]: [HTTP RSP]
09-14 10:33:03.738  7415 10539 V [MYTAG][mail_tcp_socket][HttpTransportLayer]: 	 errcode:0
09-14 10:33:03.738  7415 10539 V [MYTAG][mail_tcp_socket][HttpTransportLayer]: 	[content]{"result":0,"info":{"status":0,"free":286,"total":1883}}
09-14 10:33:03.738  7415 10539 V [MYTAG][mail_tcp_socket][HttpTransportLayer]: -----------------------------------------
09-14 10:33:03.762  7415  7415 W ProxyAndroidLoggerBackend: Too many Flogger logs received before configuration. Dropping old logs.
09-14 10:33:03.770  7415  7415 I chatty  : uid=10291(com.vidure.app) identical 6 lines
09-14 10:33:03.771  7415  7415 W ProxyAndroidLoggerBackend: Too many Flogger logs received before configuration. Dropping old logs.
09-14 10:33:03.781  7415 12214 W ProxyAndroidLoggerBackend: Too many Flogger logs received before configuration. Dropping old logs.
09-14 10:33:03.785  7415 10539 V [MYTAG][main][Device]: 603 dev is connected:true
09-14 10:33:03.788  7415 10539 V [MYTAG][main][CameraPreviewActivity]: rev msg1:264454
09-14 10:33:03.788  7415 10539 V [MYTAG][main][Device]: 603 dev is connected:true
09-14 10:33:03.788  7415 10539 V [MYTAG][main][CameraPreviewActivity]: rev msg1:589832
09-14 10:33:04.814  7415 10751 W System  : Ignoring header sessionid because its value was null.
09-14 10:33:04.814  7415 10539 V [MYTAG][HeartbeatMgr][RemoteOptor]: ----
09-14 10:33:04.814  7415 10539 V [MYTAG][HeartbeatMgr][RemoteOptor]: [CMD]Basic_Msg_MailBox
09-14 10:33:04.814  7415 10539 V [MYTAG][HeartbeatMgr][RemoteOptor]: [PARAM]null
09-14 10:33:04.814  7415 10751 I System.out: (HTTPLog)-Static: isSBSettingEnabled false
09-14 10:33:04.815  7415 10751 I System.out: (HTTPLog)-Static: isSBSettingEnabled false
09-14 10:33:04.815  7415 10539 V [MYTAG][HeartbeatMgr][HttpTransportLayer]: [HTTP SEND GET]
09-14 10:33:04.815  7415 10539 V [MYTAG][HeartbeatMgr][HttpTransportLayer]: 	 url:http://192.168.0.1:80/app/getparamvalue?param=rec
09-14 10:33:04.854  7415 10539 V [MYTAG][HeartbeatMgr][HttpTransportLayer]: [HTTP RSP]
09-14 10:33:04.854  7415 10539 V [MYTAG][HeartbeatMgr][HttpTransportLayer]: 	 errcode:0
09-14 10:33:04.854  7415 10539 V [MYTAG][HeartbeatMgr][HttpTransportLayer]: 	[content]{"result":0,"info":{"value":0}}
09-14 10:33:04.854  7415 10539 V [MYTAG][HeartbeatMgr][HttpTransportLayer]: -----------------------------------------
09-14 10:33:06.725  7415 10539 V [MYTAG][mail_tcp_socket][ViiSocketMailDataPhraser]: ------------mail---------------
09-14 10:33:06.725  7415 10539 V [MYTAG][mail_tcp_socket][ViiSocketMailDataPhraser]: {"msgid":"battery","info":{"capacity":80,"charge":0},"time":1757845986}
09-14 10:33:06.726  7415 10750 W System  : Ignoring header sessionid because its value was null.
09-14 10:33:06.727  7415 10750 I System.out: (HTTPLog)-Static: isSBSettingEnabled false
09-14 10:33:06.727  7415 10750 I System.out: (HTTPLog)-Static: isSBSettingEnabled false
09-14 10:33:06.730  7415 10539 V [MYTAG][mail_tcp_socket][ViiSocketMailDataPhraser]: ------------mail---------------
09-14 10:33:06.730  7415 10539 V [MYTAG][mail_tcp_socket][ViiSocketMailDataPhraser]: {"msgid":"sd","info":{"status":0},"time":1757845986}
09-14 10:33:06.731  7415 10539 V [MYTAG][mail_tcp_socket][RemoteOptor]: ----
09-14 10:33:06.731  7415 10539 V [MYTAG][mail_tcp_socket][RemoteOptor]: [CMD]DEV_SDCARD_STATUS_QUERY
09-14 10:33:06.731  7415 10539 V [MYTAG][mail_tcp_socket][RemoteOptor]: [PARAM]null
09-14 10:33:06.731  7415 10539 V [MYTAG][mail_tcp_socket][HttpTransportLayer]: [HTTP SEND GET]
09-14 10:33:06.731  7415 10539 V [MYTAG][mail_tcp_socket][HttpTransportLayer]: 	 url:http://192.168.0.1:80/app/getsdinfo
09-14 10:33:06.735  7415 10539 V [MYTAG][main][Device]: 603 dev is connected:true
09-14 10:33:06.763  7415 10539 V [MYTAG][mail_tcp_socket][HttpTransportLayer]: [HTTP RSP]
09-14 10:33:06.763  7415 10539 V [MYTAG][mail_tcp_socket][HttpTransportLayer]: 	 errcode:0
09-14 10:33:06.763  7415 10539 V [MYTAG][mail_tcp_socket][HttpTransportLayer]: 	[content]{"result":0,"info":{"status":0,"free":286,"total":1883}}
09-14 10:33:06.763  7415 10539 V [MYTAG][mail_tcp_socket][HttpTransportLayer]: -----------------------------------------
09-14 10:33:06.794  7415  7415 W ProxyAndroidLoggerBackend: Too many Flogger logs received before configuration. Dropping old logs.
09-14 10:33:06.796  7415  7415 W ProxyAndroidLoggerBackend: Too many Flogger logs received before configuration. Dropping old logs.
09-14 10:33:06.800  7415  7415 W ProxyAndroidLoggerBackend: Too many Flogger logs received before configuration. Dropping old logs.
09-14 10:33:06.805  7415  7415 I chatty  : uid=10291(com.vidure.app) identical 4 lines
09-14 10:33:06.806  7415  7415 W ProxyAndroidLoggerBackend: Too many Flogger logs received before configuration. Dropping old logs.
09-14 10:33:06.817  7415 10539 V [MYTAG][main][Device]: 603 dev is connected:true
09-14 10:33:06.820  7415 10539 V [MYTAG][main][CameraPreviewActivity]: rev msg1:264454
09-14 10:33:06.820  7415 10539 V [MYTAG][main][Device]: 603 dev is connected:true
09-14 10:33:06.820  7415 10539 V [MYTAG][main][CameraPreviewActivity]: rev msg1:589832
09-14 10:33:08.815  7415 10539 V [MYTAG][HeartbeatMgr][RemoteOptor]: ----
09-14 10:33:08.815  7415 10539 V [MYTAG][HeartbeatMgr][RemoteOptor]: [CMD]Basic_Msg_MailBox
09-14 10:33:08.815  7415 10539 V [MYTAG][HeartbeatMgr][RemoteOptor]: [PARAM]null
09-14 10:33:08.816  7415 10539 V [MYTAG][HeartbeatMgr][HttpTransportLayer]: [HTTP SEND GET]
09-14 10:33:08.816  7415 10539 V [MYTAG][HeartbeatMgr][HttpTransportLayer]: 	 url:http://192.168.0.1:80/app/getparamvalue?param=rec
09-14 10:33:08.816  7415 10751 W System  : Ignoring header sessionid because its value was null.
09-14 10:33:08.816  7415 10751 I System.out: (HTTPLog)-Static: isSBSettingEnabled false
09-14 10:33:08.817  7415 10751 I System.out: (HTTPLog)-Static: isSBSettingEnabled false
09-14 10:33:08.860  7415 10539 V [MYTAG][HeartbeatMgr][HttpTransportLayer]: [HTTP RSP]
09-14 10:33:08.860  7415 10539 V [MYTAG][HeartbeatMgr][HttpTransportLayer]: 	 errcode:0
09-14 10:33:08.860  7415 10539 V [MYTAG][HeartbeatMgr][HttpTransportLayer]: 	[content]{"result":0,"info":{"value":0}}
09-14 10:33:08.860  7415 10539 V [MYTAG][HeartbeatMgr][HttpTransportLayer]: -----------------------------------------
09-14 10:33:09.737  7415 10539 V [MYTAG][mail_tcp_socket][ViiSocketMailDataPhraser]: ------------mail---------------
09-14 10:33:09.737  7415 10539 V [MYTAG][mail_tcp_socket][ViiSocketMailDataPhraser]: {"msgid":"battery","info":{"capacity":80,"charge":0},"time":1757845989}
09-14 10:33:09.742  7415 10750 W System  : Ignoring header sessionid because its value was null.
09-14 10:33:09.743  7415 10539 V [MYTAG][mail_tcp_socket][ViiSocketMailDataPhraser]: ------------mail---------------
09-14 10:33:09.743  7415 10539 V [MYTAG][mail_tcp_socket][ViiSocketMailDataPhraser]: {"msgid":"sd","info":{"status":0},"time":1757845989}
09-14 10:33:09.743  7415 10539 V [MYTAG][mail_tcp_socket][RemoteOptor]: ----
09-14 10:33:09.743  7415 10539 V [MYTAG][mail_tcp_socket][RemoteOptor]: [CMD]DEV_SDCARD_STATUS_QUERY
09-14 10:33:09.743  7415 10539 V [MYTAG][mail_tcp_socket][RemoteOptor]: [PARAM]null
09-14 10:33:09.743  7415 10539 V [MYTAG][mail_tcp_socket][HttpTransportLayer]: [HTTP SEND GET]
09-14 10:33:09.743  7415 10539 V [MYTAG][mail_tcp_socket][HttpTransportLayer]: 	 url:http://192.168.0.1:80/app/getsdinfo
09-14 10:33:09.743  7415 10750 I System.out: (HTTPLog)-Static: isSBSettingEnabled false
09-14 10:33:09.743  7415 10750 I System.out: (HTTPLog)-Static: isSBSettingEnabled false
