03-15 11:08:38.701 19748 32347 V [MYTAG][mail_tcp_socket][ViiSocketMailDataPhraser]: ------------mail---------------
03-15 11:08:38.701 19748 32347 V [MYTAG][mail_tcp_socket][ViiSocketMailDataPhraser]: {"msgid":"battery","info":{"capacity":82,"charge":0},"time":1773572919}
03-15 11:08:38.708 19748 32347 V [MYTAG][mail_tcp_socket][ViiSocketMailDataPhraser]: ------------mail---------------
03-15 11:08:38.708 19748 32347 V [MYTAG][mail_tcp_socket][ViiSocketMailDataPhraser]: {"msgid":"sd","info":{"status":0},"time":1773572919}
03-15 11:08:38.708 19748 32347 V [MYTAG][mail_tcp_socket][RemoteOptor]: ----
03-15 11:08:38.708 19748 32347 V [MYTAG][mail_tcp_socket][RemoteOptor]: [CMD]DEV_SDCARD_STATUS_QUERY
03-15 11:08:38.708 19748 32347 V [MYTAG][mail_tcp_socket][RemoteOptor]: [PARAM]null
03-15 11:08:38.708 19748 32347 V [MYTAG][mail_tcp_socket][HttpTransportLayer]: [HTTP SEND GET]
03-15 11:08:38.708 19748 32347 V [MYTAG][mail_tcp_socket][HttpTransportLayer]: 	 url:http://192.168.0.1:80/app/getsdinfo
03-15 11:08:38.708 19748 32593 W System  : Ignoring header sessionid because its value was null.
03-15 11:08:38.709 19748 32593 I System.out: (HTTPLog)-Static: isSBSettingEnabled false
03-15 11:08:38.709 19748 32593 I System.out: (HTTPLog)-Static: isSBSettingEnabled false
03-15 11:08:38.712 19748 32347 V [MYTAG][main][Device]: 666 dev is connected:true
03-15 11:08:38.740 19748 19748 W ProxyAndroidLoggerBackend: Too many Flogger logs received before configuration. Dropping old logs.
03-15 11:08:38.742 19748 32347 V [MYTAG][mail_tcp_socket][HttpTransportLayer]: [HTTP RSP]
03-15 11:08:38.742 19748 32347 V [MYTAG][mail_tcp_socket][HttpTransportLayer]: 	 errcode:0
03-15 11:08:38.742 19748 32347 V [MYTAG][mail_tcp_socket][HttpTransportLayer]: 	[content]{"result":0,"info":{"status":0,"free":258,"total":1883}}
03-15 11:08:38.742 19748 32347 V [MYTAG][mail_tcp_socket][HttpTransportLayer]: -----------------------------------------
03-15 11:08:38.743 19748 19748 W ProxyAndroidLoggerBackend: Too many Flogger logs received before configuration. Dropping old logs.
03-15 11:08:38.757 19748 19748 I chatty  : uid=10291(com.vidure.app) identical 5 lines
03-15 11:08:38.757 19748 19748 W ProxyAndroidLoggerBackend: Too many Flogger logs received before configuration. Dropping old logs.
03-15 11:08:38.762 19748 32555 W ProxyAndroidLoggerBackend: Too many Flogger logs received before configuration. Dropping old logs.
03-15 11:08:38.762 19748 32555 W ProxyAndroidLoggerBackend: Too many Flogger logs received before configuration. Dropping old logs.
03-15 11:08:38.763 19748 32556 W ProxyAndroidLoggerBackend: Too many Flogger logs received before configuration. Dropping old logs.
03-15 11:08:38.763 19748 32556 I chatty  : uid=10291(com.vidure.app) identical 2 lines
03-15 11:08:38.763 19748 32556 W ProxyAndroidLoggerBackend: Too many Flogger logs received before configuration. Dropping old logs.
03-15 11:08:38.764 19748 32557 W ProxyAndroidLoggerBackend: Too many Flogger logs received before configuration. Dropping old logs.
03-15 11:08:38.765 19748 32555 W ProxyAndroidLoggerBackend: Too many Flogger logs received before configuration. Dropping old logs.
03-15 11:08:38.766 19748 32555 I chatty  : uid=10291(com.vidure.app) identical 4 lines
03-15 11:08:38.766 19748 32555 W ProxyAndroidLoggerBackend: Too many Flogger logs received before configuration. Dropping old logs.
03-15 11:08:38.766 19748 32556 W ProxyAndroidLoggerBackend: Too many Flogger logs received before configuration. Dropping old logs.
03-15 11:08:38.767 19748 32556 I chatty  : uid=10291(com.vidure.app) identical 1 line
03-15 11:08:38.767 19748 32556 W ProxyAndroidLoggerBackend: Too many Flogger logs received before configuration. Dropping old logs.
03-15 11:08:38.767 19748 32555 W ProxyAndroidLoggerBackend: Too many Flogger logs received before configuration. Dropping old logs.
03-15 11:08:38.768 19748 32557 W ProxyAndroidLoggerBackend: Too many Flogger logs received before configuration. Dropping old logs.
03-15 11:08:38.770 19748 19748 W ProxyAndroidLoggerBackend: Too many Flogger logs received before configuration. Dropping old logs.
03-15 11:08:38.774 19748 32347 V [MYTAG][main][Device]: 666 dev is connected:true
03-15 11:08:38.775 19748 32347 V [MYTAG][main][CameraPreviewActivity]: rev msg1:264454
03-15 11:08:38.776 19748 32347 V [MYTAG][main][Device]: 666 dev is connected:true
03-15 11:08:38.776 19748 32347 V [MYTAG][main][CameraPreviewActivity]: rev msg1:589832
03-15 11:08:41.710 19748 32347 V [MYTAG][mail_tcp_socket][ViiSocketMailDataPhraser]: ------------mail---------------
03-15 11:08:41.710 19748 32347 V [MYTAG][mail_tcp_socket][ViiSocketMailDataPhraser]: {"msgid":"battery","info":{"capacity":82,"charge":0},"time":1773572922}
03-15 11:08:41.716 19748 32593 W System  : Ignoring header sessionid because its value was null.
03-15 11:08:41.717 19748 32593 I System.out: (HTTPLog)-Static: isSBSettingEnabled false
03-15 11:08:41.717 19748 32593 I System.out: (HTTPLog)-Static: isSBSettingEnabled false
03-15 11:08:41.719 19748 32347 V [MYTAG][mail_tcp_socket][ViiSocketMailDataPhraser]: ------------mail---------------
03-15 11:08:41.719 19748 32347 V [MYTAG][mail_tcp_socket][ViiSocketMailDataPhraser]: {"msgid":"sd","info":{"status":0},"time":1773572922}
03-15 11:08:41.720 19748 32347 V [MYTAG][mail_tcp_socket][RemoteOptor]: ----
03-15 11:08:41.720 19748 32347 V [MYTAG][mail_tcp_socket][RemoteOptor]: [CMD]DEV_SDCARD_STATUS_QUERY
03-15 11:08:41.720 19748 32347 V [MYTAG][mail_tcp_socket][RemoteOptor]: [PARAM]null
03-15 11:08:41.720 19748 32347 V [MYTAG][mail_tcp_socket][HttpTransportLayer]: [HTTP SEND GET]
03-15 11:08:41.720 19748 32347 V [MYTAG][mail_tcp_socket][HttpTransportLayer]: 	 url:http://192.168.0.1:80/app/getsdinfo
03-15 11:08:41.723 19748 32347 V [MYTAG][main][Device]: 666 dev is connected:true
03-15 11:08:41.742 19748 32347 V [MYTAG][mail_tcp_socket][HttpTransportLayer]: [HTTP RSP]
03-15 11:08:41.742 19748 32347 V [MYTAG][mail_tcp_socket][HttpTransportLayer]: 	 errcode:0
03-15 11:08:41.742 19748 32347 V [MYTAG][mail_tcp_socket][HttpTransportLayer]: 	[content]{"result":0,"info":{"status":0,"free":258,"total":1883}}
03-15 11:08:41.742 19748 32347 V [MYTAG][mail_tcp_socket][HttpTransportLayer]: -----------------------------------------
03-15 11:08:41.798 19748 19748 W ProxyAndroidLoggerBackend: Too many Flogger logs received before configuration. Dropping old logs.
03-15 11:08:41.818 19748 19748 I chatty  : uid=10291(com.vidure.app) identical 6 lines
03-15 11:08:41.820 19748 19748 W ProxyAndroidLoggerBackend: Too many Flogger logs received before configuration. Dropping old logs.
03-15 11:08:41.828 19748 32555 W ProxyAndroidLoggerBackend: Too many Flogger logs received before configuration. Dropping old logs.
03-15 11:08:41.829 19748 32555 I chatty  : uid=10291(com.vidure.app) identical 1 line
03-15 11:08:41.830 19748 32555 W ProxyAndroidLoggerBackend: Too many Flogger logs received before configuration. Dropping old logs.
03-15 11:08:41.830 19748 32557 W ProxyAndroidLoggerBackend: Too many Flogger logs received before configuration. Dropping old logs.
03-15 11:08:41.832 19748 32557 W ProxyAndroidLoggerBackend: Too many Flogger logs received before configuration. Dropping old logs.
03-15 11:08:41.832 19748 19748 W ProxyAndroidLoggerBackend: Too many Flogger logs received before configuration. Dropping old logs.
03-15 11:08:41.832 19748 32555 W ProxyAndroidLoggerBackend: Too many Flogger logs received before configuration. Dropping old logs.
03-15 11:08:41.833 19748 32555 I chatty  : uid=10291(com.vidure.app) identical 7 lines
03-15 11:08:41.834 19748 32555 W ProxyAndroidLoggerBackend: Too many Flogger logs received before configuration. Dropping old logs.
03-15 11:08:41.834 19748 32557 W ProxyAndroidLoggerBackend: Too many Flogger logs received before configuration. Dropping old logs.
03-15 11:08:41.835 19748 32556 W ProxyAndroidLoggerBackend: Too many Flogger logs received before configuration. Dropping old logs.
03-15 11:08:41.836 19748 32555 W ProxyAndroidLoggerBackend: Too many Flogger logs received before configuration. Dropping old logs.
03-15 11:08:41.836 19748 32557 W ProxyAndroidLoggerBackend: Too many Flogger logs received before configuration. Dropping old logs.
03-15 11:08:41.839 19748 32347 V [MYTAG][main][Device]: 666 dev is connected:true
03-15 11:08:41.840 19748 32347 V [MYTAG][main][CameraPreviewActivity]: rev msg1:264454
03-15 11:08:41.841 19748 32347 V [MYTAG][main][Device]: 666 dev is connected:true
03-15 11:08:41.841 19748 32347 V [MYTAG][main][CameraPreviewActivity]: rev msg1:589832
03-15 11:08:42.577 19748 32594 W System  : Ignoring header sessionid because its value was null.
03-15 11:08:42.577 19748 32347 V [MYTAG][HeartbeatMgr][RemoteOptor]: ----
03-15 11:08:42.577 19748 32347 V [MYTAG][HeartbeatMgr][RemoteOptor]: [CMD]Basic_Msg_MailBox
03-15 11:08:42.577 19748 32347 V [MYTAG][HeartbeatMgr][RemoteOptor]: [PARAM]null
03-15 11:08:42.578 19748 32594 I System.out: (HTTPLog)-Static: isSBSettingEnabled false
03-15 11:08:42.578 19748 32594 I System.out: (HTTPLog)-Static: isSBSettingEnabled false
03-15 11:08:42.578 19748 32347 V [MYTAG][HeartbeatMgr][HttpTransportLayer]: [HTTP SEND GET]
03-15 11:08:42.578 19748 32347 V [MYTAG][HeartbeatMgr][HttpTransportLayer]: 	 url:http://192.168.0.1:80/app/getparamvalue?param=rec
03-15 11:08:42.613 19748 32347 V [MYTAG][HeartbeatMgr][HttpTransportLayer]: [HTTP RSP]
03-15 11:08:42.613 19748 32347 V [MYTAG][HeartbeatMgr][HttpTransportLayer]: 	 errcode:0
03-15 11:08:42.613 19748 32347 V [MYTAG][HeartbeatMgr][HttpTransportLayer]: 	[content]{"result":0,"info":{"value":0}}
03-15 11:08:42.613 19748 32347 V [MYTAG][HeartbeatMgr][HttpTransportLayer]: -----------------------------------------
03-15 11:08:44.721 19748 32347 V [MYTAG][mail_tcp_socket][ViiSocketMailDataPhraser]: ------------mail---------------
03-15 11:08:44.721 19748 32347 V [MYTAG][mail_tcp_socket][ViiSocketMailDataPhraser]: {"msgid":"battery","info":{"capacity":82,"charge":0},"time":1773572925}
03-15 11:08:44.724 19748 32593 W System  : Ignoring header sessionid because its value was null.
03-15 11:08:44.725 19748 32347 V [MYTAG][mail_tcp_socket][ViiSocketMailDataPhraser]: ------------mail---------------
03-15 11:08:44.725 19748 32347 V [MYTAG][mail_tcp_socket][ViiSocketMailDataPhraser]: {"msgid":"sd","info":{"status":0},"time":1773572925}
03-15 11:08:44.726 19748 32347 V [MYTAG][mail_tcp_socket][RemoteOptor]: ----
03-15 11:08:44.726 19748 32347 V [MYTAG][mail_tcp_socket][RemoteOptor]: [CMD]DEV_SDCARD_STATUS_QUERY
03-15 11:08:44.726 19748 32347 V [MYTAG][mail_tcp_socket][RemoteOptor]: [PARAM]null
03-15 11:08:44.726 19748 32347 V [MYTAG][mail_tcp_socket][HttpTransportLayer]: [HTTP SEND GET]
03-15 11:08:44.726 19748 32347 V [MYTAG][mail_tcp_socket][HttpTransportLayer]: 	 url:http://192.168.0.1:80/app/getsdinfo
03-15 11:08:44.726 19748 32593 I System.out: (HTTPLog)-Static: isSBSettingEnabled false
03-15 11:08:44.726 19748 32593 I System.out: (HTTPLog)-Static: isSBSettingEnabled false
03-15 11:08:44.729 19748 32347 V [MYTAG][main][Device]: 666 dev is connected:true
03-15 11:08:44.755 19748 32347 V [MYTAG][mail_tcp_socket][HttpTransportLayer]: [HTTP RSP]
03-15 11:08:44.755 19748 32347 V [MYTAG][mail_tcp_socket][HttpTransportLayer]: 	 errcode:0
03-15 11:08:44.755 19748 32347 V [MYTAG][mail_tcp_socket][HttpTransportLayer]: 	[content]{"result":0,"info":{"status":0,"free":258,"total":1883}}
03-15 11:08:44.755 19748 32347 V [MYTAG][mail_tcp_socket][HttpTransportLayer]: -----------------------------------------
03-15 11:08:44.759 19748 19748 W ProxyAndroidLoggerBackend: Too many Flogger logs received before configuration. Dropping old logs.
03-15 11:08:44.772 19748 19748 I chatty  : uid=10291(com.vidure.app) identical 6 lines
03-15 11:08:44.773 19748 19748 W ProxyAndroidLoggerBackend: Too many Flogger logs received before configuration. Dropping old logs.
03-15 11:08:44.778 19748 32557 W ProxyAndroidLoggerBackend: Too many Flogger logs received before configuration. Dropping old logs.
03-15 11:08:44.779 19748 32557 W ProxyAndroidLoggerBackend: Too many Flogger logs received before configuration. Dropping old logs.
03-15 11:08:44.779 19748 32557 I chatty  : uid=10291(com.vidure.app) identical 1 line
03-15 11:08:44.779 19748 32557 W ProxyAndroidLoggerBackend: Too many Flogger logs received before configuration. Dropping old logs.
03-15 11:08:44.779 19748 32556 W ProxyAndroidLoggerBackend: Too many Flogger logs received before configuration. Dropping old logs.
03-15 11:08:44.780 19748 32556 I chatty  : uid=10291(com.vidure.app) identical 1 line
03-15 11:08:44.780 19748 32556 W ProxyAndroidLoggerBackend: Too many Flogger logs received before configuration. Dropping old logs.
03-15 11:08:44.780 19748 19748 W ProxyAndroidLoggerBackend: Too many Flogger logs received before configuration. Dropping old logs.
03-15 11:08:44.780 19748 32556 W ProxyAndroidLoggerBackend: Too many Flogger logs received before configuration. Dropping old logs.
03-15 11:08:44.782 19748 32556 I chatty  : uid=10291(com.vidure.app) identical 7 lines
03-15 11:08:44.782 19748 32556 W ProxyAndroidLoggerBackend: Too many Flogger logs received before configuration. Dropping old logs.
03-15 11:08:44.784 19748 32347 V [MYTAG][main][Device]: 666 dev is connected:true
03-15 11:08:44.784 19748 32347 V [MYTAG][main][CameraPreviewActivity]: rev msg1:264454
03-15 11:08:44.785 19748 32347 V [MYTAG][main][Device]: 666 dev is connected:true
03-15 11:08:44.785 19748 32347 V [MYTAG][main][CameraPreviewActivity]: rev msg1:589832
03-15 11:08:44.785 19748 32555 W ProxyAndroidLoggerBackend: Too many Flogger logs received before configuration. Dropping old logs.
03-15 11:08:44.788 19748 32557 W ProxyAndroidLoggerBackend: Too many Flogger logs received before configuration. Dropping old logs.
03-15 11:08:46.577 19748 32594 W System  : Ignoring header sessionid because its value was null.
03-15 11:08:46.578 19748 32594 I System.out: (HTTPLog)-Static: isSBSettingEnabled false
03-15 11:08:46.578 19748 32594 I System.out: (HTTPLog)-Static: isSBSettingEnabled false
03-15 11:08:46.581 19748 32347 V [MYTAG][HeartbeatMgr][RemoteOptor]: ----
03-15 11:08:46.581 19748 32347 V [MYTAG][HeartbeatMgr][RemoteOptor]: [CMD]Basic_Msg_MailBox
03-15 11:08:46.581 19748 32347 V [MYTAG][HeartbeatMgr][RemoteOptor]: [PARAM]null
03-15 11:08:46.581 19748 32347 V [MYTAG][HeartbeatMgr][HttpTransportLayer]: [HTTP SEND GET]
03-15 11:08:46.581 19748 32347 V [MYTAG][HeartbeatMgr][HttpTransportLayer]: 	 url:http://192.168.0.1:80/app/getparamvalue?param=rec
03-15 11:08:46.616 19748 32347 V [MYTAG][HeartbeatMgr][HttpTransportLayer]: [HTTP RSP]
03-15 11:08:46.616 19748 32347 V [MYTAG][HeartbeatMgr][HttpTransportLayer]: 	 errcode:0
03-15 11:08:46.616 19748 32347 V [MYTAG][HeartbeatMgr][HttpTransportLayer]: 	[content]{"result":0,"info":{"value":0}}
03-15 11:08:46.616 19748 32347 V [MYTAG][HeartbeatMgr][HttpTransportLayer]: -----------------------------------------
03-15 11:08:47.731 19748 32347 V [MYTAG][mail_tcp_socket][ViiSocketMailDataPhraser]: ------------mail---------------
03-15 11:08:47.731 19748 32347 V [MYTAG][mail_tcp_socket][ViiSocketMailDataPhraser]: {"msgid":"battery","info":{"capacity":82,"charge":0},"time":1773572928}
03-15 11:08:47.732 19748 32347 V [MYTAG][mail_tcp_socket][ViiSocketMailDataPhraser]: ------------mail---------------
03-15 11:08:47.732 19748 32347 V [MYTAG][mail_tcp_socket][ViiSocketMailDataPhraser]: {"msgid":"sd","info":{"status":0},"time":1773572928}
03-15 11:08:47.732 19748 32347 V [MYTAG][mail_tcp_socket][RemoteOptor]: ----
03-15 11:08:47.732 19748 32347 V [MYTAG][mail_tcp_socket][RemoteOptor]: [CMD]DEV_SDCARD_STATUS_QUERY
03-15 11:08:47.732 19748 32347 V [MYTAG][mail_tcp_socket][RemoteOptor]: [PARAM]null
03-15 11:08:47.733 19748 32593 W System  : Ignoring header sessionid because its value was null.
03-15 11:08:47.733 19748 32347 V [MYTAG][mail_tcp_socket][HttpTransportLayer]: [HTTP SEND GET]
03-15 11:08:47.733 19748 32347 V [MYTAG][mail_tcp_socket][HttpTransportLayer]: 	 url:http://192.168.0.1:80/app/getsdinfo
03-15 11:08:47.733 19748 32593 I System.out: (HTTPLog)-Static: isSBSettingEnabled false
03-15 11:08:47.733 19748 32593 I System.out: (HTTPLog)-Static: isSBSettingEnabled false
03-15 11:08:47.736 19748 32347 V [MYTAG][main][Device]: 666 dev is connected:true
03-15 11:08:47.756 19748 32347 V [MYTAG][mail_tcp_socket][HttpTransportLayer]: [HTTP RSP]
03-15 11:08:47.756 19748 32347 V [MYTAG][mail_tcp_socket][HttpTransportLayer]: 	 errcode:0
03-15 11:08:47.756 19748 32347 V [MYTAG][mail_tcp_socket][HttpTransportLayer]: 	[content]{"result":0,"info":{"status":0,"free":258,"total":1883}}
03-15 11:08:47.756 19748 32347 V [MYTAG][mail_tcp_socket][HttpTransportLayer]: -----------------------------------------
03-15 11:08:47.806 19748 19748 W ProxyAndroidLoggerBackend: Too many Flogger logs received before configuration. Dropping old logs.
03-15 11:08:47.825 19748 19748 I chatty  : uid=10291(com.vidure.app) identical 6 lines
03-15 11:08:47.827 19748 19748 W ProxyAndroidLoggerBackend: Too many Flogger logs received before configuration. Dropping old logs.
03-15 11:08:47.837 19748 32557 W ProxyAndroidLoggerBackend: Too many Flogger logs received before configuration. Dropping old logs.
03-15 11:08:47.838 19748 32557 I chatty  : uid=10291(com.vidure.app) identical 3 lines
03-15 11:08:47.838 19748 32557 W ProxyAndroidLoggerBackend: Too many Flogger logs received before configuration. Dropping old logs.
03-15 11:08:47.838 19748 32555 W ProxyAndroidLoggerBackend: Too many Flogger logs received before configuration. Dropping old logs.
03-15 11:08:47.838 19748 32555 W ProxyAndroidLoggerBackend: Too many Flogger logs received before configuration. Dropping old logs.
03-15 11:08:47.839 19748 32557 W ProxyAndroidLoggerBackend: Too many Flogger logs received before configuration. Dropping old logs.
03-15 11:08:47.839 19748 32555 W ProxyAndroidLoggerBackend: Too many Flogger logs received before configuration. Dropping old logs.
03-15 11:08:47.839 19748 32555 W ProxyAndroidLoggerBackend: Too many Flogger logs received before configuration. Dropping old logs.
03-15 11:08:47.840 19748 32557 W ProxyAndroidLoggerBackend: Too many Flogger logs received before configuration. Dropping old logs.
03-15 11:08:47.840 19748 32557 W ProxyAndroidLoggerBackend: Too many Flogger logs received before configuration. Dropping old logs.
03-15 11:08:47.840 19748 32556 W ProxyAndroidLoggerBackend: Too many Flogger logs received before configuration. Dropping old logs.
03-15 11:08:47.840 19748 32556 W ProxyAndroidLoggerBackend: Too many Flogger logs received before configuration. Dropping old logs.
03-15 11:08:47.841 19748 32557 W ProxyAndroidLoggerBackend: Too many Flogger logs received before configuration. Dropping old logs.
03-15 11:08:47.841 19748 32556 W ProxyAndroidLoggerBackend: Too many Flogger logs received before configuration. Dropping old logs.
03-15 11:08:47.841 19748 32555 W ProxyAndroidLoggerBackend: Too many Flogger logs received before configuration. Dropping old logs.
03-15 11:08:47.842 19748 32557 W ProxyAndroidLoggerBackend: Too many Flogger logs received before configuration. Dropping old logs.
03-15 11:08:47.844 19748 19748 W ProxyAndroidLoggerBackend: Too many Flogger logs received before configuration. Dropping old logs.
03-15 11:08:47.851 19748 32347 V [MYTAG][main][Device]: 666 dev is connected:true
03-15 11:08:47.852 19748 32347 V [MYTAG][main][CameraPreviewActivity]: rev msg1:264454
03-15 11:08:47.852 19748 32347 V [MYTAG][main][Device]: 666 dev is connected:true
03-15 11:08:47.852 19748 32347 V [MYTAG][main][CameraPreviewActivity]: rev msg1:589832
03-15 11:08:50.577 19748 32594 W System  : Ignoring header sessionid because its value was null.
03-15 11:08:50.577 19748 32347 V [MYTAG][HeartbeatMgr][RemoteOptor]: ----
03-15 11:08:50.577 19748 32347 V [MYTAG][HeartbeatMgr][RemoteOptor]: [CMD]Basic_Msg_MailBox
03-15 11:08:50.577 19748 32347 V [MYTAG][HeartbeatMgr][RemoteOptor]: [PARAM]null
03-15 11:08:50.577 19748 32347 V [MYTAG][HeartbeatMgr][HttpTransportLayer]: [HTTP SEND GET]
03-15 11:08:50.577 19748 32347 V [MYTAG][HeartbeatMgr][HttpTransportLayer]: 	 url:http://192.168.0.1:80/app/getparamvalue?param=rec
03-15 11:08:50.577 19748 32594 I System.out: (HTTPLog)-Static: isSBSettingEnabled false
03-15 11:08:50.577 19748 32594 I System.out: (HTTPLog)-Static: isSBSettingEnabled false
03-15 11:08:50.609 19748 32347 V [MYTAG][HeartbeatMgr][HttpTransportLayer]: [HTTP RSP]
03-15 11:08:50.609 19748 32347 V [MYTAG][HeartbeatMgr][HttpTransportLayer]: 	 errcode:0
03-15 11:08:50.609 19748 32347 V [MYTAG][HeartbeatMgr][HttpTransportLayer]: 	[content]{"result":0,"info":{"value":0}}
03-15 11:08:50.609 19748 32347 V [MYTAG][HeartbeatMgr][HttpTransportLayer]: -----------------------------------------
03-15 11:08:50.740 19748 32347 V [MYTAG][mail_tcp_socket][ViiSocketMailDataPhraser]: ------------mail---------------
03-15 11:08:50.740 19748 32347 V [MYTAG][mail_tcp_socket][ViiSocketMailDataPhraser]: {"msgid":"battery","info":{"capacity":82,"charge":0},"time":1773572931}
03-15 11:08:50.743 19748 32593 W System  : Ignoring header sessionid because its value was null.
03-15 11:08:50.743 19748 32347 V [MYTAG][mail_tcp_socket][ViiSocketMailDataPhraser]: ------------mail---------------
03-15 11:08:50.743 19748 32347 V [MYTAG][mail_tcp_socket][ViiSocketMailDataPhraser]: {"msgid":"sd","info":{"status":0},"time":1773572931}
03-15 11:08:50.743 19748 32347 V [MYTAG][mail_tcp_socket][RemoteOptor]: ----
03-15 11:08:50.743 19748 32347 V [MYTAG][mail_tcp_socket][RemoteOptor]: [CMD]DEV_SDCARD_STATUS_QUERY
03-15 11:08:50.743 19748 32347 V [MYTAG][mail_tcp_socket][RemoteOptor]: [PARAM]null
03-15 11:08:50.744 19748 32593 I System.out: (HTTPLog)-Static: isSBSettingEnabled false
03-15 11:08:50.744 19748 32347 V [MYTAG][mail_tcp_socket][HttpTransportLayer]: [HTTP SEND GET]
03-15 11:08:50.744 19748 32347 V [MYTAG][mail_tcp_socket][HttpTransportLayer]: 	 url:http://192.168.0.1:80/app/getsdinfo
03-15 11:08:50.745 19748 32593 I System.out: (HTTPLog)-Static: isSBSettingEnabled false
03-15 11:08:50.748 19748 32347 V [MYTAG][main][Device]: 666 dev is connected:true
03-15 11:08:50.776 19748 32347 V [MYTAG][mail_tcp_socket][HttpTransportLayer]: [HTTP RSP]
03-15 11:08:50.776 19748 32347 V [MYTAG][mail_tcp_socket][HttpTransportLayer]: 	 errcode:0
03-15 11:08:50.776 19748 32347 V [MYTAG][mail_tcp_socket][HttpTransportLayer]: 	[content]{"result":0,"info":{"status":0,"free":258,"total":1883}}
03-15 11:08:50.776 19748 32347 V [MYTAG][mail_tcp_socket][HttpTransportLayer]: -----------------------------------------
03-15 11:08:50.837 19748 19748 W ProxyAndroidLoggerBackend: Too many Flogger logs received before configuration. Dropping old logs.
03-15 11:08:50.858 19748 19748 I chatty  : uid=10291(com.vidure.app) identical 6 lines
03-15 11:08:50.859 19748 19748 W ProxyAndroidLoggerBackend: Too many Flogger logs received before configuration. Dropping old logs.
03-15 11:08:50.869 19748 32557 W ProxyAndroidLoggerBackend: Too many Flogger logs received before configuration. Dropping old logs.
03-15 11:08:50.870 19748 32557 I chatty  : uid=10291(com.vidure.app) identical 2 lines
03-15 11:08:50.871 19748 32557 W ProxyAndroidLoggerBackend: Too many Flogger logs received before configuration. Dropping old logs.
03-15 11:08:50.872 19748 32555 W ProxyAndroidLoggerBackend: Too many Flogger logs received before configuration. Dropping old logs.
03-15 11:08:50.873 19748 32556 W ProxyAndroidLoggerBackend: Too many Flogger logs received before configuration. Dropping old logs.
03-15 11:08:50.876 19748 32556 I chatty  : uid=10291(com.vidure.app) identical 5 lines
03-15 11:08:50.877 19748 32556 W ProxyAndroidLoggerBackend: Too many Flogger logs received before configuration. Dropping old logs.
03-15 11:08:50.877 19748 32555 W ProxyAndroidLoggerBackend: Too many Flogger logs received before configuration. Dropping old logs.
03-15 11:08:50.877 19748 19748 W ProxyAndroidLoggerBackend: Too many Flogger logs received before configuration. Dropping old logs.
03-15 11:08:50.878 19748 32555 W ProxyAndroidLoggerBackend: Too many Flogger logs received before configuration. Dropping old logs.
03-15 11:08:50.879 19748 32555 I chatty  : uid=10291(com.vidure.app) identical 2 lines
03-15 11:08:50.880 19748 32555 W ProxyAndroidLoggerBackend: Too many Flogger logs received before configuration. Dropping old logs.
03-15 11:08:50.881 19748 32557 W ProxyAndroidLoggerBackend: Too many Flogger logs received before configuration. Dropping old logs.
03-15 11:08:50.885 19748 32347 V [MYTAG][main][Device]: 666 dev is connected:true
03-15 11:08:50.888 19748 32347 V [MYTAG][main][CameraPreviewActivity]: rev msg1:264454
03-15 11:08:50.889 19748 32347 V [MYTAG][main][Device]: 666 dev is connected:true
03-15 11:08:50.889 19748 32347 V [MYTAG][main][CameraPreviewActivity]: rev msg1:589832
03-15 11:08:53.751 19748 32347 V [MYTAG][mail_tcp_socket][ViiSocketMailDataPhraser]: ------------mail---------------
03-15 11:08:53.751 19748 32347 V [MYTAG][mail_tcp_socket][ViiSocketMailDataPhraser]: {"msgid":"battery","info":{"capacity":82,"charge":0},"time":1773572934}
03-15 11:08:53.755 19748 32593 W System  : Ignoring header sessionid because its value was null.
03-15 11:08:53.755 19748 32347 V [MYTAG][mail_tcp_socket][ViiSocketMailDataPhraser]: ------------mail---------------
03-15 11:08:53.755 19748 32347 V [MYTAG][mail_tcp_socket][ViiSocketMailDataPhraser]: {"msgid":"sd","info":{"status":0},"time":1773572934}
03-15 11:08:53.755 19748 32347 V [MYTAG][mail_tcp_socket][RemoteOptor]: ----
03-15 11:08:53.755 19748 32347 V [MYTAG][mail_tcp_socket][RemoteOptor]: [CMD]DEV_SDCARD_STATUS_QUERY
03-15 11:08:53.755 19748 32347 V [MYTAG][mail_tcp_socket][RemoteOptor]: [PARAM]null
03-15 11:08:53.755 19748 32347 V [MYTAG][mail_tcp_socket][HttpTransportLayer]: [HTTP SEND GET]
03-15 11:08:53.755 19748 32347 V [MYTAG][mail_tcp_socket][HttpTransportLayer]: 	 url:http://192.168.0.1:80/app/getsdinfo
03-15 11:08:53.756 19748 32593 I System.out: (HTTPLog)-Static: isSBSettingEnabled false
03-15 11:08:53.756 19748 32593 I System.out: (HTTPLog)-Static: isSBSettingEnabled false
03-15 11:08:53.758 19748 32347 V [MYTAG][main][Device]: 666 dev is connected:true
03-15 11:08:53.777 19748 32347 V [MYTAG][mail_tcp_socket][HttpTransportLayer]: [HTTP RSP]
03-15 11:08:53.777 19748 32347 V [MYTAG][mail_tcp_socket][HttpTransportLayer]: 	 errcode:0
03-15 11:08:53.777 19748 32347 V [MYTAG][mail_tcp_socket][HttpTransportLayer]: 	[content]{"result":0,"info":{"status":0,"free":258,"total":1883}}
03-15 11:08:53.777 19748 32347 V [MYTAG][mail_tcp_socket][HttpTransportLayer]: -----------------------------------------
03-15 11:08:53.783 19748 19748 W ProxyAndroidLoggerBackend: Too many Flogger logs received before configuration. Dropping old logs.
03-15 11:08:53.794 19748 19748 I chatty  : uid=10291(com.vidure.app) identical 6 lines
03-15 11:08:53.795 19748 19748 W ProxyAndroidLoggerBackend: Too many Flogger logs received before configuration. Dropping old logs.
03-15 11:08:53.801 19748 32556 W ProxyAndroidLoggerBackend: Too many Flogger logs received before configuration. Dropping old logs.
03-15 11:08:53.803 19748 32556 I chatty  : uid=10291(com.vidure.app) identical 9 lines
03-15 11:08:53.804 19748 32556 W ProxyAndroidLoggerBackend: Too many Flogger logs received before configuration. Dropping old logs.
03-15 11:08:53.804 19748 32555 W ProxyAndroidLoggerBackend: Too many Flogger logs received before configuration. Dropping old logs.
03-15 11:08:53.805 19748 32555 I chatty  : uid=10291(com.vidure.app) identical 3 lines
03-15 11:08:53.805 19748 32555 W ProxyAndroidLoggerBackend: Too many Flogger logs received before configuration. Dropping old logs.
03-15 11:08:53.806 19748 32556 W ProxyAndroidLoggerBackend: Too many Flogger logs received before configuration. Dropping old logs.
03-15 11:08:53.807 19748 32557 W ProxyAndroidLoggerBackend: Too many Flogger logs received before configuration. Dropping old logs.
03-15 11:08:53.809 19748 19748 W ProxyAndroidLoggerBackend: Too many Flogger logs received before configuration. Dropping old logs.
03-15 11:08:53.813 19748 32347 V [MYTAG][main][Device]: 666 dev is connected:true
03-15 11:08:53.815 19748 32347 V [MYTAG][main][CameraPreviewActivity]: rev msg1:264454
03-15 11:08:53.815 19748 32347 V [MYTAG][main][Device]: 666 dev is connected:true
03-15 11:08:53.815 19748 32347 V [MYTAG][main][CameraPreviewActivity]: rev msg1:589832
03-15 11:08:54.577 19748 32594 W System  : Ignoring header sessionid because its value was null.
03-15 11:08:54.577 19748 32347 V [MYTAG][HeartbeatMgr][RemoteOptor]: ----
03-15 11:08:54.577 19748 32347 V [MYTAG][HeartbeatMgr][RemoteOptor]: [CMD]Basic_Msg_MailBox
03-15 11:08:54.577 19748 32347 V [MYTAG][HeartbeatMgr][RemoteOptor]: [PARAM]null
03-15 11:08:54.578 19748 32594 I System.out: (HTTPLog)-Static: isSBSettingEnabled false
03-15 11:08:54.578 19748 32594 I System.out: (HTTPLog)-Static: isSBSettingEnabled false
03-15 11:08:54.578 19748 32347 V [MYTAG][HeartbeatMgr][HttpTransportLayer]: [HTTP SEND GET]
03-15 11:08:54.578 19748 32347 V [MYTAG][HeartbeatMgr][HttpTransportLayer]: 	 url:http://192.168.0.1:80/app/getparamvalue?param=rec
03-15 11:08:54.619 19748 32347 V [MYTAG][HeartbeatMgr][HttpTransportLayer]: [HTTP RSP]
03-15 11:08:54.619 19748 32347 V [MYTAG][HeartbeatMgr][HttpTransportLayer]: 	 errcode:0
03-15 11:08:54.619 19748 32347 V [MYTAG][HeartbeatMgr][HttpTransportLayer]: 	[content]{"result":0,"info":{"value":0}}
03-15 11:08:54.619 19748 32347 V [MYTAG][HeartbeatMgr][HttpTransportLayer]: -----------------------------------------
03-15 11:08:56.760 19748 32347 V [MYTAG][mail_tcp_socket][ViiSocketMailDataPhraser]: ------------mail---------------
03-15 11:08:56.760 19748 32347 V [MYTAG][mail_tcp_socket][ViiSocketMailDataPhraser]: {"msgid":"battery","info":{"capacity":82,"charge":0},"time":1773572937}
03-15 11:08:56.764 19748 32593 W System  : Ignoring header sessionid because its value was null.
03-15 11:08:56.764 19748 32347 V [MYTAG][mail_tcp_socket][ViiSocketMailDataPhraser]: ------------mail---------------
03-15 11:08:56.764 19748 32347 V [MYTAG][mail_tcp_socket][ViiSocketMailDataPhraser]: {"msgid":"sd","info":{"status":0},"time":1773572937}
03-15 11:08:56.764 19748 32347 V [MYTAG][mail_tcp_socket][RemoteOptor]: ----
03-15 11:08:56.764 19748 32347 V [MYTAG][mail_tcp_socket][RemoteOptor]: [CMD]DEV_SDCARD_STATUS_QUERY
03-15 11:08:56.764 19748 32347 V [MYTAG][mail_tcp_socket][RemoteOptor]: [PARAM]null
03-15 11:08:56.764 19748 32347 V [MYTAG][mail_tcp_socket][HttpTransportLayer]: [HTTP SEND GET]
03-15 11:08:56.764 19748 32347 V [MYTAG][mail_tcp_socket][HttpTransportLayer]: 	 url:http://192.168.0.1:80/app/getsdinfo
03-15 11:08:56.764 19748 32593 I System.out: (HTTPLog)-Static: isSBSettingEnabled false
03-15 11:08:56.765 19748 32593 I System.out: (HTTPLog)-Static: isSBSettingEnabled false
03-15 11:08:56.773 19748 32347 V [MYTAG][main][Device]: 666 dev is connected:true
03-15 11:08:56.786 19748 32347 V [MYTAG][mail_tcp_socket][HttpTransportLayer]: [HTTP RSP]
03-15 11:08:56.786 19748 32347 V [MYTAG][mail_tcp_socket][HttpTransportLayer]: 	 errcode:0
03-15 11:08:56.786 19748 32347 V [MYTAG][mail_tcp_socket][HttpTransportLayer]: 	[content]{"result":0,"info":{"status":0,"free":258,"total":1883}}
03-15 11:08:56.786 19748 32347 V [MYTAG][mail_tcp_socket][HttpTransportLayer]: -----------------------------------------
03-15 11:08:56.839 19748 19748 W ProxyAndroidLoggerBackend: Too many Flogger logs received before configuration. Dropping old logs.
03-15 11:08:56.851 19748 19748 I chatty  : uid=10291(com.vidure.app) identical 3 lines
03-15 11:08:56.854 19748 19748 W ProxyAndroidLoggerBackend: Too many Flogger logs received before configuration. Dropping old logs.
03-15 11:08:56.855 19748 19748 W ProxyAndroidLoggerBackend: Too many Flogger logs received before configuration. Dropping old logs.
03-15 11:08:56.855 19748 19748 I chatty  : uid=10291(com.vidure.app) identical 1 line
03-15 11:08:56.856 19748 19748 W ProxyAndroidLoggerBackend: Too many Flogger logs received before configuration. Dropping old logs.
03-15 11:08:56.865 19748 32556 W ProxyAndroidLoggerBackend: Too many Flogger logs received before configuration. Dropping old logs.
03-15 11:08:56.867 19748 32556 I chatty  : uid=10291(com.vidure.app) identical 6 lines
03-15 11:08:56.867 19748 32556 W ProxyAndroidLoggerBackend: Too many Flogger logs received before configuration. Dropping old logs.
03-15 11:08:56.867 19748 32557 W ProxyAndroidLoggerBackend: Too many Flogger logs received before configuration. Dropping old logs.
03-15 11:08:56.869 19748 32557 I chatty  : uid=10291(com.vidure.app) identical 7 lines
03-15 11:08:56.869 19748 32557 W ProxyAndroidLoggerBackend: Too many Flogger logs received before configuration. Dropping old logs.
03-15 11:08:56.869 19748 19748 W ProxyAndroidLoggerBackend: Too many Flogger logs received before configuration. Dropping old logs.
03-15 11:08:56.872 19748 32555 W ProxyAndroidLoggerBackend: Too many Flogger logs received before configuration. Dropping old logs.
03-15 11:08:56.874 19748 32347 V [MYTAG][main][Device]: 666 dev is connected:true
03-15 11:08:56.876 19748 32347 V [MYTAG][main][CameraPreviewActivity]: rev msg1:264454
03-15 11:08:56.876 19748 32347 V [MYTAG][main][Device]: 666 dev is connected:true
03-15 11:08:56.876 19748 32347 V [MYTAG][main][CameraPreviewActivity]: rev msg1:589832
03-15 11:08:58.577 19748 32594 W System  : Ignoring header sessionid because its value was null.
03-15 11:08:58.578 19748 32347 V [MYTAG][HeartbeatMgr][RemoteOptor]: ----
03-15 11:08:58.578 19748 32347 V [MYTAG][HeartbeatMgr][RemoteOptor]: [CMD]Basic_Msg_MailBox
03-15 11:08:58.578 19748 32347 V [MYTAG][HeartbeatMgr][RemoteOptor]: [PARAM]null
03-15 11:08:58.578 19748 32594 I System.out: (HTTPLog)-Static: isSBSettingEnabled false
03-15 11:08:58.578 19748 32594 I System.out: (HTTPLog)-Static: isSBSettingEnabled false
03-15 11:08:58.579 19748 32347 V [MYTAG][HeartbeatMgr][HttpTransportLayer]: [HTTP SEND GET]
03-15 11:08:58.579 19748 32347 V [MYTAG][HeartbeatMgr][HttpTransportLayer]: 	 url:http://192.168.0.1:80/app/getparamvalue?param=rec
03-15 11:08:58.625 19748 32347 V [MYTAG][HeartbeatMgr][HttpTransportLayer]: [HTTP RSP]
03-15 11:08:58.625 19748 32347 V [MYTAG][HeartbeatMgr][HttpTransportLayer]: 	 errcode:0
03-15 11:08:58.625 19748 32347 V [MYTAG][HeartbeatMgr][HttpTransportLayer]: 	[content]{"result":0,"info":{"value":0}}
03-15 11:08:58.625 19748 32347 V [MYTAG][HeartbeatMgr][HttpTransportLayer]: -----------------------------------------
03-15 11:08:59.770 19748 32347 V [MYTAG][mail_tcp_socket][ViiSocketMailDataPhraser]: ------------mail---------------
03-15 11:08:59.770 19748 32347 V [MYTAG][mail_tcp_socket][ViiSocketMailDataPhraser]: {"msgid":"battery","info":{"capacity":82,"charge":0},"time":1773572940}
03-15 11:08:59.772 19748 32593 W System  : Ignoring header sessionid because its value was null.
03-15 11:08:59.772 19748 32347 V [MYTAG][mail_tcp_socket][ViiSocketMailDataPhraser]: ------------mail---------------
03-15 11:08:59.772 19748 32347 V [MYTAG][mail_tcp_socket][ViiSocketMailDataPhraser]: {"msgid":"sd","info":{"status":0},"time":1773572940}
03-15 11:08:59.773 19748 32347 V [MYTAG][mail_tcp_socket][RemoteOptor]: ----
03-15 11:08:59.773 19748 32347 V [MYTAG][mail_tcp_socket][RemoteOptor]: [CMD]DEV_SDCARD_STATUS_QUERY
03-15 11:08:59.773 19748 32347 V [MYTAG][mail_tcp_socket][RemoteOptor]: [PARAM]null
03-15 11:08:59.773 19748 32593 I System.out: (HTTPLog)-Static: isSBSettingEnabled false
03-15 11:08:59.773 19748 32593 I System.out: (HTTPLog)-Static: isSBSettingEnabled false
03-15 11:08:59.773 19748 32347 V [MYTAG][mail_tcp_socket][HttpTransportLayer]: [HTTP SEND GET]
03-15 11:08:59.773 19748 32347 V [MYTAG][mail_tcp_socket][HttpTransportLayer]: 	 url:http://192.168.0.1:80/app/getsdinfo
03-15 11:08:59.776 19748 32347 V [MYTAG][main][Device]: 666 dev is connected:true
03-15 11:08:59.815 19748 32347 V [MYTAG][mail_tcp_socket][HttpTransportLayer]: [HTTP RSP]
03-15 11:08:59.815 19748 32347 V [MYTAG][mail_tcp_socket][HttpTransportLayer]: 	 errcode:0
03-15 11:08:59.815 19748 32347 V [MYTAG][mail_tcp_socket][HttpTransportLayer]: 	[content]{"result":0,"info":{"status":0,"free":258,"total":1883}}
03-15 11:08:59.815 19748 32347 V [MYTAG][mail_tcp_socket][HttpTransportLayer]: -----------------------------------------
03-15 11:08:59.867 19748 19748 W ProxyAndroidLoggerBackend: Too many Flogger logs received before configuration. Dropping old logs.
03-15 11:08:59.876 19748 19748 I chatty  : uid=10291(com.vidure.app) identical 2 lines
03-15 11:08:59.876 19748 19748 W ProxyAndroidLoggerBackend: Too many Flogger logs received before configuration. Dropping old logs.
03-15 11:08:59.883 19748 19748 W ProxyAndroidLoggerBackend: Too many Flogger logs received before configuration. Dropping old logs.
03-15 11:08:59.884 19748 19748 I chatty  : uid=10291(com.vidure.app) identical 2 lines
03-15 11:08:59.885 19748 19748 W ProxyAndroidLoggerBackend: Too many Flogger logs received before configuration. Dropping old logs.
03-15 11:08:59.889 19748 32557 W ProxyAndroidLoggerBackend: Too many Flogger logs received before configuration. Dropping old logs.
03-15 11:08:59.892 19748 32557 I chatty  : uid=10291(com.vidure.app) identical 12 lines
03-15 11:08:59.893 19748 32557 W ProxyAndroidLoggerBackend: Too many Flogger logs received before configuration. Dropping old logs.
03-15 11:08:59.893 19748 32556 W ProxyAndroidLoggerBackend: Too many Flogger logs received before configuration. Dropping old logs.
03-15 11:08:59.893 19748 32556 W ProxyAndroidLoggerBackend: Too many Flogger logs received before configuration. Dropping old logs.
03-15 11:08:59.895 19748 32555 W ProxyAndroidLoggerBackend: Too many Flogger logs received before configuration. Dropping old logs.
03-15 11:08:59.897 19748 19748 W ProxyAndroidLoggerBackend: Too many Flogger logs received before configuration. Dropping old logs.
03-15 11:08:59.901 19748 32557 W ProxyAndroidLoggerBackend: Too many Flogger logs received before configuration. Dropping old logs.
03-15 11:08:59.902 19748 32347 V [MYTAG][main][Device]: 666 dev is connected:true
03-15 11:08:59.903 19748 32347 V [MYTAG][main][CameraPreviewActivity]: rev msg1:264454
03-15 11:08:59.903 19748 32347 V [MYTAG][main][Device]: 666 dev is connected:true
03-15 11:08:59.903 19748 32347 V [MYTAG][main][CameraPreviewActivity]: rev msg1:589832
03-15 11:09:00.146 19748 32555 W ProxyAndroidLoggerBackend: Too many Flogger logs received before configuration. Dropping old logs.
03-15 11:09:00.148 19748 32557 W ProxyAndroidLoggerBackend: Too many Flogger logs received before configuration. Dropping old logs.
03-15 11:09:00.153 19748   316 W ProxyAndroidLoggerBackend: Too many Flogger logs received before configuration. Dropping old logs.
03-15 11:09:00.167 19748   316 I chatty  : uid=10291(com.vidure.app) identical 3 lines
03-15 11:09:00.169 19748   316 W ProxyAndroidLoggerBackend: Too many Flogger logs received before configuration. Dropping old logs.
03-15 11:09:00.280 19748 32299 I com.vidure.app: Background young concurrent copying GC freed 67384(12MB) AllocSpace objects, 31(1820KB) LOS objects, 41% free, 20MB/34MB, paused 230us total 118.501ms
03-15 11:09:02.577 19748 32594 W System  : Ignoring header sessionid because its value was null.
03-15 11:09:02.577 19748 32347 V [MYTAG][HeartbeatMgr][RemoteOptor]: ----
03-15 11:09:02.577 19748 32347 V [MYTAG][HeartbeatMgr][RemoteOptor]: [CMD]Basic_Msg_MailBox
03-15 11:09:02.577 19748 32347 V [MYTAG][HeartbeatMgr][RemoteOptor]: [PARAM]null
03-15 11:09:02.577 19748 32594 I System.out: (HTTPLog)-Static: isSBSettingEnabled false
03-15 11:09:02.578 19748 32594 I System.out: (HTTPLog)-Static: isSBSettingEnabled false
03-15 11:09:02.578 19748 32347 V [MYTAG][HeartbeatMgr][HttpTransportLayer]: [HTTP SEND GET]
03-15 11:09:02.578 19748 32347 V [MYTAG][HeartbeatMgr][HttpTransportLayer]: 	 url:http://192.168.0.1:80/app/getparamvalue?param=rec
03-15 11:09:02.626 19748 32347 V [MYTAG][HeartbeatMgr][HttpTransportLayer]: [HTTP RSP]
03-15 11:09:02.626 19748 32347 V [MYTAG][HeartbeatMgr][HttpTransportLayer]: 	 errcode:0
03-15 11:09:02.626 19748 32347 V [MYTAG][HeartbeatMgr][HttpTransportLayer]: 	[content]{"result":0,"info":{"value":0}}
03-15 11:09:02.626 19748 32347 V [MYTAG][HeartbeatMgr][HttpTransportLayer]: -----------------------------------------
03-15 11:09:02.781 19748 32347 V [MYTAG][mail_tcp_socket][ViiSocketMailDataPhraser]: ------------mail---------------
03-15 11:09:02.781 19748 32347 V [MYTAG][mail_tcp_socket][ViiSocketMailDataPhraser]: {"msgid":"battery","info":{"capacity":82,"charge":0},"time":1773572943}
03-15 11:09:02.788 19748 32347 V [MYTAG][mail_tcp_socket][ViiSocketMailDataPhraser]: ------------mail---------------
03-15 11:09:02.788 19748 32347 V [MYTAG][mail_tcp_socket][ViiSocketMailDataPhraser]: {"msgid":"sd","info":{"status":0},"time":1773572943}
03-15 11:09:02.788 19748 32593 W System  : Ignoring header sessionid because its value was null.
03-15 11:09:02.788 19748 32347 V [MYTAG][mail_tcp_socket][RemoteOptor]: ----
03-15 11:09:02.788 19748 32347 V [MYTAG][mail_tcp_socket][RemoteOptor]: [CMD]DEV_SDCARD_STATUS_QUERY
03-15 11:09:02.788 19748 32347 V [MYTAG][mail_tcp_socket][RemoteOptor]: [PARAM]null
03-15 11:09:02.788 19748 32347 V [MYTAG][mail_tcp_socket][HttpTransportLayer]: [HTTP SEND GET]
03-15 11:09:02.788 19748 32347 V [MYTAG][mail_tcp_socket][HttpTransportLayer]: 	 url:http://192.168.0.1:80/app/getsdinfo
03-15 11:09:02.789 19748 32593 I System.out: (HTTPLog)-Static: isSBSettingEnabled false
03-15 11:09:02.790 19748 32593 I System.out: (HTTPLog)-Static: isSBSettingEnabled false
03-15 11:09:02.790 19748 32347 V [MYTAG][main][Device]: 666 dev is connected:true
03-15 11:09:02.818 19748 32347 V [MYTAG][mail_tcp_socket][HttpTransportLayer]: [HTTP RSP]
03-15 11:09:02.818 19748 32347 V [MYTAG][mail_tcp_socket][HttpTransportLayer]: 	 errcode:0
03-15 11:09:02.818 19748 32347 V [MYTAG][mail_tcp_socket][HttpTransportLayer]: 	[content]{"result":0,"info":{"status":0,"free":258,"total":1883}}
03-15 11:09:02.818 19748 32347 V [MYTAG][mail_tcp_socket][HttpTransportLayer]: -----------------------------------------
03-15 11:09:02.819 19748 19748 W ProxyAndroidLoggerBackend: Too many Flogger logs received before configuration. Dropping old logs.
03-15 11:09:02.835 19748 19748 I chatty  : uid=10291(com.vidure.app) identical 6 lines
03-15 11:09:02.837 19748 19748 W ProxyAndroidLoggerBackend: Too many Flogger logs received before configuration. Dropping old logs.
03-15 11:09:02.844 19748 32556 W ProxyAndroidLoggerBackend: Too many Flogger logs received before configuration. Dropping old logs.
03-15 11:09:02.846 19748 32556 I chatty  : uid=10291(com.vidure.app) identical 9 lines
03-15 11:09:02.847 19748 32556 W ProxyAndroidLoggerBackend: Too many Flogger logs received before configuration. Dropping old logs.
03-15 11:09:02.847 19748 19748 W ProxyAndroidLoggerBackend: Too many Flogger logs received before configuration. Dropping old logs.
03-15 11:09:02.847 19748 32557 W ProxyAndroidLoggerBackend: Too many Flogger logs received before configuration. Dropping old logs.
03-15 11:09:02.848 19748 32557 I chatty  : uid=10291(com.vidure.app) identical 4 lines
03-15 11:09:02.848 19748 32557 W ProxyAndroidLoggerBackend: Too many Flogger logs received before configuration. Dropping old logs.
03-15 11:09:02.849 19748 32555 W ProxyAndroidLoggerBackend: Too many Flogger logs received before configuration. Dropping old logs.
03-15 11:09:02.851 19748 32347 V [MYTAG][main][Device]: 666 dev is connected:true
03-15 11:09:02.853 19748 32347 V [MYTAG][main][CameraPreviewActivity]: rev msg1:264454
03-15 11:09:02.853 19748 32347 V [MYTAG][main][Device]: 666 dev is connected:true
03-15 11:09:02.854 19748 32347 V [MYTAG][main][CameraPreviewActivity]: rev msg1:589832
03-15 11:09:05.792 19748 32347 V [MYTAG][mail_tcp_socket][ViiSocketMailDataPhraser]: ------------mail---------------
03-15 11:09:05.792 19748 32347 V [MYTAG][mail_tcp_socket][ViiSocketMailDataPhraser]: {"msgid":"battery","info":{"capacity":82,"charge":0},"time":1773572946}
03-15 11:09:05.803 19748 32593 W System  : Ignoring header sessionid because its value was null.
03-15 11:09:05.803 19748 32347 V [MYTAG][mail_tcp_socket][ViiSocketMailDataPhraser]: ------------mail---------------
03-15 11:09:05.803 19748 32347 V [MYTAG][mail_tcp_socket][ViiSocketMailDataPhraser]: {"msgid":"sd","info":{"status":0},"time":1773572946}
03-15 11:09:05.803 19748 32347 V [MYTAG][mail_tcp_socket][RemoteOptor]: ----
03-15 11:09:05.803 19748 32347 V [MYTAG][mail_tcp_socket][RemoteOptor]: [CMD]DEV_SDCARD_STATUS_QUERY
03-15 11:09:05.803 19748 32347 V [MYTAG][mail_tcp_socket][RemoteOptor]: [PARAM]null
03-15 11:09:05.803 19748 32347 V [MYTAG][mail_tcp_socket][HttpTransportLayer]: [HTTP SEND GET]
03-15 11:09:05.803 19748 32347 V [MYTAG][mail_tcp_socket][HttpTransportLayer]: 	 url:http://192.168.0.1:80/app/getsdinfo
03-15 11:09:05.803 19748 32593 I System.out: (HTTPLog)-Static: isSBSettingEnabled false
03-15 11:09:05.803 19748 32593 I System.out: (HTTPLog)-Static: isSBSettingEnabled false
03-15 11:09:05.804 19748 32347 V [MYTAG][main][Device]: 666 dev is connected:true
03-15 11:09:05.837 19748 32347 V [MYTAG][mail_tcp_socket][HttpTransportLayer]: [HTTP RSP]
03-15 11:09:05.837 19748 32347 V [MYTAG][mail_tcp_socket][HttpTransportLayer]: 	 errcode:0
03-15 11:09:05.837 19748 32347 V [MYTAG][mail_tcp_socket][HttpTransportLayer]: 	[content]{"result":0,"info":{"status":0,"free":258,"total":1883}}
03-15 11:09:05.837 19748 32347 V [MYTAG][mail_tcp_socket][HttpTransportLayer]: -----------------------------------------
03-15 11:09:05.854 19748 19748 W ProxyAndroidLoggerBackend: Too many Flogger logs received before configuration. Dropping old logs.
03-15 11:09:05.874 19748 19748 I chatty  : uid=10291(com.vidure.app) identical 6 lines
03-15 11:09:05.876 19748 19748 W ProxyAndroidLoggerBackend: Too many Flogger logs received before configuration. Dropping old logs.
03-15 11:09:05.882 19748 32555 W ProxyAndroidLoggerBackend: Too many Flogger logs received before configuration. Dropping old logs.
03-15 11:09:05.884 19748 32555 I chatty  : uid=10291(com.vidure.app) identical 10 lines
03-15 11:09:05.884 19748 32555 W ProxyAndroidLoggerBackend: Too many Flogger logs received before configuration. Dropping old logs.
03-15 11:09:05.885 19748 32557 W ProxyAndroidLoggerBackend: Too many Flogger logs received before configuration. Dropping old logs.
03-15 11:09:05.885 19748 32557 W ProxyAndroidLoggerBackend: Too many Flogger logs received before configuration. Dropping old logs.
03-15 11:09:05.885 19748 19748 W ProxyAndroidLoggerBackend: Too many Flogger logs received before configuration. Dropping old logs.
03-15 11:09:05.885 19748 32557 W ProxyAndroidLoggerBackend: Too many Flogger logs received before configuration. Dropping old logs.
03-15 11:09:05.889 19748 32557 W ProxyAndroidLoggerBackend: Too many Flogger logs received before configuration. Dropping old logs.
03-15 11:09:05.890 19748 32556 W ProxyAndroidLoggerBackend: Too many Flogger logs received before configuration. Dropping old logs.
03-15 11:09:05.891 19748 32347 V [MYTAG][main][Device]: 666 dev is connected:true
03-15 11:09:05.892 19748 32555 W ProxyAndroidLoggerBackend: Too many Flogger logs received before configuration. Dropping old logs.
03-15 11:09:05.893 19748 32347 V [MYTAG][main][CameraPreviewActivity]: rev msg1:264454
03-15 11:09:05.894 19748 32347 V [MYTAG][main][Device]: 666 dev is connected:true
03-15 11:09:05.894 19748 32347 V [MYTAG][main][CameraPreviewActivity]: rev msg1:589832
03-15 11:09:06.577 19748 32594 W System  : Ignoring header sessionid because its value was null.
03-15 11:09:06.577 19748 32347 V [MYTAG][HeartbeatMgr][RemoteOptor]: ----
03-15 11:09:06.577 19748 32347 V [MYTAG][HeartbeatMgr][RemoteOptor]: [CMD]Basic_Msg_MailBox
03-15 11:09:06.577 19748 32347 V [MYTAG][HeartbeatMgr][RemoteOptor]: [PARAM]null
03-15 11:09:06.577 19748 32347 V [MYTAG][HeartbeatMgr][HttpTransportLayer]: [HTTP SEND GET]
03-15 11:09:06.577 19748 32347 V [MYTAG][HeartbeatMgr][HttpTransportLayer]: 	 url:http://192.168.0.1:80/app/getparamvalue?param=rec
03-15 11:09:06.577 19748 32594 I System.out: (HTTPLog)-Static: isSBSettingEnabled false
03-15 11:09:06.577 19748 32594 I System.out: (HTTPLog)-Static: isSBSettingEnabled false
03-15 11:09:06.610 19748 32347 V [MYTAG][HeartbeatMgr][HttpTransportLayer]: [HTTP RSP]
03-15 11:09:06.610 19748 32347 V [MYTAG][HeartbeatMgr][HttpTransportLayer]: 	 errcode:0
03-15 11:09:06.610 19748 32347 V [MYTAG][HeartbeatMgr][HttpTransportLayer]: 	[content]{"result":0,"info":{"value":0}}
03-15 11:09:06.610 19748 32347 V [MYTAG][HeartbeatMgr][HttpTransportLayer]: -----------------------------------------
03-15 11:09:08.800 19748 32347 V [MYTAG][mail_tcp_socket][ViiSocketMailDataPhraser]: ------------mail---------------
03-15 11:09:08.800 19748 32347 V [MYTAG][mail_tcp_socket][ViiSocketMailDataPhraser]: {"msgid":"battery","info":{"capacity":82,"charge":0},"time":1773572949}
03-15 11:09:08.804 19748 32593 W System  : Ignoring header sessionid because its value was null.
03-15 11:09:08.805 19748 32593 I System.out: (HTTPLog)-Static: isSBSettingEnabled false
03-15 11:09:08.805 19748 32593 I System.out: (HTTPLog)-Static: isSBSettingEnabled false
03-15 11:09:08.805 19748 32347 V [MYTAG][mail_tcp_socket][ViiSocketMailDataPhraser]: ------------mail---------------
03-15 11:09:08.805 19748 32347 V [MYTAG][mail_tcp_socket][ViiSocketMailDataPhraser]: {"msgid":"sd","info":{"status":0},"time":1773572949}
03-15 11:09:08.806 19748 32347 V [MYTAG][mail_tcp_socket][RemoteOptor]: ----
03-15 11:09:08.806 19748 32347 V [MYTAG][mail_tcp_socket][RemoteOptor]: [CMD]DEV_SDCARD_STATUS_QUERY
03-15 11:09:08.806 19748 32347 V [MYTAG][mail_tcp_socket][RemoteOptor]: [PARAM]null
