09-14 10:11:51.717  3880  7594 I IJKMEDIA: player-opts : video-pictq-size-min         = 3
09-14 10:11:51.717  3880  7594 I IJKMEDIA: player-opts : video-pictq-size-max         = 6
09-14 10:11:51.717  3880  7594 I IJKMEDIA: player-opts : an                           = 1
09-14 10:11:51.717  3880  7594 I IJKMEDIA: player-opts : preview                      = 1
09-14 10:11:51.717  3880  7594 I IJKMEDIA: player-opts : low_delay                    = 1
09-14 10:11:51.717  3880  7594 I IJKMEDIA: player-opts : keyframe_start               = 1
09-14 10:11:51.717  3880  7594 I IJKMEDIA: player-opts : send_teardown                = 1
09-14 10:11:51.717  3880  7594 I IJKMEDIA: player-opts : preview_drop_firstframe      = 30
09-14 10:11:51.717  3880  7594 I IJKMEDIA: player-opts : is_sec_frame                 = 0
09-14 10:11:51.717  3880  7594 I IJKMEDIA: format-opts : ijkapplication               = 520412326752
09-14 10:11:51.717  3880  7594 I IJKMEDIA: format-opts : ijkiomanager                 = 522463779968
09-14 10:11:51.717  3880  7594 I IJKMEDIA: format-opts : formatprobesize              = 102400
09-14 10:11:51.717  3880  7594 I IJKMEDIA: format-opts : dns_cache_clear              = 1
09-14 10:11:51.717  3880  7594 I IJKMEDIA: format-opts : rtsp_transport               = tcp
09-14 10:11:51.717  3880  7594 I IJKMEDIA: format-opts : analyzemaxduration           = 100
09-14 10:11:51.717  3880  7594 I IJKMEDIA: format-opts : stimeout                     = 5000000
09-14 10:11:51.717  3880  7594 I IJKMEDIA: format-opts : http-detect-range-support    = 0
09-14 10:11:51.717  3880  7594 I IJKMEDIA: format-opts : probesize                    = 1048576
09-14 10:11:51.717  3880  7594 I IJKMEDIA: format-opts : analyzeduration              = 3000000
09-14 10:11:51.717  3880  7594 I IJKMEDIA: format-opts : flush_packets                = 1
09-14 10:11:51.717  3880  7594 I IJKMEDIA: format-opts : sync                         = ext
09-14 10:11:51.717  3880  7594 I IJKMEDIA: format-opts : fflags                       = nobuffer
09-14 10:11:51.717  3880  7594 I IJKMEDIA: codec-opts  : skip_frame                   = 5
09-14 10:11:51.717  3880  7594 I IJKMEDIA: codec-opts  : skip_loop_filter             = 16
09-14 10:11:51.717  3880  7594 I IJKMEDIA: ===================
09-14 10:11:51.719  3880  7594 I IJKMEDIA: frame queue init size: 12,final size:12
09-14 10:11:51.719  3880  7594 I IJKMEDIA: frame queue init size: 16,final size:16
09-14 10:11:51.719  3880  7594 I IJKMEDIA: frame queue init size: 9,final size:9
09-14 10:11:51.719  3880  8242 I IJKMEDIA: SDL_RunThread: [8242] ff_vout
09-14 10:11:51.719  3880  7594 D IJKMEDIA: ijkmp_prepare_async()=0
09-14 10:11:51.719  3880  8242 I IJKMEDIA: is preview:1
09-14 10:11:51.719  3880  8243 I IJKMEDIA: SDL_RunThread: [8243] ff_read
09-14 10:11:51.719  3880  8243 I IJKMEDIA: scan_all_pmts_set:1.
09-14 10:11:51.719  3880  8243 W IJKMEDIA: remove 'timeout' option for rtmp or rtsp.
09-14 10:11:51.719  3880  8243 I IJKMEDIA:  start to open input rtsp://192.168.0.1/live/tcp/ch1.
09-14 10:11:51.719  3880  7576 V [MYTAG][pool-10-thread-3][ijk_preview_playing]: runnable  is end.
09-14 10:11:51.720  3880  8243 I IJKMEDIA: will delete cache entry, hostname = 192.168.0.1
09-14 10:11:51.728  3880  8243 I IJKMEDIA: Add dns cache hostname = 192.168.0.1, ip = 
09-14 10:11:51.830  3880  8243 I IJKMEDIA:  end to open input rtsp://192.168.0.1/live/tcp/ch1.
09-14 10:11:51.830  3880  8241 D IJKMEDIA: FFP_MSG_OPEN_INPUT:
09-14 10:11:51.830  3880  8243 E IJKMEDIA: Option ijkapplication not found.
09-14 10:11:51.830  3880  8243 I IJKMEDIA: max_frame_duration: 10.000
09-14 10:11:51.830  3880  8243 I IJKMEDIA: Input #0, rtsp, from 'rtsp://192.168.0.1/live/tcp/ch1':
09-14 10:11:51.830  3880  8243 I IJKMEDIA:   Metadata:
09-14 10:11:51.830  3880  8243 I IJKMEDIA:     title           : 
09-14 10:11:51.830  3880  8243 I IJKMEDIA: SGK
09-14 10:11:51.830  3880  8243 I IJKMEDIA: 
09-14 10:11:51.830  3880  8243 I IJKMEDIA:   Duration: 
09-14 10:11:51.830  3880  8243 I IJKMEDIA: N/A
09-14 10:11:51.830  3880  8243 I IJKMEDIA: , bitrate: 
09-14 10:11:51.830  3880  8243 I IJKMEDIA: N/A
09-14 10:11:51.830  3880  8243 I IJKMEDIA: 
09-14 10:11:51.831  3880  8243 I IJKMEDIA:     Stream #0:0
09-14 10:11:51.831  3880  8243 I IJKMEDIA: : Video: h264, none
09-14 10:11:51.831  3880  8243 I IJKMEDIA: , 
09-14 10:11:51.831  3880  8243 I IJKMEDIA: 90k tbn
09-14 10:11:51.831  3880  8243 I IJKMEDIA: 
09-14 10:11:51.831  3880  8243 I IJKMEDIA:     Stream #0:1
09-14 10:11:51.831  3880  8243 I IJKMEDIA: : Audio: pcm_alaw, 16000 Hz, 1 channels, 128 kb/s
09-14 10:11:51.831  3880  8243 I IJKMEDIA: 
09-14 10:11:51.831  3880  8243 I IJKMEDIA: find the video st index: 0
09-14 10:11:51.831  3880  8243 I IJKMEDIA: find the audio st index: -1
09-14 10:11:51.831  3880  8243 I IJKMEDIA: find the subtitle st index: -1381258232
09-14 10:11:51.831  3880  8243 I IJKMEDIA: is realtime:1 ,use main clock: 2 
09-14 10:11:51.831  3880  7576 V [MYTAG][main][IjkPreviewPlayer]: [onInfo]onInfo:what:10005,extra:0
09-14 10:11:51.831  3880  8243 I IJKMEDIA: is preview:1, is use low delay:1
09-14 10:11:51.834  3880  8243 I IJKMEDIA: VideoCodec: avcodec, h264
09-14 10:11:51.834  3880  8241 D IJKMEDIA: FFP_MSG_COMPONENT_OPEN:
09-14 10:11:51.834  3880  8252 I IJKMEDIA: SDL_RunThread: [8252] ff_video_dec
09-14 10:11:51.834  3880  8241 D IJKMEDIA: FFP_MSG_VIDEO_SIZE_CHANGED: 0, 0
09-14 10:11:51.834  3880  8241 D IJKMEDIA: FFP_MSG_SAR_CHANGED: 0, 1
09-14 10:11:51.834  3880  8241 D IJKMEDIA: ijkmp_get_msg: FFP_MSG_PREPARED
09-14 10:11:51.834  3880  8241 D IJKMEDIA: FFP_MSG_PREPARED:
09-14 10:11:51.834  3880  8241 D IJKMEDIA: FFP_MSG_VIDEO_ROTATION_CHANGED: 0
09-14 10:11:51.835  3880  7576 V [MYTAG][main][IjkPreviewPlayer]: [onInfo]onInfo:what:10007,extra:0
09-14 10:11:51.835  3880  7576 V [MYTAG][main][IjkPreviewPlayer]: [onVideoSizeChanged]player vvideo width(0) or height(0)
09-14 10:11:51.835  3880  7576 V [MYTAG][main][IjkPreviewPlayer]: [onVideoSizeChanged]player vvideo width(0) or height(0)
09-14 10:11:51.835  3880  7576 V [MYTAG][main][IjkPreviewPlayer]: onPrepared...
09-14 10:11:51.836  3880  7576 V [MYTAG][main][IjkPreviewPlayer]: [onInfo]onInfo:what:10001,extra:0
09-14 10:11:51.890  3880  8252 I IJKMEDIA: first drop frame count 0 
09-14 10:11:51.939  3880  8252 I IJKMEDIA: first drop frame count 1 
09-14 10:11:51.973  3880  7576 V [MYTAG][pool-26-thread-1][IjkPreviewPlayer]: wait preview first frame show: 300
09-14 10:11:51.978  3880  8252 I IJKMEDIA: first drop frame count 2 
09-14 10:11:52.020  3880  8252 I IJKMEDIA: first drop frame count 3 
09-14 10:11:52.064  3880  8252 I IJKMEDIA: first drop frame count 4 
09-14 10:11:52.101  3880  8252 I IJKMEDIA: first drop frame count 5 
09-14 10:11:52.139  3880  8252 I IJKMEDIA: first drop frame count 6 
09-14 10:11:52.187  3880  8252 I IJKMEDIA: first drop frame count 7 
09-14 10:11:52.229  3880  8252 I IJKMEDIA: first drop frame count 8 
09-14 10:11:52.261  3880  8252 I IJKMEDIA: first drop frame count 9 
09-14 10:11:52.276  3880  7576 V [MYTAG][pool-26-thread-1][IjkPreviewPlayer]: wait preview first frame show: 600
09-14 10:11:52.307  3880  8252 I IJKMEDIA: first drop frame count 10 
09-14 10:11:52.345  3880  8252 I IJKMEDIA: first drop frame count 11 
09-14 10:11:52.382  3880  8252 I IJKMEDIA: first drop frame count 12 
09-14 10:11:52.404  3880  7535 D OpenGLRenderer: makeCurrent EglSurface : 0x78cd283280 -> 0x78cd283f00
09-14 10:11:52.427  3880  8252 I IJKMEDIA: first drop frame count 13 
09-14 10:11:52.443  3880  8252 I IJKMEDIA: first drop frame count 14 
09-14 10:11:52.449  3880  7535 D OpenGLRenderer: makeCurrent EglSurface : 0x78cd283f00 -> 0x78cd283280
09-14 10:11:52.521  3880  8252 I IJKMEDIA: first drop frame count 15 
09-14 10:11:52.544  3880  8252 I IJKMEDIA: first drop frame count 16 
09-14 10:11:52.576  3880  7576 V [MYTAG][pool-26-thread-1][IjkPreviewPlayer]: wait preview first frame show: 900
09-14 10:11:52.583  3880  8252 I IJKMEDIA: first drop frame count 17 
09-14 10:11:52.625  3880  8252 I IJKMEDIA: first drop frame count 18 
09-14 10:11:52.665  3880  8252 I IJKMEDIA: first drop frame count 19 
09-14 10:11:52.702  3880  8252 I IJKMEDIA: first drop frame count 20 
09-14 10:11:52.727  3880  7576 V [MYTAG][mail_tcp_socket][ViiSocketMailDataPhraser]: ------------mail---------------
09-14 10:11:52.727  3880  7576 V [MYTAG][mail_tcp_socket][ViiSocketMailDataPhraser]: {"msgid":"battery","info":{"capacity":100,"charge":0},"time":1757844712}
09-14 10:11:52.729  3880  8188 W System  : Ignoring header sessionid because its value was null.
09-14 10:11:52.729  3880  8188 I System.out: (HTTPLog)-Static: isSBSettingEnabled false
09-14 10:11:52.730  3880  8188 I System.out: (HTTPLog)-Static: isSBSettingEnabled false
09-14 10:11:52.736  3880  7576 V [MYTAG][mail_tcp_socket][ViiSocketMailDataPhraser]: ------------mail---------------
09-14 10:11:52.736  3880  7576 V [MYTAG][mail_tcp_socket][ViiSocketMailDataPhraser]: {"msgid":"sd","info":{"status":0},"time":1757844712}
09-14 10:11:52.736  3880  7576 V [MYTAG][mail_tcp_socket][RemoteOptor]: ----
09-14 10:11:52.736  3880  7576 V [MYTAG][mail_tcp_socket][RemoteOptor]: [CMD]DEV_SDCARD_STATUS_QUERY
09-14 10:11:52.736  3880  7576 V [MYTAG][mail_tcp_socket][RemoteOptor]: [PARAM]null
09-14 10:11:52.736  3880  7576 V [MYTAG][mail_tcp_socket][HttpTransportLayer]: [HTTP SEND GET]
09-14 10:11:52.736  3880  7576 V [MYTAG][mail_tcp_socket][HttpTransportLayer]: 	 url:http://192.168.0.1:80/app/getsdinfo
09-14 10:11:52.739  3880  7576 V [MYTAG][main][Device]: 603 dev is connected:true
09-14 10:11:52.742  3880  8252 I IJKMEDIA: first drop frame count 21 
09-14 10:11:52.768  3880  3880 W ProxyAndroidLoggerBackend: Too many Flogger logs received before configuration. Dropping old logs.
09-14 10:11:52.780  3880  3880 I chatty  : uid=10291(com.vidure.app) identical 2 lines
09-14 10:11:52.780  3880  3880 W ProxyAndroidLoggerBackend: Too many Flogger logs received before configuration. Dropping old logs.
09-14 10:11:52.781  3880  8252 I IJKMEDIA: first drop frame count 22 
09-14 10:11:52.789  3880  3880 W ProxyAndroidLoggerBackend: Too many Flogger logs received before configuration. Dropping old logs.
09-14 10:11:52.791  3880  3880 I chatty  : uid=10291(com.vidure.app) identical 2 lines
09-14 10:11:52.793  3880  3880 W ProxyAndroidLoggerBackend: Too many Flogger logs received before configuration. Dropping old logs.
09-14 10:11:52.810  3880  8089 W ProxyAndroidLoggerBackend: Too many Flogger logs received before configuration. Dropping old logs.
09-14 10:11:52.812  3880  8089 W ProxyAndroidLoggerBackend: Too many Flogger logs received before configuration. Dropping old logs.
09-14 10:11:52.813  3880  8092 W ProxyAndroidLoggerBackend: Too many Flogger logs received before configuration. Dropping old logs.
09-14 10:11:52.814  3880  8092 I chatty  : uid=10291(com.vidure.app) identical 4 lines
09-14 10:11:52.815  3880  8092 W ProxyAndroidLoggerBackend: Too many Flogger logs received before configuration. Dropping old logs.
09-14 10:11:52.815  3880  8089 W ProxyAndroidLoggerBackend: Too many Flogger logs received before configuration. Dropping old logs.
09-14 10:11:52.816  3880  8089 W ProxyAndroidLoggerBackend: Too many Flogger logs received before configuration. Dropping old logs.
09-14 10:11:52.816  3880  8091 W ProxyAndroidLoggerBackend: Too many Flogger logs received before configuration. Dropping old logs.
09-14 10:11:52.817  3880  8091 I chatty  : uid=10291(com.vidure.app) identical 1 line
09-14 10:11:52.817  3880  8091 W ProxyAndroidLoggerBackend: Too many Flogger logs received before configuration. Dropping old logs.
09-14 10:11:52.817  3880  8252 I IJKMEDIA: first drop frame count 23 
09-14 10:11:52.818  3880  8091 W ProxyAndroidLoggerBackend: Too many Flogger logs received before configuration. Dropping old logs.
09-14 10:11:52.818  3880  7576 V [MYTAG][mail_tcp_socket][HttpTransportLayer]: [HTTP RSP]
09-14 10:11:52.818  3880  7576 V [MYTAG][mail_tcp_socket][HttpTransportLayer]: 	 errcode:0
09-14 10:11:52.818  3880  7576 V [MYTAG][mail_tcp_socket][HttpTransportLayer]: 	[content]{"result":0,"info":{"status":0,"free":303,"total":1883}}
09-14 10:11:52.818  3880  7576 V [MYTAG][mail_tcp_socket][HttpTransportLayer]: -----------------------------------------
09-14 10:11:52.818  3880  8089 W ProxyAndroidLoggerBackend: Too many Flogger logs received before configuration. Dropping old logs.
09-14 10:11:52.818  3880  7576 V [MYTAG][main][Device]: 603 dev is connected:true
09-14 10:11:52.820  3880  8089 W ProxyAndroidLoggerBackend: Too many Flogger logs received before configuration. Dropping old logs.
09-14 10:11:52.820  3880  7576 V [MYTAG][main][CameraPreviewActivity]: rev msg1:264454
09-14 10:11:52.821  3880  7576 V [MYTAG][main][Device]: 603 dev is connected:true
09-14 10:11:52.821  3880  7576 V [MYTAG][main][CameraPreviewActivity]: rev msg1:589832
09-14 10:11:52.822  3880  8092 W ProxyAndroidLoggerBackend: Too many Flogger logs received before configuration. Dropping old logs.
09-14 10:11:52.822  3880  8091 W ProxyAndroidLoggerBackend: Too many Flogger logs received before configuration. Dropping old logs.
09-14 10:11:52.823  3880  8089 W ProxyAndroidLoggerBackend: Too many Flogger logs received before configuration. Dropping old logs.
09-14 10:11:52.823  3880  8092 W ProxyAndroidLoggerBackend: Too many Flogger logs received before configuration. Dropping old logs.
09-14 10:11:52.830  3880  7705 I System.out: (HTTPLog)-Static: isSBSettingEnabled false
09-14 10:11:52.830  3880  7705 I System.out: (HTTPLog)-Static: isSBSettingEnabled false
09-14 10:11:52.858  3880  8252 I IJKMEDIA: first drop frame count 24 
09-14 10:11:52.876  3880  7576 V [MYTAG][pool-26-thread-1][IjkPreviewPlayer]: wait preview first frame show: 1200
09-14 10:11:52.886  3880  8252 I IJKMEDIA: first drop frame count 25 
09-14 10:11:52.921  3880  7440 I com.vidure.app: NativeAlloc concurrent copying GC freed 163571(10MB) AllocSpace objects, 72(3132KB) LOS objects, 49% free, 12MB/25MB, paused 91us total 170.006ms
09-14 10:11:52.942  3880  8252 I IJKMEDIA: first drop frame count 26 
09-14 10:11:52.982  3880  8252 I IJKMEDIA: first drop frame count 27 
09-14 10:11:53.019  3880  8252 I IJKMEDIA: first drop frame count 28 
09-14 10:11:53.060  3880  8252 I IJKMEDIA: first drop frame count 29 
09-14 10:11:53.100  3880  8241 D IJKMEDIA: FFP_MSG_VIDEO_SIZE_CHANGED: 960, 540
09-14 10:11:53.101  3880  7576 V [MYTAG][main][IjkPreviewPlayer]: [onVideoSizeChanged]player vvideo width(960) or height(540)
09-14 10:11:53.102  3880  8252 D IJKMEDIA: SDL_VoutFFmpeg_CreateOverlay(w=960, h=540, fmt=YV12(0x32315659, dp=0x78ea382900)
09-14 10:11:53.102  3880  8252 D IJKMEDIA: Video: first frame decoded
09-14 10:11:53.103  3880  8241 D IJKMEDIA: FFP_MSG_VIDEO_DECODED_START:
09-14 10:11:53.104  3880  7576 V [MYTAG][main][IjkPreviewPlayer]: [onInfo]onInfo:what:10004,extra:0
09-14 10:11:53.107  3880  8242 I IJKMEDIA: [EGL] eglInitialize 1.5
09-14 10:11:53.109  3880  8242 I IJKMEDIA: [EGL] ANativeWindow_setBuffersGeometry(f=2);
09-14 10:11:53.119  3880  8242 I IJKMEDIA: [GLES2] Version = OpenGL ES 3.2 V@415.0 (GIT@f3ac570, I0807496fd3, 1599233713) (Date:09/04/20)
09-14 10:11:53.119  3880  8242 I IJKMEDIA: [GLES2] Vendor = Qualcomm
09-14 10:11:53.119  3880  8242 I IJKMEDIA: [GLES2] Renderer = Adreno (TM) 540
09-14 10:11:53.119  3880  8242 I IJKMEDIA: [GLES2] Extensions = GL_OES_EGL_image GL_OES_EGL_image_external GL_OES_EGL_sync GL_OES_vertex_half_float GL_OES_framebuffer_object GL_OES_rgb8_rgba8 GL_OES_compressed_ETC1_RGB8_texture GL_AMD_compressed_ATC_texture GL_KHR_texture_compression_astc_ldr GL_KHR_texture_compression_astc_hdr GL_OES_texture_compression_astc GL_OES_texture_npot GL_EXT_texture_filter_anisotropic GL_EXT_texture_format_BGRA8888 GL_EXT_read_format_bgra GL_OES_texture_3D GL_EXT_color_buffer_float GL_EXT_color_buffer_half_float GL_QCOM_alpha_test GL_OES_depth24 GL_OES_packed_depth_stencil GL_OES_depth_texture GL_OES_depth_texture_cube_map GL_EXT_sRGB GL_OES_texture_float GL_OES_texture_float_linear GL_OES_texture_half_float GL_OES_texture_half_float_linear GL_EXT_texture_type_2_10_10_10_REV GL_EXT_texture_sRGB_decode GL_EXT_texture_format_sRGB_override GL_OES_element_index_uint GL_EXT_copy_image GL_EXT_geometry_shader GL_EXT_tessellation_shader GL_OES_texture_stencil8 GL_EXT_shader_io_blocks GL_OES_shader_image_atomic GL_OES_sample_variab
09-14 10:11:53.119  3880  8242 I IJKMEDIA: create render yuv420p
09-14 10:11:53.121  3880  8242 I IJKMEDIA: use render yuv420p
09-14 10:11:53.121  3880  8242 I IJKMEDIA: ANativeWindow_setBuffersGeometry(w=1600,h=1600) -> (w=960,h=540);
09-14 10:11:53.128  3880  8242 E IJKMEDIA: IJK_GLES2_Renderer_TexCoords_cropRight
09-14 10:11:53.133  3880  8241 D IJKMEDIA: FFP_MSG_VIDEO_RENDERING_START:
09-14 10:11:53.139  3880  8252 D IJKMEDIA: SDL_VoutFFmpeg_CreateOverlay(w=960, h=540, fmt=YV12(0x32315659, dp=0x78ea382900)
09-14 10:11:53.141  3880  7459 V Toast   : HIDE: android.widget.Toast$TN@b00dfdf
09-14 10:11:53.141  3880  8241 D IJKMEDIA: FFP_MSG_VIDEO_SIZE_CHANGED: 960, 540
09-14 10:11:53.144  3880  7535 D OpenGLRenderer: makeCurrent EglSurface : 0x78cd283280 -> 0x78cd283f00
09-14 10:11:53.146  3880  3880 I tv.danmaku.ijk.media.player.IjkMediaPlayer: Info: MEDIA_INFO_VIDEO_RENDERING_START
09-14 10:11:53.146  3880  7576 V [MYTAG][main][IjkPreviewPlayer]: [onInfo]onInfo:what:3,extra:0
09-14 10:11:53.147  3880  7576 I [MYTAG][main][IjkPreviewPlayer]: media video out...
09-14 10:11:53.147  3880  3880 V Toast   : HANDLE HIDE: android.widget.Toast$TN@b00dfdf mView=android.widget.LinearLayout{6ae91a9 V.E...... ........ 0,0-628,99}
09-14 10:11:53.147  3880  3880 V Toast   : REMOVE! android.widget.LinearLayout{6ae91a9 V.E...... ........ 0,0-628,99} in android.widget.Toast$TN@b00dfdf
09-14 10:11:53.155  3880  3880 D ViewRootImpl@2ee405c[Toast]: dispatchDetachedFromWindow
09-14 10:11:53.160  3880  3880 D InputTransport: Input channel destroyed: '9365ff9', fd=180
09-14 10:11:53.171  3880  7576 V [MYTAG][main][IjkPreviewPlayer]: [onVideoSizeChanged]player vvideo width(960) or height(540)
09-14 10:11:53.171  3880  7576 I [MYTAG][main][CameraPreviewActivity]: onPlayerOutput...
09-14 10:11:53.178  3880  7576 V [MYTAG][pool-26-thread-1][IjkPreviewPlayer]: wait preview first frame show: 1500
09-14 10:11:53.178  3880  7576 V [MYTAG][pool-26-thread-1][toPlayLive]: runnable  is end.
09-14 10:11:53.181  3880  8252 D IJKMEDIA: SDL_VoutFFmpeg_CreateOverlay(w=960, h=540, fmt=YV12(0x32315659, dp=0x78ea382900)
09-14 10:11:53.181  3880  8241 D IJKMEDIA: FFP_MSG_VIDEO_SIZE_CHANGED: 960, 540
09-14 10:11:53.200  3880  7576 V [MYTAG][main][IjkPreviewPlayer]: [onVideoSizeChanged]player vvideo width(960) or height(540)
09-14 10:11:53.219  3880  8241 D IJKMEDIA: FFP_MSG_VIDEO_SIZE_CHANGED: 960, 540
09-14 10:11:53.220  3880  8252 D IJKMEDIA: SDL_VoutFFmpeg_CreateOverlay(w=960, h=540, fmt=YV12(0x32315659, dp=0x78ea382900)
09-14 10:11:53.220  3880  7576 V [MYTAG][main][IjkPreviewPlayer]: [onVideoSizeChanged]player vvideo width(960) or height(540)
09-14 10:11:53.248  3880  8241 D IJKMEDIA: FFP_MSG_VIDEO_SIZE_CHANGED: 960, 540
09-14 10:11:53.249  3880  8252 D IJKMEDIA: SDL_VoutFFmpeg_CreateOverlay(w=960, h=540, fmt=YV12(0x32315659, dp=0x78ea382900)
09-14 10:11:53.249  3880  7576 V [MYTAG][main][IjkPreviewPlayer]: [onVideoSizeChanged]player vvideo width(960) or height(540)
09-14 10:11:53.281  3880  7535 D OpenGLRenderer: makeCurrent EglSurface : 0x78cd283f00 -> 0x78cd283280
09-14 10:11:53.300  3880  8252 D IJKMEDIA: SDL_VoutFFmpeg_CreateOverlay(w=960, h=540, fmt=YV12(0x32315659, dp=0x78ea382900)
09-14 10:11:53.300  3880  8241 D IJKMEDIA: FFP_MSG_VIDEO_SIZE_CHANGED: 960, 540
09-14 10:11:53.301  3880  7576 V [MYTAG][main][IjkPreviewPlayer]: [onVideoSizeChanged]player vvideo width(960) or height(540)
09-14 10:11:53.326  3880  7535 D OpenGLRenderer: makeCurrent EglSurface : 0x78cd283280 -> 0x78cd283f00
09-14 10:11:53.341  3880  8241 D IJKMEDIA: FFP_MSG_VIDEO_SIZE_CHANGED: 960, 540
09-14 10:11:53.343  3880  7576 V [MYTAG][main][IjkPreviewPlayer]: [onVideoSizeChanged]player vvideo width(960) or height(540)
09-14 10:11:53.344  3880  8252 D IJKMEDIA: SDL_VoutFFmpeg_CreateOverlay(w=960, h=540, fmt=YV12(0x32315659, dp=0x78ea382900)
09-14 10:11:53.380  3880  8241 D IJKMEDIA: FFP_MSG_VIDEO_SIZE_CHANGED: 960, 540
09-14 10:11:53.381  3880  7576 V [MYTAG][main][IjkPreviewPlayer]: [onVideoSizeChanged]player vvideo width(960) or height(540)
09-14 10:11:53.381  3880  8252 D IJKMEDIA: SDL_VoutFFmpeg_CreateOverlay(w=960, h=540, fmt=YV12(0x32315659, dp=0x78ea382900)
09-14 10:11:53.419  3880  8241 D IJKMEDIA: FFP_MSG_VIDEO_SIZE_CHANGED: 960, 540
09-14 10:11:53.419  3880  8252 D IJKMEDIA: SDL_VoutFFmpeg_CreateOverlay(w=960, h=540, fmt=YV12(0x32315659, dp=0x78ea382900)
09-14 10:11:53.427  3880  7535 D OpenGLRenderer: makeCurrent EglSurface : 0x78cd283f00 -> 0x78cd283280
09-14 10:11:53.427  3880  7576 V [MYTAG][main][IjkPreviewPlayer]: [onVideoSizeChanged]player vvideo width(960) or height(540)
09-14 10:11:53.430  3880  7576 V [MYTAG][pool-10-thread-1][b]: end toPlayLiveSync...
09-14 10:11:53.430  3880  7576 V [MYTAG][pool-10-thread-1][VTask-runnable]: runnable  is end.
09-14 10:11:53.442  3880  8252 D IJKMEDIA: SDL_VoutFFmpeg_CreateOverlay(w=960, h=540, fmt=YV12(0x32315659, dp=0x78ea382900)
09-14 10:11:53.442  3880  8241 D IJKMEDIA: FFP_MSG_VIDEO_SIZE_CHANGED: 960, 540
09-14 10:11:53.444  3880  7535 D OpenGLRenderer: makeCurrent EglSurface : 0x78cd283280 -> 0x78cd283f00
09-14 10:11:53.445  3880  7576 V [MYTAG][main][VTask-runnable]: runnable  is start.
09-14 10:11:53.451  3880  7576 D [MYTAG][main][TrackLocateService]: launch TrackLocateService: true
09-14 10:11:53.459  3880  7576 D [MYTAG][main][DefaultDialog]: dismiss dialogId:general_waiting_dlg
09-14 10:11:53.464  3880  3880 D ViewRootImpl@c458153[CameraPreviewActivity]: dispatchDetachedFromWindow
09-14 10:11:53.472  3880  3880 D InputTransport: Input channel destroyed: 'bb0cc8f', fd=188
09-14 10:11:53.473  3880  7576 V [MYTAG][main][VTask-runnable]: runnable  is end.
09-14 10:11:53.474  3880  7576 V [MYTAG][main][IjkPreviewPlayer]: [onVideoSizeChanged]player vvideo width(960) or height(540)
09-14 10:11:53.480  3880  7576 V [MYTAG][main][TrackLocateService]:  onCreate... 216341635
09-14 10:11:53.568  3880  8252 D IJKMEDIA: SDL_VoutFFmpeg_CreateOverlay(w=960, h=540, fmt=YV12(0x32315659, dp=0x78ea382900)
09-14 10:11:53.569  3880  8241 D IJKMEDIA: FFP_MSG_VIDEO_SIZE_CHANGED: 960, 540
09-14 10:11:53.583  3880  8241 D IJKMEDIA: FFP_MSG_VIDEO_SIZE_CHANGED: 960, 540
09-14 10:11:53.583  3880  8252 D IJKMEDIA: SDL_VoutFFmpeg_CreateOverlay(w=960, h=540, fmt=YV12(0x32315659, dp=0x78ea382900)
09-14 10:11:53.685  3880  8189 W System  : Ignoring header sessionid because its value was null.
09-14 10:11:53.685  3880  7576 V [MYTAG][HeartbeatMgr][RemoteOptor]: ----
09-14 10:11:53.685  3880  7576 V [MYTAG][HeartbeatMgr][RemoteOptor]: [CMD]Basic_Msg_MailBox
09-14 10:11:53.685  3880  7576 V [MYTAG][HeartbeatMgr][RemoteOptor]: [PARAM]null
09-14 10:11:53.685  3880  7576 V [MYTAG][HeartbeatMgr][HttpTransportLayer]: [HTTP SEND GET]
09-14 10:11:53.685  3880  7576 V [MYTAG][HeartbeatMgr][HttpTransportLayer]: 	 url:http://192.168.0.1:80/app/getparamvalue?param=rec
09-14 10:11:53.685  3880  8189 I System.out: (HTTPLog)-Static: isSBSettingEnabled false
09-14 10:11:53.685  3880  8189 I System.out: (HTTPLog)-Static: isSBSettingEnabled false
09-14 10:11:53.693  3880  3880 D ViewRootImpl@99d26c1[CameraPreviewActivity]: MSG_WINDOW_FOCUS_CHANGED 1 1
09-14 10:11:53.693  3880  3880 D InputMethodManager: prepareNavigationBarInfo() DecorView@e4143de[CameraPreviewActivity]
09-14 10:11:53.693  3880  3880 D InputMethodManager: getNavigationBarColor() -1
09-14 10:11:53.693  3880  7576 V [MYTAG][main][CameraPreviewActivity]: CameraPreviewActivity onWindowFocusChanged...true
09-14 10:11:53.695  3880  3880 D InputMethodManager: prepareNavigationBarInfo() DecorView@e4143de[CameraPreviewActivity]
09-14 10:11:53.695  3880  3880 D InputMethodManager: getNavigationBarColor() -1
09-14 10:11:53.695  3880  3880 V InputMethodManager: Starting input: tba=com.vidure.app ic=null mNaviBarColor -1 mIsGetNaviBarColorSuccess true , NavVisible : true , NavTrans : false
09-14 10:11:53.695  3880  3880 D InputMethodManager: startInputInner - Id : 0
09-14 10:11:53.695  3880  3880 I InputMethodManager: startInputInner - mService.startInputOrWindowGainedFocus
09-14 10:11:53.696  3880  3880 D InputTransport: Input channel destroyed: 'ClientS', fd=191
09-14 10:11:53.696  3880  3880 E ViewRootImpl: sendUserActionEvent() mView returned.
09-14 10:11:53.696  3880  7576 V [MYTAG][main][IjkPreviewPlayer]: [onVideoSizeChanged]player vvideo width(960) or height(540)
09-14 10:11:53.697  3880  7576 V [MYTAG][main][IjkPreviewPlayer]: [onVideoSizeChanged]player vvideo width(960) or height(540)
09-14 10:11:53.697  3880  7576 V [MYTAG][main][IjkPreviewPlayer]: the same video size changed,do nothing.
09-14 10:11:53.697  3880  7576 D [MYTAG][main][SystemLocationClientImpl]: 当前信号强度: 1
09-14 10:11:53.708  3880  7576 V [MYTAG][HeartbeatMgr][HttpTransportLayer]: [HTTP RSP]
09-14 10:11:53.708  3880  7576 V [MYTAG][HeartbeatMgr][HttpTransportLayer]: 	 errcode:0
09-14 10:11:53.708  3880  7576 V [MYTAG][HeartbeatMgr][HttpTransportLayer]: 	[content]{"result":0,"info":{"value":1}}
09-14 10:11:53.708  3880  7576 V [MYTAG][HeartbeatMgr][HttpTransportLayer]: -----------------------------------------
09-14 10:11:54.844  3880  7705 I System.out: (HTTPLog)-Static: isSBSettingEnabled false
09-14 10:11:54.844  3880  7705 I System.out: (HTTPLog)-Static: isSBSettingEnabled false
09-14 10:11:55.314  3880  7576 D [MYTAG][main][SystemLocationClientImpl]: onLocationChanged GPS data:精度=16.08 速度=0.33 海拔=389.4461669921875 经纬度=49.33316889, 7.05249798
09-14 10:11:55.319  3880  7576 D [MYTAG][main][SystemLocationClientImpl]: 当前信号强度: 3
09-14 10:11:55.712  3880  7576 V [MYTAG][DefaultDispatcher-worker-3][Device]: 603 dev is connected:true
09-14 10:11:55.713  3880  7576 V [MYTAG][main][VerticalPanelView]: [[eventBus]], new msg received:GPS_SIGNAL_CHANGE,set visible.
09-14 10:11:55.714  3880  7576 V [MYTAG][main][CameraPreviewActivity]: rev msg1:265731
09-14 10:11:55.737  3880  7576 V [MYTAG][mail_tcp_socket][ViiSocketMailDataPhraser]: ------------mail---------------
09-14 10:11:55.737  3880  7576 V [MYTAG][mail_tcp_socket][ViiSocketMailDataPhraser]: {"msgid":"battery","info":{"capacity":100,"charge":0},"time":1757844715}
09-14 10:11:55.740  3880  8188 W System  : Ignoring header sessionid because its value was null.
09-14 10:11:55.740  3880  8188 I System.out: (HTTPLog)-Static: isSBSettingEnabled false
09-14 10:11:55.740  3880  8188 I System.out: (HTTPLog)-Static: isSBSettingEnabled false
09-14 10:11:55.741  3880  7576 V [MYTAG][mail_tcp_socket][ViiSocketMailDataPhraser]: ------------mail---------------
09-14 10:11:55.741  3880  7576 V [MYTAG][mail_tcp_socket][ViiSocketMailDataPhraser]: {"msgid":"sd","info":{"status":0},"time":1757844715}
09-14 10:11:55.742  3880  7576 V [MYTAG][mail_tcp_socket][RemoteOptor]: ----
09-14 10:11:55.742  3880  7576 V [MYTAG][mail_tcp_socket][RemoteOptor]: [CMD]DEV_SDCARD_STATUS_QUERY
09-14 10:11:55.742  3880  7576 V [MYTAG][mail_tcp_socket][RemoteOptor]: [PARAM]null
09-14 10:11:55.742  3880  7576 V [MYTAG][mail_tcp_socket][HttpTransportLayer]: [HTTP SEND GET]
09-14 10:11:55.742  3880  7576 V [MYTAG][mail_tcp_socket][HttpTransportLayer]: 	 url:http://192.168.0.1:80/app/getsdinfo
09-14 10:11:55.758  3880  7576 V [MYTAG][mail_tcp_socket][HttpTransportLayer]: [HTTP RSP]
09-14 10:11:55.758  3880  7576 V [MYTAG][mail_tcp_socket][HttpTransportLayer]: 	 errcode:0
09-14 10:11:55.758  3880  7576 V [MYTAG][mail_tcp_socket][HttpTransportLayer]: 	[content]{"result":0,"info":{"status":0,"free":303,"total":1883}}
09-14 10:11:55.758  3880  7576 V [MYTAG][mail_tcp_socket][HttpTransportLayer]: -----------------------------------------
09-14 10:11:55.801  3880  7576 V [MYTAG][main][Device]: 603 dev is connected:true
09-14 10:11:55.815  3880  3880 W ProxyAndroidLoggerBackend: Too many Flogger logs received before configuration. Dropping old logs.
09-14 10:11:55.829  3880  3880 I chatty  : uid=10291(com.vidure.app) identical 6 lines
09-14 10:11:55.830  3880  3880 W ProxyAndroidLoggerBackend: Too many Flogger logs received before configuration. Dropping old logs.
09-14 10:11:55.836  3880  8089 W ProxyAndroidLoggerBackend: Too many Flogger logs received before configuration. Dropping old logs.
09-14 10:11:55.837  3880  8089 I chatty  : uid=10291(com.vidure.app) identical 3 lines
09-14 10:11:55.838  3880  8089 W ProxyAndroidLoggerBackend: Too many Flogger logs received before configuration. Dropping old logs.
09-14 10:11:55.838  3880  8092 W ProxyAndroidLoggerBackend: Too many Flogger logs received before configuration. Dropping old logs.
09-14 10:11:55.839  3880  8092 I chatty  : uid=10291(com.vidure.app) identical 4 lines
09-14 10:11:55.840  3880  8092 W ProxyAndroidLoggerBackend: Too many Flogger logs received before configuration. Dropping old logs.
09-14 10:11:55.841  3880  8091 W ProxyAndroidLoggerBackend: Too many Flogger logs received before configuration. Dropping old logs.
09-14 10:11:55.842  3880  8092 W ProxyAndroidLoggerBackend: Too many Flogger logs received before configuration. Dropping old logs.
09-14 10:11:55.842  3880  7576 V [MYTAG][main][Device]: 603 dev is connected:true
09-14 10:11:55.843  3880  8092 W ProxyAndroidLoggerBackend: Too many Flogger logs received before configuration. Dropping old logs.
09-14 10:11:55.843  3880  8092 W ProxyAndroidLoggerBackend: Too many Flogger logs received before configuration. Dropping old logs.
09-14 10:11:55.843  3880  8091 W ProxyAndroidLoggerBackend: Too many Flogger logs received before configuration. Dropping old logs.
09-14 10:11:55.844  3880  8091 I chatty  : uid=10291(com.vidure.app) identical 1 line
09-14 10:11:55.844  3880  8091 W ProxyAndroidLoggerBackend: Too many Flogger logs received before configuration. Dropping old logs.
09-14 10:11:55.846  3880  8092 W ProxyAndroidLoggerBackend: Too many Flogger logs received before configuration. Dropping old logs.
09-14 10:11:55.849  3880  7576 V [MYTAG][main][CameraPreviewActivity]: rev msg1:264454
09-14 10:11:55.849  3880  7576 V [MYTAG][main][Device]: 603 dev is connected:true
09-14 10:11:55.850  3880  7576 V [MYTAG][main][CameraPreviewActivity]: rev msg1:589832
09-14 10:11:55.851  3880  8089 W ProxyAndroidLoggerBackend: Too many Flogger logs received before configuration. Dropping old logs.
09-14 10:11:56.066  3880  7704 I System.out: (HTTPLog)-Static: isSBSettingEnabled false
09-14 10:11:56.066  3880  7704 I System.out: (HTTPLog)-Static: isSBSettingEnabled false
09-14 10:11:56.075  3880  7707 W Settings: Setting adb_enabled has moved from android.provider.Settings.Secure to android.provider.Settings.Global.
09-14 10:11:56.219  3880  7707 I System.out: (HTTPLog)-Static: isSBSettingEnabled false
09-14 10:11:56.237  3880  7707 I chatty  : uid=10291(com.vidure.app) fin-1-thread-5 identical 2 lines
09-14 10:11:56.238  3880  7707 I System.out: (HTTPLog)-Static: isSBSettingEnabled false
09-14 10:11:56.311  3880  7576 D [MYTAG][main][SystemLocationClientImpl]: onLocationChanged GPS data:精度=16.08 速度=0.3 海拔=388.002685546875 经纬度=49.33319146, 7.05248821
09-14 10:11:56.312  3880  7576 D [MYTAG][main][SystemLocationClientImpl]: 当前信号强度: 3
09-14 10:11:56.714  3880  7576 V [MYTAG][DefaultDispatcher-worker-3][Device]: 603 dev is connected:true
09-14 10:11:56.720  3880  7576 V [MYTAG][main][CameraPreviewActivity]: rev msg1:265731
09-14 10:11:57.317  3880  7576 D [MYTAG][main][SystemLocationClientImpl]: onLocationChanged GPS data:精度=11.792 速度=0.43 海拔=356.1578369140625 经纬度=49.33319757, 7.05251923
09-14 10:11:57.319  3880  7576 D [MYTAG][main][SystemLocationClientImpl]: 当前信号强度: 3
09-14 10:11:57.685  3880  7576 V [MYTAG][HeartbeatMgr][RemoteOptor]: ----
09-14 10:11:57.685  3880  7576 V [MYTAG][HeartbeatMgr][RemoteOptor]: [CMD]Basic_Msg_MailBox
09-14 10:11:57.685  3880  7576 V [MYTAG][HeartbeatMgr][RemoteOptor]: [PARAM]null
09-14 10:11:57.686  3880  8189 W System  : Ignoring header sessionid because its value was null.
09-14 10:11:57.686  3880  7576 V [MYTAG][HeartbeatMgr][HttpTransportLayer]: [HTTP SEND GET]
09-14 10:11:57.686  3880  7576 V [MYTAG][HeartbeatMgr][HttpTransportLayer]: 	 url:http://192.168.0.1:80/app/getparamvalue?param=rec
09-14 10:11:57.687  3880  8189 I System.out: (HTTPLog)-Static: isSBSettingEnabled false
09-14 10:11:57.687  3880  8189 I System.out: (HTTPLog)-Static: isSBSettingEnabled false
09-14 10:11:57.712  3880  7576 V [MYTAG][HeartbeatMgr][HttpTransportLayer]: [HTTP RSP]
09-14 10:11:57.712  3880  7576 V [MYTAG][HeartbeatMgr][HttpTransportLayer]: 	 errcode:0
09-14 10:11:57.712  3880  7576 V [MYTAG][HeartbeatMgr][HttpTransportLayer]: 	[content]{"result":0,"info":{"value":1}}
09-14 10:11:57.712  3880  7576 V [MYTAG][HeartbeatMgr][HttpTransportLayer]: -----------------------------------------
09-14 10:11:57.723  3880  7576 V [MYTAG][DefaultDispatcher-worker-3][Device]: 603 dev is connected:true
09-14 10:11:57.813  3880  3880 D ViewRootImpl@99d26c1[CameraPreviewActivity]: ViewPostIme pointer 0
09-14 10:11:57.890  3880  3880 D ViewRootImpl@99d26c1[CameraPreviewActivity]: ViewPostIme pointer 1
09-14 10:11:57.901  3880  7576 V [MYTAG][main][CameraPreviewActivity]: REQUEST setOrientationLandscape
09-14 10:11:58.214  3880  7704 I System.out: (HTTPLog)-Static: isSBSettingEnabled false
09-14 10:11:58.214  3880  7704 I System.out: (HTTPLog)-Static: isSBSettingEnabled false
09-14 10:11:58.224  3880  3880 D ViewRootImpl@99d26c1[CameraPreviewActivity]: MSG_RESIZED_REPORT: frame=(0,0,2560,1600) ci=(0,54,0,108) vi=(0,54,0,108) or=2
09-14 10:11:58.235  3880  7576 V [MYTAG][main][CameraPreviewActivity]: onConfigurationChanged
09-14 10:11:58.238  3880  7576 V [MYTAG][main][CameraPreviewActivity]: orientation:2
09-14 10:11:58.239  3880  7576 V [MYTAG][main][DeviceParamInfo]: get exist CamCount = 1
09-14 10:11:58.239  3880  7576 V [MYTAG][main][DeviceParamInfo]: get exist CamCount = 1
09-14 10:11:58.239  3880  7576 V [MYTAG][main][AbsPlayerLib]: 244910432:update surfaceParentWidth:2560
09-14 10:11:58.240  3880  7576 V [MYTAG][main][AbsPlayerLib]: update surfaceParentHeight:1600
09-14 10:11:58.244  3880  3880 I MultiWindowDecorSupport: updateCaptionType >> DecorView@e4143de[CameraPreviewActivity], isFloating: false, isApplication: true, hasWindowDecorCaption: false, hasWindowControllerCallback: true
09-14 10:11:58.244  3880  3880 D MultiWindowDecorSupport: setCaptionType = 0, DecorView = DecorView@e4143de[CameraPreviewActivity]
09-14 10:11:58.245  3880  7576 D [MYTAG][main][GoogleMapAdapter]: onPause
09-14 10:11:58.253  3880  3880 D ViewRootImpl@99d26c1[CameraPreviewActivity]: Relayout returned: old=(0,0,2560,1600) new=(0,0,2560,1600) req=(2560,1600)0 dur=6 res=0x23 s={true 518837809152} ch=false
09-14 10:11:58.254  3880  7535 D OpenGLRenderer: createReliableSurface : 0x78cd25f9c0(0x78cd24b000)
09-14 10:11:58.254  3880  7535 D OpenGLRenderer: makeCurrent EglSurface : 0x78cd283f00 -> 0x0
09-14 10:11:58.255  3880  7576 V [MYTAG][main][IjkPreviewPlayer]: [onSurfaceTextureSizeChanged] width:2560,height:1600
09-14 10:11:58.256  3880  7576 V [MYTAG][main][DadaTplViewLayout]: 264838332 onSizeChanged: width:2560,height:1600,timeSynchronizer:null
09-14 10:11:58.259  3880  7535 D OpenGLRenderer: makeCurrent EglSurface : 0x0 -> 0x78ce50e000
09-14 10:11:58.272  3880  3880 D ViewRootImpl@99d26c1[CameraPreviewActivity]: MSG_RESIZED_REPORT: frame=(0,0,2560,1600) ci=(0,54,0,108) vi=(0,54,0,108) or=2
09-14 10:11:58.306  3880  3880 D ViewRootImpl@99d26c1[CameraPreviewActivity]: Relayout returned: old=(0,0,2560,1600) new=(0,0,2560,1600) req=(2560,1600)0 dur=33 res=0x1 s={true 518837809152} ch=false
09-14 10:11:58.333  3880  7576 D [MYTAG][main][SystemLocationClientImpl]: onLocationChanged GPS data:精度=9.648001 速度=0.24 海拔=350.11859130859375 经纬度=49.3332068, 7.05253867
09-14 10:11:58.333  3880  3880 D ViewRootImpl@99d26c1[CameraPreviewActivity]: MSG_RESIZED: frame=(0,0,2560,1600) ci=(0,54,0,0) vi=(0,54,0,0) or=2
09-14 10:11:58.334  3880  7576 D [MYTAG][main][SystemLocationClientImpl]: 当前信号强度: 3
09-14 10:11:58.681  3880  3880 D ViewRootImpl@99d26c1[CameraPreviewActivity]: MSG_RESIZED: frame=(0,0,2560,1600) ci=(0,0,0,0) vi=(0,0,0,0) or=2
09-14 10:11:58.695  3880  3880 D ViewRootImpl@99d26c1[CameraPreviewActivity]: Relayout returned: old=(0,0,2560,1600) new=(0,0,2560,1600) req=(2560,1600)0 dur=6 res=0x1 s={true 518837809152} ch=false
09-14 10:11:58.724  3880  7576 V [MYTAG][DefaultDispatcher-worker-2][Device]: 603 dev is connected:true
09-14 10:11:58.746  3880  7576 V [MYTAG][mail_tcp_socket][ViiSocketMailDataPhraser]: ------------mail---------------
09-14 10:11:58.746  3880  7576 V [MYTAG][mail_tcp_socket][ViiSocketMailDataPhraser]: {"msgid":"battery","info":{"capacity":100,"charge":0},"time":1757844718}
09-14 10:11:58.747  3880  7576 V [MYTAG][mail_tcp_socket][ViiSocketMailDataPhraser]: ------------mail---------------
09-14 10:11:58.747  3880  7576 V [MYTAG][mail_tcp_socket][ViiSocketMailDataPhraser]: {"msgid":"sd","info":{"status":0},"time":1757844718}
09-14 10:11:58.748  3880  7576 V [MYTAG][mail_tcp_socket][RemoteOptor]: ----
09-14 10:11:58.748  3880  7576 V [MYTAG][mail_tcp_socket][RemoteOptor]: [CMD]DEV_SDCARD_STATUS_QUERY
09-14 10:11:58.748  3880  7576 V [MYTAG][mail_tcp_socket][RemoteOptor]: [PARAM]null
09-14 10:11:58.748  3880  7576 V [MYTAG][mail_tcp_socket][HttpTransportLayer]: [HTTP SEND GET]
09-14 10:11:58.748  3880  7576 V [MYTAG][mail_tcp_socket][HttpTransportLayer]: 	 url:http://192.168.0.1:80/app/getsdinfo
09-14 10:11:58.748  3880  8188 W System  : Ignoring header sessionid because its value was null.
09-14 10:11:58.748  3880  8188 I System.out: (HTTPLog)-Static: isSBSettingEnabled false
09-14 10:11:58.748  3880  8188 I System.out: (HTTPLog)-Static: isSBSettingEnabled false
09-14 10:11:58.750  3880  7576 V [MYTAG][main][Device]: 603 dev is connected:true
09-14 10:11:58.764  3880  7576 V [MYTAG][mail_tcp_socket][HttpTransportLayer]: [HTTP RSP]
09-14 10:11:58.764  3880  7576 V [MYTAG][mail_tcp_socket][HttpTransportLayer]: 	 errcode:0
09-14 10:11:58.764  3880  7576 V [MYTAG][mail_tcp_socket][HttpTransportLayer]: 	[content]{"result":0,"info":{"status":0,"free":302,"total":1883}}
09-14 10:11:58.764  3880  7576 V [MYTAG][mail_tcp_socket][HttpTransportLayer]: -----------------------------------------
09-14 10:11:58.802  3880  3880 W ProxyAndroidLoggerBackend: Too many Flogger logs received before configuration. Dropping old logs.
09-14 10:11:58.814  3880  3880 I chatty  : uid=10291(com.vidure.app) identical 6 lines
09-14 10:11:58.816  3880  3880 W ProxyAndroidLoggerBackend: Too many Flogger logs received before configuration. Dropping old logs.
09-14 10:11:58.835  3880  7576 V [MYTAG][main][Device]: 603 dev is connected:true
09-14 10:11:58.839  3880  7576 V [MYTAG][main][CameraPreviewActivity]: rev msg1:264454
09-14 10:11:58.839  3880  8091 W ProxyAndroidLoggerBackend: Too many Flogger logs received before configuration. Dropping old logs.
09-14 10:11:58.840  3880  7576 V [MYTAG][main][Device]: 603 dev is connected:true
09-14 10:11:58.840  3880  7576 V [MYTAG][main][CameraPreviewActivity]: rev msg1:589832
09-14 10:11:58.840  3880  8091 W ProxyAndroidLoggerBackend: Too many Flogger logs received before configuration. Dropping old logs.
09-14 10:11:58.841  3880  8091 W ProxyAndroidLoggerBackend: Too many Flogger logs received before configuration. Dropping old logs.
09-14 10:11:58.841  3880  8089 W ProxyAndroidLoggerBackend: Too many Flogger logs received before configuration. Dropping old logs.
09-14 10:11:58.844  3880  8089 I chatty  : uid=10291(com.vidure.app) identical 5 lines
09-14 10:11:58.845  3880  8089 W ProxyAndroidLoggerBackend: Too many Flogger logs received before configuration. Dropping old logs.
09-14 10:11:58.845  3880  8089 W ProxyAndroidLoggerBackend: Too many Flogger logs received before configuration. Dropping old logs.
09-14 10:11:58.846  3880  8089 W ProxyAndroidLoggerBackend: Too many Flogger logs received before configuration. Dropping old logs.
09-14 10:11:58.847  3880  8092 W ProxyAndroidLoggerBackend: Too many Flogger logs received before configuration. Dropping old logs.
09-14 10:11:58.847  3880  8092 W ProxyAndroidLoggerBackend: Too many Flogger logs received before configuration. Dropping old logs.
09-14 10:11:58.848  3880  8092 I chatty  : uid=10291(com.vidure.app) identical 2 lines
09-14 10:11:58.848  3880  8092 W ProxyAndroidLoggerBackend: Too many Flogger logs received before configuration. Dropping old logs.
09-14 10:11:58.850  3880  8091 W ProxyAndroidLoggerBackend: Too many Flogger logs received before configuration. Dropping old logs.
09-14 10:11:58.904  3880  7429 I com.vidure.app: Compiler allocated 4946KB to compile com.google.maps.api.android.lib6.impl.cg com.google.maps.api.android.lib6.impl.cg.aW(com.google.android.gms.maps.GoogleMapOptions, com.google.maps.api.android.lib6.impl.bc, com.google.maps.api.android.lib6.impl.m)
09-14 10:11:59.281  3880  7576 D [MYTAG][main][SystemLocationClientImpl]: onLocationChanged GPS data:精度=8.576 速度=0.23 海拔=346.80474853515625 经纬度=49.33321791, 7.05256082
09-14 10:11:59.281  3880  7576 D [MYTAG][main][SystemLocationClientImpl]: 当前信号强度: 3
09-14 10:11:59.724  3880  7576 V [MYTAG][DefaultDispatcher-worker-2][Device]: 603 dev is connected:true
09-14 10:12:00.260  3880  7704 I System.out: (HTTPLog)-Static: isSBSettingEnabled false
09-14 10:12:00.260  3880  7704 I System.out: (HTTPLog)-Static: isSBSettingEnabled false
09-14 10:12:00.298  3880  7576 D [MYTAG][main][SystemLocationClientImpl]: onLocationChanged GPS data:精度=9.648001 速度=0.45 海拔=350.561767578125 经纬度=49.33323717, 7.05257461
09-14 10:12:00.298  3880  7576 D [MYTAG][main][SystemLocationClientImpl]: 当前信号强度: 3
09-14 10:12:00.725  3880  7576 V [MYTAG][DefaultDispatcher-worker-2][Device]: 603 dev is connected:true
09-14 10:12:01.294  3880  7576 D [MYTAG][main][SystemLocationClientImpl]: onLocationChanged GPS data:精度=10.72 速度=0.25 海拔=348.74578857421875 经纬度=49.3332527, 7.05258412
09-14 10:12:01.296  3880  7576 D [MYTAG][main][SystemLocationClientImpl]: 当前信号强度: 3
09-14 10:12:01.347  3880  7706 I System.out: (HTTPLog)-Static: isSBSettingEnabled false
09-14 10:12:01.347  3880  7706 I System.out: (HTTPLog)-Static: isSBSettingEnabled false
09-14 10:12:01.354  3880  7703 W Settings: Setting adb_enabled has moved from android.provider.Settings.Secure to android.provider.Settings.Global.
09-14 10:12:01.480  3880  7703 I System.out: (HTTPLog)-Static: isSBSettingEnabled false
09-14 10:12:01.500  3880  7703 I chatty  : uid=10291(com.vidure.app) fin-1-thread-1 identical 2 lines
09-14 10:12:01.500  3880  7703 I System.out: (HTTPLog)-Static: isSBSettingEnabled false
09-14 10:12:01.685  3880  7576 V [MYTAG][HeartbeatMgr][RemoteOptor]: ----
09-14 10:12:01.685  3880  7576 V [MYTAG][HeartbeatMgr][RemoteOptor]: [CMD]Basic_Msg_MailBox
09-14 10:12:01.685  3880  7576 V [MYTAG][HeartbeatMgr][RemoteOptor]: [PARAM]null
09-14 10:12:01.686  3880  8189 W System  : Ignoring header sessionid because its value was null.
09-14 10:12:01.686  3880  7576 V [MYTAG][HeartbeatMgr][HttpTransportLayer]: [HTTP SEND GET]
09-14 10:12:01.686  3880  7576 V [MYTAG][HeartbeatMgr][HttpTransportLayer]: 	 url:http://192.168.0.1:80/app/getparamvalue?param=rec
09-14 10:12:01.687  3880  8189 I System.out: (HTTPLog)-Static: isSBSettingEnabled false
09-14 10:12:01.688  3880  8189 I System.out: (HTTPLog)-Static: isSBSettingEnabled false
09-14 10:12:01.726  3880  7576 V [MYTAG][DefaultDispatcher-worker-3][Device]: 603 dev is connected:true
09-14 10:12:01.758  3880  7576 V [MYTAG][mail_tcp_socket][ViiSocketMailDataPhraser]: ------------mail---------------
09-14 10:12:01.758  3880  7576 V [MYTAG][mail_tcp_socket][ViiSocketMailDataPhraser]: {"msgid":"battery","info":{"capacity":100,"charge":0},"time":1757844721}
09-14 10:12:01.761  3880  7576 V [MYTAG][mail_tcp_socket][ViiSocketMailDataPhraser]: ------------mail---------------
09-14 10:12:01.761  3880  7576 V [MYTAG][mail_tcp_socket][ViiSocketMailDataPhraser]: {"msgid":"sd","info":{"status":0},"time":1757844721}
09-14 10:12:01.761  3880  7576 V [MYTAG][mail_tcp_socket][RemoteOptor]: ----
09-14 10:12:01.761  3880  7576 V [MYTAG][mail_tcp_socket][RemoteOptor]: [CMD]DEV_SDCARD_STATUS_QUERY
09-14 10:12:01.761  3880  7576 V [MYTAG][mail_tcp_socket][RemoteOptor]: [PARAM]null
09-14 10:12:01.769  3880  7576 V [MYTAG][main][Device]: 603 dev is connected:true
09-14 10:12:01.769  3880  7576 V [MYTAG][HeartbeatMgr][HttpTransportLayer]: [HTTP RSP]
09-14 10:12:01.769  3880  7576 V [MYTAG][HeartbeatMgr][HttpTransportLayer]: 	 errcode:0
09-14 10:12:01.769  3880  7576 V [MYTAG][HeartbeatMgr][HttpTransportLayer]: 	[content]{"result":0,"info":{"value":1}}
09-14 10:12:01.769  3880  7576 V [MYTAG][HeartbeatMgr][HttpTransportLayer]: -----------------------------------------
09-14 10:12:01.770  3880  8188 W System  : Ignoring header sessionid because its value was null.
09-14 10:12:01.770  3880  8188 I System.out: (HTTPLog)-Static: isSBSettingEnabled false
09-14 10:12:01.770  3880  8188 I System.out: (HTTPLog)-Static: isSBSettingEnabled false
09-14 10:12:01.771  3880  7576 V [MYTAG][mail_tcp_socket][HttpTransportLayer]: [HTTP SEND GET]
09-14 10:12:01.771  3880  7576 V [MYTAG][mail_tcp_socket][HttpTransportLayer]: 	 url:http://192.168.0.1:80/app/getsdinfo
09-14 10:12:01.789  3880  7576 V [MYTAG][mail_tcp_socket][HttpTransportLayer]: [HTTP RSP]
09-14 10:12:01.789  3880  7576 V [MYTAG][mail_tcp_socket][HttpTransportLayer]: 	 errcode:0
09-14 10:12:01.789  3880  7576 V [MYTAG][mail_tcp_socket][HttpTransportLayer]: 	[content]{"result":0,"info":{"status":0,"free":301,"total":1883}}
09-14 10:12:01.789  3880  7576 V [MYTAG][mail_tcp_socket][HttpTransportLayer]: -----------------------------------------
09-14 10:12:01.838  3880  3880 W ProxyAndroidLoggerBackend: Too many Flogger logs received before configuration. Dropping old logs.
09-14 10:12:01.858  3880  3880 I chatty  : uid=10291(com.vidure.app) identical 6 lines
09-14 10:12:01.871  3880  3880 W ProxyAndroidLoggerBackend: Too many Flogger logs received before configuration. Dropping old logs.
09-14 10:12:01.882  3880  8092 W ProxyAndroidLoggerBackend: Too many Flogger logs received before configuration. Dropping old logs.
09-14 10:12:01.883  3880  8092 I chatty  : uid=10291(com.vidure.app) identical 1 line
09-14 10:12:01.885  3880  8092 W ProxyAndroidLoggerBackend: Too many Flogger logs received before configuration. Dropping old logs.
09-14 10:12:01.886  3880  8089 W ProxyAndroidLoggerBackend: Too many Flogger logs received before configuration. Dropping old logs.
09-14 10:12:01.887  3880  7576 V [MYTAG][main][Device]: 603 dev is connected:true
09-14 10:12:01.887  3880  8091 W ProxyAndroidLoggerBackend: Too many Flogger logs received before configuration. Dropping old logs.
09-14 10:12:01.889  3880  8091 W ProxyAndroidLoggerBackend: Too many Flogger logs received before configuration. Dropping old logs.
09-14 10:12:01.889  3880  7576 V [MYTAG][main][CameraPreviewActivity]: rev msg1:264454
09-14 10:12:01.889  3880  7576 V [MYTAG][main][Device]: 603 dev is connected:true
09-14 10:12:01.890  3880  7576 V [MYTAG][main][CameraPreviewActivity]: rev msg1:589832
09-14 10:12:01.890  3880  8092 W ProxyAndroidLoggerBackend: Too many Flogger logs received before configuration. Dropping old logs.
09-14 10:12:01.893  3880  8091 W ProxyAndroidLoggerBackend: Too many Flogger logs received before configuration. Dropping old logs.
09-14 10:12:01.895  3880  8091 I chatty  : uid=10291(com.vidure.app) identical 2 lines
09-14 10:12:01.896  3880  8091 W ProxyAndroidLoggerBackend: Too many Flogger logs received before configuration. Dropping old logs.
09-14 10:12:01.897  3880  8089 W ProxyAndroidLoggerBackend: Too many Flogger logs received before configuration. Dropping old logs.
09-14 10:12:01.898  3880  8089 I chatty  : uid=10291(com.vidure.app) identical 3 lines
09-14 10:12:01.898  3880  8089 W ProxyAndroidLoggerBackend: Too many Flogger logs received before configuration. Dropping old logs.
09-14 10:12:01.902  3880  8091 W ProxyAndroidLoggerBackend: Too many Flogger logs received before configuration. Dropping old logs.
09-14 10:12:01.904  3880  8092 W ProxyAndroidLoggerBackend: Too many Flogger logs received before configuration. Dropping old logs.
09-14 10:12:02.301  3880  7576 D [MYTAG][main][SystemLocationClientImpl]: onLocationChanged GPS data:精度=10.72 速度=0.62 海拔=348.58624267578125 经纬度=49.33326283, 7.05259542
09-14 10:12:02.305  3880  7576 D [MYTAG][main][SystemLocationClientImpl]: 当前信号强度: 3
09-14 10:12:02.735  3880  7576 V [MYTAG][DefaultDispatcher-worker-3][Device]: 603 dev is connected:true
09-14 10:12:02.932  3880  3880 D ViewRootImpl@99d26c1[CameraPreviewActivity]: ViewPostIme pointer 0
09-14 10:12:03.001  3880  3880 D ViewRootImpl@99d26c1[CameraPreviewActivity]: ViewPostIme pointer 1
09-14 10:12:03.002  3880  7576 V [MYTAG][main][DeviceParamInfo]: get exist CamCount = 1
09-14 10:12:03.021  3880  3880 D ViewRootImpl@99d26c1[CameraPreviewActivity]: Relayout returned: old=(0,0,2560,1600) new=(0,0,2560,1600) req=(2560,1600)0 dur=8 res=0x1 s={true 518837809152} ch=false
09-14 10:12:03.024  3880  3880 D ViewRootImpl@99d26c1[CameraPreviewActivity]: MSG_RESIZED: frame=(0,0,2560,1600) ci=(0,54,0,0) vi=(0,54,0,0) or=2
09-14 10:12:03.285  3880  7576 D [MYTAG][main][SystemLocationClientImpl]: onLocationChanged GPS data:精度=10.72 速度=0.77 海拔=354.4593505859375 经纬度=49.33327908, 7.05260421
09-14 10:12:03.285  3880  7576 D [MYTAG][main][SystemLocationClientImpl]: 当前信号强度: 3
09-14 10:12:03.365  3880  7706 I System.out: (HTTPLog)-Static: isSBSettingEnabled false
09-14 10:12:03.365  3880  7706 I System.out: (HTTPLog)-Static: isSBSettingEnabled false
09-14 10:12:03.736  3880  7576 V [MYTAG][DefaultDispatcher-worker-3][Device]: 603 dev is connected:true
