09-14 10:31:51.478  7415 10539 V [MYTAG][mail_tcp_socket][HttpTransportLayer]: 	 url:http://192.168.0.1:80/app/getsdinfo
09-14 10:31:51.478  7415 10750 I System.out: (HTTPLog)-Static: isSBSettingEnabled false
09-14 10:31:51.478  7415 10750 I System.out: (HTTPLog)-Static: isSBSettingEnabled false
09-14 10:31:51.482  7415 10539 V [MYTAG][main][Device]: 603 dev is connected:true
09-14 10:31:51.508  7415 10539 V [MYTAG][mail_tcp_socket][HttpTransportLayer]: [HTTP RSP]
09-14 10:31:51.508  7415 10539 V [MYTAG][mail_tcp_socket][HttpTransportLayer]: 	 errcode:0
09-14 10:31:51.508  7415 10539 V [MYTAG][mail_tcp_socket][HttpTransportLayer]: 	[content]{"result":0,"info":{"status":0,"free":286,"total":1883}}
09-14 10:31:51.508  7415 10539 V [MYTAG][mail_tcp_socket][HttpTransportLayer]: -----------------------------------------
09-14 10:31:51.510  7415  7415 W ProxyAndroidLoggerBackend: Too many Flogger logs received before configuration. Dropping old logs.
09-14 10:31:51.521  7415  7415 I chatty  : uid=10291(com.vidure.app) identical 6 lines
09-14 10:31:51.522  7415  7415 W ProxyAndroidLoggerBackend: Too many Flogger logs received before configuration. Dropping old logs.
09-14 10:31:51.530  7415 10539 V [MYTAG][main][Device]: 603 dev is connected:true
09-14 10:31:51.531  7415 10539 V [MYTAG][main][CameraPreviewActivity]: rev msg1:264454
09-14 10:31:51.531  7415 10539 V [MYTAG][main][Device]: 603 dev is connected:true
09-14 10:31:51.531  7415 10539 V [MYTAG][main][CameraPreviewActivity]: rev msg1:589832
09-14 10:31:51.621  7415 12195 W ProxyAndroidLoggerBackend: Too many Flogger logs received before configuration. Dropping old logs.
09-14 10:31:51.622  7415 12195 W ProxyAndroidLoggerBackend: Too many Flogger logs received before configuration. Dropping old logs.
09-14 10:31:51.622  7415 12235 W ProxyAndroidLoggerBackend: Too many Flogger logs received before configuration. Dropping old logs.
09-14 10:31:52.804  7415 10539 V [MYTAG][HeartbeatMgr][RemoteOptor]: ----
09-14 10:31:52.804  7415 10539 V [MYTAG][HeartbeatMgr][RemoteOptor]: [CMD]Basic_Msg_MailBox
09-14 10:31:52.804  7415 10539 V [MYTAG][HeartbeatMgr][RemoteOptor]: [PARAM]null
09-14 10:31:52.805  7415 10751 W System  : Ignoring header sessionid because its value was null.
09-14 10:31:52.805  7415 10539 V [MYTAG][HeartbeatMgr][HttpTransportLayer]: [HTTP SEND GET]
09-14 10:31:52.805  7415 10539 V [MYTAG][HeartbeatMgr][HttpTransportLayer]: 	 url:http://192.168.0.1:80/app/getparamvalue?param=rec
09-14 10:31:52.806  7415 10751 I System.out: (HTTPLog)-Static: isSBSettingEnabled false
09-14 10:31:52.806  7415 10751 I System.out: (HTTPLog)-Static: isSBSettingEnabled false
09-14 10:31:52.839  7415 10539 V [MYTAG][HeartbeatMgr][HttpTransportLayer]: [HTTP RSP]
09-14 10:31:52.839  7415 10539 V [MYTAG][HeartbeatMgr][HttpTransportLayer]: 	 errcode:0
09-14 10:31:52.839  7415 10539 V [MYTAG][HeartbeatMgr][HttpTransportLayer]: 	[content]{"result":0,"info":{"value":0}}
09-14 10:31:52.839  7415 10539 V [MYTAG][HeartbeatMgr][HttpTransportLayer]: -----------------------------------------
09-14 10:31:54.486  7415 10539 V [MYTAG][mail_tcp_socket][ViiSocketMailDataPhraser]: ------------mail---------------
09-14 10:31:54.486  7415 10539 V [MYTAG][mail_tcp_socket][ViiSocketMailDataPhraser]: {"msgid":"battery","info":{"capacity":82,"charge":0},"time":1757845914}
09-14 10:31:54.488  7415 10539 V [MYTAG][mail_tcp_socket][ViiSocketMailDataPhraser]: ------------mail---------------
09-14 10:31:54.488  7415 10539 V [MYTAG][mail_tcp_socket][ViiSocketMailDataPhraser]: {"msgid":"sd","info":{"status":0},"time":1757845914}
09-14 10:31:54.488  7415 10539 V [MYTAG][mail_tcp_socket][RemoteOptor]: ----
09-14 10:31:54.488  7415 10539 V [MYTAG][mail_tcp_socket][RemoteOptor]: [CMD]DEV_SDCARD_STATUS_QUERY
09-14 10:31:54.488  7415 10539 V [MYTAG][mail_tcp_socket][RemoteOptor]: [PARAM]null
09-14 10:31:54.489  7415 10539 V [MYTAG][mail_tcp_socket][HttpTransportLayer]: [HTTP SEND GET]
09-14 10:31:54.489  7415 10539 V [MYTAG][mail_tcp_socket][HttpTransportLayer]: 	 url:http://192.168.0.1:80/app/getsdinfo
09-14 10:31:54.489  7415 10750 W System  : Ignoring header sessionid because its value was null.
09-14 10:31:54.490  7415 10750 I System.out: (HTTPLog)-Static: isSBSettingEnabled false
09-14 10:31:54.490  7415 10750 I System.out: (HTTPLog)-Static: isSBSettingEnabled false
09-14 10:31:54.514  7415 10539 V [MYTAG][main][Device]: 603 dev is connected:true
09-14 10:31:54.524  7415 10539 V [MYTAG][mail_tcp_socket][HttpTransportLayer]: [HTTP RSP]
09-14 10:31:54.524  7415 10539 V [MYTAG][mail_tcp_socket][HttpTransportLayer]: 	 errcode:0
09-14 10:31:54.524  7415 10539 V [MYTAG][mail_tcp_socket][HttpTransportLayer]: 	[content]{"result":0,"info":{"status":0,"free":286,"total":1883}}
09-14 10:31:54.524  7415 10539 V [MYTAG][mail_tcp_socket][HttpTransportLayer]: -----------------------------------------
09-14 10:31:54.583  7415  7415 W ProxyAndroidLoggerBackend: Too many Flogger logs received before configuration. Dropping old logs.
09-14 10:31:54.601  7415  7415 I chatty  : uid=10291(com.vidure.app) identical 6 lines
09-14 10:31:54.603  7415  7415 W ProxyAndroidLoggerBackend: Too many Flogger logs received before configuration. Dropping old logs.
09-14 10:31:54.614  7415 12214 W ProxyAndroidLoggerBackend: Too many Flogger logs received before configuration. Dropping old logs.
09-14 10:31:54.615  7415 12214 W ProxyAndroidLoggerBackend: Too many Flogger logs received before configuration. Dropping old logs.
09-14 10:31:54.618  7415 10539 V [MYTAG][main][Device]: 603 dev is connected:true
09-14 10:31:54.620  7415 10539 V [MYTAG][main][CameraPreviewActivity]: rev msg1:264454
09-14 10:31:54.621  7415 10539 V [MYTAG][main][Device]: 603 dev is connected:true
09-14 10:31:54.621  7415 10539 V [MYTAG][main][CameraPreviewActivity]: rev msg1:589832
09-14 10:31:54.645  7415 12195 W ProxyAndroidLoggerBackend: Too many Flogger logs received before configuration. Dropping old logs.
09-14 10:31:54.645  7415 12195 W ProxyAndroidLoggerBackend: Too many Flogger logs received before configuration. Dropping old logs.
09-14 10:31:54.645  7415 12214 W ProxyAndroidLoggerBackend: Too many Flogger logs received before configuration. Dropping old logs.
09-14 10:31:56.803  7415 10539 V [MYTAG][HeartbeatMgr][RemoteOptor]: ----
09-14 10:31:56.803  7415 10539 V [MYTAG][HeartbeatMgr][RemoteOptor]: [CMD]Basic_Msg_MailBox
09-14 10:31:56.803  7415 10539 V [MYTAG][HeartbeatMgr][RemoteOptor]: [PARAM]null
09-14 10:31:56.804  7415 10751 W System  : Ignoring header sessionid because its value was null.
09-14 10:31:56.804  7415 10539 V [MYTAG][HeartbeatMgr][HttpTransportLayer]: [HTTP SEND GET]
09-14 10:31:56.804  7415 10539 V [MYTAG][HeartbeatMgr][HttpTransportLayer]: 	 url:http://192.168.0.1:80/app/getparamvalue?param=rec
09-14 10:31:56.805  7415 10751 I System.out: (HTTPLog)-Static: isSBSettingEnabled false
09-14 10:31:56.805  7415 10751 I System.out: (HTTPLog)-Static: isSBSettingEnabled false
09-14 10:31:56.834  7415 10539 V [MYTAG][HeartbeatMgr][HttpTransportLayer]: [HTTP RSP]
09-14 10:31:56.834  7415 10539 V [MYTAG][HeartbeatMgr][HttpTransportLayer]: 	 errcode:0
09-14 10:31:56.834  7415 10539 V [MYTAG][HeartbeatMgr][HttpTransportLayer]: 	[content]{"result":0,"info":{"value":0}}
09-14 10:31:56.834  7415 10539 V [MYTAG][HeartbeatMgr][HttpTransportLayer]: -----------------------------------------
09-14 10:31:57.496  7415 10539 V [MYTAG][mail_tcp_socket][ViiSocketMailDataPhraser]: ------------mail---------------
09-14 10:31:57.496  7415 10539 V [MYTAG][mail_tcp_socket][ViiSocketMailDataPhraser]: {"msgid":"battery","info":{"capacity":82,"charge":0},"time":1757845917}
09-14 10:31:57.498  7415 10539 V [MYTAG][mail_tcp_socket][ViiSocketMailDataPhraser]: ------------mail---------------
09-14 10:31:57.498  7415 10539 V [MYTAG][mail_tcp_socket][ViiSocketMailDataPhraser]: {"msgid":"sd","info":{"status":0},"time":1757845917}
09-14 10:31:57.499  7415 10539 V [MYTAG][mail_tcp_socket][RemoteOptor]: ----
09-14 10:31:57.499  7415 10539 V [MYTAG][mail_tcp_socket][RemoteOptor]: [CMD]DEV_SDCARD_STATUS_QUERY
09-14 10:31:57.499  7415 10539 V [MYTAG][mail_tcp_socket][RemoteOptor]: [PARAM]null
09-14 10:31:57.500  7415 10750 W System  : Ignoring header sessionid because its value was null.
09-14 10:31:57.501  7415 10750 I System.out: (HTTPLog)-Static: isSBSettingEnabled false
09-14 10:31:57.501  7415 10750 I System.out: (HTTPLog)-Static: isSBSettingEnabled false
09-14 10:31:57.503  7415 10539 V [MYTAG][mail_tcp_socket][HttpTransportLayer]: [HTTP SEND GET]
09-14 10:31:57.503  7415 10539 V [MYTAG][mail_tcp_socket][HttpTransportLayer]: 	 url:http://192.168.0.1:80/app/getsdinfo
09-14 10:31:57.513  7415 10539 V [MYTAG][main][Device]: 603 dev is connected:true
09-14 10:31:57.527  7415 10539 V [MYTAG][mail_tcp_socket][HttpTransportLayer]: [HTTP RSP]
09-14 10:31:57.527  7415 10539 V [MYTAG][mail_tcp_socket][HttpTransportLayer]: 	 errcode:0
09-14 10:31:57.527  7415 10539 V [MYTAG][mail_tcp_socket][HttpTransportLayer]: 	[content]{"result":0,"info":{"status":0,"free":286,"total":1883}}
09-14 10:31:57.527  7415 10539 V [MYTAG][mail_tcp_socket][HttpTransportLayer]: -----------------------------------------
09-14 10:31:57.545  7415  7415 W ProxyAndroidLoggerBackend: Too many Flogger logs received before configuration. Dropping old logs.
09-14 10:31:57.551  7415  7415 I chatty  : uid=10291(com.vidure.app) identical 2 lines
09-14 10:31:57.551  7415  7415 W ProxyAndroidLoggerBackend: Too many Flogger logs received before configuration. Dropping old logs.
09-14 10:31:57.554  7415  7415 W ProxyAndroidLoggerBackend: Too many Flogger logs received before configuration. Dropping old logs.
09-14 10:31:57.554  7415  7415 I chatty  : uid=10291(com.vidure.app) identical 1 line
09-14 10:31:57.554  7415  7415 W ProxyAndroidLoggerBackend: Too many Flogger logs received before configuration. Dropping old logs.
09-14 10:31:57.555  7415  7415 W ProxyAndroidLoggerBackend: Too many Flogger logs received before configuration. Dropping old logs.
09-14 10:31:57.568  7415 10539 V [MYTAG][main][Device]: 603 dev is connected:true
09-14 10:31:57.571  7415 10539 V [MYTAG][main][CameraPreviewActivity]: rev msg1:264454
09-14 10:31:57.572  7415 10539 V [MYTAG][main][Device]: 603 dev is connected:true
09-14 10:31:57.572  7415 10539 V [MYTAG][main][CameraPreviewActivity]: rev msg1:589832
09-14 10:32:00.506  7415 10539 V [MYTAG][mail_tcp_socket][ViiSocketMailDataPhraser]: ------------mail---------------
09-14 10:32:00.506  7415 10539 V [MYTAG][mail_tcp_socket][ViiSocketMailDataPhraser]: {"msgid":"battery","info":{"capacity":82,"charge":0},"time":1757845920}
09-14 10:32:00.517  7415 10539 V [MYTAG][main][Device]: 603 dev is connected:true
09-14 10:32:00.518  7415 10539 V [MYTAG][mail_tcp_socket][ViiSocketMailDataPhraser]: ------------mail---------------
09-14 10:32:00.518  7415 10539 V [MYTAG][mail_tcp_socket][ViiSocketMailDataPhraser]: {"msgid":"sd","info":{"status":0},"time":1757845920}
09-14 10:32:00.519  7415 10750 W System  : Ignoring header sessionid because its value was null.
09-14 10:32:00.519  7415 10539 V [MYTAG][mail_tcp_socket][RemoteOptor]: ----
09-14 10:32:00.519  7415 10539 V [MYTAG][mail_tcp_socket][RemoteOptor]: [CMD]DEV_SDCARD_STATUS_QUERY
09-14 10:32:00.519  7415 10539 V [MYTAG][mail_tcp_socket][RemoteOptor]: [PARAM]null
09-14 10:32:00.519  7415 10539 V [MYTAG][mail_tcp_socket][HttpTransportLayer]: [HTTP SEND GET]
09-14 10:32:00.519  7415 10539 V [MYTAG][mail_tcp_socket][HttpTransportLayer]: 	 url:http://192.168.0.1:80/app/getsdinfo
09-14 10:32:00.519  7415 10750 I System.out: (HTTPLog)-Static: isSBSettingEnabled false
09-14 10:32:00.520  7415 10750 I System.out: (HTTPLog)-Static: isSBSettingEnabled false
09-14 10:32:00.554  7415 10539 V [MYTAG][mail_tcp_socket][HttpTransportLayer]: [HTTP RSP]
09-14 10:32:00.554  7415 10539 V [MYTAG][mail_tcp_socket][HttpTransportLayer]: 	 errcode:0
09-14 10:32:00.554  7415 10539 V [MYTAG][mail_tcp_socket][HttpTransportLayer]: 	[content]{"result":0,"info":{"status":0,"free":286,"total":1883}}
09-14 10:32:00.554  7415 10539 V [MYTAG][mail_tcp_socket][HttpTransportLayer]: -----------------------------------------
09-14 10:32:00.583  7415 12235 W ProxyAndroidLoggerBackend: Too many Flogger logs received before configuration. Dropping old logs.
09-14 10:32:00.583  7415 12235 W ProxyAndroidLoggerBackend: Too many Flogger logs received before configuration. Dropping old logs.
09-14 10:32:00.583  7415 12195 W ProxyAndroidLoggerBackend: Too many Flogger logs received before configuration. Dropping old logs.
09-14 10:32:00.593  7415  7415 W ProxyAndroidLoggerBackend: Too many Flogger logs received before configuration. Dropping old logs.
09-14 10:32:00.603  7415  7415 I chatty  : uid=10291(com.vidure.app) identical 6 lines
09-14 10:32:00.604  7415  7415 W ProxyAndroidLoggerBackend: Too many Flogger logs received before configuration. Dropping old logs.
09-14 10:32:00.612  7415 12214 W ProxyAndroidLoggerBackend: Too many Flogger logs received before configuration. Dropping old logs.
09-14 10:32:00.612  7415 12214 I chatty  : uid=10291(com.vidure.app) identical 1 line
09-14 10:32:00.613  7415 12214 W ProxyAndroidLoggerBackend: Too many Flogger logs received before configuration. Dropping old logs.
09-14 10:32:00.616  7415 10539 V [MYTAG][main][Device]: 603 dev is connected:true
09-14 10:32:00.620  7415 10539 V [MYTAG][main][CameraPreviewActivity]: rev msg1:264454
09-14 10:32:00.621  7415 10539 V [MYTAG][main][Device]: 603 dev is connected:true
09-14 10:32:00.621  7415 10539 V [MYTAG][main][CameraPreviewActivity]: rev msg1:589832
09-14 10:32:00.804  7415 10539 V [MYTAG][HeartbeatMgr][RemoteOptor]: ----
09-14 10:32:00.804  7415 10539 V [MYTAG][HeartbeatMgr][RemoteOptor]: [CMD]Basic_Msg_MailBox
09-14 10:32:00.804  7415 10539 V [MYTAG][HeartbeatMgr][RemoteOptor]: [PARAM]null
09-14 10:32:00.804  7415 10539 V [MYTAG][HeartbeatMgr][HttpTransportLayer]: [HTTP SEND GET]
09-14 10:32:00.804  7415 10539 V [MYTAG][HeartbeatMgr][HttpTransportLayer]: 	 url:http://192.168.0.1:80/app/getparamvalue?param=rec
09-14 10:32:00.804  7415 10751 W System  : Ignoring header sessionid because its value was null.
09-14 10:32:00.805  7415 10751 I System.out: (HTTPLog)-Static: isSBSettingEnabled false
09-14 10:32:00.805  7415 10751 I System.out: (HTTPLog)-Static: isSBSettingEnabled false
09-14 10:32:00.876  7415 10539 V [MYTAG][HeartbeatMgr][HttpTransportLayer]: [HTTP RSP]
09-14 10:32:00.876  7415 10539 V [MYTAG][HeartbeatMgr][HttpTransportLayer]: 	 errcode:0
09-14 10:32:00.876  7415 10539 V [MYTAG][HeartbeatMgr][HttpTransportLayer]: 	[content]{"result":0,"info":{"value":0}}
09-14 10:32:00.876  7415 10539 V [MYTAG][HeartbeatMgr][HttpTransportLayer]: -----------------------------------------
09-14 10:32:03.516  7415 10539 V [MYTAG][mail_tcp_socket][ViiSocketMailDataPhraser]: ------------mail---------------
09-14 10:32:03.516  7415 10539 V [MYTAG][mail_tcp_socket][ViiSocketMailDataPhraser]: {"msgid":"battery","info":{"capacity":82,"charge":0},"time":1757845923}
09-14 10:32:03.517  7415 10539 V [MYTAG][mail_tcp_socket][ViiSocketMailDataPhraser]: ------------mail---------------
09-14 10:32:03.517  7415 10539 V [MYTAG][mail_tcp_socket][ViiSocketMailDataPhraser]: {"msgid":"sd","info":{"status":0},"time":1757845923}
09-14 10:32:03.518  7415 10750 W System  : Ignoring header sessionid because its value was null.
09-14 10:32:03.518  7415 10539 V [MYTAG][mail_tcp_socket][RemoteOptor]: ----
09-14 10:32:03.518  7415 10539 V [MYTAG][mail_tcp_socket][RemoteOptor]: [CMD]DEV_SDCARD_STATUS_QUERY
09-14 10:32:03.518  7415 10539 V [MYTAG][mail_tcp_socket][RemoteOptor]: [PARAM]null
09-14 10:32:03.518  7415 10539 V [MYTAG][mail_tcp_socket][HttpTransportLayer]: [HTTP SEND GET]
09-14 10:32:03.518  7415 10539 V [MYTAG][mail_tcp_socket][HttpTransportLayer]: 	 url:http://192.168.0.1:80/app/getsdinfo
09-14 10:32:03.519  7415 10750 I System.out: (HTTPLog)-Static: isSBSettingEnabled false
09-14 10:32:03.519  7415 10750 I System.out: (HTTPLog)-Static: isSBSettingEnabled false
09-14 10:32:03.526  7415 10539 V [MYTAG][main][Device]: 603 dev is connected:true
09-14 10:32:03.551  7415 10539 V [MYTAG][mail_tcp_socket][HttpTransportLayer]: [HTTP RSP]
09-14 10:32:03.551  7415 10539 V [MYTAG][mail_tcp_socket][HttpTransportLayer]: 	 errcode:0
09-14 10:32:03.551  7415 10539 V [MYTAG][mail_tcp_socket][HttpTransportLayer]: 	[content]{"result":0,"info":{"status":0,"free":286,"total":1883}}
09-14 10:32:03.551  7415 10539 V [MYTAG][mail_tcp_socket][HttpTransportLayer]: -----------------------------------------
09-14 10:32:03.598  7415  7415 W ProxyAndroidLoggerBackend: Too many Flogger logs received before configuration. Dropping old logs.
09-14 10:32:03.607  7415  7415 I chatty  : uid=10291(com.vidure.app) identical 6 lines
09-14 10:32:03.608  7415  7415 W ProxyAndroidLoggerBackend: Too many Flogger logs received before configuration. Dropping old logs.
09-14 10:32:03.616  7415 10539 V [MYTAG][main][Device]: 603 dev is connected:true
09-14 10:32:03.619  7415 10539 V [MYTAG][main][CameraPreviewActivity]: rev msg1:264454
09-14 10:32:03.620  7415 10539 V [MYTAG][main][Device]: 603 dev is connected:true
09-14 10:32:03.620  7415 10539 V [MYTAG][main][CameraPreviewActivity]: rev msg1:589832
09-14 10:32:04.805  7415 10539 V [MYTAG][HeartbeatMgr][RemoteOptor]: ----
09-14 10:32:04.805  7415 10539 V [MYTAG][HeartbeatMgr][RemoteOptor]: [CMD]Basic_Msg_MailBox
09-14 10:32:04.805  7415 10539 V [MYTAG][HeartbeatMgr][RemoteOptor]: [PARAM]null
09-14 10:32:04.809  7415 10751 W System  : Ignoring header sessionid because its value was null.
09-14 10:32:04.810  7415 10751 I System.out: (HTTPLog)-Static: isSBSettingEnabled false
09-14 10:32:04.810  7415 10751 I System.out: (HTTPLog)-Static: isSBSettingEnabled false
09-14 10:32:04.810  7415 10539 V [MYTAG][HeartbeatMgr][HttpTransportLayer]: [HTTP SEND GET]
09-14 10:32:04.810  7415 10539 V [MYTAG][HeartbeatMgr][HttpTransportLayer]: 	 url:http://192.168.0.1:80/app/getparamvalue?param=rec
09-14 10:32:04.883  7415 10539 V [MYTAG][HeartbeatMgr][HttpTransportLayer]: [HTTP RSP]
09-14 10:32:04.883  7415 10539 V [MYTAG][HeartbeatMgr][HttpTransportLayer]: 	 errcode:0
09-14 10:32:04.883  7415 10539 V [MYTAG][HeartbeatMgr][HttpTransportLayer]: 	[content]{"result":0,"info":{"value":0}}
09-14 10:32:04.883  7415 10539 V [MYTAG][HeartbeatMgr][HttpTransportLayer]: -----------------------------------------
09-14 10:32:06.526  7415 10539 V [MYTAG][mail_tcp_socket][ViiSocketMailDataPhraser]: ------------mail---------------
09-14 10:32:06.526  7415 10539 V [MYTAG][mail_tcp_socket][ViiSocketMailDataPhraser]: {"msgid":"battery","info":{"capacity":82,"charge":0},"time":1757845926}
09-14 10:32:06.533  7415 10539 V [MYTAG][main][Device]: 603 dev is connected:true
09-14 10:32:06.541  7415 10750 W System  : Ignoring header sessionid because its value was null.
09-14 10:32:06.542  7415 10750 I System.out: (HTTPLog)-Static: isSBSettingEnabled false
09-14 10:32:06.542  7415 10750 I System.out: (HTTPLog)-Static: isSBSettingEnabled false
09-14 10:32:06.543  7415 10539 V [MYTAG][mail_tcp_socket][ViiSocketMailDataPhraser]: ------------mail---------------
09-14 10:32:06.543  7415 10539 V [MYTAG][mail_tcp_socket][ViiSocketMailDataPhraser]: {"msgid":"sd","info":{"status":0},"time":1757845926}
09-14 10:32:06.543  7415 10539 V [MYTAG][mail_tcp_socket][RemoteOptor]: ----
09-14 10:32:06.543  7415 10539 V [MYTAG][mail_tcp_socket][RemoteOptor]: [CMD]DEV_SDCARD_STATUS_QUERY
09-14 10:32:06.543  7415 10539 V [MYTAG][mail_tcp_socket][RemoteOptor]: [PARAM]null
09-14 10:32:06.543  7415 10539 V [MYTAG][mail_tcp_socket][HttpTransportLayer]: [HTTP SEND GET]
09-14 10:32:06.543  7415 10539 V [MYTAG][mail_tcp_socket][HttpTransportLayer]: 	 url:http://192.168.0.1:80/app/getsdinfo
09-14 10:32:06.561  7415  7415 W ProxyAndroidLoggerBackend: Too many Flogger logs received before configuration. Dropping old logs.
09-14 10:32:06.563  7415 10539 V [MYTAG][mail_tcp_socket][HttpTransportLayer]: [HTTP RSP]
09-14 10:32:06.563  7415 10539 V [MYTAG][mail_tcp_socket][HttpTransportLayer]: 	 errcode:0
09-14 10:32:06.563  7415 10539 V [MYTAG][mail_tcp_socket][HttpTransportLayer]: 	[content]{"result":0,"info":{"status":0,"free":286,"total":1883}}
09-14 10:32:06.563  7415 10539 V [MYTAG][mail_tcp_socket][HttpTransportLayer]: -----------------------------------------
09-14 10:32:06.565  7415  7415 W ProxyAndroidLoggerBackend: Too many Flogger logs received before configuration. Dropping old logs.
09-14 10:32:06.572  7415  7415 I chatty  : uid=10291(com.vidure.app) identical 5 lines
09-14 10:32:06.574  7415  7415 W ProxyAndroidLoggerBackend: Too many Flogger logs received before configuration. Dropping old logs.
09-14 10:32:06.585  7415 10539 V [MYTAG][main][Device]: 603 dev is connected:true
09-14 10:32:06.587  7415 10539 V [MYTAG][main][CameraPreviewActivity]: rev msg1:264454
09-14 10:32:06.587  7415 10539 V [MYTAG][main][Device]: 603 dev is connected:true
09-14 10:32:06.587  7415 10539 V [MYTAG][main][CameraPreviewActivity]: rev msg1:589832
09-14 10:32:08.805  7415 10539 V [MYTAG][HeartbeatMgr][RemoteOptor]: ----
09-14 10:32:08.805  7415 10539 V [MYTAG][HeartbeatMgr][RemoteOptor]: [CMD]Basic_Msg_MailBox
09-14 10:32:08.805  7415 10539 V [MYTAG][HeartbeatMgr][RemoteOptor]: [PARAM]null
09-14 10:32:08.806  7415 10539 V [MYTAG][HeartbeatMgr][HttpTransportLayer]: [HTTP SEND GET]
09-14 10:32:08.806  7415 10539 V [MYTAG][HeartbeatMgr][HttpTransportLayer]: 	 url:http://192.168.0.1:80/app/getparamvalue?param=rec
09-14 10:32:08.806  7415 10751 W System  : Ignoring header sessionid because its value was null.
09-14 10:32:08.806  7415 10751 I System.out: (HTTPLog)-Static: isSBSettingEnabled false
09-14 10:32:08.807  7415 10751 I System.out: (HTTPLog)-Static: isSBSettingEnabled false
09-14 10:32:08.832  7415 10539 V [MYTAG][HeartbeatMgr][HttpTransportLayer]: [HTTP RSP]
09-14 10:32:08.832  7415 10539 V [MYTAG][HeartbeatMgr][HttpTransportLayer]: 	 errcode:0
09-14 10:32:08.832  7415 10539 V [MYTAG][HeartbeatMgr][HttpTransportLayer]: 	[content]{"result":0,"info":{"value":0}}
09-14 10:32:08.832  7415 10539 V [MYTAG][HeartbeatMgr][HttpTransportLayer]: -----------------------------------------
09-14 10:32:09.536  7415 10539 V [MYTAG][mail_tcp_socket][ViiSocketMailDataPhraser]: ------------mail---------------
09-14 10:32:09.536  7415 10539 V [MYTAG][mail_tcp_socket][ViiSocketMailDataPhraser]: {"msgid":"battery","info":{"capacity":82,"charge":0},"time":1757845929}
09-14 10:32:09.538  7415 10539 V [MYTAG][mail_tcp_socket][ViiSocketMailDataPhraser]: ------------mail---------------
09-14 10:32:09.538  7415 10539 V [MYTAG][mail_tcp_socket][ViiSocketMailDataPhraser]: {"msgid":"sd","info":{"status":0},"time":1757845929}
09-14 10:32:09.539  7415 10539 V [MYTAG][mail_tcp_socket][RemoteOptor]: ----
09-14 10:32:09.539  7415 10539 V [MYTAG][mail_tcp_socket][RemoteOptor]: [CMD]DEV_SDCARD_STATUS_QUERY
09-14 10:32:09.539  7415 10539 V [MYTAG][mail_tcp_socket][RemoteOptor]: [PARAM]null
09-14 10:32:09.541  7415 10750 W System  : Ignoring header sessionid because its value was null.
09-14 10:32:09.542  7415 10539 V [MYTAG][mail_tcp_socket][HttpTransportLayer]: [HTTP SEND GET]
09-14 10:32:09.542  7415 10539 V [MYTAG][mail_tcp_socket][HttpTransportLayer]: 	 url:http://192.168.0.1:80/app/getsdinfo
09-14 10:32:09.546  7415 10750 I System.out: (HTTPLog)-Static: isSBSettingEnabled false
09-14 10:32:09.547  7415 10750 I System.out: (HTTPLog)-Static: isSBSettingEnabled false
09-14 10:32:09.551  7415 10539 V [MYTAG][main][Device]: 603 dev is connected:true
09-14 10:32:09.555  7415 12214 W ProxyAndroidLoggerBackend: Too many Flogger logs received before configuration. Dropping old logs.
09-14 10:32:09.556  7415 12214 W ProxyAndroidLoggerBackend: Too many Flogger logs received before configuration. Dropping old logs.
09-14 10:32:09.559  7415 12296 W ProxyAndroidLoggerBackend: Too many Flogger logs received before configuration. Dropping old logs.
09-14 10:32:09.582  7415 10539 V [MYTAG][mail_tcp_socket][HttpTransportLayer]: [HTTP RSP]
09-14 10:32:09.582  7415 10539 V [MYTAG][mail_tcp_socket][HttpTransportLayer]: 	 errcode:0
09-14 10:32:09.582  7415 10539 V [MYTAG][mail_tcp_socket][HttpTransportLayer]: 	[content]{"result":0,"info":{"status":0,"free":286,"total":1883}}
09-14 10:32:09.582  7415 10539 V [MYTAG][mail_tcp_socket][HttpTransportLayer]: -----------------------------------------
09-14 10:32:09.630  7415  7415 W ProxyAndroidLoggerBackend: Too many Flogger logs received before configuration. Dropping old logs.
09-14 10:32:09.642  7415  7415 I chatty  : uid=10291(com.vidure.app) identical 6 lines
09-14 10:32:09.643  7415  7415 W ProxyAndroidLoggerBackend: Too many Flogger logs received before configuration. Dropping old logs.
09-14 10:32:09.660  7415 10539 V [MYTAG][main][Device]: 603 dev is connected:true
09-14 10:32:09.661  7415 10539 V [MYTAG][main][CameraPreviewActivity]: rev msg1:264454
09-14 10:32:09.662  7415 10539 V [MYTAG][main][Device]: 603 dev is connected:true
09-14 10:32:09.662  7415 10539 V [MYTAG][main][CameraPreviewActivity]: rev msg1:589832
09-14 10:32:11.476  7415 10495 I com.vidure.app: Background concurrent copying GC freed 83197(12MB) AllocSpace objects, 31(1852KB) LOS objects, 24% free, 72MB/96MB, paused 252us total 282.841ms
09-14 10:32:12.545  7415 10539 V [MYTAG][mail_tcp_socket][ViiSocketMailDataPhraser]: ------------mail---------------
09-14 10:32:12.545  7415 10539 V [MYTAG][mail_tcp_socket][ViiSocketMailDataPhraser]: {"msgid":"battery","info":{"capacity":82,"charge":0},"time":1757845932}
09-14 10:32:12.549  7415 10750 W System  : Ignoring header sessionid because its value was null.
09-14 10:32:12.549  7415 10750 I System.out: (HTTPLog)-Static: isSBSettingEnabled false
09-14 10:32:12.550  7415 10750 I System.out: (HTTPLog)-Static: isSBSettingEnabled false
09-14 10:32:12.551  7415 10539 V [MYTAG][mail_tcp_socket][ViiSocketMailDataPhraser]: ------------mail---------------
09-14 10:32:12.551  7415 10539 V [MYTAG][mail_tcp_socket][ViiSocketMailDataPhraser]: {"msgid":"sd","info":{"status":0},"time":1757845932}
09-14 10:32:12.551  7415 10539 V [MYTAG][mail_tcp_socket][RemoteOptor]: ----
09-14 10:32:12.551  7415 10539 V [MYTAG][mail_tcp_socket][RemoteOptor]: [CMD]DEV_SDCARD_STATUS_QUERY
09-14 10:32:12.551  7415 10539 V [MYTAG][mail_tcp_socket][RemoteOptor]: [PARAM]null
09-14 10:32:12.551  7415 10539 V [MYTAG][mail_tcp_socket][HttpTransportLayer]: [HTTP SEND GET]
09-14 10:32:12.551  7415 10539 V [MYTAG][mail_tcp_socket][HttpTransportLayer]: 	 url:http://192.168.0.1:80/app/getsdinfo
09-14 10:32:12.559  7415 10539 V [MYTAG][main][Device]: 603 dev is connected:true
09-14 10:32:12.588  7415 10539 V [MYTAG][mail_tcp_socket][HttpTransportLayer]: [HTTP RSP]
09-14 10:32:12.588  7415 10539 V [MYTAG][mail_tcp_socket][HttpTransportLayer]: 	 errcode:0
09-14 10:32:12.588  7415 10539 V [MYTAG][mail_tcp_socket][HttpTransportLayer]: 	[content]{"result":0,"info":{"status":0,"free":286,"total":1883}}
09-14 10:32:12.588  7415 10539 V [MYTAG][mail_tcp_socket][HttpTransportLayer]: -----------------------------------------
09-14 10:32:12.632  7415  7415 W ProxyAndroidLoggerBackend: Too many Flogger logs received before configuration. Dropping old logs.
09-14 10:32:12.646  7415  7415 I chatty  : uid=10291(com.vidure.app) identical 6 lines
09-14 10:32:12.647  7415  7415 W ProxyAndroidLoggerBackend: Too many Flogger logs received before configuration. Dropping old logs.
09-14 10:32:12.657  7415 10539 V [MYTAG][main][Device]: 603 dev is connected:true
09-14 10:32:12.659  7415 10539 V [MYTAG][main][CameraPreviewActivity]: rev msg1:264454
09-14 10:32:12.660  7415 10539 V [MYTAG][main][Device]: 603 dev is connected:true
09-14 10:32:12.660  7415 10539 V [MYTAG][main][CameraPreviewActivity]: rev msg1:589832
09-14 10:32:12.708  7415 12214 W ProxyAndroidLoggerBackend: Too many Flogger logs received before configuration. Dropping old logs.
09-14 10:32:12.709  7415 12214 I chatty  : uid=10291(com.vidure.app) identical 1 line
09-14 10:32:12.709  7415 12214 W ProxyAndroidLoggerBackend: Too many Flogger logs received before configuration. Dropping old logs.
09-14 10:32:12.805  7415 10539 V [MYTAG][HeartbeatMgr][RemoteOptor]: ----
09-14 10:32:12.805  7415 10539 V [MYTAG][HeartbeatMgr][RemoteOptor]: [CMD]Basic_Msg_MailBox
09-14 10:32:12.805  7415 10539 V [MYTAG][HeartbeatMgr][RemoteOptor]: [PARAM]null
09-14 10:32:12.806  7415 10751 W System  : Ignoring header sessionid because its value was null.
09-14 10:32:12.806  7415 10539 V [MYTAG][HeartbeatMgr][HttpTransportLayer]: [HTTP SEND GET]
09-14 10:32:12.806  7415 10539 V [MYTAG][HeartbeatMgr][HttpTransportLayer]: 	 url:http://192.168.0.1:80/app/getparamvalue?param=rec
09-14 10:32:12.807  7415 10751 I System.out: (HTTPLog)-Static: isSBSettingEnabled false
09-14 10:32:12.807  7415 10751 I System.out: (HTTPLog)-Static: isSBSettingEnabled false
09-14 10:32:12.832  7415 10539 V [MYTAG][HeartbeatMgr][HttpTransportLayer]: [HTTP RSP]
09-14 10:32:12.832  7415 10539 V [MYTAG][HeartbeatMgr][HttpTransportLayer]: 	 errcode:0
09-14 10:32:12.832  7415 10539 V [MYTAG][HeartbeatMgr][HttpTransportLayer]: 	[content]{"result":0,"info":{"value":0}}
09-14 10:32:12.832  7415 10539 V [MYTAG][HeartbeatMgr][HttpTransportLayer]: -----------------------------------------
09-14 10:32:15.555  7415 10539 V [MYTAG][mail_tcp_socket][ViiSocketMailDataPhraser]: ------------mail---------------
09-14 10:32:15.555  7415 10539 V [MYTAG][mail_tcp_socket][ViiSocketMailDataPhraser]: {"msgid":"battery","info":{"capacity":82,"charge":0},"time":1757845935}
09-14 10:32:15.558  7415 10750 W System  : Ignoring header sessionid because its value was null.
09-14 10:32:15.559  7415 10750 I System.out: (HTTPLog)-Static: isSBSettingEnabled false
09-14 10:32:15.559  7415 10750 I System.out: (HTTPLog)-Static: isSBSettingEnabled false
09-14 10:32:15.559  7415 10539 V [MYTAG][mail_tcp_socket][ViiSocketMailDataPhraser]: ------------mail---------------
09-14 10:32:15.559  7415 10539 V [MYTAG][mail_tcp_socket][ViiSocketMailDataPhraser]: {"msgid":"sd","info":{"status":0},"time":1757845935}
09-14 10:32:15.559  7415 10539 V [MYTAG][mail_tcp_socket][RemoteOptor]: ----
09-14 10:32:15.559  7415 10539 V [MYTAG][mail_tcp_socket][RemoteOptor]: [CMD]DEV_SDCARD_STATUS_QUERY
09-14 10:32:15.559  7415 10539 V [MYTAG][mail_tcp_socket][RemoteOptor]: [PARAM]null
09-14 10:32:15.559  7415 10539 V [MYTAG][mail_tcp_socket][HttpTransportLayer]: [HTTP SEND GET]
09-14 10:32:15.559  7415 10539 V [MYTAG][mail_tcp_socket][HttpTransportLayer]: 	 url:http://192.168.0.1:80/app/getsdinfo
09-14 10:32:15.562  7415 10539 V [MYTAG][main][Device]: 603 dev is connected:true
09-14 10:32:15.589  7415 10539 V [MYTAG][mail_tcp_socket][HttpTransportLayer]: [HTTP RSP]
09-14 10:32:15.589  7415 10539 V [MYTAG][mail_tcp_socket][HttpTransportLayer]: 	 errcode:0
09-14 10:32:15.589  7415 10539 V [MYTAG][mail_tcp_socket][HttpTransportLayer]: 	[content]{"result":0,"info":{"status":0,"free":286,"total":1883}}
09-14 10:32:15.589  7415 10539 V [MYTAG][mail_tcp_socket][HttpTransportLayer]: -----------------------------------------
09-14 10:32:15.594  7415  7415 W ProxyAndroidLoggerBackend: Too many Flogger logs received before configuration. Dropping old logs.
09-14 10:32:15.615  7415  7415 I chatty  : uid=10291(com.vidure.app) identical 6 lines
09-14 10:32:15.616  7415  7415 W ProxyAndroidLoggerBackend: Too many Flogger logs received before configuration. Dropping old logs.
09-14 10:32:15.628  7415 10539 V [MYTAG][main][Device]: 603 dev is connected:true
09-14 10:32:15.629  7415 10539 V [MYTAG][main][CameraPreviewActivity]: rev msg1:264454
09-14 10:32:15.630  7415 10539 V [MYTAG][main][Device]: 603 dev is connected:true
09-14 10:32:15.630  7415 10539 V [MYTAG][main][CameraPreviewActivity]: rev msg1:589832
09-14 10:32:16.805  7415 10539 V [MYTAG][HeartbeatMgr][RemoteOptor]: ----
09-14 10:32:16.805  7415 10539 V [MYTAG][HeartbeatMgr][RemoteOptor]: [CMD]Basic_Msg_MailBox
09-14 10:32:16.805  7415 10539 V [MYTAG][HeartbeatMgr][RemoteOptor]: [PARAM]null
09-14 10:32:16.806  7415 10751 W System  : Ignoring header sessionid because its value was null.
09-14 10:32:16.806  7415 10539 V [MYTAG][HeartbeatMgr][HttpTransportLayer]: [HTTP SEND GET]
09-14 10:32:16.806  7415 10539 V [MYTAG][HeartbeatMgr][HttpTransportLayer]: 	 url:http://192.168.0.1:80/app/getparamvalue?param=rec
09-14 10:32:16.807  7415 10751 I System.out: (HTTPLog)-Static: isSBSettingEnabled false
09-14 10:32:16.807  7415 10751 I System.out: (HTTPLog)-Static: isSBSettingEnabled false
09-14 10:32:16.831  7415 10539 V [MYTAG][HeartbeatMgr][HttpTransportLayer]: [HTTP RSP]
09-14 10:32:16.831  7415 10539 V [MYTAG][HeartbeatMgr][HttpTransportLayer]: 	 errcode:0
09-14 10:32:16.831  7415 10539 V [MYTAG][HeartbeatMgr][HttpTransportLayer]: 	[content]{"result":0,"info":{"value":0}}
09-14 10:32:16.831  7415 10539 V [MYTAG][HeartbeatMgr][HttpTransportLayer]: -----------------------------------------
09-14 10:32:16.922  7415 12214 W ProxyAndroidLoggerBackend: Too many Flogger logs received before configuration. Dropping old logs.
09-14 10:32:16.942  7415 12296 W ProxyAndroidLoggerBackend: Too many Flogger logs received before configuration. Dropping old logs.
09-14 10:32:18.566  7415 10539 V [MYTAG][mail_tcp_socket][ViiSocketMailDataPhraser]: ------------mail---------------
09-14 10:32:18.566  7415 10539 V [MYTAG][mail_tcp_socket][ViiSocketMailDataPhraser]: {"msgid":"battery","info":{"capacity":82,"charge":0},"time":1757845938}
09-14 10:32:18.568  7415 10539 V [MYTAG][mail_tcp_socket][ViiSocketMailDataPhraser]: ------------mail---------------
09-14 10:32:18.568  7415 10539 V [MYTAG][mail_tcp_socket][ViiSocketMailDataPhraser]: {"msgid":"sd","info":{"status":0},"time":1757845938}
09-14 10:32:18.569  7415 10539 V [MYTAG][mail_tcp_socket][RemoteOptor]: ----
09-14 10:32:18.569  7415 10539 V [MYTAG][mail_tcp_socket][RemoteOptor]: [CMD]DEV_SDCARD_STATUS_QUERY
09-14 10:32:18.569  7415 10539 V [MYTAG][mail_tcp_socket][RemoteOptor]: [PARAM]null
09-14 10:32:18.569  7415 10750 W System  : Ignoring header sessionid because its value was null.
09-14 10:32:18.569  7415 10539 V [MYTAG][mail_tcp_socket][HttpTransportLayer]: [HTTP SEND GET]
09-14 10:32:18.569  7415 10539 V [MYTAG][mail_tcp_socket][HttpTransportLayer]: 	 url:http://192.168.0.1:80/app/getsdinfo
09-14 10:32:18.570  7415 10750 I System.out: (HTTPLog)-Static: isSBSettingEnabled false
09-14 10:32:18.570  7415 10750 I System.out: (HTTPLog)-Static: isSBSettingEnabled false
09-14 10:32:18.576  7415 10539 V [MYTAG][main][Device]: 603 dev is connected:true
09-14 10:32:18.594  7415 10539 V [MYTAG][mail_tcp_socket][HttpTransportLayer]: [HTTP RSP]
09-14 10:32:18.594  7415 10539 V [MYTAG][mail_tcp_socket][HttpTransportLayer]: 	 errcode:0
09-14 10:32:18.594  7415 10539 V [MYTAG][mail_tcp_socket][HttpTransportLayer]: 	[content]{"result":0,"info":{"status":0,"free":286,"total":1883}}
09-14 10:32:18.594  7415 10539 V [MYTAG][mail_tcp_socket][HttpTransportLayer]: -----------------------------------------
09-14 10:32:18.624  7415  7415 W ProxyAndroidLoggerBackend: Too many Flogger logs received before configuration. Dropping old logs.
09-14 10:32:18.632  7415  7415 I chatty  : uid=10291(com.vidure.app) identical 6 lines
09-14 10:32:18.633  7415  7415 W ProxyAndroidLoggerBackend: Too many Flogger logs received before configuration. Dropping old logs.
09-14 10:32:18.642  7415 10539 V [MYTAG][main][Device]: 603 dev is connected:true
09-14 10:32:18.644  7415 10539 V [MYTAG][main][CameraPreviewActivity]: rev msg1:264454
09-14 10:32:18.644  7415 10539 V [MYTAG][main][Device]: 603 dev is connected:true
09-14 10:32:18.644  7415 10539 V [MYTAG][main][CameraPreviewActivity]: rev msg1:589832
09-14 10:32:20.806  7415 10751 W System  : Ignoring header sessionid because its value was null.
09-14 10:32:20.806  7415 10751 I System.out: (HTTPLog)-Static: isSBSettingEnabled false
09-14 10:32:20.806  7415 10751 I System.out: (HTTPLog)-Static: isSBSettingEnabled false
09-14 10:32:20.808  7415 10539 V [MYTAG][HeartbeatMgr][RemoteOptor]: ----
09-14 10:32:20.808  7415 10539 V [MYTAG][HeartbeatMgr][RemoteOptor]: [CMD]Basic_Msg_MailBox
09-14 10:32:20.808  7415 10539 V [MYTAG][HeartbeatMgr][RemoteOptor]: [PARAM]null
09-14 10:32:20.808  7415 10539 V [MYTAG][HeartbeatMgr][HttpTransportLayer]: [HTTP SEND GET]
09-14 10:32:20.808  7415 10539 V [MYTAG][HeartbeatMgr][HttpTransportLayer]: 	 url:http://192.168.0.1:80/app/getparamvalue?param=rec
09-14 10:32:20.828  7415 10539 V [MYTAG][HeartbeatMgr][HttpTransportLayer]: [HTTP RSP]
09-14 10:32:20.828  7415 10539 V [MYTAG][HeartbeatMgr][HttpTransportLayer]: 	 errcode:0
09-14 10:32:20.828  7415 10539 V [MYTAG][HeartbeatMgr][HttpTransportLayer]: 	[content]{"result":0,"info":{"value":0}}
09-14 10:32:20.828  7415 10539 V [MYTAG][HeartbeatMgr][HttpTransportLayer]: -----------------------------------------
09-14 10:32:21.574  7415 10539 V [MYTAG][mail_tcp_socket][ViiSocketMailDataPhraser]: ------------mail---------------
09-14 10:32:21.574  7415 10539 V [MYTAG][mail_tcp_socket][ViiSocketMailDataPhraser]: {"msgid":"battery","info":{"capacity":82,"charge":0},"time":1757845941}
09-14 10:32:21.576  7415 10539 V [MYTAG][mail_tcp_socket][ViiSocketMailDataPhraser]: ------------mail---------------
09-14 10:32:21.576  7415 10539 V [MYTAG][mail_tcp_socket][ViiSocketMailDataPhraser]: {"msgid":"sd","info":{"status":0},"time":1757845941}
09-14 10:32:21.577  7415 10539 V [MYTAG][mail_tcp_socket][RemoteOptor]: ----
09-14 10:32:21.577  7415 10539 V [MYTAG][mail_tcp_socket][RemoteOptor]: [CMD]DEV_SDCARD_STATUS_QUERY
09-14 10:32:21.577  7415 10539 V [MYTAG][mail_tcp_socket][RemoteOptor]: [PARAM]null
09-14 10:32:21.577  7415 10750 W System  : Ignoring header sessionid because its value was null.
09-14 10:32:21.577  7415 10539 V [MYTAG][mail_tcp_socket][HttpTransportLayer]: [HTTP SEND GET]
09-14 10:32:21.577  7415 10539 V [MYTAG][mail_tcp_socket][HttpTransportLayer]: 	 url:http://192.168.0.1:80/app/getsdinfo
09-14 10:32:21.577  7415 10750 I System.out: (HTTPLog)-Static: isSBSettingEnabled false
09-14 10:32:21.577  7415 10750 I System.out: (HTTPLog)-Static: isSBSettingEnabled false
09-14 10:32:21.580  7415 10539 V [MYTAG][main][Device]: 603 dev is connected:true
09-14 10:32:21.605  7415 10539 V [MYTAG][mail_tcp_socket][HttpTransportLayer]: [HTTP RSP]
09-14 10:32:21.605  7415 10539 V [MYTAG][mail_tcp_socket][HttpTransportLayer]: 	 errcode:0
09-14 10:32:21.605  7415 10539 V [MYTAG][mail_tcp_socket][HttpTransportLayer]: 	[content]{"result":0,"info":{"status":0,"free":286,"total":1883}}
09-14 10:32:21.605  7415 10539 V [MYTAG][mail_tcp_socket][HttpTransportLayer]: -----------------------------------------
09-14 10:32:21.607  7415  7415 W ProxyAndroidLoggerBackend: Too many Flogger logs received before configuration. Dropping old logs.
09-14 10:32:21.616  7415  7415 I chatty  : uid=10291(com.vidure.app) identical 6 lines
09-14 10:32:21.617  7415  7415 W ProxyAndroidLoggerBackend: Too many Flogger logs received before configuration. Dropping old logs.
09-14 10:32:21.624  7415 12296 W ProxyAndroidLoggerBackend: Too many Flogger logs received before configuration. Dropping old logs.
09-14 10:32:21.627  7415 10539 V [MYTAG][main][Device]: 603 dev is connected:true
09-14 10:32:21.627  7415 10539 V [MYTAG][main][CameraPreviewActivity]: rev msg1:264454
09-14 10:32:21.627  7415 10539 V [MYTAG][main][Device]: 603 dev is connected:true
09-14 10:32:21.627  7415 10539 V [MYTAG][main][CameraPreviewActivity]: rev msg1:589832
09-14 10:32:21.661  7415 12296 W ProxyAndroidLoggerBackend: Too many Flogger logs received before configuration. Dropping old logs.
09-14 10:32:21.662  7415 12296 I chatty  : uid=10291(com.vidure.app) identical 1 line
09-14 10:32:21.662  7415 12296 W ProxyAndroidLoggerBackend: Too many Flogger logs received before configuration. Dropping old logs.
09-14 10:32:24.584  7415 10539 V [MYTAG][mail_tcp_socket][ViiSocketMailDataPhraser]: ------------mail---------------
09-14 10:32:24.584  7415 10539 V [MYTAG][mail_tcp_socket][ViiSocketMailDataPhraser]: {"msgid":"battery","info":{"capacity":82,"charge":0},"time":1757845944}
09-14 10:32:24.586  7415 10539 V [MYTAG][mail_tcp_socket][ViiSocketMailDataPhraser]: ------------mail---------------
09-14 10:32:24.586  7415 10539 V [MYTAG][mail_tcp_socket][ViiSocketMailDataPhraser]: {"msgid":"sd","info":{"status":0},"time":1757845944}
09-14 10:32:24.586  7415 10539 V [MYTAG][mail_tcp_socket][RemoteOptor]: ----
09-14 10:32:24.586  7415 10539 V [MYTAG][mail_tcp_socket][RemoteOptor]: [CMD]DEV_SDCARD_STATUS_QUERY
09-14 10:32:24.586  7415 10539 V [MYTAG][mail_tcp_socket][RemoteOptor]: [PARAM]null
09-14 10:32:24.587  7415 10539 V [MYTAG][mail_tcp_socket][HttpTransportLayer]: [HTTP SEND GET]
09-14 10:32:24.587  7415 10539 V [MYTAG][mail_tcp_socket][HttpTransportLayer]: 	 url:http://192.168.0.1:80/app/getsdinfo
09-14 10:32:24.587  7415 10750 W System  : Ignoring header sessionid because its value was null.
09-14 10:32:24.587  7415 10750 I System.out: (HTTPLog)-Static: isSBSettingEnabled false
09-14 10:32:24.587  7415 10750 I System.out: (HTTPLog)-Static: isSBSettingEnabled false
09-14 10:32:24.591  7415 10539 V [MYTAG][main][Device]: 603 dev is connected:true
09-14 10:32:24.616  7415 10539 V [MYTAG][mail_tcp_socket][HttpTransportLayer]: [HTTP RSP]
09-14 10:32:24.616  7415 10539 V [MYTAG][mail_tcp_socket][HttpTransportLayer]: 	 errcode:0
09-14 10:32:24.616  7415 10539 V [MYTAG][mail_tcp_socket][HttpTransportLayer]: 	[content]{"result":0,"info":{"status":0,"free":286,"total":1883}}
09-14 10:32:24.616  7415 10539 V [MYTAG][mail_tcp_socket][HttpTransportLayer]: -----------------------------------------
09-14 10:32:24.657  7415  7415 W ProxyAndroidLoggerBackend: Too many Flogger logs received before configuration. Dropping old logs.
09-14 10:32:24.671  7415  7415 I chatty  : uid=10291(com.vidure.app) identical 6 lines
09-14 10:32:24.673  7415  7415 W ProxyAndroidLoggerBackend: Too many Flogger logs received before configuration. Dropping old logs.
09-14 10:32:24.689  7415 10539 V [MYTAG][main][Device]: 603 dev is connected:true
09-14 10:32:24.693  7415 10539 V [MYTAG][main][CameraPreviewActivity]: rev msg1:264454
09-14 10:32:24.693  7415 10539 V [MYTAG][main][Device]: 603 dev is connected:true
09-14 10:32:24.694  7415 10539 V [MYTAG][main][CameraPreviewActivity]: rev msg1:589832
09-14 10:32:24.806  7415 10751 W System  : Ignoring header sessionid because its value was null.
09-14 10:32:24.806  7415 10751 I System.out: (HTTPLog)-Static: isSBSettingEnabled false
09-14 10:32:24.807  7415 10751 I System.out: (HTTPLog)-Static: isSBSettingEnabled false
09-14 10:32:24.808  7415 10539 V [MYTAG][HeartbeatMgr][RemoteOptor]: ----
09-14 10:32:24.808  7415 10539 V [MYTAG][HeartbeatMgr][RemoteOptor]: [CMD]Basic_Msg_MailBox
09-14 10:32:24.808  7415 10539 V [MYTAG][HeartbeatMgr][RemoteOptor]: [PARAM]null
09-14 10:32:24.808  7415 10539 V [MYTAG][HeartbeatMgr][HttpTransportLayer]: [HTTP SEND GET]
09-14 10:32:24.808  7415 10539 V [MYTAG][HeartbeatMgr][HttpTransportLayer]: 	 url:http://192.168.0.1:80/app/getparamvalue?param=rec
09-14 10:32:24.826  7415 10539 V [MYTAG][HeartbeatMgr][HttpTransportLayer]: [HTTP RSP]
09-14 10:32:24.826  7415 10539 V [MYTAG][HeartbeatMgr][HttpTransportLayer]: 	 errcode:0
09-14 10:32:24.826  7415 10539 V [MYTAG][HeartbeatMgr][HttpTransportLayer]: 	[content]{"result":0,"info":{"value":0}}
09-14 10:32:24.826  7415 10539 V [MYTAG][HeartbeatMgr][HttpTransportLayer]: -----------------------------------------
09-14 10:32:25.487  7415 12293 W ProxyAndroidLoggerBackend: Too many Flogger logs received before configuration. Dropping old logs.
09-14 10:32:25.488  7415 12293 I chatty  : uid=10291(com.vidure.app) identical 3 lines
09-14 10:32:25.488  7415 12293 W ProxyAndroidLoggerBackend: Too many Flogger logs received before configuration. Dropping old logs.
09-14 10:32:27.596  7415 10539 V [MYTAG][mail_tcp_socket][ViiSocketMailDataPhraser]: ------------mail---------------
09-14 10:32:27.596  7415 10539 V [MYTAG][mail_tcp_socket][ViiSocketMailDataPhraser]: {"msgid":"battery","info":{"capacity":82,"charge":0},"time":1757845947}
09-14 10:32:27.603  7415 10539 V [MYTAG][mail_tcp_socket][ViiSocketMailDataPhraser]: ------------mail---------------
09-14 10:32:27.603  7415 10539 V [MYTAG][mail_tcp_socket][ViiSocketMailDataPhraser]: {"msgid":"sd","info":{"status":0},"time":1757845947}
09-14 10:32:27.604  7415 10539 V [MYTAG][mail_tcp_socket][RemoteOptor]: ----
09-14 10:32:27.604  7415 10539 V [MYTAG][mail_tcp_socket][RemoteOptor]: [CMD]DEV_SDCARD_STATUS_QUERY
09-14 10:32:27.604  7415 10539 V [MYTAG][mail_tcp_socket][RemoteOptor]: [PARAM]null
09-14 10:32:27.605  7415 10750 W System  : Ignoring header sessionid because its value was null.
09-14 10:32:27.606  7415 10539 V [MYTAG][mail_tcp_socket][HttpTransportLayer]: [HTTP SEND GET]
09-14 10:32:27.606  7415 10539 V [MYTAG][mail_tcp_socket][HttpTransportLayer]: 	 url:http://192.168.0.1:80/app/getsdinfo
09-14 10:32:27.606  7415 10750 I System.out: (HTTPLog)-Static: isSBSettingEnabled false
09-14 10:32:27.607  7415 10750 I System.out: (HTTPLog)-Static: isSBSettingEnabled false
09-14 10:32:27.617  7415 10539 V [MYTAG][main][Device]: 603 dev is connected:true
09-14 10:32:27.644  7415  7415 W ProxyAndroidLoggerBackend: Too many Flogger logs received before configuration. Dropping old logs.
09-14 10:32:27.649  7415  7415 I chatty  : uid=10291(com.vidure.app) identical 2 lines
09-14 10:32:27.649  7415  7415 W ProxyAndroidLoggerBackend: Too many Flogger logs received before configuration. Dropping old logs.
09-14 10:32:27.650  7415 10539 V [MYTAG][mail_tcp_socket][HttpTransportLayer]: [HTTP RSP]
09-14 10:32:27.650  7415 10539 V [MYTAG][mail_tcp_socket][HttpTransportLayer]: 	 errcode:0
09-14 10:32:27.650  7415 10539 V [MYTAG][mail_tcp_socket][HttpTransportLayer]: 	[content]{"result":0,"info":{"status":0,"free":286,"total":1883}}
09-14 10:32:27.650  7415 10539 V [MYTAG][mail_tcp_socket][HttpTransportLayer]: -----------------------------------------
09-14 10:32:27.652  7415  7415 W ProxyAndroidLoggerBackend: Too many Flogger logs received before configuration. Dropping old logs.
09-14 10:32:27.653  7415  7415 I chatty  : uid=10291(com.vidure.app) identical 2 lines
09-14 10:32:27.655  7415  7415 W ProxyAndroidLoggerBackend: Too many Flogger logs received before configuration. Dropping old logs.
09-14 10:32:27.668  7415 10539 V [MYTAG][main][Device]: 603 dev is connected:true
09-14 10:32:27.674  7415 10539 V [MYTAG][main][CameraPreviewActivity]: rev msg1:264454
09-14 10:32:27.674  7415 10539 V [MYTAG][main][Device]: 603 dev is connected:true
09-14 10:32:27.674  7415 10539 V [MYTAG][main][CameraPreviewActivity]: rev msg1:589832
09-14 10:32:28.807  7415 10751 W System  : Ignoring header sessionid because its value was null.
09-14 10:32:28.808  7415 10751 I System.out: (HTTPLog)-Static: isSBSettingEnabled false
09-14 10:32:28.808  7415 10751 I System.out: (HTTPLog)-Static: isSBSettingEnabled false
09-14 10:32:28.809  7415 10539 V [MYTAG][HeartbeatMgr][RemoteOptor]: ----
09-14 10:32:28.809  7415 10539 V [MYTAG][HeartbeatMgr][RemoteOptor]: [CMD]Basic_Msg_MailBox
09-14 10:32:28.809  7415 10539 V [MYTAG][HeartbeatMgr][RemoteOptor]: [PARAM]null
09-14 10:32:28.809  7415 10539 V [MYTAG][HeartbeatMgr][HttpTransportLayer]: [HTTP SEND GET]
09-14 10:32:28.809  7415 10539 V [MYTAG][HeartbeatMgr][HttpTransportLayer]: 	 url:http://192.168.0.1:80/app/getparamvalue?param=rec
09-14 10:32:28.829  7415 10539 V [MYTAG][HeartbeatMgr][HttpTransportLayer]: [HTTP RSP]
09-14 10:32:28.829  7415 10539 V [MYTAG][HeartbeatMgr][HttpTransportLayer]: 	 errcode:0
09-14 10:32:28.829  7415 10539 V [MYTAG][HeartbeatMgr][HttpTransportLayer]: 	[content]{"result":0,"info":{"value":0}}
09-14 10:32:28.829  7415 10539 V [MYTAG][HeartbeatMgr][HttpTransportLayer]: -----------------------------------------
09-14 10:32:30.606  7415 10539 V [MYTAG][mail_tcp_socket][ViiSocketMailDataPhraser]: ------------mail---------------
09-14 10:32:30.606  7415 10539 V [MYTAG][mail_tcp_socket][ViiSocketMailDataPhraser]: {"msgid":"battery","info":{"capacity":82,"charge":0},"time":1757845950}
09-14 10:32:30.608  7415 10539 V [MYTAG][mail_tcp_socket][ViiSocketMailDataPhraser]: ------------mail---------------
09-14 10:32:30.608  7415 10539 V [MYTAG][mail_tcp_socket][ViiSocketMailDataPhraser]: {"msgid":"sd","info":{"status":0},"time":1757845950}
09-14 10:32:30.609  7415 10539 V [MYTAG][mail_tcp_socket][RemoteOptor]: ----
09-14 10:32:30.609  7415 10539 V [MYTAG][mail_tcp_socket][RemoteOptor]: [CMD]DEV_SDCARD_STATUS_QUERY
09-14 10:32:30.609  7415 10539 V [MYTAG][mail_tcp_socket][RemoteOptor]: [PARAM]null
09-14 10:32:30.610  7415 10750 W System  : Ignoring header sessionid because its value was null.
09-14 10:32:30.610  7415 10539 V [MYTAG][mail_tcp_socket][HttpTransportLayer]: [HTTP SEND GET]
09-14 10:32:30.610  7415 10539 V [MYTAG][mail_tcp_socket][HttpTransportLayer]: 	 url:http://192.168.0.1:80/app/getsdinfo
09-14 10:32:30.611  7415 10750 I System.out: (HTTPLog)-Static: isSBSettingEnabled false
09-14 10:32:30.611  7415 10750 I System.out: (HTTPLog)-Static: isSBSettingEnabled false
09-14 10:32:30.617  7415 10539 V [MYTAG][main][Device]: 603 dev is connected:true
09-14 10:32:30.634  7415 10539 V [MYTAG][mail_tcp_socket][HttpTransportLayer]: [HTTP RSP]
09-14 10:32:30.634  7415 10539 V [MYTAG][mail_tcp_socket][HttpTransportLayer]: 	 errcode:0
09-14 10:32:30.634  7415 10539 V [MYTAG][mail_tcp_socket][HttpTransportLayer]: 	[content]{"result":0,"info":{"status":0,"free":286,"total":1883}}
09-14 10:32:30.634  7415 10539 V [MYTAG][mail_tcp_socket][HttpTransportLayer]: -----------------------------------------
09-14 10:32:30.663  7415  7415 W ProxyAndroidLoggerBackend: Too many Flogger logs received before configuration. Dropping old logs.
09-14 10:32:30.670  7415  7415 I chatty  : uid=10291(com.vidure.app) identical 6 lines
