09-14 10:11:46.372  3880  3880 I MultiWindowDecorSupport: updateCaptionType >> DecorView@180563c[], isFloating: false, isApplication: true, hasWindowDecorCaption: false, hasWindowControllerCallback: true
09-14 10:11:46.372  3880  3880 D MultiWindowDecorSupport: setCaptionType = 0, DecorView = DecorView@180563c[]
09-14 10:11:46.373  3880  7576 V [MYTAG][main][MainActivity]: MainActivity onCreate...
09-14 10:11:46.391  3880  7576 V [MYTAG][main][PagerSlidingTabStrip]: applyDimension tabTextSize = 24
09-14 10:11:46.408  3880  7576 V [MYTAG][main][LlService]: the app license is valid.
09-14 10:11:46.431  3880  7576 V [MYTAG][main][MainActivity]: MainActivity onStart...
09-14 10:11:46.432  3880  7576 V [MYTAG][main][MainActivity]: MainActivity onResume...
09-14 10:11:46.433  3880  7576 D [MYTAG][main][ExitApp]: activityList size=1, add activity=MainActivity
09-14 10:11:46.435  3880  7576 V [MYTAG][pool-10-thread-10][update_lock_scene_status]: runnable  is end.
09-14 10:11:46.436  3880  7576 V [MYTAG][pool-10-thread-10][MsgerService_asyncPushTerminalInfos]: runnable  is start.
09-14 10:11:46.437  3880  7708 I System.out: (HTTPLog)-Static: isSBSettingEnabled false
09-14 10:11:46.437  3880  7708 I System.out: (HTTPLog)-Static: isSBSettingEnabled false
09-14 10:11:46.438  3880  7708 V HttpRequest.code(): 
09-14 10:11:46.438  3880  7708 V HttpRequest.code(): 
09-14 10:11:46.438  3880  7708 W System.err: com.vidure.libs.transport.impl.http.HttpRequest$e: java.net.UnknownHostException: Unable to resolve host "app-api.lufengzhe.com": No address associated with hostname
09-14 10:11:46.438  3880  7708 W System.err: 	at com.vidure.libs.transport.impl.http.HttpRequest.c0(SourceFile:21)
09-14 10:11:46.438  3880  7708 W System.err: 	at com.vidure.libs.transport.impl.http.HttpRequest.o(SourceFile:3)
09-14 10:11:46.438  3880  7708 W System.err: 	at com.vidure.libs.transport.impl.http.HttpRequest.n(SourceFile:5)
09-14 10:11:46.438  3880  7708 W System.err: 	at com.vidure.libs.transport.impl.http.HttpRequest.m(SourceFile:5)
09-14 10:11:46.438  3880  7708 W System.err: 	at com.vidure.app.core.modules.msger.db.FeedbackNao.queryIssueTypeList(SourceFile:45)
09-14 10:11:46.438  3880  7708 W System.err: 	at com.vidure.app.core.modules.msger.db.FeedbackNao.getFeedbackTypes(SourceFile:14)
09-14 10:11:46.438  3880  7708 W System.err: 	at com.vidure.app.core.modules.msger.service.MsgerService$1.vrun(SourceFile:6)
09-14 10:11:46.438  3880  7708 W System.err: 	at Ca.q.run(SourceFile:8)
09-14 10:11:46.438  3880  7708 W System.err: 	at java.util.concurrent.Executors$RunnableAdapter.call(Executors.java:462)
09-14 10:11:46.438  3880  7708 W System.err: 	at java.util.concurrent.FutureTask.run(FutureTask.java:266)
09-14 10:11:46.438  3880  7708 W System.err: 	at java.util.concurrent.ThreadPoolExecutor.runWorker(ThreadPoolExecutor.java:1167)
09-14 10:11:46.438  3880  7708 W System.err: 	at java.util.concurrent.ThreadPoolExecutor$Worker.run(ThreadPoolExecutor.java:641)
09-14 10:11:46.438  3880  7708 W System.err: 	at java.lang.Thread.run(Thread.java:919)
09-14 10:11:46.438  3880  7708 W System.err: Caused by: java.net.UnknownHostException: Unable to resolve host "app-api.lufengzhe.com": No address associated with hostname
09-14 10:11:46.439  3880  7708 W System.err: 	at java.net.Inet6AddressImpl.lookupHostByName(Inet6AddressImpl.java:124)
09-14 10:11:46.439  3880  7708 W System.err: 	at java.net.Inet6AddressImpl.lookupAllHostAddr(Inet6AddressImpl.java:103)
09-14 10:11:46.439  3880  7708 W System.err: 	at java.net.InetAddress.getAllByName(InetAddress.java:1152)
09-14 10:11:46.439  3880  7708 W System.err: 	at com.android.okhttp.Dns$1.lookup(Dns.java:41)
09-14 10:11:46.439  3880  7708 W System.err: 	at com.android.okhttp.internal.http.RouteSelector.resetNextInetSocketAddress(RouteSelector.java:178)
09-14 10:11:46.439  3880  7708 W System.err: 	at com.android.okhttp.internal.http.RouteSelector.nextProxy(RouteSelector.java:144)
09-14 10:11:46.439  3880  7708 W System.err: 	at com.android.okhttp.internal.http.RouteSelector.next(RouteSelector.java:86)
09-14 10:11:46.439  3880  7708 W System.err: 	at com.android.okhttp.internal.http.StreamAllocation.findConnection(StreamAllocation.java:192)
09-14 10:11:46.439  3880  7708 W System.err: 	at com.android.okhttp.internal.http.StreamAllocation.findHealthyConnection(StreamAllocation.java:144)
09-14 10:11:46.439  3880  7708 W System.err: 	at com.android.okhttp.internal.http.StreamAllocation.newStream(StreamAllocation.java:106)
09-14 10:11:46.439  3880  7708 W System.err: 	at com.android.okhttp.internal.http.HttpEngine.connect(HttpEngine.java:400)
09-14 10:11:46.439  3880  7708 W System.err: 	at com.android.okhttp.internal.http.HttpEngine.sendRequest(HttpEngine.java:333)
09-14 10:11:46.439  3880  7708 W System.err: 	at com.android.okhttp.internal.huc.HttpURLConnectionImpl.execute(HttpURLConnectionImpl.java:483)
09-14 10:11:46.439  3880  7708 W System.err: 	at com.android.okhttp.internal.huc.HttpURLConnectionImpl.getResponse(HttpURLConnectionImpl.java:429)
09-14 10:11:46.439  3880  7708 W System.err: 	at com.android.okhttp.internal.huc.HttpURLConnectionImpl.getResponseCode(HttpURLConnectionImpl.java:560)
09-14 10:11:46.439  3880  7708 W System.err: 	at com.android.okhttp.internal.huc.DelegatingHttpsURLConnection.getResponseCode(DelegatingHttpsURLConnection.java:106)
09-14 10:11:46.439  3880  7708 W System.err: 	at com.android.okhttp.internal.huc.HttpsURLConnectionImpl.getResponseCode(HttpsURLConnectionImpl.java:30)
09-14 10:11:46.439  3880  7708 W System.err: 	at com.vidure.libs.transport.impl.http.HttpRequest.u(SourceFile:9)
09-14 10:11:46.439  3880  7708 W System.err: 	at com.vidure.app.core.modules.msger.db.FeedbackNao.queryIssueTypeList(SourceFile:41)
09-14 10:11:46.439  3880  7708 W System.err: 	... 8 more
09-14 10:11:46.439  3880  7576 V [MYTAG][pool-10-thread-10][FeedbackNao]: url:https://app-api.lufengzhe.com:9091/iot/api/v2/feedback/list/types?catalog=0&language=de_DE|param:|rsp:-1|rbody:
09-14 10:11:46.440  3880  7708 I System.out: (HTTPLog)-Static: isSBSettingEnabled false
09-14 10:11:46.440  3880  7708 I System.out: (HTTPLog)-Static: isSBSettingEnabled false
09-14 10:11:46.441  3880  7708 E [MYTAG][pool-10-thread-10]FeedbackNao: java.net.UnknownHostException: Unable to resolve host "app-api.lufengzhe.com": No address associated with hostname
09-14 10:11:46.442  3880  7576 V [MYTAG][pool-10-thread-10][MsgerService_asyncPushTerminalInfos]: runnable  is end.
09-14 10:11:46.444  3880  3880 D ViewRootImpl@efba07a[MainActivity]: setView = com.android.internal.policy.DecorView@180563c TM=true MM=false
09-14 10:11:46.462  3880  7576 V [MYTAG][main][CameraTabFragment]: CameraTabFragment onCreate...
09-14 10:11:46.480  3880  7576 V [MYTAG][pool-10-thread-5][init_share_appinfo]: runnable  is end.
09-14 10:11:46.497  3880  7576 V [MYTAG][main][SystemUtils]: map： has gms ok.
09-14 10:11:46.499  3880  7576 V [MYTAG][main][SystemUtils]: map： has gms ok.
09-14 10:11:46.499  3880  3880 D a       : preferredRenderer: null
09-14 10:11:46.499  3880  3880 D s       : preferredRenderer: null
09-14 10:11:46.500  3880  3880 I s       : Making Creator dynamically
09-14 10:11:46.501  3880  7622 I System.out: (HTTPLog)-Static: isSBSettingEnabled false
09-14 10:11:46.501  3880  7622 I System.out: (HTTPLog)-Static: isSBSettingEnabled false
09-14 10:11:46.527  3880  3880 I DynamiteModule: Considering local module com.google.android.gms.maps_core_dynamite:0 and remote module com.google.android.gms.maps_core_dynamite:252725201
09-14 10:11:46.527  3880  3880 I DynamiteModule: Selected remote version of com.google.android.gms.maps_core_dynamite, version >= 252725201
09-14 10:11:46.527  3880  3880 V DynamiteModule: Dynamite loader version >= 2, using loadModule2NoCrashUtils
09-14 10:11:46.577  3880  7622 I System.out: (HTTPLog)-Static: isSBSettingEnabled false
09-14 10:11:46.577  3880  7622 I System.out: (HTTPLog)-Static: isSBSettingEnabled false
09-14 10:11:46.600  3880  7622 I System.out: (HTTPLog)-Static: isSBSettingEnabled false
09-14 10:11:46.600  3880  7622 I System.out: (HTTPLog)-Static: isSBSettingEnabled false
09-14 10:11:46.626  3880  7622 I System.out: (HTTPLog)-Static: isSBSettingEnabled false
09-14 10:11:46.626  3880  7622 I System.out: (HTTPLog)-Static: isSBSettingEnabled false
09-14 10:11:46.656  3880  7622 I System.out: (HTTPLog)-Static: isSBSettingEnabled false
09-14 10:11:46.656  3880  7622 I System.out: (HTTPLog)-Static: isSBSettingEnabled false
09-14 10:11:46.795  3880  3880 I native  : I0000 00:00:1757837506.795148    3880 jni_init.cc:30] Initializing JNI...
09-14 10:11:46.797  3880  3880 I Google Android Maps SDK: Google Play services client version: 18020000
09-14 10:11:46.921  3880  3880 D bo      : SDK type: 1, version: 252725201
09-14 10:11:46.944  3880  3880 D ho      : maps_core_dynamite module version in use (0 represents standalone library): 252725201
09-14 10:11:46.951  3880  3880 D ho      : Added event: 109
09-14 10:11:46.951  3880  3880 D ho      : Added event: 112
09-14 10:11:46.952  3880  3880 D a       : loadedRenderer: LATEST
--------- beginning of system
09-14 10:11:46.979  3880  7853 E ActivityThread: Failed to find provider info for com.vidure.app.helios.ipc.default
09-14 10:11:46.984  3880  7853 I System.out: (HTTPLog)-Static: isSBSettingEnabled false
09-14 10:11:46.984  3880  7853 I System.out: (HTTPLog)-Static: isSBSettingEnabled false
09-14 10:11:47.004  3880  7576 V [MYTAG][main][CameraTabFragment]: CameraTabFragment onStart...
09-14 10:11:47.008  3880  7576 V [MYTAG][main][Device]: null dev is connected:false
09-14 10:11:47.008  3880  3880 D a       : preferredRenderer: null
09-14 10:11:47.008  3880  3880 D s       : preferredRenderer: null
09-14 10:11:47.011  3880  3880 D bo      : SDK type: 1, version: 252725201
09-14 10:11:47.013  3880  3880 I Google Android Maps SDK: Google Play services package version: 253133013
09-14 10:11:47.013  3880  3880 I Google Android Maps SDK: Google Play services maps renderer version(maps_core): 252725201
09-14 10:11:47.014  3880  3880 D bo      : SDK type: 1, version: 252725201
09-14 10:11:47.015  3880  3880 D de      : about to start loading native library asynchronously
09-14 10:11:47.024  3880  3880 W x       : Suppressed StrictMode policy violation: StrictModeDiskReadViolation
09-14 10:11:47.037  3880  3880 I o       : Using GMM server: https://clients4.google.com/glm/mmap
09-14 10:11:47.037  3880  3880 W x       : Suppressed StrictMode policy violation: StrictModeDiskReadViolation
09-14 10:11:47.037  3880  3880 W x       : Suppressed StrictMode policy violation: StrictModeDiskWriteViolation
09-14 10:11:47.042  3880  3880 D o       : Using Non-null serverVersionMetadataManager to load previous metadata.
09-14 10:11:47.045  3880  3880 D o       : Previous session server version metadata loaded: CggIBhDTudLEBgoICAMQj6rRxAYKCggEEJ6z0cQGGAEKCAgBEJf7qMQG
09-14 10:11:47.057  3880  7953 W x       : Suppressed StrictMode policy violation: StrictModeDiskReadViolation
09-14 10:11:47.069  3880  3880 D ConnectivityManager: requestNetwork; CallingUid : 10291, CallingPid : 3880
09-14 10:11:47.406  3880  3880 W ProxyAndroidLoggerBackend: Too many Flogger logs received before configuration. Dropping old logs.
09-14 10:11:47.407  3880  3880 W ProxyAndroidLoggerBackend: Too many Flogger logs received before configuration. Dropping old logs.
09-14 10:11:47.432  3880  3880 W ProxyAndroidLoggerBackend: Too many Flogger logs received before configuration. Dropping old logs.
09-14 10:11:47.438  3880  3880 W ProxyAndroidLoggerBackend: Too many Flogger logs received before configuration. Dropping old logs.
09-14 10:11:47.483  3880  7703 I System.out: (HTTPLog)-Static: isSBSettingEnabled false
09-14 10:11:47.483  3880  7703 I System.out: (HTTPLog)-Static: isSBSettingEnabled false
09-14 10:11:47.517  3880  3880 W ProxyAndroidLoggerBackend: Too many Flogger logs received before configuration. Dropping old logs.
09-14 10:11:47.543  3880  3880 W ProxyAndroidLoggerBackend: Too many Flogger logs received before configuration. Dropping old logs.
09-14 10:11:47.603  3880  7994 W ProxyAndroidLoggerBackend: Too many Flogger logs received before configuration. Dropping old logs.
09-14 10:11:47.623  3880  3880 W ProxyAndroidLoggerBackend: Too many Flogger logs received before configuration. Dropping old logs.
09-14 10:11:47.628  3880  3880 I chatty  : uid=10291(com.vidure.app) identical 1 line
09-14 10:11:47.629  3880  3880 W ProxyAndroidLoggerBackend: Too many Flogger logs received before configuration. Dropping old logs.
09-14 10:11:47.630  3880  8070 W JavaCronetEngine: using the fallback Cronet Engine implementation. Performance will suffer and many HTTP client features, including caching, will not work.
09-14 10:11:47.634  3880  3880 W ProxyAndroidLoggerBackend: Too many Flogger logs received before configuration. Dropping old logs.
09-14 10:11:47.635  3880  8070 W ProxyAndroidLoggerBackend: Too many Flogger logs received before configuration. Dropping old logs.
09-14 10:11:47.638  3880  3880 W ProxyAndroidLoggerBackend: Too many Flogger logs received before configuration. Dropping old logs.
09-14 10:11:47.644  3880  7993 W ProxyAndroidLoggerBackend: Too many Flogger logs received before configuration. Dropping old logs.
09-14 10:11:47.645  3880  3880 W ProxyAndroidLoggerBackend: Too many Flogger logs received before configuration. Dropping old logs.
09-14 10:11:47.645  3880  3880 W ProxyAndroidLoggerBackend: Too many Flogger logs received before configuration. Dropping old logs.
09-14 10:11:47.645  3880  8070 W ProxyAndroidLoggerBackend: Too many Flogger logs received before configuration. Dropping old logs.
09-14 10:11:47.645  3880  8070 I chatty  : uid=10291(com.vidure.app) identical 1 line
09-14 10:11:47.645  3880  8070 W ProxyAndroidLoggerBackend: Too many Flogger logs received before configuration. Dropping old logs.
09-14 10:11:47.664  3880  3880 W ProxyAndroidLoggerBackend: Too many Flogger logs received before configuration. Dropping old logs.
09-14 10:11:47.668  3880  3880 I chatty  : uid=10291(com.vidure.app) identical 2 lines
09-14 10:11:47.672  3880  3880 W ProxyAndroidLoggerBackend: Too many Flogger logs received before configuration. Dropping old logs.
09-14 10:11:47.696  3880  7993 W ProxyAndroidLoggerBackend: Too many Flogger logs received before configuration. Dropping old logs.
09-14 10:11:47.697  3880  8031 W ProxyAndroidLoggerBackend: Too many Flogger logs received before configuration. Dropping old logs.
09-14 10:11:47.697  3880  8031 W ProxyAndroidLoggerBackend: Too many Flogger logs received before configuration. Dropping old logs.
09-14 10:11:47.704  3880  8032 D ConnectivityManager: requestNetwork; CallingUid : 10291, CallingPid : 3880
09-14 10:11:47.723  3880  8091 W ProxyAndroidLoggerBackend: Too many Flogger logs received before configuration. Dropping old logs.
09-14 10:11:47.724  3880  8091 W ProxyAndroidLoggerBackend: Too many Flogger logs received before configuration. Dropping old logs.
09-14 10:11:47.725  3880  8089 W ProxyAndroidLoggerBackend: Too many Flogger logs received before configuration. Dropping old logs.
09-14 10:11:47.726  3880  8091 W ProxyAndroidLoggerBackend: Too many Flogger logs received before configuration. Dropping old logs.
09-14 10:11:47.727  3880  8092 W ProxyAndroidLoggerBackend: Too many Flogger logs received before configuration. Dropping old logs.
09-14 10:11:47.728  3880  8089 W ProxyAndroidLoggerBackend: Too many Flogger logs received before configuration. Dropping old logs.
09-14 10:11:47.729  3880  8091 W ProxyAndroidLoggerBackend: Too many Flogger logs received before configuration. Dropping old logs.
09-14 10:11:47.730  3880  8092 W ProxyAndroidLoggerBackend: Too many Flogger logs received before configuration. Dropping old logs.
09-14 10:11:47.730  3880  8089 W ProxyAndroidLoggerBackend: Too many Flogger logs received before configuration. Dropping old logs.
09-14 10:11:47.731  3880  8091 W ProxyAndroidLoggerBackend: Too many Flogger logs received before configuration. Dropping old logs.
09-14 10:11:47.732  3880  8092 W ProxyAndroidLoggerBackend: Too many Flogger logs received before configuration. Dropping old logs.
09-14 10:11:47.733  3880  8089 W ProxyAndroidLoggerBackend: Too many Flogger logs received before configuration. Dropping old logs.
09-14 10:11:47.733  3880  8091 W ProxyAndroidLoggerBackend: Too many Flogger logs received before configuration. Dropping old logs.
09-14 10:11:47.734  3880  8092 W ProxyAndroidLoggerBackend: Too many Flogger logs received before configuration. Dropping old logs.
09-14 10:11:47.735  3880  8089 W ProxyAndroidLoggerBackend: Too many Flogger logs received before configuration. Dropping old logs.
09-14 10:11:47.736  3880  8091 W ProxyAndroidLoggerBackend: Too many Flogger logs received before configuration. Dropping old logs.
09-14 10:11:47.737  3880  8092 W ProxyAndroidLoggerBackend: Too many Flogger logs received before configuration. Dropping old logs.
09-14 10:11:47.737  3880  8089 W ProxyAndroidLoggerBackend: Too many Flogger logs received before configuration. Dropping old logs.
09-14 10:11:47.738  3880  8091 W ProxyAndroidLoggerBackend: Too many Flogger logs received before configuration. Dropping old logs.
09-14 10:11:47.739  3880  8092 W ProxyAndroidLoggerBackend: Too many Flogger logs received before configuration. Dropping old logs.
09-14 10:11:47.759  3880  7576 D [MYTAG][main][GoogleMapAdapter]: onStart
09-14 10:11:47.762  3880  7576 D [MYTAG][main][GoogleMapAdapter]: onResume
09-14 10:11:47.762  3880  7576 V [MYTAG][main][Device]: null dev is connected:false
09-14 10:11:47.763  3880  7576 V [MYTAG][main][AlbumTabFragment]: AlbumTabFragment onCreate...
09-14 10:11:47.768  3880  3880 D ScrollView: initGoToTop
09-14 10:11:47.789  3880  7576 V [MYTAG][main][AiEditorTabFragment]: AiEditorTabFragment onCreate...
09-14 10:11:47.814  3880  3880 E ConstraintLayout: layout_constraintWidth_default="wrap" is deprecated.
09-14 10:11:47.814  3880  3880 E ConstraintLayout: Use layout_width="WRAP_CONTENT" and layout_constrainedWidth="true" instead.
09-14 10:11:47.823  3880  7576 V [MYTAG][main][VMeTabFragment]: VMeTabFragment onCreate...
09-14 10:11:47.850  3880  3880 E ConstraintLayout: layout_constraintWidth_default="wrap" is deprecated.
09-14 10:11:47.850  3880  3880 E ConstraintLayout: Use layout_width="WRAP_CONTENT" and layout_constrainedWidth="true" instead.
09-14 10:11:47.867  3880  7576 V [MYTAG][main][CameraTabFragment]: CameraTabFragment onResume...
09-14 10:11:47.869  3880  7576 V [MYTAG][main][CameraService]: find cur device:Bert, for phone connected wifi:Bert
09-14 10:11:47.869  3880  7576 V [MYTAG][main][Device]: null dev is connected:false
09-14 10:11:47.869  3880  7576 V [MYTAG][main][Device]: null dev is connected:false
09-14 10:11:47.870  3880  3880 D Dialog  : mIsSamsungBasicInteraction = false
09-14 10:11:47.870  3880  3880 D Dialog  : mIsSamsungBasicInteraction = false, isMetaDataInActivity = false
09-14 10:11:47.873  3880  3880 I MultiWindowDecorSupport: updateCaptionType >> DecorView@5520425[], isFloating: true, isApplication: true, hasWindowDecorCaption: false, hasWindowControllerCallback: false
09-14 10:11:47.873  3880  3880 D MultiWindowDecorSupport: setCaptionType = 0, DecorView = DecorView@5520425[]
09-14 10:11:47.875  3880  7576 D [MYTAG][main][DefaultDialog]: show dialogId:general_waiting_dlg MainActivity
09-14 10:11:47.883  3880  3880 D ViewRootImpl@fc3bda1[MainActivity]: setView = com.android.internal.policy.DecorView@5520425 TM=true MM=false
09-14 10:11:47.885  3880  3880 D (XFToolUtil.java:6): n()[]
09-14 10:11:47.887  3880  3880 D (XFToolUtil.java:71): n()[ gRootPath:/storage/emulated/0/Android/data/com.vidure.app/cache/.com.vidure.app]
09-14 10:11:47.887  3880  3880 D (XFToolUtil.java:153): n()[ dirs already exist!]
09-14 10:11:47.900  3880  3880 D (XFExtTool.java:30): <init>()[]
09-14 10:11:47.903  3880  7678 D ConnectivityManager: unregisterNetworkCallback; CallingUid : 10291, CallingPid : 3880
09-14 10:11:47.903  3880  7576 V [MYTAG][pool-10-thread-8][VTask-runnable]: runnable  is start.
09-14 10:11:47.904  3880  7576 V [MYTAG][pool-10-thread-12][tag-null]: runnable  is start.
09-14 10:11:47.904  3880  7576 V [MYTAG][pool-10-thread-12][tag-null]: runnable  is end.
09-14 10:11:47.904  3880  7678 D ConnectivityManager: unregisterNetworkCallback; CallingUid : 10291, CallingPid : 3880
09-14 10:11:47.904  3880  7678 D ConnectivityManager: sendRequestForNetwork CallingUid : 10291, CallingPid : 3880
09-14 10:11:47.904  3880  7678 D ConnectivityManager_URSP: hong blacklisted - false
09-14 10:11:47.905  3880  7678 D ConnectivityManager: requestNetwork; CallingUid : 10291, CallingPid : 3880
09-14 10:11:47.906  3880  7678 D ConnectivityManager: sendRequestForNetwork CallingUid : 10291, CallingPid : 3880
09-14 10:11:47.906  3880  7678 D ConnectivityManager_URSP: hong blacklisted - false
09-14 10:11:47.906  3880  3880 W Glide   : Failed to find GeneratedAppGlideModule. You should include an annotationProcessor compile dependency on com.github.bumptech.glide:compiler in your application and a @GlideModule annotated AppGlideModule implementation or LibraryGlideModules will be silently ignored
09-14 10:11:47.907  3880  7678 D ConnectivityManager: requestNetwork; CallingUid : 10291, CallingPid : 3880
09-14 10:11:47.907  3880  7576 V [MYTAG][main][AiEditorTabFragment]: AiEditorTabFragment onStart...
09-14 10:11:47.907  3880  7576 V [MYTAG][main][AiEditorTabFragment]: AiEditorTabFragment onResume...
09-14 10:11:47.907  3880  7576 V [MYTAG][main][VMeTabFragment]: VMeTabFragment onStart...
09-14 10:11:47.907  3880  7576 V [MYTAG][main][VMeTabFragment]: VMeTabFragment onResume...
09-14 10:11:47.909  3880  7576 I [MYTAG][ConnectivityThread][NetworkMgr]: [MyNetworkCallback.onAvailable] type: wifi,network 603  false
09-14 10:11:47.909  3880  7678 D ConnectivityManager: setProcessDefaultNetwork CallingUid : 10291, CallingPid : 3880
09-14 10:11:47.910  3880  7576 V [MYTAG][pool-10-thread-2][retry_wifi_network_link]: runnable  is start.
09-14 10:11:47.910  3880  7678 D ConnectivityManager_URSP: hong blacklisted - false
09-14 10:11:47.910  3880  7576 V [MYTAG][pool-10-thread-8][NetworkMgr]: request Phone Network...
09-14 10:11:47.910  3880  7572 I System.out: (HTTPLog)-Static: isSBSettingEnabled false
09-14 10:11:47.910  3880  7572 I System.out: (HTTPLog)-Static: isSBSettingEnabled false
09-14 10:11:47.911  3880  7576 I [MYTAG][pool-10-thread-8][NetworkMgr]: bind network wifi type: 603
09-14 10:11:47.913  3880  7572 I System.out: (HTTPLog)-Static: isSBSettingEnabled false
09-14 10:11:47.913  3880  7572 I System.out: (HTTPLog)-Static: isSBSettingEnabled false
09-14 10:11:47.918  3880  7576 V [MYTAG][main][AlbumTabFragment]: AlbumTabFragment onStart...
09-14 10:11:47.918  3880  7576 V [MYTAG][main][AlbumTabFragment]: AlbumTabFragment onResume...
09-14 10:11:47.919  3880  7576 V [MYTAG][pool-10-thread-2][AiTaskScheduledChecker]: stop heartbeat,isRunning:false
09-14 10:11:47.919  3880  7576 V [MYTAG][pool-10-thread-2][retry_wifi_network_link]: runnable  is end.
09-14 10:11:47.954  3880  3880 D ViewRootImpl@efba07a[MainActivity]: Relayout returned: old=(0,0,1600,2560) new=(0,0,1600,2560) req=(1600,2560)0 dur=7 res=0x7 s={true 519610912768} ch=true
09-14 10:11:47.954  3880  7535 D OpenGLRenderer: createReliableSurface : 0x79424b1800(0x78fb395000)
09-14 10:11:47.961  3880  3880 D ScrollView:  onsize change changed 
09-14 10:11:47.972  3880  7535 D OpenGLRenderer: makeCurrent EglSurface : 0x79b3c6fa00 -> 0x79b3c6fe80
09-14 10:11:48.003  3880  8089 W ProxyAndroidLoggerBackend: Too many Flogger logs received before configuration. Dropping old logs.
09-14 10:11:48.004  3880  8092 W ProxyAndroidLoggerBackend: Too many Flogger logs received before configuration. Dropping old logs.
09-14 10:11:48.005  3880  8092 W ProxyAndroidLoggerBackend: Too many Flogger logs received before configuration. Dropping old logs.
09-14 10:11:48.005  3880  8089 W ProxyAndroidLoggerBackend: Too many Flogger logs received before configuration. Dropping old logs.
09-14 10:11:48.006  3880  8091 W ProxyAndroidLoggerBackend: Too many Flogger logs received before configuration. Dropping old logs.
09-14 10:11:48.007  3880  8092 W ProxyAndroidLoggerBackend: Too many Flogger logs received before configuration. Dropping old logs.
09-14 10:11:48.007  3880  8080 W Gralloc3: allocator 3.x is not supported
09-14 10:11:48.007  3880  8089 W ProxyAndroidLoggerBackend: Too many Flogger logs received before configuration. Dropping old logs.
09-14 10:11:48.008  3880  8091 W ProxyAndroidLoggerBackend: Too many Flogger logs received before configuration. Dropping old logs.
09-14 10:11:48.013  3880  3880 I Choreographer: Skipped 92 frames!  The application may be doing too much work on its main thread.
09-14 10:11:48.032  3880  3880 D ViewRootImpl@fc3bda1[MainActivity]: Relayout returned: old=(0,54,1600,2452) new=(599,1100,1001,1405) req=(402,305)0 dur=17 res=0x7 s={true 518854795264} ch=true
09-14 10:11:48.032  3880  7535 D OpenGLRenderer: createReliableSurface : 0x78ce39ea40(0x78ce27e000)
09-14 10:11:48.033  3880  3880 E DecorView: mWindow.mActivityCurrentConfig is null
09-14 10:11:48.034  3880  7535 D OpenGLRenderer: makeCurrent EglSurface : 0x79b3c6fe80 -> 0x78ce3ded80
09-14 10:11:48.048  3880  3880 D ViewRootImpl@fc3bda1[MainActivity]: MSG_WINDOW_FOCUS_CHANGED 1 1
09-14 10:11:48.048  3880  3880 D InputMethodManager: prepareNavigationBarInfo() DecorView@5520425[MainActivity]
09-14 10:11:48.048  3880  3880 D InputMethodManager: getNavigationBarColor() -855310
09-14 10:11:48.048  3880  3880 D InputMethodManager: prepareNavigationBarInfo() DecorView@5520425[MainActivity]
09-14 10:11:48.048  3880  3880 D InputMethodManager: getNavigationBarColor() -855310
09-14 10:11:48.048  3880  3880 V InputMethodManager: Starting input: tba=com.vidure.app ic=null mNaviBarColor -855310 mIsGetNaviBarColorSuccess true , NavVisible : true , NavTrans : false
09-14 10:11:48.048  3880  3880 D InputMethodManager: startInputInner - Id : 0
09-14 10:11:48.049  3880  3880 I InputMethodManager: startInputInner - mService.startInputOrWindowGainedFocus
09-14 10:11:48.050  3880  3880 D InputTransport: Input channel destroyed: 'ClientS', fd=73
09-14 10:11:48.053  3880  3880 D ConnectivityManager: requestNetwork; CallingUid : 10291, CallingPid : 3880
09-14 10:11:48.069  3880  7535 D OpenGLRenderer: makeCurrent EglSurface : 0x78ce3ded80 -> 0x79b3c6fe80
09-14 10:11:48.102  3880  7535 D OpenGLRenderer: makeCurrent EglSurface : 0x79b3c6fe80 -> 0x78ce3ded80
09-14 10:11:48.103  3880  3880 D ViewRootImpl@efba07a[MainActivity]: MSG_RESIZED: frame=(0,0,1600,2560) ci=(0,54,0,108) vi=(0,54,0,108) or=1
09-14 10:11:48.103  3880  3880 D ViewRootImpl@fc3bda1[MainActivity]: MSG_RESIZED_REPORT: frame=(599,1100,1001,1405) ci=(0,0,0,0) vi=(0,0,0,0) or=1
09-14 10:11:48.112  3880  7535 D OpenGLRenderer: makeCurrent EglSurface : 0x78ce3ded80 -> 0x79b3c6fe80
09-14 10:11:48.122  3880  7535 D OpenGLRenderer: makeCurrent EglSurface : 0x79b3c6fe80 -> 0x78ce3ded80
09-14 10:11:48.144  3880  7535 D OpenGLRenderer: makeCurrent EglSurface : 0x78ce3ded80 -> 0x79b3c6fe80
09-14 10:11:48.189  3880  7535 D OpenGLRenderer: makeCurrent EglSurface : 0x79b3c6fe80 -> 0x78ce3ded80
09-14 10:11:48.212  3880  7576 V [MYTAG][pool-10-thread-8][VidureSDK]: found module: module_phone  SDK isInited: false
09-14 10:11:48.214  3880  7576 V [MYTAG][pool-10-thread-8][CameraService]: SSID from phone:Bert
09-14 10:11:48.219  3880  7576 V [MYTAG][pool-10-thread-8][SystemUtils]: app ip:192.168.0.100
09-14 10:11:48.220  3880  7678 I System.out: (HTTPLog)-Static: isSBSettingEnabled false
09-14 10:11:48.220  3880  7678 I System.out: (HTTPLog)-Static: isSBSettingEnabled false
09-14 10:11:48.221  3880  7576 V [MYTAG][pool-10-thread-8][SocCameraDetector]: start request……
09-14 10:11:48.276  3880  3880 D ViewRootImpl@e139d36[SplashActivity]: Relayout returned: old=(0,0,1600,2560) new=(0,0,1600,2560) req=(1600,2560)8 dur=4 res=0x5 s={false 0} ch=true
09-14 10:11:48.276  3880  3880 D ViewRootImpl@e139d36[SplashActivity]: stopped(true) old=false
09-14 10:11:48.277  3880  7576 V [MYTAG][main][SplashActivity]: onDestroy
09-14 10:11:48.280  3880  3880 D ViewRootImpl@e139d36[SplashActivity]: dispatchDetachedFromWindow
09-14 10:11:48.285  3880  3880 D InputTransport: Input channel destroyed: 'bfc0f9b', fd=65
09-14 10:11:48.602  3880  7576 I [MYTAG][pool-10-thread-13][LocationMgr]: getLocation second = 3, status.location = VLatlng [latitude=49.3333443, longitude=7.0524306, gpsType=0]
09-14 10:11:48.602  3880  7576 V [MYTAG][pool-10-thread-13][tag-null]: runnable  is end.
09-14 10:11:48.882  3880  7576 V [MYTAG][pool-10-thread-8][SocCameraDetector]: http://192.168.0.1/app/getdeviceattr
09-14 10:11:48.882  3880  7576 V [MYTAG][pool-10-thread-8][SocCameraDetector]: {"result":0,"info":{"uuid":"a4:e8:8d:8d:1c:65","softver":"V02B_2411011919","hwver":"V02B_2411011919","ssid":"Bert","bssid":"a4:e8:8d:8d:1c:65","camnum":1,"sdkver":"1.0"}}
09-14 10:11:48.883  3880  7576 I [MYTAG][pool-10-thread-8][SocCameraDetector]: SocDetectInfo{devType=10, ipaddr='192.168.0.1', ssid='Bert', bssid='a4:e8:8d:8d:1c:65', password='', fwver='V02B_2411011919', uuid='', model='', brand='null', sp='null'}
09-14 10:11:48.885  3880  7576 V [MYTAG][pool-10-thread-8][SystemUtils]: app ip:192.168.0.100
09-14 10:11:48.905  3880  7576 V [MYTAG][pool-10-thread-8][Device]: null dev is connected:false
09-14 10:11:48.905  3880  7576 V [MYTAG][pool-10-thread-8][CameraService]: -deviceConnect-Bert
09-14 10:11:48.906  3880  7576 V [MYTAG][pool-10-thread-8][Device]: 603 dev is connected:false
09-14 10:11:48.907  3880  7576 V [MYTAG][pool-10-thread-8][CameraService]: -deviceConnect router-C7.c
09-14 10:11:48.911  3880  7576 V [MYTAG][pool-10-thread-8][RemoteOptor]: ----
09-14 10:11:48.911  3880  7576 V [MYTAG][pool-10-thread-8][RemoteOptor]: [CMD]Basic_Device_SetTimeZone
09-14 10:11:48.911  3880  7576 V [MYTAG][pool-10-thread-8][RemoteOptor]: [PARAM]null
09-14 10:11:48.963  3880  7930 W DynamiteModule: Local module descriptor class for com.google.android.gms.googlecertificates not found.
09-14 10:11:48.973  3880  7930 I DynamiteModule: Considering local module com.google.android.gms.googlecertificates:0 and remote module com.google.android.gms.googlecertificates:7
09-14 10:11:48.975  3880  7930 I DynamiteModule: Selected remote version of com.google.android.gms.googlecertificates, version >= 7
09-14 10:11:49.011  3880  7678 W System  : Ignoring header sessionid because its value was null.
09-14 10:11:49.012  3880  7678 I System.out: (HTTPLog)-Static: isSBSettingEnabled false
09-14 10:11:49.012  3880  7678 I System.out: (HTTPLog)-Static: isSBSettingEnabled false
09-14 10:11:49.012  3880  7576 I [MYTAG][pool-10-thread-8][HttpTransportLayer]: base url:http://192.168.0.1:80
09-14 10:11:49.012  3880  7576 V [MYTAG][pool-10-thread-8][HttpTransportLayer]: [HTTP SEND GET]
09-14 10:11:49.012  3880  7576 V [MYTAG][pool-10-thread-8][HttpTransportLayer]: 	 url:http://192.168.0.1:80/app/settimezone?timezone=2
09-14 10:11:49.027  3880  7678 E [MYTAG][pool-10-thread-8]NormalJsonRspMsg: End of input at character 0 of 
09-14 10:11:49.028  3880  7576 V [MYTAG][pool-10-thread-8][HttpTransportLayer]: [HTTP RSP]
09-14 10:11:49.028  3880  7576 V [MYTAG][pool-10-thread-8][HttpTransportLayer]: 	 errcode:-1
09-14 10:11:49.028  3880  7576 V [MYTAG][pool-10-thread-8][HttpTransportLayer]: 	[content]
09-14 10:11:49.028  3880  7576 V [MYTAG][pool-10-thread-8][HttpTransportLayer]: -----------------------------------------
09-14 10:11:49.028  3880  7576 V [MYTAG][pool-10-thread-8][RemoteOptor]: ----
09-14 10:11:49.028  3880  7576 V [MYTAG][pool-10-thread-8][RemoteOptor]: [CMD]Basic_Device_SetDate
09-14 10:11:49.028  3880  7576 V [MYTAG][pool-10-thread-8][RemoteOptor]: [PARAM]null
09-14 10:11:49.129  3880  7576 V [MYTAG][pool-10-thread-8][HttpTransportLayer]: [HTTP SEND GET]
09-14 10:11:49.129  3880  7576 V [MYTAG][pool-10-thread-8][HttpTransportLayer]: 	 url:http://192.168.0.1:80/app/setsystime?date=20250914101149
09-14 10:11:49.129  3880  7678 W System  : Ignoring header sessionid because its value was null.
09-14 10:11:49.130  3880  7678 I System.out: (HTTPLog)-Static: isSBSettingEnabled false
09-14 10:11:49.130  3880  7678 I System.out: (HTTPLog)-Static: isSBSettingEnabled false
09-14 10:11:49.503  3880  7576 V [MYTAG][pool-10-thread-8][HttpTransportLayer]: [HTTP RSP]
09-14 10:11:49.503  3880  7576 V [MYTAG][pool-10-thread-8][HttpTransportLayer]: 	 errcode:0
09-14 10:11:49.503  3880  7576 V [MYTAG][pool-10-thread-8][HttpTransportLayer]: 	[content]{"result":0,"info":"set success"}
09-14 10:11:49.503  3880  7576 V [MYTAG][pool-10-thread-8][HttpTransportLayer]: -----------------------------------------
09-14 10:11:49.504  3880  7678 W System  : Ignoring header sessionid because its value was null.
09-14 10:11:49.504  3880  7576 V [MYTAG][pool-10-thread-8][RemoteOptor]: ----
09-14 10:11:49.504  3880  7576 V [MYTAG][pool-10-thread-8][RemoteOptor]: [CMD]Basic_Device_GetCapability
09-14 10:11:49.504  3880  7576 V [MYTAG][pool-10-thread-8][RemoteOptor]: [PARAM]null
09-14 10:11:49.504  3880  7576 V [MYTAG][pool-10-thread-8][HttpTransportLayer]: [HTTP SEND GET]
09-14 10:11:49.504  3880  7576 V [MYTAG][pool-10-thread-8][HttpTransportLayer]: 	 url:http://192.168.0.1:80/app/capability
09-14 10:11:49.505  3880  7678 I System.out: (HTTPLog)-Static: isSBSettingEnabled false
09-14 10:11:49.505  3880  7678 I System.out: (HTTPLog)-Static: isSBSettingEnabled false
09-14 10:11:49.506  3880  7703 I System.out: (HTTPLog)-Static: isSBSettingEnabled false
09-14 10:11:49.506  3880  7703 I System.out: (HTTPLog)-Static: isSBSettingEnabled false
09-14 10:11:49.522  3880  7678 W System  : Ignoring header sessionid because its value was null.
09-14 10:11:49.523  3880  7576 V [MYTAG][pool-10-thread-8][HttpTransportLayer]: [HTTP RSP]
09-14 10:11:49.523  3880  7576 V [MYTAG][pool-10-thread-8][HttpTransportLayer]: 	 errcode:0
09-14 10:11:49.523  3880  7576 V [MYTAG][pool-10-thread-8][HttpTransportLayer]: 	[content]{"result":0,"info":{"value":"00100"}}
09-14 10:11:49.523  3880  7576 V [MYTAG][pool-10-thread-8][HttpTransportLayer]: -----------------------------------------
09-14 10:11:49.523  3880  7576 V [MYTAG][pool-10-thread-8][SocUtils]: capability:00100
09-14 10:11:49.523  3880  7576 V [MYTAG][pool-10-thread-8][RemoteOptor]: ----
09-14 10:11:49.523  3880  7576 V [MYTAG][pool-10-thread-8][RemoteOptor]: [CMD]Basic_GetModel
09-14 10:11:49.523  3880  7576 V [MYTAG][pool-10-thread-8][RemoteOptor]: [PARAM]null
09-14 10:11:49.523  3880  7576 V [MYTAG][pool-10-thread-8][HttpTransportLayer]: [HTTP SEND GET]
09-14 10:11:49.523  3880  7576 V [MYTAG][pool-10-thread-8][HttpTransportLayer]: 	 url:http://192.168.0.1:80/app/getproductinfo
09-14 10:11:49.524  3880  7678 I System.out: (HTTPLog)-Static: isSBSettingEnabled false
09-14 10:11:49.524  3880  7678 I System.out: (HTTPLog)-Static: isSBSettingEnabled false
09-14 10:11:49.574  3880  7576 V [MYTAG][pool-10-thread-8][HttpTransportLayer]: [HTTP RSP]
09-14 10:11:49.574  3880  7576 V [MYTAG][pool-10-thread-8][HttpTransportLayer]: 	 errcode:0
09-14 10:11:49.574  3880  7576 V [MYTAG][pool-10-thread-8][HttpTransportLayer]: 	[content]{"result":0,"info":{"model":"DVR","company":"SGK","soc":"GK720X"}}
09-14 10:11:49.574  3880  7576 V [MYTAG][pool-10-thread-8][HttpTransportLayer]: -----------------------------------------
09-14 10:11:49.575  3880  7576 V [MYTAG][pool-10-thread-8][ViiBasicHelper]: Device{id=2, devType=10, useType=0, mailSocketPort=-1, loginLevel=0, devUuid='SGK@DVR@a4:e8:8d:8d:1c:65', model='DVR', brand='SGK', sp='', emmc='', orderNum='null', deviceName='Bert', ipAddrStr='192.168.0.1', appIp='192.168.0.100', version='V02B_2411011919', hardversion='V02B_2411011919', uCode=0, lastAccessDate=1757837508885, weight=1, bssid='a4:e8:8d:8d:1c:65', ssid='Bert', wifiPwd='', gpsid='null', innerModel='null', innerVersion='', edogModel='null', edogVersion='null', radarModel='null', radarVersion='null', updateUrlAction='', params=com.vidure.app.core.modules.camera.model.DeviceParamInfo@b2ba169, recordInfo=RecordInfo{isStarted=false, isSensorRecOn=false, uiHistoryStatus=-1}, capacity=resolutionRatio:null,bitRate:0,frameRate:30,sampleRate:0,audioType:null| curStreamType:1,curFrameRate:30curLiveMode: -1,wifiMode:0,networkType:0,networkMode:0, status=com.vidure.app.core.modules.camera.model.DeviceStatus@cf7e7ee, transports={1=Ma.a@e4c748f}, network=603, fileFolderCountMap={}, streamLiveUrl='null', streamType='null', photoLiveUrl='null', supportMailSocket=1, sdCapacity=1974468608, camCount=1, partType=0, soc='GK720X'}
09-14 10:11:49.576  3880  7576 V [MYTAG][pool-10-thread-8][ViiBasicHelper]: {"model":"DVR","company":"SGK","soc":"GK720X"}
09-14 10:11:49.576  3880  7678 W System  : Ignoring header sessionid because its value was null.
09-14 10:11:49.576  3880  7678 I System.out: (HTTPLog)-Static: isSBSettingEnabled false
09-14 10:11:49.577  3880  7678 I System.out: (HTTPLog)-Static: isSBSettingEnabled false
09-14 10:11:49.577  3880  7576 V [MYTAG][pool-10-thread-8][RemoteOptor]: ----
09-14 10:11:49.577  3880  7576 V [MYTAG][pool-10-thread-8][RemoteOptor]: [CMD]Basic_Device_GetBaseinfo
09-14 10:11:49.577  3880  7576 V [MYTAG][pool-10-thread-8][RemoteOptor]: [PARAM]null
09-14 10:11:49.577  3880  7576 V [MYTAG][pool-10-thread-8][HttpTransportLayer]: [HTTP SEND GET]
09-14 10:11:49.577  3880  7576 V [MYTAG][pool-10-thread-8][HttpTransportLayer]: 	 url:http://192.168.0.1:80/app/getdeviceattr
09-14 10:11:49.654  3880  7576 V [MYTAG][pool-10-thread-8][HttpTransportLayer]: [HTTP RSP]
09-14 10:11:49.654  3880  7576 V [MYTAG][pool-10-thread-8][HttpTransportLayer]: 	 errcode:0
09-14 10:11:49.654  3880  7576 V [MYTAG][pool-10-thread-8][HttpTransportLayer]: 	[content]{"result":0,"info":{"uuid":"a4:e8:8d:8d:1c:65","softver":"V02B_2411011919","hwver":"V02B_2411011919","ssid":"Bert","bssid":"a4:e8:8d:8d:1c:65","camnum":1,"sdkver":"1.0"}}
09-14 10:11:49.654  3880  7576 V [MYTAG][pool-10-thread-8][HttpTransportLayer]: -----------------------------------------
09-14 10:11:49.655  3880  7576 V [MYTAG][pool-10-thread-8][RemoteOptor]: ----
09-14 10:11:49.655  3880  7576 V [MYTAG][pool-10-thread-8][RemoteOptor]: [CMD]Media_Video_GetStreamUrl
09-14 10:11:49.655  3880  7576 V [MYTAG][pool-10-thread-8][RemoteOptor]: [PARAM]null
09-14 10:11:49.655  3880  7576 V [MYTAG][pool-10-thread-9][setting_loading]: runnable  is start.
09-14 10:11:49.655  3880  7576 V [MYTAG][pool-10-thread-9][AbsDeviceSettingRouter]: start to loadingSettingCapability
09-14 10:11:49.655  3880  7678 W System  : Ignoring header sessionid because its value was null.
09-14 10:11:49.655  3880  7576 V [MYTAG][pool-10-thread-8][HttpTransportLayer]: [HTTP SEND GET]
09-14 10:11:49.655  3880  7576 V [MYTAG][pool-10-thread-8][HttpTransportLayer]: 	 url:http://192.168.0.1:80/app/getmediainfo
09-14 10:11:49.655  3880  7576 V [MYTAG][pool-10-thread-9][RemoteOptor]: ----
09-14 10:11:49.655  3880  7576 V [MYTAG][pool-10-thread-9][RemoteOptor]: [CMD]Config_All_Capability
09-14 10:11:49.655  3880  7576 V [MYTAG][pool-10-thread-9][RemoteOptor]: [PARAM]null
09-14 10:11:49.656  3880  7678 I System.out: (HTTPLog)-Static: isSBSettingEnabled false
09-14 10:11:49.656  3880  7678 I System.out: (HTTPLog)-Static: isSBSettingEnabled false
09-14 10:11:49.676  3880  7576 V [MYTAG][pool-10-thread-8][HttpTransportLayer]: [HTTP RSP]
09-14 10:11:49.676  3880  7576 V [MYTAG][pool-10-thread-8][HttpTransportLayer]: 	 errcode:0
09-14 10:11:49.676  3880  7576 V [MYTAG][pool-10-thread-8][HttpTransportLayer]: 	[content]{"result":0,"info":{"rtsp":"rtsp://192.168.0.1/live/tcp/ch1","transport":"tcp","port":"6035"}}
09-14 10:11:49.676  3880  7576 V [MYTAG][pool-10-thread-8][HttpTransportLayer]: -----------------------------------------
09-14 10:11:49.677  3880  7681 W System  : Ignoring header sessionid because its value was null.
09-14 10:11:49.677  3880  7576 V [MYTAG][pool-10-thread-9][HttpTransportLayer]: [HTTP SEND GET]
09-14 10:11:49.677  3880  7576 V [MYTAG][pool-10-thread-9][HttpTransportLayer]: 	 url:http://192.168.0.1:80/app/getparamitems?param=all
09-14 10:11:49.678  3880  7681 I System.out: (HTTPLog)-Static: isSBSettingEnabled false
09-14 10:11:49.678  3880  7681 I System.out: (HTTPLog)-Static: isSBSettingEnabled false
09-14 10:11:49.678  3880  7576 V [MYTAG][pool-10-thread-8][CameraService]: setCurConnectDev dev = Bert
09-14 10:11:49.679  3880  7576 V [MYTAG][pool-10-thread-8][HeartbeatMgr]: start heartbeat:Bert
09-14 10:11:49.691  3880  7576 V [MYTAG][pool-10-thread-8][RemoteOptor]: ----
09-14 10:11:49.691  3880  7576 V [MYTAG][pool-10-thread-8][RemoteOptor]: [CMD]Manage_Sdcard_List
09-14 10:11:49.691  3880  7576 V [MYTAG][pool-10-thread-8][RemoteOptor]: [PARAM]null
09-14 10:11:49.701  3880  7576 V [MYTAG][mail_tcp_socket][ViiTcpSocketShakeHandler]: start vii mail from:192.168.0.1
09-14 10:11:49.702  3880  7681 W System  : Ignoring header sessionid because its value was null.
09-14 10:11:49.702  3880  7681 I System.out: (HTTPLog)-Static: isSBSettingEnabled false
09-14 10:11:49.702  3880  7681 I System.out: (HTTPLog)-Static: isSBSettingEnabled false
09-14 10:11:49.703  3880  7576 V [MYTAG][pool-10-thread-9][HttpTransportLayer]: [HTTP RSP]
09-14 10:11:49.703  3880  7576 V [MYTAG][pool-10-thread-9][HttpTransportLayer]: 	 errcode:0
09-14 10:11:49.703  3880  7576 V [MYTAG][pool-10-thread-9][HttpTransportLayer]: 	[content]{"result":0,"info":[{"name":"mic","items":["off","low","middle","high"],"index":[0,1,2,3]},{"name":"rec","items":["off","on"],"index":[0,1]},{"name":"rec_resolution","items":["2K"],"index":[0]},{"name":"rec_split_duration","items":["1min","3min","5min"],"index":[0,1,2]},{"name":"video_flip","items":["off","on"],"index":[0,1]}]}
09-14 10:11:49.703  3880  7576 V [MYTAG][pool-10-thread-9][HttpTransportLayer]: -----------------------------------------
09-14 10:11:49.703  3880  7576 V [MYTAG][pool-10-thread-9][RemoteOptor]: ----
09-14 10:11:49.703  3880  7576 V [MYTAG][pool-10-thread-9][RemoteOptor]: [CMD]Config_All_ADAS_Capability
09-14 10:11:49.703  3880  7576 V [MYTAG][pool-10-thread-9][RemoteOptor]: [PARAM]null
09-14 10:11:49.703  3880  7576 V [MYTAG][pool-10-thread-9][HttpTransportLayer]: [HTTP SEND GET]
09-14 10:11:49.703  3880  7576 V [MYTAG][pool-10-thread-9][HttpTransportLayer]: 	 url:http://192.168.0.1:80/app/getadasitems?param=all
09-14 10:11:49.718  3880  7681 E [MYTAG][pool-10-thread-9]JsonRawRspHanlder: http getResponseCode():404
09-14 10:11:49.718  3880  7681 W System  : Ignoring header sessionid because its value was null.
09-14 10:11:49.719  3880  7681 I System.out: (HTTPLog)-Static: isSBSettingEnabled false
09-14 10:11:49.719  3880  7576 V [MYTAG][mail_tcp_socket][ViiSocketMailDataPhraser]: ------------mail---------------
09-14 10:11:49.719  3880  7576 V [MYTAG][mail_tcp_socket][ViiSocketMailDataPhraser]: {"msgid":"battery","info":{"capacity":100,"charge":0},"time":1757844709}
09-14 10:11:49.719  3880  7681 I System.out: (HTTPLog)-Static: isSBSettingEnabled false
09-14 10:11:49.724  3880  7576 V [MYTAG][pool-10-thread-9][HttpTransportLayer]: [HTTP RSP]
09-14 10:11:49.724  3880  7576 V [MYTAG][pool-10-thread-9][HttpTransportLayer]: 	 errcode:4114
09-14 10:11:49.724  3880  7576 V [MYTAG][pool-10-thread-9][HttpTransportLayer]: 	[content]
09-14 10:11:49.724  3880  7576 V [MYTAG][pool-10-thread-9][HttpTransportLayer]: -----------------------------------------
09-14 10:11:49.724  3880  7576 V [MYTAG][pool-10-thread-9][RemoteOptor]: ----
09-14 10:11:49.724  3880  7576 V [MYTAG][pool-10-thread-9][RemoteOptor]: [CMD]Config_All_ADAS_Capability
09-14 10:11:49.724  3880  7576 V [MYTAG][pool-10-thread-9][RemoteOptor]: [PARAM]null
09-14 10:11:49.725  3880  7576 V [MYTAG][pool-10-thread-9][HttpTransportLayer]: [HTTP SEND GET]
09-14 10:11:49.725  3880  7576 V [MYTAG][pool-10-thread-9][HttpTransportLayer]: 	 url:http://192.168.0.1:80/app/getadasitems?param=all
09-14 10:11:49.727  3880  7681 E [MYTAG][pool-10-thread-9]JsonRawRspHanlder: http getResponseCode():404
09-14 10:11:49.727  3880  7681 W System  : Ignoring header sessionid because its value was null.
09-14 10:11:49.727  3880  7681 I System.out: (HTTPLog)-Static: isSBSettingEnabled false
09-14 10:11:49.728  3880  7681 I System.out: (HTTPLog)-Static: isSBSettingEnabled false
09-14 10:11:49.730  3880  7576 V [MYTAG][mail_tcp_socket][ViiSocketMailDataPhraser]: ------------mail---------------
09-14 10:11:49.730  3880  7576 V [MYTAG][mail_tcp_socket][ViiSocketMailDataPhraser]: {"msgid":"sd","info":{"status":0},"time":1757844709}
09-14 10:11:49.731  3880  7576 V [MYTAG][main][Device]: 603 dev is connected:true
09-14 10:11:49.736  3880  7576 V [MYTAG][pool-10-thread-9][HttpTransportLayer]: [HTTP RSP]
09-14 10:11:49.736  3880  7576 V [MYTAG][pool-10-thread-9][HttpTransportLayer]: 	 errcode:4114
09-14 10:11:49.736  3880  7576 V [MYTAG][pool-10-thread-9][HttpTransportLayer]: 	[content]
09-14 10:11:49.736  3880  7576 V [MYTAG][pool-10-thread-9][HttpTransportLayer]: -----------------------------------------
09-14 10:11:49.736  3880  7576 V [MYTAG][pool-10-thread-9][RemoteOptor]: ----
09-14 10:11:49.736  3880  7576 V [MYTAG][pool-10-thread-9][RemoteOptor]: [CMD]Config_All_Items_Value
09-14 10:11:49.736  3880  7576 V [MYTAG][pool-10-thread-9][RemoteOptor]: [PARAM]null
09-14 10:11:49.736  3880  7576 V [MYTAG][pool-10-thread-9][HttpTransportLayer]: [HTTP SEND GET]
09-14 10:11:49.736  3880  7576 V [MYTAG][pool-10-thread-9][HttpTransportLayer]: 	 url:http://192.168.0.1:80/app/getparamvalue?param=all
09-14 10:11:49.736  3880  7576 V [MYTAG][mail_tcp_socket][RemoteOptor]: ----
09-14 10:11:49.736  3880  7576 V [MYTAG][mail_tcp_socket][RemoteOptor]: [CMD]DEV_SDCARD_STATUS_QUERY
09-14 10:11:49.736  3880  7576 V [MYTAG][mail_tcp_socket][RemoteOptor]: [PARAM]null
09-14 10:11:49.747  3880  3880 W ProxyAndroidLoggerBackend: Too many Flogger logs received before configuration. Dropping old logs.
09-14 10:11:49.749  3880  7678 W System  : Ignoring header sessionid because its value was null.
09-14 10:11:49.749  3880  7576 V [MYTAG][pool-10-thread-9][HttpTransportLayer]: [HTTP RSP]
09-14 10:11:49.749  3880  7576 V [MYTAG][pool-10-thread-9][HttpTransportLayer]: 	 errcode:0
09-14 10:11:49.749  3880  7576 V [MYTAG][pool-10-thread-9][HttpTransportLayer]: 	[content]{"result":0,"info":[{"name":"mic","value":0},{"name":"rec","value":1},{"name":"rec_resolution","value":1},{"name":"rec_split_duration","value":0},{"name":"gsr_sensitivity","value":1},{"name":"video_flip","value":1},{"name":"park_gsr_sensitivity","value":2},{"name":"screen_standby","value":1}]}
09-14 10:11:49.749  3880  7576 V [MYTAG][pool-10-thread-9][HttpTransportLayer]: -----------------------------------------
09-14 10:11:49.749  3880  7678 I System.out: (HTTPLog)-Static: isSBSettingEnabled false
09-14 10:11:49.749  3880  7678 I System.out: (HTTPLog)-Static: isSBSettingEnabled false
09-14 10:11:49.749  3880  7576 V [MYTAG][pool-10-thread-8][HttpTransportLayer]: [HTTP SEND GET]
09-14 10:11:49.749  3880  7576 V [MYTAG][pool-10-thread-8][HttpTransportLayer]: 	 url:http://192.168.0.1:80/app/getstorageinfo
09-14 10:11:49.749  3880  7576 V [MYTAG][pool-10-thread-9][RemoteOptor]: ----
09-14 10:11:49.749  3880  7576 V [MYTAG][pool-10-thread-9][RemoteOptor]: [CMD]Config_All_ADAS_Items_Value
09-14 10:11:49.749  3880  7576 V [MYTAG][pool-10-thread-9][RemoteOptor]: [PARAM]null
09-14 10:11:49.755  3880  3880 W ProxyAndroidLoggerBackend: Too many Flogger logs received before configuration. Dropping old logs.
09-14 10:11:49.763  3880  7678 E [MYTAG][pool-10-thread-8]JsonRawRspHanlder: http getResponseCode():404
09-14 10:11:49.764  3880  7678 W System  : Ignoring header sessionid because its value was null.
09-14 10:11:49.764  3880  7678 I System.out: (HTTPLog)-Static: isSBSettingEnabled false
09-14 10:11:49.764  3880  7678 I System.out: (HTTPLog)-Static: isSBSettingEnabled false
09-14 10:11:49.765  3880  7576 V [MYTAG][pool-10-thread-8][HttpTransportLayer]: [HTTP RSP]
09-14 10:11:49.765  3880  7576 V [MYTAG][pool-10-thread-8][HttpTransportLayer]: 	 errcode:4114
09-14 10:11:49.765  3880  7576 V [MYTAG][pool-10-thread-8][HttpTransportLayer]: 	[content]
09-14 10:11:49.765  3880  7576 V [MYTAG][pool-10-thread-8][HttpTransportLayer]: -----------------------------------------
09-14 10:11:49.765  3880  7576 V [MYTAG][pool-10-thread-8][RemoteOptor]: ----
09-14 10:11:49.765  3880  7576 V [MYTAG][pool-10-thread-8][RemoteOptor]: [CMD]DEV_SDCARD_STATUS_QUERY
09-14 10:11:49.765  3880  7576 V [MYTAG][pool-10-thread-8][RemoteOptor]: [PARAM]null
09-14 10:11:49.765  3880  7576 V [MYTAG][pool-10-thread-8][HttpTransportLayer]: [HTTP SEND GET]
09-14 10:11:49.765  3880  7576 V [MYTAG][pool-10-thread-8][HttpTransportLayer]: 	 url:http://192.168.0.1:80/app/getsdinfo
09-14 10:11:49.765  3880  3880 W ProxyAndroidLoggerBackend: Too many Flogger logs received before configuration. Dropping old logs.
09-14 10:11:49.767  3880  3880 W ProxyAndroidLoggerBackend: Too many Flogger logs received before configuration. Dropping old logs.
09-14 10:11:49.779  3880  3880 W ProxyAndroidLoggerBackend: Too many Flogger logs received before configuration. Dropping old logs.
09-14 10:11:49.783  3880  3880 I chatty  : uid=10291(com.vidure.app) identical 1 line
09-14 10:11:49.783  3880  3880 W ProxyAndroidLoggerBackend: Too many Flogger logs received before configuration. Dropping old logs.
09-14 10:11:49.785  3880  7576 V [MYTAG][pool-10-thread-8][HttpTransportLayer]: [HTTP RSP]
09-14 10:11:49.785  3880  7576 V [MYTAG][pool-10-thread-8][HttpTransportLayer]: 	 errcode:0
09-14 10:11:49.785  3880  7576 V [MYTAG][pool-10-thread-8][HttpTransportLayer]: 	[content]{"result":0,"info":{"status":0,"free":304,"total":1883}}
09-14 10:11:49.785  3880  7576 V [MYTAG][pool-10-thread-8][HttpTransportLayer]: -----------------------------------------
