09-14 11:11:52.405 13162 17877 V [MYTAG][mail_tcp_socket][ViiSocketMailDataPhraser]: ------------mail---------------
09-14 11:11:52.405 13162 17877 V [MYTAG][mail_tcp_socket][ViiSocketMailDataPhraser]: {"msgid":"battery","info":{"capacity":58,"charge":0},"time":1757848312}
09-14 11:11:52.406 13162 18059 W System  : Ignoring header sessionid because its value was null.
09-14 11:11:52.407 13162 18059 I System.out: (HTTPLog)-Static: isSBSettingEnabled false
09-14 11:11:52.407 13162 18059 I System.out: (HTTPLog)-Static: isSBSettingEnabled false
09-14 11:11:52.409 13162 17877 V [MYTAG][mail_tcp_socket][ViiSocketMailDataPhraser]: ------------mail---------------
09-14 11:11:52.409 13162 17877 V [MYTAG][mail_tcp_socket][ViiSocketMailDataPhraser]: {"msgid":"sd","info":{"status":0},"time":1757848312}
09-14 11:11:52.410 13162 17877 V [MYTAG][mail_tcp_socket][RemoteOptor]: ----
09-14 11:11:52.410 13162 17877 V [MYTAG][mail_tcp_socket][RemoteOptor]: [CMD]DEV_SDCARD_STATUS_QUERY
09-14 11:11:52.410 13162 17877 V [MYTAG][mail_tcp_socket][RemoteOptor]: [PARAM]null
09-14 11:11:52.410 13162 17877 V [MYTAG][mail_tcp_socket][HttpTransportLayer]: [HTTP SEND GET]
09-14 11:11:52.410 13162 17877 V [MYTAG][mail_tcp_socket][HttpTransportLayer]: 	 url:http://192.168.0.1:80/app/getsdinfo
09-14 11:11:52.417 13162 17877 V [MYTAG][main][Device]: 603 dev is connected:true
09-14 11:11:52.435 13162 17877 V [MYTAG][mail_tcp_socket][HttpTransportLayer]: [HTTP RSP]
09-14 11:11:52.435 13162 17877 V [MYTAG][mail_tcp_socket][HttpTransportLayer]: 	 errcode:0
09-14 11:11:52.435 13162 17877 V [MYTAG][mail_tcp_socket][HttpTransportLayer]: 	[content]{"result":0,"info":{"status":0,"free":240,"total":1883}}
09-14 11:11:52.435 13162 17877 V [MYTAG][mail_tcp_socket][HttpTransportLayer]: -----------------------------------------
09-14 11:11:52.443 13162 13162 W ProxyAndroidLoggerBackend: Too many Flogger logs received before configuration. Dropping old logs.
09-14 11:11:52.451 13162 13162 I chatty  : uid=10291(com.vidure.app) identical 6 lines
09-14 11:11:52.452 13162 13162 W ProxyAndroidLoggerBackend: Too many Flogger logs received before configuration. Dropping old logs.
09-14 11:11:52.464 13162 17877 V [MYTAG][main][Device]: 603 dev is connected:true
09-14 11:11:52.469 13162 17877 V [MYTAG][main][CameraPreviewActivity]: rev msg1:264454
09-14 11:11:52.470 13162 17877 V [MYTAG][main][Device]: 603 dev is connected:true
09-14 11:11:52.470 13162 17877 V [MYTAG][main][CameraPreviewActivity]: rev msg1:589832
09-14 11:11:54.057 13162 17877 V [MYTAG][HeartbeatMgr][RemoteOptor]: ----
09-14 11:11:54.057 13162 17877 V [MYTAG][HeartbeatMgr][RemoteOptor]: [CMD]Basic_Msg_MailBox
09-14 11:11:54.057 13162 17877 V [MYTAG][HeartbeatMgr][RemoteOptor]: [PARAM]null
09-14 11:11:54.058 13162 18060 W System  : Ignoring header sessionid because its value was null.
09-14 11:11:54.058 13162 18060 I System.out: (HTTPLog)-Static: isSBSettingEnabled false
09-14 11:11:54.059 13162 18060 I System.out: (HTTPLog)-Static: isSBSettingEnabled false
09-14 11:11:54.059 13162 17877 V [MYTAG][HeartbeatMgr][HttpTransportLayer]: [HTTP SEND GET]
09-14 11:11:54.059 13162 17877 V [MYTAG][HeartbeatMgr][HttpTransportLayer]: 	 url:http://192.168.0.1:80/app/getparamvalue?param=rec
09-14 11:11:54.087 13162 17877 V [MYTAG][HeartbeatMgr][HttpTransportLayer]: [HTTP RSP]
09-14 11:11:54.087 13162 17877 V [MYTAG][HeartbeatMgr][HttpTransportLayer]: 	 errcode:0
09-14 11:11:54.087 13162 17877 V [MYTAG][HeartbeatMgr][HttpTransportLayer]: 	[content]{"result":0,"info":{"value":1}}
09-14 11:11:54.087 13162 17877 V [MYTAG][HeartbeatMgr][HttpTransportLayer]: -----------------------------------------
09-14 11:11:55.416 13162 17877 V [MYTAG][mail_tcp_socket][ViiSocketMailDataPhraser]: ------------mail---------------
09-14 11:11:55.416 13162 17877 V [MYTAG][mail_tcp_socket][ViiSocketMailDataPhraser]: {"msgid":"battery","info":{"capacity":58,"charge":0},"time":1757848315}
09-14 11:11:55.424 13162 18059 W System  : Ignoring header sessionid because its value was null.
09-14 11:11:55.424 13162 18059 I System.out: (HTTPLog)-Static: isSBSettingEnabled false
09-14 11:11:55.424 13162 18059 I System.out: (HTTPLog)-Static: isSBSettingEnabled false
09-14 11:11:55.425 13162 17877 V [MYTAG][main][Device]: 603 dev is connected:true
09-14 11:11:55.425 13162 17877 V [MYTAG][mail_tcp_socket][ViiSocketMailDataPhraser]: ------------mail---------------
09-14 11:11:55.425 13162 17877 V [MYTAG][mail_tcp_socket][ViiSocketMailDataPhraser]: {"msgid":"sd","info":{"status":0},"time":1757848315}
09-14 11:11:55.425 13162 17877 V [MYTAG][mail_tcp_socket][RemoteOptor]: ----
09-14 11:11:55.425 13162 17877 V [MYTAG][mail_tcp_socket][RemoteOptor]: [CMD]DEV_SDCARD_STATUS_QUERY
09-14 11:11:55.425 13162 17877 V [MYTAG][mail_tcp_socket][RemoteOptor]: [PARAM]null
09-14 11:11:55.425 13162 17877 V [MYTAG][mail_tcp_socket][HttpTransportLayer]: [HTTP SEND GET]
09-14 11:11:55.425 13162 17877 V [MYTAG][mail_tcp_socket][HttpTransportLayer]: 	 url:http://192.168.0.1:80/app/getsdinfo
09-14 11:11:55.450 13162 17877 V [MYTAG][mail_tcp_socket][HttpTransportLayer]: [HTTP RSP]
09-14 11:11:55.450 13162 17877 V [MYTAG][mail_tcp_socket][HttpTransportLayer]: 	 errcode:0
09-14 11:11:55.450 13162 17877 V [MYTAG][mail_tcp_socket][HttpTransportLayer]: 	[content]{"result":0,"info":{"status":0,"free":313,"total":1883}}
09-14 11:11:55.450 13162 17877 V [MYTAG][mail_tcp_socket][HttpTransportLayer]: -----------------------------------------
09-14 11:11:55.464 13162 13162 W ProxyAndroidLoggerBackend: Too many Flogger logs received before configuration. Dropping old logs.
09-14 11:11:55.473 13162 13162 I chatty  : uid=10291(com.vidure.app) identical 6 lines
09-14 11:11:55.474 13162 13162 W ProxyAndroidLoggerBackend: Too many Flogger logs received before configuration. Dropping old logs.
09-14 11:11:55.483 13162 19903 W ProxyAndroidLoggerBackend: Too many Flogger logs received before configuration. Dropping old logs.
09-14 11:11:55.484 13162 17877 V [MYTAG][main][Device]: 603 dev is connected:true
09-14 11:11:55.485 13162 17877 V [MYTAG][main][CameraPreviewActivity]: rev msg1:264454
09-14 11:11:55.485 13162 17877 V [MYTAG][main][Device]: 603 dev is connected:true
09-14 11:11:55.485 13162 17877 V [MYTAG][main][CameraPreviewActivity]: rev msg1:589832
09-14 11:11:58.057 13162 17877 V [MYTAG][HeartbeatMgr][RemoteOptor]: ----
09-14 11:11:58.057 13162 17877 V [MYTAG][HeartbeatMgr][RemoteOptor]: [CMD]Basic_Msg_MailBox
09-14 11:11:58.057 13162 17877 V [MYTAG][HeartbeatMgr][RemoteOptor]: [PARAM]null
09-14 11:11:58.058 13162 18060 W System  : Ignoring header sessionid because its value was null.
09-14 11:11:58.060 13162 18060 I System.out: (HTTPLog)-Static: isSBSettingEnabled false
09-14 11:11:58.060 13162 18060 I System.out: (HTTPLog)-Static: isSBSettingEnabled false
09-14 11:11:58.061 13162 17877 V [MYTAG][HeartbeatMgr][HttpTransportLayer]: [HTTP SEND GET]
09-14 11:11:58.061 13162 17877 V [MYTAG][HeartbeatMgr][HttpTransportLayer]: 	 url:http://192.168.0.1:80/app/getparamvalue?param=rec
09-14 11:11:58.302 13162 17877 V [MYTAG][HeartbeatMgr][HttpTransportLayer]: [HTTP RSP]
09-14 11:11:58.302 13162 17877 V [MYTAG][HeartbeatMgr][HttpTransportLayer]: 	 errcode:0
09-14 11:11:58.302 13162 17877 V [MYTAG][HeartbeatMgr][HttpTransportLayer]: 	[content]{"result":0,"info":{"value":1}}
09-14 11:11:58.302 13162 17877 V [MYTAG][HeartbeatMgr][HttpTransportLayer]: -----------------------------------------
09-14 11:11:58.426 13162 17877 V [MYTAG][mail_tcp_socket][ViiSocketMailDataPhraser]: ------------mail---------------
09-14 11:11:58.426 13162 17877 V [MYTAG][mail_tcp_socket][ViiSocketMailDataPhraser]: {"msgid":"battery","info":{"capacity":58,"charge":0},"time":1757848318}
09-14 11:11:58.429 13162 18059 W System  : Ignoring header sessionid because its value was null.
09-14 11:11:58.429 13162 18059 I System.out: (HTTPLog)-Static: isSBSettingEnabled false
09-14 11:11:58.429 13162 18059 I System.out: (HTTPLog)-Static: isSBSettingEnabled false
09-14 11:11:58.430 13162 17877 V [MYTAG][mail_tcp_socket][ViiSocketMailDataPhraser]: ------------mail---------------
09-14 11:11:58.430 13162 17877 V [MYTAG][mail_tcp_socket][ViiSocketMailDataPhraser]: {"msgid":"sd","info":{"status":0},"time":1757848318}
09-14 11:11:58.431 13162 17877 V [MYTAG][mail_tcp_socket][RemoteOptor]: ----
09-14 11:11:58.431 13162 17877 V [MYTAG][mail_tcp_socket][RemoteOptor]: [CMD]DEV_SDCARD_STATUS_QUERY
09-14 11:11:58.431 13162 17877 V [MYTAG][mail_tcp_socket][RemoteOptor]: [PARAM]null
09-14 11:11:58.431 13162 17877 V [MYTAG][mail_tcp_socket][HttpTransportLayer]: [HTTP SEND GET]
09-14 11:11:58.431 13162 17877 V [MYTAG][mail_tcp_socket][HttpTransportLayer]: 	 url:http://192.168.0.1:80/app/getsdinfo
09-14 11:11:58.432 13162 17877 V [MYTAG][main][Device]: 603 dev is connected:true
09-14 11:11:58.450 13162 17877 V [MYTAG][mail_tcp_socket][HttpTransportLayer]: [HTTP RSP]
09-14 11:11:58.450 13162 17877 V [MYTAG][mail_tcp_socket][HttpTransportLayer]: 	 errcode:0
09-14 11:11:58.450 13162 17877 V [MYTAG][mail_tcp_socket][HttpTransportLayer]: 	[content]{"result":0,"info":{"status":0,"free":309,"total":1883}}
09-14 11:11:58.450 13162 17877 V [MYTAG][mail_tcp_socket][HttpTransportLayer]: -----------------------------------------
09-14 11:11:58.457 13162 13162 W ProxyAndroidLoggerBackend: Too many Flogger logs received before configuration. Dropping old logs.
09-14 11:11:58.463 13162 13162 I chatty  : uid=10291(com.vidure.app) identical 6 lines
09-14 11:11:58.464 13162 13162 W ProxyAndroidLoggerBackend: Too many Flogger logs received before configuration. Dropping old logs.
09-14 11:11:58.475 13162 17877 V [MYTAG][main][Device]: 603 dev is connected:true
09-14 11:11:58.476 13162 17877 V [MYTAG][main][CameraPreviewActivity]: rev msg1:264454
09-14 11:11:58.476 13162 17877 V [MYTAG][main][Device]: 603 dev is connected:true
09-14 11:11:58.476 13162 17877 V [MYTAG][main][CameraPreviewActivity]: rev msg1:589832
09-14 11:11:58.478 13162 19357 W ProxyAndroidLoggerBackend: Too many Flogger logs received before configuration. Dropping old logs.
09-14 11:11:58.585 13162 19357 I chatty  : uid=10291(com.vidure.app) identical 4 lines
09-14 11:11:58.585 13162 19357 W ProxyAndroidLoggerBackend: Too many Flogger logs received before configuration. Dropping old logs.
09-14 11:11:59.308 13162 17877 D [MYTAG][main][SystemLocationClientImpl]: onLocationChanged GPS data:精度=9.648001 速度=0.39 海拔=330.549560546875 经纬度=49.3334244, 7.05255733
09-14 11:11:59.309 13162 17877 D [MYTAG][main][SystemLocationClientImpl]: 当前信号强度: 3
09-14 11:12:00.282 13162 17877 V [MYTAG][DefaultDispatcher-worker-3][Device]: 603 dev is connected:true
09-14 11:12:00.316 13162 17877 V [MYTAG][main][CameraPreviewActivity]: rev msg1:265731
09-14 11:12:01.436 13162 17877 V [MYTAG][mail_tcp_socket][ViiSocketMailDataPhraser]: ------------mail---------------
09-14 11:12:01.436 13162 17877 V [MYTAG][mail_tcp_socket][ViiSocketMailDataPhraser]: {"msgid":"battery","info":{"capacity":58,"charge":0},"time":1757848321}
09-14 11:12:01.436 13162 18059 W System  : Ignoring header sessionid because its value was null.
09-14 11:12:01.437 13162 18059 I System.out: (HTTPLog)-Static: isSBSettingEnabled false
09-14 11:12:01.437 13162 18059 I System.out: (HTTPLog)-Static: isSBSettingEnabled false
09-14 11:12:01.437 13162 17877 V [MYTAG][mail_tcp_socket][ViiSocketMailDataPhraser]: ------------mail---------------
09-14 11:12:01.437 13162 17877 V [MYTAG][mail_tcp_socket][ViiSocketMailDataPhraser]: {"msgid":"sd","info":{"status":0},"time":1757848321}
09-14 11:12:01.437 13162 17877 V [MYTAG][mail_tcp_socket][RemoteOptor]: ----
09-14 11:12:01.437 13162 17877 V [MYTAG][mail_tcp_socket][RemoteOptor]: [CMD]DEV_SDCARD_STATUS_QUERY
09-14 11:12:01.437 13162 17877 V [MYTAG][mail_tcp_socket][RemoteOptor]: [PARAM]null
09-14 11:12:01.437 13162 17877 V [MYTAG][mail_tcp_socket][HttpTransportLayer]: [HTTP SEND GET]
09-14 11:12:01.437 13162 17877 V [MYTAG][mail_tcp_socket][HttpTransportLayer]: 	 url:http://192.168.0.1:80/app/getsdinfo
09-14 11:12:01.457 13162 17877 V [MYTAG][main][Device]: 603 dev is connected:true
09-14 11:12:01.470 13162 17877 V [MYTAG][mail_tcp_socket][HttpTransportLayer]: [HTTP RSP]
09-14 11:12:01.470 13162 17877 V [MYTAG][mail_tcp_socket][HttpTransportLayer]: 	 errcode:0
09-14 11:12:01.470 13162 17877 V [MYTAG][mail_tcp_socket][HttpTransportLayer]: 	[content]{"result":0,"info":{"status":0,"free":305,"total":1883}}
09-14 11:12:01.470 13162 17877 V [MYTAG][mail_tcp_socket][HttpTransportLayer]: -----------------------------------------
09-14 11:12:01.528 13162 13162 W ProxyAndroidLoggerBackend: Too many Flogger logs received before configuration. Dropping old logs.
09-14 11:12:01.537 13162 13162 I chatty  : uid=10291(com.vidure.app) identical 6 lines
09-14 11:12:01.539 13162 13162 W ProxyAndroidLoggerBackend: Too many Flogger logs received before configuration. Dropping old logs.
09-14 11:12:01.549 13162 17877 V [MYTAG][main][Device]: 603 dev is connected:true
09-14 11:12:01.551 13162 17877 V [MYTAG][main][CameraPreviewActivity]: rev msg1:264454
09-14 11:12:01.551 13162 17877 V [MYTAG][main][Device]: 603 dev is connected:true
09-14 11:12:01.551 13162 17877 V [MYTAG][main][CameraPreviewActivity]: rev msg1:589832
09-14 11:12:01.599 13162 19357 W ProxyAndroidLoggerBackend: Too many Flogger logs received before configuration. Dropping old logs.
09-14 11:12:01.599 13162 19357 I chatty  : uid=10291(com.vidure.app) identical 1 line
09-14 11:12:01.599 13162 19357 W ProxyAndroidLoggerBackend: Too many Flogger logs received before configuration. Dropping old logs.
09-14 11:12:01.774 13162 17833 I com.vidure.app: Background concurrent copying GC freed 91175(14MB) AllocSpace objects, 34(2024KB) LOS objects, 21% free, 85MB/109MB, paused 406us total 299.734ms
09-14 11:12:02.057 13162 17877 V [MYTAG][HeartbeatMgr][RemoteOptor]: ----
09-14 11:12:02.057 13162 17877 V [MYTAG][HeartbeatMgr][RemoteOptor]: [CMD]Basic_Msg_MailBox
09-14 11:12:02.057 13162 17877 V [MYTAG][HeartbeatMgr][RemoteOptor]: [PARAM]null
09-14 11:12:02.058 13162 18060 W System  : Ignoring header sessionid because its value was null.
09-14 11:12:02.058 13162 17877 V [MYTAG][HeartbeatMgr][HttpTransportLayer]: [HTTP SEND GET]
09-14 11:12:02.058 13162 17877 V [MYTAG][HeartbeatMgr][HttpTransportLayer]: 	 url:http://192.168.0.1:80/app/getparamvalue?param=rec
09-14 11:12:02.059 13162 18060 I System.out: (HTTPLog)-Static: isSBSettingEnabled false
09-14 11:12:02.059 13162 18060 I System.out: (HTTPLog)-Static: isSBSettingEnabled false
09-14 11:12:02.096 13162 17877 V [MYTAG][HeartbeatMgr][HttpTransportLayer]: [HTTP RSP]
09-14 11:12:02.096 13162 17877 V [MYTAG][HeartbeatMgr][HttpTransportLayer]: 	 errcode:0
09-14 11:12:02.096 13162 17877 V [MYTAG][HeartbeatMgr][HttpTransportLayer]: 	[content]{"result":0,"info":{"value":1}}
09-14 11:12:02.096 13162 17877 V [MYTAG][HeartbeatMgr][HttpTransportLayer]: -----------------------------------------
09-14 11:12:02.333 13162 17877 D [MYTAG][main][SystemLocationClientImpl]: onLocationChanged GPS data:精度=9.648001 速度=0.0 海拔=329.86627197265625 经纬度=49.33343433, 7.05254845
09-14 11:12:02.334 13162 17877 D [MYTAG][main][SystemLocationClientImpl]: 当前信号强度: 3
09-14 11:12:03.286 13162 17877 V [MYTAG][DefaultDispatcher-worker-2][Device]: 603 dev is connected:true
09-14 11:12:03.290 13162 17877 V [MYTAG][main][CameraPreviewActivity]: rev msg1:265731
09-14 11:12:04.445 13162 17877 V [MYTAG][mail_tcp_socket][ViiSocketMailDataPhraser]: ------------mail---------------
09-14 11:12:04.445 13162 17877 V [MYTAG][mail_tcp_socket][ViiSocketMailDataPhraser]: {"msgid":"battery","info":{"capacity":58,"charge":0},"time":1757848324}
09-14 11:12:04.446 13162 17877 V [MYTAG][mail_tcp_socket][ViiSocketMailDataPhraser]: ------------mail---------------
09-14 11:12:04.446 13162 17877 V [MYTAG][mail_tcp_socket][ViiSocketMailDataPhraser]: {"msgid":"sd","info":{"status":0},"time":1757848324}
09-14 11:12:04.449 13162 18059 W System  : Ignoring header sessionid because its value was null.
09-14 11:12:04.450 13162 17877 V [MYTAG][mail_tcp_socket][RemoteOptor]: ----
09-14 11:12:04.450 13162 17877 V [MYTAG][mail_tcp_socket][RemoteOptor]: [CMD]DEV_SDCARD_STATUS_QUERY
09-14 11:12:04.450 13162 17877 V [MYTAG][mail_tcp_socket][RemoteOptor]: [PARAM]null
09-14 11:12:04.450 13162 17877 V [MYTAG][mail_tcp_socket][HttpTransportLayer]: [HTTP SEND GET]
09-14 11:12:04.450 13162 17877 V [MYTAG][mail_tcp_socket][HttpTransportLayer]: 	 url:http://192.168.0.1:80/app/getsdinfo
09-14 11:12:04.450 13162 18059 I System.out: (HTTPLog)-Static: isSBSettingEnabled false
09-14 11:12:04.451 13162 18059 I System.out: (HTTPLog)-Static: isSBSettingEnabled false
09-14 11:12:04.460 13162 17877 V [MYTAG][main][Device]: 603 dev is connected:true
09-14 11:12:04.481 13162 17877 V [MYTAG][mail_tcp_socket][HttpTransportLayer]: [HTTP RSP]
09-14 11:12:04.481 13162 17877 V [MYTAG][mail_tcp_socket][HttpTransportLayer]: 	 errcode:0
09-14 11:12:04.481 13162 17877 V [MYTAG][mail_tcp_socket][HttpTransportLayer]: 	[content]{"result":0,"info":{"status":0,"free":301,"total":1883}}
09-14 11:12:04.481 13162 17877 V [MYTAG][mail_tcp_socket][HttpTransportLayer]: -----------------------------------------
09-14 11:12:04.501 13162 13162 W ProxyAndroidLoggerBackend: Too many Flogger logs received before configuration. Dropping old logs.
09-14 11:12:04.506 13162 13162 W ProxyAndroidLoggerBackend: Too many Flogger logs received before configuration. Dropping old logs.
09-14 11:12:04.512 13162 13162 I chatty  : uid=10291(com.vidure.app) identical 5 lines
09-14 11:12:04.513 13162 13162 W ProxyAndroidLoggerBackend: Too many Flogger logs received before configuration. Dropping old logs.
09-14 11:12:04.524 13162 17877 V [MYTAG][main][Device]: 603 dev is connected:true
09-14 11:12:04.525 13162 17877 V [MYTAG][main][CameraPreviewActivity]: rev msg1:264454
09-14 11:12:04.525 13162 17877 V [MYTAG][main][Device]: 603 dev is connected:true
09-14 11:12:04.525 13162 17877 V [MYTAG][main][CameraPreviewActivity]: rev msg1:589832
09-14 11:12:06.058 13162 18060 W System  : Ignoring header sessionid because its value was null.
09-14 11:12:06.058 13162 17877 V [MYTAG][HeartbeatMgr][RemoteOptor]: ----
09-14 11:12:06.058 13162 17877 V [MYTAG][HeartbeatMgr][RemoteOptor]: [CMD]Basic_Msg_MailBox
09-14 11:12:06.058 13162 17877 V [MYTAG][HeartbeatMgr][RemoteOptor]: [PARAM]null
09-14 11:12:06.059 13162 17877 V [MYTAG][HeartbeatMgr][HttpTransportLayer]: [HTTP SEND GET]
09-14 11:12:06.059 13162 17877 V [MYTAG][HeartbeatMgr][HttpTransportLayer]: 	 url:http://192.168.0.1:80/app/getparamvalue?param=rec
09-14 11:12:06.060 13162 18060 I System.out: (HTTPLog)-Static: isSBSettingEnabled false
09-14 11:12:06.060 13162 18060 I System.out: (HTTPLog)-Static: isSBSettingEnabled false
09-14 11:12:06.082 13162 17877 V [MYTAG][HeartbeatMgr][HttpTransportLayer]: [HTTP RSP]
09-14 11:12:06.082 13162 17877 V [MYTAG][HeartbeatMgr][HttpTransportLayer]: 	 errcode:0
09-14 11:12:06.082 13162 17877 V [MYTAG][HeartbeatMgr][HttpTransportLayer]: 	[content]{"result":0,"info":{"value":1}}
09-14 11:12:06.082 13162 17877 V [MYTAG][HeartbeatMgr][HttpTransportLayer]: -----------------------------------------
09-14 11:12:07.456 13162 17877 V [MYTAG][mail_tcp_socket][ViiSocketMailDataPhraser]: ------------mail---------------
09-14 11:12:07.456 13162 17877 V [MYTAG][mail_tcp_socket][ViiSocketMailDataPhraser]: {"msgid":"battery","info":{"capacity":58,"charge":0},"time":1757848327}
09-14 11:12:07.457 13162 18059 W System  : Ignoring header sessionid because its value was null.
09-14 11:12:07.458 13162 18059 I System.out: (HTTPLog)-Static: isSBSettingEnabled false
09-14 11:12:07.458 13162 18059 I System.out: (HTTPLog)-Static: isSBSettingEnabled false
09-14 11:12:07.460 13162 17877 V [MYTAG][mail_tcp_socket][ViiSocketMailDataPhraser]: ------------mail---------------
09-14 11:12:07.460 13162 17877 V [MYTAG][mail_tcp_socket][ViiSocketMailDataPhraser]: {"msgid":"sd","info":{"status":0},"time":1757848327}
09-14 11:12:07.462 13162 17877 V [MYTAG][mail_tcp_socket][RemoteOptor]: ----
09-14 11:12:07.462 13162 17877 V [MYTAG][mail_tcp_socket][RemoteOptor]: [CMD]DEV_SDCARD_STATUS_QUERY
09-14 11:12:07.462 13162 17877 V [MYTAG][mail_tcp_socket][RemoteOptor]: [PARAM]null
09-14 11:12:07.462 13162 17877 V [MYTAG][mail_tcp_socket][HttpTransportLayer]: [HTTP SEND GET]
09-14 11:12:07.462 13162 17877 V [MYTAG][mail_tcp_socket][HttpTransportLayer]: 	 url:http://192.168.0.1:80/app/getsdinfo
09-14 11:12:07.472 13162 17877 V [MYTAG][main][Device]: 603 dev is connected:true
09-14 11:12:07.484 13162 17877 V [MYTAG][mail_tcp_socket][HttpTransportLayer]: [HTTP RSP]
09-14 11:12:07.484 13162 17877 V [MYTAG][mail_tcp_socket][HttpTransportLayer]: 	 errcode:0
09-14 11:12:07.484 13162 17877 V [MYTAG][mail_tcp_socket][HttpTransportLayer]: 	[content]{"result":0,"info":{"status":0,"free":297,"total":1883}}
09-14 11:12:07.484 13162 17877 V [MYTAG][mail_tcp_socket][HttpTransportLayer]: -----------------------------------------
09-14 11:12:07.496 13162 13162 W ProxyAndroidLoggerBackend: Too many Flogger logs received before configuration. Dropping old logs.
09-14 11:12:07.504 13162 13162 I chatty  : uid=10291(com.vidure.app) identical 6 lines
09-14 11:12:07.505 13162 13162 W ProxyAndroidLoggerBackend: Too many Flogger logs received before configuration. Dropping old logs.
09-14 11:12:07.509 13162 19357 W ProxyAndroidLoggerBackend: Too many Flogger logs received before configuration. Dropping old logs.
09-14 11:12:07.512 13162 17877 V [MYTAG][main][Device]: 603 dev is connected:true
09-14 11:12:07.517 13162 17877 V [MYTAG][main][CameraPreviewActivity]: rev msg1:264454
09-14 11:12:07.518 13162 17877 V [MYTAG][main][Device]: 603 dev is connected:true
09-14 11:12:07.518 13162 17877 V [MYTAG][main][CameraPreviewActivity]: rev msg1:589832
09-14 11:12:09.217 13162 19993 I System.out: (HTTPLog)-Static: isSBSettingEnabled false
09-14 11:12:09.218 13162 19993 I System.out: (HTTPLog)-Static: isSBSettingEnabled false
09-14 11:12:10.058 13162 17877 V [MYTAG][HeartbeatMgr][RemoteOptor]: ----
09-14 11:12:10.058 13162 17877 V [MYTAG][HeartbeatMgr][RemoteOptor]: [CMD]Basic_Msg_MailBox
09-14 11:12:10.058 13162 17877 V [MYTAG][HeartbeatMgr][RemoteOptor]: [PARAM]null
09-14 11:12:10.059 13162 18060 W System  : Ignoring header sessionid because its value was null.
09-14 11:12:10.060 13162 18060 I System.out: (HTTPLog)-Static: isSBSettingEnabled false
09-14 11:12:10.064 13162 18060 I System.out: (HTTPLog)-Static: isSBSettingEnabled false
09-14 11:12:10.068 13162 17877 V [MYTAG][HeartbeatMgr][HttpTransportLayer]: [HTTP SEND GET]
09-14 11:12:10.068 13162 17877 V [MYTAG][HeartbeatMgr][HttpTransportLayer]: 	 url:http://192.168.0.1:80/app/getparamvalue?param=rec
09-14 11:12:10.091 13162 17877 V [MYTAG][HeartbeatMgr][HttpTransportLayer]: [HTTP RSP]
09-14 11:12:10.091 13162 17877 V [MYTAG][HeartbeatMgr][HttpTransportLayer]: 	 errcode:0
09-14 11:12:10.091 13162 17877 V [MYTAG][HeartbeatMgr][HttpTransportLayer]: 	[content]{"result":0,"info":{"value":1}}
09-14 11:12:10.091 13162 17877 V [MYTAG][HeartbeatMgr][HttpTransportLayer]: -----------------------------------------
09-14 11:12:10.307 13162 17877 D [MYTAG][main][SystemLocationClientImpl]: onLocationChanged GPS data:精度=9.648001 速度=2.76 海拔=329.12078857421875 经纬度=49.33345261, 7.05251347
09-14 11:12:10.309 13162 17877 D [MYTAG][main][SystemLocationClientImpl]: 当前信号强度: 3
09-14 11:12:10.467 13162 17877 V [MYTAG][mail_tcp_socket][ViiSocketMailDataPhraser]: ------------mail---------------
09-14 11:12:10.467 13162 17877 V [MYTAG][mail_tcp_socket][ViiSocketMailDataPhraser]: {"msgid":"battery","info":{"capacity":58,"charge":0},"time":1757848330}
09-14 11:12:10.473 13162 17877 V [MYTAG][mail_tcp_socket][ViiSocketMailDataPhraser]: ------------mail---------------
09-14 11:12:10.473 13162 17877 V [MYTAG][mail_tcp_socket][ViiSocketMailDataPhraser]: {"msgid":"sd","info":{"status":0},"time":1757848330}
09-14 11:12:10.474 13162 17877 V [MYTAG][mail_tcp_socket][RemoteOptor]: ----
09-14 11:12:10.474 13162 17877 V [MYTAG][mail_tcp_socket][RemoteOptor]: [CMD]DEV_SDCARD_STATUS_QUERY
09-14 11:12:10.474 13162 17877 V [MYTAG][mail_tcp_socket][RemoteOptor]: [PARAM]null
09-14 11:12:10.475 13162 17877 V [MYTAG][mail_tcp_socket][HttpTransportLayer]: [HTTP SEND GET]
09-14 11:12:10.475 13162 17877 V [MYTAG][mail_tcp_socket][HttpTransportLayer]: 	 url:http://192.168.0.1:80/app/getsdinfo
09-14 11:12:10.478 13162 18059 W System  : Ignoring header sessionid because its value was null.
09-14 11:12:10.478 13162 17877 V [MYTAG][main][Device]: 603 dev is connected:true
09-14 11:12:10.478 13162 18059 I System.out: (HTTPLog)-Static: isSBSettingEnabled false
09-14 11:12:10.478 13162 18059 I System.out: (HTTPLog)-Static: isSBSettingEnabled false
09-14 11:12:10.503 13162 13162 W ProxyAndroidLoggerBackend: Too many Flogger logs received before configuration. Dropping old logs.
09-14 11:12:10.510 13162 13162 I chatty  : uid=10291(com.vidure.app) identical 6 lines
09-14 11:12:10.511 13162 13162 W ProxyAndroidLoggerBackend: Too many Flogger logs received before configuration. Dropping old logs.
09-14 11:12:10.521 13162 17877 V [MYTAG][mail_tcp_socket][HttpTransportLayer]: [HTTP RSP]
09-14 11:12:10.521 13162 17877 V [MYTAG][mail_tcp_socket][HttpTransportLayer]: 	 errcode:0
09-14 11:12:10.521 13162 17877 V [MYTAG][mail_tcp_socket][HttpTransportLayer]: 	[content]{"result":0,"info":{"status":0,"free":294,"total":1883}}
09-14 11:12:10.521 13162 17877 V [MYTAG][mail_tcp_socket][HttpTransportLayer]: -----------------------------------------
09-14 11:12:10.521 13162 19984 W ProxyAndroidLoggerBackend: Too many Flogger logs received before configuration. Dropping old logs.
09-14 11:12:10.525 13162 17877 V [MYTAG][main][Device]: 603 dev is connected:true
09-14 11:12:10.525 13162 17877 V [MYTAG][main][CameraPreviewActivity]: rev msg1:264454
09-14 11:12:10.526 13162 17877 V [MYTAG][main][Device]: 603 dev is connected:true
09-14 11:12:10.526 13162 17877 V [MYTAG][main][CameraPreviewActivity]: rev msg1:589832
09-14 11:12:10.623 13162 19984 W ProxyAndroidLoggerBackend: Too many Flogger logs received before configuration. Dropping old logs.
09-14 11:12:10.624 13162 19984 I chatty  : uid=10291(com.vidure.app) identical 1 line
09-14 11:12:10.624 13162 19984 W ProxyAndroidLoggerBackend: Too many Flogger logs received before configuration. Dropping old logs.
09-14 11:12:11.298 13162 17877 V [MYTAG][DefaultDispatcher-worker-2][Device]: 603 dev is connected:true
09-14 11:12:11.312 13162 17877 D [MYTAG][main][SystemLocationClientImpl]: onLocationChanged GPS data:精度=10.72 速度=1.88 海拔=326.498779296875 经纬度=49.33346565, 7.05248724
09-14 11:12:11.313 13162 17877 D [MYTAG][main][SystemLocationClientImpl]: 当前信号强度: 3
09-14 11:12:12.305 13162 17877 V [MYTAG][DefaultDispatcher-worker-2][Device]: 603 dev is connected:true
09-14 11:12:13.323 13162 17877 D [MYTAG][main][SystemLocationClientImpl]: onLocationChanged GPS data:精度=10.72 速度=0.0 海拔=324.88360595703125 经纬度=49.33346619, 7.05250497
09-14 11:12:13.324 13162 17877 D [MYTAG][main][SystemLocationClientImpl]: 当前信号强度: 3
09-14 11:12:13.478 13162 17877 V [MYTAG][mail_tcp_socket][ViiSocketMailDataPhraser]: ------------mail---------------
09-14 11:12:13.478 13162 17877 V [MYTAG][mail_tcp_socket][ViiSocketMailDataPhraser]: {"msgid":"battery","info":{"capacity":58,"charge":0},"time":1757848333}
09-14 11:12:13.479 13162 18059 W System  : Ignoring header sessionid because its value was null.
09-14 11:12:13.480 13162 18059 I System.out: (HTTPLog)-Static: isSBSettingEnabled false
09-14 11:12:13.480 13162 18059 I System.out: (HTTPLog)-Static: isSBSettingEnabled false
09-14 11:12:13.481 13162 17877 V [MYTAG][mail_tcp_socket][ViiSocketMailDataPhraser]: ------------mail---------------
09-14 11:12:13.481 13162 17877 V [MYTAG][mail_tcp_socket][ViiSocketMailDataPhraser]: {"msgid":"sd","info":{"status":0},"time":1757848333}
09-14 11:12:13.482 13162 17877 V [MYTAG][mail_tcp_socket][RemoteOptor]: ----
09-14 11:12:13.482 13162 17877 V [MYTAG][mail_tcp_socket][RemoteOptor]: [CMD]DEV_SDCARD_STATUS_QUERY
09-14 11:12:13.482 13162 17877 V [MYTAG][mail_tcp_socket][RemoteOptor]: [PARAM]null
09-14 11:12:13.482 13162 17877 V [MYTAG][mail_tcp_socket][HttpTransportLayer]: [HTTP SEND GET]
09-14 11:12:13.482 13162 17877 V [MYTAG][mail_tcp_socket][HttpTransportLayer]: 	 url:http://192.168.0.1:80/app/getsdinfo
09-14 11:12:13.487 13162 17877 V [MYTAG][main][Device]: 603 dev is connected:true
09-14 11:12:13.515 13162 13162 W ProxyAndroidLoggerBackend: Too many Flogger logs received before configuration. Dropping old logs.
09-14 11:12:13.515 13162 17877 V [MYTAG][mail_tcp_socket][HttpTransportLayer]: [HTTP RSP]
09-14 11:12:13.515 13162 17877 V [MYTAG][mail_tcp_socket][HttpTransportLayer]: 	 errcode:0
09-14 11:12:13.515 13162 17877 V [MYTAG][mail_tcp_socket][HttpTransportLayer]: 	[content]{"result":0,"info":{"status":0,"free":290,"total":1883}}
09-14 11:12:13.515 13162 17877 V [MYTAG][mail_tcp_socket][HttpTransportLayer]: -----------------------------------------
09-14 11:12:13.517 13162 13162 W ProxyAndroidLoggerBackend: Too many Flogger logs received before configuration. Dropping old logs.
09-14 11:12:13.524 13162 13162 I chatty  : uid=10291(com.vidure.app) identical 5 lines
09-14 11:12:13.525 13162 13162 W ProxyAndroidLoggerBackend: Too many Flogger logs received before configuration. Dropping old logs.
09-14 11:12:13.539 13162 17877 V [MYTAG][main][Device]: 603 dev is connected:true
09-14 11:12:13.540 13162 17877 V [MYTAG][main][CameraPreviewActivity]: rev msg1:264454
09-14 11:12:13.540 13162 17877 V [MYTAG][main][Device]: 603 dev is connected:true
09-14 11:12:13.540 13162 17877 V [MYTAG][main][CameraPreviewActivity]: rev msg1:589832
09-14 11:12:14.058 13162 18060 W System  : Ignoring header sessionid because its value was null.
09-14 11:12:14.059 13162 17877 V [MYTAG][HeartbeatMgr][RemoteOptor]: ----
09-14 11:12:14.059 13162 17877 V [MYTAG][HeartbeatMgr][RemoteOptor]: [CMD]Basic_Msg_MailBox
09-14 11:12:14.059 13162 17877 V [MYTAG][HeartbeatMgr][RemoteOptor]: [PARAM]null
09-14 11:12:14.059 13162 17877 V [MYTAG][HeartbeatMgr][HttpTransportLayer]: [HTTP SEND GET]
09-14 11:12:14.059 13162 17877 V [MYTAG][HeartbeatMgr][HttpTransportLayer]: 	 url:http://192.168.0.1:80/app/getparamvalue?param=rec
09-14 11:12:14.059 13162 18060 I System.out: (HTTPLog)-Static: isSBSettingEnabled false
09-14 11:12:14.059 13162 18060 I System.out: (HTTPLog)-Static: isSBSettingEnabled false
09-14 11:12:14.080 13162 17877 V [MYTAG][HeartbeatMgr][HttpTransportLayer]: [HTTP RSP]
09-14 11:12:14.080 13162 17877 V [MYTAG][HeartbeatMgr][HttpTransportLayer]: 	 errcode:0
09-14 11:12:14.080 13162 17877 V [MYTAG][HeartbeatMgr][HttpTransportLayer]: 	[content]{"result":0,"info":{"value":1}}
09-14 11:12:14.080 13162 17877 V [MYTAG][HeartbeatMgr][HttpTransportLayer]: -----------------------------------------
09-14 11:12:14.307 13162 17877 V [MYTAG][DefaultDispatcher-worker-2][Device]: 603 dev is connected:true
09-14 11:12:14.337 13162 17877 D [MYTAG][main][SystemLocationClientImpl]: onLocationChanged GPS data:精度=10.72 速度=0.0 海拔=325.04052734375 经纬度=49.33346438, 7.05252055
09-14 11:12:14.337 13162 17877 D [MYTAG][main][SystemLocationClientImpl]: 当前信号强度: 3
09-14 11:12:15.308 13162 17877 V [MYTAG][DefaultDispatcher-worker-2][Device]: 603 dev is connected:true
09-14 11:12:15.721 13162 13162 W ProxyAndroidLoggerBackend: Too many Flogger logs received before configuration. Dropping old logs.
09-14 11:12:15.749 13162 13162 I chatty  : uid=10291(com.vidure.app) identical 2 lines
09-14 11:12:15.750 13162 13162 W ProxyAndroidLoggerBackend: Too many Flogger logs received before configuration. Dropping old logs.
09-14 11:12:16.322 13162 17877 D [MYTAG][main][SystemLocationClientImpl]: onLocationChanged GPS data:精度=10.72 速度=0.0 海拔=326.9129638671875 经纬度=49.3334586, 7.0525315
09-14 11:12:16.323 13162 17877 D [MYTAG][main][SystemLocationClientImpl]: 当前信号强度: 3
09-14 11:12:16.486 13162 17877 V [MYTAG][mail_tcp_socket][ViiSocketMailDataPhraser]: ------------mail---------------
09-14 11:12:16.486 13162 17877 V [MYTAG][mail_tcp_socket][ViiSocketMailDataPhraser]: {"msgid":"battery","info":{"capacity":58,"charge":0},"time":1757848336}
09-14 11:12:16.493 13162 17877 V [MYTAG][mail_tcp_socket][ViiSocketMailDataPhraser]: ------------mail---------------
09-14 11:12:16.493 13162 17877 V [MYTAG][mail_tcp_socket][ViiSocketMailDataPhraser]: {"msgid":"sd","info":{"status":0},"time":1757848336}
09-14 11:12:16.494 13162 17877 V [MYTAG][mail_tcp_socket][RemoteOptor]: ----
09-14 11:12:16.494 13162 17877 V [MYTAG][mail_tcp_socket][RemoteOptor]: [CMD]DEV_SDCARD_STATUS_QUERY
09-14 11:12:16.494 13162 17877 V [MYTAG][mail_tcp_socket][RemoteOptor]: [PARAM]null
09-14 11:12:16.494 13162 17877 V [MYTAG][mail_tcp_socket][HttpTransportLayer]: [HTTP SEND GET]
09-14 11:12:16.494 13162 17877 V [MYTAG][mail_tcp_socket][HttpTransportLayer]: 	 url:http://192.168.0.1:80/app/getsdinfo
09-14 11:12:16.494 13162 18059 W System  : Ignoring header sessionid because its value was null.
09-14 11:12:16.495 13162 18059 I System.out: (HTTPLog)-Static: isSBSettingEnabled false
09-14 11:12:16.495 13162 18059 I System.out: (HTTPLog)-Static: isSBSettingEnabled false
09-14 11:12:16.499 13162 17877 V [MYTAG][main][Device]: 603 dev is connected:true
09-14 11:12:16.518 13162 17877 V [MYTAG][mail_tcp_socket][HttpTransportLayer]: [HTTP RSP]
09-14 11:12:16.518 13162 17877 V [MYTAG][mail_tcp_socket][HttpTransportLayer]: 	 errcode:0
09-14 11:12:16.518 13162 17877 V [MYTAG][mail_tcp_socket][HttpTransportLayer]: 	[content]{"result":0,"info":{"status":0,"free":286,"total":1883}}
09-14 11:12:16.518 13162 17877 V [MYTAG][mail_tcp_socket][HttpTransportLayer]: -----------------------------------------
09-14 11:12:16.533 13162 13162 W ProxyAndroidLoggerBackend: Too many Flogger logs received before configuration. Dropping old logs.
09-14 11:12:16.540 13162 13162 I chatty  : uid=10291(com.vidure.app) identical 6 lines
09-14 11:12:16.541 13162 13162 W ProxyAndroidLoggerBackend: Too many Flogger logs received before configuration. Dropping old logs.
09-14 11:12:16.551 13162 17877 V [MYTAG][main][Device]: 603 dev is connected:true
09-14 11:12:16.552 13162 13162 W ProxyAndroidLoggerBackend: Too many Flogger logs received before configuration. Dropping old logs.
09-14 11:12:16.552 13162 13162 W ProxyAndroidLoggerBackend: Too many Flogger logs received before configuration. Dropping old logs.
09-14 11:12:16.553 13162 17877 V [MYTAG][main][CameraPreviewActivity]: rev msg1:264454
09-14 11:12:16.553 13162 17877 V [MYTAG][main][Device]: 603 dev is connected:true
09-14 11:12:16.554 13162 17877 V [MYTAG][main][CameraPreviewActivity]: rev msg1:589832
09-14 11:12:16.723 13162 20008 W ProxyAndroidLoggerBackend: Too many Flogger logs received before configuration. Dropping old logs.
09-14 11:12:17.310 13162 17877 V [MYTAG][DefaultDispatcher-worker-2][Device]: 603 dev is connected:true
09-14 11:12:17.554 13162 19357 W ProxyAndroidLoggerBackend: Too many Flogger logs received before configuration. Dropping old logs.
09-14 11:12:18.060 13162 18060 W System  : Ignoring header sessionid because its value was null.
09-14 11:12:18.061 13162 18060 I System.out: (HTTPLog)-Static: isSBSettingEnabled false
09-14 11:12:18.061 13162 18060 I System.out: (HTTPLog)-Static: isSBSettingEnabled false
09-14 11:12:18.063 13162 17877 V [MYTAG][HeartbeatMgr][RemoteOptor]: ----
09-14 11:12:18.063 13162 17877 V [MYTAG][HeartbeatMgr][RemoteOptor]: [CMD]Basic_Msg_MailBox
09-14 11:12:18.063 13162 17877 V [MYTAG][HeartbeatMgr][RemoteOptor]: [PARAM]null
09-14 11:12:18.063 13162 17877 V [MYTAG][HeartbeatMgr][HttpTransportLayer]: [HTTP SEND GET]
09-14 11:12:18.063 13162 17877 V [MYTAG][HeartbeatMgr][HttpTransportLayer]: 	 url:http://192.168.0.1:80/app/getparamvalue?param=rec
09-14 11:12:18.142 13162 17877 V [MYTAG][HeartbeatMgr][HttpTransportLayer]: [HTTP RSP]
09-14 11:12:18.142 13162 17877 V [MYTAG][HeartbeatMgr][HttpTransportLayer]: 	 errcode:0
09-14 11:12:18.142 13162 17877 V [MYTAG][HeartbeatMgr][HttpTransportLayer]: 	[content]{"result":0,"info":{"value":1}}
09-14 11:12:18.142 13162 17877 V [MYTAG][HeartbeatMgr][HttpTransportLayer]: -----------------------------------------
09-14 11:12:19.327 13162 17877 D [MYTAG][main][SystemLocationClientImpl]: onLocationChanged GPS data:精度=10.72 速度=0.0 海拔=325.771484375 经纬度=49.33345685, 7.05255154
09-14 11:12:19.328 13162 17877 D [MYTAG][main][SystemLocationClientImpl]: 当前信号强度: 3
09-14 11:12:19.456 13162 20008 W ProxyAndroidLoggerBackend: Too many Flogger logs received before configuration. Dropping old logs.
09-14 11:12:19.456 13162 20008 I chatty  : uid=10291(com.vidure.app) identical 1 line
09-14 11:12:19.457 13162 20008 W ProxyAndroidLoggerBackend: Too many Flogger logs received before configuration. Dropping old logs.
09-14 11:12:19.509 13162 17877 V [MYTAG][mail_tcp_socket][ViiSocketMailDataPhraser]: ------------mail---------------
09-14 11:12:19.509 13162 17877 V [MYTAG][mail_tcp_socket][ViiSocketMailDataPhraser]: {"msgid":"battery","info":{"capacity":58,"charge":0},"time":1757848339}
09-14 11:12:19.514 13162 17877 V [MYTAG][main][Device]: 603 dev is connected:true
09-14 11:12:19.538 13162 13162 W ProxyAndroidLoggerBackend: Too many Flogger logs received before configuration. Dropping old logs.
09-14 11:12:19.544 13162 13162 I chatty  : uid=10291(com.vidure.app) identical 6 lines
09-14 11:12:19.545 13162 13162 W ProxyAndroidLoggerBackend: Too many Flogger logs received before configuration. Dropping old logs.
09-14 11:12:19.556 13162 17877 V [MYTAG][main][Device]: 603 dev is connected:true
09-14 11:12:19.559 13162 17877 V [MYTAG][main][CameraPreviewActivity]: rev msg1:264454
09-14 11:12:19.715 13162 18059 W System  : Ignoring header sessionid because its value was null.
09-14 11:12:19.716 13162 18059 I System.out: (HTTPLog)-Static: isSBSettingEnabled false
09-14 11:12:19.716 13162 17877 V [MYTAG][mail_tcp_socket][ViiSocketMailDataPhraser]: ------------mail---------------
09-14 11:12:19.716 13162 17877 V [MYTAG][mail_tcp_socket][ViiSocketMailDataPhraser]: {"msgid":"sd","info":{"status":0},"time":1757848339}
09-14 11:12:19.716 13162 18059 I System.out: (HTTPLog)-Static: isSBSettingEnabled false
09-14 11:12:19.716 13162 17877 V [MYTAG][mail_tcp_socket][RemoteOptor]: ----
09-14 11:12:19.716 13162 17877 V [MYTAG][mail_tcp_socket][RemoteOptor]: [CMD]DEV_SDCARD_STATUS_QUERY
09-14 11:12:19.716 13162 17877 V [MYTAG][mail_tcp_socket][RemoteOptor]: [PARAM]null
09-14 11:12:19.716 13162 17877 V [MYTAG][mail_tcp_socket][HttpTransportLayer]: [HTTP SEND GET]
09-14 11:12:19.716 13162 17877 V [MYTAG][mail_tcp_socket][HttpTransportLayer]: 	 url:http://192.168.0.1:80/app/getsdinfo
09-14 11:12:19.793 13162 17877 V [MYTAG][mail_tcp_socket][HttpTransportLayer]: [HTTP RSP]
09-14 11:12:19.793 13162 17877 V [MYTAG][mail_tcp_socket][HttpTransportLayer]: 	 errcode:0
09-14 11:12:19.793 13162 17877 V [MYTAG][mail_tcp_socket][HttpTransportLayer]: 	[content]{"result":0,"info":{"status":0,"free":281,"total":1883}}
09-14 11:12:19.793 13162 17877 V [MYTAG][mail_tcp_socket][HttpTransportLayer]: -----------------------------------------
09-14 11:12:19.797 13162 17877 V [MYTAG][main][Device]: 603 dev is connected:true
09-14 11:12:19.800 13162 17877 V [MYTAG][main][CameraPreviewActivity]: rev msg1:589832
09-14 11:12:20.313 13162 17877 V [MYTAG][DefaultDispatcher-worker-3][Device]: 603 dev is connected:true
09-14 11:12:22.060 13162 17877 V [MYTAG][HeartbeatMgr][RemoteOptor]: ----
09-14 11:12:22.060 13162 17877 V [MYTAG][HeartbeatMgr][RemoteOptor]: [CMD]Basic_Msg_MailBox
09-14 11:12:22.060 13162 17877 V [MYTAG][HeartbeatMgr][RemoteOptor]: [PARAM]null
09-14 11:12:22.061 13162 17877 V [MYTAG][HeartbeatMgr][HttpTransportLayer]: [HTTP SEND GET]
09-14 11:12:22.061 13162 17877 V [MYTAG][HeartbeatMgr][HttpTransportLayer]: 	 url:http://192.168.0.1:80/app/getparamvalue?param=rec
09-14 11:12:22.061 13162 18060 W System  : Ignoring header sessionid because its value was null.
09-14 11:12:22.061 13162 18060 I System.out: (HTTPLog)-Static: isSBSettingEnabled false
09-14 11:12:22.062 13162 18060 I System.out: (HTTPLog)-Static: isSBSettingEnabled false
09-14 11:12:22.092 13162 17877 V [MYTAG][HeartbeatMgr][HttpTransportLayer]: [HTTP RSP]
09-14 11:12:22.092 13162 17877 V [MYTAG][HeartbeatMgr][HttpTransportLayer]: 	 errcode:0
09-14 11:12:22.092 13162 17877 V [MYTAG][HeartbeatMgr][HttpTransportLayer]: 	[content]{"result":0,"info":{"value":1}}
09-14 11:12:22.092 13162 17877 V [MYTAG][HeartbeatMgr][HttpTransportLayer]: -----------------------------------------
09-14 11:12:22.506 13162 17877 V [MYTAG][mail_tcp_socket][ViiSocketMailDataPhraser]: ------------mail---------------
09-14 11:12:22.506 13162 17877 V [MYTAG][mail_tcp_socket][ViiSocketMailDataPhraser]: {"msgid":"battery","info":{"capacity":58,"charge":0},"time":1757848342}
09-14 11:12:22.508 13162 17877 V [MYTAG][mail_tcp_socket][ViiSocketMailDataPhraser]: ------------mail---------------
09-14 11:12:22.508 13162 17877 V [MYTAG][mail_tcp_socket][ViiSocketMailDataPhraser]: {"msgid":"sd","info":{"status":0},"time":1757848342}
09-14 11:12:22.510 13162 17877 V [MYTAG][mail_tcp_socket][RemoteOptor]: ----
09-14 11:12:22.510 13162 17877 V [MYTAG][mail_tcp_socket][RemoteOptor]: [CMD]DEV_SDCARD_STATUS_QUERY
09-14 11:12:22.510 13162 17877 V [MYTAG][mail_tcp_socket][RemoteOptor]: [PARAM]null
09-14 11:12:22.511 13162 18059 W System  : Ignoring header sessionid because its value was null.
09-14 11:12:22.512 13162 17877 V [MYTAG][mail_tcp_socket][HttpTransportLayer]: [HTTP SEND GET]
09-14 11:12:22.512 13162 17877 V [MYTAG][mail_tcp_socket][HttpTransportLayer]: 	 url:http://192.168.0.1:80/app/getsdinfo
09-14 11:12:22.512 13162 18059 I System.out: (HTTPLog)-Static: isSBSettingEnabled false
09-14 11:12:22.512 13162 18059 I System.out: (HTTPLog)-Static: isSBSettingEnabled false
09-14 11:12:22.523 13162 17877 V [MYTAG][main][Device]: 603 dev is connected:true
09-14 11:12:22.550 13162 17877 V [MYTAG][mail_tcp_socket][HttpTransportLayer]: [HTTP RSP]
09-14 11:12:22.550 13162 17877 V [MYTAG][mail_tcp_socket][HttpTransportLayer]: 	 errcode:0
09-14 11:12:22.550 13162 17877 V [MYTAG][mail_tcp_socket][HttpTransportLayer]: 	[content]{"result":0,"info":{"status":0,"free":278,"total":1883}}
09-14 11:12:22.550 13162 17877 V [MYTAG][mail_tcp_socket][HttpTransportLayer]: -----------------------------------------
09-14 11:12:22.556 13162 13162 W ProxyAndroidLoggerBackend: Too many Flogger logs received before configuration. Dropping old logs.
09-14 11:12:22.566 13162 13162 I chatty  : uid=10291(com.vidure.app) identical 6 lines
09-14 11:12:22.567 13162 13162 W ProxyAndroidLoggerBackend: Too many Flogger logs received before configuration. Dropping old logs.
09-14 11:12:22.578 13162 17877 V [MYTAG][main][Device]: 603 dev is connected:true
09-14 11:12:22.579 13162 17877 V [MYTAG][main][CameraPreviewActivity]: rev msg1:264454
09-14 11:12:22.579 13162 17877 V [MYTAG][main][Device]: 603 dev is connected:true
09-14 11:12:22.579 13162 17877 V [MYTAG][main][CameraPreviewActivity]: rev msg1:589832
09-14 11:12:25.515 13162 17877 V [MYTAG][mail_tcp_socket][ViiSocketMailDataPhraser]: ------------mail---------------
09-14 11:12:25.515 13162 17877 V [MYTAG][mail_tcp_socket][ViiSocketMailDataPhraser]: {"msgid":"battery","info":{"capacity":58,"charge":0},"time":1757848345}
09-14 11:12:25.517 13162 18059 W System  : Ignoring header sessionid because its value was null.
09-14 11:12:25.517 13162 17877 V [MYTAG][mail_tcp_socket][ViiSocketMailDataPhraser]: ------------mail---------------
09-14 11:12:25.517 13162 17877 V [MYTAG][mail_tcp_socket][ViiSocketMailDataPhraser]: {"msgid":"sd","info":{"status":0},"time":1757848345}
09-14 11:12:25.517 13162 17877 V [MYTAG][mail_tcp_socket][RemoteOptor]: ----
09-14 11:12:25.517 13162 17877 V [MYTAG][mail_tcp_socket][RemoteOptor]: [CMD]DEV_SDCARD_STATUS_QUERY
09-14 11:12:25.517 13162 17877 V [MYTAG][mail_tcp_socket][RemoteOptor]: [PARAM]null
09-14 11:12:25.517 13162 17877 V [MYTAG][mail_tcp_socket][HttpTransportLayer]: [HTTP SEND GET]
09-14 11:12:25.517 13162 17877 V [MYTAG][mail_tcp_socket][HttpTransportLayer]: 	 url:http://192.168.0.1:80/app/getsdinfo
09-14 11:12:25.518 13162 18059 I System.out: (HTTPLog)-Static: isSBSettingEnabled false
09-14 11:12:25.518 13162 18059 I System.out: (HTTPLog)-Static: isSBSettingEnabled false
09-14 11:12:25.527 13162 17877 V [MYTAG][main][Device]: 603 dev is connected:true
09-14 11:12:25.551 13162 17877 V [MYTAG][mail_tcp_socket][HttpTransportLayer]: [HTTP RSP]
09-14 11:12:25.551 13162 17877 V [MYTAG][mail_tcp_socket][HttpTransportLayer]: 	 errcode:0
09-14 11:12:25.551 13162 17877 V [MYTAG][mail_tcp_socket][HttpTransportLayer]: 	[content]{"result":0,"info":{"status":0,"free":275,"total":1883}}
09-14 11:12:25.551 13162 17877 V [MYTAG][mail_tcp_socket][HttpTransportLayer]: -----------------------------------------
09-14 11:12:25.561 13162 13162 W ProxyAndroidLoggerBackend: Too many Flogger logs received before configuration. Dropping old logs.
09-14 11:12:25.568 13162 13162 I chatty  : uid=10291(com.vidure.app) identical 6 lines
09-14 11:12:25.570 13162 13162 W ProxyAndroidLoggerBackend: Too many Flogger logs received before configuration. Dropping old logs.
09-14 11:12:25.583 13162 17877 V [MYTAG][main][Device]: 603 dev is connected:true
09-14 11:12:25.585 13162 17877 V [MYTAG][main][CameraPreviewActivity]: rev msg1:264454
09-14 11:12:25.585 13162 17877 V [MYTAG][main][Device]: 603 dev is connected:true
09-14 11:12:25.585 13162 17877 V [MYTAG][main][CameraPreviewActivity]: rev msg1:589832
09-14 11:12:26.061 13162 18060 W System  : Ignoring header sessionid because its value was null.
09-14 11:12:26.062 13162 17877 V [MYTAG][HeartbeatMgr][RemoteOptor]: ----
09-14 11:12:26.062 13162 17877 V [MYTAG][HeartbeatMgr][RemoteOptor]: [CMD]Basic_Msg_MailBox
09-14 11:12:26.062 13162 17877 V [MYTAG][HeartbeatMgr][RemoteOptor]: [PARAM]null
09-14 11:12:26.062 13162 17877 V [MYTAG][HeartbeatMgr][HttpTransportLayer]: [HTTP SEND GET]
09-14 11:12:26.062 13162 17877 V [MYTAG][HeartbeatMgr][HttpTransportLayer]: 	 url:http://192.168.0.1:80/app/getparamvalue?param=rec
09-14 11:12:26.063 13162 18060 I System.out: (HTTPLog)-Static: isSBSettingEnabled false
09-14 11:12:26.065 13162 18060 I System.out: (HTTPLog)-Static: isSBSettingEnabled false
09-14 11:12:26.105 13162 17877 V [MYTAG][HeartbeatMgr][HttpTransportLayer]: [HTTP RSP]
09-14 11:12:26.105 13162 17877 V [MYTAG][HeartbeatMgr][HttpTransportLayer]: 	 errcode:0
09-14 11:12:26.105 13162 17877 V [MYTAG][HeartbeatMgr][HttpTransportLayer]: 	[content]{"result":0,"info":{"value":1}}
09-14 11:12:26.105 13162 17877 V [MYTAG][HeartbeatMgr][HttpTransportLayer]: -----------------------------------------
09-14 11:12:26.321 13162 17877 D [MYTAG][main][SystemLocationClientImpl]: onLocationChanged GPS data:精度=9.648001 速度=0.0 海拔=327.39825439453125 经纬度=49.33344749, 7.05254802
09-14 11:12:26.322 13162 17877 V [MYTAG][DefaultDispatcher-worker-2][Device]: 603 dev is connected:true
09-14 11:12:26.324 13162 17877 D [MYTAG][main][SystemLocationClientImpl]: 当前信号强度: 3
09-14 11:12:27.323 13162 17877 D [MYTAG][main][SystemLocationClientImpl]: onLocationChanged GPS data:精度=9.648001 速度=1.86 海拔=326.25518798828125 经纬度=49.33343893, 7.05257043
09-14 11:12:27.325 13162 17877 D [MYTAG][main][SystemLocationClientImpl]: 当前信号强度: 3
09-14 11:12:27.327 13162 17877 V [MYTAG][DefaultDispatcher-worker-2][Device]: 603 dev is connected:true
09-14 11:12:27.586 13162 20036 E JavaBinder: !!! FAILED BINDER TRANSACTION !!!  (parcel size = 128)
09-14 11:12:27.592 13162 20036 E AndroidRuntime: FATAL EXCEPTION: androidmapsapi-ula-1
09-14 11:12:27.592 13162 20036 E AndroidRuntime: Process: com.vidure.app, PID: 13162
09-14 11:12:27.592 13162 20036 E AndroidRuntime: DeadSystemException: The system died; earlier logs will point to the root cause
09-14 11:12:28.039 13162 20036 E memtrack: Couldn't load memtrack module
09-14 11:12:28.039 13162 20036 W android.os.Debug: failed to get memory consumption info: -1
09-14 11:12:28.122 13162 20036 E [MYTAG][androidmapsapi-ula-1]CrashHandler: MyApplication.isInited:true AppLib.isInit:true
09-14 11:12:28.122 13162 20036 E [MYTAG][androidmapsapi-ula-1]CrashHandler: DeadSystemException: The system died; earlier logs will point to the root cause
09-14 11:12:28.123 13162 20036 E [MYTAG][androidmapsapi-ula-1]CrashException: AppCrash NeedToRecordForCheck
09-14 11:12:28.129 13162 17877 V [MYTAG][androidmapsapi-ula-1][UiResInit]: errorinfo:java.lang.RuntimeException: android.os.DeadSystemException
09-14 11:12:28.129 13162 17877 V [MYTAG][androidmapsapi-ula-1][UiResInit]: 	at android.app.ApplicationPackageManager.getApplicationInfoAsUser(ApplicationPackageManager.java:496)
09-14 11:12:28.129 13162 17877 V [MYTAG][androidmapsapi-ula-1][UiResInit]: 	at android.app.ApplicationPackageManager.getApplicationInfo(ApplicationPackageManager.java:480)
09-14 11:12:28.129 13162 17877 V [MYTAG][androidmapsapi-ula-1][UiResInit]: 	at com.google.maps.api.android.lib6.common.g.b(:com.google.android.gms.policy_maps_core_dynamite@252725204@252725201025.791442750.791442750:8)
09-14 11:12:28.129 13162 17877 V [MYTAG][androidmapsapi-ula-1][UiResInit]: 	at com.google.maps.api.android.lib6.impl.hq.run(:com.google.android.gms.policy_maps_core_dynamite@252725204@252725201025.791442750.791442750:563)
09-14 11:12:28.129 13162 17877 V [MYTAG][androidmapsapi-ula-1][UiResInit]: 	at java.util.concurrent.ThreadPoolExecutor.runWorker(ThreadPoolExecutor.java:1167)
09-14 11:12:28.129 13162 17877 V [MYTAG][androidmapsapi-ula-1][UiResInit]: 	at java.util.concurrent.ThreadPoolExecutor$Worker.run(ThreadPoolExecutor.java:641)
09-14 11:12:28.129 13162 17877 V [MYTAG][androidmapsapi-ula-1][UiResInit]: 	at java.lang.Thread.run(Thread.java:919)
09-14 11:12:28.129 13162 17877 V [MYTAG][androidmapsapi-ula-1][UiResInit]: Caused by: android.os.DeadSystemException
09-14 11:12:28.129 13162 17877 V [MYTAG][androidmapsapi-ula-1][UiResInit]: 	... 7 more
