09-14 10:47:51.954  7977 12968 V [MYTAG][main][CameraPreviewActivity]: rev msg1:264454
09-14 10:47:51.954  7977 12968 V [MYTAG][main][Device]: 603 dev is connected:true
09-14 10:47:51.954  7977 12968 V [MYTAG][main][CameraPreviewActivity]: rev msg1:589832
09-14 10:47:51.955  7977 15168 W ProxyAndroidLoggerBackend: Too many Flogger logs received before configuration. Dropping old logs.
09-14 10:47:51.955  7977 15168 I chatty  : uid=10291(com.vidure.app) identical 1 line
09-14 10:47:51.955  7977 15168 W ProxyAndroidLoggerBackend: Too many Flogger logs received before configuration. Dropping old logs.
09-14 10:47:52.360  7977 13170 W System  : Ignoring header sessionid because its value was null.
09-14 10:47:52.360  7977 13170 I System.out: (HTTPLog)-Static: isSBSettingEnabled false
09-14 10:47:52.361  7977 12968 V [MYTAG][HeartbeatMgr][RemoteOptor]: ----
09-14 10:47:52.361  7977 12968 V [MYTAG][HeartbeatMgr][RemoteOptor]: [CMD]Basic_Msg_MailBox
09-14 10:47:52.361  7977 12968 V [MYTAG][HeartbeatMgr][RemoteOptor]: [PARAM]null
09-14 10:47:52.361  7977 13170 I System.out: (HTTPLog)-Static: isSBSettingEnabled false
09-14 10:47:52.361  7977 12968 V [MYTAG][HeartbeatMgr][HttpTransportLayer]: [HTTP SEND GET]
09-14 10:47:52.361  7977 12968 V [MYTAG][HeartbeatMgr][HttpTransportLayer]: 	 url:http://192.168.0.1:80/app/getparamvalue?param=rec
09-14 10:47:52.394  7977 12968 V [MYTAG][HeartbeatMgr][HttpTransportLayer]: [HTTP RSP]
09-14 10:47:52.394  7977 12968 V [MYTAG][HeartbeatMgr][HttpTransportLayer]: 	 errcode:0
09-14 10:47:52.394  7977 12968 V [MYTAG][HeartbeatMgr][HttpTransportLayer]: 	[content]{"result":0,"info":{"value":1}}
09-14 10:47:52.394  7977 12968 V [MYTAG][HeartbeatMgr][HttpTransportLayer]: -----------------------------------------
09-14 10:47:54.848  7977 12968 V [MYTAG][mail_tcp_socket][ViiSocketMailDataPhraser]: ------------mail---------------
09-14 10:47:54.848  7977 12968 V [MYTAG][mail_tcp_socket][ViiSocketMailDataPhraser]: {"msgid":"battery","info":{"capacity":76,"charge":0},"time":1757846874}
09-14 10:47:54.851  7977 12968 V [MYTAG][mail_tcp_socket][ViiSocketMailDataPhraser]: ------------mail---------------
09-14 10:47:54.851  7977 12968 V [MYTAG][mail_tcp_socket][ViiSocketMailDataPhraser]: {"msgid":"sd","info":{"status":0},"time":1757846874}
09-14 10:47:54.852  7977 13169 W System  : Ignoring header sessionid because its value was null.
09-14 10:47:54.853  7977 13169 I System.out: (HTTPLog)-Static: isSBSettingEnabled false
09-14 10:47:54.853  7977 13169 I System.out: (HTTPLog)-Static: isSBSettingEnabled false
09-14 10:47:54.854  7977 12968 V [MYTAG][mail_tcp_socket][RemoteOptor]: ----
09-14 10:47:54.854  7977 12968 V [MYTAG][mail_tcp_socket][RemoteOptor]: [CMD]DEV_SDCARD_STATUS_QUERY
09-14 10:47:54.854  7977 12968 V [MYTAG][mail_tcp_socket][RemoteOptor]: [PARAM]null
09-14 10:47:54.854  7977 12968 V [MYTAG][mail_tcp_socket][HttpTransportLayer]: [HTTP SEND GET]
09-14 10:47:54.854  7977 12968 V [MYTAG][mail_tcp_socket][HttpTransportLayer]: 	 url:http://192.168.0.1:80/app/getsdinfo
09-14 10:47:54.865  7977 12968 V [MYTAG][main][Device]: 603 dev is connected:true
09-14 10:47:54.895  7977  7977 W ProxyAndroidLoggerBackend: Too many Flogger logs received before configuration. Dropping old logs.
09-14 10:47:54.896  7977  7977 W ProxyAndroidLoggerBackend: Too many Flogger logs received before configuration. Dropping old logs.
09-14 10:47:54.903  7977  7977 I chatty  : uid=10291(com.vidure.app) identical 5 lines
09-14 10:47:54.904  7977  7977 W ProxyAndroidLoggerBackend: Too many Flogger logs received before configuration. Dropping old logs.
09-14 10:47:54.913  7977 12968 V [MYTAG][main][Device]: 603 dev is connected:true
09-14 10:47:54.918  7977 12968 V [MYTAG][main][CameraPreviewActivity]: rev msg1:264454
09-14 10:47:54.923  7977 12968 V [MYTAG][mail_tcp_socket][HttpTransportLayer]: [HTTP RSP]
09-14 10:47:54.923  7977 12968 V [MYTAG][mail_tcp_socket][HttpTransportLayer]: 	 errcode:0
09-14 10:47:54.923  7977 12968 V [MYTAG][mail_tcp_socket][HttpTransportLayer]: 	[content]{"result":0,"info":{"status":0,"free":314,"total":1883}}
09-14 10:47:54.923  7977 12968 V [MYTAG][mail_tcp_socket][HttpTransportLayer]: -----------------------------------------
09-14 10:47:54.923  7977 12968 V [MYTAG][main][Device]: 603 dev is connected:true
09-14 10:47:54.923  7977 12968 V [MYTAG][main][CameraPreviewActivity]: rev msg1:589832
09-14 10:47:55.013  7977 15168 W ProxyAndroidLoggerBackend: Too many Flogger logs received before configuration. Dropping old logs.
09-14 10:47:55.013  7977 15168 I chatty  : uid=10291(com.vidure.app) identical 1 line
09-14 10:47:55.014  7977 15168 W ProxyAndroidLoggerBackend: Too many Flogger logs received before configuration. Dropping old logs.
09-14 10:47:56.361  7977 13170 W System  : Ignoring header sessionid because its value was null.
09-14 10:47:56.361  7977 13170 I System.out: (HTTPLog)-Static: isSBSettingEnabled false
09-14 10:47:56.361  7977 13170 I System.out: (HTTPLog)-Static: isSBSettingEnabled false
09-14 10:47:56.361  7977 12968 V [MYTAG][HeartbeatMgr][RemoteOptor]: ----
09-14 10:47:56.361  7977 12968 V [MYTAG][HeartbeatMgr][RemoteOptor]: [CMD]Basic_Msg_MailBox
09-14 10:47:56.361  7977 12968 V [MYTAG][HeartbeatMgr][RemoteOptor]: [PARAM]null
09-14 10:47:56.362  7977 12968 V [MYTAG][HeartbeatMgr][HttpTransportLayer]: [HTTP SEND GET]
09-14 10:47:56.362  7977 12968 V [MYTAG][HeartbeatMgr][HttpTransportLayer]: 	 url:http://192.168.0.1:80/app/getparamvalue?param=rec
09-14 10:47:56.391  7977 12968 V [MYTAG][HeartbeatMgr][HttpTransportLayer]: [HTTP RSP]
09-14 10:47:56.391  7977 12968 V [MYTAG][HeartbeatMgr][HttpTransportLayer]: 	 errcode:0
09-14 10:47:56.391  7977 12968 V [MYTAG][HeartbeatMgr][HttpTransportLayer]: 	[content]{"result":0,"info":{"value":1}}
09-14 10:47:56.391  7977 12968 V [MYTAG][HeartbeatMgr][HttpTransportLayer]: -----------------------------------------
09-14 10:47:57.859  7977 12968 V [MYTAG][mail_tcp_socket][ViiSocketMailDataPhraser]: ------------mail---------------
09-14 10:47:57.859  7977 12968 V [MYTAG][mail_tcp_socket][ViiSocketMailDataPhraser]: {"msgid":"battery","info":{"capacity":76,"charge":0},"time":1757846877}
09-14 10:47:57.861  7977 12968 V [MYTAG][mail_tcp_socket][ViiSocketMailDataPhraser]: ------------mail---------------
09-14 10:47:57.861  7977 12968 V [MYTAG][mail_tcp_socket][ViiSocketMailDataPhraser]: {"msgid":"sd","info":{"status":0},"time":1757846877}
09-14 10:47:57.861  7977 12968 V [MYTAG][mail_tcp_socket][RemoteOptor]: ----
09-14 10:47:57.861  7977 12968 V [MYTAG][mail_tcp_socket][RemoteOptor]: [CMD]DEV_SDCARD_STATUS_QUERY
09-14 10:47:57.861  7977 12968 V [MYTAG][mail_tcp_socket][RemoteOptor]: [PARAM]null
09-14 10:47:57.862  7977 13169 W System  : Ignoring header sessionid because its value was null.
09-14 10:47:57.862  7977 13169 I System.out: (HTTPLog)-Static: isSBSettingEnabled false
09-14 10:47:57.862  7977 13169 I System.out: (HTTPLog)-Static: isSBSettingEnabled false
09-14 10:47:57.864  7977 12968 V [MYTAG][mail_tcp_socket][HttpTransportLayer]: [HTTP SEND GET]
09-14 10:47:57.864  7977 12968 V [MYTAG][mail_tcp_socket][HttpTransportLayer]: 	 url:http://192.168.0.1:80/app/getsdinfo
09-14 10:47:57.870  7977 12968 V [MYTAG][main][Device]: 603 dev is connected:true
09-14 10:47:57.904  7977 12968 V [MYTAG][mail_tcp_socket][HttpTransportLayer]: [HTTP RSP]
09-14 10:47:57.904  7977 12968 V [MYTAG][mail_tcp_socket][HttpTransportLayer]: 	 errcode:0
09-14 10:47:57.904  7977 12968 V [MYTAG][mail_tcp_socket][HttpTransportLayer]: 	[content]{"result":0,"info":{"status":0,"free":310,"total":1883}}
09-14 10:47:57.904  7977 12968 V [MYTAG][mail_tcp_socket][HttpTransportLayer]: -----------------------------------------
09-14 10:47:57.931  7977  7977 W ProxyAndroidLoggerBackend: Too many Flogger logs received before configuration. Dropping old logs.
09-14 10:47:57.940  7977  7977 I chatty  : uid=10291(com.vidure.app) identical 6 lines
09-14 10:47:57.941  7977  7977 W ProxyAndroidLoggerBackend: Too many Flogger logs received before configuration. Dropping old logs.
09-14 10:47:57.957  7977 12968 V [MYTAG][main][Device]: 603 dev is connected:true
09-14 10:47:57.961  7977 12968 V [MYTAG][main][CameraPreviewActivity]: rev msg1:264454
09-14 10:47:57.962  7977 12968 V [MYTAG][main][Device]: 603 dev is connected:true
09-14 10:47:57.962  7977 12968 V [MYTAG][main][CameraPreviewActivity]: rev msg1:589832
09-14 10:48:00.361  7977 12968 V [MYTAG][HeartbeatMgr][RemoteOptor]: ----
09-14 10:48:00.361  7977 12968 V [MYTAG][HeartbeatMgr][RemoteOptor]: [CMD]Basic_Msg_MailBox
09-14 10:48:00.361  7977 12968 V [MYTAG][HeartbeatMgr][RemoteOptor]: [PARAM]null
09-14 10:48:00.362  7977 13170 W System  : Ignoring header sessionid because its value was null.
09-14 10:48:00.362  7977 12968 V [MYTAG][HeartbeatMgr][HttpTransportLayer]: [HTTP SEND GET]
09-14 10:48:00.362  7977 12968 V [MYTAG][HeartbeatMgr][HttpTransportLayer]: 	 url:http://192.168.0.1:80/app/getparamvalue?param=rec
09-14 10:48:00.362  7977 13170 I System.out: (HTTPLog)-Static: isSBSettingEnabled false
09-14 10:48:00.363  7977 13170 I System.out: (HTTPLog)-Static: isSBSettingEnabled false
09-14 10:48:00.393  7977 12968 V [MYTAG][HeartbeatMgr][HttpTransportLayer]: [HTTP RSP]
09-14 10:48:00.393  7977 12968 V [MYTAG][HeartbeatMgr][HttpTransportLayer]: 	 errcode:0
09-14 10:48:00.393  7977 12968 V [MYTAG][HeartbeatMgr][HttpTransportLayer]: 	[content]{"result":0,"info":{"value":1}}
09-14 10:48:00.393  7977 12968 V [MYTAG][HeartbeatMgr][HttpTransportLayer]: -----------------------------------------
09-14 10:48:00.869  7977 12968 V [MYTAG][mail_tcp_socket][ViiSocketMailDataPhraser]: ------------mail---------------
09-14 10:48:00.869  7977 12968 V [MYTAG][mail_tcp_socket][ViiSocketMailDataPhraser]: {"msgid":"battery","info":{"capacity":76,"charge":0},"time":1757846880}
09-14 10:48:00.877  7977 13169 W System  : Ignoring header sessionid because its value was null.
09-14 10:48:00.878  7977 13169 I System.out: (HTTPLog)-Static: isSBSettingEnabled false
09-14 10:48:00.878  7977 13169 I System.out: (HTTPLog)-Static: isSBSettingEnabled false
09-14 10:48:00.878  7977 12968 V [MYTAG][mail_tcp_socket][ViiSocketMailDataPhraser]: ------------mail---------------
09-14 10:48:00.878  7977 12968 V [MYTAG][mail_tcp_socket][ViiSocketMailDataPhraser]: {"msgid":"sd","info":{"status":0},"time":1757846880}
09-14 10:48:00.879  7977 12968 V [MYTAG][mail_tcp_socket][RemoteOptor]: ----
09-14 10:48:00.879  7977 12968 V [MYTAG][mail_tcp_socket][RemoteOptor]: [CMD]DEV_SDCARD_STATUS_QUERY
09-14 10:48:00.879  7977 12968 V [MYTAG][mail_tcp_socket][RemoteOptor]: [PARAM]null
09-14 10:48:00.879  7977 12968 V [MYTAG][mail_tcp_socket][HttpTransportLayer]: [HTTP SEND GET]
09-14 10:48:00.879  7977 12968 V [MYTAG][mail_tcp_socket][HttpTransportLayer]: 	 url:http://192.168.0.1:80/app/getsdinfo
09-14 10:48:00.880  7977 12968 V [MYTAG][main][Device]: 603 dev is connected:true
09-14 10:48:00.919  7977 12968 V [MYTAG][mail_tcp_socket][HttpTransportLayer]: [HTTP RSP]
09-14 10:48:00.919  7977 12968 V [MYTAG][mail_tcp_socket][HttpTransportLayer]: 	 errcode:0
09-14 10:48:00.919  7977 12968 V [MYTAG][mail_tcp_socket][HttpTransportLayer]: 	[content]{"result":0,"info":{"status":0,"free":306,"total":1883}}
09-14 10:48:00.919  7977 12968 V [MYTAG][mail_tcp_socket][HttpTransportLayer]: -----------------------------------------
09-14 10:48:00.926  7977  7977 W ProxyAndroidLoggerBackend: Too many Flogger logs received before configuration. Dropping old logs.
09-14 10:48:00.935  7977  7977 I chatty  : uid=10291(com.vidure.app) identical 6 lines
09-14 10:48:00.936  7977  7977 W ProxyAndroidLoggerBackend: Too many Flogger logs received before configuration. Dropping old logs.
09-14 10:48:00.945  7977 12968 V [MYTAG][main][Device]: 603 dev is connected:true
09-14 10:48:00.952  7977 12968 V [MYTAG][main][CameraPreviewActivity]: rev msg1:264454
09-14 10:48:00.953  7977 12968 V [MYTAG][main][Device]: 603 dev is connected:true
09-14 10:48:00.953  7977 12968 V [MYTAG][main][CameraPreviewActivity]: rev msg1:589832
09-14 10:48:03.877  7977 12968 V [MYTAG][mail_tcp_socket][ViiSocketMailDataPhraser]: ------------mail---------------
09-14 10:48:03.877  7977 12968 V [MYTAG][mail_tcp_socket][ViiSocketMailDataPhraser]: {"msgid":"battery","info":{"capacity":76,"charge":0},"time":1757846883}
09-14 10:48:03.879  7977 12968 V [MYTAG][mail_tcp_socket][ViiSocketMailDataPhraser]: ------------mail---------------
09-14 10:48:03.879  7977 12968 V [MYTAG][mail_tcp_socket][ViiSocketMailDataPhraser]: {"msgid":"sd","info":{"status":0},"time":1757846883}
09-14 10:48:03.880  7977 12968 V [MYTAG][mail_tcp_socket][RemoteOptor]: ----
09-14 10:48:03.880  7977 12968 V [MYTAG][mail_tcp_socket][RemoteOptor]: [CMD]DEV_SDCARD_STATUS_QUERY
09-14 10:48:03.880  7977 12968 V [MYTAG][mail_tcp_socket][RemoteOptor]: [PARAM]null
09-14 10:48:03.881  7977 12968 V [MYTAG][mail_tcp_socket][HttpTransportLayer]: [HTTP SEND GET]
09-14 10:48:03.881  7977 12968 V [MYTAG][mail_tcp_socket][HttpTransportLayer]: 	 url:http://192.168.0.1:80/app/getsdinfo
09-14 10:48:03.881  7977 13169 W System  : Ignoring header sessionid because its value was null.
09-14 10:48:03.881  7977 13169 I System.out: (HTTPLog)-Static: isSBSettingEnabled false
09-14 10:48:03.882  7977 13169 I System.out: (HTTPLog)-Static: isSBSettingEnabled false
09-14 10:48:03.896  7977 12968 V [MYTAG][main][Device]: 603 dev is connected:true
09-14 10:48:03.908  7977 12968 V [MYTAG][mail_tcp_socket][HttpTransportLayer]: [HTTP RSP]
09-14 10:48:03.908  7977 12968 V [MYTAG][mail_tcp_socket][HttpTransportLayer]: 	 errcode:0
09-14 10:48:03.908  7977 12968 V [MYTAG][mail_tcp_socket][HttpTransportLayer]: 	[content]{"result":0,"info":{"status":0,"free":303,"total":1883}}
09-14 10:48:03.908  7977 12968 V [MYTAG][mail_tcp_socket][HttpTransportLayer]: -----------------------------------------
09-14 10:48:03.944  7977  7977 W ProxyAndroidLoggerBackend: Too many Flogger logs received before configuration. Dropping old logs.
09-14 10:48:03.952  7977  7977 I chatty  : uid=10291(com.vidure.app) identical 6 lines
09-14 10:48:03.953  7977  7977 W ProxyAndroidLoggerBackend: Too many Flogger logs received before configuration. Dropping old logs.
09-14 10:48:03.970  7977 12968 V [MYTAG][main][Device]: 603 dev is connected:true
09-14 10:48:03.973  7977 12968 V [MYTAG][main][CameraPreviewActivity]: rev msg1:264454
09-14 10:48:03.974  7977 12968 V [MYTAG][main][Device]: 603 dev is connected:true
09-14 10:48:03.974  7977 12968 V [MYTAG][main][CameraPreviewActivity]: rev msg1:589832
09-14 10:48:04.362  7977 12968 V [MYTAG][HeartbeatMgr][RemoteOptor]: ----
09-14 10:48:04.362  7977 12968 V [MYTAG][HeartbeatMgr][RemoteOptor]: [CMD]Basic_Msg_MailBox
09-14 10:48:04.362  7977 12968 V [MYTAG][HeartbeatMgr][RemoteOptor]: [PARAM]null
09-14 10:48:04.363  7977 12968 V [MYTAG][HeartbeatMgr][HttpTransportLayer]: [HTTP SEND GET]
09-14 10:48:04.363  7977 12968 V [MYTAG][HeartbeatMgr][HttpTransportLayer]: 	 url:http://192.168.0.1:80/app/getparamvalue?param=rec
09-14 10:48:04.363  7977 13170 W System  : Ignoring header sessionid because its value was null.
09-14 10:48:04.364  7977 13170 I System.out: (HTTPLog)-Static: isSBSettingEnabled false
09-14 10:48:04.364  7977 13170 I System.out: (HTTPLog)-Static: isSBSettingEnabled false
09-14 10:48:04.392  7977 12968 V [MYTAG][HeartbeatMgr][HttpTransportLayer]: [HTTP RSP]
09-14 10:48:04.392  7977 12968 V [MYTAG][HeartbeatMgr][HttpTransportLayer]: 	 errcode:0
09-14 10:48:04.392  7977 12968 V [MYTAG][HeartbeatMgr][HttpTransportLayer]: 	[content]{"result":0,"info":{"value":1}}
09-14 10:48:04.392  7977 12968 V [MYTAG][HeartbeatMgr][HttpTransportLayer]: -----------------------------------------
09-14 10:48:06.889  7977 12968 V [MYTAG][mail_tcp_socket][ViiSocketMailDataPhraser]: ------------mail---------------
09-14 10:48:06.889  7977 12968 V [MYTAG][mail_tcp_socket][ViiSocketMailDataPhraser]: {"msgid":"battery","info":{"capacity":76,"charge":0},"time":1757846886}
09-14 10:48:06.890  7977 13169 W System  : Ignoring header sessionid because its value was null.
09-14 10:48:06.891  7977 12968 V [MYTAG][mail_tcp_socket][ViiSocketMailDataPhraser]: ------------mail---------------
09-14 10:48:06.891  7977 12968 V [MYTAG][mail_tcp_socket][ViiSocketMailDataPhraser]: {"msgid":"sd","info":{"status":0},"time":1757846886}
09-14 10:48:06.891  7977 12968 V [MYTAG][mail_tcp_socket][RemoteOptor]: ----
09-14 10:48:06.891  7977 12968 V [MYTAG][mail_tcp_socket][RemoteOptor]: [CMD]DEV_SDCARD_STATUS_QUERY
09-14 10:48:06.891  7977 12968 V [MYTAG][mail_tcp_socket][RemoteOptor]: [PARAM]null
09-14 10:48:06.891  7977 13169 I System.out: (HTTPLog)-Static: isSBSettingEnabled false
09-14 10:48:06.891  7977 12968 V [MYTAG][mail_tcp_socket][HttpTransportLayer]: [HTTP SEND GET]
09-14 10:48:06.891  7977 12968 V [MYTAG][mail_tcp_socket][HttpTransportLayer]: 	 url:http://192.168.0.1:80/app/getsdinfo
09-14 10:48:06.891  7977 13169 I System.out: (HTTPLog)-Static: isSBSettingEnabled false
09-14 10:48:06.900  7977 12968 V [MYTAG][main][Device]: 603 dev is connected:true
09-14 10:48:06.923  7977 12968 V [MYTAG][mail_tcp_socket][HttpTransportLayer]: [HTTP RSP]
09-14 10:48:06.923  7977 12968 V [MYTAG][mail_tcp_socket][HttpTransportLayer]: 	 errcode:0
09-14 10:48:06.923  7977 12968 V [MYTAG][mail_tcp_socket][HttpTransportLayer]: 	[content]{"result":0,"info":{"status":0,"free":299,"total":1883}}
09-14 10:48:06.923  7977 12968 V [MYTAG][mail_tcp_socket][HttpTransportLayer]: -----------------------------------------
09-14 10:48:06.934  7977  7977 W ProxyAndroidLoggerBackend: Too many Flogger logs received before configuration. Dropping old logs.
09-14 10:48:06.941  7977  7977 I chatty  : uid=10291(com.vidure.app) identical 6 lines
09-14 10:48:06.942  7977  7977 W ProxyAndroidLoggerBackend: Too many Flogger logs received before configuration. Dropping old logs.
09-14 10:48:06.952  7977 12968 V [MYTAG][main][Device]: 603 dev is connected:true
09-14 10:48:06.958  7977 12968 V [MYTAG][main][CameraPreviewActivity]: rev msg1:264454
09-14 10:48:06.958  7977 12968 V [MYTAG][main][Device]: 603 dev is connected:true
09-14 10:48:06.958  7977 12968 V [MYTAG][main][CameraPreviewActivity]: rev msg1:589832
09-14 10:48:07.036  7977 15117 W ProxyAndroidLoggerBackend: Too many Flogger logs received before configuration. Dropping old logs.
09-14 10:48:07.036  7977 15117 I chatty  : uid=10291(com.vidure.app) identical 1 line
09-14 10:48:07.036  7977 15117 W ProxyAndroidLoggerBackend: Too many Flogger logs received before configuration. Dropping old logs.
09-14 10:48:08.362  7977 13170 W System  : Ignoring header sessionid because its value was null.
09-14 10:48:08.362  7977 13170 I System.out: (HTTPLog)-Static: isSBSettingEnabled false
09-14 10:48:08.363  7977 13170 I System.out: (HTTPLog)-Static: isSBSettingEnabled false
09-14 10:48:08.364  7977 12968 V [MYTAG][HeartbeatMgr][RemoteOptor]: ----
09-14 10:48:08.364  7977 12968 V [MYTAG][HeartbeatMgr][RemoteOptor]: [CMD]Basic_Msg_MailBox
09-14 10:48:08.364  7977 12968 V [MYTAG][HeartbeatMgr][RemoteOptor]: [PARAM]null
09-14 10:48:08.364  7977 12968 V [MYTAG][HeartbeatMgr][HttpTransportLayer]: [HTTP SEND GET]
09-14 10:48:08.364  7977 12968 V [MYTAG][HeartbeatMgr][HttpTransportLayer]: 	 url:http://192.168.0.1:80/app/getparamvalue?param=rec
09-14 10:48:08.387  7977 12968 V [MYTAG][HeartbeatMgr][HttpTransportLayer]: [HTTP RSP]
09-14 10:48:08.387  7977 12968 V [MYTAG][HeartbeatMgr][HttpTransportLayer]: 	 errcode:0
09-14 10:48:08.387  7977 12968 V [MYTAG][HeartbeatMgr][HttpTransportLayer]: 	[content]{"result":0,"info":{"value":1}}
09-14 10:48:08.387  7977 12968 V [MYTAG][HeartbeatMgr][HttpTransportLayer]: -----------------------------------------
09-14 10:48:09.897  7977 12968 V [MYTAG][mail_tcp_socket][ViiSocketMailDataPhraser]: ------------mail---------------
09-14 10:48:09.897  7977 12968 V [MYTAG][mail_tcp_socket][ViiSocketMailDataPhraser]: {"msgid":"battery","info":{"capacity":76,"charge":0},"time":1757846889}
09-14 10:48:09.904  7977 12968 V [MYTAG][mail_tcp_socket][ViiSocketMailDataPhraser]: ------------mail---------------
09-14 10:48:09.904  7977 12968 V [MYTAG][mail_tcp_socket][ViiSocketMailDataPhraser]: {"msgid":"sd","info":{"status":0},"time":1757846889}
09-14 10:48:09.907  7977 12968 V [MYTAG][mail_tcp_socket][RemoteOptor]: ----
09-14 10:48:09.907  7977 12968 V [MYTAG][mail_tcp_socket][RemoteOptor]: [CMD]DEV_SDCARD_STATUS_QUERY
09-14 10:48:09.907  7977 12968 V [MYTAG][mail_tcp_socket][RemoteOptor]: [PARAM]null
09-14 10:48:09.908  7977 13169 W System  : Ignoring header sessionid because its value was null.
09-14 10:48:09.908  7977 12968 V [MYTAG][mail_tcp_socket][HttpTransportLayer]: [HTTP SEND GET]
09-14 10:48:09.908  7977 12968 V [MYTAG][mail_tcp_socket][HttpTransportLayer]: 	 url:http://192.168.0.1:80/app/getsdinfo
09-14 10:48:09.908  7977 13169 I System.out: (HTTPLog)-Static: isSBSettingEnabled false
09-14 10:48:09.909  7977 13169 I System.out: (HTTPLog)-Static: isSBSettingEnabled false
09-14 10:48:09.914  7977 12968 V [MYTAG][main][Device]: 603 dev is connected:true
09-14 10:48:09.938  7977 12968 V [MYTAG][mail_tcp_socket][HttpTransportLayer]: [HTTP RSP]
09-14 10:48:09.938  7977 12968 V [MYTAG][mail_tcp_socket][HttpTransportLayer]: 	 errcode:0
09-14 10:48:09.938  7977 12968 V [MYTAG][mail_tcp_socket][HttpTransportLayer]: 	[content]{"result":0,"info":{"status":0,"free":295,"total":1883}}
09-14 10:48:09.938  7977 12968 V [MYTAG][mail_tcp_socket][HttpTransportLayer]: -----------------------------------------
09-14 10:48:09.957  7977  7977 W ProxyAndroidLoggerBackend: Too many Flogger logs received before configuration. Dropping old logs.
09-14 10:48:09.965  7977  7977 I chatty  : uid=10291(com.vidure.app) identical 6 lines
09-14 10:48:09.965  7977  7977 W ProxyAndroidLoggerBackend: Too many Flogger logs received before configuration. Dropping old logs.
09-14 10:48:09.972  7977 15242 W ProxyAndroidLoggerBackend: Too many Flogger logs received before configuration. Dropping old logs.
09-14 10:48:09.991  7977 12968 V [MYTAG][main][Device]: 603 dev is connected:true
09-14 10:48:09.996  7977 12968 V [MYTAG][main][CameraPreviewActivity]: rev msg1:264454
09-14 10:48:09.996  7977 12968 V [MYTAG][main][Device]: 603 dev is connected:true
09-14 10:48:09.996  7977 12968 V [MYTAG][main][CameraPreviewActivity]: rev msg1:589832
09-14 10:48:12.363  7977 13170 W System  : Ignoring header sessionid because its value was null.
09-14 10:48:12.364  7977 13170 I System.out: (HTTPLog)-Static: isSBSettingEnabled false
09-14 10:48:12.364  7977 13170 I System.out: (HTTPLog)-Static: isSBSettingEnabled false
09-14 10:48:12.365  7977 12968 V [MYTAG][HeartbeatMgr][RemoteOptor]: ----
09-14 10:48:12.365  7977 12968 V [MYTAG][HeartbeatMgr][RemoteOptor]: [CMD]Basic_Msg_MailBox
09-14 10:48:12.365  7977 12968 V [MYTAG][HeartbeatMgr][RemoteOptor]: [PARAM]null
09-14 10:48:12.365  7977 12968 V [MYTAG][HeartbeatMgr][HttpTransportLayer]: [HTTP SEND GET]
09-14 10:48:12.365  7977 12968 V [MYTAG][HeartbeatMgr][HttpTransportLayer]: 	 url:http://192.168.0.1:80/app/getparamvalue?param=rec
09-14 10:48:12.385  7977 12968 V [MYTAG][HeartbeatMgr][HttpTransportLayer]: [HTTP RSP]
09-14 10:48:12.385  7977 12968 V [MYTAG][HeartbeatMgr][HttpTransportLayer]: 	 errcode:0
09-14 10:48:12.385  7977 12968 V [MYTAG][HeartbeatMgr][HttpTransportLayer]: 	[content]{"result":0,"info":{"value":1}}
09-14 10:48:12.385  7977 12968 V [MYTAG][HeartbeatMgr][HttpTransportLayer]: -----------------------------------------
09-14 10:48:12.907  7977 12968 V [MYTAG][mail_tcp_socket][ViiSocketMailDataPhraser]: ------------mail---------------
09-14 10:48:12.907  7977 12968 V [MYTAG][mail_tcp_socket][ViiSocketMailDataPhraser]: {"msgid":"battery","info":{"capacity":76,"charge":0},"time":1757846892}
09-14 10:48:12.911  7977 12968 V [MYTAG][mail_tcp_socket][ViiSocketMailDataPhraser]: ------------mail---------------
09-14 10:48:12.911  7977 12968 V [MYTAG][mail_tcp_socket][ViiSocketMailDataPhraser]: {"msgid":"sd","info":{"status":0},"time":1757846892}
09-14 10:48:12.912  7977 13169 W System  : Ignoring header sessionid because its value was null.
09-14 10:48:12.912  7977 12968 V [MYTAG][mail_tcp_socket][RemoteOptor]: ----
09-14 10:48:12.912  7977 12968 V [MYTAG][mail_tcp_socket][RemoteOptor]: [CMD]DEV_SDCARD_STATUS_QUERY
09-14 10:48:12.912  7977 12968 V [MYTAG][mail_tcp_socket][RemoteOptor]: [PARAM]null
09-14 10:48:12.912  7977 12968 V [MYTAG][mail_tcp_socket][HttpTransportLayer]: [HTTP SEND GET]
09-14 10:48:12.912  7977 12968 V [MYTAG][mail_tcp_socket][HttpTransportLayer]: 	 url:http://192.168.0.1:80/app/getsdinfo
09-14 10:48:12.913  7977 13169 I System.out: (HTTPLog)-Static: isSBSettingEnabled false
09-14 10:48:12.913  7977 13169 I System.out: (HTTPLog)-Static: isSBSettingEnabled false
09-14 10:48:12.922  7977 12968 V [MYTAG][main][Device]: 603 dev is connected:true
09-14 10:48:12.948  7977 12968 V [MYTAG][mail_tcp_socket][HttpTransportLayer]: [HTTP RSP]
09-14 10:48:12.948  7977 12968 V [MYTAG][mail_tcp_socket][HttpTransportLayer]: 	 errcode:0
09-14 10:48:12.948  7977 12968 V [MYTAG][mail_tcp_socket][HttpTransportLayer]: 	[content]{"result":0,"info":{"status":0,"free":291,"total":1883}}
09-14 10:48:12.948  7977 12968 V [MYTAG][mail_tcp_socket][HttpTransportLayer]: -----------------------------------------
09-14 10:48:12.995  7977  7977 W ProxyAndroidLoggerBackend: Too many Flogger logs received before configuration. Dropping old logs.
09-14 10:48:13.007  7977  7977 I chatty  : uid=10291(com.vidure.app) identical 6 lines
09-14 10:48:13.008  7977  7977 W ProxyAndroidLoggerBackend: Too many Flogger logs received before configuration. Dropping old logs.
09-14 10:48:13.020  7977 12968 V [MYTAG][main][Device]: 603 dev is connected:true
09-14 10:48:13.023  7977 12968 V [MYTAG][main][CameraPreviewActivity]: rev msg1:264454
09-14 10:48:13.023  7977 12968 V [MYTAG][main][Device]: 603 dev is connected:true
09-14 10:48:13.023  7977 12968 V [MYTAG][main][CameraPreviewActivity]: rev msg1:589832
09-14 10:48:15.917  7977 12968 V [MYTAG][mail_tcp_socket][ViiSocketMailDataPhraser]: ------------mail---------------
09-14 10:48:15.917  7977 12968 V [MYTAG][mail_tcp_socket][ViiSocketMailDataPhraser]: {"msgid":"battery","info":{"capacity":76,"charge":0},"time":1757846895}
09-14 10:48:15.919  7977 12968 V [MYTAG][mail_tcp_socket][ViiSocketMailDataPhraser]: ------------mail---------------
09-14 10:48:15.919  7977 12968 V [MYTAG][mail_tcp_socket][ViiSocketMailDataPhraser]: {"msgid":"sd","info":{"status":0},"time":1757846895}
09-14 10:48:15.921  7977 13169 W System  : Ignoring header sessionid because its value was null.
09-14 10:48:15.922  7977 12968 V [MYTAG][mail_tcp_socket][RemoteOptor]: ----
09-14 10:48:15.922  7977 12968 V [MYTAG][mail_tcp_socket][RemoteOptor]: [CMD]DEV_SDCARD_STATUS_QUERY
09-14 10:48:15.922  7977 12968 V [MYTAG][mail_tcp_socket][RemoteOptor]: [PARAM]null
09-14 10:48:15.922  7977 12968 V [MYTAG][mail_tcp_socket][HttpTransportLayer]: [HTTP SEND GET]
09-14 10:48:15.922  7977 12968 V [MYTAG][mail_tcp_socket][HttpTransportLayer]: 	 url:http://192.168.0.1:80/app/getsdinfo
09-14 10:48:15.922  7977 13169 I System.out: (HTTPLog)-Static: isSBSettingEnabled false
09-14 10:48:15.922  7977 13169 I System.out: (HTTPLog)-Static: isSBSettingEnabled false
09-14 10:48:15.925  7977 12968 V [MYTAG][main][Device]: 603 dev is connected:true
09-14 10:48:15.953  7977 12968 V [MYTAG][mail_tcp_socket][HttpTransportLayer]: [HTTP RSP]
09-14 10:48:15.953  7977 12968 V [MYTAG][mail_tcp_socket][HttpTransportLayer]: 	 errcode:0
09-14 10:48:15.953  7977 12968 V [MYTAG][mail_tcp_socket][HttpTransportLayer]: 	[content]{"result":0,"info":{"status":0,"free":287,"total":1883}}
09-14 10:48:15.953  7977 12968 V [MYTAG][mail_tcp_socket][HttpTransportLayer]: -----------------------------------------
09-14 10:48:15.962  7977  7977 W ProxyAndroidLoggerBackend: Too many Flogger logs received before configuration. Dropping old logs.
09-14 10:48:15.969  7977  7977 I chatty  : uid=10291(com.vidure.app) identical 6 lines
09-14 10:48:15.970  7977  7977 W ProxyAndroidLoggerBackend: Too many Flogger logs received before configuration. Dropping old logs.
09-14 10:48:15.984  7977 12968 V [MYTAG][main][Device]: 603 dev is connected:true
09-14 10:48:15.990  7977 12968 V [MYTAG][main][CameraPreviewActivity]: rev msg1:264454
09-14 10:48:15.990  7977 12968 V [MYTAG][main][Device]: 603 dev is connected:true
09-14 10:48:15.990  7977 12968 V [MYTAG][main][CameraPreviewActivity]: rev msg1:589832
09-14 10:48:16.018  7977 15117 W ProxyAndroidLoggerBackend: Too many Flogger logs received before configuration. Dropping old logs.
09-14 10:48:16.018  7977 15117 I chatty  : uid=10291(com.vidure.app) identical 1 line
09-14 10:48:16.018  7977 15117 W ProxyAndroidLoggerBackend: Too many Flogger logs received before configuration. Dropping old logs.
09-14 10:48:16.363  7977 12968 V [MYTAG][HeartbeatMgr][RemoteOptor]: ----
09-14 10:48:16.363  7977 12968 V [MYTAG][HeartbeatMgr][RemoteOptor]: [CMD]Basic_Msg_MailBox
09-14 10:48:16.363  7977 12968 V [MYTAG][HeartbeatMgr][RemoteOptor]: [PARAM]null
09-14 10:48:16.364  7977 12968 V [MYTAG][HeartbeatMgr][HttpTransportLayer]: [HTTP SEND GET]
09-14 10:48:16.364  7977 12968 V [MYTAG][HeartbeatMgr][HttpTransportLayer]: 	 url:http://192.168.0.1:80/app/getparamvalue?param=rec
09-14 10:48:16.364  7977 13170 W System  : Ignoring header sessionid because its value was null.
09-14 10:48:16.364  7977 13170 I System.out: (HTTPLog)-Static: isSBSettingEnabled false
09-14 10:48:16.364  7977 13170 I System.out: (HTTPLog)-Static: isSBSettingEnabled false
09-14 10:48:16.384  7977 12968 V [MYTAG][HeartbeatMgr][HttpTransportLayer]: [HTTP RSP]
09-14 10:48:16.384  7977 12968 V [MYTAG][HeartbeatMgr][HttpTransportLayer]: 	 errcode:0
09-14 10:48:16.384  7977 12968 V [MYTAG][HeartbeatMgr][HttpTransportLayer]: 	[content]{"result":0,"info":{"value":1}}
09-14 10:48:16.384  7977 12968 V [MYTAG][HeartbeatMgr][HttpTransportLayer]: -----------------------------------------
09-14 10:48:16.791  7977 13041 I System.out: (HTTPLog)-Static: isSBSettingEnabled false
09-14 10:48:16.791  7977 13041 I System.out: (HTTPLog)-Static: isSBSettingEnabled false
09-14 10:48:16.792  7977 13037 W Settings: Setting adb_enabled has moved from android.provider.Settings.Secure to android.provider.Settings.Global.
09-14 10:48:16.929  7977 13037 I System.out: (HTTPLog)-Static: isSBSettingEnabled false
09-14 10:48:16.954  7977 13037 I chatty  : uid=10291(com.vidure.app) identical 2 lines
09-14 10:48:16.954  7977 13037 I System.out: (HTTPLog)-Static: isSBSettingEnabled false
09-14 10:48:18.827  7977 13041 I System.out: (HTTPLog)-Static: isSBSettingEnabled false
09-14 10:48:18.827  7977 13041 I System.out: (HTTPLog)-Static: isSBSettingEnabled false
09-14 10:48:18.928  7977 12968 V [MYTAG][mail_tcp_socket][ViiSocketMailDataPhraser]: ------------mail---------------
09-14 10:48:18.928  7977 12968 V [MYTAG][mail_tcp_socket][ViiSocketMailDataPhraser]: {"msgid":"battery","info":{"capacity":76,"charge":0},"time":1757846898}
09-14 10:48:18.930  7977 12968 V [MYTAG][mail_tcp_socket][ViiSocketMailDataPhraser]: ------------mail---------------
09-14 10:48:18.930  7977 12968 V [MYTAG][mail_tcp_socket][ViiSocketMailDataPhraser]: {"msgid":"sd","info":{"status":0},"time":1757846898}
09-14 10:48:18.930  7977 12968 V [MYTAG][mail_tcp_socket][RemoteOptor]: ----
09-14 10:48:18.930  7977 12968 V [MYTAG][mail_tcp_socket][RemoteOptor]: [CMD]DEV_SDCARD_STATUS_QUERY
09-14 10:48:18.930  7977 12968 V [MYTAG][mail_tcp_socket][RemoteOptor]: [PARAM]null
09-14 10:48:18.931  7977 12968 V [MYTAG][mail_tcp_socket][HttpTransportLayer]: [HTTP SEND GET]
09-14 10:48:18.931  7977 12968 V [MYTAG][mail_tcp_socket][HttpTransportLayer]: 	 url:http://192.168.0.1:80/app/getsdinfo
09-14 10:48:18.931  7977 13169 W System  : Ignoring header sessionid because its value was null.
09-14 10:48:18.931  7977 13169 I System.out: (HTTPLog)-Static: isSBSettingEnabled false
09-14 10:48:18.931  7977 13169 I System.out: (HTTPLog)-Static: isSBSettingEnabled false
09-14 10:48:18.935  7977 12968 V [MYTAG][main][Device]: 603 dev is connected:true
09-14 10:48:18.953  7977 12968 V [MYTAG][mail_tcp_socket][HttpTransportLayer]: [HTTP RSP]
09-14 10:48:18.953  7977 12968 V [MYTAG][mail_tcp_socket][HttpTransportLayer]: 	 errcode:0
09-14 10:48:18.953  7977 12968 V [MYTAG][mail_tcp_socket][HttpTransportLayer]: 	[content]{"result":0,"info":{"status":0,"free":283,"total":1883}}
09-14 10:48:18.953  7977 12968 V [MYTAG][mail_tcp_socket][HttpTransportLayer]: -----------------------------------------
09-14 10:48:18.973  7977  7977 W ProxyAndroidLoggerBackend: Too many Flogger logs received before configuration. Dropping old logs.
09-14 10:48:18.981  7977  7977 I chatty  : uid=10291(com.vidure.app) identical 6 lines
09-14 10:48:18.982  7977  7977 W ProxyAndroidLoggerBackend: Too many Flogger logs received before configuration. Dropping old logs.
09-14 10:48:19.001  7977 12968 V [MYTAG][main][Device]: 603 dev is connected:true
09-14 10:48:19.005  7977 12968 V [MYTAG][main][CameraPreviewActivity]: rev msg1:264454
09-14 10:48:19.005  7977 12968 V [MYTAG][main][Device]: 603 dev is connected:true
09-14 10:48:19.005  7977 12968 V [MYTAG][main][CameraPreviewActivity]: rev msg1:589832
09-14 10:48:19.056  7977 15117 W ProxyAndroidLoggerBackend: Too many Flogger logs received before configuration. Dropping old logs.
09-14 10:48:19.057  7977 15117 W ProxyAndroidLoggerBackend: Too many Flogger logs received before configuration. Dropping old logs.
09-14 10:48:19.057  7977 15241 W ProxyAndroidLoggerBackend: Too many Flogger logs received before configuration. Dropping old logs.
09-14 10:48:19.261  7977 12918 I com.vidure.app: Background young concurrent copying GC freed 108120(17MB) AllocSpace objects, 54(2980KB) LOS objects, 19% free, 82MB/102MB, paused 622us total 181.044ms
09-14 10:48:20.318  7977 12968 D [MYTAG][main][SystemLocationClientImpl]: onLocationChanged GPS data:精度=9.648001 速度=2.0 海拔=325.68804931640625 经纬度=49.33344445, 7.05258948
09-14 10:48:20.322  7977 12968 D [MYTAG][main][SystemLocationClientImpl]: 当前信号强度: 3
09-14 10:48:20.364  7977 13170 W System  : Ignoring header sessionid because its value was null.
09-14 10:48:20.365  7977 13170 I System.out: (HTTPLog)-Static: isSBSettingEnabled false
09-14 10:48:20.365  7977 13170 I System.out: (HTTPLog)-Static: isSBSettingEnabled false
09-14 10:48:20.366  7977 12968 V [MYTAG][HeartbeatMgr][RemoteOptor]: ----
09-14 10:48:20.366  7977 12968 V [MYTAG][HeartbeatMgr][RemoteOptor]: [CMD]Basic_Msg_MailBox
09-14 10:48:20.366  7977 12968 V [MYTAG][HeartbeatMgr][RemoteOptor]: [PARAM]null
09-14 10:48:20.366  7977 12968 V [MYTAG][HeartbeatMgr][HttpTransportLayer]: [HTTP SEND GET]
09-14 10:48:20.366  7977 12968 V [MYTAG][HeartbeatMgr][HttpTransportLayer]: 	 url:http://192.168.0.1:80/app/getparamvalue?param=rec
09-14 10:48:20.385  7977 12968 V [MYTAG][HeartbeatMgr][HttpTransportLayer]: [HTTP RSP]
09-14 10:48:20.385  7977 12968 V [MYTAG][HeartbeatMgr][HttpTransportLayer]: 	 errcode:0
09-14 10:48:20.385  7977 12968 V [MYTAG][HeartbeatMgr][HttpTransportLayer]: 	[content]{"result":0,"info":{"value":1}}
09-14 10:48:20.385  7977 12968 V [MYTAG][HeartbeatMgr][HttpTransportLayer]: -----------------------------------------
09-14 10:48:20.604  7977 13038 W Settings: Setting adb_enabled has moved from android.provider.Settings.Secure to android.provider.Settings.Global.
09-14 10:48:20.748  7977 13038 I System.out: (HTTPLog)-Static: isSBSettingEnabled false
09-14 10:48:20.770  7977 13038 I chatty  : uid=10291(com.vidure.app) identical 2 lines
09-14 10:48:20.770  7977 13038 I System.out: (HTTPLog)-Static: isSBSettingEnabled false
09-14 10:48:20.855  7977 13041 I System.out: (HTTPLog)-Static: isSBSettingEnabled false
09-14 10:48:20.855  7977 13041 I System.out: (HTTPLog)-Static: isSBSettingEnabled false
09-14 10:48:20.965  7977 12968 V [MYTAG][DefaultDispatcher-worker-3][Device]: 603 dev is connected:true
09-14 10:48:21.318  7977 12968 D [MYTAG][main][SystemLocationClientImpl]: onLocationChanged GPS data:精度=9.648001 速度=2.03 海拔=325.534423828125 经纬度=49.33345533, 7.05255998
09-14 10:48:21.319  7977 12968 D [MYTAG][main][SystemLocationClientImpl]: 当前信号强度: 3
09-14 10:48:21.849  7977 13034 W Settings: Setting adb_enabled has moved from android.provider.Settings.Secure to android.provider.Settings.Global.
09-14 10:48:21.862  7977 13031 I System.out: (HTTPLog)-Static: isSBSettingEnabled false
09-14 10:48:21.862  7977 13031 I System.out: (HTTPLog)-Static: isSBSettingEnabled false
09-14 10:48:21.966  7977 12968 V [MYTAG][DefaultDispatcher-worker-1][Device]: 603 dev is connected:true
09-14 10:48:21.981  7977 12968 V [MYTAG][mail_tcp_socket][ViiSocketMailDataPhraser]: ------------mail---------------
09-14 10:48:21.981  7977 12968 V [MYTAG][mail_tcp_socket][ViiSocketMailDataPhraser]: {"msgid":"battery","info":{"capacity":76,"charge":0},"time":1757846901}
09-14 10:48:21.985  7977 12968 V [MYTAG][main][Device]: 603 dev is connected:true
09-14 10:48:21.989  7977 13034 I System.out: (HTTPLog)-Static: isSBSettingEnabled false
09-14 10:48:21.989  7977 13034 I System.out: (HTTPLog)-Static: isSBSettingEnabled false
09-14 10:48:21.990  7977 13169 W System  : Ignoring header sessionid because its value was null.
09-14 10:48:21.991  7977 13169 I System.out: (HTTPLog)-Static: isSBSettingEnabled false
09-14 10:48:21.991  7977 13169 I System.out: (HTTPLog)-Static: isSBSettingEnabled false
09-14 10:48:21.991  7977 12968 V [MYTAG][mail_tcp_socket][ViiSocketMailDataPhraser]: ------------mail---------------
09-14 10:48:21.991  7977 12968 V [MYTAG][mail_tcp_socket][ViiSocketMailDataPhraser]: {"msgid":"sd","info":{"status":0},"time":1757846901}
09-14 10:48:21.992  7977 12968 V [MYTAG][mail_tcp_socket][RemoteOptor]: ----
09-14 10:48:21.992  7977 12968 V [MYTAG][mail_tcp_socket][RemoteOptor]: [CMD]DEV_SDCARD_STATUS_QUERY
09-14 10:48:21.992  7977 12968 V [MYTAG][mail_tcp_socket][RemoteOptor]: [PARAM]null
09-14 10:48:21.992  7977 12968 V [MYTAG][mail_tcp_socket][HttpTransportLayer]: [HTTP SEND GET]
09-14 10:48:21.992  7977 12968 V [MYTAG][mail_tcp_socket][HttpTransportLayer]: 	 url:http://192.168.0.1:80/app/getsdinfo
09-14 10:48:22.010  7977 13034 I System.out: (HTTPLog)-Static: isSBSettingEnabled false
09-14 10:48:22.010  7977 13034 I System.out: (HTTPLog)-Static: isSBSettingEnabled false
09-14 10:48:22.010  7977  7977 W ProxyAndroidLoggerBackend: Too many Flogger logs received before configuration. Dropping old logs.
09-14 10:48:22.017  7977  7977 I chatty  : uid=10291(com.vidure.app) identical 6 lines
09-14 10:48:22.017  7977  7977 W ProxyAndroidLoggerBackend: Too many Flogger logs received before configuration. Dropping old logs.
09-14 10:48:22.026  7977 12968 V [MYTAG][mail_tcp_socket][HttpTransportLayer]: [HTTP RSP]
09-14 10:48:22.026  7977 12968 V [MYTAG][mail_tcp_socket][HttpTransportLayer]: 	 errcode:0
09-14 10:48:22.026  7977 12968 V [MYTAG][mail_tcp_socket][HttpTransportLayer]: 	[content]{"result":0,"info":{"status":0,"free":280,"total":1883}}
09-14 10:48:22.026  7977 12968 V [MYTAG][mail_tcp_socket][HttpTransportLayer]: -----------------------------------------
09-14 10:48:22.027  7977 12968 V [MYTAG][main][Device]: 603 dev is connected:true
09-14 10:48:22.029  7977 12968 V [MYTAG][main][CameraPreviewActivity]: rev msg1:264454
09-14 10:48:22.030  7977 12968 V [MYTAG][main][Device]: 603 dev is connected:true
09-14 10:48:22.030  7977 12968 V [MYTAG][main][CameraPreviewActivity]: rev msg1:589832
09-14 10:48:22.034  7977 13034 I System.out: (HTTPLog)-Static: isSBSettingEnabled false
09-14 10:48:22.034  7977 13034 I System.out: (HTTPLog)-Static: isSBSettingEnabled false
09-14 10:48:22.321  7977 12968 D [MYTAG][main][SystemLocationClientImpl]: onLocationChanged GPS data:精度=9.648001 速度=1.48 海拔=325.595703125 经纬度=49.33346413, 7.05253161
09-14 10:48:22.324  7977 12968 D [MYTAG][main][SystemLocationClientImpl]: 当前信号强度: 3
09-14 10:48:22.967  7977 12968 V [MYTAG][DefaultDispatcher-worker-3][Device]: 603 dev is connected:true
09-14 10:48:23.325  7977 12968 D [MYTAG][main][SystemLocationClientImpl]: onLocationChanged GPS data:精度=9.648001 速度=0.75 海拔=327.01025390625 经纬度=49.33346658, 7.05251825
09-14 10:48:23.326  7977 12968 D [MYTAG][main][SystemLocationClientImpl]: 当前信号强度: 3
09-14 10:48:23.897  7977 13031 I System.out: (HTTPLog)-Static: isSBSettingEnabled false
09-14 10:48:23.898  7977 13031 I System.out: (HTTPLog)-Static: isSBSettingEnabled false
09-14 10:48:23.972  7977 12968 V [MYTAG][DefaultDispatcher-worker-3][Device]: 603 dev is connected:true
09-14 10:48:24.364  7977 13170 W System  : Ignoring header sessionid because its value was null.
09-14 10:48:24.365  7977 13170 I System.out: (HTTPLog)-Static: isSBSettingEnabled false
09-14 10:48:24.365  7977 13170 I System.out: (HTTPLog)-Static: isSBSettingEnabled false
09-14 10:48:24.366  7977 12968 V [MYTAG][HeartbeatMgr][RemoteOptor]: ----
09-14 10:48:24.366  7977 12968 V [MYTAG][HeartbeatMgr][RemoteOptor]: [CMD]Basic_Msg_MailBox
09-14 10:48:24.366  7977 12968 V [MYTAG][HeartbeatMgr][RemoteOptor]: [PARAM]null
09-14 10:48:24.366  7977 12968 V [MYTAG][HeartbeatMgr][HttpTransportLayer]: [HTTP SEND GET]
09-14 10:48:24.366  7977 12968 V [MYTAG][HeartbeatMgr][HttpTransportLayer]: 	 url:http://192.168.0.1:80/app/getparamvalue?param=rec
09-14 10:48:24.387  7977 12968 V [MYTAG][HeartbeatMgr][HttpTransportLayer]: [HTTP RSP]
09-14 10:48:24.387  7977 12968 V [MYTAG][HeartbeatMgr][HttpTransportLayer]: 	 errcode:0
09-14 10:48:24.387  7977 12968 V [MYTAG][HeartbeatMgr][HttpTransportLayer]: 	[content]{"result":0,"info":{"value":1}}
09-14 10:48:24.387  7977 12968 V [MYTAG][HeartbeatMgr][HttpTransportLayer]: -----------------------------------------
09-14 10:48:24.947  7977 12968 V [MYTAG][mail_tcp_socket][ViiSocketMailDataPhraser]: ------------mail---------------
09-14 10:48:24.947  7977 12968 V [MYTAG][mail_tcp_socket][ViiSocketMailDataPhraser]: {"msgid":"battery","info":{"capacity":76,"charge":0},"time":1757846904}
09-14 10:48:24.949  7977 13169 W System  : Ignoring header sessionid because its value was null.
09-14 10:48:24.950  7977 12968 V [MYTAG][mail_tcp_socket][ViiSocketMailDataPhraser]: ------------mail---------------
09-14 10:48:24.950  7977 12968 V [MYTAG][mail_tcp_socket][ViiSocketMailDataPhraser]: {"msgid":"sd","info":{"status":0},"time":1757846904}
09-14 10:48:24.950  7977 12968 V [MYTAG][mail_tcp_socket][RemoteOptor]: ----
09-14 10:48:24.950  7977 12968 V [MYTAG][mail_tcp_socket][RemoteOptor]: [CMD]DEV_SDCARD_STATUS_QUERY
09-14 10:48:24.950  7977 12968 V [MYTAG][mail_tcp_socket][RemoteOptor]: [PARAM]null
09-14 10:48:24.950  7977 12968 V [MYTAG][mail_tcp_socket][HttpTransportLayer]: [HTTP SEND GET]
09-14 10:48:24.950  7977 12968 V [MYTAG][mail_tcp_socket][HttpTransportLayer]: 	 url:http://192.168.0.1:80/app/getsdinfo
09-14 10:48:24.950  7977 13169 I System.out: (HTTPLog)-Static: isSBSettingEnabled false
09-14 10:48:24.950  7977 13169 I System.out: (HTTPLog)-Static: isSBSettingEnabled false
09-14 10:48:24.958  7977 12968 V [MYTAG][main][Device]: 603 dev is connected:true
09-14 10:48:24.983  7977 12968 V [MYTAG][mail_tcp_socket][HttpTransportLayer]: [HTTP RSP]
09-14 10:48:24.983  7977 12968 V [MYTAG][mail_tcp_socket][HttpTransportLayer]: 	 errcode:0
09-14 10:48:24.983  7977 12968 V [MYTAG][mail_tcp_socket][HttpTransportLayer]: 	[content]{"result":0,"info":{"status":0,"free":276,"total":1883}}
09-14 10:48:24.983  7977 12968 V [MYTAG][mail_tcp_socket][HttpTransportLayer]: -----------------------------------------
09-14 10:48:25.042  7977  7977 W ProxyAndroidLoggerBackend: Too many Flogger logs received before configuration. Dropping old logs.
09-14 10:48:25.050  7977  7977 I chatty  : uid=10291(com.vidure.app) identical 6 lines
09-14 10:48:25.051  7977  7977 W ProxyAndroidLoggerBackend: Too many Flogger logs received before configuration. Dropping old logs.
09-14 10:48:25.060  7977 15296 W ProxyAndroidLoggerBackend: Too many Flogger logs received before configuration. Dropping old logs.
09-14 10:48:25.067  7977 12968 V [MYTAG][main][Device]: 603 dev is connected:true
09-14 10:48:25.070  7977 12968 V [MYTAG][main][CameraPreviewActivity]: rev msg1:264454
09-14 10:48:25.070  7977 12968 V [MYTAG][main][Device]: 603 dev is connected:true
09-14 10:48:25.070  7977 12968 V [MYTAG][main][CameraPreviewActivity]: rev msg1:589832
09-14 10:48:25.320  7977 12968 D [MYTAG][main][SystemLocationClientImpl]: onLocationChanged GPS data:精度=9.648001 速度=1.8 海拔=326.8897705078125 经纬度=49.333452, 7.05254416
09-14 10:48:25.325  7977 12968 D [MYTAG][main][SystemLocationClientImpl]: 当前信号强度: 3
09-14 10:48:25.788  7977 13037 W Settings: Setting adb_enabled has moved from android.provider.Settings.Secure to android.provider.Settings.Global.
09-14 10:48:25.918  7977 13037 I System.out: (HTTPLog)-Static: isSBSettingEnabled false
09-14 10:48:25.918  7977 13037 I System.out: (HTTPLog)-Static: isSBSettingEnabled false
09-14 10:48:25.921  7977 13031 I System.out: (HTTPLog)-Static: isSBSettingEnabled false
09-14 10:48:25.930  7977 13031 I System.out: (HTTPLog)-Static: isSBSettingEnabled false
09-14 10:48:25.943  7977 13037 I System.out: (HTTPLog)-Static: isSBSettingEnabled false
09-14 10:48:25.943  7977 13037 I System.out: (HTTPLog)-Static: isSBSettingEnabled false
09-14 10:48:25.980  7977 12968 V [MYTAG][DefaultDispatcher-worker-1][Device]: 603 dev is connected:true
09-14 10:48:26.332  7977 12968 D [MYTAG][main][SystemLocationClientImpl]: onLocationChanged GPS data:精度=9.648001 速度=1.34 海拔=326.9482421875 经纬度=49.33343805, 7.05257229
09-14 10:48:26.334  7977 12968 D [MYTAG][main][SystemLocationClientImpl]: 当前信号强度: 3
09-14 10:48:26.982  7977 12968 V [MYTAG][DefaultDispatcher-worker-1][Device]: 603 dev is connected:true
09-14 10:48:27.236  7977 13038 W Settings: Setting adb_enabled has moved from android.provider.Settings.Secure to android.provider.Settings.Global.
09-14 10:48:27.243  7977 13041 I System.out: (HTTPLog)-Static: isSBSettingEnabled false
09-14 10:48:27.243  7977 13041 I System.out: (HTTPLog)-Static: isSBSettingEnabled false
09-14 10:48:27.363  7977 13038 I System.out: (HTTPLog)-Static: isSBSettingEnabled false
09-14 10:48:27.389  7977 13038 I chatty  : uid=10291(com.vidure.app) identical 2 lines
09-14 10:48:27.389  7977 13038 I System.out: (HTTPLog)-Static: isSBSettingEnabled false
09-14 10:48:27.958  7977 12968 V [MYTAG][mail_tcp_socket][ViiSocketMailDataPhraser]: ------------mail---------------
09-14 10:48:27.958  7977 12968 V [MYTAG][mail_tcp_socket][ViiSocketMailDataPhraser]: {"msgid":"battery","info":{"capacity":76,"charge":0},"time":1757846907}
09-14 10:48:27.963  7977 12968 V [MYTAG][mail_tcp_socket][ViiSocketMailDataPhraser]: ------------mail---------------
09-14 10:48:27.963  7977 12968 V [MYTAG][mail_tcp_socket][ViiSocketMailDataPhraser]: {"msgid":"sd","info":{"status":0},"time":1757846907}
09-14 10:48:27.963  7977 12968 V [MYTAG][mail_tcp_socket][RemoteOptor]: ----
09-14 10:48:27.963  7977 12968 V [MYTAG][mail_tcp_socket][RemoteOptor]: [CMD]DEV_SDCARD_STATUS_QUERY
09-14 10:48:27.963  7977 12968 V [MYTAG][mail_tcp_socket][RemoteOptor]: [PARAM]null
09-14 10:48:27.965  7977 13169 W System  : Ignoring header sessionid because its value was null.
09-14 10:48:27.966  7977 13169 I System.out: (HTTPLog)-Static: isSBSettingEnabled false
09-14 10:48:27.966  7977 13169 I System.out: (HTTPLog)-Static: isSBSettingEnabled false
09-14 10:48:27.969  7977 12968 V [MYTAG][mail_tcp_socket][HttpTransportLayer]: [HTTP SEND GET]
09-14 10:48:27.969  7977 12968 V [MYTAG][mail_tcp_socket][HttpTransportLayer]: 	 url:http://192.168.0.1:80/app/getsdinfo
09-14 10:48:27.979  7977 12968 V [MYTAG][main][Device]: 603 dev is connected:true
09-14 10:48:28.004  7977 12968 V [MYTAG][mail_tcp_socket][HttpTransportLayer]: [HTTP RSP]
09-14 10:48:28.004  7977 12968 V [MYTAG][mail_tcp_socket][HttpTransportLayer]: 	 errcode:0
09-14 10:48:28.004  7977 12968 V [MYTAG][mail_tcp_socket][HttpTransportLayer]: 	[content]{"result":0,"info":{"status":0,"free":272,"total":1883}}
09-14 10:48:28.004  7977 12968 V [MYTAG][mail_tcp_socket][HttpTransportLayer]: -----------------------------------------
09-14 10:48:28.006  7977  7977 W ProxyAndroidLoggerBackend: Too many Flogger logs received before configuration. Dropping old logs.
09-14 10:48:28.013  7977  7977 I chatty  : uid=10291(com.vidure.app) identical 6 lines
09-14 10:48:28.014  7977  7977 W ProxyAndroidLoggerBackend: Too many Flogger logs received before configuration. Dropping old logs.
09-14 10:48:28.027  7977 12968 V [MYTAG][main][Device]: 603 dev is connected:true
09-14 10:48:28.032  7977 12968 V [MYTAG][main][CameraPreviewActivity]: rev msg1:264454
09-14 10:48:28.033  7977 12968 V [MYTAG][main][Device]: 603 dev is connected:true
09-14 10:48:28.033  7977 12968 V [MYTAG][main][CameraPreviewActivity]: rev msg1:589832
09-14 10:48:28.327  7977 12968 D [MYTAG][main][SystemLocationClientImpl]: onLocationChanged GPS data:精度=9.648001 速度=1.68 海拔=327.2772216796875 经纬度=49.33343367, 7.05255958
09-14 10:48:28.328  7977 12968 D [MYTAG][main][SystemLocationClientImpl]: 当前信号强度: 3
09-14 10:48:28.365  7977 12968 V [MYTAG][HeartbeatMgr][RemoteOptor]: ----
09-14 10:48:28.365  7977 12968 V [MYTAG][HeartbeatMgr][RemoteOptor]: [CMD]Basic_Msg_MailBox
09-14 10:48:28.365  7977 12968 V [MYTAG][HeartbeatMgr][RemoteOptor]: [PARAM]null
09-14 10:48:28.366  7977 13170 W System  : Ignoring header sessionid because its value was null.
09-14 10:48:28.366  7977 12968 V [MYTAG][HeartbeatMgr][HttpTransportLayer]: [HTTP SEND GET]
09-14 10:48:28.366  7977 12968 V [MYTAG][HeartbeatMgr][HttpTransportLayer]: 	 url:http://192.168.0.1:80/app/getparamvalue?param=rec
09-14 10:48:28.366  7977 13170 I System.out: (HTTPLog)-Static: isSBSettingEnabled false
09-14 10:48:28.366  7977 13170 I System.out: (HTTPLog)-Static: isSBSettingEnabled false
09-14 10:48:28.388  7977 12968 V [MYTAG][HeartbeatMgr][HttpTransportLayer]: [HTTP RSP]
09-14 10:48:28.388  7977 12968 V [MYTAG][HeartbeatMgr][HttpTransportLayer]: 	 errcode:0
