09-14 10:33:09.744  7415 10539 V [MYTAG][main][Device]: 603 dev is connected:true
09-14 10:33:09.771  7415  7415 W ProxyAndroidLoggerBackend: Too many Flogger logs received before configuration. Dropping old logs.
09-14 10:33:09.778  7415  7415 I chatty  : uid=10291(com.vidure.app) identical 6 lines
09-14 10:33:09.778  7415  7415 W ProxyAndroidLoggerBackend: Too many Flogger logs received before configuration. Dropping old logs.
09-14 10:33:09.780  7415 10539 V [MYTAG][mail_tcp_socket][HttpTransportLayer]: [HTTP RSP]
09-14 10:33:09.780  7415 10539 V [MYTAG][mail_tcp_socket][HttpTransportLayer]: 	 errcode:0
09-14 10:33:09.780  7415 10539 V [MYTAG][mail_tcp_socket][HttpTransportLayer]: 	[content]{"result":0,"info":{"status":0,"free":286,"total":1883}}
09-14 10:33:09.780  7415 10539 V [MYTAG][mail_tcp_socket][HttpTransportLayer]: -----------------------------------------
09-14 10:33:09.791  7415 10539 V [MYTAG][main][Device]: 603 dev is connected:true
09-14 10:33:09.796  7415 10539 V [MYTAG][main][CameraPreviewActivity]: rev msg1:264454
09-14 10:33:09.796  7415 10539 V [MYTAG][main][Device]: 603 dev is connected:true
09-14 10:33:09.797  7415 10539 V [MYTAG][main][CameraPreviewActivity]: rev msg1:589832
09-14 10:33:12.747  7415 10539 V [MYTAG][mail_tcp_socket][ViiSocketMailDataPhraser]: ------------mail---------------
09-14 10:33:12.747  7415 10539 V [MYTAG][mail_tcp_socket][ViiSocketMailDataPhraser]: {"msgid":"battery","info":{"capacity":80,"charge":0},"time":1757845992}
09-14 10:33:12.753  7415 10539 V [MYTAG][mail_tcp_socket][ViiSocketMailDataPhraser]: ------------mail---------------
09-14 10:33:12.753  7415 10539 V [MYTAG][mail_tcp_socket][ViiSocketMailDataPhraser]: {"msgid":"sd","info":{"status":0},"time":1757845992}
09-14 10:33:12.753  7415 10539 V [MYTAG][mail_tcp_socket][RemoteOptor]: ----
09-14 10:33:12.753  7415 10539 V [MYTAG][mail_tcp_socket][RemoteOptor]: [CMD]DEV_SDCARD_STATUS_QUERY
09-14 10:33:12.753  7415 10539 V [MYTAG][mail_tcp_socket][RemoteOptor]: [PARAM]null
09-14 10:33:12.753  7415 10750 W System  : Ignoring header sessionid because its value was null.
09-14 10:33:12.753  7415 10539 V [MYTAG][mail_tcp_socket][HttpTransportLayer]: [HTTP SEND GET]
09-14 10:33:12.753  7415 10539 V [MYTAG][mail_tcp_socket][HttpTransportLayer]: 	 url:http://192.168.0.1:80/app/getsdinfo
09-14 10:33:12.753  7415 10539 V [MYTAG][main][Device]: 603 dev is connected:true
09-14 10:33:12.754  7415 10750 I System.out: (HTTPLog)-Static: isSBSettingEnabled false
09-14 10:33:12.755  7415 10750 I System.out: (HTTPLog)-Static: isSBSettingEnabled false
09-14 10:33:12.805  7415 10539 V [MYTAG][mail_tcp_socket][HttpTransportLayer]: [HTTP RSP]
09-14 10:33:12.805  7415 10539 V [MYTAG][mail_tcp_socket][HttpTransportLayer]: 	 errcode:0
09-14 10:33:12.805  7415 10539 V [MYTAG][mail_tcp_socket][HttpTransportLayer]: 	[content]{"result":0,"info":{"status":0,"free":286,"total":1883}}
09-14 10:33:12.805  7415 10539 V [MYTAG][mail_tcp_socket][HttpTransportLayer]: -----------------------------------------
09-14 10:33:12.815  7415 10539 V [MYTAG][HeartbeatMgr][RemoteOptor]: ----
09-14 10:33:12.815  7415 10539 V [MYTAG][HeartbeatMgr][RemoteOptor]: [CMD]Basic_Msg_MailBox
09-14 10:33:12.815  7415 10539 V [MYTAG][HeartbeatMgr][RemoteOptor]: [PARAM]null
09-14 10:33:12.816  7415 10751 W System  : Ignoring header sessionid because its value was null.
09-14 10:33:12.816  7415 10539 V [MYTAG][HeartbeatMgr][HttpTransportLayer]: [HTTP SEND GET]
09-14 10:33:12.816  7415 10539 V [MYTAG][HeartbeatMgr][HttpTransportLayer]: 	 url:http://192.168.0.1:80/app/getparamvalue?param=rec
09-14 10:33:12.816  7415 10751 I System.out: (HTTPLog)-Static: isSBSettingEnabled false
09-14 10:33:12.816  7415 10751 I System.out: (HTTPLog)-Static: isSBSettingEnabled false
09-14 10:33:12.843  7415  7415 W ProxyAndroidLoggerBackend: Too many Flogger logs received before configuration. Dropping old logs.
09-14 10:33:12.847  7415  7415 W ProxyAndroidLoggerBackend: Too many Flogger logs received before configuration. Dropping old logs.
09-14 10:33:12.848  7415 10539 V [MYTAG][HeartbeatMgr][HttpTransportLayer]: [HTTP RSP]
09-14 10:33:12.848  7415 10539 V [MYTAG][HeartbeatMgr][HttpTransportLayer]: 	 errcode:0
09-14 10:33:12.848  7415 10539 V [MYTAG][HeartbeatMgr][HttpTransportLayer]: 	[content]{"result":0,"info":{"value":0}}
09-14 10:33:12.848  7415 10539 V [MYTAG][HeartbeatMgr][HttpTransportLayer]: -----------------------------------------
09-14 10:33:12.851  7415  7415 W ProxyAndroidLoggerBackend: Too many Flogger logs received before configuration. Dropping old logs.
09-14 10:33:12.855  7415  7415 I chatty  : uid=10291(com.vidure.app) identical 4 lines
09-14 10:33:12.856  7415  7415 W ProxyAndroidLoggerBackend: Too many Flogger logs received before configuration. Dropping old logs.
09-14 10:33:12.874  7415 10539 V [MYTAG][main][Device]: 603 dev is connected:true
09-14 10:33:12.877  7415 10539 V [MYTAG][main][CameraPreviewActivity]: rev msg1:264454
09-14 10:33:12.877  7415 10539 V [MYTAG][main][Device]: 603 dev is connected:true
09-14 10:33:12.877  7415 10539 V [MYTAG][main][CameraPreviewActivity]: rev msg1:589832
09-14 10:33:12.959  7415 10495 I com.vidure.app: Background young concurrent copying GC freed 94217(14MB) AllocSpace objects, 32(1888KB) LOS objects, 16% free, 80MB/96MB, paused 1.801ms total 195.702ms
09-14 10:33:15.762  7415 10539 V [MYTAG][mail_tcp_socket][ViiSocketMailDataPhraser]: ------------mail---------------
09-14 10:33:15.762  7415 10539 V [MYTAG][mail_tcp_socket][ViiSocketMailDataPhraser]: {"msgid":"battery","info":{"capacity":80,"charge":0},"time":1757845995}
09-14 10:33:15.763  7415 10750 W System  : Ignoring header sessionid because its value was null.
09-14 10:33:15.763  7415 10539 V [MYTAG][mail_tcp_socket][ViiSocketMailDataPhraser]: ------------mail---------------
09-14 10:33:15.763  7415 10539 V [MYTAG][mail_tcp_socket][ViiSocketMailDataPhraser]: {"msgid":"sd","info":{"status":0},"time":1757845995}
09-14 10:33:15.763  7415 10539 V [MYTAG][mail_tcp_socket][RemoteOptor]: ----
09-14 10:33:15.763  7415 10539 V [MYTAG][mail_tcp_socket][RemoteOptor]: [CMD]DEV_SDCARD_STATUS_QUERY
09-14 10:33:15.763  7415 10539 V [MYTAG][mail_tcp_socket][RemoteOptor]: [PARAM]null
09-14 10:33:15.763  7415 10539 V [MYTAG][mail_tcp_socket][HttpTransportLayer]: [HTTP SEND GET]
09-14 10:33:15.763  7415 10539 V [MYTAG][mail_tcp_socket][HttpTransportLayer]: 	 url:http://192.168.0.1:80/app/getsdinfo
09-14 10:33:15.763  7415 10750 I System.out: (HTTPLog)-Static: isSBSettingEnabled false
09-14 10:33:15.763  7415 10750 I System.out: (HTTPLog)-Static: isSBSettingEnabled false
09-14 10:33:15.782  7415 10539 V [MYTAG][main][Device]: 603 dev is connected:true
09-14 10:33:15.799  7415 10539 V [MYTAG][mail_tcp_socket][HttpTransportLayer]: [HTTP RSP]
09-14 10:33:15.799  7415 10539 V [MYTAG][mail_tcp_socket][HttpTransportLayer]: 	 errcode:0
09-14 10:33:15.799  7415 10539 V [MYTAG][mail_tcp_socket][HttpTransportLayer]: 	[content]{"result":0,"info":{"status":0,"free":286,"total":1883}}
09-14 10:33:15.799  7415 10539 V [MYTAG][mail_tcp_socket][HttpTransportLayer]: -----------------------------------------
09-14 10:33:15.811  7415  7415 W ProxyAndroidLoggerBackend: Too many Flogger logs received before configuration. Dropping old logs.
09-14 10:33:15.816  7415  7415 W ProxyAndroidLoggerBackend: Too many Flogger logs received before configuration. Dropping old logs.
09-14 10:33:15.820  7415  7415 W ProxyAndroidLoggerBackend: Too many Flogger logs received before configuration. Dropping old logs.
09-14 10:33:15.825  7415  7415 I chatty  : uid=10291(com.vidure.app) identical 4 lines
09-14 10:33:15.826  7415  7415 W ProxyAndroidLoggerBackend: Too many Flogger logs received before configuration. Dropping old logs.
09-14 10:33:15.836  7415 10539 V [MYTAG][main][Device]: 603 dev is connected:true
09-14 10:33:15.837  7415 10539 V [MYTAG][main][CameraPreviewActivity]: rev msg1:264454
09-14 10:33:15.837  7415 10539 V [MYTAG][main][Device]: 603 dev is connected:true
09-14 10:33:15.837  7415 10539 V [MYTAG][main][CameraPreviewActivity]: rev msg1:589832
09-14 10:33:16.816  7415 10751 W System  : Ignoring header sessionid because its value was null.
09-14 10:33:16.816  7415 10539 V [MYTAG][HeartbeatMgr][RemoteOptor]: ----
09-14 10:33:16.816  7415 10539 V [MYTAG][HeartbeatMgr][RemoteOptor]: [CMD]Basic_Msg_MailBox
09-14 10:33:16.816  7415 10539 V [MYTAG][HeartbeatMgr][RemoteOptor]: [PARAM]null
09-14 10:33:16.816  7415 10751 I System.out: (HTTPLog)-Static: isSBSettingEnabled false
09-14 10:33:16.816  7415 10539 V [MYTAG][HeartbeatMgr][HttpTransportLayer]: [HTTP SEND GET]
09-14 10:33:16.816  7415 10539 V [MYTAG][HeartbeatMgr][HttpTransportLayer]: 	 url:http://192.168.0.1:80/app/getparamvalue?param=rec
09-14 10:33:16.816  7415 10751 I System.out: (HTTPLog)-Static: isSBSettingEnabled false
09-14 10:33:16.860  7415 10539 V [MYTAG][HeartbeatMgr][HttpTransportLayer]: [HTTP RSP]
09-14 10:33:16.860  7415 10539 V [MYTAG][HeartbeatMgr][HttpTransportLayer]: 	 errcode:0
09-14 10:33:16.860  7415 10539 V [MYTAG][HeartbeatMgr][HttpTransportLayer]: 	[content]{"result":0,"info":{"value":0}}
09-14 10:33:16.860  7415 10539 V [MYTAG][HeartbeatMgr][HttpTransportLayer]: -----------------------------------------
09-14 10:33:17.489  7415 10601 W Settings: Setting adb_enabled has moved from android.provider.Settings.Secure to android.provider.Settings.Global.
09-14 10:33:17.496  7415 10603 I System.out: (HTTPLog)-Static: isSBSettingEnabled false
09-14 10:33:17.496  7415 10603 I System.out: (HTTPLog)-Static: isSBSettingEnabled false
09-14 10:33:17.616  7415 10601 I System.out: (HTTPLog)-Static: isSBSettingEnabled false
09-14 10:33:17.651  7415 10601 I chatty  : uid=10291(com.vidure.app) identical 4 lines
09-14 10:33:17.651  7415 10601 I System.out: (HTTPLog)-Static: isSBSettingEnabled false
09-14 10:33:18.766  7415 10539 V [MYTAG][mail_tcp_socket][ViiSocketMailDataPhraser]: ------------mail---------------
09-14 10:33:18.766  7415 10539 V [MYTAG][mail_tcp_socket][ViiSocketMailDataPhraser]: {"msgid":"battery","info":{"capacity":80,"charge":0},"time":1757845998}
09-14 10:33:18.768  7415 10539 V [MYTAG][mail_tcp_socket][ViiSocketMailDataPhraser]: ------------mail---------------
09-14 10:33:18.768  7415 10539 V [MYTAG][mail_tcp_socket][ViiSocketMailDataPhraser]: {"msgid":"sd","info":{"status":0},"time":1757845998}
09-14 10:33:18.768  7415 10539 V [MYTAG][mail_tcp_socket][RemoteOptor]: ----
09-14 10:33:18.768  7415 10539 V [MYTAG][mail_tcp_socket][RemoteOptor]: [CMD]DEV_SDCARD_STATUS_QUERY
09-14 10:33:18.768  7415 10539 V [MYTAG][mail_tcp_socket][RemoteOptor]: [PARAM]null
09-14 10:33:18.768  7415 10539 V [MYTAG][mail_tcp_socket][HttpTransportLayer]: [HTTP SEND GET]
09-14 10:33:18.768  7415 10539 V [MYTAG][mail_tcp_socket][HttpTransportLayer]: 	 url:http://192.168.0.1:80/app/getsdinfo
09-14 10:33:18.768  7415 10750 W System  : Ignoring header sessionid because its value was null.
09-14 10:33:18.769  7415 10750 I System.out: (HTTPLog)-Static: isSBSettingEnabled false
09-14 10:33:18.769  7415 10750 I System.out: (HTTPLog)-Static: isSBSettingEnabled false
09-14 10:33:18.783  7415 10539 V [MYTAG][main][Device]: 603 dev is connected:true
09-14 10:33:18.798  7415 10539 V [MYTAG][mail_tcp_socket][HttpTransportLayer]: [HTTP RSP]
09-14 10:33:18.798  7415 10539 V [MYTAG][mail_tcp_socket][HttpTransportLayer]: 	 errcode:0
09-14 10:33:18.798  7415 10539 V [MYTAG][mail_tcp_socket][HttpTransportLayer]: 	[content]{"result":0,"info":{"status":0,"free":286,"total":1883}}
09-14 10:33:18.798  7415 10539 V [MYTAG][mail_tcp_socket][HttpTransportLayer]: -----------------------------------------
09-14 10:33:18.808  7415  7415 W ProxyAndroidLoggerBackend: Too many Flogger logs received before configuration. Dropping old logs.
09-14 10:33:18.815  7415  7415 I chatty  : uid=10291(com.vidure.app) identical 6 lines
09-14 10:33:18.816  7415  7415 W ProxyAndroidLoggerBackend: Too many Flogger logs received before configuration. Dropping old logs.
09-14 10:33:18.823  7415 12487 W ProxyAndroidLoggerBackend: Too many Flogger logs received before configuration. Dropping old logs.
09-14 10:33:18.828  7415 10539 V [MYTAG][main][Device]: 603 dev is connected:true
09-14 10:33:18.832  7415 10539 V [MYTAG][main][CameraPreviewActivity]: rev msg1:264454
09-14 10:33:18.832  7415 10539 V [MYTAG][main][Device]: 603 dev is connected:true
09-14 10:33:18.832  7415 10539 V [MYTAG][main][CameraPreviewActivity]: rev msg1:589832
09-14 10:33:19.528  7415 10603 I System.out: (HTTPLog)-Static: isSBSettingEnabled false
09-14 10:33:19.528  7415 10603 I System.out: (HTTPLog)-Static: isSBSettingEnabled false
09-14 10:33:20.817  7415 10751 W System  : Ignoring header sessionid because its value was null.
09-14 10:33:20.818  7415 10539 V [MYTAG][HeartbeatMgr][RemoteOptor]: ----
09-14 10:33:20.818  7415 10539 V [MYTAG][HeartbeatMgr][RemoteOptor]: [CMD]Basic_Msg_MailBox
09-14 10:33:20.818  7415 10539 V [MYTAG][HeartbeatMgr][RemoteOptor]: [PARAM]null
09-14 10:33:20.818  7415 10539 V [MYTAG][HeartbeatMgr][HttpTransportLayer]: [HTTP SEND GET]
09-14 10:33:20.818  7415 10539 V [MYTAG][HeartbeatMgr][HttpTransportLayer]: 	 url:http://192.168.0.1:80/app/getparamvalue?param=rec
09-14 10:33:20.818  7415 10751 I System.out: (HTTPLog)-Static: isSBSettingEnabled false
09-14 10:33:20.818  7415 10751 I System.out: (HTTPLog)-Static: isSBSettingEnabled false
09-14 10:33:20.848  7415 10539 V [MYTAG][HeartbeatMgr][HttpTransportLayer]: [HTTP RSP]
09-14 10:33:20.848  7415 10539 V [MYTAG][HeartbeatMgr][HttpTransportLayer]: 	 errcode:0
09-14 10:33:20.848  7415 10539 V [MYTAG][HeartbeatMgr][HttpTransportLayer]: 	[content]{"result":0,"info":{"value":0}}
09-14 10:33:20.848  7415 10539 V [MYTAG][HeartbeatMgr][HttpTransportLayer]: -----------------------------------------
09-14 10:33:21.298  7415 10602 W Settings: Setting adb_enabled has moved from android.provider.Settings.Secure to android.provider.Settings.Global.
09-14 10:33:21.424  7415 10602 I System.out: (HTTPLog)-Static: isSBSettingEnabled false
09-14 10:33:21.446  7415 10602 I chatty  : uid=10291(com.vidure.app) identical 2 lines
09-14 10:33:21.446  7415 10602 I System.out: (HTTPLog)-Static: isSBSettingEnabled false
09-14 10:33:21.541  7415 10603 I System.out: (HTTPLog)-Static: isSBSettingEnabled false
09-14 10:33:21.542  7415 10603 I System.out: (HTTPLog)-Static: isSBSettingEnabled false
09-14 10:33:21.791  7415 10539 V [MYTAG][mail_tcp_socket][ViiSocketMailDataPhraser]: ------------mail---------------
09-14 10:33:21.791  7415 10539 V [MYTAG][mail_tcp_socket][ViiSocketMailDataPhraser]: {"msgid":"battery","info":{"capacity":80,"charge":0},"time":1757846001}
09-14 10:33:21.796  7415 10539 V [MYTAG][main][Device]: 603 dev is connected:true
09-14 10:33:21.799  7415 10539 V [MYTAG][mail_tcp_socket][ViiSocketMailDataPhraser]: ------------mail---------------
09-14 10:33:21.799  7415 10539 V [MYTAG][mail_tcp_socket][ViiSocketMailDataPhraser]: {"msgid":"sd","info":{"status":0},"time":1757846001}
09-14 10:33:21.800  7415 10539 V [MYTAG][mail_tcp_socket][RemoteOptor]: ----
09-14 10:33:21.800  7415 10539 V [MYTAG][mail_tcp_socket][RemoteOptor]: [CMD]DEV_SDCARD_STATUS_QUERY
09-14 10:33:21.800  7415 10539 V [MYTAG][mail_tcp_socket][RemoteOptor]: [PARAM]null
09-14 10:33:21.800  7415 10539 V [MYTAG][mail_tcp_socket][HttpTransportLayer]: [HTTP SEND GET]
09-14 10:33:21.800  7415 10539 V [MYTAG][mail_tcp_socket][HttpTransportLayer]: 	 url:http://192.168.0.1:80/app/getsdinfo
09-14 10:33:21.800  7415 10750 W System  : Ignoring header sessionid because its value was null.
09-14 10:33:21.800  7415 10750 I System.out: (HTTPLog)-Static: isSBSettingEnabled false
09-14 10:33:21.801  7415 10750 I System.out: (HTTPLog)-Static: isSBSettingEnabled false
09-14 10:33:21.825  7415  7415 W ProxyAndroidLoggerBackend: Too many Flogger logs received before configuration. Dropping old logs.
09-14 10:33:21.832  7415  7415 I chatty  : uid=10291(com.vidure.app) identical 5 lines
09-14 10:33:21.832  7415  7415 W ProxyAndroidLoggerBackend: Too many Flogger logs received before configuration. Dropping old logs.
09-14 10:33:21.832  7415 10539 V [MYTAG][mail_tcp_socket][HttpTransportLayer]: [HTTP RSP]
09-14 10:33:21.832  7415 10539 V [MYTAG][mail_tcp_socket][HttpTransportLayer]: 	 errcode:0
09-14 10:33:21.832  7415 10539 V [MYTAG][mail_tcp_socket][HttpTransportLayer]: 	[content]{"result":0,"info":{"status":0,"free":286,"total":1883}}
09-14 10:33:21.832  7415 10539 V [MYTAG][mail_tcp_socket][HttpTransportLayer]: -----------------------------------------
09-14 10:33:21.833  7415  7415 W ProxyAndroidLoggerBackend: Too many Flogger logs received before configuration. Dropping old logs.
09-14 10:33:21.840  7415 10539 V [MYTAG][main][Device]: 603 dev is connected:true
09-14 10:33:21.843  7415 10539 V [MYTAG][main][CameraPreviewActivity]: rev msg1:264454
09-14 10:33:21.843  7415 10539 V [MYTAG][main][Device]: 603 dev is connected:true
09-14 10:33:21.843  7415 10539 V [MYTAG][main][CameraPreviewActivity]: rev msg1:589832
09-14 10:33:22.471  7415 10600 W Settings: Setting adb_enabled has moved from android.provider.Settings.Secure to android.provider.Settings.Global.
09-14 10:33:22.476  7415 10598 I System.out: (HTTPLog)-Static: isSBSettingEnabled false
09-14 10:33:22.477  7415 10598 I System.out: (HTTPLog)-Static: isSBSettingEnabled false
09-14 10:33:22.599  7415 10600 I System.out: (HTTPLog)-Static: isSBSettingEnabled false
09-14 10:33:22.619  7415 10600 I chatty  : uid=10291(com.vidure.app) identical 2 lines
09-14 10:33:22.620  7415 10600 I System.out: (HTTPLog)-Static: isSBSettingEnabled false
09-14 10:33:24.507  7415 10598 I System.out: (HTTPLog)-Static: isSBSettingEnabled false
09-14 10:33:24.507  7415 10598 I System.out: (HTTPLog)-Static: isSBSettingEnabled false
09-14 10:33:24.785  7415 10539 V [MYTAG][mail_tcp_socket][ViiSocketMailDataPhraser]: ------------mail---------------
09-14 10:33:24.785  7415 10539 V [MYTAG][mail_tcp_socket][ViiSocketMailDataPhraser]: {"msgid":"battery","info":{"capacity":80,"charge":0},"time":1757846004}
09-14 10:33:24.786  7415 10750 W System  : Ignoring header sessionid because its value was null.
09-14 10:33:24.786  7415 10539 V [MYTAG][mail_tcp_socket][ViiSocketMailDataPhraser]: ------------mail---------------
09-14 10:33:24.786  7415 10539 V [MYTAG][mail_tcp_socket][ViiSocketMailDataPhraser]: {"msgid":"sd","info":{"status":0},"time":1757846004}
09-14 10:33:24.786  7415 10539 V [MYTAG][mail_tcp_socket][RemoteOptor]: ----
09-14 10:33:24.786  7415 10539 V [MYTAG][mail_tcp_socket][RemoteOptor]: [CMD]DEV_SDCARD_STATUS_QUERY
09-14 10:33:24.786  7415 10539 V [MYTAG][mail_tcp_socket][RemoteOptor]: [PARAM]null
09-14 10:33:24.787  7415 10539 V [MYTAG][mail_tcp_socket][HttpTransportLayer]: [HTTP SEND GET]
09-14 10:33:24.787  7415 10539 V [MYTAG][mail_tcp_socket][HttpTransportLayer]: 	 url:http://192.168.0.1:80/app/getsdinfo
09-14 10:33:24.793  7415 10539 V [MYTAG][main][Device]: 603 dev is connected:true
09-14 10:33:24.793  7415 10750 I System.out: (HTTPLog)-Static: isSBSettingEnabled false
09-14 10:33:24.794  7415 10750 I System.out: (HTTPLog)-Static: isSBSettingEnabled false
09-14 10:33:24.818  7415 10539 V [MYTAG][HeartbeatMgr][RemoteOptor]: ----
09-14 10:33:24.818  7415 10539 V [MYTAG][HeartbeatMgr][RemoteOptor]: [CMD]Basic_Msg_MailBox
09-14 10:33:24.818  7415 10539 V [MYTAG][HeartbeatMgr][RemoteOptor]: [PARAM]null
09-14 10:33:24.820  7415  7415 W ProxyAndroidLoggerBackend: Too many Flogger logs received before configuration. Dropping old logs.
09-14 10:33:24.828  7415  7415 I chatty  : uid=10291(com.vidure.app) identical 6 lines
09-14 10:33:24.829  7415  7415 W ProxyAndroidLoggerBackend: Too many Flogger logs received before configuration. Dropping old logs.
09-14 10:33:24.832  7415 12489 W ProxyAndroidLoggerBackend: Too many Flogger logs received before configuration. Dropping old logs.
09-14 10:33:24.833  7415 12489 I chatty  : uid=10291(com.vidure.app) identical 1 line
09-14 10:33:24.833  7415 12489 W ProxyAndroidLoggerBackend: Too many Flogger logs received before configuration. Dropping old logs.
09-14 10:33:24.838  7415 10751 W System  : Ignoring header sessionid because its value was null.
09-14 10:33:24.838  7415 10539 V [MYTAG][mail_tcp_socket][HttpTransportLayer]: [HTTP RSP]
09-14 10:33:24.838  7415 10539 V [MYTAG][mail_tcp_socket][HttpTransportLayer]: 	 errcode:0
09-14 10:33:24.838  7415 10539 V [MYTAG][mail_tcp_socket][HttpTransportLayer]: 	[content]{"result":0,"info":{"status":0,"free":286,"total":1883}}
09-14 10:33:24.838  7415 10539 V [MYTAG][mail_tcp_socket][HttpTransportLayer]: -----------------------------------------
09-14 10:33:24.838  7415 10751 I System.out: (HTTPLog)-Static: isSBSettingEnabled false
09-14 10:33:24.838  7415 10751 I System.out: (HTTPLog)-Static: isSBSettingEnabled false
09-14 10:33:24.838  7415 10539 V [MYTAG][HeartbeatMgr][HttpTransportLayer]: [HTTP SEND GET]
09-14 10:33:24.838  7415 10539 V [MYTAG][HeartbeatMgr][HttpTransportLayer]: 	 url:http://192.168.0.1:80/app/getparamvalue?param=rec
09-14 10:33:24.844  7415 10539 V [MYTAG][main][Device]: 603 dev is connected:true
09-14 10:33:24.847  7415 10539 V [MYTAG][main][CameraPreviewActivity]: rev msg1:264454
09-14 10:33:24.847  7415 10539 V [MYTAG][main][Device]: 603 dev is connected:true
09-14 10:33:24.847  7415 10539 V [MYTAG][main][CameraPreviewActivity]: rev msg1:589832
09-14 10:33:24.862  7415 10539 V [MYTAG][HeartbeatMgr][HttpTransportLayer]: [HTTP RSP]
09-14 10:33:24.862  7415 10539 V [MYTAG][HeartbeatMgr][HttpTransportLayer]: 	 errcode:0
09-14 10:33:24.862  7415 10539 V [MYTAG][HeartbeatMgr][HttpTransportLayer]: 	[content]{"result":0,"info":{"value":0}}
09-14 10:33:24.862  7415 10539 V [MYTAG][HeartbeatMgr][HttpTransportLayer]: -----------------------------------------
09-14 10:33:25.018  7415 12235 W ProxyAndroidLoggerBackend: Too many Flogger logs received before configuration. Dropping old logs.
09-14 10:33:25.018  7415 12235 W ProxyAndroidLoggerBackend: Too many Flogger logs received before configuration. Dropping old logs.
09-14 10:33:25.018  7415 12489 W ProxyAndroidLoggerBackend: Too many Flogger logs received before configuration. Dropping old logs.
09-14 10:33:26.415  7415 10601 W Settings: Setting adb_enabled has moved from android.provider.Settings.Secure to android.provider.Settings.Global.
09-14 10:33:26.533  7415 10598 I System.out: (HTTPLog)-Static: isSBSettingEnabled false
09-14 10:33:26.533  7415 10598 I System.out: (HTTPLog)-Static: isSBSettingEnabled false
09-14 10:33:26.534  7415 10601 I System.out: (HTTPLog)-Static: isSBSettingEnabled false
09-14 10:33:26.535  7415 10601 I System.out: (HTTPLog)-Static: isSBSettingEnabled false
09-14 10:33:26.561  7415 10601 I System.out: (HTTPLog)-Static: isSBSettingEnabled false
09-14 10:33:26.561  7415 10601 I System.out: (HTTPLog)-Static: isSBSettingEnabled false
09-14 10:33:27.777  7415 10602 W Settings: Setting adb_enabled has moved from android.provider.Settings.Secure to android.provider.Settings.Global.
09-14 10:33:27.777  7415 10603 I System.out: (HTTPLog)-Static: isSBSettingEnabled false
09-14 10:33:27.777  7415 10603 I System.out: (HTTPLog)-Static: isSBSettingEnabled false
09-14 10:33:27.794  7415 10539 V [MYTAG][mail_tcp_socket][ViiSocketMailDataPhraser]: ------------mail---------------
09-14 10:33:27.794  7415 10539 V [MYTAG][mail_tcp_socket][ViiSocketMailDataPhraser]: {"msgid":"battery","info":{"capacity":80,"charge":0},"time":1757846007}
09-14 10:33:27.798  7415 10750 W System  : Ignoring header sessionid because its value was null.
09-14 10:33:27.798  7415 10750 I System.out: (HTTPLog)-Static: isSBSettingEnabled false
09-14 10:33:27.798  7415 10750 I System.out: (HTTPLog)-Static: isSBSettingEnabled false
09-14 10:33:27.800  7415 10539 V [MYTAG][mail_tcp_socket][ViiSocketMailDataPhraser]: ------------mail---------------
09-14 10:33:27.800  7415 10539 V [MYTAG][mail_tcp_socket][ViiSocketMailDataPhraser]: {"msgid":"sd","info":{"status":0},"time":1757846007}
09-14 10:33:27.800  7415 10539 V [MYTAG][mail_tcp_socket][RemoteOptor]: ----
09-14 10:33:27.800  7415 10539 V [MYTAG][mail_tcp_socket][RemoteOptor]: [CMD]DEV_SDCARD_STATUS_QUERY
09-14 10:33:27.800  7415 10539 V [MYTAG][mail_tcp_socket][RemoteOptor]: [PARAM]null
09-14 10:33:27.801  7415 10539 V [MYTAG][mail_tcp_socket][HttpTransportLayer]: [HTTP SEND GET]
09-14 10:33:27.801  7415 10539 V [MYTAG][mail_tcp_socket][HttpTransportLayer]: 	 url:http://192.168.0.1:80/app/getsdinfo
09-14 10:33:27.801  7415 10539 V [MYTAG][main][Device]: 603 dev is connected:true
09-14 10:33:27.840  7415 10539 V [MYTAG][mail_tcp_socket][HttpTransportLayer]: [HTTP RSP]
09-14 10:33:27.840  7415 10539 V [MYTAG][mail_tcp_socket][HttpTransportLayer]: 	 errcode:0
09-14 10:33:27.840  7415 10539 V [MYTAG][mail_tcp_socket][HttpTransportLayer]: 	[content]{"result":0,"info":{"status":0,"free":286,"total":1883}}
09-14 10:33:27.840  7415 10539 V [MYTAG][mail_tcp_socket][HttpTransportLayer]: -----------------------------------------
09-14 10:33:27.867  7415  7415 W ProxyAndroidLoggerBackend: Too many Flogger logs received before configuration. Dropping old logs.
09-14 10:33:27.877  7415  7415 I chatty  : uid=10291(com.vidure.app) identical 6 lines
09-14 10:33:27.878  7415  7415 W ProxyAndroidLoggerBackend: Too many Flogger logs received before configuration. Dropping old logs.
09-14 10:33:27.887  7415 10539 V [MYTAG][main][Device]: 603 dev is connected:true
09-14 10:33:27.890  7415 10539 V [MYTAG][main][CameraPreviewActivity]: rev msg1:264454
09-14 10:33:27.892  7415 10539 V [MYTAG][main][Device]: 603 dev is connected:true
09-14 10:33:27.892  7415 10539 V [MYTAG][main][CameraPreviewActivity]: rev msg1:589832
09-14 10:33:27.897  7415 10602 I System.out: (HTTPLog)-Static: isSBSettingEnabled false
09-14 10:33:27.914  7415 10602 I chatty  : uid=10291(com.vidure.app) identical 2 lines
09-14 10:33:27.914  7415 10602 I System.out: (HTTPLog)-Static: isSBSettingEnabled false
09-14 10:33:28.176  7415 10495 I com.vidure.app: Background concurrent copying GC freed 99813(11MB) AllocSpace objects, 84(4044KB) LOS objects, 22% free, 80MB/104MB, paused 351us total 270.092ms
09-14 10:33:28.819  7415 10751 W System  : Ignoring header sessionid because its value was null.
09-14 10:33:28.820  7415 10751 I System.out: (HTTPLog)-Static: isSBSettingEnabled false
09-14 10:33:28.820  7415 10751 I System.out: (HTTPLog)-Static: isSBSettingEnabled false
09-14 10:33:28.822  7415 10539 V [MYTAG][HeartbeatMgr][RemoteOptor]: ----
09-14 10:33:28.822  7415 10539 V [MYTAG][HeartbeatMgr][RemoteOptor]: [CMD]Basic_Msg_MailBox
09-14 10:33:28.822  7415 10539 V [MYTAG][HeartbeatMgr][RemoteOptor]: [PARAM]null
09-14 10:33:28.822  7415 10539 V [MYTAG][HeartbeatMgr][HttpTransportLayer]: [HTTP SEND GET]
09-14 10:33:28.822  7415 10539 V [MYTAG][HeartbeatMgr][HttpTransportLayer]: 	 url:http://192.168.0.1:80/app/getparamvalue?param=rec
09-14 10:33:28.856  7415 10539 V [MYTAG][HeartbeatMgr][HttpTransportLayer]: [HTTP RSP]
09-14 10:33:28.856  7415 10539 V [MYTAG][HeartbeatMgr][HttpTransportLayer]: 	 errcode:0
09-14 10:33:28.856  7415 10539 V [MYTAG][HeartbeatMgr][HttpTransportLayer]: 	[content]{"result":0,"info":{"value":0}}
09-14 10:33:28.856  7415 10539 V [MYTAG][HeartbeatMgr][HttpTransportLayer]: -----------------------------------------
09-14 10:33:29.148  7415 10600 W Settings: Setting adb_enabled has moved from android.provider.Settings.Secure to android.provider.Settings.Global.
09-14 10:33:29.276  7415 10600 I System.out: (HTTPLog)-Static: isSBSettingEnabled false
09-14 10:33:29.277  7415 10600 I System.out: (HTTPLog)-Static: isSBSettingEnabled false
09-14 10:33:29.298  7415 10600 I System.out: (HTTPLog)-Static: isSBSettingEnabled false
09-14 10:33:29.298  7415 10600 I System.out: (HTTPLog)-Static: isSBSettingEnabled false
09-14 10:33:29.799  7415 10603 I System.out: (HTTPLog)-Static: isSBSettingEnabled false
09-14 10:33:29.799  7415 10603 I System.out: (HTTPLog)-Static: isSBSettingEnabled false
09-14 10:33:30.804  7415 10539 V [MYTAG][mail_tcp_socket][ViiSocketMailDataPhraser]: ------------mail---------------
09-14 10:33:30.804  7415 10539 V [MYTAG][mail_tcp_socket][ViiSocketMailDataPhraser]: {"msgid":"battery","info":{"capacity":80,"charge":0},"time":1757846010}
09-14 10:33:30.811  7415 10539 V [MYTAG][main][Device]: 603 dev is connected:true
09-14 10:33:30.816  7415 10750 W System  : Ignoring header sessionid because its value was null.
09-14 10:33:30.816  7415 10750 I System.out: (HTTPLog)-Static: isSBSettingEnabled false
09-14 10:33:30.817  7415 10750 I System.out: (HTTPLog)-Static: isSBSettingEnabled false
09-14 10:33:30.818  7415 10539 V [MYTAG][mail_tcp_socket][ViiSocketMailDataPhraser]: ------------mail---------------
09-14 10:33:30.818  7415 10539 V [MYTAG][mail_tcp_socket][ViiSocketMailDataPhraser]: {"msgid":"sd","info":{"status":0},"time":1757846010}
09-14 10:33:30.818  7415 10539 V [MYTAG][mail_tcp_socket][RemoteOptor]: ----
09-14 10:33:30.818  7415 10539 V [MYTAG][mail_tcp_socket][RemoteOptor]: [CMD]DEV_SDCARD_STATUS_QUERY
09-14 10:33:30.818  7415 10539 V [MYTAG][mail_tcp_socket][RemoteOptor]: [PARAM]null
09-14 10:33:30.818  7415 10539 V [MYTAG][mail_tcp_socket][HttpTransportLayer]: [HTTP SEND GET]
09-14 10:33:30.818  7415 10539 V [MYTAG][mail_tcp_socket][HttpTransportLayer]: 	 url:http://192.168.0.1:80/app/getsdinfo
09-14 10:33:30.836  7415  7415 W ProxyAndroidLoggerBackend: Too many Flogger logs received before configuration. Dropping old logs.
09-14 10:33:30.840  7415  7415 I chatty  : uid=10291(com.vidure.app) identical 3 lines
09-14 10:33:30.842  7415  7415 W ProxyAndroidLoggerBackend: Too many Flogger logs received before configuration. Dropping old logs.
09-14 10:33:30.842  7415 10539 V [MYTAG][mail_tcp_socket][HttpTransportLayer]: [HTTP RSP]
09-14 10:33:30.842  7415 10539 V [MYTAG][mail_tcp_socket][HttpTransportLayer]: 	 errcode:0
09-14 10:33:30.842  7415 10539 V [MYTAG][mail_tcp_socket][HttpTransportLayer]: 	[content]{"result":0,"info":{"status":0,"free":286,"total":1883}}
09-14 10:33:30.842  7415 10539 V [MYTAG][mail_tcp_socket][HttpTransportLayer]: -----------------------------------------
09-14 10:33:30.843  7415  7415 W ProxyAndroidLoggerBackend: Too many Flogger logs received before configuration. Dropping old logs.
09-14 10:33:30.843  7415  7415 I chatty  : uid=10291(com.vidure.app) identical 1 line
09-14 10:33:30.844  7415  7415 W ProxyAndroidLoggerBackend: Too many Flogger logs received before configuration. Dropping old logs.
09-14 10:33:30.851  7415 10539 V [MYTAG][main][Device]: 603 dev is connected:true
09-14 10:33:30.853  7415 10539 V [MYTAG][main][CameraPreviewActivity]: rev msg1:264454
09-14 10:33:30.853  7415 10539 V [MYTAG][main][Device]: 603 dev is connected:true
09-14 10:33:30.853  7415 10539 V [MYTAG][main][CameraPreviewActivity]: rev msg1:589832
09-14 10:33:31.653  7415 10598 W Settings: Setting adb_enabled has moved from android.provider.Settings.Secure to android.provider.Settings.Global.
09-14 10:33:31.790  7415 10598 I System.out: (HTTPLog)-Static: isSBSettingEnabled false
09-14 10:33:31.790  7415 10598 I System.out: (HTTPLog)-Static: isSBSettingEnabled false
09-14 10:33:31.808  7415 10603 I System.out: (HTTPLog)-Static: isSBSettingEnabled false
09-14 10:33:31.808  7415 10603 I System.out: (HTTPLog)-Static: isSBSettingEnabled false
09-14 10:33:31.816  7415 10598 I System.out: (HTTPLog)-Static: isSBSettingEnabled false
09-14 10:33:31.816  7415 10598 I System.out: (HTTPLog)-Static: isSBSettingEnabled false
09-14 10:33:32.819  7415 10539 V [MYTAG][HeartbeatMgr][RemoteOptor]: ----
09-14 10:33:32.819  7415 10539 V [MYTAG][HeartbeatMgr][RemoteOptor]: [CMD]Basic_Msg_MailBox
09-14 10:33:32.819  7415 10539 V [MYTAG][HeartbeatMgr][RemoteOptor]: [PARAM]null
09-14 10:33:32.820  7415 10751 W System  : Ignoring header sessionid because its value was null.
09-14 10:33:32.820  7415 10539 V [MYTAG][HeartbeatMgr][HttpTransportLayer]: [HTTP SEND GET]
09-14 10:33:32.820  7415 10539 V [MYTAG][HeartbeatMgr][HttpTransportLayer]: 	 url:http://192.168.0.1:80/app/getparamvalue?param=rec
09-14 10:33:32.821  7415 10751 I System.out: (HTTPLog)-Static: isSBSettingEnabled false
09-14 10:33:32.821  7415 10751 I System.out: (HTTPLog)-Static: isSBSettingEnabled false
09-14 10:33:32.852  7415 10539 V [MYTAG][HeartbeatMgr][HttpTransportLayer]: [HTTP RSP]
09-14 10:33:32.852  7415 10539 V [MYTAG][HeartbeatMgr][HttpTransportLayer]: 	 errcode:0
09-14 10:33:32.852  7415 10539 V [MYTAG][HeartbeatMgr][HttpTransportLayer]: 	[content]{"result":0,"info":{"value":0}}
09-14 10:33:32.852  7415 10539 V [MYTAG][HeartbeatMgr][HttpTransportLayer]: -----------------------------------------
09-14 10:33:33.063  7415 10601 W Settings: Setting adb_enabled has moved from android.provider.Settings.Secure to android.provider.Settings.Global.
09-14 10:33:33.065  7415 10602 I System.out: (HTTPLog)-Static: isSBSettingEnabled false
09-14 10:33:33.065  7415 10602 I System.out: (HTTPLog)-Static: isSBSettingEnabled false
09-14 10:33:33.198  7415 10601 I System.out: (HTTPLog)-Static: isSBSettingEnabled false
09-14 10:33:33.218  7415 10601 I chatty  : uid=10291(com.vidure.app) identical 2 lines
09-14 10:33:33.218  7415 10601 I System.out: (HTTPLog)-Static: isSBSettingEnabled false
09-14 10:33:33.818  7415 10539 V [MYTAG][mail_tcp_socket][ViiSocketMailDataPhraser]: ------------mail---------------
09-14 10:33:33.818  7415 10539 V [MYTAG][mail_tcp_socket][ViiSocketMailDataPhraser]: {"msgid":"battery","info":{"capacity":80,"charge":0},"time":1757846013}
09-14 10:33:33.823  7415 10539 V [MYTAG][mail_tcp_socket][ViiSocketMailDataPhraser]: ------------mail---------------
09-14 10:33:33.823  7415 10539 V [MYTAG][mail_tcp_socket][ViiSocketMailDataPhraser]: {"msgid":"sd","info":{"status":0},"time":1757846013}
09-14 10:33:33.823  7415 10750 W System  : Ignoring header sessionid because its value was null.
09-14 10:33:33.823  7415 10539 V [MYTAG][mail_tcp_socket][RemoteOptor]: ----
09-14 10:33:33.823  7415 10539 V [MYTAG][mail_tcp_socket][RemoteOptor]: [CMD]DEV_SDCARD_STATUS_QUERY
09-14 10:33:33.823  7415 10539 V [MYTAG][mail_tcp_socket][RemoteOptor]: [PARAM]null
09-14 10:33:33.823  7415 10539 V [MYTAG][mail_tcp_socket][HttpTransportLayer]: [HTTP SEND GET]
09-14 10:33:33.823  7415 10539 V [MYTAG][mail_tcp_socket][HttpTransportLayer]: 	 url:http://192.168.0.1:80/app/getsdinfo
09-14 10:33:33.823  7415 10750 I System.out: (HTTPLog)-Static: isSBSettingEnabled false
09-14 10:33:33.823  7415 10750 I System.out: (HTTPLog)-Static: isSBSettingEnabled false
09-14 10:33:33.823  7415 10539 V [MYTAG][main][Device]: 603 dev is connected:true
09-14 10:33:33.853  7415 10539 V [MYTAG][mail_tcp_socket][HttpTransportLayer]: [HTTP RSP]
09-14 10:33:33.853  7415 10539 V [MYTAG][mail_tcp_socket][HttpTransportLayer]: 	 errcode:0
09-14 10:33:33.853  7415 10539 V [MYTAG][mail_tcp_socket][HttpTransportLayer]: 	[content]{"result":0,"info":{"status":0,"free":286,"total":1883}}
09-14 10:33:33.853  7415 10539 V [MYTAG][mail_tcp_socket][HttpTransportLayer]: -----------------------------------------
09-14 10:33:33.868  7415  7415 W ProxyAndroidLoggerBackend: Too many Flogger logs received before configuration. Dropping old logs.
09-14 10:33:33.877  7415  7415 I chatty  : uid=10291(com.vidure.app) identical 6 lines
09-14 10:33:33.879  7415  7415 W ProxyAndroidLoggerBackend: Too many Flogger logs received before configuration. Dropping old logs.
09-14 10:33:33.895  7415 10539 V [MYTAG][main][Device]: 603 dev is connected:true
09-14 10:33:33.895  7415 10539 V [MYTAG][main][CameraPreviewActivity]: rev msg1:264454
09-14 10:33:33.895  7415 10539 V [MYTAG][main][Device]: 603 dev is connected:true
09-14 10:33:33.896  7415 10539 V [MYTAG][main][CameraPreviewActivity]: rev msg1:589832
09-14 10:33:35.098  7415 10602 I System.out: (HTTPLog)-Static: isSBSettingEnabled false
09-14 10:33:35.098  7415 10602 I System.out: (HTTPLog)-Static: isSBSettingEnabled false
09-14 10:33:35.596  7415 12483 W ProxyAndroidLoggerBackend: Too many Flogger logs received before configuration. Dropping old logs.
09-14 10:33:35.597  7415 12483 I chatty  : uid=10291(com.vidure.app) identical 3 lines
09-14 10:33:35.598  7415 12483 W ProxyAndroidLoggerBackend: Too many Flogger logs received before configuration. Dropping old logs.
09-14 10:33:36.821  7415 10539 V [MYTAG][HeartbeatMgr][RemoteOptor]: ----
09-14 10:33:36.821  7415 10539 V [MYTAG][HeartbeatMgr][RemoteOptor]: [CMD]Basic_Msg_MailBox
09-14 10:33:36.821  7415 10539 V [MYTAG][HeartbeatMgr][RemoteOptor]: [PARAM]null
09-14 10:33:36.822  7415 10539 V [MYTAG][HeartbeatMgr][HttpTransportLayer]: [HTTP SEND GET]
09-14 10:33:36.822  7415 10539 V [MYTAG][HeartbeatMgr][HttpTransportLayer]: 	 url:http://192.168.0.1:80/app/getparamvalue?param=rec
09-14 10:33:36.822  7415 10751 W System  : Ignoring header sessionid because its value was null.
09-14 10:33:36.823  7415 10751 I System.out: (HTTPLog)-Static: isSBSettingEnabled false
09-14 10:33:36.823  7415 10751 I System.out: (HTTPLog)-Static: isSBSettingEnabled false
09-14 10:33:36.830  7415 10539 V [MYTAG][mail_tcp_socket][ViiSocketMailDataPhraser]: ------------mail---------------
09-14 10:33:36.830  7415 10539 V [MYTAG][mail_tcp_socket][ViiSocketMailDataPhraser]: {"msgid":"battery","info":{"capacity":80,"charge":0},"time":1757846016}
09-14 10:33:36.831  7415 10539 V [MYTAG][mail_tcp_socket][ViiSocketMailDataPhraser]: ------------mail---------------
09-14 10:33:36.831  7415 10539 V [MYTAG][mail_tcp_socket][ViiSocketMailDataPhraser]: {"msgid":"sd","info":{"status":0},"time":1757846016}
09-14 10:33:36.831  7415 10539 V [MYTAG][mail_tcp_socket][RemoteOptor]: ----
09-14 10:33:36.831  7415 10539 V [MYTAG][mail_tcp_socket][RemoteOptor]: [CMD]DEV_SDCARD_STATUS_QUERY
09-14 10:33:36.831  7415 10539 V [MYTAG][mail_tcp_socket][RemoteOptor]: [PARAM]null
09-14 10:33:36.835  7415 10539 V [MYTAG][main][Device]: 603 dev is connected:true
09-14 10:33:36.857  7415 10539 V [MYTAG][HeartbeatMgr][HttpTransportLayer]: [HTTP RSP]
09-14 10:33:36.857  7415 10539 V [MYTAG][HeartbeatMgr][HttpTransportLayer]: 	 errcode:0
09-14 10:33:36.857  7415 10539 V [MYTAG][HeartbeatMgr][HttpTransportLayer]: 	[content]{"result":0,"info":{"value":0}}
09-14 10:33:36.857  7415 10539 V [MYTAG][HeartbeatMgr][HttpTransportLayer]: -----------------------------------------
09-14 10:33:36.858  7415 10750 W System  : Ignoring header sessionid because its value was null.
09-14 10:33:36.858  7415 10750 I System.out: (HTTPLog)-Static: isSBSettingEnabled false
09-14 10:33:36.858  7415 10750 I System.out: (HTTPLog)-Static: isSBSettingEnabled false
09-14 10:33:36.859  7415 10539 V [MYTAG][mail_tcp_socket][HttpTransportLayer]: [HTTP SEND GET]
09-14 10:33:36.859  7415 10539 V [MYTAG][mail_tcp_socket][HttpTransportLayer]: 	 url:http://192.168.0.1:80/app/getsdinfo
09-14 10:33:36.861  7415  7415 W ProxyAndroidLoggerBackend: Too many Flogger logs received before configuration. Dropping old logs.
09-14 10:33:36.869  7415  7415 I chatty  : uid=10291(com.vidure.app) identical 6 lines
09-14 10:33:36.870  7415  7415 W ProxyAndroidLoggerBackend: Too many Flogger logs received before configuration. Dropping old logs.
09-14 10:33:36.880  7415 10539 V [MYTAG][main][Device]: 603 dev is connected:true
09-14 10:33:36.884  7415 10539 V [MYTAG][main][CameraPreviewActivity]: rev msg1:264454
09-14 10:33:36.902  7415 10539 V [MYTAG][mail_tcp_socket][HttpTransportLayer]: [HTTP RSP]
09-14 10:33:36.902  7415 10539 V [MYTAG][mail_tcp_socket][HttpTransportLayer]: 	 errcode:0
09-14 10:33:36.902  7415 10539 V [MYTAG][mail_tcp_socket][HttpTransportLayer]: 	[content]{"result":0,"info":{"status":0,"free":286,"total":1883}}
09-14 10:33:36.902  7415 10539 V [MYTAG][mail_tcp_socket][HttpTransportLayer]: -----------------------------------------
09-14 10:33:36.902  7415 10539 V [MYTAG][main][Device]: 603 dev is connected:true
09-14 10:33:36.902  7415 10539 V [MYTAG][main][CameraPreviewActivity]: rev msg1:589832
09-14 10:33:36.909  7415 10600 W Settings: Setting adb_enabled has moved from android.provider.Settings.Secure to android.provider.Settings.Global.
09-14 10:33:37.030  7415 10600 I System.out: (HTTPLog)-Static: isSBSettingEnabled false
09-14 10:33:37.048  7415 10600 I chatty  : uid=10291(com.vidure.app) identical 2 lines
09-14 10:33:37.048  7415 10600 I System.out: (HTTPLog)-Static: isSBSettingEnabled false
09-14 10:33:37.115  7415 10602 I System.out: (HTTPLog)-Static: isSBSettingEnabled false
09-14 10:33:37.115  7415 10602 I System.out: (HTTPLog)-Static: isSBSettingEnabled false
09-14 10:33:39.834  7415 10539 V [MYTAG][mail_tcp_socket][ViiSocketMailDataPhraser]: ------------mail---------------
09-14 10:33:39.834  7415 10539 V [MYTAG][mail_tcp_socket][ViiSocketMailDataPhraser]: {"msgid":"battery","info":{"capacity":80,"charge":0},"time":1757846019}
09-14 10:33:39.840  7415 10750 W System  : Ignoring header sessionid because its value was null.
09-14 10:33:39.840  7415 10750 I System.out: (HTTPLog)-Static: isSBSettingEnabled false
09-14 10:33:39.840  7415 10750 I System.out: (HTTPLog)-Static: isSBSettingEnabled false
09-14 10:33:39.842  7415 10539 V [MYTAG][mail_tcp_socket][ViiSocketMailDataPhraser]: ------------mail---------------
09-14 10:33:39.842  7415 10539 V [MYTAG][mail_tcp_socket][ViiSocketMailDataPhraser]: {"msgid":"sd","info":{"status":0},"time":1757846019}
09-14 10:33:39.842  7415 10539 V [MYTAG][mail_tcp_socket][RemoteOptor]: ----
09-14 10:33:39.842  7415 10539 V [MYTAG][mail_tcp_socket][RemoteOptor]: [CMD]DEV_SDCARD_STATUS_QUERY
09-14 10:33:39.842  7415 10539 V [MYTAG][mail_tcp_socket][RemoteOptor]: [PARAM]null
09-14 10:33:39.842  7415 10539 V [MYTAG][mail_tcp_socket][HttpTransportLayer]: [HTTP SEND GET]
09-14 10:33:39.842  7415 10539 V [MYTAG][mail_tcp_socket][HttpTransportLayer]: 	 url:http://192.168.0.1:80/app/getsdinfo
09-14 10:33:39.846  7415 10539 V [MYTAG][main][Device]: 603 dev is connected:true
09-14 10:33:39.863  7415 10539 V [MYTAG][mail_tcp_socket][HttpTransportLayer]: [HTTP RSP]
09-14 10:33:39.863  7415 10539 V [MYTAG][mail_tcp_socket][HttpTransportLayer]: 	 errcode:0
09-14 10:33:39.863  7415 10539 V [MYTAG][mail_tcp_socket][HttpTransportLayer]: 	[content]{"result":0,"info":{"status":0,"free":286,"total":1883}}
09-14 10:33:39.863  7415 10539 V [MYTAG][mail_tcp_socket][HttpTransportLayer]: -----------------------------------------
09-14 10:33:39.873  7415  7415 W ProxyAndroidLoggerBackend: Too many Flogger logs received before configuration. Dropping old logs.
09-14 10:33:39.881  7415  7415 I chatty  : uid=10291(com.vidure.app) identical 6 lines
09-14 10:33:39.882  7415  7415 W ProxyAndroidLoggerBackend: Too many Flogger logs received before configuration. Dropping old logs.
09-14 10:33:39.890  7415 10539 V [MYTAG][main][Device]: 603 dev is connected:true
09-14 10:33:39.891  7415 10539 V [MYTAG][main][CameraPreviewActivity]: rev msg1:264454
09-14 10:33:39.892  7415 10539 V [MYTAG][main][Device]: 603 dev is connected:true
09-14 10:33:39.892  7415 10539 V [MYTAG][main][CameraPreviewActivity]: rev msg1:589832
09-14 10:33:40.821  7415 10539 V [MYTAG][HeartbeatMgr][RemoteOptor]: ----
09-14 10:33:40.821  7415 10539 V [MYTAG][HeartbeatMgr][RemoteOptor]: [CMD]Basic_Msg_MailBox
09-14 10:33:40.821  7415 10539 V [MYTAG][HeartbeatMgr][RemoteOptor]: [PARAM]null
09-14 10:33:40.822  7415 10751 W System  : Ignoring header sessionid because its value was null.
09-14 10:33:40.822  7415 10539 V [MYTAG][HeartbeatMgr][HttpTransportLayer]: [HTTP SEND GET]
09-14 10:33:40.822  7415 10539 V [MYTAG][HeartbeatMgr][HttpTransportLayer]: 	 url:http://192.168.0.1:80/app/getparamvalue?param=rec
09-14 10:33:40.824  7415 10751 I System.out: (HTTPLog)-Static: isSBSettingEnabled false
09-14 10:33:40.824  7415 10751 I System.out: (HTTPLog)-Static: isSBSettingEnabled false
09-14 10:33:40.856  7415 10539 V [MYTAG][HeartbeatMgr][HttpTransportLayer]: [HTTP RSP]
09-14 10:33:40.856  7415 10539 V [MYTAG][HeartbeatMgr][HttpTransportLayer]: 	 errcode:0
09-14 10:33:40.856  7415 10539 V [MYTAG][HeartbeatMgr][HttpTransportLayer]: 	[content]{"result":0,"info":{"value":0}}
09-14 10:33:40.856  7415 10539 V [MYTAG][HeartbeatMgr][HttpTransportLayer]: -----------------------------------------
09-14 10:33:42.846  7415 10539 V [MYTAG][mail_tcp_socket][ViiSocketMailDataPhraser]: ------------mail---------------
09-14 10:33:42.846  7415 10539 V [MYTAG][mail_tcp_socket][ViiSocketMailDataPhraser]: {"msgid":"battery","info":{"capacity":80,"charge":0},"time":1757846022}
09-14 10:33:42.861  7415 10539 V [MYTAG][mail_tcp_socket][ViiSocketMailDataPhraser]: ------------mail---------------
09-14 10:33:42.861  7415 10539 V [MYTAG][mail_tcp_socket][ViiSocketMailDataPhraser]: {"msgid":"sd","info":{"status":0},"time":1757846022}
09-14 10:33:42.861  7415 10539 V [MYTAG][mail_tcp_socket][RemoteOptor]: ----
09-14 10:33:42.861  7415 10539 V [MYTAG][mail_tcp_socket][RemoteOptor]: [CMD]DEV_SDCARD_STATUS_QUERY
09-14 10:33:42.861  7415 10539 V [MYTAG][mail_tcp_socket][RemoteOptor]: [PARAM]null
09-14 10:33:42.862  7415 10750 W System  : Ignoring header sessionid because its value was null.
09-14 10:33:42.862  7415 10750 I System.out: (HTTPLog)-Static: isSBSettingEnabled false
09-14 10:33:42.862  7415 10750 I System.out: (HTTPLog)-Static: isSBSettingEnabled false
09-14 10:33:42.863  7415 10539 V [MYTAG][mail_tcp_socket][HttpTransportLayer]: [HTTP SEND GET]
09-14 10:33:42.863  7415 10539 V [MYTAG][mail_tcp_socket][HttpTransportLayer]: 	 url:http://192.168.0.1:80/app/getsdinfo
09-14 10:33:42.868  7415 10539 V [MYTAG][main][Device]: 603 dev is connected:true
09-14 10:33:42.895  7415  7415 W ProxyAndroidLoggerBackend: Too many Flogger logs received before configuration. Dropping old logs.
09-14 10:33:42.898  7415 10539 V [MYTAG][mail_tcp_socket][HttpTransportLayer]: [HTTP RSP]
09-14 10:33:42.898  7415 10539 V [MYTAG][mail_tcp_socket][HttpTransportLayer]: 	 errcode:0
09-14 10:33:42.898  7415 10539 V [MYTAG][mail_tcp_socket][HttpTransportLayer]: 	[content]{"result":0,"info":{"status":0,"free":286,"total":1883}}
09-14 10:33:42.898  7415 10539 V [MYTAG][mail_tcp_socket][HttpTransportLayer]: -----------------------------------------
09-14 10:33:42.898  7415  7415 W ProxyAndroidLoggerBackend: Too many Flogger logs received before configuration. Dropping old logs.
09-14 10:33:42.904  7415  7415 I chatty  : uid=10291(com.vidure.app) identical 5 lines
09-14 10:33:42.905  7415  7415 W ProxyAndroidLoggerBackend: Too many Flogger logs received before configuration. Dropping old logs.
09-14 10:33:42.915  7415 10539 V [MYTAG][main][Device]: 603 dev is connected:true
09-14 10:33:42.916  7415 10539 V [MYTAG][main][CameraPreviewActivity]: rev msg1:264454
09-14 10:33:42.916  7415 10539 V [MYTAG][main][Device]: 603 dev is connected:true
09-14 10:33:42.916  7415 10539 V [MYTAG][main][CameraPreviewActivity]: rev msg1:589832
09-14 10:33:44.822  7415 10751 W System  : Ignoring header sessionid because its value was null.
09-14 10:33:44.822  7415 10751 I System.out: (HTTPLog)-Static: isSBSettingEnabled false
09-14 10:33:44.822  7415 10751 I System.out: (HTTPLog)-Static: isSBSettingEnabled false
09-14 10:33:44.824  7415 10539 V [MYTAG][HeartbeatMgr][RemoteOptor]: ----
09-14 10:33:44.824  7415 10539 V [MYTAG][HeartbeatMgr][RemoteOptor]: [CMD]Basic_Msg_MailBox
09-14 10:33:44.824  7415 10539 V [MYTAG][HeartbeatMgr][RemoteOptor]: [PARAM]null
09-14 10:33:44.824  7415 10539 V [MYTAG][HeartbeatMgr][HttpTransportLayer]: [HTTP SEND GET]
09-14 10:33:44.824  7415 10539 V [MYTAG][HeartbeatMgr][HttpTransportLayer]: 	 url:http://192.168.0.1:80/app/getparamvalue?param=rec
09-14 10:33:44.850  7415 10539 V [MYTAG][HeartbeatMgr][HttpTransportLayer]: [HTTP RSP]
09-14 10:33:44.850  7415 10539 V [MYTAG][HeartbeatMgr][HttpTransportLayer]: 	 errcode:0
09-14 10:33:44.850  7415 10539 V [MYTAG][HeartbeatMgr][HttpTransportLayer]: 	[content]{"result":0,"info":{"value":0}}
09-14 10:33:44.850  7415 10539 V [MYTAG][HeartbeatMgr][HttpTransportLayer]: -----------------------------------------
09-14 10:33:45.601  7415 12574 W ProxyAndroidLoggerBackend: Too many Flogger logs received before configuration. Dropping old logs.
09-14 10:33:45.607  7415 12574 I chatty  : uid=10291(com.vidure.app) identical 2 lines
09-14 10:33:45.608  7415 12574 W ProxyAndroidLoggerBackend: Too many Flogger logs received before configuration. Dropping old logs.
09-14 10:33:45.854  7415 10539 V [MYTAG][mail_tcp_socket][ViiSocketMailDataPhraser]: ------------mail---------------
09-14 10:33:45.854  7415 10539 V [MYTAG][mail_tcp_socket][ViiSocketMailDataPhraser]: {"msgid":"battery","info":{"capacity":80,"charge":0},"time":1757846025}
09-14 10:33:45.856  7415 10750 W System  : Ignoring header sessionid because its value was null.
09-14 10:33:45.856  7415 10539 V [MYTAG][mail_tcp_socket][ViiSocketMailDataPhraser]: ------------mail---------------
09-14 10:33:45.856  7415 10539 V [MYTAG][mail_tcp_socket][ViiSocketMailDataPhraser]: {"msgid":"sd","info":{"status":0},"time":1757846025}
09-14 10:33:45.856  7415 10539 V [MYTAG][mail_tcp_socket][RemoteOptor]: ----
09-14 10:33:45.856  7415 10539 V [MYTAG][mail_tcp_socket][RemoteOptor]: [CMD]DEV_SDCARD_STATUS_QUERY
09-14 10:33:45.856  7415 10539 V [MYTAG][mail_tcp_socket][RemoteOptor]: [PARAM]null
09-14 10:33:45.857  7415 10539 V [MYTAG][mail_tcp_socket][HttpTransportLayer]: [HTTP SEND GET]
09-14 10:33:45.857  7415 10539 V [MYTAG][mail_tcp_socket][HttpTransportLayer]: 	 url:http://192.168.0.1:80/app/getsdinfo
09-14 10:33:45.857  7415 10750 I System.out: (HTTPLog)-Static: isSBSettingEnabled false
09-14 10:33:45.857  7415 10750 I System.out: (HTTPLog)-Static: isSBSettingEnabled false
09-14 10:33:45.862  7415 10539 V [MYTAG][main][Device]: 603 dev is connected:true
09-14 10:33:45.895  7415  7415 W ProxyAndroidLoggerBackend: Too many Flogger logs received before configuration. Dropping old logs.
09-14 10:33:45.895  7415 10539 V [MYTAG][mail_tcp_socket][HttpTransportLayer]: [HTTP RSP]
09-14 10:33:45.895  7415 10539 V [MYTAG][mail_tcp_socket][HttpTransportLayer]: 	 errcode:0
