03-15 11:41:53.077 32583 32583 W ProxyAndroidLoggerBackend: Too many Flogger logs received before configuration. Dropping old logs.
03-15 11:41:53.082 32583  5942 V [MYTAG][main][Device]: 666 dev is connected:true
03-15 11:41:53.082 32583 32583 W ProxyAndroidLoggerBackend: Too many Flogger logs received before configuration. Dropping old logs.
03-15 11:41:53.083 32583 32583 W ProxyAndroidLoggerBackend: Too many Flogger logs received before configuration. Dropping old logs.
03-15 11:41:53.085 32583  5942 V [MYTAG][main][CameraPreviewActivity]: rev msg1:264454
03-15 11:41:53.085 32583  5942 V [MYTAG][main][Device]: 666 dev is connected:true
03-15 11:41:53.085 32583  5942 V [MYTAG][main][CameraPreviewActivity]: rev msg1:589832
03-15 11:41:53.260 32583  8433 W ProxyAndroidLoggerBackend: Too many Flogger logs received before configuration. Dropping old logs.
03-15 11:41:54.084 32583  8435 W ProxyAndroidLoggerBackend: Too many Flogger logs received before configuration. Dropping old logs.
03-15 11:41:54.731 32583  6132 W System  : Ignoring header sessionid because its value was null.
03-15 11:41:54.731 32583  5942 V [MYTAG][HeartbeatMgr][RemoteOptor]: ----
03-15 11:41:54.731 32583  5942 V [MYTAG][HeartbeatMgr][RemoteOptor]: [CMD]Basic_Msg_MailBox
03-15 11:41:54.731 32583  5942 V [MYTAG][HeartbeatMgr][RemoteOptor]: [PARAM]null
03-15 11:41:54.731 32583  6132 I System.out: (HTTPLog)-Static: isSBSettingEnabled false
03-15 11:41:54.732 32583  6132 I System.out: (HTTPLog)-Static: isSBSettingEnabled false
03-15 11:41:54.732 32583  5942 V [MYTAG][HeartbeatMgr][HttpTransportLayer]: [HTTP SEND GET]
03-15 11:41:54.732 32583  5942 V [MYTAG][HeartbeatMgr][HttpTransportLayer]: 	 url:http://192.168.0.1:80/app/getparamvalue?param=rec
03-15 11:41:54.756 32583  5942 V [MYTAG][HeartbeatMgr][HttpTransportLayer]: [HTTP RSP]
03-15 11:41:54.756 32583  5942 V [MYTAG][HeartbeatMgr][HttpTransportLayer]: 	 errcode:0
03-15 11:41:54.756 32583  5942 V [MYTAG][HeartbeatMgr][HttpTransportLayer]: 	[content]{"result":0,"info":{"value":1}}
03-15 11:41:54.756 32583  5942 V [MYTAG][HeartbeatMgr][HttpTransportLayer]: -----------------------------------------
03-15 11:41:56.002 32583  8621 W ProxyAndroidLoggerBackend: Too many Flogger logs received before configuration. Dropping old logs.
03-15 11:41:56.003 32583  8621 W ProxyAndroidLoggerBackend: Too many Flogger logs received before configuration. Dropping old logs.
03-15 11:41:56.003 32583  8435 W ProxyAndroidLoggerBackend: Too many Flogger logs received before configuration. Dropping old logs.
03-15 11:41:56.006 32583  5942 V [MYTAG][mail_tcp_socket][ViiSocketMailDataPhraser]: ------------mail---------------
03-15 11:41:56.006 32583  5942 V [MYTAG][mail_tcp_socket][ViiSocketMailDataPhraser]: {"msgid":"battery","info":{"capacity":62,"charge":0},"time":1773574916}
03-15 11:41:56.011 32583  5942 V [MYTAG][main][Device]: 666 dev is connected:true
03-15 11:41:56.012 32583  6131 W System  : Ignoring header sessionid because its value was null.
03-15 11:41:56.013 32583  6131 I System.out: (HTTPLog)-Static: isSBSettingEnabled false
03-15 11:41:56.013 32583  6131 I System.out: (HTTPLog)-Static: isSBSettingEnabled false
03-15 11:41:56.017 32583  5942 V [MYTAG][mail_tcp_socket][ViiSocketMailDataPhraser]: ------------mail---------------
03-15 11:41:56.017 32583  5942 V [MYTAG][mail_tcp_socket][ViiSocketMailDataPhraser]: {"msgid":"sd","info":{"status":0},"time":1773574916}
03-15 11:41:56.018 32583  5942 V [MYTAG][mail_tcp_socket][RemoteOptor]: ----
03-15 11:41:56.018 32583  5942 V [MYTAG][mail_tcp_socket][RemoteOptor]: [CMD]DEV_SDCARD_STATUS_QUERY
03-15 11:41:56.018 32583  5942 V [MYTAG][mail_tcp_socket][RemoteOptor]: [PARAM]null
03-15 11:41:56.018 32583  5942 V [MYTAG][mail_tcp_socket][HttpTransportLayer]: [HTTP SEND GET]
03-15 11:41:56.018 32583  5942 V [MYTAG][mail_tcp_socket][HttpTransportLayer]: 	 url:http://192.168.0.1:80/app/getsdinfo
03-15 11:41:56.037 32583 32583 W ProxyAndroidLoggerBackend: Too many Flogger logs received before configuration. Dropping old logs.
03-15 11:41:56.046 32583 32583 I chatty  : uid=10291(com.vidure.app) identical 7 lines
03-15 11:41:56.052 32583 32583 W ProxyAndroidLoggerBackend: Too many Flogger logs received before configuration. Dropping old logs.
03-15 11:41:56.055 32583  5942 V [MYTAG][main][Device]: 666 dev is connected:true
03-15 11:41:56.056 32583  5942 V [MYTAG][main][CameraPreviewActivity]: rev msg1:264454
03-15 11:41:56.065 32583  5942 V [MYTAG][mail_tcp_socket][HttpTransportLayer]: [HTTP RSP]
03-15 11:41:56.065 32583  5942 V [MYTAG][mail_tcp_socket][HttpTransportLayer]: 	 errcode:0
03-15 11:41:56.065 32583  5942 V [MYTAG][mail_tcp_socket][HttpTransportLayer]: 	[content]{"result":0,"info":{"status":0,"free":295,"total":1883}}
03-15 11:41:56.065 32583  5942 V [MYTAG][mail_tcp_socket][HttpTransportLayer]: -----------------------------------------
03-15 11:41:56.065 32583  5942 V [MYTAG][main][Device]: 666 dev is connected:true
03-15 11:41:56.065 32583  5942 V [MYTAG][main][CameraPreviewActivity]: rev msg1:589832
03-15 11:41:58.731 32583  6132 W System  : Ignoring header sessionid because its value was null.
03-15 11:41:58.731 32583  5942 V [MYTAG][HeartbeatMgr][RemoteOptor]: ----
03-15 11:41:58.731 32583  5942 V [MYTAG][HeartbeatMgr][RemoteOptor]: [CMD]Basic_Msg_MailBox
03-15 11:41:58.731 32583  5942 V [MYTAG][HeartbeatMgr][RemoteOptor]: [PARAM]null
03-15 11:41:58.732 32583  6132 I System.out: (HTTPLog)-Static: isSBSettingEnabled false
03-15 11:41:58.732 32583  6132 I System.out: (HTTPLog)-Static: isSBSettingEnabled false
03-15 11:41:58.732 32583  5942 V [MYTAG][HeartbeatMgr][HttpTransportLayer]: [HTTP SEND GET]
03-15 11:41:58.732 32583  5942 V [MYTAG][HeartbeatMgr][HttpTransportLayer]: 	 url:http://192.168.0.1:80/app/getparamvalue?param=rec
03-15 11:41:58.914 32583  5942 V [MYTAG][HeartbeatMgr][HttpTransportLayer]: [HTTP RSP]
03-15 11:41:58.914 32583  5942 V [MYTAG][HeartbeatMgr][HttpTransportLayer]: 	 errcode:0
03-15 11:41:58.914 32583  5942 V [MYTAG][HeartbeatMgr][HttpTransportLayer]: 	[content]{"result":0,"info":{"value":1}}
03-15 11:41:58.914 32583  5942 V [MYTAG][HeartbeatMgr][HttpTransportLayer]: -----------------------------------------
03-15 11:41:58.978 32583  5942 V [MYTAG][mail_tcp_socket][ViiSocketMailDataPhraser]: ------------mail---------------
03-15 11:41:58.978 32583  5942 V [MYTAG][mail_tcp_socket][ViiSocketMailDataPhraser]: {"msgid":"battery","info":{"capacity":62,"charge":0},"time":1773574919}
03-15 11:41:58.983 32583  6131 W System  : Ignoring header sessionid because its value was null.
03-15 11:41:58.984 32583  5942 V [MYTAG][mail_tcp_socket][ViiSocketMailDataPhraser]: ------------mail---------------
03-15 11:41:58.984 32583  5942 V [MYTAG][mail_tcp_socket][ViiSocketMailDataPhraser]: {"msgid":"sd","info":{"status":0},"time":1773574919}
03-15 11:41:58.984 32583  6131 I System.out: (HTTPLog)-Static: isSBSettingEnabled false
03-15 11:41:58.984 32583  6131 I System.out: (HTTPLog)-Static: isSBSettingEnabled false
03-15 11:41:58.985 32583  5942 V [MYTAG][mail_tcp_socket][RemoteOptor]: ----
03-15 11:41:58.985 32583  5942 V [MYTAG][mail_tcp_socket][RemoteOptor]: [CMD]DEV_SDCARD_STATUS_QUERY
03-15 11:41:58.985 32583  5942 V [MYTAG][mail_tcp_socket][RemoteOptor]: [PARAM]null
03-15 11:41:58.986 32583  5942 V [MYTAG][mail_tcp_socket][HttpTransportLayer]: [HTTP SEND GET]
03-15 11:41:58.986 32583  5942 V [MYTAG][mail_tcp_socket][HttpTransportLayer]: 	 url:http://192.168.0.1:80/app/getsdinfo
03-15 11:41:58.986 32583  5942 V [MYTAG][main][Device]: 666 dev is connected:true
03-15 11:41:59.012 32583 32583 W ProxyAndroidLoggerBackend: Too many Flogger logs received before configuration. Dropping old logs.
03-15 11:41:59.019 32583 32583 I chatty  : uid=10291(com.vidure.app) identical 6 lines
03-15 11:41:59.021 32583 32583 W ProxyAndroidLoggerBackend: Too many Flogger logs received before configuration. Dropping old logs.
03-15 11:41:59.023 32583  5942 V [MYTAG][mail_tcp_socket][HttpTransportLayer]: [HTTP RSP]
03-15 11:41:59.023 32583  5942 V [MYTAG][mail_tcp_socket][HttpTransportLayer]: 	 errcode:0
03-15 11:41:59.023 32583  5942 V [MYTAG][mail_tcp_socket][HttpTransportLayer]: 	[content]{"result":0,"info":{"status":0,"free":291,"total":1883}}
03-15 11:41:59.023 32583  5942 V [MYTAG][mail_tcp_socket][HttpTransportLayer]: -----------------------------------------
03-15 11:41:59.028 32583 32583 W ProxyAndroidLoggerBackend: Too many Flogger logs received before configuration. Dropping old logs.
03-15 11:41:59.035 32583  5942 V [MYTAG][main][Device]: 666 dev is connected:true
03-15 11:41:59.037 32583  5942 V [MYTAG][main][CameraPreviewActivity]: rev msg1:264454
03-15 11:41:59.037 32583  5942 V [MYTAG][main][Device]: 666 dev is connected:true
03-15 11:41:59.038 32583  5942 V [MYTAG][main][CameraPreviewActivity]: rev msg1:589832
03-15 11:42:01.988 32583  5942 V [MYTAG][mail_tcp_socket][ViiSocketMailDataPhraser]: ------------mail---------------
03-15 11:42:01.988 32583  5942 V [MYTAG][mail_tcp_socket][ViiSocketMailDataPhraser]: {"msgid":"battery","info":{"capacity":62,"charge":0},"time":1773574922}
03-15 11:42:01.990 32583  6131 W System  : Ignoring header sessionid because its value was null.
03-15 11:42:01.992 32583  5942 V [MYTAG][mail_tcp_socket][ViiSocketMailDataPhraser]: ------------mail---------------
03-15 11:42:01.992 32583  5942 V [MYTAG][mail_tcp_socket][ViiSocketMailDataPhraser]: {"msgid":"sd","info":{"status":0},"time":1773574922}
03-15 11:42:01.992 32583  6131 I System.out: (HTTPLog)-Static: isSBSettingEnabled false
03-15 11:42:01.992 32583  6131 I System.out: (HTTPLog)-Static: isSBSettingEnabled false
03-15 11:42:01.992 32583  5942 V [MYTAG][mail_tcp_socket][RemoteOptor]: ----
03-15 11:42:01.992 32583  5942 V [MYTAG][mail_tcp_socket][RemoteOptor]: [CMD]DEV_SDCARD_STATUS_QUERY
03-15 11:42:01.992 32583  5942 V [MYTAG][mail_tcp_socket][RemoteOptor]: [PARAM]null
03-15 11:42:01.992 32583  5942 V [MYTAG][mail_tcp_socket][HttpTransportLayer]: [HTTP SEND GET]
03-15 11:42:01.992 32583  5942 V [MYTAG][mail_tcp_socket][HttpTransportLayer]: 	 url:http://192.168.0.1:80/app/getsdinfo
03-15 11:42:01.997 32583  5942 V [MYTAG][main][Device]: 666 dev is connected:true
03-15 11:42:02.043 32583 32583 W ProxyAndroidLoggerBackend: Too many Flogger logs received before configuration. Dropping old logs.
03-15 11:42:02.052 32583 32583 I chatty  : uid=10291(com.vidure.app) identical 7 lines
03-15 11:42:02.057 32583 32583 W ProxyAndroidLoggerBackend: Too many Flogger logs received before configuration. Dropping old logs.
03-15 11:42:02.060 32583  5942 V [MYTAG][main][Device]: 666 dev is connected:true
03-15 11:42:02.064 32583  5942 V [MYTAG][main][CameraPreviewActivity]: rev msg1:264454
03-15 11:42:02.153 32583  5942 V [MYTAG][mail_tcp_socket][HttpTransportLayer]: [HTTP RSP]
03-15 11:42:02.153 32583  5942 V [MYTAG][mail_tcp_socket][HttpTransportLayer]: 	 errcode:0
03-15 11:42:02.153 32583  5942 V [MYTAG][mail_tcp_socket][HttpTransportLayer]: 	[content]{"result":0,"info":{"status":0,"free":287,"total":1883}}
03-15 11:42:02.153 32583  5942 V [MYTAG][mail_tcp_socket][HttpTransportLayer]: -----------------------------------------
03-15 11:42:02.154 32583  5942 V [MYTAG][main][Device]: 666 dev is connected:true
03-15 11:42:02.155 32583  5942 V [MYTAG][main][CameraPreviewActivity]: rev msg1:589832
03-15 11:42:02.731 32583  6132 W System  : Ignoring header sessionid because its value was null.
03-15 11:42:02.732 32583  5942 V [MYTAG][HeartbeatMgr][RemoteOptor]: ----
03-15 11:42:02.732 32583  5942 V [MYTAG][HeartbeatMgr][RemoteOptor]: [CMD]Basic_Msg_MailBox
03-15 11:42:02.732 32583  5942 V [MYTAG][HeartbeatMgr][RemoteOptor]: [PARAM]null
03-15 11:42:02.732 32583  5942 V [MYTAG][HeartbeatMgr][HttpTransportLayer]: [HTTP SEND GET]
03-15 11:42:02.732 32583  5942 V [MYTAG][HeartbeatMgr][HttpTransportLayer]: 	 url:http://192.168.0.1:80/app/getparamvalue?param=rec
03-15 11:42:02.732 32583  6132 I System.out: (HTTPLog)-Static: isSBSettingEnabled false
03-15 11:42:02.732 32583  6132 I System.out: (HTTPLog)-Static: isSBSettingEnabled false
03-15 11:42:02.768 32583  5942 V [MYTAG][HeartbeatMgr][HttpTransportLayer]: [HTTP RSP]
03-15 11:42:02.768 32583  5942 V [MYTAG][HeartbeatMgr][HttpTransportLayer]: 	 errcode:0
03-15 11:42:02.768 32583  5942 V [MYTAG][HeartbeatMgr][HttpTransportLayer]: 	[content]{"result":0,"info":{"value":1}}
03-15 11:42:02.768 32583  5942 V [MYTAG][HeartbeatMgr][HttpTransportLayer]: -----------------------------------------
03-15 11:42:04.067 32583  8702 E JavaBinder: !!! FAILED BINDER TRANSACTION !!!  (parcel size = 128)
03-15 11:42:04.070 32583  8702 E AndroidRuntime: FATAL EXCEPTION: androidmapsapi-ula-1
03-15 11:42:04.070 32583  8702 E AndroidRuntime: Process: com.vidure.app, PID: 32583
03-15 11:42:04.070 32583  8702 E AndroidRuntime: DeadSystemException: The system died; earlier logs will point to the root cause
03-15 11:42:04.549 32583  8702 E memtrack: Couldn't load memtrack module
03-15 11:42:04.549 32583  8702 W android.os.Debug: failed to get memory consumption info: -1
03-15 11:42:04.620 32583  8702 E [MYTAG][androidmapsapi-ula-1]CrashHandler: MyApplication.isInited:true AppLib.isInit:true
03-15 11:42:04.620 32583  8702 E [MYTAG][androidmapsapi-ula-1]CrashHandler: DeadSystemException: The system died; earlier logs will point to the root cause
03-15 11:42:04.622 32583  8702 E [MYTAG][androidmapsapi-ula-1]CrashException: AppCrash NeedToRecordForCheck
03-15 11:42:04.624 32583  5942 V [MYTAG][androidmapsapi-ula-1][UiResInit]: errorinfo:java.lang.RuntimeException: android.os.DeadSystemException
03-15 11:42:04.624 32583  5942 V [MYTAG][androidmapsapi-ula-1][UiResInit]: 	at android.app.ApplicationPackageManager.getApplicationInfoAsUser(ApplicationPackageManager.java:496)
03-15 11:42:04.624 32583  5942 V [MYTAG][androidmapsapi-ula-1][UiResInit]: 	at android.app.ApplicationPackageManager.getApplicationInfo(ApplicationPackageManager.java:480)
03-15 11:42:04.624 32583  5942 V [MYTAG][androidmapsapi-ula-1][UiResInit]: 	at com.google.maps.api.android.lib6.common.h.b(:com.google.android.gms.policy_maps_core_dynamite@254515607@254515602025.843324832.843324832:8)
03-15 11:42:04.624 32583  5942 V [MYTAG][androidmapsapi-ula-1][UiResInit]: 	at com.google.maps.api.android.lib6.impl.hr.run(:com.google.android.gms.policy_maps_core_dynamite@254515607@254515602025.843324832.843324832:586)
03-15 11:42:04.624 32583  5942 V [MYTAG][androidmapsapi-ula-1][UiResInit]: 	at java.util.concurrent.ThreadPoolExecutor.runWorker(ThreadPoolExecutor.java:1167)
03-15 11:42:04.624 32583  5942 V [MYTAG][androidmapsapi-ula-1][UiResInit]: 	at java.util.concurrent.ThreadPoolExecutor$Worker.run(ThreadPoolExecutor.java:641)
03-15 11:42:04.624 32583  5942 V [MYTAG][androidmapsapi-ula-1][UiResInit]: 	at java.lang.Thread.run(Thread.java:919)
03-15 11:42:04.624 32583  5942 V [MYTAG][androidmapsapi-ula-1][UiResInit]: Caused by: android.os.DeadSystemException
03-15 11:42:04.624 32583  5942 V [MYTAG][androidmapsapi-ula-1][UiResInit]: 	... 7 more
03-15 11:42:04.624 32583  5942 V [MYTAG][androidmapsapi-ula-1][UiResInit]: 
03-15 11:42:04.624 32583  5942 V [MYTAG][androidmapsapi-ula-1][UiResInit]: date:2026-03-15 11:42:04
03-15 11:42:04.624 32583  5942 V [MYTAG][androidmapsapi-ula-1][UiResInit]: versioninfo:v3.2.1.260208/619
03-15 11:42:04.624 32583  5942 V [MYTAG][androidmapsapi-ula-1][UiResInit]: mobileInfo:BOARD=msm8998
03-15 11:42:04.624 32583  5942 V [MYTAG][androidmapsapi-ula-1][UiResInit]: BOOTLOADER=T835XXU5CVG2
03-15 11:42:04.624 32583  5942 V [MYTAG][androidmapsapi-ula-1][UiResInit]: BRAND=samsung
03-15 11:42:04.624 32583  5942 V [MYTAG][androidmapsapi-ula-1][UiResInit]: CPU_ABI=arm64-v8a
03-15 11:42:04.624 32583  5942 V [MYTAG][androidmapsapi-ula-1][UiResInit]: CPU_ABI2=
03-15 11:42:04.624 32583  5942 V [MYTAG][androidmapsapi-ula-1][UiResInit]: DEVICE=gts4llte
03-15 11:42:04.624 32583  5942 V [MYTAG][androidmapsapi-ula-1][UiResInit]: DISPLAY=QP1A.190711.020.T835XXU5CVG2
03-15 11:42:04.624 32583  5942 V [MYTAG][androidmapsapi-ula-1][UiResInit]: FINGERPRINT=samsung/gts4lltexx/gts4llte:10/QP1A.190711.020/T835XXU5CVG2:user/release-keys
03-15 11:42:04.624 32583  5942 V [MYTAG][androidmapsapi-ula-1][UiResInit]: HARDWARE=qcom
03-15 11:42:04.624 32583  5942 V [MYTAG][androidmapsapi-ula-1][UiResInit]: HOST=21HH1G04
03-15 11:42:04.624 32583  5942 V [MYTAG][androidmapsapi-ula-1][UiResInit]: ID=QP1A.190711.020
03-15 11:42:04.624 32583  5942 V [MYTAG][androidmapsapi-ula-1][UiResInit]: IS_DEBUGGABLE=false
03-15 11:42:04.624 32583  5942 V [MYTAG][androidmapsapi-ula-1][UiResInit]: IS_EMULATOR=false
03-15 11:42:04.624 32583  5942 V [MYTAG][androidmapsapi-ula-1][UiResInit]: MANUFACTURER=samsung
03-15 11:42:04.624 32583  5942 V [MYTAG][androidmapsapi-ula-1][UiResInit]: MODEL=SM-T835
03-15 11:42:04.624 32583  5942 V [MYTAG][androidmapsapi-ula-1][UiResInit]: PERMISSIONS_REVIEW_REQUIRED=true
03-15 11:42:04.624 32583  5942 V [MYTAG][androidmapsapi-ula-1][UiResInit]: PRODUCT=gts4lltexx
03-15 11:42:04.624 32583  5942 V [MYTAG][androidmapsapi-ula-1][UiResInit]: RADIO=unknown
03-15 11:42:04.624 32583  5942 V [MYTAG][androidmapsapi-ula-1][UiResInit]: SERIAL=unknown
03-15 11:42:04.624 32583  5942 V [MYTAG][androidmapsapi-ula-1][UiResInit]: SUPPORTED_32_BIT_ABIS=[Ljava.lang.String;@9e3d1da
03-15 11:42:04.624 32583  5942 V [MYTAG][androidmapsapi-ula-1][UiResInit]: SUPPORTED_64_BIT_ABIS=[Ljava.lang.String;@88cf60b
03-15 11:42:04.624 32583  5942 V [MYTAG][androidmapsapi-ula-1][UiResInit]: SUPPORTED_ABIS=[Ljava.lang.String;@e7e4ce8
03-15 11:42:04.624 32583  5942 V [MYTAG][androidmapsapi-ula-1][UiResInit]: TAGS=release-keys
03-15 11:42:04.624 32583  5942 V [MYTAG][androidmapsapi-ula-1][UiResInit]: TIME=1658709230000
03-15 11:42:04.624 32583  5942 V [MYTAG][androidmapsapi-ula-1][UiResInit]: TYPE=user
03-15 11:42:04.624 32583  5942 V [MYTAG][androidmapsapi-ula-1][UiResInit]: UNKNOWN=unknown
03-15 11:42:04.624 32583  5942 V [MYTAG][androidmapsapi-ula-1][UiResInit]: USER=dpi
03-15 11:42:04.624 32583  5942 V [MYTAG][androidmapsapi-ula-1][UiResInit]: 
03-15 11:42:04.744 32583  5896 I com.vidure.app: Background young concurrent copying GC freed 98627(16MB) AllocSpace objects, 45(3040KB) LOS objects, 16% free, 88MB/105MB, paused 390us total 150.466ms
03-15 11:42:05.000 32583  5942 V [MYTAG][mail_tcp_socket][ViiSocketMailDataPhraser]: ------------mail---------------
03-15 11:42:05.000 32583  5942 V [MYTAG][mail_tcp_socket][ViiSocketMailDataPhraser]: {"msgid":"battery","info":{"capacity":62,"charge":0},"time":1773574925}
03-15 11:42:05.003 32583  5942 V [MYTAG][mail_tcp_socket][ViiSocketMailDataPhraser]: ------------mail---------------
03-15 11:42:05.003 32583  5942 V [MYTAG][mail_tcp_socket][ViiSocketMailDataPhraser]: {"msgid":"sd","info":{"status":0},"time":1773574925}
03-15 11:42:05.006 32583  5942 V [MYTAG][mail_tcp_socket][RemoteOptor]: ----
03-15 11:42:05.006 32583  5942 V [MYTAG][mail_tcp_socket][RemoteOptor]: [CMD]DEV_SDCARD_STATUS_QUERY
03-15 11:42:05.006 32583  5942 V [MYTAG][mail_tcp_socket][RemoteOptor]: [PARAM]null
03-15 11:42:05.007 32583  5942 V [MYTAG][mail_tcp_socket][HttpTransportLayer]: [HTTP SEND GET]
03-15 11:42:05.007 32583  5942 V [MYTAG][mail_tcp_socket][HttpTransportLayer]: 	 url:http://192.168.0.1:80/app/getsdinfo
03-15 11:42:05.007 32583  5942 V [MYTAG][main][Device]: 666 dev is connected:true
03-15 11:42:05.008 32583  6131 W System  : Ignoring header sessionid because its value was null.
03-15 11:42:05.008 32583  6131 I System.out: (HTTPLog)-Static: isSBSettingEnabled false
03-15 11:42:05.008 32583  6131 I System.out: (HTTPLog)-Static: isSBSettingEnabled false
03-15 11:42:05.040 32583 32583 W ProxyAndroidLoggerBackend: Too many Flogger logs received before configuration. Dropping old logs.
03-15 11:42:05.043 32583 32583 I chatty  : uid=10291(com.vidure.app) identical 2 lines
03-15 11:42:05.043 32583 32583 W ProxyAndroidLoggerBackend: Too many Flogger logs received before configuration. Dropping old logs.
03-15 11:42:05.045 32583  5942 V [MYTAG][mail_tcp_socket][HttpTransportLayer]: [HTTP RSP]
03-15 11:42:05.045 32583  5942 V [MYTAG][mail_tcp_socket][HttpTransportLayer]: 	 errcode:0
03-15 11:42:05.045 32583  5942 V [MYTAG][mail_tcp_socket][HttpTransportLayer]: 	[content]{"result":0,"info":{"status":0,"free":283,"total":1883}}
03-15 11:42:05.045 32583  5942 V [MYTAG][mail_tcp_socket][HttpTransportLayer]: -----------------------------------------
03-15 11:42:05.046 32583 32583 W ProxyAndroidLoggerBackend: Too many Flogger logs received before configuration. Dropping old logs.
03-15 11:42:05.048 32583 32583 I chatty  : uid=10291(com.vidure.app) identical 3 lines
03-15 11:42:05.054 32583 32583 W ProxyAndroidLoggerBackend: Too many Flogger logs received before configuration. Dropping old logs.
03-15 11:42:05.058 32583  5942 V [MYTAG][main][Device]: 666 dev is connected:true
03-15 11:42:05.062 32583  5942 V [MYTAG][main][CameraPreviewActivity]: rev msg1:264454
03-15 11:42:05.062 32583  5942 V [MYTAG][main][Device]: 666 dev is connected:true
03-15 11:42:05.062 32583  5942 V [MYTAG][main][CameraPreviewActivity]: rev msg1:589832
03-15 11:42:05.459 32583  5942 V [MYTAG][androidmapsapi-ula-1][CameraPreviewActivity]: CameraPreviewActivity finish...
03-15 11:42:05.472 32583  5942 V [MYTAG][androidmapsapi-ula-1][MainActivity]: MainActivity finish...
03-15 11:42:05.473 32583  5942 D [MYTAG][main][GoogleMapAdapter]: onPause
03-15 11:42:05.473 32583  5942 V [MYTAG][main][CameraPreviewActivity]: CameraPreviewActivity onPause...
03-15 11:42:05.475 32583  5942 V [MYTAG][pool-11-thread-15][onPause_stop_player]: runnable  is start.
03-15 11:42:05.475 32583  5942 V [MYTAG][pool-11-thread-15][c]: toStopSync...
03-15 11:42:05.507 32583 32583 D Google Android Maps SDK: For capability in capabilities, log:
03-15 11:42:05.507 32583 32583 D Google Android Maps SDK: "AdvancedMarkers: false: Capabilities unavailable without a Map ID."Data-driven styling: false
03-15 11:42:05.508 32583  5942 D [MYTAG][main][GoogleMapAdapter]: onDestroy
03-15 11:42:05.510 32583 32583 W ProxyAndroidLoggerBackend: Too many Flogger logs received before configuration. Dropping old logs.
03-15 11:42:05.513 32583 32583 W ProxyAndroidLoggerBackend: Too many Flogger logs received before configuration. Dropping old logs.
03-15 11:42:05.513 32583 32583 I chatty  : uid=10291(com.vidure.app) identical 5 lines
03-15 11:42:05.513 32583 32583 W ProxyAndroidLoggerBackend: Too many Flogger logs received before configuration. Dropping old logs.
03-15 11:42:05.513 32583 32583 W ProxyAndroidLoggerBackend: Too many Flogger logs received before configuration. Dropping old logs.
03-15 11:42:05.522 32583 32583 I chatty  : uid=10291(com.vidure.app) identical 48 lines
03-15 11:42:05.522 32583 32583 W ProxyAndroidLoggerBackend: Too many Flogger logs received before configuration. Dropping old logs.
03-15 11:42:05.522 32583 32583 W ProxyAndroidLoggerBackend: Too many Flogger logs received before configuration. Dropping old logs.
03-15 11:42:05.524 32583 32583 I chatty  : uid=10291(com.vidure.app) identical 5 lines
03-15 11:42:05.524 32583 32583 W ProxyAndroidLoggerBackend: Too many Flogger logs received before configuration. Dropping old logs.
03-15 11:42:05.524 32583 32583 W ProxyAndroidLoggerBackend: Too many Flogger logs received before configuration. Dropping old logs.
03-15 11:42:05.525 32583 32583 W ProxyAndroidLoggerBackend: Too many Flogger logs received before configuration. Dropping old logs.
03-15 11:42:05.525 32583 32583 I chatty  : uid=10291(com.vidure.app) identical 4 lines
03-15 11:42:05.526 32583 32583 W ProxyAndroidLoggerBackend: Too many Flogger logs received before configuration. Dropping old logs.
03-15 11:42:05.526 32583 32583 W ProxyAndroidLoggerBackend: Too many Flogger logs received before configuration. Dropping old logs.
03-15 11:42:05.526 32583 32583 I chatty  : uid=10291(com.vidure.app) identical 3 lines
03-15 11:42:05.526 32583 32583 W ProxyAndroidLoggerBackend: Too many Flogger logs received before configuration. Dropping old logs.
03-15 11:42:05.527 32583 32583 W ProxyAndroidLoggerBackend: Too many Flogger logs received before configuration. Dropping old logs.
03-15 11:42:05.527 32583 32583 I chatty  : uid=10291(com.vidure.app) identical 2 lines
03-15 11:42:05.527 32583 32583 W ProxyAndroidLoggerBackend: Too many Flogger logs received before configuration. Dropping old logs.
03-15 11:42:05.527 32583 32583 W ProxyAndroidLoggerBackend: Too many Flogger logs received before configuration. Dropping old logs.
03-15 11:42:05.528 32583 32583 I chatty  : uid=10291(com.vidure.app) identical 2 lines
03-15 11:42:05.528 32583 32583 W ProxyAndroidLoggerBackend: Too many Flogger logs received before configuration. Dropping old logs.
03-15 11:42:05.528 32583 32583 W ProxyAndroidLoggerBackend: Too many Flogger logs received before configuration. Dropping old logs.
03-15 11:42:05.528 32583 32583 W ProxyAndroidLoggerBackend: Too many Flogger logs received before configuration. Dropping old logs.
03-15 11:42:05.529 32583 32583 I chatty  : uid=10291(com.vidure.app) identical 7 lines
03-15 11:42:05.529 32583 32583 W ProxyAndroidLoggerBackend: Too many Flogger logs received before configuration. Dropping old logs.
03-15 11:42:05.529 32583 32583 W ProxyAndroidLoggerBackend: Too many Flogger logs received before configuration. Dropping old logs.
03-15 11:42:05.529 32583 32583 I chatty  : uid=10291(com.vidure.app) identical 1 line
03-15 11:42:05.529 32583 32583 W ProxyAndroidLoggerBackend: Too many Flogger logs received before configuration. Dropping old logs.
03-15 11:42:05.529 32583 32583 W ProxyAndroidLoggerBackend: Too many Flogger logs received before configuration. Dropping old logs.
03-15 11:42:05.530 32583 32583 I chatty  : uid=10291(com.vidure.app) identical 5 lines
03-15 11:42:05.530 32583 32583 W ProxyAndroidLoggerBackend: Too many Flogger logs received before configuration. Dropping old logs.
03-15 11:42:05.530 32583 32583 W ProxyAndroidLoggerBackend: Too many Flogger logs received before configuration. Dropping old logs.
03-15 11:42:05.530 32583 32583 W ProxyAndroidLoggerBackend: Too many Flogger logs received before configuration. Dropping old logs.
03-15 11:42:05.530 32583 32583 W ProxyAndroidLoggerBackend: Too many Flogger logs received before configuration. Dropping old logs.
03-15 11:42:05.530 32583 32583 W ProxyAndroidLoggerBackend: Too many Flogger logs received before configuration. Dropping old logs.
03-15 11:42:05.531 32583 32583 I chatty  : uid=10291(com.vidure.app) identical 4 lines
03-15 11:42:05.531 32583 32583 W ProxyAndroidLoggerBackend: Too many Flogger logs received before configuration. Dropping old logs.
03-15 11:42:05.531 32583 32583 W ProxyAndroidLoggerBackend: Too many Flogger logs received before configuration. Dropping old logs.
03-15 11:42:05.532 32583 32583 I chatty  : uid=10291(com.vidure.app) identical 9 lines
03-15 11:42:05.532 32583 32583 W ProxyAndroidLoggerBackend: Too many Flogger logs received before configuration. Dropping old logs.
03-15 11:42:05.532 32583 32583 W ProxyAndroidLoggerBackend: Too many Flogger logs received before configuration. Dropping old logs.
03-15 11:42:05.532 32583 32583 I chatty  : uid=10291(com.vidure.app) identical 1 line
03-15 11:42:05.532 32583 32583 W ProxyAndroidLoggerBackend: Too many Flogger logs received before configuration. Dropping old logs.
03-15 11:42:05.532 32583 32583 W ProxyAndroidLoggerBackend: Too many Flogger logs received before configuration. Dropping old logs.
03-15 11:42:05.533 32583 32583 I chatty  : uid=10291(com.vidure.app) identical 4 lines
03-15 11:42:05.533 32583 32583 W ProxyAndroidLoggerBackend: Too many Flogger logs received before configuration. Dropping old logs.
03-15 11:42:05.533 32583 32583 W ProxyAndroidLoggerBackend: Too many Flogger logs received before configuration. Dropping old logs.
03-15 11:42:05.533 32583 32583 W ProxyAndroidLoggerBackend: Too many Flogger logs received before configuration. Dropping old logs.
03-15 11:42:05.534 32583 32583 I chatty  : uid=10291(com.vidure.app) identical 7 lines
03-15 11:42:05.534 32583 32583 W ProxyAndroidLoggerBackend: Too many Flogger logs received before configuration. Dropping old logs.
03-15 11:42:05.534 32583 32583 W ProxyAndroidLoggerBackend: Too many Flogger logs received before configuration. Dropping old logs.
03-15 11:42:05.534 32583 32583 I chatty  : uid=10291(com.vidure.app) identical 2 lines
03-15 11:42:05.534 32583 32583 W ProxyAndroidLoggerBackend: Too many Flogger logs received before configuration. Dropping old logs.
03-15 11:42:05.534 32583 32583 W ProxyAndroidLoggerBackend: Too many Flogger logs received before configuration. Dropping old logs.
03-15 11:42:05.535 32583 32583 I chatty  : uid=10291(com.vidure.app) identical 5 lines
03-15 11:42:05.535 32583 32583 W ProxyAndroidLoggerBackend: Too many Flogger logs received before configuration. Dropping old logs.
03-15 11:42:05.535 32583 32583 W ProxyAndroidLoggerBackend: Too many Flogger logs received before configuration. Dropping old logs.
03-15 11:42:05.536 32583 32583 I chatty  : uid=10291(com.vidure.app) identical 6 lines
03-15 11:42:05.536 32583 32583 W ProxyAndroidLoggerBackend: Too many Flogger logs received before configuration. Dropping old logs.
03-15 11:42:05.536 32583 32583 W ProxyAndroidLoggerBackend: Too many Flogger logs received before configuration. Dropping old logs.
03-15 11:42:05.536 32583 32583 I chatty  : uid=10291(com.vidure.app) identical 2 lines
03-15 11:42:05.537 32583 32583 W ProxyAndroidLoggerBackend: Too many Flogger logs received before configuration. Dropping old logs.
03-15 11:42:05.559 32583 32583 W ProxyAndroidLoggerBackend: Too many Flogger logs received before configuration. Dropping old logs.
03-15 11:42:05.559 32583 32583 I chatty  : uid=10291(com.vidure.app) identical 3 lines
03-15 11:42:05.559 32583 32583 W ProxyAndroidLoggerBackend: Too many Flogger logs received before configuration. Dropping old logs.
03-15 11:42:05.559 32583 32583 W ProxyAndroidLoggerBackend: Too many Flogger logs received before configuration. Dropping old logs.
03-15 11:42:05.560 32583 32583 I chatty  : uid=10291(com.vidure.app) identical 2 lines
03-15 11:42:05.560 32583 32583 W ProxyAndroidLoggerBackend: Too many Flogger logs received before configuration. Dropping old logs.
03-15 11:42:05.560 32583 32583 W ProxyAndroidLoggerBackend: Too many Flogger logs received before configuration. Dropping old logs.
03-15 11:42:05.560 32583 32583 I chatty  : uid=10291(com.vidure.app) identical 7 lines
03-15 11:42:05.560 32583 32583 W ProxyAndroidLoggerBackend: Too many Flogger logs received before configuration. Dropping old logs.
03-15 11:42:05.561 32583 32583 W ProxyAndroidLoggerBackend: Too many Flogger logs received before configuration. Dropping old logs.
03-15 11:42:05.561 32583 32583 W ProxyAndroidLoggerBackend: Too many Flogger logs received before configuration. Dropping old logs.
03-15 11:42:05.562 32583 32583 I chatty  : uid=10291(com.vidure.app) identical 17 lines
03-15 11:42:05.562 32583 32583 W ProxyAndroidLoggerBackend: Too many Flogger logs received before configuration. Dropping old logs.
03-15 11:42:05.562 32583 32583 W ProxyAndroidLoggerBackend: Too many Flogger logs received before configuration. Dropping old logs.
03-15 11:42:05.562 32583 32583 W ProxyAndroidLoggerBackend: Too many Flogger logs received before configuration. Dropping old logs.
03-15 11:42:05.562 32583 32583 W ProxyAndroidLoggerBackend: Too many Flogger logs received before configuration. Dropping old logs.
03-15 11:42:05.562 32583 32583 W ProxyAndroidLoggerBackend: Too many Flogger logs received before configuration. Dropping old logs.
03-15 11:42:05.564 32583 32583 I chatty  : uid=10291(com.vidure.app) identical 20 lines
03-15 11:42:05.564 32583 32583 W ProxyAndroidLoggerBackend: Too many Flogger logs received before configuration. Dropping old logs.
03-15 11:42:05.565 32583  5942 V [MYTAG][main][MainActivity]: MainActivity onDestroy...
03-15 11:42:05.569 32583  5942 D [MYTAG][main][DefaultDialog]: dismiss dialogId:general_waiting_dlg
03-15 11:42:05.570 32583  5942 V [MYTAG][main][CameraTabFragment]: CameraTabFragment onDestroy...
03-15 11:42:05.571 32583  5942 V [MYTAG][main][AlbumTabFragment]: AlbumTabFragment onDestroy...
03-15 11:42:05.572 32583  5942 V [MYTAG][main][AiEditorTabFragment]: AiEditorTabFragment onDestroy...
03-15 11:42:05.577 32583  5942 V [MYTAG][main][VMeTabFragment]: VMeTabFragment onDestroy...
03-15 11:42:05.578 32583  5942 V [MYTAG][main][LlService]: the app license is valid.
03-15 11:42:05.580 32583 32583 D ViewRootImpl@6da9899[MainActivity]: dispatchDetachedFromWindow
03-15 11:42:05.583 32583 32583 D InputTransport: Input channel destroyed: 'b4d94e9', fd=152
03-15 11:42:05.583 32583 32583 D ViewRootImpl@9e19b73[CameraPreviewActivity]: MSG_WINDOW_FOCUS_CHANGED 0 1
03-15 11:42:05.583 32583 32583 D InputMethodManager: prepareNavigationBarInfo() DecorView@5eda37a[CameraPreviewActivity]
03-15 11:42:05.583 32583 32583 D InputMethodManager: getNavigationBarColor() -1
03-15 11:42:05.585 32583  5942 V [MYTAG][main][CameraPreviewActivity]: CameraPreviewActivity onWindowFocusChanged...false
03-15 11:42:05.585 32583  5942 V [MYTAG][Thread-31][MyApplication]: activity is not empty ,wait 10ms.
03-15 11:42:05.607 32583 32583 D ViewRootImpl@9e19b73[CameraPreviewActivity]: Relayout returned: old=(0,0,2560,1600) new=(0,0,2560,1600) req=(2560,1600)0 dur=6 res=0x1 s={true 530015784960} ch=false
03-15 11:42:05.686 32583  5942 V [MYTAG][Thread-31][MyApplication]: activity is not empty ,wait 10ms.
03-15 11:42:05.764 32583 32583 D InputTransport: Input channel destroyed: 'ClientS', fd=118
03-15 11:42:05.775 32583  6158 D IJKMEDIA: ijkmp_stop()
03-15 11:42:05.775 32583  6158 D IJKMEDIA: ijkmp_stop()=0
03-15 11:42:05.775 32583  6158 D IJKMEDIA: IjkMediaPlayer_native_profileEnd
03-15 11:42:05.775 32583  6158 D aprof-fake: fake-momcleanup
03-15 11:42:05.775 32583  6158 D IJKMEDIA: moncleanup
03-15 11:42:05.775 32583  6158 D IJKMEDIA: IjkMediaPlayer_release
03-15 11:42:05.775 32583  6158 D IJKMEDIA: ijkmp_set_android_surface(surface=0x0)
03-15 11:42:05.777 32583  6158 D IJKMEDIA: ffpipeline_set_surface()
03-15 11:42:05.777 32583  6158 D IJKMEDIA: ijkmp_set_android_surface(surface=0x0)=void
03-15 11:42:05.777 32583  6158 D IJKMEDIA: ijkmp_shutdown_l()
03-15 11:42:05.777 32583  6184 I IJKMEDIA: convert image convert_frame_count = 0
03-15 11:42:05.777 32583  6184 I IJKMEDIA: SDL_JNI_DetachThreadEnv: [6184]
03-15 11:42:05.777 32583  6172 D IJKMEDIA: message_loop exit
03-15 11:42:05.777 32583  6172 I IJKMEDIA: SDL_JNI_DetachThreadEnv: [6172]
03-15 11:42:05.777 32583  5942 V [MYTAG][pool-25-thread-1][toStop]: runnable  is start.
03-15 11:42:05.777 32583  5942 V [MYTAG][pool-25-thread-1][IjkPreviewPlayer]: ... start to stop!!
03-15 11:42:05.778 32583  5942 V [MYTAG][pool-25-thread-1][IjkPreviewPlayer]: release:
03-15 11:42:05.787 32583  6173 I IJKMEDIA: SDL_JNI_DetachThreadEnv: [6173]
03-15 11:42:05.787 32583  6174 I IJKMEDIA: read_packet len is -1.
03-15 11:42:05.787 32583  6174 E IJKMEDIA: read_packet ret < 0:-1,s->nb_streams:2.
03-15 11:42:05.787 32583  6174 I IJKMEDIA: ff_read_packet ret is -1,s->internal->parse_queue:0.
03-15 11:42:05.787 32583  6174 I IJKMEDIA: read thread abort_request.
03-15 11:42:05.787 32583  6174 I IJKMEDIA: SDL_JNI_DetachThreadEnv: [6174]
03-15 11:42:05.790 32583  5942 V [MYTAG][Thread-31][MyApplication]: activity is not empty ,wait 10ms.
03-15 11:42:05.799 32583  6158 I IJKMEDIA: s->iformat->read_close
03-15 11:42:05.890 32583  5942 V [MYTAG][Thread-31][MyApplication]: activity is not empty ,wait 10ms.
03-15 11:42:05.990 32583  5942 V [MYTAG][Thread-31][MyApplication]: activity is not empty ,wait 10ms.
03-15 11:42:06.090 32583  5942 V [MYTAG][Thread-31][MyApplication]: activity is not empty ,wait 10ms.
03-15 11:42:06.099 32583  6158 I IJKMEDIA: rtsp close streams end 
03-15 11:42:06.100 32583  6158 E IJKMEDIA: SDL_Overlay(ffmpeg): overlay_free_l(0x7bf9e497b0)
03-15 11:42:06.100 32583  6158 E IJKMEDIA: SDL_Overlay(ffmpeg): overlay_free_l(0x7bf9e49ba0)
03-15 11:42:06.100 32583  6158 E IJKMEDIA: SDL_Overlay(ffmpeg): overlay_free_l(0x7bf9e49c10)
03-15 11:42:06.100 32583  6158 E IJKMEDIA: SDL_Overlay(ffmpeg): overlay_free_l(0x7bf9e49cf0)
03-15 11:42:06.100 32583  6158 E IJKMEDIA: SDL_Overlay(ffmpeg): overlay_free_l(0x7b7b1b6e30)
03-15 11:42:06.100 32583  6158 E IJKMEDIA: SDL_Overlay(ffmpeg): overlay_free_l(0x7b7b1b6ea0)
03-15 11:42:06.100 32583  6158 E IJKMEDIA: SDL_Overlay(ffmpeg): overlay_free_l(0x7b7b1b6f10)
03-15 11:42:06.100 32583  6158 E IJKMEDIA: SDL_Overlay(ffmpeg): overlay_free_l(0x7b7b1b6f80)
03-15 11:42:06.100 32583  6158 E IJKMEDIA: SDL_Overlay(ffmpeg): overlay_free_l(0x7b7b1b6ff0)
03-15 11:42:06.100 32583  6158 E IJKMEDIA: SDL_Overlay(ffmpeg): overlay_free_l(0x7b7b1b7060)
03-15 11:42:06.100 32583  6158 E IJKMEDIA: SDL_Overlay(ffmpeg): overlay_free_l(0x7b7b1b70d0)
03-15 11:42:06.100 32583  6158 E IJKMEDIA: SDL_Overlay(ffmpeg): overlay_free_l(0x7b7b1b7140)
03-15 11:42:06.101 32583  6158 D IJKMEDIA: ijkmp_shutdown_l()=void
03-15 11:42:06.101 32583  6158 D IJKMEDIA: ijkmp_dec_ref(): ref=0
03-15 11:42:06.101 32583  6158 D IJKMEDIA: ijkmp_shutdown_l()
03-15 11:42:06.101 32583  6158 D IJKMEDIA: ijkmp_shutdown_l()=void
03-15 11:42:06.102 32583  5942 V [MYTAG][pool-25-thread-1][IjkPreviewPlayer]: stopped.
03-15 11:42:06.191 32583  5942 V [MYTAG][Thread-31][MyApplication]: activity is not empty ,wait 10ms.
03-15 11:42:06.228 32583 32583 D SurfaceView: onWindowVisibilityChanged(8) false android.view.SurfaceView{77f95c G.E...... ......I. 0,0-0,0 #7f0905f7 app:id/surface_view} of ViewRootImpl@9e19b73[CameraPreviewActivity]
03-15 11:42:06.229 32583 32583 D SurfaceView: onWindowVisibilityChanged(8) false android.opengl.GLSurfaceView{a376465 G.E...... ......I. 0,0-0,0 #7f090275 app:id/gl_surface_view} of ViewRootImpl@9e19b73[CameraPreviewActivity]
03-15 11:42:06.229 32583 32583 D SurfaceView: onWindowVisibilityChanged(8) false com.vidure.libs.video.mc.ai.VideoGLSurfaceView{54ab53a V.E...... ........ 0,0-2560,1600 #7f09062f app:id/texture_surface_view} of ViewRootImpl@9e19b73[CameraPreviewActivity]
03-15 11:42:06.229 32583 32583 D SurfaceView: surfaceDestroyed callback.size 1 #2 com.vidure.libs.video.mc.ai.VideoGLSurfaceView{54ab53a V.E...... ........ 0,0-2560,1600 #7f09062f app:id/texture_surface_view}
03-15 11:42:06.231 32583  5942 V [MYTAG][main][IjkPreviewPlayer]: onSurfaceDestroyed
03-15 11:42:06.231 32583 32583 D SurfaceView: remove() com.vidure.libs.video.mc.ai.VideoGLSurfaceView{54ab53a V.E...... ........ 0,0-2560,1600 #7f09062f app:id/texture_surface_view} Surface(name=SurfaceView - com.vidure.app/com.vidure.app.ui.activity.CameraPreviewActivity@54ab53a@0)/@0x9e844fe
03-15 11:42:06.232 32583  5937 D OpenGLRenderer: makeCurrent EglSurface : 0x7b4e8dca80 -> 0x0
03-15 11:42:06.238 32583 32583 D ViewRootImpl@9e19b73[CameraPreviewActivity]: Relayout returned: old=(0,0,2560,1600) new=(0,0,2560,1600) req=(2560,1600)8 dur=4 res=0x5 s={false 0} ch=true
03-15 11:42:06.239 32583  5942 D [MYTAG][main][GoogleMapAdapter]: onStop
03-15 11:42:06.240 32583 32583 D ViewRootImpl@9e19b73[CameraPreviewActivity]: stopped(true) old=false
03-15 11:42:06.241 32583 32583 D SurfaceView: windowStopped(true) false android.view.SurfaceView{77f95c G.E...... ......I. 0,0-0,0 #7f0905f7 app:id/surface_view} of ViewRootImpl@9e19b73[CameraPreviewActivity]
03-15 11:42:06.241 32583 32583 D SurfaceView: windowStopped(true) false android.opengl.GLSurfaceView{a376465 G.E...... ......I. 0,0-0,0 #7f090275 app:id/gl_surface_view} of ViewRootImpl@9e19b73[CameraPreviewActivity]
03-15 11:42:06.241 32583 32583 D SurfaceView: windowStopped(true) false com.vidure.libs.video.mc.ai.VideoGLSurfaceView{54ab53a V.E...... ........ 0,0-2560,1600 #7f09062f app:id/texture_surface_view} of ViewRootImpl@9e19b73[CameraPreviewActivity]
03-15 11:42:06.241 32583  5942 V [MYTAG][main][CameraPreviewActivity]: CameraPreviewActivity onStop...
03-15 11:42:06.242 32583  5942 V [MYTAG][main][ActivityListMgr]: app switch to background
03-15 11:42:06.243 32583  5942 D [MYTAG][main][GoogleMapAdapter]: onDestroy
03-15 11:42:06.243 32583 32583 D Google Android Maps SDK: For capability in capabilities, log:
03-15 11:42:06.243 32583 32583 D Google Android Maps SDK: "AdvancedMarkers: false: Capabilities unavailable without a Map ID."Data-driven styling: false
03-15 11:42:06.244 32583 32583 W ProxyAndroidLoggerBackend: Too many Flogger logs received before configuration. Dropping old logs.
03-15 11:42:06.255 32583  5940 W System  : Ignoring header sessionid because its value was null.
03-15 11:42:06.255 32583  5942 V [MYTAG][pool-11-thread-1][log_out]: runnable  is start.
03-15 11:42:06.255 32583  5942 D [MYTAG][main][TrackLocateService]: shutdown TrackLocateService:
03-15 11:42:06.255 32583  5942 V [MYTAG][pool-11-thread-1][RemoteOptor]: ----
03-15 11:42:06.255 32583  5942 V [MYTAG][pool-11-thread-1][RemoteOptor]: [CMD]Basic_Auth_Logout
03-15 11:42:06.255 32583  5942 V [MYTAG][pool-11-thread-1][RemoteOptor]: [PARAM]null
03-15 11:42:06.255 32583  5940 I System.out: (HTTPLog)-Static: isSBSettingEnabled false
03-15 11:42:06.255 32583  5940 I System.out: (HTTPLog)-Static: isSBSettingEnabled false
03-15 11:42:06.256 32583  5942 V [MYTAG][pool-11-thread-1][HttpTransportLayer]: [HTTP SEND GET]
03-15 11:42:06.256 32583  5942 V [MYTAG][pool-11-thread-1][HttpTransportLayer]: 	 url:http://192.168.0.1:80/app/exitrecorder
03-15 11:42:06.259 32583  5942 D [MYTAG][main][ExitApp]: activityList size=1, remove activity=CameraPreviewActivity
03-15 11:42:06.259 32583  5942 V [MYTAG][main][CameraPreviewActivity]: CameraPreviewActivity onDestroy...
03-15 11:42:06.260 32583  5942 D [MYTAG][main][DefaultDialog]: dismiss dialogId:general_waiting_dlg
03-15 11:42:06.271 32583  5942 V [MYTAG][main][DadaTplViewLayout]: onDetachedFromWindow.
03-15 11:42:06.271 32583  5942 V [MYTAG][main][DadaTplViewLayout]:  null
03-15 11:42:06.272 32583  5942 V [MYTAG][main][DadaTplViewLayout]: destroyed unregister.
03-15 11:42:06.272 32583  5942 V [MYTAG][main][DadaTplViewLayout]:  null
03-15 11:42:06.275 32583 32583 D ViewRootImpl@9e19b73[CameraPreviewActivity]: dispatchDetachedFromWindow
03-15 11:42:06.284 32583  5940 E [MYTAG][pool-11-thread-1]JsonRawRspHanlder: http getResponseCode():404
03-15 11:42:06.285 32583  5942 V [MYTAG][pool-11-thread-1][HttpTransportLayer]: [HTTP RSP]
03-15 11:42:06.285 32583  5942 V [MYTAG][pool-11-thread-1][HttpTransportLayer]: 	 errcode:4114
03-15 11:42:06.285 32583  5942 V [MYTAG][pool-11-thread-1][HttpTransportLayer]: 	[content]
03-15 11:42:06.285 32583  5942 V [MYTAG][pool-11-thread-1][HttpTransportLayer]: -----------------------------------------
03-15 11:42:06.285 32583  5942 V [MYTAG][pool-11-thread-1][log_out]: runnable  is end.
03-15 11:42:06.289 32583 32583 D InputTransport: Input channel destroyed: '87aa67f', fd=128
03-15 11:42:06.293 32583  5942 V [MYTAG][Thread-31][MyApplication]: activity is not empty ,wait 10ms.
03-15 11:42:06.294 32583  5942 V [MYTAG][main][TrackLocateService]:  onDestroy... 17719687
03-15 11:42:06.301 32583 32583 I com.vidure.app: System.exit called, status: 0
03-15 11:42:06.301 32583 32583 I AndroidRuntime: VM exiting with result code 0, cleanup skipped.
03-15 11:42:08.224  3998  3998 E com.vidure.app: Not starting debugger since process cannot load the jdwp agent.
03-15 11:42:08.230  3998  3998 D ActivityThread: setConscryptValidator
03-15 11:42:08.231  3998  3998 D ActivityThread: setConscryptValidator - put
03-15 11:42:08.261  3998  3998 I com.vidure.app: The ClassLoaderContext is a special shared library.
03-15 11:42:08.299  3998  3998 W com.vidure.app: JIT profile information will not be recorded: profile file does not exits.
03-15 11:42:08.299  3998  3998 I chatty  : uid=10291(com.vidure.app) identical 1 line
03-15 11:42:08.299  3998  3998 W com.vidure.app: JIT profile information will not be recorded: profile file does not exits.
03-15 11:42:08.306  3998  3998 I MultiDex: VM with version 2.1.0 has multidex support
03-15 11:42:08.306  3998  3998 I MultiDex: Installing application
03-15 11:42:08.306  3998  3998 I MultiDex: VM has multidex support, MultiDex support library is disabled.
03-15 11:42:08.309  3998  3998 W HMSSDK_PushPreferences: get new sharedPreferences failed,start to get from context. 
03-15 11:42:08.315  3998  3998 I FirebaseApp: Device unlocked: initializing all Firebase APIs for app [DEFAULT]
03-15 11:42:08.318  3998  3998 I FirebaseInitProvider: FirebaseApp initialization successful
03-15 11:42:08.428  3998  3998 W com.facebook.h: The value for AdvertiserIDCollectionEnabled is currently set to FALSE so you're sending app events without collecting Advertiser ID. This can affect the quality of your advertising and analytics results.
03-15 11:42:08.439  3998  3998 I AGConnectProvider: AGConnectInitializeProvider#onCreate
03-15 11:42:08.439  3998  3998 I AGConnectInstance: AGConnectInstance#initialize
03-15 11:42:08.439  3998  3998 W AGC_Instance: agc sdk initialize
03-15 11:42:08.440  3998  3998 I AGC_Registrar: getServices
03-15 11:42:08.440  3998  3998 I AGC_Registrar: services:0
03-15 11:42:08.440  3998  3998 D AGC_Instance: AGConnectInstanceImpl init
03-15 11:42:08.440  3998  3998 D AGC_ServiceRepository: addService start
03-15 11:42:08.440  3998  3998 D AGC_ServiceRepository: addService end
03-15 11:42:08.440  3998  3998 D AGC_ServiceRepository: addService start
03-15 11:42:08.440  3998  3998 D AGC_Instance: AGConnectInstanceImpl init end
03-15 11:42:08.440  3998  3998 I AGC_Instance: initFinish callback start
03-15 11:42:08.441  3998  3998 I AGC_Instance: AGC SDK initialize end
03-15 11:42:08.441  3998  8780 W n2.C    : Apps that target Android API 30+ (Android 11+) cannot call Facebook native apps unless the package visibility needs are declared. Please follow https://developers.facebook.com/docs/android/troubleshooting/#faq_267321845055988 to make the declaration.
03-15 11:42:08.449  3998  3998 V MyApplication: APP start cost--- onCreate：4
03-15 11:42:08.450  3998  3998 W ActivityThread: handleWindowVisibility: no activity for token android.os.BinderProxy@bde62f0
03-15 11:42:08.452  3998  8775 D NetworkSecurityConfig: Using Network Security Config from resource network_security debugBuild: false
03-15 11:42:08.454  3998  8782 E com.facebook.c: GraphRequest can't be used when Facebook SDK isn't fully initialized
03-15 11:42:08.458  3998  8775 E com.facebook.c: GraphRequest can't be used when Facebook SDK isn't fully initialized
03-15 11:42:08.459  3998  8775 E com.facebook.c: GraphRequest can't be used when Facebook SDK isn't fully initialized
03-15 11:42:08.459  3998  8782 E com.facebook.c: GraphRequest can't be used when Facebook SDK isn't fully initialized
03-15 11:42:08.485  3998  3998 D PhoneWindow: forceLight changed to true [] from com.android.internal.policy.PhoneWindow.updateForceLightNavigationBar:4268 com.android.internal.policy.DecorView.updateColorViews:1513 com.android.internal.policy.PhoneWindow.dispatchWindowAttributesChanged:3246 android.view.Window.setFlags:1148 com.android.internal.policy.PhoneWindow.generateLayout:2474 
03-15 11:42:08.485  3998  3998 D PhoneWindow: forceLight changed to false [] from com.android.internal.policy.PhoneWindow.updateForceLightNavigationBar:4274 com.android.internal.policy.DecorView.updateColorViews:1513 com.android.internal.policy.PhoneWindow.dispatchWindowAttributesChanged:3246 android.view.Window.setFlags:1148 com.android.internal.policy.PhoneWindow.generateLayout:2620 
03-15 11:42:08.486  3998  3998 I MultiWindowDecorSupport: updateCaptionType >> DecorView@1b20b9e[], isFloating: false, isApplication: true, hasWindowDecorCaption: false, hasWindowControllerCallback: true
03-15 11:42:08.486  3998  3998 D MultiWindowDecorSupport: setCaptionType = 0, DecorView = DecorView@1b20b9e[]
03-15 11:42:08.546  3998  3998 D EventBus: No subscribers registered for event class com.vidure.app.core.fw.msg.PhoneEventBusMsg
03-15 11:42:08.546  3998  3998 D EventBus: No subscribers registered for event class rf.f
03-15 11:42:08.548  3998  3998 V UiResInit: [start] do first step init. 
03-15 11:42:08.549  3998  3998 V UiResInit: [end] do first step init. 
03-15 11:42:08.555  3998  8794 V UiResInit: [start] do second step init. 
03-15 11:42:08.562  3998  3998 D ViewRootImpl@f318c57[SplashActivity]: setView = com.android.internal.policy.DecorView@1b20b9e TM=true MM=false
03-15 11:42:08.573  3998  8775 E com.facebook.c: GraphRequest can't be used when Facebook SDK isn't fully initialized
03-15 11:42:08.574  3998  8775 E com.facebook.c: GraphRequest can't be used when Facebook SDK isn't fully initialized
03-15 11:42:08.587  3998  3998 D ViewRootImpl@f318c57[SplashActivity]: Relayout returned: old=(0,0,1600,2560) new=(0,0,1600,2560) req=(1600,2560)0 dur=8 res=0x7 s={true 532528738304} ch=true
03-15 11:42:08.587  3998  8791 D OpenGLRenderer: createReliableSurface : 0x7c03e1c700(0x7bfd2fb000)
03-15 11:42:08.587  3998  8791 I AdrenoGLES: QUALCOMM build                   : f3ac570, I0807496fd3
03-15 11:42:08.587  3998  8791 I AdrenoGLES: Build Date                       : 09/04/20
03-15 11:42:08.587  3998  8791 I AdrenoGLES: OpenGL ES Shader Compiler Version: EV031.27.05.03
03-15 11:42:08.587  3998  8791 I AdrenoGLES: Local Branch                     : 
03-15 11:42:08.587  3998  8791 I AdrenoGLES: Remote Branch                    : refs/tags/AU_LINUX_ANDROID_LA.UM.8.4.R1.10.00.00.559.047
03-15 11:42:08.587  3998  8791 I AdrenoGLES: Remote Branch                    : NONE
03-15 11:42:08.587  3998  8791 I AdrenoGLES: Reconstruct Branch               : NOTHING
03-15 11:42:08.587  3998  8791 I AdrenoGLES: Build Config                     : C O 9.0.3 AArch64
03-15 11:42:08.592  3998  8791 I AdrenoGLES: PFP: 0x005ff113, ME: 0x005ff066
03-15 11:42:08.608  3998  8791 D OpenGLRenderer: makeCurrent EglSurface : 0x0 -> 0x0
03-15 11:42:08.615  3998  8791 D OpenGLRenderer: makeCurrent EglSurface : 0x0 -> 0x7c03f8b600
