09-14 10:48:28.388  7977 12968 V [MYTAG][HeartbeatMgr][HttpTransportLayer]: 	[content]{"result":0,"info":{"value":1}}
09-14 10:48:28.388  7977 12968 V [MYTAG][HeartbeatMgr][HttpTransportLayer]: -----------------------------------------
09-14 10:48:28.558  7977 13034 W Settings: Setting adb_enabled has moved from android.provider.Settings.Secure to android.provider.Settings.Global.
09-14 10:48:28.690  7977 13034 I System.out: (HTTPLog)-Static: isSBSettingEnabled false
09-14 10:48:28.691  7977 13034 I System.out: (HTTPLog)-Static: isSBSettingEnabled false
09-14 10:48:28.719  7977 13034 I System.out: (HTTPLog)-Static: isSBSettingEnabled false
09-14 10:48:28.719  7977 13034 I System.out: (HTTPLog)-Static: isSBSettingEnabled false
09-14 10:48:28.986  7977 12968 V [MYTAG][DefaultDispatcher-worker-3][Device]: 603 dev is connected:true
09-14 10:48:29.275  7977 13041 I System.out: (HTTPLog)-Static: isSBSettingEnabled false
09-14 10:48:29.275  7977 13041 I System.out: (HTTPLog)-Static: isSBSettingEnabled false
09-14 10:48:29.299  7977 12968 D [MYTAG][main][SystemLocationClientImpl]: onLocationChanged GPS data:精度=9.648001 速度=1.56 海拔=327.220458984375 经纬度=49.33343739, 7.05253516
09-14 10:48:29.300  7977 12968 D [MYTAG][main][SystemLocationClientImpl]: 当前信号强度: 3
09-14 10:48:29.988  7977 12968 V [MYTAG][DefaultDispatcher-worker-1][Device]: 603 dev is connected:true
09-14 10:48:30.322  7977 12968 D [MYTAG][main][SystemLocationClientImpl]: onLocationChanged GPS data:精度=9.648001 速度=1.11 海拔=327.8377685546875 经纬度=49.33344085, 7.05251669
09-14 10:48:30.323  7977 12968 D [MYTAG][main][SystemLocationClientImpl]: 当前信号强度: 3
09-14 10:48:30.967  7977 12968 V [MYTAG][mail_tcp_socket][ViiSocketMailDataPhraser]: ------------mail---------------
09-14 10:48:30.967  7977 12968 V [MYTAG][mail_tcp_socket][ViiSocketMailDataPhraser]: {"msgid":"battery","info":{"capacity":76,"charge":0},"time":1757846910}
09-14 10:48:30.970  7977 12968 V [MYTAG][mail_tcp_socket][ViiSocketMailDataPhraser]: ------------mail---------------
09-14 10:48:30.970  7977 12968 V [MYTAG][mail_tcp_socket][ViiSocketMailDataPhraser]: {"msgid":"sd","info":{"status":0},"time":1757846910}
09-14 10:48:30.972  7977 13169 W System  : Ignoring header sessionid because its value was null.
09-14 10:48:30.972  7977 12968 V [MYTAG][mail_tcp_socket][RemoteOptor]: ----
09-14 10:48:30.972  7977 12968 V [MYTAG][mail_tcp_socket][RemoteOptor]: [CMD]DEV_SDCARD_STATUS_QUERY
09-14 10:48:30.972  7977 12968 V [MYTAG][mail_tcp_socket][RemoteOptor]: [PARAM]null
09-14 10:48:30.973  7977 12968 V [MYTAG][mail_tcp_socket][HttpTransportLayer]: [HTTP SEND GET]
09-14 10:48:30.973  7977 12968 V [MYTAG][mail_tcp_socket][HttpTransportLayer]: 	 url:http://192.168.0.1:80/app/getsdinfo
09-14 10:48:30.974  7977 13169 I System.out: (HTTPLog)-Static: isSBSettingEnabled false
09-14 10:48:30.974  7977 13169 I System.out: (HTTPLog)-Static: isSBSettingEnabled false
09-14 10:48:30.977  7977 12968 V [MYTAG][main][Device]: 603 dev is connected:true
09-14 10:48:30.989  7977 12968 V [MYTAG][DefaultDispatcher-worker-1][Device]: 603 dev is connected:true
09-14 10:48:31.005  7977  7977 W ProxyAndroidLoggerBackend: Too many Flogger logs received before configuration. Dropping old logs.
09-14 10:48:31.009  7977  7977 I chatty  : uid=10291(com.vidure.app) identical 3 lines
09-14 10:48:31.012  7977  7977 W ProxyAndroidLoggerBackend: Too many Flogger logs received before configuration. Dropping old logs.
09-14 10:48:31.013  7977 12968 V [MYTAG][mail_tcp_socket][HttpTransportLayer]: [HTTP RSP]
09-14 10:48:31.013  7977 12968 V [MYTAG][mail_tcp_socket][HttpTransportLayer]: 	 errcode:0
09-14 10:48:31.013  7977 12968 V [MYTAG][mail_tcp_socket][HttpTransportLayer]: 	[content]{"result":0,"info":{"status":0,"free":268,"total":1883}}
09-14 10:48:31.013  7977 12968 V [MYTAG][mail_tcp_socket][HttpTransportLayer]: -----------------------------------------
09-14 10:48:31.013  7977  7977 W ProxyAndroidLoggerBackend: Too many Flogger logs received before configuration. Dropping old logs.
09-14 10:48:31.013  7977  7977 I chatty  : uid=10291(com.vidure.app) identical 1 line
09-14 10:48:31.014  7977  7977 W ProxyAndroidLoggerBackend: Too many Flogger logs received before configuration. Dropping old logs.
09-14 10:48:31.027  7977 12968 V [MYTAG][main][Device]: 603 dev is connected:true
09-14 10:48:31.029  7977 15241 W ProxyAndroidLoggerBackend: Too many Flogger logs received before configuration. Dropping old logs.
09-14 10:48:31.029  7977 15241 W ProxyAndroidLoggerBackend: Too many Flogger logs received before configuration. Dropping old logs.
09-14 10:48:31.030  7977 15295 W ProxyAndroidLoggerBackend: Too many Flogger logs received before configuration. Dropping old logs.
09-14 10:48:31.031  7977 12968 V [MYTAG][main][CameraPreviewActivity]: rev msg1:264454
09-14 10:48:31.034  7977 12968 V [MYTAG][main][Device]: 603 dev is connected:true
09-14 10:48:31.035  7977 12968 V [MYTAG][main][CameraPreviewActivity]: rev msg1:589832
09-14 10:48:31.091  7977 13031 W Settings: Setting adb_enabled has moved from android.provider.Settings.Secure to android.provider.Settings.Global.
09-14 10:48:31.232  7977 13031 I System.out: (HTTPLog)-Static: isSBSettingEnabled false
09-14 10:48:31.232  7977 13031 I System.out: (HTTPLog)-Static: isSBSettingEnabled false
09-14 10:48:31.260  7977 13031 I System.out: (HTTPLog)-Static: isSBSettingEnabled false
09-14 10:48:31.260  7977 13031 I System.out: (HTTPLog)-Static: isSBSettingEnabled false
09-14 10:48:31.288  7977 13041 I System.out: (HTTPLog)-Static: isSBSettingEnabled false
09-14 10:48:31.288  7977 13041 I System.out: (HTTPLog)-Static: isSBSettingEnabled false
09-14 10:48:31.305  7977 12968 D [MYTAG][main][SystemLocationClientImpl]: onLocationChanged GPS data:精度=9.648001 速度=0.89 海拔=328.81573486328125 经纬度=49.33344251, 7.05250221
09-14 10:48:31.317  7977 12968 D [MYTAG][main][SystemLocationClientImpl]: 当前信号强度: 3
09-14 10:48:31.991  7977 12968 V [MYTAG][DefaultDispatcher-worker-1][Device]: 603 dev is connected:true
09-14 10:48:32.313  7977 12968 D [MYTAG][main][SystemLocationClientImpl]: onLocationChanged GPS data:精度=9.648001 速度=1.82 海拔=326.7406005859375 经纬度=49.333448, 7.0524862
09-14 10:48:32.314  7977 12968 D [MYTAG][main][SystemLocationClientImpl]: 当前信号强度: 3
09-14 10:48:32.366  7977 13170 W System  : Ignoring header sessionid because its value was null.
09-14 10:48:32.366  7977 13170 I System.out: (HTTPLog)-Static: isSBSettingEnabled false
09-14 10:48:32.366  7977 13170 I System.out: (HTTPLog)-Static: isSBSettingEnabled false
09-14 10:48:32.367  7977 12968 V [MYTAG][HeartbeatMgr][RemoteOptor]: ----
09-14 10:48:32.367  7977 12968 V [MYTAG][HeartbeatMgr][RemoteOptor]: [CMD]Basic_Msg_MailBox
09-14 10:48:32.367  7977 12968 V [MYTAG][HeartbeatMgr][RemoteOptor]: [PARAM]null
09-14 10:48:32.367  7977 12968 V [MYTAG][HeartbeatMgr][HttpTransportLayer]: [HTTP SEND GET]
09-14 10:48:32.367  7977 12968 V [MYTAG][HeartbeatMgr][HttpTransportLayer]: 	 url:http://192.168.0.1:80/app/getparamvalue?param=rec
09-14 10:48:32.394  7977 12968 V [MYTAG][HeartbeatMgr][HttpTransportLayer]: [HTTP RSP]
09-14 10:48:32.394  7977 12968 V [MYTAG][HeartbeatMgr][HttpTransportLayer]: 	 errcode:0
09-14 10:48:32.394  7977 12968 V [MYTAG][HeartbeatMgr][HttpTransportLayer]: 	[content]{"result":0,"info":{"value":1}}
09-14 10:48:32.394  7977 12968 V [MYTAG][HeartbeatMgr][HttpTransportLayer]: -----------------------------------------
09-14 10:48:32.434  7977 13037 W Settings: Setting adb_enabled has moved from android.provider.Settings.Secure to android.provider.Settings.Global.
09-14 10:48:32.435  7977 13038 I System.out: (HTTPLog)-Static: isSBSettingEnabled false
09-14 10:48:32.435  7977 13038 I System.out: (HTTPLog)-Static: isSBSettingEnabled false
09-14 10:48:32.559  7977 13037 I System.out: (HTTPLog)-Static: isSBSettingEnabled false
09-14 10:48:32.587  7977 13037 I chatty  : uid=10291(com.vidure.app) identical 2 lines
09-14 10:48:32.588  7977 13037 I System.out: (HTTPLog)-Static: isSBSettingEnabled false
09-14 10:48:32.993  7977 12968 V [MYTAG][DefaultDispatcher-worker-1][Device]: 603 dev is connected:true
09-14 10:48:33.978  7977 12968 V [MYTAG][mail_tcp_socket][ViiSocketMailDataPhraser]: ------------mail---------------
09-14 10:48:33.978  7977 12968 V [MYTAG][mail_tcp_socket][ViiSocketMailDataPhraser]: {"msgid":"battery","info":{"capacity":76,"charge":0},"time":1757846913}
09-14 10:48:33.981  7977 12968 V [MYTAG][mail_tcp_socket][ViiSocketMailDataPhraser]: ------------mail---------------
09-14 10:48:33.981  7977 12968 V [MYTAG][mail_tcp_socket][ViiSocketMailDataPhraser]: {"msgid":"sd","info":{"status":0},"time":1757846913}
09-14 10:48:33.981  7977 12968 V [MYTAG][mail_tcp_socket][RemoteOptor]: ----
09-14 10:48:33.981  7977 12968 V [MYTAG][mail_tcp_socket][RemoteOptor]: [CMD]DEV_SDCARD_STATUS_QUERY
09-14 10:48:33.981  7977 12968 V [MYTAG][mail_tcp_socket][RemoteOptor]: [PARAM]null
09-14 10:48:33.981  7977 12968 V [MYTAG][mail_tcp_socket][HttpTransportLayer]: [HTTP SEND GET]
09-14 10:48:33.981  7977 12968 V [MYTAG][mail_tcp_socket][HttpTransportLayer]: 	 url:http://192.168.0.1:80/app/getsdinfo
09-14 10:48:33.982  7977 13169 W System  : Ignoring header sessionid because its value was null.
09-14 10:48:33.986  7977 13169 I System.out: (HTTPLog)-Static: isSBSettingEnabled false
09-14 10:48:33.987  7977 13169 I System.out: (HTTPLog)-Static: isSBSettingEnabled false
09-14 10:48:33.994  7977 12968 V [MYTAG][main][Device]: 603 dev is connected:true
09-14 10:48:34.015  7977 12968 V [MYTAG][mail_tcp_socket][HttpTransportLayer]: [HTTP RSP]
09-14 10:48:34.015  7977 12968 V [MYTAG][mail_tcp_socket][HttpTransportLayer]: 	 errcode:0
09-14 10:48:34.015  7977 12968 V [MYTAG][mail_tcp_socket][HttpTransportLayer]: 	[content]{"result":0,"info":{"status":0,"free":265,"total":1883}}
09-14 10:48:34.015  7977 12968 V [MYTAG][mail_tcp_socket][HttpTransportLayer]: -----------------------------------------
09-14 10:48:34.042  7977  7977 W ProxyAndroidLoggerBackend: Too many Flogger logs received before configuration. Dropping old logs.
09-14 10:48:34.050  7977  7977 I chatty  : uid=10291(com.vidure.app) identical 6 lines
09-14 10:48:34.051  7977  7977 W ProxyAndroidLoggerBackend: Too many Flogger logs received before configuration. Dropping old logs.
09-14 10:48:34.066  7977 12968 V [MYTAG][main][Device]: 603 dev is connected:true
09-14 10:48:34.071  7977 12968 V [MYTAG][main][CameraPreviewActivity]: rev msg1:264454
09-14 10:48:34.071  7977 12968 V [MYTAG][main][Device]: 603 dev is connected:true
09-14 10:48:34.071  7977 12968 V [MYTAG][main][CameraPreviewActivity]: rev msg1:589832
09-14 10:48:34.473  7977 13038 I System.out: (HTTPLog)-Static: isSBSettingEnabled false
09-14 10:48:34.473  7977 13038 I System.out: (HTTPLog)-Static: isSBSettingEnabled false
09-14 10:48:34.803  7977 15292 W ProxyAndroidLoggerBackend: Too many Flogger logs received before configuration. Dropping old logs.
09-14 10:48:34.804  7977 15292 I chatty  : uid=10291(com.vidure.app) identical 3 lines
09-14 10:48:34.804  7977 15292 W ProxyAndroidLoggerBackend: Too many Flogger logs received before configuration. Dropping old logs.
09-14 10:48:35.323  7977 12968 D [MYTAG][main][SystemLocationClientImpl]: onLocationChanged GPS data:精度=9.648001 速度=0.0 海拔=326.20269775390625 经纬度=49.33344372, 7.05250315
09-14 10:48:35.326  7977 12968 D [MYTAG][main][SystemLocationClientImpl]: 当前信号强度: 3
09-14 10:48:35.997  7977 12968 V [MYTAG][DefaultDispatcher-worker-3][Device]: 603 dev is connected:true
09-14 10:48:36.322  7977 13034 W Settings: Setting adb_enabled has moved from android.provider.Settings.Secure to android.provider.Settings.Global.
09-14 10:48:36.367  7977 13170 W System  : Ignoring header sessionid because its value was null.
09-14 10:48:36.367  7977 12968 V [MYTAG][HeartbeatMgr][RemoteOptor]: ----
09-14 10:48:36.367  7977 12968 V [MYTAG][HeartbeatMgr][RemoteOptor]: [CMD]Basic_Msg_MailBox
09-14 10:48:36.367  7977 12968 V [MYTAG][HeartbeatMgr][RemoteOptor]: [PARAM]null
09-14 10:48:36.367  7977 12968 V [MYTAG][HeartbeatMgr][HttpTransportLayer]: [HTTP SEND GET]
09-14 10:48:36.367  7977 12968 V [MYTAG][HeartbeatMgr][HttpTransportLayer]: 	 url:http://192.168.0.1:80/app/getparamvalue?param=rec
09-14 10:48:36.368  7977 13170 I System.out: (HTTPLog)-Static: isSBSettingEnabled false
09-14 10:48:36.368  7977 13170 I System.out: (HTTPLog)-Static: isSBSettingEnabled false
09-14 10:48:36.403  7977 12968 V [MYTAG][HeartbeatMgr][HttpTransportLayer]: [HTTP RSP]
09-14 10:48:36.403  7977 12968 V [MYTAG][HeartbeatMgr][HttpTransportLayer]: 	 errcode:0
09-14 10:48:36.403  7977 12968 V [MYTAG][HeartbeatMgr][HttpTransportLayer]: 	[content]{"result":0,"info":{"value":1}}
09-14 10:48:36.403  7977 12968 V [MYTAG][HeartbeatMgr][HttpTransportLayer]: -----------------------------------------
09-14 10:48:36.458  7977 13034 I System.out: (HTTPLog)-Static: isSBSettingEnabled false
09-14 10:48:36.476  7977 13034 I chatty  : uid=10291(com.vidure.app) identical 2 lines
09-14 10:48:36.476  7977 13034 I System.out: (HTTPLog)-Static: isSBSettingEnabled false
09-14 10:48:36.485  7977 13038 I System.out: (HTTPLog)-Static: isSBSettingEnabled false
09-14 10:48:36.485  7977 13038 I System.out: (HTTPLog)-Static: isSBSettingEnabled false
09-14 10:48:36.988  7977 12968 V [MYTAG][mail_tcp_socket][ViiSocketMailDataPhraser]: ------------mail---------------
09-14 10:48:36.988  7977 12968 V [MYTAG][mail_tcp_socket][ViiSocketMailDataPhraser]: {"msgid":"battery","info":{"capacity":76,"charge":0},"time":1757846916}
09-14 10:48:36.990  7977 13169 W System  : Ignoring header sessionid because its value was null.
09-14 10:48:36.990  7977 13169 I System.out: (HTTPLog)-Static: isSBSettingEnabled false
09-14 10:48:36.990  7977 13169 I System.out: (HTTPLog)-Static: isSBSettingEnabled false
09-14 10:48:36.991  7977 12968 V [MYTAG][mail_tcp_socket][ViiSocketMailDataPhraser]: ------------mail---------------
09-14 10:48:36.991  7977 12968 V [MYTAG][mail_tcp_socket][ViiSocketMailDataPhraser]: {"msgid":"sd","info":{"status":0},"time":1757846916}
09-14 10:48:36.991  7977 12968 V [MYTAG][mail_tcp_socket][RemoteOptor]: ----
09-14 10:48:36.991  7977 12968 V [MYTAG][mail_tcp_socket][RemoteOptor]: [CMD]DEV_SDCARD_STATUS_QUERY
09-14 10:48:36.991  7977 12968 V [MYTAG][mail_tcp_socket][RemoteOptor]: [PARAM]null
09-14 10:48:36.991  7977 12968 V [MYTAG][mail_tcp_socket][HttpTransportLayer]: [HTTP SEND GET]
09-14 10:48:36.991  7977 12968 V [MYTAG][mail_tcp_socket][HttpTransportLayer]: 	 url:http://192.168.0.1:80/app/getsdinfo
09-14 10:48:37.009  7977 12918 I com.vidure.app: Background concurrent copying GC freed 123523(13MB) AllocSpace objects, 103(4732KB) LOS objects, 22% free, 84MB/108MB, paused 378us total 381.130ms
09-14 10:48:37.014  7977 12968 V [MYTAG][main][Device]: 603 dev is connected:true
09-14 10:48:37.016  7977 12968 V [MYTAG][mail_tcp_socket][HttpTransportLayer]: [HTTP RSP]
09-14 10:48:37.016  7977 12968 V [MYTAG][mail_tcp_socket][HttpTransportLayer]: 	 errcode:0
09-14 10:48:37.016  7977 12968 V [MYTAG][mail_tcp_socket][HttpTransportLayer]: 	[content]{"result":0,"info":{"status":0,"free":260,"total":1883}}
09-14 10:48:37.016  7977 12968 V [MYTAG][mail_tcp_socket][HttpTransportLayer]: -----------------------------------------
09-14 10:48:37.037  7977  7977 W ProxyAndroidLoggerBackend: Too many Flogger logs received before configuration. Dropping old logs.
09-14 10:48:37.042  7977  7977 I chatty  : uid=10291(com.vidure.app) identical 6 lines
09-14 10:48:37.043  7977  7977 W ProxyAndroidLoggerBackend: Too many Flogger logs received before configuration. Dropping old logs.
09-14 10:48:37.052  7977 12968 V [MYTAG][main][Device]: 603 dev is connected:true
09-14 10:48:37.055  7977 12968 V [MYTAG][main][CameraPreviewActivity]: rev msg1:264454
09-14 10:48:37.055  7977 12968 V [MYTAG][main][Device]: 603 dev is connected:true
09-14 10:48:37.055  7977 12968 V [MYTAG][main][CameraPreviewActivity]: rev msg1:589832
09-14 10:48:37.088  7977 15296 W ProxyAndroidLoggerBackend: Too many Flogger logs received before configuration. Dropping old logs.
09-14 10:48:37.088  7977 15296 I chatty  : uid=10291(com.vidure.app) identical 1 line
09-14 10:48:37.088  7977 15296 W ProxyAndroidLoggerBackend: Too many Flogger logs received before configuration. Dropping old logs.
09-14 10:48:39.998  7977 12968 V [MYTAG][mail_tcp_socket][ViiSocketMailDataPhraser]: ------------mail---------------
09-14 10:48:39.998  7977 12968 V [MYTAG][mail_tcp_socket][ViiSocketMailDataPhraser]: {"msgid":"battery","info":{"capacity":76,"charge":0},"time":1757846919}
09-14 10:48:40.008  7977 12968 V [MYTAG][mail_tcp_socket][ViiSocketMailDataPhraser]: ------------mail---------------
09-14 10:48:40.008  7977 12968 V [MYTAG][mail_tcp_socket][ViiSocketMailDataPhraser]: {"msgid":"sd","info":{"status":0},"time":1757846919}
09-14 10:48:40.008  7977 12968 V [MYTAG][mail_tcp_socket][RemoteOptor]: ----
09-14 10:48:40.008  7977 12968 V [MYTAG][mail_tcp_socket][RemoteOptor]: [CMD]DEV_SDCARD_STATUS_QUERY
09-14 10:48:40.008  7977 12968 V [MYTAG][mail_tcp_socket][RemoteOptor]: [PARAM]null
09-14 10:48:40.009  7977 13169 W System  : Ignoring header sessionid because its value was null.
09-14 10:48:40.010  7977 12968 V [MYTAG][mail_tcp_socket][HttpTransportLayer]: [HTTP SEND GET]
09-14 10:48:40.010  7977 12968 V [MYTAG][mail_tcp_socket][HttpTransportLayer]: 	 url:http://192.168.0.1:80/app/getsdinfo
09-14 10:48:40.010  7977 13169 I System.out: (HTTPLog)-Static: isSBSettingEnabled false
09-14 10:48:40.010  7977 13169 I System.out: (HTTPLog)-Static: isSBSettingEnabled false
09-14 10:48:40.021  7977 12968 V [MYTAG][main][Device]: 603 dev is connected:true
09-14 10:48:40.040  7977 12968 V [MYTAG][mail_tcp_socket][HttpTransportLayer]: [HTTP RSP]
09-14 10:48:40.040  7977 12968 V [MYTAG][mail_tcp_socket][HttpTransportLayer]: 	 errcode:0
09-14 10:48:40.040  7977 12968 V [MYTAG][mail_tcp_socket][HttpTransportLayer]: 	[content]{"result":0,"info":{"status":0,"free":257,"total":1883}}
09-14 10:48:40.040  7977 12968 V [MYTAG][mail_tcp_socket][HttpTransportLayer]: -----------------------------------------
09-14 10:48:40.048  7977  7977 W ProxyAndroidLoggerBackend: Too many Flogger logs received before configuration. Dropping old logs.
09-14 10:48:40.055  7977  7977 I chatty  : uid=10291(com.vidure.app) identical 6 lines
09-14 10:48:40.056  7977  7977 W ProxyAndroidLoggerBackend: Too many Flogger logs received before configuration. Dropping old logs.
09-14 10:48:40.066  7977 12968 V [MYTAG][main][Device]: 603 dev is connected:true
09-14 10:48:40.067  7977 12968 V [MYTAG][main][CameraPreviewActivity]: rev msg1:264454
09-14 10:48:40.068  7977 12968 V [MYTAG][main][Device]: 603 dev is connected:true
09-14 10:48:40.068  7977 12968 V [MYTAG][main][CameraPreviewActivity]: rev msg1:589832
09-14 10:48:40.368  7977 13170 W System  : Ignoring header sessionid because its value was null.
09-14 10:48:40.369  7977 13170 I System.out: (HTTPLog)-Static: isSBSettingEnabled false
09-14 10:48:40.369  7977 13170 I System.out: (HTTPLog)-Static: isSBSettingEnabled false
09-14 10:48:40.369  7977 12968 V [MYTAG][HeartbeatMgr][RemoteOptor]: ----
09-14 10:48:40.369  7977 12968 V [MYTAG][HeartbeatMgr][RemoteOptor]: [CMD]Basic_Msg_MailBox
09-14 10:48:40.369  7977 12968 V [MYTAG][HeartbeatMgr][RemoteOptor]: [PARAM]null
09-14 10:48:40.369  7977 12968 V [MYTAG][HeartbeatMgr][HttpTransportLayer]: [HTTP SEND GET]
09-14 10:48:40.369  7977 12968 V [MYTAG][HeartbeatMgr][HttpTransportLayer]: 	 url:http://192.168.0.1:80/app/getparamvalue?param=rec
09-14 10:48:40.446  7977 12968 V [MYTAG][HeartbeatMgr][HttpTransportLayer]: [HTTP RSP]
09-14 10:48:40.446  7977 12968 V [MYTAG][HeartbeatMgr][HttpTransportLayer]: 	 errcode:0
09-14 10:48:40.446  7977 12968 V [MYTAG][HeartbeatMgr][HttpTransportLayer]: 	[content]{"result":0,"info":{"value":1}}
09-14 10:48:40.446  7977 12968 V [MYTAG][HeartbeatMgr][HttpTransportLayer]: -----------------------------------------
09-14 10:48:41.297  7977 12968 D [MYTAG][main][SystemLocationClientImpl]: onLocationChanged GPS data:精度=9.648001 速度=0.0 海拔=322.558837890625 经纬度=49.33343422, 7.05251428
09-14 10:48:41.297  7977 12968 D [MYTAG][main][SystemLocationClientImpl]: 当前信号强度: 3
09-14 10:48:42.014  7977 12968 V [MYTAG][DefaultDispatcher-worker-3][Device]: 603 dev is connected:true
09-14 10:48:43.007  7977 12968 V [MYTAG][mail_tcp_socket][ViiSocketMailDataPhraser]: ------------mail---------------
09-14 10:48:43.007  7977 12968 V [MYTAG][mail_tcp_socket][ViiSocketMailDataPhraser]: {"msgid":"battery","info":{"capacity":72,"charge":0},"time":1757846922}
09-14 10:48:43.008  7977 12968 V [MYTAG][mail_tcp_socket][ViiSocketMailDataPhraser]: ------------mail---------------
09-14 10:48:43.008  7977 12968 V [MYTAG][mail_tcp_socket][ViiSocketMailDataPhraser]: {"msgid":"sd","info":{"status":0},"time":1757846922}
09-14 10:48:43.008  7977 12968 V [MYTAG][mail_tcp_socket][RemoteOptor]: ----
09-14 10:48:43.008  7977 12968 V [MYTAG][mail_tcp_socket][RemoteOptor]: [CMD]DEV_SDCARD_STATUS_QUERY
09-14 10:48:43.008  7977 12968 V [MYTAG][mail_tcp_socket][RemoteOptor]: [PARAM]null
09-14 10:48:43.009  7977 13169 W System  : Ignoring header sessionid because its value was null.
09-14 10:48:43.009  7977 12968 V [MYTAG][mail_tcp_socket][HttpTransportLayer]: [HTTP SEND GET]
09-14 10:48:43.009  7977 12968 V [MYTAG][mail_tcp_socket][HttpTransportLayer]: 	 url:http://192.168.0.1:80/app/getsdinfo
09-14 10:48:43.010  7977 13169 I System.out: (HTTPLog)-Static: isSBSettingEnabled false
09-14 10:48:43.010  7977 13169 I System.out: (HTTPLog)-Static: isSBSettingEnabled false
09-14 10:48:43.015  7977 12968 V [MYTAG][main][Device]: 603 dev is connected:true
09-14 10:48:43.075  7977  7977 W ProxyAndroidLoggerBackend: Too many Flogger logs received before configuration. Dropping old logs.
09-14 10:48:43.083  7977  7977 I chatty  : uid=10291(com.vidure.app) identical 6 lines
09-14 10:48:43.083  7977  7977 W ProxyAndroidLoggerBackend: Too many Flogger logs received before configuration. Dropping old logs.
09-14 10:48:43.092  7977 12968 V [MYTAG][main][Device]: 603 dev is connected:true
09-14 10:48:43.095  7977 12968 V [MYTAG][main][CameraPreviewActivity]: rev msg1:264454
09-14 10:48:43.134  7977 15296 W ProxyAndroidLoggerBackend: Too many Flogger logs received before configuration. Dropping old logs.
09-14 10:48:43.135  7977 15296 I chatty  : uid=10291(com.vidure.app) identical 1 line
09-14 10:48:43.135  7977 15296 W ProxyAndroidLoggerBackend: Too many Flogger logs received before configuration. Dropping old logs.
09-14 10:48:43.458  7977 12968 V [MYTAG][mail_tcp_socket][HttpTransportLayer]: [HTTP RSP]
09-14 10:48:43.458  7977 12968 V [MYTAG][mail_tcp_socket][HttpTransportLayer]: 	 errcode:0
09-14 10:48:43.458  7977 12968 V [MYTAG][mail_tcp_socket][HttpTransportLayer]: 	[content]{"result":0,"info":{"status":0,"free":253,"total":1883}}
09-14 10:48:43.458  7977 12968 V [MYTAG][mail_tcp_socket][HttpTransportLayer]: -----------------------------------------
09-14 10:48:43.473  7977 12968 V [MYTAG][main][Device]: 603 dev is connected:true
09-14 10:48:43.473  7977 12968 V [MYTAG][main][CameraPreviewActivity]: rev msg1:589832
09-14 10:48:44.336  7977 12968 D [MYTAG][main][SystemLocationClientImpl]: onLocationChanged GPS data:精度=9.648001 速度=0.0 海拔=322.62542724609375 经纬度=49.33343091, 7.05252834
09-14 10:48:44.336  7977 12968 D [MYTAG][main][SystemLocationClientImpl]: 当前信号强度: 3
09-14 10:48:44.368  7977 13170 W System  : Ignoring header sessionid because its value was null.
09-14 10:48:44.368  7977 12968 V [MYTAG][HeartbeatMgr][RemoteOptor]: ----
09-14 10:48:44.368  7977 12968 V [MYTAG][HeartbeatMgr][RemoteOptor]: [CMD]Basic_Msg_MailBox
09-14 10:48:44.368  7977 12968 V [MYTAG][HeartbeatMgr][RemoteOptor]: [PARAM]null
09-14 10:48:44.368  7977 13170 I System.out: (HTTPLog)-Static: isSBSettingEnabled false
09-14 10:48:44.368  7977 12968 V [MYTAG][HeartbeatMgr][HttpTransportLayer]: [HTTP SEND GET]
09-14 10:48:44.368  7977 12968 V [MYTAG][HeartbeatMgr][HttpTransportLayer]: 	 url:http://192.168.0.1:80/app/getparamvalue?param=rec
09-14 10:48:44.368  7977 13170 I System.out: (HTTPLog)-Static: isSBSettingEnabled false
09-14 10:48:44.398  7977 12968 V [MYTAG][HeartbeatMgr][HttpTransportLayer]: [HTTP RSP]
09-14 10:48:44.398  7977 12968 V [MYTAG][HeartbeatMgr][HttpTransportLayer]: 	 errcode:0
09-14 10:48:44.398  7977 12968 V [MYTAG][HeartbeatMgr][HttpTransportLayer]: 	[content]{"result":0,"info":{"value":1}}
09-14 10:48:44.398  7977 12968 V [MYTAG][HeartbeatMgr][HttpTransportLayer]: -----------------------------------------
09-14 10:48:44.805  7977 15342 W ProxyAndroidLoggerBackend: Too many Flogger logs received before configuration. Dropping old logs.
09-14 10:48:44.809  7977 15342 I chatty  : uid=10291(com.vidure.app) identical 2 lines
09-14 10:48:44.809  7977 15342 W ProxyAndroidLoggerBackend: Too many Flogger logs received before configuration. Dropping old logs.
09-14 10:48:45.018  7977 12968 V [MYTAG][DefaultDispatcher-worker-1][Device]: 603 dev is connected:true
09-14 10:48:46.017  7977 12968 V [MYTAG][mail_tcp_socket][ViiSocketMailDataPhraser]: ------------mail---------------
09-14 10:48:46.017  7977 12968 V [MYTAG][mail_tcp_socket][ViiSocketMailDataPhraser]: {"msgid":"battery","info":{"capacity":72,"charge":0},"time":1757846925}
09-14 10:48:46.018  7977 13169 W System  : Ignoring header sessionid because its value was null.
09-14 10:48:46.019  7977 12968 V [MYTAG][mail_tcp_socket][ViiSocketMailDataPhraser]: ------------mail---------------
09-14 10:48:46.019  7977 12968 V [MYTAG][mail_tcp_socket][ViiSocketMailDataPhraser]: {"msgid":"sd","info":{"status":0},"time":1757846925}
09-14 10:48:46.019  7977 12968 V [MYTAG][mail_tcp_socket][RemoteOptor]: ----
09-14 10:48:46.019  7977 12968 V [MYTAG][mail_tcp_socket][RemoteOptor]: [CMD]DEV_SDCARD_STATUS_QUERY
09-14 10:48:46.019  7977 12968 V [MYTAG][mail_tcp_socket][RemoteOptor]: [PARAM]null
09-14 10:48:46.019  7977 12968 V [MYTAG][mail_tcp_socket][HttpTransportLayer]: [HTTP SEND GET]
09-14 10:48:46.019  7977 12968 V [MYTAG][mail_tcp_socket][HttpTransportLayer]: 	 url:http://192.168.0.1:80/app/getsdinfo
09-14 10:48:46.022  7977 13169 I System.out: (HTTPLog)-Static: isSBSettingEnabled false
09-14 10:48:46.022  7977 13169 I System.out: (HTTPLog)-Static: isSBSettingEnabled false
09-14 10:48:46.026  7977 12968 V [MYTAG][main][Device]: 603 dev is connected:true
09-14 10:48:46.048  7977 12968 V [MYTAG][mail_tcp_socket][HttpTransportLayer]: [HTTP RSP]
09-14 10:48:46.048  7977 12968 V [MYTAG][mail_tcp_socket][HttpTransportLayer]: 	 errcode:0
09-14 10:48:46.048  7977 12968 V [MYTAG][mail_tcp_socket][HttpTransportLayer]: 	[content]{"result":0,"info":{"status":0,"free":248,"total":1883}}
09-14 10:48:46.048  7977 12968 V [MYTAG][mail_tcp_socket][HttpTransportLayer]: -----------------------------------------
09-14 10:48:46.058  7977  7977 W ProxyAndroidLoggerBackend: Too many Flogger logs received before configuration. Dropping old logs.
09-14 10:48:46.065  7977  7977 I chatty  : uid=10291(com.vidure.app) identical 6 lines
09-14 10:48:46.066  7977  7977 W ProxyAndroidLoggerBackend: Too many Flogger logs received before configuration. Dropping old logs.
09-14 10:48:46.075  7977 12968 V [MYTAG][main][Device]: 603 dev is connected:true
09-14 10:48:46.080  7977 12968 V [MYTAG][main][CameraPreviewActivity]: rev msg1:264454
09-14 10:48:46.080  7977 12968 V [MYTAG][main][Device]: 603 dev is connected:true
09-14 10:48:46.080  7977 12968 V [MYTAG][main][CameraPreviewActivity]: rev msg1:589832
09-14 10:48:46.080  7977 15346 W ProxyAndroidLoggerBackend: Too many Flogger logs received before configuration. Dropping old logs.
09-14 10:48:46.421  7977 15295 W ProxyAndroidLoggerBackend: Too many Flogger logs received before configuration. Dropping old logs.
09-14 10:48:47.305  7977 12968 D [MYTAG][main][SystemLocationClientImpl]: onLocationChanged GPS data:精度=9.648001 速度=0.0 海拔=322.563720703125 经纬度=49.33342925, 7.05254229
09-14 10:48:47.306  7977 12968 D [MYTAG][main][SystemLocationClientImpl]: 当前信号强度: 3
09-14 10:48:48.020  7977 12968 V [MYTAG][DefaultDispatcher-worker-1][Device]: 603 dev is connected:true
09-14 10:48:48.369  7977 13170 W System  : Ignoring header sessionid because its value was null.
09-14 10:48:48.369  7977 12968 V [MYTAG][HeartbeatMgr][RemoteOptor]: ----
09-14 10:48:48.369  7977 12968 V [MYTAG][HeartbeatMgr][RemoteOptor]: [CMD]Basic_Msg_MailBox
09-14 10:48:48.369  7977 12968 V [MYTAG][HeartbeatMgr][RemoteOptor]: [PARAM]null
09-14 10:48:48.370  7977 13170 I System.out: (HTTPLog)-Static: isSBSettingEnabled false
09-14 10:48:48.370  7977 13170 I System.out: (HTTPLog)-Static: isSBSettingEnabled false
09-14 10:48:48.370  7977 12968 V [MYTAG][HeartbeatMgr][HttpTransportLayer]: [HTTP SEND GET]
09-14 10:48:48.370  7977 12968 V [MYTAG][HeartbeatMgr][HttpTransportLayer]: 	 url:http://192.168.0.1:80/app/getparamvalue?param=rec
09-14 10:48:48.415  7977 12968 V [MYTAG][HeartbeatMgr][HttpTransportLayer]: [HTTP RSP]
09-14 10:48:48.415  7977 12968 V [MYTAG][HeartbeatMgr][HttpTransportLayer]: 	 errcode:0
09-14 10:48:48.415  7977 12968 V [MYTAG][HeartbeatMgr][HttpTransportLayer]: 	[content]{"result":0,"info":{"value":1}}
09-14 10:48:48.415  7977 12968 V [MYTAG][HeartbeatMgr][HttpTransportLayer]: -----------------------------------------
09-14 10:48:48.883  7977 15346 W ProxyAndroidLoggerBackend: Too many Flogger logs received before configuration. Dropping old logs.
09-14 10:48:49.029  7977 12968 V [MYTAG][mail_tcp_socket][ViiSocketMailDataPhraser]: ------------mail---------------
09-14 10:48:49.029  7977 12968 V [MYTAG][mail_tcp_socket][ViiSocketMailDataPhraser]: {"msgid":"battery","info":{"capacity":72,"charge":0},"time":1757846928}
09-14 10:48:49.030  7977 12968 V [MYTAG][mail_tcp_socket][ViiSocketMailDataPhraser]: ------------mail---------------
09-14 10:48:49.030  7977 12968 V [MYTAG][mail_tcp_socket][ViiSocketMailDataPhraser]: {"msgid":"sd","info":{"status":0},"time":1757846928}
09-14 10:48:49.031  7977 13169 W System  : Ignoring header sessionid because its value was null.
09-14 10:48:49.031  7977 12968 V [MYTAG][mail_tcp_socket][RemoteOptor]: ----
09-14 10:48:49.031  7977 12968 V [MYTAG][mail_tcp_socket][RemoteOptor]: [CMD]DEV_SDCARD_STATUS_QUERY
09-14 10:48:49.031  7977 12968 V [MYTAG][mail_tcp_socket][RemoteOptor]: [PARAM]null
09-14 10:48:49.031  7977 12968 V [MYTAG][mail_tcp_socket][HttpTransportLayer]: [HTTP SEND GET]
09-14 10:48:49.031  7977 12968 V [MYTAG][mail_tcp_socket][HttpTransportLayer]: 	 url:http://192.168.0.1:80/app/getsdinfo
09-14 10:48:49.032  7977 13169 I System.out: (HTTPLog)-Static: isSBSettingEnabled false
09-14 10:48:49.032  7977 13169 I System.out: (HTTPLog)-Static: isSBSettingEnabled false
09-14 10:48:49.038  7977 12968 V [MYTAG][main][Device]: 603 dev is connected:true
09-14 10:48:49.059  7977 12968 V [MYTAG][mail_tcp_socket][HttpTransportLayer]: [HTTP RSP]
09-14 10:48:49.059  7977 12968 V [MYTAG][mail_tcp_socket][HttpTransportLayer]: 	 errcode:0
09-14 10:48:49.059  7977 12968 V [MYTAG][mail_tcp_socket][HttpTransportLayer]: 	[content]{"result":0,"info":{"status":0,"free":244,"total":1883}}
09-14 10:48:49.059  7977 12968 V [MYTAG][mail_tcp_socket][HttpTransportLayer]: -----------------------------------------
09-14 10:48:49.105  7977  7977 W ProxyAndroidLoggerBackend: Too many Flogger logs received before configuration. Dropping old logs.
09-14 10:48:49.118  7977  7977 I chatty  : uid=10291(com.vidure.app) identical 6 lines
09-14 10:48:49.118  7977  7977 W ProxyAndroidLoggerBackend: Too many Flogger logs received before configuration. Dropping old logs.
09-14 10:48:49.124  7977 15295 W ProxyAndroidLoggerBackend: Too many Flogger logs received before configuration. Dropping old logs.
09-14 10:48:49.137  7977 12968 V [MYTAG][main][Device]: 603 dev is connected:true
09-14 10:48:49.141  7977 12968 V [MYTAG][main][CameraPreviewActivity]: rev msg1:264454
09-14 10:48:49.142  7977 12968 V [MYTAG][main][Device]: 603 dev is connected:true
09-14 10:48:49.142  7977 12968 V [MYTAG][main][CameraPreviewActivity]: rev msg1:589832
09-14 10:48:52.037  7977 12968 V [MYTAG][mail_tcp_socket][ViiSocketMailDataPhraser]: ------------mail---------------
09-14 10:48:52.037  7977 12968 V [MYTAG][mail_tcp_socket][ViiSocketMailDataPhraser]: {"msgid":"battery","info":{"capacity":72,"charge":0},"time":1757846931}
09-14 10:48:52.040  7977 13169 W System  : Ignoring header sessionid because its value was null.
09-14 10:48:52.040  7977 12968 V [MYTAG][mail_tcp_socket][ViiSocketMailDataPhraser]: ------------mail---------------
09-14 10:48:52.040  7977 12968 V [MYTAG][mail_tcp_socket][ViiSocketMailDataPhraser]: {"msgid":"sd","info":{"status":0},"time":1757846931}
09-14 10:48:52.040  7977 12968 V [MYTAG][mail_tcp_socket][RemoteOptor]: ----
09-14 10:48:52.040  7977 12968 V [MYTAG][mail_tcp_socket][RemoteOptor]: [CMD]DEV_SDCARD_STATUS_QUERY
09-14 10:48:52.040  7977 12968 V [MYTAG][mail_tcp_socket][RemoteOptor]: [PARAM]null
09-14 10:48:52.040  7977 12968 V [MYTAG][mail_tcp_socket][HttpTransportLayer]: [HTTP SEND GET]
09-14 10:48:52.040  7977 12968 V [MYTAG][mail_tcp_socket][HttpTransportLayer]: 	 url:http://192.168.0.1:80/app/getsdinfo
09-14 10:48:52.040  7977 13169 I System.out: (HTTPLog)-Static: isSBSettingEnabled false
09-14 10:48:52.040  7977 13169 I System.out: (HTTPLog)-Static: isSBSettingEnabled false
09-14 10:48:52.046  7977 12968 V [MYTAG][main][Device]: 603 dev is connected:true
09-14 10:48:52.073  7977 12968 V [MYTAG][mail_tcp_socket][HttpTransportLayer]: [HTTP RSP]
09-14 10:48:52.073  7977 12968 V [MYTAG][mail_tcp_socket][HttpTransportLayer]: 	 errcode:0
09-14 10:48:52.073  7977 12968 V [MYTAG][mail_tcp_socket][HttpTransportLayer]: 	[content]{"result":0,"info":{"status":0,"free":241,"total":1883}}
09-14 10:48:52.073  7977 12968 V [MYTAG][mail_tcp_socket][HttpTransportLayer]: -----------------------------------------
09-14 10:48:52.122  7977  7977 W ProxyAndroidLoggerBackend: Too many Flogger logs received before configuration. Dropping old logs.
09-14 10:48:52.130  7977  7977 I chatty  : uid=10291(com.vidure.app) identical 6 lines
09-14 10:48:52.130  7977  7977 W ProxyAndroidLoggerBackend: Too many Flogger logs received before configuration. Dropping old logs.
09-14 10:48:52.135  7977 15296 W ProxyAndroidLoggerBackend: Too many Flogger logs received before configuration. Dropping old logs.
09-14 10:48:52.142  7977 12968 V [MYTAG][main][Device]: 603 dev is connected:true
09-14 10:48:52.147  7977 12968 V [MYTAG][main][CameraPreviewActivity]: rev msg1:264454
09-14 10:48:52.147  7977 12968 V [MYTAG][main][Device]: 603 dev is connected:true
09-14 10:48:52.147  7977 12968 V [MYTAG][main][CameraPreviewActivity]: rev msg1:589832
09-14 10:48:52.371  7977 13170 W System  : Ignoring header sessionid because its value was null.
09-14 10:48:52.371  7977 12968 V [MYTAG][HeartbeatMgr][RemoteOptor]: ----
09-14 10:48:52.371  7977 12968 V [MYTAG][HeartbeatMgr][RemoteOptor]: [CMD]Basic_Msg_MailBox
09-14 10:48:52.371  7977 12968 V [MYTAG][HeartbeatMgr][RemoteOptor]: [PARAM]null
09-14 10:48:52.371  7977 12968 V [MYTAG][HeartbeatMgr][HttpTransportLayer]: [HTTP SEND GET]
09-14 10:48:52.371  7977 12968 V [MYTAG][HeartbeatMgr][HttpTransportLayer]: 	 url:http://192.168.0.1:80/app/getparamvalue?param=rec
09-14 10:48:52.371  7977 13170 I System.out: (HTTPLog)-Static: isSBSettingEnabled false
09-14 10:48:52.371  7977 13170 I System.out: (HTTPLog)-Static: isSBSettingEnabled false
09-14 10:48:52.399  7977 12968 V [MYTAG][HeartbeatMgr][HttpTransportLayer]: [HTTP RSP]
09-14 10:48:52.399  7977 12968 V [MYTAG][HeartbeatMgr][HttpTransportLayer]: 	 errcode:0
09-14 10:48:52.399  7977 12968 V [MYTAG][HeartbeatMgr][HttpTransportLayer]: 	[content]{"result":0,"info":{"value":1}}
09-14 10:48:52.399  7977 12968 V [MYTAG][HeartbeatMgr][HttpTransportLayer]: -----------------------------------------
09-14 10:48:52.489  7977 15296 W ProxyAndroidLoggerBackend: Too many Flogger logs received before configuration. Dropping old logs.
09-14 10:48:52.489  7977 15296 W ProxyAndroidLoggerBackend: Too many Flogger logs received before configuration. Dropping old logs.
09-14 10:48:52.490  7977 15346 W ProxyAndroidLoggerBackend: Too many Flogger logs received before configuration. Dropping old logs.
09-14 10:48:55.047  7977 12968 V [MYTAG][mail_tcp_socket][ViiSocketMailDataPhraser]: ------------mail---------------
09-14 10:48:55.047  7977 12968 V [MYTAG][mail_tcp_socket][ViiSocketMailDataPhraser]: {"msgid":"battery","info":{"capacity":72,"charge":0},"time":1757846934}
09-14 10:48:55.048  7977 12968 V [MYTAG][mail_tcp_socket][ViiSocketMailDataPhraser]: ------------mail---------------
09-14 10:48:55.048  7977 12968 V [MYTAG][mail_tcp_socket][ViiSocketMailDataPhraser]: {"msgid":"sd","info":{"status":0},"time":1757846934}
09-14 10:48:55.049  7977 12968 V [MYTAG][mail_tcp_socket][RemoteOptor]: ----
09-14 10:48:55.049  7977 12968 V [MYTAG][mail_tcp_socket][RemoteOptor]: [CMD]DEV_SDCARD_STATUS_QUERY
09-14 10:48:55.049  7977 12968 V [MYTAG][mail_tcp_socket][RemoteOptor]: [PARAM]null
09-14 10:48:55.050  7977 13169 W System  : Ignoring header sessionid because its value was null.
09-14 10:48:55.050  7977 12968 V [MYTAG][mail_tcp_socket][HttpTransportLayer]: [HTTP SEND GET]
09-14 10:48:55.050  7977 12968 V [MYTAG][mail_tcp_socket][HttpTransportLayer]: 	 url:http://192.168.0.1:80/app/getsdinfo
09-14 10:48:55.051  7977 13169 I System.out: (HTTPLog)-Static: isSBSettingEnabled false
09-14 10:48:55.051  7977 13169 I System.out: (HTTPLog)-Static: isSBSettingEnabled false
09-14 10:48:55.059  7977 12968 V [MYTAG][main][Device]: 603 dev is connected:true
09-14 10:48:55.110  7977  7977 W ProxyAndroidLoggerBackend: Too many Flogger logs received before configuration. Dropping old logs.
09-14 10:48:55.117  7977  7977 I chatty  : uid=10291(com.vidure.app) identical 6 lines
09-14 10:48:55.118  7977  7977 W ProxyAndroidLoggerBackend: Too many Flogger logs received before configuration. Dropping old logs.
09-14 10:48:55.124  7977 15295 W ProxyAndroidLoggerBackend: Too many Flogger logs received before configuration. Dropping old logs.
09-14 10:48:55.130  7977 12968 V [MYTAG][main][Device]: 603 dev is connected:true
09-14 10:48:55.131  7977 12968 V [MYTAG][main][CameraPreviewActivity]: rev msg1:264454
09-14 10:48:55.173  7977 12968 V [MYTAG][mail_tcp_socket][HttpTransportLayer]: [HTTP RSP]
09-14 10:48:55.173  7977 12968 V [MYTAG][mail_tcp_socket][HttpTransportLayer]: 	 errcode:0
09-14 10:48:55.173  7977 12968 V [MYTAG][mail_tcp_socket][HttpTransportLayer]: 	[content]{"result":0,"info":{"status":0,"free":313,"total":1883}}
09-14 10:48:55.173  7977 12968 V [MYTAG][mail_tcp_socket][HttpTransportLayer]: -----------------------------------------
09-14 10:48:55.175  7977 12968 V [MYTAG][main][Device]: 603 dev is connected:true
09-14 10:48:55.176  7977 12968 V [MYTAG][main][CameraPreviewActivity]: rev msg1:589832
09-14 10:48:56.371  7977 13170 W System  : Ignoring header sessionid because its value was null.
09-14 10:48:56.372  7977 13170 I System.out: (HTTPLog)-Static: isSBSettingEnabled false
09-14 10:48:56.372  7977 12968 V [MYTAG][HeartbeatMgr][RemoteOptor]: ----
09-14 10:48:56.372  7977 12968 V [MYTAG][HeartbeatMgr][RemoteOptor]: [CMD]Basic_Msg_MailBox
09-14 10:48:56.372  7977 12968 V [MYTAG][HeartbeatMgr][RemoteOptor]: [PARAM]null
09-14 10:48:56.372  7977 13170 I System.out: (HTTPLog)-Static: isSBSettingEnabled false
09-14 10:48:56.372  7977 12968 V [MYTAG][HeartbeatMgr][HttpTransportLayer]: [HTTP SEND GET]
09-14 10:48:56.372  7977 12968 V [MYTAG][HeartbeatMgr][HttpTransportLayer]: 	 url:http://192.168.0.1:80/app/getparamvalue?param=rec
09-14 10:48:56.403  7977 12968 V [MYTAG][HeartbeatMgr][HttpTransportLayer]: [HTTP RSP]
09-14 10:48:56.403  7977 12968 V [MYTAG][HeartbeatMgr][HttpTransportLayer]: 	 errcode:0
09-14 10:48:56.403  7977 12968 V [MYTAG][HeartbeatMgr][HttpTransportLayer]: 	[content]{"result":0,"info":{"value":1}}
09-14 10:48:56.403  7977 12968 V [MYTAG][HeartbeatMgr][HttpTransportLayer]: -----------------------------------------
09-14 10:48:58.059  7977 12968 V [MYTAG][mail_tcp_socket][ViiSocketMailDataPhraser]: ------------mail---------------
09-14 10:48:58.059  7977 12968 V [MYTAG][mail_tcp_socket][ViiSocketMailDataPhraser]: {"msgid":"battery","info":{"capacity":72,"charge":0},"time":1757846937}
09-14 10:48:58.067  7977 13169 W System  : Ignoring header sessionid because its value was null.
09-14 10:48:58.069  7977 13169 I System.out: (HTTPLog)-Static: isSBSettingEnabled false
09-14 10:48:58.070  7977 13169 I System.out: (HTTPLog)-Static: isSBSettingEnabled false
09-14 10:48:58.083  7977 12968 V [MYTAG][mail_tcp_socket][ViiSocketMailDataPhraser]: ------------mail---------------
09-14 10:48:58.083  7977 12968 V [MYTAG][mail_tcp_socket][ViiSocketMailDataPhraser]: {"msgid":"sd","info":{"status":0},"time":1757846937}
09-14 10:48:58.083  7977 12968 V [MYTAG][mail_tcp_socket][RemoteOptor]: ----
09-14 10:48:58.083  7977 12968 V [MYTAG][mail_tcp_socket][RemoteOptor]: [CMD]DEV_SDCARD_STATUS_QUERY
09-14 10:48:58.083  7977 12968 V [MYTAG][mail_tcp_socket][RemoteOptor]: [PARAM]null
09-14 10:48:58.084  7977 12968 V [MYTAG][mail_tcp_socket][HttpTransportLayer]: [HTTP SEND GET]
09-14 10:48:58.084  7977 12968 V [MYTAG][mail_tcp_socket][HttpTransportLayer]: 	 url:http://192.168.0.1:80/app/getsdinfo
09-14 10:48:58.086  7977 12968 V [MYTAG][main][Device]: 603 dev is connected:true
09-14 10:48:58.114  7977  7977 W ProxyAndroidLoggerBackend: Too many Flogger logs received before configuration. Dropping old logs.
09-14 10:48:58.124  7977  7977 I chatty  : uid=10291(com.vidure.app) identical 6 lines
09-14 10:48:58.125  7977  7977 W ProxyAndroidLoggerBackend: Too many Flogger logs received before configuration. Dropping old logs.
09-14 10:48:58.134  7977 12968 V [MYTAG][mail_tcp_socket][HttpTransportLayer]: [HTTP RSP]
09-14 10:48:58.134  7977 12968 V [MYTAG][mail_tcp_socket][HttpTransportLayer]: 	 errcode:0
09-14 10:48:58.134  7977 12968 V [MYTAG][mail_tcp_socket][HttpTransportLayer]: 	[content]{"result":0,"info":{"status":0,"free":309,"total":1883}}
09-14 10:48:58.134  7977 12968 V [MYTAG][mail_tcp_socket][HttpTransportLayer]: -----------------------------------------
09-14 10:48:58.135  7977 12968 V [MYTAG][main][Device]: 603 dev is connected:true
09-14 10:48:58.138  7977 12968 V [MYTAG][main][CameraPreviewActivity]: rev msg1:264454
09-14 10:48:58.138  7977 12968 V [MYTAG][main][Device]: 603 dev is connected:true
09-14 10:48:58.138  7977 12968 V [MYTAG][main][CameraPreviewActivity]: rev msg1:589832
09-14 10:49:00.372  7977 12968 V [MYTAG][HeartbeatMgr][RemoteOptor]: ----
09-14 10:49:00.372  7977 12968 V [MYTAG][HeartbeatMgr][RemoteOptor]: [CMD]Basic_Msg_MailBox
09-14 10:49:00.372  7977 12968 V [MYTAG][HeartbeatMgr][RemoteOptor]: [PARAM]null
09-14 10:49:00.373  7977 12968 V [MYTAG][HeartbeatMgr][HttpTransportLayer]: [HTTP SEND GET]
09-14 10:49:00.373  7977 12968 V [MYTAG][HeartbeatMgr][HttpTransportLayer]: 	 url:http://192.168.0.1:80/app/getparamvalue?param=rec
09-14 10:49:00.373  7977 13170 W System  : Ignoring header sessionid because its value was null.
09-14 10:49:00.373  7977 13170 I System.out: (HTTPLog)-Static: isSBSettingEnabled false
09-14 10:49:00.374  7977 13170 I System.out: (HTTPLog)-Static: isSBSettingEnabled false
09-14 10:49:00.400  7977 12968 V [MYTAG][HeartbeatMgr][HttpTransportLayer]: [HTTP RSP]
09-14 10:49:00.400  7977 12968 V [MYTAG][HeartbeatMgr][HttpTransportLayer]: 	 errcode:0
09-14 10:49:00.400  7977 12968 V [MYTAG][HeartbeatMgr][HttpTransportLayer]: 	[content]{"result":0,"info":{"value":1}}
09-14 10:49:00.400  7977 12968 V [MYTAG][HeartbeatMgr][HttpTransportLayer]: -----------------------------------------
09-14 10:49:01.070  7977 12968 V [MYTAG][mail_tcp_socket][ViiSocketMailDataPhraser]: ------------mail---------------
09-14 10:49:01.070  7977 12968 V [MYTAG][mail_tcp_socket][ViiSocketMailDataPhraser]: {"msgid":"battery","info":{"capacity":72,"charge":0},"time":1757846940}
09-14 10:49:01.071  7977 13169 W System  : Ignoring header sessionid because its value was null.
09-14 10:49:01.072  7977 13169 I System.out: (HTTPLog)-Static: isSBSettingEnabled false
09-14 10:49:01.072  7977 13169 I System.out: (HTTPLog)-Static: isSBSettingEnabled false
09-14 10:49:01.076  7977 12968 V [MYTAG][mail_tcp_socket][ViiSocketMailDataPhraser]: ------------mail---------------
09-14 10:49:01.076  7977 12968 V [MYTAG][mail_tcp_socket][ViiSocketMailDataPhraser]: {"msgid":"sd","info":{"status":0},"time":1757846940}
09-14 10:49:01.076  7977 12968 V [MYTAG][mail_tcp_socket][RemoteOptor]: ----
09-14 10:49:01.076  7977 12968 V [MYTAG][mail_tcp_socket][RemoteOptor]: [CMD]DEV_SDCARD_STATUS_QUERY
09-14 10:49:01.076  7977 12968 V [MYTAG][mail_tcp_socket][RemoteOptor]: [PARAM]null
09-14 10:49:01.076  7977 12968 V [MYTAG][mail_tcp_socket][HttpTransportLayer]: [HTTP SEND GET]
09-14 10:49:01.076  7977 12968 V [MYTAG][mail_tcp_socket][HttpTransportLayer]: 	 url:http://192.168.0.1:80/app/getsdinfo
09-14 10:49:01.089  7977 12968 V [MYTAG][main][Device]: 603 dev is connected:true
09-14 10:49:01.125  7977 12968 V [MYTAG][mail_tcp_socket][HttpTransportLayer]: [HTTP RSP]
09-14 10:49:01.125  7977 12968 V [MYTAG][mail_tcp_socket][HttpTransportLayer]: 	 errcode:0
09-14 10:49:01.125  7977 12968 V [MYTAG][mail_tcp_socket][HttpTransportLayer]: 	[content]{"result":0,"info":{"status":0,"free":305,"total":1883}}
09-14 10:49:01.125  7977 12968 V [MYTAG][mail_tcp_socket][HttpTransportLayer]: -----------------------------------------
09-14 10:49:01.167  7977  7977 W ProxyAndroidLoggerBackend: Too many Flogger logs received before configuration. Dropping old logs.
09-14 10:49:01.176  7977  7977 I chatty  : uid=10291(com.vidure.app) identical 6 lines
09-14 10:49:01.177  7977  7977 W ProxyAndroidLoggerBackend: Too many Flogger logs received before configuration. Dropping old logs.
09-14 10:49:01.188  7977 12968 V [MYTAG][main][Device]: 603 dev is connected:true
09-14 10:49:01.189  7977 12968 V [MYTAG][main][CameraPreviewActivity]: rev msg1:264454
09-14 10:49:01.190  7977 12968 V [MYTAG][main][Device]: 603 dev is connected:true
09-14 10:49:01.190  7977 12968 V [MYTAG][main][CameraPreviewActivity]: rev msg1:589832
09-14 10:49:03.304  7977 12968 D [MYTAG][main][SystemLocationClientImpl]: onLocationChanged GPS data:精度=9.648001 速度=0.78 海拔=320.282958984375 经纬度=49.33343432, 7.05252849
09-14 10:49:03.306  7977 12968 D [MYTAG][main][SystemLocationClientImpl]: 当前信号强度: 3
09-14 10:49:04.038  7977 12968 V [MYTAG][DefaultDispatcher-worker-1][Device]: 603 dev is connected:true
09-14 10:49:04.077  7977 12968 V [MYTAG][mail_tcp_socket][ViiSocketMailDataPhraser]: ------------mail---------------
09-14 10:49:04.077  7977 12968 V [MYTAG][mail_tcp_socket][ViiSocketMailDataPhraser]: {"msgid":"battery","info":{"capacity":72,"charge":0},"time":1757846943}
09-14 10:49:04.080  7977 13169 W System  : Ignoring header sessionid because its value was null.
09-14 10:49:04.080  7977 13169 I System.out: (HTTPLog)-Static: isSBSettingEnabled false
09-14 10:49:04.080  7977 13169 I System.out: (HTTPLog)-Static: isSBSettingEnabled false
09-14 10:49:04.080  7977 12968 V [MYTAG][mail_tcp_socket][ViiSocketMailDataPhraser]: ------------mail---------------
09-14 10:49:04.080  7977 12968 V [MYTAG][mail_tcp_socket][ViiSocketMailDataPhraser]: {"msgid":"sd","info":{"status":0},"time":1757846943}
09-14 10:49:04.081  7977 12968 V [MYTAG][mail_tcp_socket][RemoteOptor]: ----
09-14 10:49:04.081  7977 12968 V [MYTAG][mail_tcp_socket][RemoteOptor]: [CMD]DEV_SDCARD_STATUS_QUERY
09-14 10:49:04.081  7977 12968 V [MYTAG][mail_tcp_socket][RemoteOptor]: [PARAM]null
09-14 10:49:04.081  7977 12968 V [MYTAG][mail_tcp_socket][HttpTransportLayer]: [HTTP SEND GET]
09-14 10:49:04.081  7977 12968 V [MYTAG][mail_tcp_socket][HttpTransportLayer]: 	 url:http://192.168.0.1:80/app/getsdinfo
09-14 10:49:04.089  7977 12968 V [MYTAG][main][Device]: 603 dev is connected:true
09-14 10:49:04.112  7977 12968 V [MYTAG][mail_tcp_socket][HttpTransportLayer]: [HTTP RSP]
09-14 10:49:04.112  7977 12968 V [MYTAG][mail_tcp_socket][HttpTransportLayer]: 	 errcode:0
09-14 10:49:04.112  7977 12968 V [MYTAG][mail_tcp_socket][HttpTransportLayer]: 	[content]{"result":0,"info":{"status":0,"free":301,"total":1883}}
09-14 10:49:04.112  7977 12968 V [MYTAG][mail_tcp_socket][HttpTransportLayer]: -----------------------------------------
09-14 10:49:04.170  7977  7977 W ProxyAndroidLoggerBackend: Too many Flogger logs received before configuration. Dropping old logs.
09-14 10:49:04.178  7977  7977 I chatty  : uid=10291(com.vidure.app) identical 6 lines
09-14 10:49:04.179  7977  7977 W ProxyAndroidLoggerBackend: Too many Flogger logs received before configuration. Dropping old logs.
09-14 10:49:04.192  7977 12968 V [MYTAG][main][Device]: 603 dev is connected:true
09-14 10:49:04.195  7977 12968 V [MYTAG][main][CameraPreviewActivity]: rev msg1:264454
09-14 10:49:04.196  7977 12968 V [MYTAG][main][Device]: 603 dev is connected:true
09-14 10:49:04.196  7977 12968 V [MYTAG][main][CameraPreviewActivity]: rev msg1:589832
09-14 10:49:04.374  7977 13170 W System  : Ignoring header sessionid because its value was null.
09-14 10:49:04.374  7977 12968 V [MYTAG][HeartbeatMgr][RemoteOptor]: ----
09-14 10:49:04.374  7977 12968 V [MYTAG][HeartbeatMgr][RemoteOptor]: [CMD]Basic_Msg_MailBox
09-14 10:49:04.374  7977 12968 V [MYTAG][HeartbeatMgr][RemoteOptor]: [PARAM]null
09-14 10:49:04.374  7977 12968 V [MYTAG][HeartbeatMgr][HttpTransportLayer]: [HTTP SEND GET]
09-14 10:49:04.374  7977 12968 V [MYTAG][HeartbeatMgr][HttpTransportLayer]: 	 url:http://192.168.0.1:80/app/getparamvalue?param=rec
09-14 10:49:04.374  7977 13170 I System.out: (HTTPLog)-Static: isSBSettingEnabled false
09-14 10:49:04.374  7977 13170 I System.out: (HTTPLog)-Static: isSBSettingEnabled false
09-14 10:49:04.413  7977 12968 V [MYTAG][HeartbeatMgr][HttpTransportLayer]: [HTTP RSP]
09-14 10:49:04.413  7977 12968 V [MYTAG][HeartbeatMgr][HttpTransportLayer]: 	 errcode:0
