09-14 10:56:37.198 10744 15802 V [MYTAG][mail_tcp_socket][RemoteOptor]: [CMD]DEV_SDCARD_STATUS_QUERY
09-14 10:56:37.198 10744 15802 V [MYTAG][mail_tcp_socket][RemoteOptor]: [PARAM]null
09-14 10:56:37.199 10744 15802 V [MYTAG][mail_tcp_socket][HttpTransportLayer]: [HTTP SEND GET]
09-14 10:56:37.199 10744 15802 V [MYTAG][mail_tcp_socket][HttpTransportLayer]: 	 url:http://192.168.0.1:80/app/getsdinfo
09-14 10:56:37.199 10744 15991 I System.out: (HTTPLog)-Static: isSBSettingEnabled false
09-14 10:56:37.199 10744 15991 I System.out: (HTTPLog)-Static: isSBSettingEnabled false
09-14 10:56:37.206 10744 15802 V [MYTAG][main][Device]: 603 dev is connected:true
09-14 10:56:37.234 10744 10744 W ProxyAndroidLoggerBackend: Too many Flogger logs received before configuration. Dropping old logs.
09-14 10:56:37.247 10744 10744 I chatty  : uid=10291(com.vidure.app) identical 6 lines
09-14 10:56:37.248 10744 10744 W ProxyAndroidLoggerBackend: Too many Flogger logs received before configuration. Dropping old logs.
09-14 10:56:37.256 10744 15802 V [MYTAG][main][Device]: 603 dev is connected:true
09-14 10:56:37.258 10744 15802 V [MYTAG][main][CameraPreviewActivity]: rev msg1:264454
09-14 10:56:37.259 10744 15802 V [MYTAG][mail_tcp_socket][HttpTransportLayer]: [HTTP RSP]
09-14 10:56:37.259 10744 15802 V [MYTAG][mail_tcp_socket][HttpTransportLayer]: 	 errcode:0
09-14 10:56:37.259 10744 15802 V [MYTAG][mail_tcp_socket][HttpTransportLayer]: 	[content]{"result":0,"info":{"status":0,"free":260,"total":1883}}
09-14 10:56:37.259 10744 15802 V [MYTAG][mail_tcp_socket][HttpTransportLayer]: -----------------------------------------
09-14 10:56:37.268 10744 15802 V [MYTAG][main][Device]: 603 dev is connected:true
09-14 10:56:37.269 10744 15802 V [MYTAG][main][CameraPreviewActivity]: rev msg1:589832
09-14 10:56:40.116 10744 15992 W System  : Ignoring header sessionid because its value was null.
09-14 10:56:40.116 10744 15992 I System.out: (HTTPLog)-Static: isSBSettingEnabled false
09-14 10:56:40.116 10744 15992 I System.out: (HTTPLog)-Static: isSBSettingEnabled false
09-14 10:56:40.117 10744 15802 V [MYTAG][HeartbeatMgr][RemoteOptor]: ----
09-14 10:56:40.117 10744 15802 V [MYTAG][HeartbeatMgr][RemoteOptor]: [CMD]Basic_Msg_MailBox
09-14 10:56:40.117 10744 15802 V [MYTAG][HeartbeatMgr][RemoteOptor]: [PARAM]null
09-14 10:56:40.117 10744 15802 V [MYTAG][HeartbeatMgr][HttpTransportLayer]: [HTTP SEND GET]
09-14 10:56:40.117 10744 15802 V [MYTAG][HeartbeatMgr][HttpTransportLayer]: 	 url:http://192.168.0.1:80/app/getparamvalue?param=rec
09-14 10:56:40.151 10744 15802 V [MYTAG][HeartbeatMgr][HttpTransportLayer]: [HTTP RSP]
09-14 10:56:40.151 10744 15802 V [MYTAG][HeartbeatMgr][HttpTransportLayer]: 	 errcode:0
09-14 10:56:40.151 10744 15802 V [MYTAG][HeartbeatMgr][HttpTransportLayer]: 	[content]{"result":0,"info":{"value":1}}
09-14 10:56:40.151 10744 15802 V [MYTAG][HeartbeatMgr][HttpTransportLayer]: -----------------------------------------
09-14 10:56:40.221 10744 15802 V [MYTAG][mail_tcp_socket][ViiSocketMailDataPhraser]: ------------mail---------------
09-14 10:56:40.221 10744 15802 V [MYTAG][mail_tcp_socket][ViiSocketMailDataPhraser]: {"msgid":"battery","info":{"capacity":70,"charge":0},"time":1757847399}
09-14 10:56:40.223 10744 15991 W System  : Ignoring header sessionid because its value was null.
09-14 10:56:40.224 10744 15991 I System.out: (HTTPLog)-Static: isSBSettingEnabled false
09-14 10:56:40.224 10744 15802 V [MYTAG][mail_tcp_socket][ViiSocketMailDataPhraser]: ------------mail---------------
09-14 10:56:40.224 10744 15802 V [MYTAG][mail_tcp_socket][ViiSocketMailDataPhraser]: {"msgid":"sd","info":{"status":0},"time":1757847399}
09-14 10:56:40.225 10744 15991 I System.out: (HTTPLog)-Static: isSBSettingEnabled false
09-14 10:56:40.225 10744 15802 V [MYTAG][mail_tcp_socket][RemoteOptor]: ----
09-14 10:56:40.225 10744 15802 V [MYTAG][mail_tcp_socket][RemoteOptor]: [CMD]DEV_SDCARD_STATUS_QUERY
09-14 10:56:40.225 10744 15802 V [MYTAG][mail_tcp_socket][RemoteOptor]: [PARAM]null
09-14 10:56:40.225 10744 15802 V [MYTAG][mail_tcp_socket][HttpTransportLayer]: [HTTP SEND GET]
09-14 10:56:40.225 10744 15802 V [MYTAG][mail_tcp_socket][HttpTransportLayer]: 	 url:http://192.168.0.1:80/app/getsdinfo
09-14 10:56:40.235 10744 15802 V [MYTAG][main][Device]: 603 dev is connected:true
09-14 10:56:40.261 10744 16716 W ProxyAndroidLoggerBackend: Too many Flogger logs received before configuration. Dropping old logs.
09-14 10:56:40.261 10744 10744 W ProxyAndroidLoggerBackend: Too many Flogger logs received before configuration. Dropping old logs.
09-14 10:56:40.261 10744 16716 W ProxyAndroidLoggerBackend: Too many Flogger logs received before configuration. Dropping old logs.
09-14 10:56:40.262 10744 16716 W ProxyAndroidLoggerBackend: Too many Flogger logs received before configuration. Dropping old logs.
09-14 10:56:40.263 10744 10744 W ProxyAndroidLoggerBackend: Too many Flogger logs received before configuration. Dropping old logs.
09-14 10:56:40.272 10744 10744 I chatty  : uid=10291(com.vidure.app) identical 5 lines
09-14 10:56:40.273 10744 10744 W ProxyAndroidLoggerBackend: Too many Flogger logs received before configuration. Dropping old logs.
09-14 10:56:40.278 10744 17066 W ProxyAndroidLoggerBackend: Too many Flogger logs received before configuration. Dropping old logs.
09-14 10:56:40.280 10744 17066 I chatty  : uid=10291(com.vidure.app) identical 1 line
09-14 10:56:40.280 10744 17066 W ProxyAndroidLoggerBackend: Too many Flogger logs received before configuration. Dropping old logs.
09-14 10:56:40.281 10744 16715 W ProxyAndroidLoggerBackend: Too many Flogger logs received before configuration. Dropping old logs.
09-14 10:56:40.283 10744 15802 V [MYTAG][main][Device]: 603 dev is connected:true
09-14 10:56:40.285 10744 15802 V [MYTAG][main][CameraPreviewActivity]: rev msg1:264454
09-14 10:56:40.285 10744 17066 W ProxyAndroidLoggerBackend: Too many Flogger logs received before configuration. Dropping old logs.
09-14 10:56:40.297 10744 15802 V [MYTAG][mail_tcp_socket][HttpTransportLayer]: [HTTP RSP]
09-14 10:56:40.297 10744 15802 V [MYTAG][mail_tcp_socket][HttpTransportLayer]: 	 errcode:0
09-14 10:56:40.297 10744 15802 V [MYTAG][mail_tcp_socket][HttpTransportLayer]: 	[content]{"result":0,"info":{"status":0,"free":256,"total":1883}}
09-14 10:56:40.297 10744 15802 V [MYTAG][mail_tcp_socket][HttpTransportLayer]: -----------------------------------------
09-14 10:56:40.298 10744 15802 V [MYTAG][main][Device]: 603 dev is connected:true
09-14 10:56:40.298 10744 15802 V [MYTAG][main][CameraPreviewActivity]: rev msg1:589832
09-14 10:56:41.129 10744 15758 I com.vidure.app: Background young concurrent copying GC freed 88848(14MB) AllocSpace objects, 35(2060KB) LOS objects, 22% free, 60MB/77MB, paused 580us total 141.728ms
09-14 10:56:42.806 10744 17139 W ProxyAndroidLoggerBackend: Too many Flogger logs received before configuration. Dropping old logs.
09-14 10:56:42.818 10744 17139 I chatty  : uid=10291(com.vidure.app) identical 2 lines
09-14 10:56:42.819 10744 17139 W ProxyAndroidLoggerBackend: Too many Flogger logs received before configuration. Dropping old logs.
09-14 10:56:43.225 10744 15802 V [MYTAG][mail_tcp_socket][ViiSocketMailDataPhraser]: ------------mail---------------
09-14 10:56:43.225 10744 15802 V [MYTAG][mail_tcp_socket][ViiSocketMailDataPhraser]: {"msgid":"battery","info":{"capacity":70,"charge":0},"time":1757847402}
09-14 10:56:43.228 10744 15802 V [MYTAG][mail_tcp_socket][ViiSocketMailDataPhraser]: ------------mail---------------
09-14 10:56:43.228 10744 15802 V [MYTAG][mail_tcp_socket][ViiSocketMailDataPhraser]: {"msgid":"sd","info":{"status":0},"time":1757847402}
09-14 10:56:43.228 10744 15802 V [MYTAG][mail_tcp_socket][RemoteOptor]: ----
09-14 10:56:43.228 10744 15802 V [MYTAG][mail_tcp_socket][RemoteOptor]: [CMD]DEV_SDCARD_STATUS_QUERY
09-14 10:56:43.228 10744 15802 V [MYTAG][mail_tcp_socket][RemoteOptor]: [PARAM]null
09-14 10:56:43.229 10744 15991 W System  : Ignoring header sessionid because its value was null.
09-14 10:56:43.230 10744 15802 V [MYTAG][mail_tcp_socket][HttpTransportLayer]: [HTTP SEND GET]
09-14 10:56:43.230 10744 15802 V [MYTAG][mail_tcp_socket][HttpTransportLayer]: 	 url:http://192.168.0.1:80/app/getsdinfo
09-14 10:56:43.230 10744 15991 I System.out: (HTTPLog)-Static: isSBSettingEnabled false
09-14 10:56:43.230 10744 15991 I System.out: (HTTPLog)-Static: isSBSettingEnabled false
09-14 10:56:43.236 10744 15802 V [MYTAG][main][Device]: 603 dev is connected:true
09-14 10:56:43.264 10744 10744 W ProxyAndroidLoggerBackend: Too many Flogger logs received before configuration. Dropping old logs.
09-14 10:56:43.271 10744 10744 I chatty  : uid=10291(com.vidure.app) identical 6 lines
09-14 10:56:43.272 10744 10744 W ProxyAndroidLoggerBackend: Too many Flogger logs received before configuration. Dropping old logs.
09-14 10:56:43.285 10744 15802 V [MYTAG][main][Device]: 603 dev is connected:true
09-14 10:56:43.287 10744 15802 V [MYTAG][main][CameraPreviewActivity]: rev msg1:264454
09-14 10:56:43.322 10744 16715 W ProxyAndroidLoggerBackend: Too many Flogger logs received before configuration. Dropping old logs.
09-14 10:56:43.322 10744 16715 I chatty  : uid=10291(com.vidure.app) identical 1 line
09-14 10:56:43.323 10744 16715 W ProxyAndroidLoggerBackend: Too many Flogger logs received before configuration. Dropping old logs.
09-14 10:56:43.595 10744 15802 V [MYTAG][mail_tcp_socket][HttpTransportLayer]: [HTTP RSP]
09-14 10:56:43.595 10744 15802 V [MYTAG][mail_tcp_socket][HttpTransportLayer]: 	 errcode:0
09-14 10:56:43.595 10744 15802 V [MYTAG][mail_tcp_socket][HttpTransportLayer]: 	[content]{"result":0,"info":{"status":0,"free":251,"total":1883}}
09-14 10:56:43.595 10744 15802 V [MYTAG][mail_tcp_socket][HttpTransportLayer]: -----------------------------------------
09-14 10:56:43.595 10744 15802 V [MYTAG][main][Device]: 603 dev is connected:true
09-14 10:56:43.596 10744 15802 V [MYTAG][main][CameraPreviewActivity]: rev msg1:589832
09-14 10:56:44.116 10744 15992 W System  : Ignoring header sessionid because its value was null.
09-14 10:56:44.117 10744 15802 V [MYTAG][HeartbeatMgr][RemoteOptor]: ----
09-14 10:56:44.117 10744 15802 V [MYTAG][HeartbeatMgr][RemoteOptor]: [CMD]Basic_Msg_MailBox
09-14 10:56:44.117 10744 15802 V [MYTAG][HeartbeatMgr][RemoteOptor]: [PARAM]null
09-14 10:56:44.117 10744 15802 V [MYTAG][HeartbeatMgr][HttpTransportLayer]: [HTTP SEND GET]
09-14 10:56:44.117 10744 15802 V [MYTAG][HeartbeatMgr][HttpTransportLayer]: 	 url:http://192.168.0.1:80/app/getparamvalue?param=rec
09-14 10:56:44.117 10744 15992 I System.out: (HTTPLog)-Static: isSBSettingEnabled false
09-14 10:56:44.117 10744 15992 I System.out: (HTTPLog)-Static: isSBSettingEnabled false
09-14 10:56:44.148 10744 15802 V [MYTAG][HeartbeatMgr][HttpTransportLayer]: [HTTP RSP]
09-14 10:56:44.148 10744 15802 V [MYTAG][HeartbeatMgr][HttpTransportLayer]: 	 errcode:0
09-14 10:56:44.148 10744 15802 V [MYTAG][HeartbeatMgr][HttpTransportLayer]: 	[content]{"result":0,"info":{"value":1}}
09-14 10:56:44.148 10744 15802 V [MYTAG][HeartbeatMgr][HttpTransportLayer]: -----------------------------------------
09-14 10:56:46.235 10744 15802 V [MYTAG][mail_tcp_socket][ViiSocketMailDataPhraser]: ------------mail---------------
09-14 10:56:46.235 10744 15802 V [MYTAG][mail_tcp_socket][ViiSocketMailDataPhraser]: {"msgid":"battery","info":{"capacity":70,"charge":0},"time":1757847405}
09-14 10:56:46.245 10744 15802 V [MYTAG][main][Device]: 603 dev is connected:true
09-14 10:56:46.251 10744 15991 W System  : Ignoring header sessionid because its value was null.
09-14 10:56:46.251 10744 15991 I System.out: (HTTPLog)-Static: isSBSettingEnabled false
09-14 10:56:46.251 10744 15991 I System.out: (HTTPLog)-Static: isSBSettingEnabled false
09-14 10:56:46.251 10744 15802 V [MYTAG][mail_tcp_socket][ViiSocketMailDataPhraser]: ------------mail---------------
09-14 10:56:46.251 10744 15802 V [MYTAG][mail_tcp_socket][ViiSocketMailDataPhraser]: {"msgid":"sd","info":{"status":0},"time":1757847405}
09-14 10:56:46.252 10744 15802 V [MYTAG][mail_tcp_socket][RemoteOptor]: ----
09-14 10:56:46.252 10744 15802 V [MYTAG][mail_tcp_socket][RemoteOptor]: [CMD]DEV_SDCARD_STATUS_QUERY
09-14 10:56:46.252 10744 15802 V [MYTAG][mail_tcp_socket][RemoteOptor]: [PARAM]null
09-14 10:56:46.252 10744 15802 V [MYTAG][mail_tcp_socket][HttpTransportLayer]: [HTTP SEND GET]
09-14 10:56:46.252 10744 15802 V [MYTAG][mail_tcp_socket][HttpTransportLayer]: 	 url:http://192.168.0.1:80/app/getsdinfo
09-14 10:56:46.300 10744 10744 W ProxyAndroidLoggerBackend: Too many Flogger logs received before configuration. Dropping old logs.
09-14 10:56:46.306 10744 10744 I chatty  : uid=10291(com.vidure.app) identical 2 lines
09-14 10:56:46.306 10744 10744 W ProxyAndroidLoggerBackend: Too many Flogger logs received before configuration. Dropping old logs.
09-14 10:56:46.309 10744 10744 W ProxyAndroidLoggerBackend: Too many Flogger logs received before configuration. Dropping old logs.
09-14 10:56:46.311 10744 10744 W ProxyAndroidLoggerBackend: Too many Flogger logs received before configuration. Dropping old logs.
09-14 10:56:46.312 10744 10744 W ProxyAndroidLoggerBackend: Too many Flogger logs received before configuration. Dropping old logs.
09-14 10:56:46.313 10744 10744 W ProxyAndroidLoggerBackend: Too many Flogger logs received before configuration. Dropping old logs.
09-14 10:56:46.331 10744 15802 V [MYTAG][main][Device]: 603 dev is connected:true
09-14 10:56:46.336 10744 15802 V [MYTAG][main][CameraPreviewActivity]: rev msg1:264454
09-14 10:56:46.425 10744 15802 V [MYTAG][mail_tcp_socket][HttpTransportLayer]: [HTTP RSP]
09-14 10:56:46.425 10744 15802 V [MYTAG][mail_tcp_socket][HttpTransportLayer]: 	 errcode:0
09-14 10:56:46.425 10744 15802 V [MYTAG][mail_tcp_socket][HttpTransportLayer]: 	[content]{"result":0,"info":{"status":0,"free":247,"total":1883}}
09-14 10:56:46.425 10744 15802 V [MYTAG][mail_tcp_socket][HttpTransportLayer]: -----------------------------------------
09-14 10:56:46.427 10744 15802 V [MYTAG][main][Device]: 603 dev is connected:true
09-14 10:56:46.427 10744 15802 V [MYTAG][main][CameraPreviewActivity]: rev msg1:589832
09-14 10:56:48.117 10744 15992 W System  : Ignoring header sessionid because its value was null.
09-14 10:56:48.118 10744 15992 I System.out: (HTTPLog)-Static: isSBSettingEnabled false
09-14 10:56:48.118 10744 15802 V [MYTAG][HeartbeatMgr][RemoteOptor]: ----
09-14 10:56:48.118 10744 15802 V [MYTAG][HeartbeatMgr][RemoteOptor]: [CMD]Basic_Msg_MailBox
09-14 10:56:48.118 10744 15802 V [MYTAG][HeartbeatMgr][RemoteOptor]: [PARAM]null
09-14 10:56:48.118 10744 15992 I System.out: (HTTPLog)-Static: isSBSettingEnabled false
09-14 10:56:48.118 10744 15802 V [MYTAG][HeartbeatMgr][HttpTransportLayer]: [HTTP SEND GET]
09-14 10:56:48.118 10744 15802 V [MYTAG][HeartbeatMgr][HttpTransportLayer]: 	 url:http://192.168.0.1:80/app/getparamvalue?param=rec
09-14 10:56:48.199 10744 15802 V [MYTAG][HeartbeatMgr][HttpTransportLayer]: [HTTP RSP]
09-14 10:56:48.199 10744 15802 V [MYTAG][HeartbeatMgr][HttpTransportLayer]: 	 errcode:0
09-14 10:56:48.199 10744 15802 V [MYTAG][HeartbeatMgr][HttpTransportLayer]: 	[content]{"result":0,"info":{"value":1}}
09-14 10:56:48.199 10744 15802 V [MYTAG][HeartbeatMgr][HttpTransportLayer]: -----------------------------------------
09-14 10:56:49.243 10744 15802 V [MYTAG][mail_tcp_socket][ViiSocketMailDataPhraser]: ------------mail---------------
09-14 10:56:49.243 10744 15802 V [MYTAG][mail_tcp_socket][ViiSocketMailDataPhraser]: {"msgid":"battery","info":{"capacity":68,"charge":0},"time":1757847408}
09-14 10:56:49.245 10744 15991 W System  : Ignoring header sessionid because its value was null.
09-14 10:56:49.246 10744 15802 V [MYTAG][mail_tcp_socket][ViiSocketMailDataPhraser]: ------------mail---------------
09-14 10:56:49.246 10744 15802 V [MYTAG][mail_tcp_socket][ViiSocketMailDataPhraser]: {"msgid":"sd","info":{"status":0},"time":1757847408}
09-14 10:56:49.246 10744 15802 V [MYTAG][mail_tcp_socket][RemoteOptor]: ----
09-14 10:56:49.246 10744 15802 V [MYTAG][mail_tcp_socket][RemoteOptor]: [CMD]DEV_SDCARD_STATUS_QUERY
09-14 10:56:49.246 10744 15802 V [MYTAG][mail_tcp_socket][RemoteOptor]: [PARAM]null
09-14 10:56:49.246 10744 15802 V [MYTAG][mail_tcp_socket][HttpTransportLayer]: [HTTP SEND GET]
09-14 10:56:49.246 10744 15802 V [MYTAG][mail_tcp_socket][HttpTransportLayer]: 	 url:http://192.168.0.1:80/app/getsdinfo
09-14 10:56:49.246 10744 15991 I System.out: (HTTPLog)-Static: isSBSettingEnabled false
09-14 10:56:49.246 10744 15991 I System.out: (HTTPLog)-Static: isSBSettingEnabled false
09-14 10:56:49.252 10744 15802 V [MYTAG][main][Device]: 603 dev is connected:true
09-14 10:56:49.273 10744 15802 V [MYTAG][mail_tcp_socket][HttpTransportLayer]: [HTTP RSP]
09-14 10:56:49.273 10744 15802 V [MYTAG][mail_tcp_socket][HttpTransportLayer]: 	 errcode:0
09-14 10:56:49.273 10744 15802 V [MYTAG][mail_tcp_socket][HttpTransportLayer]: 	[content]{"result":0,"info":{"status":0,"free":245,"total":1883}}
09-14 10:56:49.273 10744 15802 V [MYTAG][mail_tcp_socket][HttpTransportLayer]: -----------------------------------------
09-14 10:56:49.277 10744 10744 W ProxyAndroidLoggerBackend: Too many Flogger logs received before configuration. Dropping old logs.
09-14 10:56:49.283 10744 10744 I chatty  : uid=10291(com.vidure.app) identical 2 lines
09-14 10:56:49.283 10744 10744 W ProxyAndroidLoggerBackend: Too many Flogger logs received before configuration. Dropping old logs.
09-14 10:56:49.285 10744 10744 W ProxyAndroidLoggerBackend: Too many Flogger logs received before configuration. Dropping old logs.
09-14 10:56:49.292 10744 10744 W ProxyAndroidLoggerBackend: Too many Flogger logs received before configuration. Dropping old logs.
09-14 10:56:49.293 10744 10744 I chatty  : uid=10291(com.vidure.app) identical 1 line
09-14 10:56:49.293 10744 10744 W ProxyAndroidLoggerBackend: Too many Flogger logs received before configuration. Dropping old logs.
09-14 10:56:49.308 10744 15802 V [MYTAG][main][Device]: 603 dev is connected:true
09-14 10:56:49.312 10744 15802 V [MYTAG][main][CameraPreviewActivity]: rev msg1:264454
09-14 10:56:49.312 10744 15802 V [MYTAG][main][Device]: 603 dev is connected:true
09-14 10:56:49.312 10744 15802 V [MYTAG][main][CameraPreviewActivity]: rev msg1:589832
09-14 10:56:52.118 10744 15802 V [MYTAG][HeartbeatMgr][RemoteOptor]: ----
09-14 10:56:52.118 10744 15802 V [MYTAG][HeartbeatMgr][RemoteOptor]: [CMD]Basic_Msg_MailBox
09-14 10:56:52.118 10744 15802 V [MYTAG][HeartbeatMgr][RemoteOptor]: [PARAM]null
09-14 10:56:52.120 10744 15992 W System  : Ignoring header sessionid because its value was null.
09-14 10:56:52.120 10744 15802 V [MYTAG][HeartbeatMgr][HttpTransportLayer]: [HTTP SEND GET]
09-14 10:56:52.120 10744 15802 V [MYTAG][HeartbeatMgr][HttpTransportLayer]: 	 url:http://192.168.0.1:80/app/getparamvalue?param=rec
09-14 10:56:52.121 10744 15992 I System.out: (HTTPLog)-Static: isSBSettingEnabled false
09-14 10:56:52.121 10744 15992 I System.out: (HTTPLog)-Static: isSBSettingEnabled false
09-14 10:56:52.155 10744 15802 V [MYTAG][HeartbeatMgr][HttpTransportLayer]: [HTTP RSP]
09-14 10:56:52.155 10744 15802 V [MYTAG][HeartbeatMgr][HttpTransportLayer]: 	 errcode:0
09-14 10:56:52.155 10744 15802 V [MYTAG][HeartbeatMgr][HttpTransportLayer]: 	[content]{"result":0,"info":{"value":1}}
09-14 10:56:52.155 10744 15802 V [MYTAG][HeartbeatMgr][HttpTransportLayer]: -----------------------------------------
09-14 10:56:52.254 10744 15802 V [MYTAG][mail_tcp_socket][ViiSocketMailDataPhraser]: ------------mail---------------
09-14 10:56:52.254 10744 15802 V [MYTAG][mail_tcp_socket][ViiSocketMailDataPhraser]: {"msgid":"battery","info":{"capacity":68,"charge":0},"time":1757847411}
09-14 10:56:52.257 10744 15991 W System  : Ignoring header sessionid because its value was null.
09-14 10:56:52.257 10744 15802 V [MYTAG][mail_tcp_socket][ViiSocketMailDataPhraser]: ------------mail---------------
09-14 10:56:52.257 10744 15802 V [MYTAG][mail_tcp_socket][ViiSocketMailDataPhraser]: {"msgid":"sd","info":{"status":0},"time":1757847411}
09-14 10:56:52.258 10744 15802 V [MYTAG][mail_tcp_socket][RemoteOptor]: ----
09-14 10:56:52.258 10744 15802 V [MYTAG][mail_tcp_socket][RemoteOptor]: [CMD]DEV_SDCARD_STATUS_QUERY
09-14 10:56:52.258 10744 15802 V [MYTAG][mail_tcp_socket][RemoteOptor]: [PARAM]null
09-14 10:56:52.258 10744 15991 I System.out: (HTTPLog)-Static: isSBSettingEnabled false
09-14 10:56:52.258 10744 15802 V [MYTAG][mail_tcp_socket][HttpTransportLayer]: [HTTP SEND GET]
09-14 10:56:52.258 10744 15802 V [MYTAG][mail_tcp_socket][HttpTransportLayer]: 	 url:http://192.168.0.1:80/app/getsdinfo
09-14 10:56:52.258 10744 15991 I System.out: (HTTPLog)-Static: isSBSettingEnabled false
09-14 10:56:52.266 10744 15802 V [MYTAG][main][Device]: 603 dev is connected:true
09-14 10:56:52.294 10744 10744 W ProxyAndroidLoggerBackend: Too many Flogger logs received before configuration. Dropping old logs.
09-14 10:56:52.297 10744 10744 W ProxyAndroidLoggerBackend: Too many Flogger logs received before configuration. Dropping old logs.
09-14 10:56:52.299 10744 10744 I chatty  : uid=10291(com.vidure.app) identical 1 line
09-14 10:56:52.300 10744 10744 W ProxyAndroidLoggerBackend: Too many Flogger logs received before configuration. Dropping old logs.
09-14 10:56:52.303 10744 10744 W ProxyAndroidLoggerBackend: Too many Flogger logs received before configuration. Dropping old logs.
09-14 10:56:52.303 10744 10744 I chatty  : uid=10291(com.vidure.app) identical 2 lines
09-14 10:56:52.304 10744 10744 W ProxyAndroidLoggerBackend: Too many Flogger logs received before configuration. Dropping old logs.
09-14 10:56:52.304 10744 15802 V [MYTAG][mail_tcp_socket][HttpTransportLayer]: [HTTP RSP]
09-14 10:56:52.304 10744 15802 V [MYTAG][mail_tcp_socket][HttpTransportLayer]: 	 errcode:0
09-14 10:56:52.304 10744 15802 V [MYTAG][mail_tcp_socket][HttpTransportLayer]: 	[content]{"result":0,"info":{"status":0,"free":241,"total":1883}}
09-14 10:56:52.304 10744 15802 V [MYTAG][mail_tcp_socket][HttpTransportLayer]: -----------------------------------------
09-14 10:56:52.314 10744 15802 V [MYTAG][main][Device]: 603 dev is connected:true
09-14 10:56:52.315 10744 15802 V [MYTAG][main][CameraPreviewActivity]: rev msg1:264454
09-14 10:56:52.315 10744 15802 V [MYTAG][main][Device]: 603 dev is connected:true
09-14 10:56:52.316 10744 15802 V [MYTAG][main][CameraPreviewActivity]: rev msg1:589832
09-14 10:56:55.263 10744 15802 V [MYTAG][mail_tcp_socket][ViiSocketMailDataPhraser]: ------------mail---------------
09-14 10:56:55.263 10744 15802 V [MYTAG][mail_tcp_socket][ViiSocketMailDataPhraser]: {"msgid":"battery","info":{"capacity":68,"charge":0},"time":1757847414}
09-14 10:56:55.264 10744 15802 V [MYTAG][mail_tcp_socket][ViiSocketMailDataPhraser]: ------------mail---------------
09-14 10:56:55.264 10744 15802 V [MYTAG][mail_tcp_socket][ViiSocketMailDataPhraser]: {"msgid":"sd","info":{"status":0},"time":1757847414}
09-14 10:56:55.265 10744 15802 V [MYTAG][mail_tcp_socket][RemoteOptor]: ----
09-14 10:56:55.265 10744 15802 V [MYTAG][mail_tcp_socket][RemoteOptor]: [CMD]DEV_SDCARD_STATUS_QUERY
09-14 10:56:55.265 10744 15802 V [MYTAG][mail_tcp_socket][RemoteOptor]: [PARAM]null
09-14 10:56:55.265 10744 15991 W System  : Ignoring header sessionid because its value was null.
09-14 10:56:55.265 10744 15802 V [MYTAG][mail_tcp_socket][HttpTransportLayer]: [HTTP SEND GET]
09-14 10:56:55.265 10744 15802 V [MYTAG][mail_tcp_socket][HttpTransportLayer]: 	 url:http://192.168.0.1:80/app/getsdinfo
09-14 10:56:55.265 10744 15991 I System.out: (HTTPLog)-Static: isSBSettingEnabled false
09-14 10:56:55.265 10744 15991 I System.out: (HTTPLog)-Static: isSBSettingEnabled false
09-14 10:56:55.274 10744 15802 V [MYTAG][main][Device]: 603 dev is connected:true
09-14 10:56:55.309 10744 10744 W ProxyAndroidLoggerBackend: Too many Flogger logs received before configuration. Dropping old logs.
09-14 10:56:55.313 10744 10744 I chatty  : uid=10291(com.vidure.app) identical 2 lines
09-14 10:56:55.313 10744 10744 W ProxyAndroidLoggerBackend: Too many Flogger logs received before configuration. Dropping old logs.
09-14 10:56:55.318 10744 10744 W ProxyAndroidLoggerBackend: Too many Flogger logs received before configuration. Dropping old logs.
09-14 10:56:55.319 10744 10744 I chatty  : uid=10291(com.vidure.app) identical 2 lines
09-14 10:56:55.320 10744 10744 W ProxyAndroidLoggerBackend: Too many Flogger logs received before configuration. Dropping old logs.
09-14 10:56:55.325 10744 17161 W ProxyAndroidLoggerBackend: Too many Flogger logs received before configuration. Dropping old logs.
09-14 10:56:55.326 10744 17161 W ProxyAndroidLoggerBackend: Too many Flogger logs received before configuration. Dropping old logs.
09-14 10:56:55.330 10744 15802 V [MYTAG][mail_tcp_socket][HttpTransportLayer]: [HTTP RSP]
09-14 10:56:55.330 10744 15802 V [MYTAG][mail_tcp_socket][HttpTransportLayer]: 	 errcode:0
09-14 10:56:55.330 10744 15802 V [MYTAG][mail_tcp_socket][HttpTransportLayer]: 	[content]{"result":0,"info":{"status":0,"free":313,"total":1883}}
09-14 10:56:55.330 10744 15802 V [MYTAG][mail_tcp_socket][HttpTransportLayer]: -----------------------------------------
09-14 10:56:55.331 10744 15802 V [MYTAG][main][Device]: 603 dev is connected:true
09-14 10:56:55.331 10744 15802 V [MYTAG][main][CameraPreviewActivity]: rev msg1:264454
09-14 10:56:55.333 10744 15802 V [MYTAG][main][Device]: 603 dev is connected:true
09-14 10:56:55.333 10744 15802 V [MYTAG][main][CameraPreviewActivity]: rev msg1:589832
09-14 10:56:56.118 10744 15802 V [MYTAG][HeartbeatMgr][RemoteOptor]: ----
09-14 10:56:56.118 10744 15802 V [MYTAG][HeartbeatMgr][RemoteOptor]: [CMD]Basic_Msg_MailBox
09-14 10:56:56.118 10744 15802 V [MYTAG][HeartbeatMgr][RemoteOptor]: [PARAM]null
09-14 10:56:56.119 10744 15802 V [MYTAG][HeartbeatMgr][HttpTransportLayer]: [HTTP SEND GET]
09-14 10:56:56.119 10744 15802 V [MYTAG][HeartbeatMgr][HttpTransportLayer]: 	 url:http://192.168.0.1:80/app/getparamvalue?param=rec
09-14 10:56:56.119 10744 15992 W System  : Ignoring header sessionid because its value was null.
09-14 10:56:56.119 10744 15992 I System.out: (HTTPLog)-Static: isSBSettingEnabled false
09-14 10:56:56.120 10744 15992 I System.out: (HTTPLog)-Static: isSBSettingEnabled false
09-14 10:56:56.141 10744 15802 V [MYTAG][HeartbeatMgr][HttpTransportLayer]: [HTTP RSP]
09-14 10:56:56.141 10744 15802 V [MYTAG][HeartbeatMgr][HttpTransportLayer]: 	 errcode:0
09-14 10:56:56.141 10744 15802 V [MYTAG][HeartbeatMgr][HttpTransportLayer]: 	[content]{"result":0,"info":{"value":1}}
09-14 10:56:56.141 10744 15802 V [MYTAG][HeartbeatMgr][HttpTransportLayer]: -----------------------------------------
09-14 10:56:58.273 10744 15802 V [MYTAG][mail_tcp_socket][ViiSocketMailDataPhraser]: ------------mail---------------
09-14 10:56:58.273 10744 15802 V [MYTAG][mail_tcp_socket][ViiSocketMailDataPhraser]: {"msgid":"battery","info":{"capacity":68,"charge":0},"time":1757847418}
09-14 10:56:58.277 10744 15802 V [MYTAG][main][Device]: 603 dev is connected:true
09-14 10:56:58.279 10744 15991 W System  : Ignoring header sessionid because its value was null.
09-14 10:56:58.279 10744 15991 I System.out: (HTTPLog)-Static: isSBSettingEnabled false
09-14 10:56:58.279 10744 15991 I System.out: (HTTPLog)-Static: isSBSettingEnabled false
09-14 10:56:58.279 10744 15802 V [MYTAG][mail_tcp_socket][ViiSocketMailDataPhraser]: ------------mail---------------
09-14 10:56:58.279 10744 15802 V [MYTAG][mail_tcp_socket][ViiSocketMailDataPhraser]: {"msgid":"sd","info":{"status":0},"time":1757847418}
09-14 10:56:58.280 10744 15802 V [MYTAG][mail_tcp_socket][RemoteOptor]: ----
09-14 10:56:58.280 10744 15802 V [MYTAG][mail_tcp_socket][RemoteOptor]: [CMD]DEV_SDCARD_STATUS_QUERY
09-14 10:56:58.280 10744 15802 V [MYTAG][mail_tcp_socket][RemoteOptor]: [PARAM]null
09-14 10:56:58.280 10744 15802 V [MYTAG][mail_tcp_socket][HttpTransportLayer]: [HTTP SEND GET]
09-14 10:56:58.280 10744 15802 V [MYTAG][mail_tcp_socket][HttpTransportLayer]: 	 url:http://192.168.0.1:80/app/getsdinfo
09-14 10:56:58.302 10744 10744 W ProxyAndroidLoggerBackend: Too many Flogger logs received before configuration. Dropping old logs.
09-14 10:56:58.306 10744 10744 I chatty  : uid=10291(com.vidure.app) identical 2 lines
09-14 10:56:58.306 10744 10744 W ProxyAndroidLoggerBackend: Too many Flogger logs received before configuration. Dropping old logs.
09-14 10:56:58.308 10744 10744 W ProxyAndroidLoggerBackend: Too many Flogger logs received before configuration. Dropping old logs.
09-14 10:56:58.312 10744 10744 I chatty  : uid=10291(com.vidure.app) identical 2 lines
09-14 10:56:58.312 10744 10744 W ProxyAndroidLoggerBackend: Too many Flogger logs received before configuration. Dropping old logs.
09-14 10:56:58.321 10744 15802 V [MYTAG][mail_tcp_socket][HttpTransportLayer]: [HTTP RSP]
09-14 10:56:58.321 10744 15802 V [MYTAG][mail_tcp_socket][HttpTransportLayer]: 	 errcode:0
09-14 10:56:58.321 10744 15802 V [MYTAG][mail_tcp_socket][HttpTransportLayer]: 	[content]{"result":0,"info":{"status":0,"free":309,"total":1883}}
09-14 10:56:58.321 10744 15802 V [MYTAG][mail_tcp_socket][HttpTransportLayer]: -----------------------------------------
09-14 10:56:58.329 10744 15802 V [MYTAG][main][Device]: 603 dev is connected:true
09-14 10:56:58.333 10744 15802 V [MYTAG][main][CameraPreviewActivity]: rev msg1:264454
09-14 10:56:58.333 10744 15802 V [MYTAG][main][Device]: 603 dev is connected:true
09-14 10:56:58.333 10744 15802 V [MYTAG][main][CameraPreviewActivity]: rev msg1:589832
09-14 10:56:58.413 10744 17161 W ProxyAndroidLoggerBackend: Too many Flogger logs received before configuration. Dropping old logs.
09-14 10:56:58.433 10744 17162 W ProxyAndroidLoggerBackend: Too many Flogger logs received before configuration. Dropping old logs.
09-14 10:57:00.118 10744 15802 V [MYTAG][HeartbeatMgr][RemoteOptor]: ----
09-14 10:57:00.118 10744 15802 V [MYTAG][HeartbeatMgr][RemoteOptor]: [CMD]Basic_Msg_MailBox
09-14 10:57:00.118 10744 15802 V [MYTAG][HeartbeatMgr][RemoteOptor]: [PARAM]null
09-14 10:57:00.119 10744 15802 V [MYTAG][HeartbeatMgr][HttpTransportLayer]: [HTTP SEND GET]
09-14 10:57:00.119 10744 15802 V [MYTAG][HeartbeatMgr][HttpTransportLayer]: 	 url:http://192.168.0.1:80/app/getparamvalue?param=rec
09-14 10:57:00.119 10744 15992 W System  : Ignoring header sessionid because its value was null.
09-14 10:57:00.119 10744 15992 I System.out: (HTTPLog)-Static: isSBSettingEnabled false
09-14 10:57:00.119 10744 15992 I System.out: (HTTPLog)-Static: isSBSettingEnabled false
09-14 10:57:00.141 10744 15802 V [MYTAG][HeartbeatMgr][HttpTransportLayer]: [HTTP RSP]
09-14 10:57:00.141 10744 15802 V [MYTAG][HeartbeatMgr][HttpTransportLayer]: 	 errcode:0
09-14 10:57:00.141 10744 15802 V [MYTAG][HeartbeatMgr][HttpTransportLayer]: 	[content]{"result":0,"info":{"value":1}}
09-14 10:57:00.141 10744 15802 V [MYTAG][HeartbeatMgr][HttpTransportLayer]: -----------------------------------------
09-14 10:57:01.286 10744 15802 V [MYTAG][mail_tcp_socket][ViiSocketMailDataPhraser]: ------------mail---------------
09-14 10:57:01.286 10744 15802 V [MYTAG][mail_tcp_socket][ViiSocketMailDataPhraser]: {"msgid":"battery","info":{"capacity":68,"charge":0},"time":1757847421}
09-14 10:57:01.293 10744 15802 V [MYTAG][mail_tcp_socket][ViiSocketMailDataPhraser]: ------------mail---------------
09-14 10:57:01.293 10744 15802 V [MYTAG][mail_tcp_socket][ViiSocketMailDataPhraser]: {"msgid":"sd","info":{"status":0},"time":1757847421}
09-14 10:57:01.295 10744 15802 V [MYTAG][mail_tcp_socket][RemoteOptor]: ----
09-14 10:57:01.295 10744 15802 V [MYTAG][mail_tcp_socket][RemoteOptor]: [CMD]DEV_SDCARD_STATUS_QUERY
09-14 10:57:01.295 10744 15802 V [MYTAG][mail_tcp_socket][RemoteOptor]: [PARAM]null
09-14 10:57:01.295 10744 15802 V [MYTAG][main][Device]: 603 dev is connected:true
09-14 10:57:01.296 10744 15991 W System  : Ignoring header sessionid because its value was null.
09-14 10:57:01.297 10744 15802 V [MYTAG][mail_tcp_socket][HttpTransportLayer]: [HTTP SEND GET]
09-14 10:57:01.297 10744 15802 V [MYTAG][mail_tcp_socket][HttpTransportLayer]: 	 url:http://192.168.0.1:80/app/getsdinfo
09-14 10:57:01.297 10744 15991 I System.out: (HTTPLog)-Static: isSBSettingEnabled false
09-14 10:57:01.297 10744 15991 I System.out: (HTTPLog)-Static: isSBSettingEnabled false
09-14 10:57:01.320 10744 10744 W ProxyAndroidLoggerBackend: Too many Flogger logs received before configuration. Dropping old logs.
09-14 10:57:01.322 10744 10744 W ProxyAndroidLoggerBackend: Too many Flogger logs received before configuration. Dropping old logs.
09-14 10:57:01.324 10744 10744 W ProxyAndroidLoggerBackend: Too many Flogger logs received before configuration. Dropping old logs.
09-14 10:57:01.324 10744 10744 W ProxyAndroidLoggerBackend: Too many Flogger logs received before configuration. Dropping old logs.
09-14 10:57:01.329 10744 10744 W ProxyAndroidLoggerBackend: Too many Flogger logs received before configuration. Dropping old logs.
09-14 10:57:01.329 10744 10744 I chatty  : uid=10291(com.vidure.app) identical 2 lines
09-14 10:57:01.330 10744 10744 W ProxyAndroidLoggerBackend: Too many Flogger logs received before configuration. Dropping old logs.
09-14 10:57:01.341 10744 15802 V [MYTAG][main][Device]: 603 dev is connected:true
09-14 10:57:01.341 10744 15802 V [MYTAG][main][CameraPreviewActivity]: rev msg1:264454
09-14 10:57:01.421 10744 15802 V [MYTAG][mail_tcp_socket][HttpTransportLayer]: [HTTP RSP]
09-14 10:57:01.421 10744 15802 V [MYTAG][mail_tcp_socket][HttpTransportLayer]: 	 errcode:0
09-14 10:57:01.421 10744 15802 V [MYTAG][mail_tcp_socket][HttpTransportLayer]: 	[content]{"result":0,"info":{"status":0,"free":305,"total":1883}}
09-14 10:57:01.421 10744 15802 V [MYTAG][mail_tcp_socket][HttpTransportLayer]: -----------------------------------------
09-14 10:57:01.431 10744 15802 V [MYTAG][main][Device]: 603 dev is connected:true
09-14 10:57:01.431 10744 15802 V [MYTAG][main][CameraPreviewActivity]: rev msg1:589832
09-14 10:57:04.118 10744 15802 V [MYTAG][HeartbeatMgr][RemoteOptor]: ----
09-14 10:57:04.118 10744 15802 V [MYTAG][HeartbeatMgr][RemoteOptor]: [CMD]Basic_Msg_MailBox
09-14 10:57:04.118 10744 15802 V [MYTAG][HeartbeatMgr][RemoteOptor]: [PARAM]null
09-14 10:57:04.119 10744 15992 W System  : Ignoring header sessionid because its value was null.
09-14 10:57:04.119 10744 15802 V [MYTAG][HeartbeatMgr][HttpTransportLayer]: [HTTP SEND GET]
09-14 10:57:04.119 10744 15802 V [MYTAG][HeartbeatMgr][HttpTransportLayer]: 	 url:http://192.168.0.1:80/app/getparamvalue?param=rec
09-14 10:57:04.119 10744 15992 I System.out: (HTTPLog)-Static: isSBSettingEnabled false
09-14 10:57:04.120 10744 15992 I System.out: (HTTPLog)-Static: isSBSettingEnabled false
09-14 10:57:04.143 10744 15802 V [MYTAG][HeartbeatMgr][HttpTransportLayer]: [HTTP RSP]
09-14 10:57:04.143 10744 15802 V [MYTAG][HeartbeatMgr][HttpTransportLayer]: 	 errcode:0
09-14 10:57:04.143 10744 15802 V [MYTAG][HeartbeatMgr][HttpTransportLayer]: 	[content]{"result":0,"info":{"value":1}}
09-14 10:57:04.143 10744 15802 V [MYTAG][HeartbeatMgr][HttpTransportLayer]: -----------------------------------------
09-14 10:57:04.301 10744 15802 V [MYTAG][mail_tcp_socket][ViiSocketMailDataPhraser]: ------------mail---------------
09-14 10:57:04.301 10744 15802 V [MYTAG][mail_tcp_socket][ViiSocketMailDataPhraser]: {"msgid":"battery","info":{"capacity":68,"charge":0},"time":1757847424}
09-14 10:57:04.306 10744 15802 V [MYTAG][mail_tcp_socket][ViiSocketMailDataPhraser]: ------------mail---------------
09-14 10:57:04.306 10744 15802 V [MYTAG][mail_tcp_socket][ViiSocketMailDataPhraser]: {"msgid":"sd","info":{"status":0},"time":1757847424}
09-14 10:57:04.307 10744 15802 V [MYTAG][mail_tcp_socket][RemoteOptor]: ----
09-14 10:57:04.307 10744 15802 V [MYTAG][mail_tcp_socket][RemoteOptor]: [CMD]DEV_SDCARD_STATUS_QUERY
09-14 10:57:04.307 10744 15802 V [MYTAG][mail_tcp_socket][RemoteOptor]: [PARAM]null
09-14 10:57:04.308 10744 15991 W System  : Ignoring header sessionid because its value was null.
09-14 10:57:04.308 10744 15802 V [MYTAG][mail_tcp_socket][HttpTransportLayer]: [HTTP SEND GET]
09-14 10:57:04.308 10744 15802 V [MYTAG][mail_tcp_socket][HttpTransportLayer]: 	 url:http://192.168.0.1:80/app/getsdinfo
09-14 10:57:04.311 10744 15991 I System.out: (HTTPLog)-Static: isSBSettingEnabled false
09-14 10:57:04.315 10744 15802 V [MYTAG][main][Device]: 603 dev is connected:true
09-14 10:57:04.317 10744 15991 I System.out: (HTTPLog)-Static: isSBSettingEnabled false
09-14 10:57:04.370 10744 15802 V [MYTAG][mail_tcp_socket][HttpTransportLayer]: [HTTP RSP]
09-14 10:57:04.370 10744 15802 V [MYTAG][mail_tcp_socket][HttpTransportLayer]: 	 errcode:0
09-14 10:57:04.370 10744 15802 V [MYTAG][mail_tcp_socket][HttpTransportLayer]: 	[content]{"result":0,"info":{"status":0,"free":301,"total":1883}}
09-14 10:57:04.370 10744 15802 V [MYTAG][mail_tcp_socket][HttpTransportLayer]: -----------------------------------------
09-14 10:57:04.388 10744 10744 W ProxyAndroidLoggerBackend: Too many Flogger logs received before configuration. Dropping old logs.
09-14 10:57:04.396 10744 10744 I chatty  : uid=10291(com.vidure.app) identical 6 lines
09-14 10:57:04.397 10744 10744 W ProxyAndroidLoggerBackend: Too many Flogger logs received before configuration. Dropping old logs.
09-14 10:57:04.410 10744 15802 V [MYTAG][main][Device]: 603 dev is connected:true
09-14 10:57:04.411 10744 15802 V [MYTAG][main][CameraPreviewActivity]: rev msg1:264454
09-14 10:57:04.412 10744 15802 V [MYTAG][main][Device]: 603 dev is connected:true
09-14 10:57:04.412 10744 15802 V [MYTAG][main][CameraPreviewActivity]: rev msg1:589832
09-14 10:57:05.434 10744 15758 I com.vidure.app: Background young concurrent copying GC freed 71668(12MB) AllocSpace objects, 30(1784KB) LOS objects, 18% free, 63MB/77MB, paused 531us total 100.792ms
09-14 10:57:07.303 10744 15802 V [MYTAG][mail_tcp_socket][ViiSocketMailDataPhraser]: ------------mail---------------
09-14 10:57:07.303 10744 15802 V [MYTAG][mail_tcp_socket][ViiSocketMailDataPhraser]: {"msgid":"battery","info":{"capacity":68,"charge":0},"time":1757847427}
09-14 10:57:07.309 10744 15991 W System  : Ignoring header sessionid because its value was null.
09-14 10:57:07.309 10744 15802 V [MYTAG][mail_tcp_socket][ViiSocketMailDataPhraser]: ------------mail---------------
09-14 10:57:07.309 10744 15802 V [MYTAG][mail_tcp_socket][ViiSocketMailDataPhraser]: {"msgid":"sd","info":{"status":0},"time":1757847427}
09-14 10:57:07.309 10744 15802 V [MYTAG][mail_tcp_socket][RemoteOptor]: ----
09-14 10:57:07.309 10744 15802 V [MYTAG][mail_tcp_socket][RemoteOptor]: [CMD]DEV_SDCARD_STATUS_QUERY
09-14 10:57:07.309 10744 15802 V [MYTAG][mail_tcp_socket][RemoteOptor]: [PARAM]null
09-14 10:57:07.309 10744 15802 V [MYTAG][mail_tcp_socket][HttpTransportLayer]: [HTTP SEND GET]
09-14 10:57:07.309 10744 15802 V [MYTAG][mail_tcp_socket][HttpTransportLayer]: 	 url:http://192.168.0.1:80/app/getsdinfo
09-14 10:57:07.310 10744 15991 I System.out: (HTTPLog)-Static: isSBSettingEnabled false
09-14 10:57:07.310 10744 15991 I System.out: (HTTPLog)-Static: isSBSettingEnabled false
09-14 10:57:07.319 10744 15802 V [MYTAG][main][Device]: 603 dev is connected:true
09-14 10:57:07.344 10744 10744 W ProxyAndroidLoggerBackend: Too many Flogger logs received before configuration. Dropping old logs.
09-14 10:57:07.352 10744 10744 I chatty  : uid=10291(com.vidure.app) identical 6 lines
09-14 10:57:07.353 10744 10744 W ProxyAndroidLoggerBackend: Too many Flogger logs received before configuration. Dropping old logs.
09-14 10:57:07.356 10744 15802 V [MYTAG][mail_tcp_socket][HttpTransportLayer]: [HTTP RSP]
09-14 10:57:07.356 10744 15802 V [MYTAG][mail_tcp_socket][HttpTransportLayer]: 	 errcode:0
09-14 10:57:07.356 10744 15802 V [MYTAG][mail_tcp_socket][HttpTransportLayer]: 	[content]{"result":0,"info":{"status":0,"free":297,"total":1883}}
09-14 10:57:07.356 10744 15802 V [MYTAG][mail_tcp_socket][HttpTransportLayer]: -----------------------------------------
09-14 10:57:07.364 10744 15802 V [MYTAG][main][Device]: 603 dev is connected:true
09-14 10:57:07.367 10744 15802 V [MYTAG][main][CameraPreviewActivity]: rev msg1:264454
09-14 10:57:07.367 10744 15802 V [MYTAG][main][Device]: 603 dev is connected:true
09-14 10:57:07.368 10744 15802 V [MYTAG][main][CameraPreviewActivity]: rev msg1:589832
09-14 10:57:08.118 10744 15802 V [MYTAG][HeartbeatMgr][RemoteOptor]: ----
09-14 10:57:08.118 10744 15802 V [MYTAG][HeartbeatMgr][RemoteOptor]: [CMD]Basic_Msg_MailBox
09-14 10:57:08.118 10744 15802 V [MYTAG][HeartbeatMgr][RemoteOptor]: [PARAM]null
09-14 10:57:08.119 10744 15992 W System  : Ignoring header sessionid because its value was null.
09-14 10:57:08.119 10744 15802 V [MYTAG][HeartbeatMgr][HttpTransportLayer]: [HTTP SEND GET]
09-14 10:57:08.119 10744 15802 V [MYTAG][HeartbeatMgr][HttpTransportLayer]: 	 url:http://192.168.0.1:80/app/getparamvalue?param=rec
09-14 10:57:08.120 10744 15992 I System.out: (HTTPLog)-Static: isSBSettingEnabled false
09-14 10:57:08.121 10744 15992 I System.out: (HTTPLog)-Static: isSBSettingEnabled false
09-14 10:57:08.193 10744 15802 V [MYTAG][HeartbeatMgr][HttpTransportLayer]: [HTTP RSP]
09-14 10:57:08.193 10744 15802 V [MYTAG][HeartbeatMgr][HttpTransportLayer]: 	 errcode:0
09-14 10:57:08.193 10744 15802 V [MYTAG][HeartbeatMgr][HttpTransportLayer]: 	[content]{"result":0,"info":{"value":1}}
09-14 10:57:08.193 10744 15802 V [MYTAG][HeartbeatMgr][HttpTransportLayer]: -----------------------------------------
09-14 10:57:10.314 10744 15802 V [MYTAG][mail_tcp_socket][ViiSocketMailDataPhraser]: ------------mail---------------
09-14 10:57:10.314 10744 15802 V [MYTAG][mail_tcp_socket][ViiSocketMailDataPhraser]: {"msgid":"battery","info":{"capacity":68,"charge":0},"time":1757847430}
09-14 10:57:10.315 10744 15991 W System  : Ignoring header sessionid because its value was null.
09-14 10:57:10.316 10744 15991 I System.out: (HTTPLog)-Static: isSBSettingEnabled false
09-14 10:57:10.316 10744 15991 I System.out: (HTTPLog)-Static: isSBSettingEnabled false
09-14 10:57:10.316 10744 15802 V [MYTAG][mail_tcp_socket][ViiSocketMailDataPhraser]: ------------mail---------------
09-14 10:57:10.316 10744 15802 V [MYTAG][mail_tcp_socket][ViiSocketMailDataPhraser]: {"msgid":"sd","info":{"status":0},"time":1757847430}
09-14 10:57:10.316 10744 15802 V [MYTAG][mail_tcp_socket][RemoteOptor]: ----
09-14 10:57:10.316 10744 15802 V [MYTAG][mail_tcp_socket][RemoteOptor]: [CMD]DEV_SDCARD_STATUS_QUERY
09-14 10:57:10.316 10744 15802 V [MYTAG][mail_tcp_socket][RemoteOptor]: [PARAM]null
09-14 10:57:10.317 10744 15802 V [MYTAG][mail_tcp_socket][HttpTransportLayer]: [HTTP SEND GET]
09-14 10:57:10.317 10744 15802 V [MYTAG][mail_tcp_socket][HttpTransportLayer]: 	 url:http://192.168.0.1:80/app/getsdinfo
09-14 10:57:10.321 10744 15802 V [MYTAG][main][Device]: 603 dev is connected:true
09-14 10:57:10.351 10744 10744 W ProxyAndroidLoggerBackend: Too many Flogger logs received before configuration. Dropping old logs.
09-14 10:57:10.359 10744 10744 I chatty  : uid=10291(com.vidure.app) identical 6 lines
09-14 10:57:10.360 10744 10744 W ProxyAndroidLoggerBackend: Too many Flogger logs received before configuration. Dropping old logs.
09-14 10:57:10.372 10744 15802 V [MYTAG][mail_tcp_socket][HttpTransportLayer]: [HTTP RSP]
09-14 10:57:10.372 10744 15802 V [MYTAG][mail_tcp_socket][HttpTransportLayer]: 	 errcode:0
09-14 10:57:10.372 10744 15802 V [MYTAG][mail_tcp_socket][HttpTransportLayer]: 	[content]{"result":0,"info":{"status":0,"free":294,"total":1883}}
09-14 10:57:10.372 10744 15802 V [MYTAG][mail_tcp_socket][HttpTransportLayer]: -----------------------------------------
09-14 10:57:10.373 10744 15802 V [MYTAG][main][Device]: 603 dev is connected:true
09-14 10:57:10.378 10744 15802 V [MYTAG][main][CameraPreviewActivity]: rev msg1:264454
09-14 10:57:10.379 10744 15802 V [MYTAG][main][Device]: 603 dev is connected:true
09-14 10:57:10.379 10744 15802 V [MYTAG][main][CameraPreviewActivity]: rev msg1:589832
09-14 10:57:10.403 10744 17200 W ProxyAndroidLoggerBackend: Too many Flogger logs received before configuration. Dropping old logs.
09-14 10:57:10.404 10744 17200 W ProxyAndroidLoggerBackend: Too many Flogger logs received before configuration. Dropping old logs.
09-14 10:57:10.404 10744 17201 W ProxyAndroidLoggerBackend: Too many Flogger logs received before configuration. Dropping old logs.
09-14 10:57:10.451 10744 17201 W ProxyAndroidLoggerBackend: Too many Flogger logs received before configuration. Dropping old logs.
09-14 10:57:10.451 10744 17201 I chatty  : uid=10291(com.vidure.app) identical 1 line
09-14 10:57:10.452 10744 17201 W ProxyAndroidLoggerBackend: Too many Flogger logs received before configuration. Dropping old logs.
09-14 10:57:12.118 10744 15802 V [MYTAG][HeartbeatMgr][RemoteOptor]: ----
09-14 10:57:12.118 10744 15802 V [MYTAG][HeartbeatMgr][RemoteOptor]: [CMD]Basic_Msg_MailBox
09-14 10:57:12.118 10744 15802 V [MYTAG][HeartbeatMgr][RemoteOptor]: [PARAM]null
09-14 10:57:12.119 10744 15802 V [MYTAG][HeartbeatMgr][HttpTransportLayer]: [HTTP SEND GET]
09-14 10:57:12.119 10744 15802 V [MYTAG][HeartbeatMgr][HttpTransportLayer]: 	 url:http://192.168.0.1:80/app/getparamvalue?param=rec
09-14 10:57:12.119 10744 15992 W System  : Ignoring header sessionid because its value was null.
09-14 10:57:12.120 10744 15992 I System.out: (HTTPLog)-Static: isSBSettingEnabled false
09-14 10:57:12.120 10744 15992 I System.out: (HTTPLog)-Static: isSBSettingEnabled false
09-14 10:57:12.146 10744 15802 V [MYTAG][HeartbeatMgr][HttpTransportLayer]: [HTTP RSP]
09-14 10:57:12.146 10744 15802 V [MYTAG][HeartbeatMgr][HttpTransportLayer]: 	 errcode:0
09-14 10:57:12.146 10744 15802 V [MYTAG][HeartbeatMgr][HttpTransportLayer]: 	[content]{"result":0,"info":{"value":1}}
09-14 10:57:12.146 10744 15802 V [MYTAG][HeartbeatMgr][HttpTransportLayer]: -----------------------------------------
09-14 10:57:13.324 10744 15802 V [MYTAG][mail_tcp_socket][ViiSocketMailDataPhraser]: ------------mail---------------
09-14 10:57:13.324 10744 15802 V [MYTAG][mail_tcp_socket][ViiSocketMailDataPhraser]: {"msgid":"battery","info":{"capacity":68,"charge":0},"time":1757847433}
09-14 10:57:13.326 10744 15802 V [MYTAG][mail_tcp_socket][ViiSocketMailDataPhraser]: ------------mail---------------
09-14 10:57:13.326 10744 15802 V [MYTAG][mail_tcp_socket][ViiSocketMailDataPhraser]: {"msgid":"sd","info":{"status":0},"time":1757847433}
09-14 10:57:13.326 10744 15802 V [MYTAG][mail_tcp_socket][RemoteOptor]: ----
09-14 10:57:13.326 10744 15802 V [MYTAG][mail_tcp_socket][RemoteOptor]: [CMD]DEV_SDCARD_STATUS_QUERY
09-14 10:57:13.326 10744 15802 V [MYTAG][mail_tcp_socket][RemoteOptor]: [PARAM]null
09-14 10:57:13.327 10744 15802 V [MYTAG][mail_tcp_socket][HttpTransportLayer]: [HTTP SEND GET]
09-14 10:57:13.327 10744 15802 V [MYTAG][mail_tcp_socket][HttpTransportLayer]: 	 url:http://192.168.0.1:80/app/getsdinfo
09-14 10:57:13.327 10744 15991 W System  : Ignoring header sessionid because its value was null.
09-14 10:57:13.328 10744 15991 I System.out: (HTTPLog)-Static: isSBSettingEnabled false
09-14 10:57:13.328 10744 15991 I System.out: (HTTPLog)-Static: isSBSettingEnabled false
09-14 10:57:13.333 10744 15802 V [MYTAG][main][Device]: 603 dev is connected:true
09-14 10:57:13.373 10744 10744 W ProxyAndroidLoggerBackend: Too many Flogger logs received before configuration. Dropping old logs.
09-14 10:57:13.374 10744 10744 W ProxyAndroidLoggerBackend: Too many Flogger logs received before configuration. Dropping old logs.
09-14 10:57:13.375 10744 15802 V [MYTAG][mail_tcp_socket][HttpTransportLayer]: [HTTP RSP]
09-14 10:57:13.375 10744 15802 V [MYTAG][mail_tcp_socket][HttpTransportLayer]: 	 errcode:0
09-14 10:57:13.375 10744 15802 V [MYTAG][mail_tcp_socket][HttpTransportLayer]: 	[content]{"result":0,"info":{"status":0,"free":290,"total":1883}}
09-14 10:57:13.375 10744 15802 V [MYTAG][mail_tcp_socket][HttpTransportLayer]: -----------------------------------------
09-14 10:57:13.376 10744 10744 W ProxyAndroidLoggerBackend: Too many Flogger logs received before configuration. Dropping old logs.
09-14 10:57:13.380 10744 10744 I chatty  : uid=10291(com.vidure.app) identical 4 lines
09-14 10:57:13.381 10744 10744 W ProxyAndroidLoggerBackend: Too many Flogger logs received before configuration. Dropping old logs.
09-14 10:57:13.391 10744 15802 V [MYTAG][main][Device]: 603 dev is connected:true
09-14 10:57:13.395 10744 15802 V [MYTAG][main][CameraPreviewActivity]: rev msg1:264454
09-14 10:57:13.395 10744 15802 V [MYTAG][main][Device]: 603 dev is connected:true
09-14 10:57:13.395 10744 15802 V [MYTAG][main][CameraPreviewActivity]: rev msg1:589832
09-14 10:57:16.119 10744 15802 V [MYTAG][HeartbeatMgr][RemoteOptor]: ----
09-14 10:57:16.119 10744 15802 V [MYTAG][HeartbeatMgr][RemoteOptor]: [CMD]Basic_Msg_MailBox
09-14 10:57:16.119 10744 15802 V [MYTAG][HeartbeatMgr][RemoteOptor]: [PARAM]null
09-14 10:57:16.121 10744 15992 W System  : Ignoring header sessionid because its value was null.
09-14 10:57:16.121 10744 15992 I System.out: (HTTPLog)-Static: isSBSettingEnabled false
09-14 10:57:16.121 10744 15992 I System.out: (HTTPLog)-Static: isSBSettingEnabled false
09-14 10:57:16.122 10744 15802 V [MYTAG][HeartbeatMgr][HttpTransportLayer]: [HTTP SEND GET]
09-14 10:57:16.122 10744 15802 V [MYTAG][HeartbeatMgr][HttpTransportLayer]: 	 url:http://192.168.0.1:80/app/getparamvalue?param=rec
09-14 10:57:16.160 10744 15802 V [MYTAG][HeartbeatMgr][HttpTransportLayer]: [HTTP RSP]
09-14 10:57:16.160 10744 15802 V [MYTAG][HeartbeatMgr][HttpTransportLayer]: 	 errcode:0
09-14 10:57:16.160 10744 15802 V [MYTAG][HeartbeatMgr][HttpTransportLayer]: 	[content]{"result":0,"info":{"value":1}}
09-14 10:57:16.160 10744 15802 V [MYTAG][HeartbeatMgr][HttpTransportLayer]: -----------------------------------------
09-14 10:57:16.333 10744 15802 V [MYTAG][mail_tcp_socket][ViiSocketMailDataPhraser]: ------------mail---------------
