03-15 11:19:26.168 21880 21880 D ViewRootImpl@3257344[SplashActivity]: Relayout returned: old=(0,0,1600,2560) new=(0,0,1600,2560) req=(1600,2560)8 dur=3 res=0x5 s={false 0} ch=true
03-15 11:19:26.280 21880  3858 I System.out: (HTTPLog)-Static: isSBSettingEnabled false
03-15 11:19:26.280 21880  3858 I System.out: (HTTPLog)-Static: isSBSettingEnabled false
03-15 11:19:26.290 21880 21880 D ViewRootImpl@3257344[SplashActivity]: stopped(true) old=false
03-15 11:19:26.291 21880  3797 V [MYTAG][main][SplashActivity]: onDestroy
03-15 11:19:26.292 21880 21880 D ViewRootImpl@3257344[SplashActivity]: dispatchDetachedFromWindow
03-15 11:19:26.294 21880 21880 D InputTransport: Input channel destroyed: '28c38a2', fd=65
03-15 11:19:26.466 21880  3797 V [MYTAG][pool-11-thread-7][VidureSDK]: found module: module_phone  SDK isInited: false
03-15 11:19:26.467 21880  3797 D [MYTAG][pool-11-thread-7][NetworkMgr]: WifiInfo:SSID: Bert, BSSID: a4:e8:8d:8d:1c:65, MAC: 02:00:00:00:00:00, Supplicant state: COMPLETED, RSSI: -32, Link speed: 54Mbps, Tx Link speed: 54Mbps, Rx Link speed: 54Mbps, Frequency: 2437MHz, Net ID: 5, Metered hint: false, GigaAp: false, VenueName: null, WifiMode: 3, HotspotLiveAp: false, score: 60
03-15 11:19:26.467 21880  3797 V [MYTAG][pool-11-thread-7][CameraService]: SSID from phone:Bert
03-15 11:19:26.468 21880  3797 V [MYTAG][pool-11-thread-7][SystemUtils]: app ip1:192.168.0.100
03-15 11:19:26.468 21880  3797 V [MYTAG][pool-11-thread-7][SocCameraDetector]: start request……
03-15 11:19:26.468 21880  3842 I System.out: (HTTPLog)-Static: isSBSettingEnabled false
03-15 11:19:26.468 21880  3842 I System.out: (HTTPLog)-Static: isSBSettingEnabled false
03-15 11:19:26.876 21880  3797 V [MYTAG][pool-11-thread-7][SocCameraDetector]: http://192.168.0.1/app/getdeviceattr
03-15 11:19:26.876 21880  3797 V [MYTAG][pool-11-thread-7][SocCameraDetector]: {"result":0,"info":{"uuid":"a4:e8:8d:8d:1c:65","softver":"V02B_2411011919","hwver":"V02B_2411011919","ssid":"Bert","bssid":"a4:e8:8d:8d:1c:65","camnum":1,"sdkver":"1.0"}}
03-15 11:19:26.878 21880  3797 I [MYTAG][pool-11-thread-7][SocCameraDetector]: SocDetectInfo{devType=10, ipaddr='192.168.0.1', ssid='Bert', bssid='a4:e8:8d:8d:1c:65', password='', fwver='V02B_2411011919', uuid='', model='', brand='null', sp='null'}
03-15 11:19:26.879 21880  3797 V [MYTAG][pool-11-thread-7][SystemUtils]: app ip1:192.168.0.100
03-15 11:19:26.889 21880  3797 V [MYTAG][pool-11-thread-7][Device]: null dev is connected:false
03-15 11:19:26.893 21880  3797 V [MYTAG][pool-11-thread-7][CameraService]: -deviceConnect-Bert
03-15 11:19:26.896 21880  3797 V [MYTAG][pool-11-thread-7][Device]: 666 dev is connected:false
03-15 11:19:26.897 21880  3797 V [MYTAG][pool-11-thread-7][CameraService]: -deviceConnect router-D7.c
03-15 11:19:26.901 21880  3797 V [MYTAG][pool-11-thread-7][RemoteOptor]: ----
03-15 11:19:26.901 21880  3797 V [MYTAG][pool-11-thread-7][RemoteOptor]: [CMD]Basic_Device_SetTimeZone
03-15 11:19:26.901 21880  3797 V [MYTAG][pool-11-thread-7][RemoteOptor]: [PARAM]null
03-15 11:19:27.002 21880  3842 W System  : Ignoring header sessionid because its value was null.
03-15 11:19:27.002 21880  3797 I [MYTAG][pool-11-thread-7][HttpTransportLayer]: base url:http://192.168.0.1:80
03-15 11:19:27.003 21880  3842 I System.out: (HTTPLog)-Static: isSBSettingEnabled false
03-15 11:19:27.003 21880  3842 I System.out: (HTTPLog)-Static: isSBSettingEnabled false
03-15 11:19:27.003 21880  3797 V [MYTAG][pool-11-thread-7][HttpTransportLayer]: [HTTP SEND GET]
03-15 11:19:27.003 21880  3797 V [MYTAG][pool-11-thread-7][HttpTransportLayer]: 	 url:http://192.168.0.1:80/app/settimezone?timezone=1
03-15 11:19:27.043 21880  3842 E [MYTAG][pool-11-thread-7]NormalJsonRspMsg: End of input at character 0 of 
03-15 11:19:27.045 21880  3797 V [MYTAG][pool-11-thread-7][HttpTransportLayer]: [HTTP RSP]
03-15 11:19:27.045 21880  3797 V [MYTAG][pool-11-thread-7][HttpTransportLayer]: 	 errcode:-1
03-15 11:19:27.045 21880  3797 V [MYTAG][pool-11-thread-7][HttpTransportLayer]: 	[content]
03-15 11:19:27.045 21880  3797 V [MYTAG][pool-11-thread-7][HttpTransportLayer]: -----------------------------------------
03-15 11:19:27.046 21880  3797 V [MYTAG][pool-11-thread-7][RemoteOptor]: ----
03-15 11:19:27.046 21880  3797 V [MYTAG][pool-11-thread-7][RemoteOptor]: [CMD]Basic_Device_SetDate
03-15 11:19:27.046 21880  3797 V [MYTAG][pool-11-thread-7][RemoteOptor]: [PARAM]null
03-15 11:19:27.062 21880  3916 W DynamiteModule: Local module descriptor class for com.google.android.gms.googlecertificates not found.
03-15 11:19:27.077 21880  3916 I DynamiteModule: Considering local module com.google.android.gms.googlecertificates:0 and remote module com.google.android.gms.googlecertificates:7
03-15 11:19:27.080 21880  3916 I DynamiteModule: Selected remote version of com.google.android.gms.googlecertificates, version >= 7
03-15 11:19:27.144 21880  3842 W System  : Ignoring header sessionid because its value was null.
03-15 11:19:27.144 21880  3842 I System.out: (HTTPLog)-Static: isSBSettingEnabled false
03-15 11:19:27.144 21880  3842 I System.out: (HTTPLog)-Static: isSBSettingEnabled false
03-15 11:19:27.145 21880  3797 V [MYTAG][pool-11-thread-7][HttpTransportLayer]: [HTTP SEND GET]
03-15 11:19:27.145 21880  3797 V [MYTAG][pool-11-thread-7][HttpTransportLayer]: 	 url:http://192.168.0.1:80/app/setsystime?date=20260315111927
03-15 11:19:27.265 21880  3842 W System  : Ignoring header sessionid because its value was null.
03-15 11:19:27.266 21880  3797 V [MYTAG][pool-11-thread-7][HttpTransportLayer]: [HTTP RSP]
03-15 11:19:27.266 21880  3797 V [MYTAG][pool-11-thread-7][HttpTransportLayer]: 	 errcode:0
03-15 11:19:27.266 21880  3797 V [MYTAG][pool-11-thread-7][HttpTransportLayer]: 	[content]{"result":0,"info":"set success"}
03-15 11:19:27.266 21880  3797 V [MYTAG][pool-11-thread-7][HttpTransportLayer]: -----------------------------------------
03-15 11:19:27.266 21880  3797 V [MYTAG][pool-11-thread-7][RemoteOptor]: ----
03-15 11:19:27.266 21880  3797 V [MYTAG][pool-11-thread-7][RemoteOptor]: [CMD]Basic_Device_GetCapability
03-15 11:19:27.266 21880  3797 V [MYTAG][pool-11-thread-7][RemoteOptor]: [PARAM]null
03-15 11:19:27.266 21880  3842 I System.out: (HTTPLog)-Static: isSBSettingEnabled false
03-15 11:19:27.266 21880  3797 V [MYTAG][pool-11-thread-7][HttpTransportLayer]: [HTTP SEND GET]
03-15 11:19:27.266 21880  3797 V [MYTAG][pool-11-thread-7][HttpTransportLayer]: 	 url:http://192.168.0.1:80/app/capability
03-15 11:19:27.266 21880  3842 I System.out: (HTTPLog)-Static: isSBSettingEnabled false
03-15 11:19:27.310 21880  3797 V [MYTAG][pool-11-thread-7][HttpTransportLayer]: [HTTP RSP]
03-15 11:19:27.310 21880  3797 V [MYTAG][pool-11-thread-7][HttpTransportLayer]: 	 errcode:0
03-15 11:19:27.310 21880  3797 V [MYTAG][pool-11-thread-7][HttpTransportLayer]: 	[content]{"result":0,"info":{"value":"00100"}}
03-15 11:19:27.310 21880  3797 V [MYTAG][pool-11-thread-7][HttpTransportLayer]: -----------------------------------------
03-15 11:19:27.310 21880  3842 W System  : Ignoring header sessionid because its value was null.
03-15 11:19:27.311 21880  3842 I System.out: (HTTPLog)-Static: isSBSettingEnabled false
03-15 11:19:27.311 21880  3797 V [MYTAG][pool-11-thread-7][SocUtils]: capability:00100
03-15 11:19:27.311 21880  3842 I System.out: (HTTPLog)-Static: isSBSettingEnabled false
03-15 11:19:27.312 21880  3797 V [MYTAG][pool-11-thread-7][RemoteOptor]: ----
03-15 11:19:27.312 21880  3797 V [MYTAG][pool-11-thread-7][RemoteOptor]: [CMD]Basic_GetModel
03-15 11:19:27.312 21880  3797 V [MYTAG][pool-11-thread-7][RemoteOptor]: [PARAM]null
03-15 11:19:27.313 21880  3797 V [MYTAG][pool-11-thread-7][HttpTransportLayer]: [HTTP SEND GET]
03-15 11:19:27.313 21880  3797 V [MYTAG][pool-11-thread-7][HttpTransportLayer]: 	 url:http://192.168.0.1:80/app/getproductinfo
03-15 11:19:27.319 21880  3797 I [MYTAG][pool-11-thread-9][LocationMgr]: getLocation second = 3, status.location = VLatlng [latitude=49.3334202, longitude=7.05264582, gpsType=0]
03-15 11:19:27.319 21880  3797 V [MYTAG][pool-11-thread-9][CameraService]: initInnerDelay done.
03-15 11:19:27.319 21880  3797 V [MYTAG][pool-11-thread-9][sdk_asyn_init: CameraService]: runnable  is end.
03-15 11:19:27.551 21880  3797 V [MYTAG][pool-11-thread-7][HttpTransportLayer]: [HTTP RSP]
03-15 11:19:27.551 21880  3797 V [MYTAG][pool-11-thread-7][HttpTransportLayer]: 	 errcode:0
03-15 11:19:27.551 21880  3797 V [MYTAG][pool-11-thread-7][HttpTransportLayer]: 	[content]{"result":0,"info":{"model":"DVR","company":"SGK","soc":"GK720X"}}
03-15 11:19:27.551 21880  3797 V [MYTAG][pool-11-thread-7][HttpTransportLayer]: -----------------------------------------
03-15 11:19:27.553 21880  3842 W System  : Ignoring header sessionid because its value was null.
03-15 11:19:27.554 21880  3797 V [MYTAG][pool-11-thread-7][ViiBasicHelper]: Device{id=2, devType=10, useType=0, mailSocketPort=-1, loginLevel=0, devUuid='SGK@DVR@a4:e8:8d:8d:1c:65', model='DVR', brand='SGK', sp='', emmc='', orderNum='null', deviceName='Bert', ipAddrStr='192.168.0.1', appIp='192.168.0.100', version='V02B_2411011919', hardversion='V02B_2411011919', uCode=0, lastAccessDate=1773569966879, weight=1, bssid='a4:e8:8d:8d:1c:65', ssid='Bert', wifiPwd='', gpsid='null', innerModel='null', innerVersion='', edogModel='null', edogVersion='null', radarModel='null', radarVersion='null', updateUrlAction='', params=com.vidure.app.core.modules.camera.model.DeviceParamInfo@e15b1b7, recordInfo=RecordInfo{isStarted=false, isSensorRecOn=false, uiHistoryStatus=-1}, capacity=resolutionRatio:null,bitRate:0,frameRate:30,sampleRate:0,audioType:null| curStreamType:1,curFrameRate:30curLiveMode: -1,wifiMode:0,networkType:0,networkMode:0, status=com.vidure.app.core.modules.camera.model.DeviceStatus@5ec9d24, transports={1=lb.a@b78108d}, network=666, fileFolderCountMap={}, streamLiveUrl='null', streamType='null', photoLiveUrl='null', supportMailSocket=1, sdCapacity=1974468608, camCount=1, partType=0, soc='GK720X', extendInfo='null'}
03-15 11:19:27.554 21880  3842 I System.out: (HTTPLog)-Static: isSBSettingEnabled false
03-15 11:19:27.554 21880  3842 I System.out: (HTTPLog)-Static: isSBSettingEnabled false
03-15 11:19:27.555 21880  3797 V [MYTAG][pool-11-thread-7][ViiBasicHelper]: {"model":"DVR","company":"SGK","soc":"GK720X"}
03-15 11:19:27.555 21880  3797 V [MYTAG][pool-11-thread-7][RemoteOptor]: ----
03-15 11:19:27.555 21880  3797 V [MYTAG][pool-11-thread-7][RemoteOptor]: [CMD]Basic_Device_GetBaseinfo
03-15 11:19:27.555 21880  3797 V [MYTAG][pool-11-thread-7][RemoteOptor]: [PARAM]null
03-15 11:19:27.555 21880  3797 V [MYTAG][pool-11-thread-7][HttpTransportLayer]: [HTTP SEND GET]
03-15 11:19:27.555 21880  3797 V [MYTAG][pool-11-thread-7][HttpTransportLayer]: 	 url:http://192.168.0.1:80/app/getdeviceattr
03-15 11:19:27.940 21880  3797 V [MYTAG][pool-11-thread-7][HttpTransportLayer]: [HTTP RSP]
03-15 11:19:27.940 21880  3797 V [MYTAG][pool-11-thread-7][HttpTransportLayer]: 	 errcode:0
03-15 11:19:27.940 21880  3797 V [MYTAG][pool-11-thread-7][HttpTransportLayer]: 	[content]{"result":0,"info":{"uuid":"a4:e8:8d:8d:1c:65","softver":"V02B_2411011919","hwver":"V02B_2411011919","ssid":"Bert","bssid":"a4:e8:8d:8d:1c:65","camnum":1,"sdkver":"1.0"}}
03-15 11:19:27.940 21880  3797 V [MYTAG][pool-11-thread-7][HttpTransportLayer]: -----------------------------------------
03-15 11:19:27.941 21880  3797 V [MYTAG][pool-11-thread-2][setting_loading]: runnable  is start.
03-15 11:19:27.942 21880  3797 V [MYTAG][pool-11-thread-2][AbsDeviceSettingRouter]: start to loadingSettingCapability
03-15 11:19:27.943 21880  3797 V [MYTAG][pool-11-thread-7][RemoteOptor]: ----
03-15 11:19:27.943 21880  3797 V [MYTAG][pool-11-thread-7][RemoteOptor]: [CMD]Media_Video_GetStreamUrl
03-15 11:19:27.943 21880  3797 V [MYTAG][pool-11-thread-7][RemoteOptor]: [PARAM]null
03-15 11:19:27.943 21880  3796 W System  : Ignoring header sessionid because its value was null.
03-15 11:19:27.943 21880  3797 V [MYTAG][pool-11-thread-2][RemoteOptor]: ----
03-15 11:19:27.943 21880  3797 V [MYTAG][pool-11-thread-2][RemoteOptor]: [CMD]Config_All_Capability
03-15 11:19:27.943 21880  3797 V [MYTAG][pool-11-thread-2][RemoteOptor]: [PARAM]null
03-15 11:19:27.943 21880  3796 I System.out: (HTTPLog)-Static: isSBSettingEnabled false
03-15 11:19:27.943 21880  3796 I System.out: (HTTPLog)-Static: isSBSettingEnabled false
03-15 11:19:27.944 21880  3797 V [MYTAG][pool-11-thread-2][HttpTransportLayer]: [HTTP SEND GET]
03-15 11:19:27.944 21880  3797 V [MYTAG][pool-11-thread-2][HttpTransportLayer]: 	 url:http://192.168.0.1:80/app/getparamitems?param=all
03-15 11:19:27.971 21880  3842 W System  : Ignoring header sessionid because its value was null.
03-15 11:19:27.972 21880  3842 I System.out: (HTTPLog)-Static: isSBSettingEnabled false
03-15 11:19:27.972 21880  3797 V [MYTAG][pool-11-thread-2][HttpTransportLayer]: [HTTP RSP]
03-15 11:19:27.972 21880  3797 V [MYTAG][pool-11-thread-2][HttpTransportLayer]: 	 errcode:0
03-15 11:19:27.972 21880  3797 V [MYTAG][pool-11-thread-2][HttpTransportLayer]: 	[content]{"result":0,"info":[{"name":"mic","items":["off","low","middle","high"],"index":[0,1,2,3]},{"name":"rec","items":["off","on"],"index":[0,1]},{"name":"rec_resolution","items":["2K"],"index":[0]},{"name":"rec_split_duration","items":["1min","3min","5min"],"index":[0,1,2]},{"name":"video_flip","items":["off","on"],"index":[0,1]}]}
03-15 11:19:27.972 21880  3797 V [MYTAG][pool-11-thread-2][HttpTransportLayer]: -----------------------------------------
03-15 11:19:27.972 21880  3842 I System.out: (HTTPLog)-Static: isSBSettingEnabled false
03-15 11:19:27.972 21880  3797 V [MYTAG][pool-11-thread-7][HttpTransportLayer]: [HTTP SEND GET]
03-15 11:19:27.972 21880  3797 V [MYTAG][pool-11-thread-7][HttpTransportLayer]: 	 url:http://192.168.0.1:80/app/getmediainfo
03-15 11:19:27.973 21880  3797 V [MYTAG][pool-11-thread-2][RemoteOptor]: ----
03-15 11:19:27.973 21880  3797 V [MYTAG][pool-11-thread-2][RemoteOptor]: [CMD]Config_All_ADAS_Capability
03-15 11:19:27.973 21880  3797 V [MYTAG][pool-11-thread-2][RemoteOptor]: [PARAM]null
03-15 11:19:27.996 21880  3797 V [MYTAG][pool-11-thread-7][HttpTransportLayer]: [HTTP RSP]
03-15 11:19:27.996 21880  3797 V [MYTAG][pool-11-thread-7][HttpTransportLayer]: 	 errcode:0
03-15 11:19:27.996 21880  3797 V [MYTAG][pool-11-thread-7][HttpTransportLayer]: 	[content]{"result":0,"info":{"rtsp":"rtsp://192.168.0.1/live/tcp/ch1","transport":"tcp","port":"6035"}}
03-15 11:19:27.996 21880  3797 V [MYTAG][pool-11-thread-7][HttpTransportLayer]: -----------------------------------------
03-15 11:19:27.999 21880  3797 V [MYTAG][pool-11-thread-7][CameraService]: setCurConnectDev dev = Bert
03-15 11:19:28.000 21880  3797 V [MYTAG][pool-11-thread-7][HeartbeatMgr]: start heartbeat:Bert
03-15 11:19:28.002 21880  3796 W System  : Ignoring header sessionid because its value was null.
03-15 11:19:28.002 21880  3797 V [MYTAG][pool-11-thread-2][HttpTransportLayer]: [HTTP SEND GET]
03-15 11:19:28.002 21880  3797 V [MYTAG][pool-11-thread-2][HttpTransportLayer]: 	 url:http://192.168.0.1:80/app/getadasitems?param=all
03-15 11:19:28.003 21880  3796 I System.out: (HTTPLog)-Static: isSBSettingEnabled false
03-15 11:19:28.004 21880  3796 I System.out: (HTTPLog)-Static: isSBSettingEnabled false
03-15 11:19:28.007 21880  3797 V [MYTAG][pool-11-thread-7][RemoteOptor]: ----
03-15 11:19:28.007 21880  3797 V [MYTAG][pool-11-thread-7][RemoteOptor]: [CMD]Manage_Sdcard_List
03-15 11:19:28.007 21880  3797 V [MYTAG][pool-11-thread-7][RemoteOptor]: [PARAM]null
03-15 11:19:28.124 21880  3797 V [MYTAG][mail_tcp_socket][ViiTcpSocketShakeHandler]: start vii mail from:192.168.0.1
03-15 11:19:28.128 21880  3796 E [MYTAG][pool-11-thread-2]JsonRawRspHanlder: http getResponseCode():404
03-15 11:19:28.131 21880  3842 W System  : Ignoring header sessionid because its value was null.
03-15 11:19:28.132 21880  3842 I System.out: (HTTPLog)-Static: isSBSettingEnabled false
03-15 11:19:28.132 21880  3842 I System.out: (HTTPLog)-Static: isSBSettingEnabled false
03-15 11:19:28.134 21880  3797 V [MYTAG][pool-11-thread-2][HttpTransportLayer]: [HTTP RSP]
03-15 11:19:28.134 21880  3797 V [MYTAG][pool-11-thread-2][HttpTransportLayer]: 	 errcode:4114
03-15 11:19:28.134 21880  3797 V [MYTAG][pool-11-thread-2][HttpTransportLayer]: 	[content]
03-15 11:19:28.134 21880  3797 V [MYTAG][pool-11-thread-2][HttpTransportLayer]: -----------------------------------------
03-15 11:19:28.134 21880  3797 V [MYTAG][pool-11-thread-7][HttpTransportLayer]: [HTTP SEND GET]
03-15 11:19:28.134 21880  3797 V [MYTAG][pool-11-thread-7][HttpTransportLayer]: 	 url:http://192.168.0.1:80/app/getstorageinfo
03-15 11:19:28.135 21880  3797 V [MYTAG][pool-11-thread-2][RemoteOptor]: ----
03-15 11:19:28.135 21880  3797 V [MYTAG][pool-11-thread-2][RemoteOptor]: [CMD]Config_All_ADAS_Capability
03-15 11:19:28.135 21880  3797 V [MYTAG][pool-11-thread-2][RemoteOptor]: [PARAM]null
03-15 11:19:28.135 21880  3797 V [MYTAG][mail_tcp_socket][ViiSocketMailDataPhraser]: ------------mail---------------
03-15 11:19:28.135 21880  3797 V [MYTAG][mail_tcp_socket][ViiSocketMailDataPhraser]: {"msgid":"battery","info":{"capacity":78,"charge":0},"time":1773573568}
03-15 11:19:28.136 21880  3797 V [MYTAG][mail_tcp_socket][ViiSocketMailDataPhraser]: ------------mail---------------
03-15 11:19:28.136 21880  3797 V [MYTAG][mail_tcp_socket][ViiSocketMailDataPhraser]: {"msgid":"sd","info":{"status":0},"time":1773573568}
03-15 11:19:28.137 21880  3797 V [MYTAG][mail_tcp_socket][RemoteOptor]: ----
03-15 11:19:28.137 21880  3797 V [MYTAG][mail_tcp_socket][RemoteOptor]: [CMD]DEV_SDCARD_STATUS_QUERY
03-15 11:19:28.137 21880  3797 V [MYTAG][mail_tcp_socket][RemoteOptor]: [PARAM]null
03-15 11:19:28.145 21880  3797 V [MYTAG][main][Device]: 666 dev is connected:true
03-15 11:19:28.149 21880  3842 E [MYTAG][pool-11-thread-7]JsonRawRspHanlder: http getResponseCode():404
03-15 11:19:28.150 21880  3842 W System  : Ignoring header sessionid because its value was null.
03-15 11:19:28.150 21880  3797 V [MYTAG][pool-11-thread-7][HttpTransportLayer]: [HTTP RSP]
03-15 11:19:28.150 21880  3797 V [MYTAG][pool-11-thread-7][HttpTransportLayer]: 	 errcode:4114
03-15 11:19:28.150 21880  3797 V [MYTAG][pool-11-thread-7][HttpTransportLayer]: 	[content]
03-15 11:19:28.150 21880  3797 V [MYTAG][pool-11-thread-7][HttpTransportLayer]: -----------------------------------------
03-15 11:19:28.151 21880  3842 I System.out: (HTTPLog)-Static: isSBSettingEnabled false
03-15 11:19:28.151 21880  3842 I System.out: (HTTPLog)-Static: isSBSettingEnabled false
03-15 11:19:28.151 21880  3797 V [MYTAG][pool-11-thread-7][RemoteOptor]: ----
03-15 11:19:28.151 21880  3797 V [MYTAG][pool-11-thread-7][RemoteOptor]: [CMD]DEV_SDCARD_STATUS_QUERY
03-15 11:19:28.151 21880  3797 V [MYTAG][pool-11-thread-7][RemoteOptor]: [PARAM]null
03-15 11:19:28.151 21880  3797 V [MYTAG][pool-11-thread-7][HttpTransportLayer]: [HTTP SEND GET]
03-15 11:19:28.151 21880  3797 V [MYTAG][pool-11-thread-7][HttpTransportLayer]: 	 url:http://192.168.0.1:80/app/getsdinfo
03-15 11:19:28.180 21880 21880 W ProxyAndroidLoggerBackend: Too many Flogger logs received before configuration. Dropping old logs.
03-15 11:19:28.187 21880 21880 W ProxyAndroidLoggerBackend: Too many Flogger logs received before configuration. Dropping old logs.
03-15 11:19:28.190 21880  3796 W System  : Ignoring header sessionid because its value was null.
03-15 11:19:28.190 21880  3796 I System.out: (HTTPLog)-Static: isSBSettingEnabled false
03-15 11:19:28.190 21880  3796 I System.out: (HTTPLog)-Static: isSBSettingEnabled false
03-15 11:19:28.190 21880  3797 V [MYTAG][pool-11-thread-7][HttpTransportLayer]: [HTTP RSP]
03-15 11:19:28.190 21880  3797 V [MYTAG][pool-11-thread-7][HttpTransportLayer]: 	 errcode:0
03-15 11:19:28.190 21880  3797 V [MYTAG][pool-11-thread-7][HttpTransportLayer]: 	[content]{"result":0,"info":{"status":0,"free":258,"total":1883}}
03-15 11:19:28.190 21880  3797 V [MYTAG][pool-11-thread-7][HttpTransportLayer]: -----------------------------------------
03-15 11:19:28.190 21880  3797 V [MYTAG][pool-11-thread-2][HttpTransportLayer]: [HTTP SEND GET]
03-15 11:19:28.190 21880  3797 V [MYTAG][pool-11-thread-2][HttpTransportLayer]: 	 url:http://192.168.0.1:80/app/getadasitems?param=all
03-15 11:19:28.191 21880 21880 W ProxyAndroidLoggerBackend: Too many Flogger logs received before configuration. Dropping old logs.
03-15 11:19:28.191 21880 21880 I chatty  : uid=10291(com.vidure.app) identical 1 line
03-15 11:19:28.197 21880 21880 W ProxyAndroidLoggerBackend: Too many Flogger logs received before configuration. Dropping old logs.
03-15 11:19:28.197 21880  3797 V [MYTAG][pool-11-thread-7][RemoteOptor]: ----
03-15 11:19:28.197 21880  3797 V [MYTAG][pool-11-thread-7][RemoteOptor]: [CMD]Media_Video_GetRecordStatus
03-15 11:19:28.197 21880  3797 V [MYTAG][pool-11-thread-7][RemoteOptor]: [PARAM]null
03-15 11:19:28.200 21880  3796 E [MYTAG][pool-11-thread-2]JsonRawRspHanlder: http getResponseCode():404
03-15 11:19:28.200 21880 21880 W ProxyAndroidLoggerBackend: Too many Flogger logs received before configuration. Dropping old logs.
03-15 11:19:28.201 21880 21880 W ProxyAndroidLoggerBackend: Too many Flogger logs received before configuration. Dropping old logs.
03-15 11:19:28.201 21880  4007 W System  : Ignoring header sessionid because its value was null.
03-15 11:19:28.201 21880  3797 V [MYTAG][pool-11-thread-2][HttpTransportLayer]: [HTTP RSP]
03-15 11:19:28.201 21880  3797 V [MYTAG][pool-11-thread-2][HttpTransportLayer]: 	 errcode:4114
03-15 11:19:28.201 21880  3797 V [MYTAG][pool-11-thread-2][HttpTransportLayer]: 	[content]
03-15 11:19:28.201 21880  3797 V [MYTAG][pool-11-thread-2][HttpTransportLayer]: -----------------------------------------
03-15 11:19:28.201 21880  3797 V [MYTAG][mail_tcp_socket][HttpTransportLayer]: [HTTP SEND GET]
03-15 11:19:28.201 21880  3797 V [MYTAG][mail_tcp_socket][HttpTransportLayer]: 	 url:http://192.168.0.1:80/app/getsdinfo
03-15 11:19:28.202 21880  3797 V [MYTAG][pool-11-thread-2][RemoteOptor]: ----
03-15 11:19:28.202 21880  3797 V [MYTAG][pool-11-thread-2][RemoteOptor]: [CMD]Config_All_Items_Value
03-15 11:19:28.202 21880  3797 V [MYTAG][pool-11-thread-2][RemoteOptor]: [PARAM]null
03-15 11:19:28.202 21880  4007 I System.out: (HTTPLog)-Static: isSBSettingEnabled false
03-15 11:19:28.202 21880  4007 I System.out: (HTTPLog)-Static: isSBSettingEnabled false
03-15 11:19:28.202 21880 21880 W ProxyAndroidLoggerBackend: Too many Flogger logs received before configuration. Dropping old logs.
03-15 11:19:28.210 21880  3959 W ProxyAndroidLoggerBackend: Too many Flogger logs received before configuration. Dropping old logs.
03-15 11:19:28.211 21880  3959 W ProxyAndroidLoggerBackend: Too many Flogger logs received before configuration. Dropping old logs.
03-15 11:19:28.212 21880 21880 W ProxyAndroidLoggerBackend: Too many Flogger logs received before configuration. Dropping old logs.
03-15 11:19:28.213 21880  3959 W ProxyAndroidLoggerBackend: Too many Flogger logs received before configuration. Dropping old logs.
03-15 11:19:28.214 21880  3960 W ProxyAndroidLoggerBackend: Too many Flogger logs received before configuration. Dropping old logs.
03-15 11:19:28.215 21880  3960 I chatty  : uid=10291(com.vidure.app) identical 1 line
03-15 11:19:28.216 21880  3960 W ProxyAndroidLoggerBackend: Too many Flogger logs received before configuration. Dropping old logs.
03-15 11:19:28.217 21880  3958 W ProxyAndroidLoggerBackend: Too many Flogger logs received before configuration. Dropping old logs.
03-15 11:19:28.218 21880  3958 I chatty  : uid=10291(com.vidure.app) androidmapsapi- identical 1 line
03-15 11:19:28.219 21880  3958 W ProxyAndroidLoggerBackend: Too many Flogger logs received before configuration. Dropping old logs.
03-15 11:19:28.221 21880  3959 W ProxyAndroidLoggerBackend: Too many Flogger logs received before configuration. Dropping old logs.
03-15 11:19:28.221 21880  3955 W ProxyAndroidLoggerBackend: Too many Flogger logs received before configuration. Dropping old logs.
03-15 11:19:28.222 21880  3959 W ProxyAndroidLoggerBackend: Too many Flogger logs received before configuration. Dropping old logs.
03-15 11:19:28.223 21880  3797 V [MYTAG][main][Device]: 666 dev is connected:true
03-15 11:19:28.223 21880  3959 W ProxyAndroidLoggerBackend: Too many Flogger logs received before configuration. Dropping old logs.
03-15 11:19:28.226 21880  3958 W ProxyAndroidLoggerBackend: Too many Flogger logs received before configuration. Dropping old logs.
03-15 11:19:28.227 21880  3960 W ProxyAndroidLoggerBackend: Too many Flogger logs received before configuration. Dropping old logs.
03-15 11:19:28.227 21880  3960 I chatty  : uid=10291(com.vidure.app) identical 1 line
03-15 11:19:28.228 21880  3960 W ProxyAndroidLoggerBackend: Too many Flogger logs received before configuration. Dropping old logs.
03-15 11:19:28.229 21880  3797 V [MYTAG][mail_tcp_socket][HttpTransportLayer]: [HTTP RSP]
03-15 11:19:28.229 21880  3797 V [MYTAG][mail_tcp_socket][HttpTransportLayer]: 	 errcode:0
03-15 11:19:28.229 21880  3797 V [MYTAG][mail_tcp_socket][HttpTransportLayer]: 	[content]{"result":0,"info":{"status":0,"free":258,"total":1883}}
03-15 11:19:28.229 21880  3797 V [MYTAG][mail_tcp_socket][HttpTransportLayer]: -----------------------------------------
03-15 11:19:28.229 21880  3842 W System  : Ignoring header sessionid because its value was null.
03-15 11:19:28.229 21880  3842 I System.out: (HTTPLog)-Static: isSBSettingEnabled false
03-15 11:19:28.229 21880  3842 I System.out: (HTTPLog)-Static: isSBSettingEnabled false
03-15 11:19:28.230 21880  3797 V [MYTAG][pool-11-thread-7][HttpTransportLayer]: [HTTP SEND GET]
03-15 11:19:28.230 21880  3797 V [MYTAG][pool-11-thread-7][HttpTransportLayer]: 	 url:http://192.168.0.1:80/app/getparamvalue?param=rec
03-15 11:19:28.230 21880  3960 W ProxyAndroidLoggerBackend: Too many Flogger logs received before configuration. Dropping old logs.
03-15 11:19:28.231 21880  3959 W ProxyAndroidLoggerBackend: Too many Flogger logs received before configuration. Dropping old logs.
03-15 11:19:28.233 21880  3958 W ProxyAndroidLoggerBackend: Too many Flogger logs received before configuration. Dropping old logs.
03-15 11:19:28.234 21880  3790 D OpenGLRenderer: makeCurrent EglSurface : 0x7b88d86d00 -> 0x7c03f8bc00
03-15 11:19:28.235 21880  3960 W ProxyAndroidLoggerBackend: Too many Flogger logs received before configuration. Dropping old logs.
03-15 11:19:28.239 21880  3790 D OpenGLRenderer: makeCurrent EglSurface : 0x7c03f8bc00 -> 0x7b88d86d00
03-15 11:19:28.242 21880  3797 V [MYTAG][main][Device]: 666 dev is connected:true
03-15 11:19:28.245 21880  3790 D OpenGLRenderer: makeCurrent EglSurface : 0x7b88d86d00 -> 0x7c03f8bc00
03-15 11:19:28.250 21880  3797 V [MYTAG][pool-11-thread-7][HttpTransportLayer]: [HTTP RSP]
03-15 11:19:28.250 21880  3797 V [MYTAG][pool-11-thread-7][HttpTransportLayer]: 	 errcode:0
03-15 11:19:28.250 21880  3797 V [MYTAG][pool-11-thread-7][HttpTransportLayer]: 	[content]{"result":0,"info":{"value":1}}
03-15 11:19:28.250 21880  3797 V [MYTAG][pool-11-thread-7][HttpTransportLayer]: -----------------------------------------
03-15 11:19:28.250 21880  3796 W System  : Ignoring header sessionid because its value was null.
03-15 11:19:28.251 21880  3796 I System.out: (HTTPLog)-Static: isSBSettingEnabled false
03-15 11:19:28.251 21880  3796 I System.out: (HTTPLog)-Static: isSBSettingEnabled false
03-15 11:19:28.252 21880  3797 V [MYTAG][pool-11-thread-7][RemoteOptor]: ----
03-15 11:19:28.252 21880  3797 V [MYTAG][pool-11-thread-7][RemoteOptor]: [CMD]Media_Video_Query_LockStatus
03-15 11:19:28.252 21880  3797 V [MYTAG][pool-11-thread-7][RemoteOptor]: [PARAM]null
03-15 11:19:28.252 21880  3797 V [MYTAG][pool-11-thread-2][HttpTransportLayer]: [HTTP SEND GET]
03-15 11:19:28.252 21880  3797 V [MYTAG][pool-11-thread-2][HttpTransportLayer]: 	 url:http://192.168.0.1:80/app/getparamvalue?param=all
03-15 11:19:28.255 21880  3959 W ProxyAndroidLoggerBackend: Too many Flogger logs received before configuration. Dropping old logs.
03-15 11:19:28.256 21880  3960 W ProxyAndroidLoggerBackend: Too many Flogger logs received before configuration. Dropping old logs.
03-15 11:19:28.260 21880  3959 W ProxyAndroidLoggerBackend: Too many Flogger logs received before configuration. Dropping old logs.
03-15 11:19:28.264 21880  3959 I chatty  : uid=10291(com.vidure.app) identical 3 lines
03-15 11:19:28.265 21880  3959 W ProxyAndroidLoggerBackend: Too many Flogger logs received before configuration. Dropping old logs.
03-15 11:19:28.266 21880  3960 W ProxyAndroidLoggerBackend: Too many Flogger logs received before configuration. Dropping old logs.
03-15 11:19:28.281 21880  3842 W System  : Ignoring header sessionid because its value was null.
03-15 11:19:28.282 21880  3797 V [MYTAG][pool-11-thread-2][HttpTransportLayer]: [HTTP RSP]
03-15 11:19:28.282 21880  3797 V [MYTAG][pool-11-thread-2][HttpTransportLayer]: 	 errcode:0
03-15 11:19:28.282 21880  3797 V [MYTAG][pool-11-thread-2][HttpTransportLayer]: 	[content]{"result":0,"info":[{"name":"mic","value":0},{"name":"rec","value":1},{"name":"rec_resolution","value":1},{"name":"rec_split_duration","value":0},{"name":"gsr_sensitivity","value":1},{"name":"video_flip","value":1},{"name":"park_gsr_sensitivity","value":2},{"name":"screen_standby","value":1}]}
03-15 11:19:28.282 21880  3797 V [MYTAG][pool-11-thread-2][HttpTransportLayer]: -----------------------------------------
03-15 11:19:28.282 21880  3842 I System.out: (HTTPLog)-Static: isSBSettingEnabled false
03-15 11:19:28.282 21880  3797 V [MYTAG][pool-11-thread-7][HttpTransportLayer]: [HTTP SEND GET]
03-15 11:19:28.282 21880  3797 V [MYTAG][pool-11-thread-7][HttpTransportLayer]: 	 url:http://192.168.0.1:80/app/getlockvideostatus
03-15 11:19:28.282 21880  3797 V [MYTAG][pool-11-thread-2][RemoteOptor]: ----
03-15 11:19:28.282 21880  3797 V [MYTAG][pool-11-thread-2][RemoteOptor]: [CMD]Config_All_ADAS_Items_Value
03-15 11:19:28.282 21880  3797 V [MYTAG][pool-11-thread-2][RemoteOptor]: [PARAM]null
03-15 11:19:28.282 21880  3842 I System.out: (HTTPLog)-Static: isSBSettingEnabled false
03-15 11:19:28.292 21880  3842 E [MYTAG][pool-11-thread-7]JsonRawRspHanlder: http getResponseCode():404
03-15 11:19:28.293 21880  3858 I System.out: (HTTPLog)-Static: isSBSettingEnabled false
03-15 11:19:28.293 21880  3858 I System.out: (HTTPLog)-Static: isSBSettingEnabled false
03-15 11:19:28.293 21880  3797 V [MYTAG][pool-11-thread-7][HttpTransportLayer]: [HTTP RSP]
03-15 11:19:28.293 21880  3797 V [MYTAG][pool-11-thread-7][HttpTransportLayer]: 	 errcode:4114
03-15 11:19:28.293 21880  3797 V [MYTAG][pool-11-thread-7][HttpTransportLayer]: 	[content]
03-15 11:19:28.293 21880  3797 V [MYTAG][pool-11-thread-7][HttpTransportLayer]: -----------------------------------------
03-15 11:19:28.293 21880  3796 W System  : Ignoring header sessionid because its value was null.
03-15 11:19:28.293 21880  3797 V [MYTAG][pool-11-thread-7][Device]: 666 dev is connected:true
03-15 11:19:28.294 21880  3797 V [MYTAG][pool-11-thread-7][Device]: 666 dev is connected:true
03-15 11:19:28.294 21880  3797 V [MYTAG][pool-11-thread-2][HttpTransportLayer]: [HTTP SEND GET]
03-15 11:19:28.294 21880  3797 V [MYTAG][pool-11-thread-2][HttpTransportLayer]: 	 url:http://192.168.0.1:80/app/getadasvalue?param=all
03-15 11:19:28.294 21880  3842 E [MYTAG][pool-11-thread-7]ErrCodeStr: sgk_dvr_de_de.xml
03-15 11:19:28.294 21880  3796 I System.out: (HTTPLog)-Static: isSBSettingEnabled false
03-15 11:19:28.294 21880  3796 I System.out: (HTTPLog)-Static: isSBSettingEnabled false
03-15 11:19:28.298 21880  3797 V [MYTAG][pool-11-thread-7][VTask-runnable]: runnable  is end.
03-15 11:19:28.303 21880  3796 E [MYTAG][pool-11-thread-2]JsonRawRspHanlder: http getResponseCode():404
03-15 11:19:28.304 21880  3796 W System  : Ignoring header sessionid because its value was null.
03-15 11:19:28.304 21880  3797 V [MYTAG][pool-11-thread-2][HttpTransportLayer]: [HTTP RSP]
03-15 11:19:28.304 21880  3797 V [MYTAG][pool-11-thread-2][HttpTransportLayer]: 	 errcode:4114
03-15 11:19:28.304 21880  3797 V [MYTAG][pool-11-thread-2][HttpTransportLayer]: 	[content]
03-15 11:19:28.304 21880  3797 V [MYTAG][pool-11-thread-2][HttpTransportLayer]: -----------------------------------------
03-15 11:19:28.304 21880  3797 V [MYTAG][pool-11-thread-2][RemoteOptor]: ----
03-15 11:19:28.304 21880  3797 V [MYTAG][pool-11-thread-2][RemoteOptor]: [CMD]Config_All_ADAS_Items_Value
03-15 11:19:28.304 21880  3797 V [MYTAG][pool-11-thread-2][RemoteOptor]: [PARAM]null
03-15 11:19:28.304 21880  3797 V [MYTAG][pool-11-thread-2][HttpTransportLayer]: [HTTP SEND GET]
03-15 11:19:28.304 21880  3797 V [MYTAG][pool-11-thread-2][HttpTransportLayer]: 	 url:http://192.168.0.1:80/app/getadasvalue?param=all
03-15 11:19:28.305 21880  3796 I System.out: (HTTPLog)-Static: isSBSettingEnabled false
03-15 11:19:28.305 21880  3796 I System.out: (HTTPLog)-Static: isSBSettingEnabled false
03-15 11:19:28.307 21880  3797 V [MYTAG][main][VTask-runnable]: runnable  is start.
03-15 11:19:28.310 21880  3797 V [MYTAG][main][Device]: 666 dev is connected:true
03-15 11:19:28.320 21880 21880 W ProxyAndroidLoggerBackend: Too many Flogger logs received before configuration. Dropping old logs.
03-15 11:19:28.320 21880  3796 E [MYTAG][pool-11-thread-2]JsonRawRspHanlder: http getResponseCode():404
03-15 11:19:28.320 21880  3797 V [MYTAG][pool-11-thread-2][HttpTransportLayer]: [HTTP RSP]
03-15 11:19:28.320 21880  3797 V [MYTAG][pool-11-thread-2][HttpTransportLayer]: 	 errcode:4114
03-15 11:19:28.320 21880  3797 V [MYTAG][pool-11-thread-2][HttpTransportLayer]: 	[content]
03-15 11:19:28.320 21880  3797 V [MYTAG][pool-11-thread-2][HttpTransportLayer]: -----------------------------------------
03-15 11:19:28.321 21880  3797 V [MYTAG][pool-11-thread-2][setting_loading]: runnable  is end.
03-15 11:19:28.322 21880 21880 W ProxyAndroidLoggerBackend: Too many Flogger logs received before configuration. Dropping old logs.
03-15 11:19:28.331 21880 21880 I chatty  : uid=10291(com.vidure.app) identical 5 lines
03-15 11:19:28.332 21880 21880 W ProxyAndroidLoggerBackend: Too many Flogger logs received before configuration. Dropping old logs.
03-15 11:19:28.338 21880  3960 W ProxyAndroidLoggerBackend: Too many Flogger logs received before configuration. Dropping old logs.
03-15 11:19:28.339 21880  3960 W ProxyAndroidLoggerBackend: Too many Flogger logs received before configuration. Dropping old logs.
03-15 11:19:28.339 21880 21880 W ProxyAndroidLoggerBackend: Too many Flogger logs received before configuration. Dropping old logs.
03-15 11:19:28.344 21880  4009 W ProxyAndroidLoggerBackend: Too many Flogger logs received before configuration. Dropping old logs.
03-15 11:19:28.344 21880  3960 W ProxyAndroidLoggerBackend: Too many Flogger logs received before configuration. Dropping old logs.
03-15 11:19:28.344 21880  3960 I chatty  : uid=10291(com.vidure.app) identical 1 line
03-15 11:19:28.345 21880  3960 W ProxyAndroidLoggerBackend: Too many Flogger logs received before configuration. Dropping old logs.
03-15 11:19:28.345 21880  3797 V [MYTAG][main][Device]: 666 dev is connected:true
03-15 11:19:28.346 21880  3797 V [MYTAG][main][Device]: 666 dev is connected:true
03-15 11:19:28.346 21880  3960 W ProxyAndroidLoggerBackend: Too many Flogger logs received before configuration. Dropping old logs.
03-15 11:19:28.348 21880  3960 I chatty  : uid=10291(com.vidure.app) identical 3 lines
03-15 11:19:28.348 21880  3960 W ProxyAndroidLoggerBackend: Too many Flogger logs received before configuration. Dropping old logs.
03-15 11:19:28.349 21880  3959 W ProxyAndroidLoggerBackend: Too many Flogger logs received before configuration. Dropping old logs.
03-15 11:19:28.350 21880  3959 I chatty  : uid=10291(com.vidure.app) identical 2 lines
03-15 11:19:28.350 21880  3959 W ProxyAndroidLoggerBackend: Too many Flogger logs received before configuration. Dropping old logs.
03-15 11:19:28.351 21880  3958 W ProxyAndroidLoggerBackend: Too many Flogger logs received before configuration. Dropping old logs.
03-15 11:19:28.352 21880  3958 I chatty  : uid=10291(com.vidure.app) androidmapsapi- identical 2 lines
03-15 11:19:28.354 21880  3958 W ProxyAndroidLoggerBackend: Too many Flogger logs received before configuration. Dropping old logs.
03-15 11:19:28.356 21880  3960 W ProxyAndroidLoggerBackend: Too many Flogger logs received before configuration. Dropping old logs.
03-15 11:19:28.357 21880  3959 W ProxyAndroidLoggerBackend: Too many Flogger logs received before configuration. Dropping old logs.
03-15 11:19:28.363 21880  3797 D [MYTAG][main][DefaultDialog]: dismiss dialogId:general_waiting_dlg
03-15 11:19:28.364 21880 21880 D ViewRootImpl@b6ac5a8[MainActivity]: dispatchDetachedFromWindow
03-15 11:19:28.368 21880 21880 D InputTransport: Input channel destroyed: '290a32a', fd=98
03-15 11:19:28.369 21880  3797 V [MYTAG][main][VTask-runnable]: runnable  is end.
03-15 11:19:28.375 21880  3797 D [MYTAG][main][GoogleMapAdapter]: onPause
03-15 11:19:28.376 21880  3797 V [MYTAG][main][MainActivity]: MainActivity onPause...
03-15 11:19:28.376 21880  3797 V [MYTAG][main][CameraTabFragment]: CameraTabFragment onPause...
03-15 11:19:28.377 21880  3797 V [MYTAG][main][AlbumTabFragment]: AlbumTabFragment onPause...
03-15 11:19:28.377 21880  3797 V [MYTAG][main][AiEditorTabFragment]: AiEditorTabFragment onPause...
03-15 11:19:28.377 21880  3797 V [MYTAG][main][VMeTabFragment]: VMeTabFragment onPause...
03-15 11:19:28.382 21880  3960 W ProxyAndroidLoggerBackend: Too many Flogger logs received before configuration. Dropping old logs.
03-15 11:19:28.383 21880  3959 W ProxyAndroidLoggerBackend: Too many Flogger logs received before configuration. Dropping old logs.
03-15 11:19:28.384 21880  3958 W ProxyAndroidLoggerBackend: Too many Flogger logs received before configuration. Dropping old logs.
03-15 11:19:28.385 21880  3960 W ProxyAndroidLoggerBackend: Too many Flogger logs received before configuration. Dropping old logs.
03-15 11:19:28.386 21880  3960 W ProxyAndroidLoggerBackend: Too many Flogger logs received before configuration. Dropping old logs.
03-15 11:19:28.386 21880  3958 W ProxyAndroidLoggerBackend: Too many Flogger logs received before configuration. Dropping old logs.
03-15 11:19:28.387 21880  3959 W ProxyAndroidLoggerBackend: Too many Flogger logs received before configuration. Dropping old logs.
03-15 11:19:28.387 21880  3960 W ProxyAndroidLoggerBackend: Too many Flogger logs received before configuration. Dropping old logs.
03-15 11:19:28.434 21880 21880 D ViewRootImpl@6da9899[MainActivity]: MSG_WINDOW_FOCUS_CHANGED 1 1
03-15 11:19:28.434 21880 21880 D InputMethodManager: prepareNavigationBarInfo() DecorView@a7771fe[MainActivity]
03-15 11:19:28.434 21880 21880 D InputMethodManager: getNavigationBarColor() -1
03-15 11:19:28.434 21880  3797 V [MYTAG][main][MainActivity]: MainActivity onWindowFocusChanged...true
03-15 11:19:28.435 21880 21880 D InputMethodManager: prepareNavigationBarInfo() DecorView@a7771fe[MainActivity]
03-15 11:19:28.435 21880 21880 D InputMethodManager: getNavigationBarColor() -1
03-15 11:19:28.435 21880 21880 V InputMethodManager: Starting input: tba=com.vidure.app ic=null mNaviBarColor -1 mIsGetNaviBarColorSuccess true , NavVisible : true , NavTrans : false
03-15 11:19:28.435 21880 21880 D InputMethodManager: startInputInner - Id : 0
03-15 11:19:28.435 21880 21880 I InputMethodManager: startInputInner - mService.startInputOrWindowGainedFocus
03-15 11:19:28.437 21880 21880 E ViewRootImpl: sendUserActionEvent() mView returned.
03-15 11:19:28.453 21880 21880 W ActivityThread: handleWindowVisibility: no activity for token android.os.BinderProxy@328a4b3
03-15 11:19:28.461 21880  3797 V [MYTAG][main][LanguageUtils]:  curLocale = de_DE, newLocale  = de_DE
03-15 11:19:28.463 21880  3797 V [MYTAG][main][CameraPreviewActivity]: CameraPreviewActivity onCreate...
03-15 11:19:28.464 21880 21880 D PhoneWindow: forceLight changed to true [] from com.android.internal.policy.PhoneWindow.updateForceLightNavigationBar:4268 com.android.internal.policy.DecorView.updateColorViews:1513 com.android.internal.policy.PhoneWindow.dispatchWindowAttributesChanged:3246 android.view.Window.setFlags:1148 com.android.internal.policy.PhoneWindow.generateLayout:2474 
03-15 11:19:28.465 21880 21880 D PhoneWindow: forceLight changed to false [] from com.android.internal.policy.PhoneWindow.updateForceLightNavigationBar:4274 com.android.internal.policy.DecorView.updateColorViews:1513 com.android.internal.policy.PhoneWindow.dispatchWindowAttributesChanged:3246 android.view.Window.setFlags:1148 com.android.internal.policy.PhoneWindow.generateLayout:2620 
03-15 11:19:28.465 21880 21880 I MultiWindowDecorSupport: updateCaptionType >> DecorView@3a99434[], isFloating: false, isApplication: true, hasWindowDecorCaption: false, hasWindowControllerCallback: true
03-15 11:19:28.465 21880 21880 D MultiWindowDecorSupport: setCaptionType = 0, DecorView = DecorView@3a99434[]
03-15 11:19:28.562 21880  3797 V [MYTAG][main][SystemUtils]: map： has gms ok.
03-15 11:19:28.563 21880 21880 D a       : preferredRenderer: null
03-15 11:19:28.563 21880  3797 V [MYTAG][main][SystemUtils]: map： has gms ok.
03-15 11:19:28.585 21880 21880 D a       : preferredRenderer: null
03-15 11:19:28.585 21880 21880 D s       : preferredRenderer: null
03-15 11:19:28.587 21880 21880 I Google Android Maps SDK: Google Play services package version: 260931013
03-15 11:19:28.588 21880 21880 I Google Android Maps SDK: Google Play services maps renderer version(maps_core): 254515602
03-15 11:19:28.601 21880 21880 W ProxyAndroidLoggerBackend: Too many Flogger logs received before configuration. Dropping old logs.
03-15 11:19:28.604 21880 21880 W ProxyAndroidLoggerBackend: Too many Flogger logs received before configuration. Dropping old logs.
03-15 11:19:28.607 21880 21880 W ProxyAndroidLoggerBackend: Too many Flogger logs received before configuration. Dropping old logs.
03-15 11:19:28.613 21880 21880 I chatty  : uid=10291(com.vidure.app) identical 4 lines
03-15 11:19:28.614 21880 21880 W ProxyAndroidLoggerBackend: Too many Flogger logs received before configuration. Dropping old logs.
03-15 11:19:28.620 21880  3960 W ProxyAndroidLoggerBackend: Too many Flogger logs received before configuration. Dropping old logs.
03-15 11:19:28.621 21880  3960 W ProxyAndroidLoggerBackend: Too many Flogger logs received before configuration. Dropping old logs.
03-15 11:19:28.622 21880 21880 W ProxyAndroidLoggerBackend: Too many Flogger logs received before configuration. Dropping old logs.
03-15 11:19:28.622 21880  3958 W ProxyAndroidLoggerBackend: Too many Flogger logs received before configuration. Dropping old logs.
03-15 11:19:28.623 21880  3959 W ProxyAndroidLoggerBackend: Too many Flogger logs received before configuration. Dropping old logs.
03-15 11:19:28.624 21880  3958 W ProxyAndroidLoggerBackend: Too many Flogger logs received before configuration. Dropping old logs.
03-15 11:19:28.625 21880  3958 W ProxyAndroidLoggerBackend: Too many Flogger logs received before configuration. Dropping old logs.
03-15 11:19:28.625 21880  3959 W ProxyAndroidLoggerBackend: Too many Flogger logs received before configuration. Dropping old logs.
03-15 11:19:28.627 21880  3959 I chatty  : uid=10291(com.vidure.app) identical 3 lines
03-15 11:19:28.628 21880  3959 W ProxyAndroidLoggerBackend: Too many Flogger logs received before configuration. Dropping old logs.
03-15 11:19:28.628 21880  3797 D [MYTAG][main][GoogleMapAdapter]: onPause
03-15 11:19:28.629 21880  3960 W ProxyAndroidLoggerBackend: Too many Flogger logs received before configuration. Dropping old logs.
03-15 11:19:28.631 21880  3960 W ProxyAndroidLoggerBackend: Too many Flogger logs received before configuration. Dropping old logs.
03-15 11:19:28.633 21880  3959 W ProxyAndroidLoggerBackend: Too many Flogger logs received before configuration. Dropping old logs.
03-15 11:19:28.634 21880  3959 I chatty  : uid=10291(com.vidure.app) identical 1 line
03-15 11:19:28.635 21880  3959 W ProxyAndroidLoggerBackend: Too many Flogger logs received before configuration. Dropping old logs.
03-15 11:19:28.640 21880  3797 V [MYTAG][main][OemUtils]: isSupportPreviewArFromApp is:false
03-15 11:19:28.642 21880  3960 W ProxyAndroidLoggerBackend: Too many Flogger logs received before configuration. Dropping old logs.
03-15 11:19:28.642 21880  3958 W ProxyAndroidLoggerBackend: Too many Flogger logs received before configuration. Dropping old logs.
03-15 11:19:28.651 21880  3797 V [MYTAG][main][AbsPlayerLib]: player set hw decode is :false
03-15 11:19:28.651 21880  3797 V [MYTAG][main][SocUtils]: isLargeBufferPreview: false
03-15 11:19:28.651 21880  3797 V [MYTAG][main][SocUtils]: isMaxLargeBufferPreview: false
03-15 11:19:28.651 21880  3797 V [MYTAG][main][OemUtils]: isSupportPreviewArFromApp is:false
03-15 11:19:28.651 21880  3797 V [MYTAG][main][DeviceParamInfo]: get exist CamCount = 1
03-15 11:19:28.651 21880  3797 V [MYTAG][main][DeviceParamInfo]: get exist CamCount = 1
03-15 11:19:28.651 21880  3797 V [MYTAG][main][AbsPlayerLib]: 218164263:update surfaceParentWidth:2560
03-15 11:19:28.651 21880  3797 V [MYTAG][main][AbsPlayerLib]: update surfaceParentHeight:1600
03-15 11:19:28.656 21880  3797 V [MYTAG][main][CameraPreviewActivity]: CameraPreviewActivity onStart...
03-15 11:19:28.665 21880  3797 D [MYTAG][main][GoogleMapAdapter]: onStart
03-15 11:19:28.666 21880  3797 V [MYTAG][main][CameraPreviewActivity]: CameraPreviewActivity onResume...
03-15 11:19:28.669 21880  3797 V [MYTAG][main][Device]: 666 dev is connected:true
03-15 11:19:28.670 21880  3797 V [MYTAG][main][Device]: 666 dev is connected:true
03-15 11:19:28.671 21880 21880 D Dialog  : mIsSamsungBasicInteraction = false
03-15 11:19:28.671 21880 21880 D Dialog  : mIsSamsungBasicInteraction = false, isMetaDataInActivity = false
03-15 11:19:28.672 21880  3797 D [MYTAG][main][ExitApp]: activityList size=2, add activity=CameraPreviewActivity
03-15 11:19:28.677 21880 21880 I MultiWindowDecorSupport: updateCaptionType >> DecorView@366cb83[], isFloating: true, isApplication: true, hasWindowDecorCaption: false, hasWindowControllerCallback: false
03-15 11:19:28.678 21880 21880 D MultiWindowDecorSupport: setCaptionType = 0, DecorView = DecorView@366cb83[]
03-15 11:19:28.683 21880  3797 D [MYTAG][main][DefaultDialog]: show dialogId:general_waiting_dlg CameraPreviewActivity
03-15 11:19:28.685 21880 21880 D ViewRootImpl@e409cdf[CameraPreviewActivity]: setView = com.android.internal.policy.DecorView@366cb83 TM=true MM=false
03-15 11:19:28.687 21880  3797 V [MYTAG][main][DeviceParamInfo]: get exist CamCount = 1
03-15 11:19:28.687 21880  3855 W System  : Ignoring header sessionid because its value was null.
03-15 11:19:28.687 21880  3797 V [MYTAG][pool-11-thread-15][VTask-runnable]: runnable  is start.
03-15 11:19:28.687 21880  3855 I System.out: (HTTPLog)-Static: isSBSettingEnabled false
03-15 11:19:28.687 21880  3855 I System.out: (HTTPLog)-Static: isSBSettingEnabled false
03-15 11:19:28.688 21880  3797 V [MYTAG][pool-11-thread-15][RemoteOptor]: ----
03-15 11:19:28.688 21880  3797 V [MYTAG][pool-11-thread-15][RemoteOptor]: [CMD]Basic_Auth_Logon
03-15 11:19:28.688 21880  3797 V [MYTAG][pool-11-thread-15][RemoteOptor]: [PARAM]null
03-15 11:19:28.689 21880  3797 V [MYTAG][pool-11-thread-15][HttpTransportLayer]: [HTTP SEND GET]
03-15 11:19:28.689 21880  3797 V [MYTAG][pool-11-thread-15][HttpTransportLayer]: 	 url:http://192.168.0.1:80/app/enterrecorder
03-15 11:19:28.689 21880  3797 D [MYTAG][main][GoogleMapAdapter]: onResume
03-15 11:19:28.691 21880  4033 V NuMediaExtractor: NuMediaExtractor constructor
03-15 11:19:28.691 21880  4033 V NuMediaExtractor: setDataSource fd=85 (/data/app/com.vidure.app-tezm1pBtAaObrbFq7uqRbA==/base.apk), offset=104174648, length=6438
03-15 11:19:28.691 21880  4033 V MediaExtractorFactory: MediaExtractorFactory::Create (null)
03-15 11:19:28.691 21880  4033 V MediaExtractorFactory: get service manager
03-15 11:19:28.693 21880 21880 D ViewRootImpl@99b48d7[CameraPreviewActivity]: setView = com.android.internal.policy.DecorView@3a99434 TM=true MM=false
03-15 11:19:28.694 21880  3734 I com.vidure.app: Compiler allocated 5208KB to compile com.google.maps.api.android.lib6.impl.cg com.google.maps.api.android.lib6.impl.cg.aY(com.google.android.gms.maps.GoogleMapOptions, com.google.maps.api.android.lib6.impl.bc, com.google.maps.api.android.lib6.impl.m)
03-15 11:19:28.695 21880 21880 D ViewRootImpl@6da9899[MainActivity]: MSG_RESIZED: frame=(0,0,1600,2560) ci=(0,54,0,108) vi=(0,54,0,108) or=2
03-15 11:19:28.699 21880  3790 D OpenGLRenderer: makeCurrent EglSurface : 0x7c03f8bc00 -> 0x0
03-15 11:19:28.712 21880  3855 E [MYTAG][pool-11-thread-15]JsonRawRspHanlder: http getResponseCode():404
03-15 11:19:28.714 21880 21880 D ViewRootImpl@6da9899[MainActivity]: Relayout returned: old=(0,0,1600,2560) new=(0,0,1600,2560) req=(1600,2560)8 dur=7 res=0x5 s={false 0} ch=true
03-15 11:19:28.716 21880  3797 V [MYTAG][pool-11-thread-15][HttpTransportLayer]: [HTTP RSP]
03-15 11:19:28.716 21880  3797 V [MYTAG][pool-11-thread-15][HttpTransportLayer]: 	 errcode:4114
03-15 11:19:28.716 21880  3797 V [MYTAG][pool-11-thread-15][HttpTransportLayer]: 	[content]
03-15 11:19:28.716 21880  3797 V [MYTAG][pool-11-thread-15][HttpTransportLayer]: -----------------------------------------
03-15 11:19:28.716 21880  3797 V [MYTAG][pool-11-thread-15][CameraPreviewActivity]: start preview first.
03-15 11:19:28.717 21880  3797 V [MYTAG][pool-11-thread-15][RemoteOptor]: ----
03-15 11:19:28.717 21880  3797 V [MYTAG][pool-11-thread-15][RemoteOptor]: [CMD]Media_Start_Live
03-15 11:19:28.717 21880  3797 V [MYTAG][pool-11-thread-15][RemoteOptor]: [PARAM]1
03-15 11:19:28.717 21880  3797 V [MYTAG][pool-11-thread-15][c]: toPlayLiveSync...
03-15 11:19:28.745 21880  4036 D CCodec  : allocate(c2.android.aac.decoder)
