03-15 11:42:12.779  3998  8991 W ProxyAndroidLoggerBackend: Too many Flogger logs received before configuration. Dropping old logs.
03-15 11:42:12.783  3998  8791 D OpenGLRenderer: makeCurrent EglSurface : 0x7b8325a880 -> 0x7bf9d02d00
03-15 11:42:12.792  3998  8991 W ProxyAndroidLoggerBackend: Too many Flogger logs received before configuration. Dropping old logs.
03-15 11:42:12.793  3998  8991 W ProxyAndroidLoggerBackend: Too many Flogger logs received before configuration. Dropping old logs.
03-15 11:42:12.795  3998  8993 W ProxyAndroidLoggerBackend: Too many Flogger logs received before configuration. Dropping old logs.
03-15 11:42:12.796  3998  8993 I chatty  : uid=10291(com.vidure.app) identical 2 lines
03-15 11:42:12.797  3998  8993 W ProxyAndroidLoggerBackend: Too many Flogger logs received before configuration. Dropping old logs.
03-15 11:42:12.798  3998  8992 W ProxyAndroidLoggerBackend: Too many Flogger logs received before configuration. Dropping old logs.
03-15 11:42:12.798  3998  8991 W ProxyAndroidLoggerBackend: Too many Flogger logs received before configuration. Dropping old logs.
03-15 11:42:12.831  3998  8798 V [MYTAG][mail_tcp_socket][ViiSocketMailDataPhraser]: ------------mail---------------
03-15 11:42:12.831  3998  8798 V [MYTAG][mail_tcp_socket][ViiSocketMailDataPhraser]: {"msgid":"sd","info":{"status":0},"time":1773574933}
03-15 11:42:12.831  3998  8798 V [MYTAG][mail_tcp_socket][RemoteOptor]: ----
03-15 11:42:12.831  3998  8798 V [MYTAG][mail_tcp_socket][RemoteOptor]: [CMD]DEV_SDCARD_STATUS_QUERY
03-15 11:42:12.831  3998  8798 V [MYTAG][mail_tcp_socket][RemoteOptor]: [PARAM]null
03-15 11:42:12.836  3998  8872 E [MYTAG][pool-11-thread-7]JsonRawRspHanlder: http getResponseCode():404
03-15 11:42:12.836  3998  8872 W System  : Ignoring header sessionid because its value was null.
03-15 11:42:12.836  3998  8872 I System.out: (HTTPLog)-Static: isSBSettingEnabled false
03-15 11:42:12.836  3998  8872 I System.out: (HTTPLog)-Static: isSBSettingEnabled false
03-15 11:42:12.844  3998  8798 V [MYTAG][pool-11-thread-7][HttpTransportLayer]: [HTTP RSP]
03-15 11:42:12.844  3998  8798 V [MYTAG][pool-11-thread-7][HttpTransportLayer]: 	 errcode:4114
03-15 11:42:12.844  3998  8798 V [MYTAG][pool-11-thread-7][HttpTransportLayer]: 	[content]
03-15 11:42:12.844  3998  8798 V [MYTAG][pool-11-thread-7][HttpTransportLayer]: -----------------------------------------
03-15 11:42:12.844  3998  8798 V [MYTAG][pool-11-thread-7][RemoteOptor]: ----
03-15 11:42:12.844  3998  8798 V [MYTAG][pool-11-thread-7][RemoteOptor]: [CMD]DEV_SDCARD_STATUS_QUERY
03-15 11:42:12.844  3998  8798 V [MYTAG][pool-11-thread-7][RemoteOptor]: [PARAM]null
03-15 11:42:12.844  3998  8798 V [MYTAG][pool-11-thread-7][HttpTransportLayer]: [HTTP SEND GET]
03-15 11:42:12.844  3998  8798 V [MYTAG][pool-11-thread-7][HttpTransportLayer]: 	 url:http://192.168.0.1:80/app/getsdinfo
03-15 11:42:12.863  3998  8798 V [MYTAG][pool-11-thread-7][HttpTransportLayer]: [HTTP RSP]
03-15 11:42:12.863  3998  8798 V [MYTAG][pool-11-thread-7][HttpTransportLayer]: 	 errcode:0
03-15 11:42:12.863  3998  8798 V [MYTAG][pool-11-thread-7][HttpTransportLayer]: 	[content]{"result":0,"info":{"status":0,"free":275,"total":1883}}
03-15 11:42:12.863  3998  8798 V [MYTAG][pool-11-thread-7][HttpTransportLayer]: -----------------------------------------
03-15 11:42:12.864  3998  8796 W System  : Ignoring header sessionid because its value was null.
03-15 11:42:12.864  3998  8796 I System.out: (HTTPLog)-Static: isSBSettingEnabled false
03-15 11:42:12.864  3998  8796 I System.out: (HTTPLog)-Static: isSBSettingEnabled false
03-15 11:42:12.864  3998  8798 V [MYTAG][pool-11-thread-2][HttpTransportLayer]: [HTTP SEND GET]
03-15 11:42:12.864  3998  8798 V [MYTAG][pool-11-thread-2][HttpTransportLayer]: 	 url:http://192.168.0.1:80/app/getparamvalue?param=all
03-15 11:42:12.870  3998  8798 V [MYTAG][pool-11-thread-7][RemoteOptor]: ----
03-15 11:42:12.870  3998  8798 V [MYTAG][pool-11-thread-7][RemoteOptor]: [CMD]Media_Video_GetRecordStatus
03-15 11:42:12.870  3998  8798 V [MYTAG][pool-11-thread-7][RemoteOptor]: [PARAM]null
03-15 11:42:12.893  3998  8796 W System  : Ignoring header sessionid because its value was null.
03-15 11:42:12.893  3998  8796 I System.out: (HTTPLog)-Static: isSBSettingEnabled false
03-15 11:42:12.894  3998  8796 I System.out: (HTTPLog)-Static: isSBSettingEnabled false
03-15 11:42:12.894  3998  8798 V [MYTAG][pool-11-thread-2][HttpTransportLayer]: [HTTP RSP]
03-15 11:42:12.894  3998  8798 V [MYTAG][pool-11-thread-2][HttpTransportLayer]: 	 errcode:0
03-15 11:42:12.894  3998  8798 V [MYTAG][pool-11-thread-2][HttpTransportLayer]: 	[content]{"result":0,"info":[{"name":"mic","value":0},{"name":"rec","value":1},{"name":"rec_resolution","value":1},{"name":"rec_split_duration","value":0},{"name":"gsr_sensitivity","value":1},{"name":"video_flip","value":1},{"name":"park_gsr_sensitivity","value":2},{"name":"screen_standby","value":1}]}
03-15 11:42:12.894  3998  8798 V [MYTAG][pool-11-thread-2][HttpTransportLayer]: -----------------------------------------
03-15 11:42:12.894  3998  8798 V [MYTAG][pool-11-thread-2][RemoteOptor]: ----
03-15 11:42:12.894  3998  8798 V [MYTAG][pool-11-thread-2][RemoteOptor]: [CMD]Config_All_ADAS_Items_Value
03-15 11:42:12.894  3998  8798 V [MYTAG][pool-11-thread-2][RemoteOptor]: [PARAM]null
03-15 11:42:12.894  3998  8798 V [MYTAG][pool-11-thread-2][HttpTransportLayer]: [HTTP SEND GET]
03-15 11:42:12.894  3998  8798 V [MYTAG][pool-11-thread-2][HttpTransportLayer]: 	 url:http://192.168.0.1:80/app/getadasvalue?param=all
03-15 11:42:12.911  3998  8796 E [MYTAG][pool-11-thread-2]JsonRawRspHanlder: http getResponseCode():404
03-15 11:42:12.912  3998  8798 V [MYTAG][pool-11-thread-2][HttpTransportLayer]: [HTTP RSP]
03-15 11:42:12.912  3998  8798 V [MYTAG][pool-11-thread-2][HttpTransportLayer]: 	 errcode:4114
03-15 11:42:12.912  3998  8798 V [MYTAG][pool-11-thread-2][HttpTransportLayer]: 	[content]
03-15 11:42:12.912  3998  8798 V [MYTAG][pool-11-thread-2][HttpTransportLayer]: -----------------------------------------
03-15 11:42:12.912  3998  9026 W System  : Ignoring header sessionid because its value was null.
03-15 11:42:12.912  3998  9026 I System.out: (HTTPLog)-Static: isSBSettingEnabled false
03-15 11:42:12.912  3998  9026 I System.out: (HTTPLog)-Static: isSBSettingEnabled false
03-15 11:42:12.913  3998  8798 V [MYTAG][mail_tcp_socket][HttpTransportLayer]: [HTTP SEND GET]
03-15 11:42:12.913  3998  8798 V [MYTAG][mail_tcp_socket][HttpTransportLayer]: 	 url:http://192.168.0.1:80/app/getsdinfo
03-15 11:42:12.913  3998  8798 V [MYTAG][pool-11-thread-2][RemoteOptor]: ----
03-15 11:42:12.913  3998  8798 V [MYTAG][pool-11-thread-2][RemoteOptor]: [CMD]Config_All_ADAS_Items_Value
03-15 11:42:12.913  3998  8798 V [MYTAG][pool-11-thread-2][RemoteOptor]: [PARAM]null
03-15 11:42:12.921  3998  8791 D OpenGLRenderer: makeCurrent EglSurface : 0x7bf9d02d00 -> 0x7b8325a880
03-15 11:42:12.932  3998  8798 V [MYTAG][mail_tcp_socket][HttpTransportLayer]: [HTTP RSP]
03-15 11:42:12.932  3998  8798 V [MYTAG][mail_tcp_socket][HttpTransportLayer]: 	 errcode:0
03-15 11:42:12.932  3998  8798 V [MYTAG][mail_tcp_socket][HttpTransportLayer]: 	[content]{"result":0,"info":{"status":0,"free":275,"total":1883}}
03-15 11:42:12.932  3998  8798 V [MYTAG][mail_tcp_socket][HttpTransportLayer]: -----------------------------------------
03-15 11:42:12.936  3998  8798 V [MYTAG][pool-11-thread-7][HttpTransportLayer]: [HTTP SEND GET]
03-15 11:42:12.936  3998  8798 V [MYTAG][pool-11-thread-7][HttpTransportLayer]: 	 url:http://192.168.0.1:80/app/getparamvalue?param=rec
03-15 11:42:12.936  3998  8872 W System  : Ignoring header sessionid because its value was null.
03-15 11:42:12.937  3998  8872 I System.out: (HTTPLog)-Static: isSBSettingEnabled false
03-15 11:42:12.937  3998  8872 I System.out: (HTTPLog)-Static: isSBSettingEnabled false
03-15 11:42:12.941  3998  8798 V [MYTAG][main][Device]: 666 dev is connected:true
03-15 11:42:12.962  3998  8798 V [MYTAG][pool-11-thread-7][HttpTransportLayer]: [HTTP RSP]
03-15 11:42:12.962  3998  8798 V [MYTAG][pool-11-thread-7][HttpTransportLayer]: 	 errcode:0
03-15 11:42:12.962  3998  8798 V [MYTAG][pool-11-thread-7][HttpTransportLayer]: 	[content]{"result":0,"info":{"value":1}}
03-15 11:42:12.962  3998  8798 V [MYTAG][pool-11-thread-7][HttpTransportLayer]: -----------------------------------------
03-15 11:42:12.962  3998  8798 V [MYTAG][pool-11-thread-7][RemoteOptor]: ----
03-15 11:42:12.962  3998  8798 V [MYTAG][pool-11-thread-7][RemoteOptor]: [CMD]Media_Video_Query_LockStatus
03-15 11:42:12.962  3998  8798 V [MYTAG][pool-11-thread-7][RemoteOptor]: [PARAM]null
03-15 11:42:12.962  3998  8798 V [MYTAG][pool-11-thread-2][HttpTransportLayer]: [HTTP SEND GET]
03-15 11:42:12.962  3998  8798 V [MYTAG][pool-11-thread-2][HttpTransportLayer]: 	 url:http://192.168.0.1:80/app/getadasvalue?param=all
03-15 11:42:12.962  3998  8796 W System  : Ignoring header sessionid because its value was null.
03-15 11:42:12.962  3998  8796 I System.out: (HTTPLog)-Static: isSBSettingEnabled false
03-15 11:42:12.963  3998  8796 I System.out: (HTTPLog)-Static: isSBSettingEnabled false
03-15 11:42:12.971  3998  8796 E [MYTAG][pool-11-thread-2]JsonRawRspHanlder: http getResponseCode():404
03-15 11:42:12.971  3998  8798 V [MYTAG][pool-11-thread-2][HttpTransportLayer]: [HTTP RSP]
03-15 11:42:12.971  3998  8798 V [MYTAG][pool-11-thread-2][HttpTransportLayer]: 	 errcode:4114
03-15 11:42:12.971  3998  8798 V [MYTAG][pool-11-thread-2][HttpTransportLayer]: 	[content]
03-15 11:42:12.971  3998  8798 V [MYTAG][pool-11-thread-2][HttpTransportLayer]: -----------------------------------------
03-15 11:42:12.972  3998  8798 V [MYTAG][pool-11-thread-2][setting_loading]: runnable  is end.
03-15 11:42:12.972  3998  8798 V [MYTAG][pool-11-thread-7][HttpTransportLayer]: [HTTP SEND GET]
03-15 11:42:12.972  3998  8798 V [MYTAG][pool-11-thread-7][HttpTransportLayer]: 	 url:http://192.168.0.1:80/app/getlockvideostatus
03-15 11:42:12.972  3998  8872 W System  : Ignoring header sessionid because its value was null.
03-15 11:42:12.972  3998  8872 I System.out: (HTTPLog)-Static: isSBSettingEnabled false
03-15 11:42:12.972  3998  8872 I System.out: (HTTPLog)-Static: isSBSettingEnabled false
03-15 11:42:12.981  3998  8872 E [MYTAG][pool-11-thread-7]JsonRawRspHanlder: http getResponseCode():404
03-15 11:42:12.982  3998  8798 V [MYTAG][pool-11-thread-7][HttpTransportLayer]: [HTTP RSP]
03-15 11:42:12.982  3998  8798 V [MYTAG][pool-11-thread-7][HttpTransportLayer]: 	 errcode:4114
03-15 11:42:12.982  3998  8798 V [MYTAG][pool-11-thread-7][HttpTransportLayer]: 	[content]
03-15 11:42:12.982  3998  8798 V [MYTAG][pool-11-thread-7][HttpTransportLayer]: -----------------------------------------
03-15 11:42:12.997  3998  8798 V [MYTAG][pool-11-thread-7][Device]: 666 dev is connected:true
03-15 11:42:13.002  3998  8798 V [MYTAG][pool-11-thread-7][Device]: 666 dev is connected:true
03-15 11:42:13.002  3998  8872 E [MYTAG][pool-11-thread-7]ErrCodeStr: sgk_dvr_de_de.xml
03-15 11:42:13.003  3998  8798 V [MYTAG][pool-11-thread-7][VTask-runnable]: runnable  is end.
03-15 11:42:13.003  3998  8798 V [MYTAG][main][VTask-runnable]: runnable  is start.
03-15 11:42:13.006  3998  8798 V [MYTAG][main][Device]: 666 dev is connected:true
03-15 11:42:13.014  3998  3998 W ProxyAndroidLoggerBackend: Too many Flogger logs received before configuration. Dropping old logs.
03-15 11:42:13.028  3998  3998 I chatty  : uid=10291(com.vidure.app) identical 6 lines
03-15 11:42:13.028  3998  3998 W ProxyAndroidLoggerBackend: Too many Flogger logs received before configuration. Dropping old logs.
03-15 11:42:13.034  3998  8993 W ProxyAndroidLoggerBackend: Too many Flogger logs received before configuration. Dropping old logs.
03-15 11:42:13.036  3998  8993 I chatty  : uid=10291(com.vidure.app) identical 5 lines
03-15 11:42:13.037  3998  8993 W ProxyAndroidLoggerBackend: Too many Flogger logs received before configuration. Dropping old logs.
03-15 11:42:13.037  3998  3998 W ProxyAndroidLoggerBackend: Too many Flogger logs received before configuration. Dropping old logs.
03-15 11:42:13.037  3998  8993 W ProxyAndroidLoggerBackend: Too many Flogger logs received before configuration. Dropping old logs.
03-15 11:42:13.038  3998  8993 I chatty  : uid=10291(com.vidure.app) identical 1 line
03-15 11:42:13.040  3998  8993 W ProxyAndroidLoggerBackend: Too many Flogger logs received before configuration. Dropping old logs.
03-15 11:42:13.041  3998  8991 W ProxyAndroidLoggerBackend: Too many Flogger logs received before configuration. Dropping old logs.
03-15 11:42:13.042  3998  8991 I chatty  : uid=10291(com.vidure.app) identical 1 line
03-15 11:42:13.043  3998  8991 W ProxyAndroidLoggerBackend: Too many Flogger logs received before configuration. Dropping old logs.
03-15 11:42:13.043  3998  8992 W ProxyAndroidLoggerBackend: Too many Flogger logs received before configuration. Dropping old logs.
03-15 11:42:13.044  3998  8992 I chatty  : uid=10291(com.vidure.app) identical 1 line
03-15 11:42:13.045  3998  8992 W ProxyAndroidLoggerBackend: Too many Flogger logs received before configuration. Dropping old logs.
03-15 11:42:13.046  3998  8991 W ProxyAndroidLoggerBackend: Too many Flogger logs received before configuration. Dropping old logs.
03-15 11:42:13.046  3998  9028 W ProxyAndroidLoggerBackend: Too many Flogger logs received before configuration. Dropping old logs.
03-15 11:42:13.046  3998  8991 W ProxyAndroidLoggerBackend: Too many Flogger logs received before configuration. Dropping old logs.
03-15 11:42:13.048  3998  8992 W ProxyAndroidLoggerBackend: Too many Flogger logs received before configuration. Dropping old logs.
03-15 11:42:13.049  3998  8798 V [MYTAG][main][Device]: 666 dev is connected:true
03-15 11:42:13.049  3998  8798 V [MYTAG][main][Device]: 666 dev is connected:true
03-15 11:42:13.050  3998  8914 I System.out: (HTTPLog)-Static: isSBSettingEnabled false
03-15 11:42:13.050  3998  8914 I System.out: (HTTPLog)-Static: isSBSettingEnabled false
03-15 11:42:13.051  3998  8993 W ProxyAndroidLoggerBackend: Too many Flogger logs received before configuration. Dropping old logs.
03-15 11:42:13.074  3998  8798 D [MYTAG][main][DefaultDialog]: dismiss dialogId:general_waiting_dlg
03-15 11:42:13.074  3998  8791 D OpenGLRenderer: makeCurrent EglSurface : 0x7b8325a880 -> 0x0
03-15 11:42:13.075  3998  3998 D ViewRootImpl@5b147a7[MainActivity]: dispatchDetachedFromWindow
03-15 11:42:13.079  3998  3998 D InputTransport: Input channel destroyed: '9ada3f6', fd=94
03-15 11:42:13.079  3998  8798 V [MYTAG][main][VTask-runnable]: runnable  is end.
03-15 11:42:13.083  3998  8791 D OpenGLRenderer: makeCurrent EglSurface : 0x0 -> 0x7bf9d02d00
03-15 11:42:13.087  3998  8798 D [MYTAG][main][GoogleMapAdapter]: onPause
03-15 11:42:13.087  3998  8798 V [MYTAG][main][MainActivity]: MainActivity onPause...
03-15 11:42:13.087  3998  8798 V [MYTAG][main][CameraTabFragment]: CameraTabFragment onPause...
03-15 11:42:13.087  3998  8798 V [MYTAG][main][AlbumTabFragment]: AlbumTabFragment onPause...
03-15 11:42:13.088  3998  8798 V [MYTAG][main][AiEditorTabFragment]: AiEditorTabFragment onPause...
03-15 11:42:13.088  3998  8798 V [MYTAG][main][VMeTabFragment]: VMeTabFragment onPause...
03-15 11:42:13.096  3998  8991 W ProxyAndroidLoggerBackend: Too many Flogger logs received before configuration. Dropping old logs.
03-15 11:42:13.097  3998  8993 W ProxyAndroidLoggerBackend: Too many Flogger logs received before configuration. Dropping old logs.
03-15 11:42:13.098  3998  8991 W ProxyAndroidLoggerBackend: Too many Flogger logs received before configuration. Dropping old logs.
03-15 11:42:13.098  3998  8992 W ProxyAndroidLoggerBackend: Too many Flogger logs received before configuration. Dropping old logs.
03-15 11:42:13.099  3998  8992 I chatty  : uid=10291(com.vidure.app) identical 1 line
03-15 11:42:13.100  3998  8992 W ProxyAndroidLoggerBackend: Too many Flogger logs received before configuration. Dropping old logs.
03-15 11:42:13.101  3998  8993 W ProxyAndroidLoggerBackend: Too many Flogger logs received before configuration. Dropping old logs.
03-15 11:42:13.104  3998  8991 W ProxyAndroidLoggerBackend: Too many Flogger logs received before configuration. Dropping old logs.
03-15 11:42:13.195  3998  3998 W ActivityThread: handleWindowVisibility: no activity for token android.os.BinderProxy@665bfa0
03-15 11:42:13.200  3998  8798 V [MYTAG][main][LanguageUtils]:  curLocale = de_DE, newLocale  = de_DE
03-15 11:42:13.203  3998  8798 V [MYTAG][main][CameraPreviewActivity]: CameraPreviewActivity onCreate...
03-15 11:42:13.205  3998  3998 D PhoneWindow: forceLight changed to true [] from com.android.internal.policy.PhoneWindow.updateForceLightNavigationBar:4268 com.android.internal.policy.DecorView.updateColorViews:1513 com.android.internal.policy.PhoneWindow.dispatchWindowAttributesChanged:3246 android.view.Window.setFlags:1148 com.android.internal.policy.PhoneWindow.generateLayout:2474 
03-15 11:42:13.206  3998  3998 D PhoneWindow: forceLight changed to false [] from com.android.internal.policy.PhoneWindow.updateForceLightNavigationBar:4274 com.android.internal.policy.DecorView.updateColorViews:1513 com.android.internal.policy.PhoneWindow.dispatchWindowAttributesChanged:3246 android.view.Window.setFlags:1148 com.android.internal.policy.PhoneWindow.generateLayout:2620 
03-15 11:42:13.206  3998  3998 I MultiWindowDecorSupport: updateCaptionType >> DecorView@7475ccd[], isFloating: false, isApplication: true, hasWindowDecorCaption: false, hasWindowControllerCallback: true
03-15 11:42:13.206  3998  3998 D MultiWindowDecorSupport: setCaptionType = 0, DecorView = DecorView@7475ccd[]
03-15 11:42:13.281  3998  8798 V [MYTAG][main][SystemUtils]: map： has gms ok.
03-15 11:42:13.282  3998  8798 V [MYTAG][main][SystemUtils]: map： has gms ok.
03-15 11:42:13.282  3998  3998 D a       : preferredRenderer: null
03-15 11:42:13.306  3998  3998 D a       : preferredRenderer: null
03-15 11:42:13.306  3998  3998 D s       : preferredRenderer: null
03-15 11:42:13.308  3998  3998 I Google Android Maps SDK: Google Play services package version: 260931013
03-15 11:42:13.308  3998  3998 I Google Android Maps SDK: Google Play services maps renderer version(maps_core): 254515602
03-15 11:42:13.318  3998  3998 W ProxyAndroidLoggerBackend: Too many Flogger logs received before configuration. Dropping old logs.
03-15 11:42:13.321  3998  3998 W ProxyAndroidLoggerBackend: Too many Flogger logs received before configuration. Dropping old logs.
03-15 11:42:13.323  3998  3998 W ProxyAndroidLoggerBackend: Too many Flogger logs received before configuration. Dropping old logs.
03-15 11:42:13.324  3998  3998 W ProxyAndroidLoggerBackend: Too many Flogger logs received before configuration. Dropping old logs.
03-15 11:42:13.331  3998  3998 W ProxyAndroidLoggerBackend: Too many Flogger logs received before configuration. Dropping old logs.
03-15 11:42:13.334  3998  3998 W ProxyAndroidLoggerBackend: Too many Flogger logs received before configuration. Dropping old logs.
03-15 11:42:13.334  3998  3998 W ProxyAndroidLoggerBackend: Too many Flogger logs received before configuration. Dropping old logs.
03-15 11:42:13.336  3998  3998 W ProxyAndroidLoggerBackend: Too many Flogger logs received before configuration. Dropping old logs.
03-15 11:42:13.344  3998  8992 W ProxyAndroidLoggerBackend: Too many Flogger logs received before configuration. Dropping old logs.
03-15 11:42:13.345  3998  8992 W ProxyAndroidLoggerBackend: Too many Flogger logs received before configuration. Dropping old logs.
03-15 11:42:13.345  3998  8993 W ProxyAndroidLoggerBackend: Too many Flogger logs received before configuration. Dropping old logs.
03-15 11:42:13.347  3998  8993 I chatty  : uid=10291(com.vidure.app) identical 2 lines
03-15 11:42:13.348  3998  8993 W ProxyAndroidLoggerBackend: Too many Flogger logs received before configuration. Dropping old logs.
03-15 11:42:13.349  3998  8992 W ProxyAndroidLoggerBackend: Too many Flogger logs received before configuration. Dropping old logs.
03-15 11:42:13.350  3998  8991 W ProxyAndroidLoggerBackend: Too many Flogger logs received before configuration. Dropping old logs.
03-15 11:42:13.351  3998  8991 W ProxyAndroidLoggerBackend: Too many Flogger logs received before configuration. Dropping old logs.
03-15 11:42:13.353  3998  3998 W ProxyAndroidLoggerBackend: Too many Flogger logs received before configuration. Dropping old logs.
03-15 11:42:13.354  3998  8991 W ProxyAndroidLoggerBackend: Too many Flogger logs received before configuration. Dropping old logs.
03-15 11:42:13.356  3998  8991 W ProxyAndroidLoggerBackend: Too many Flogger logs received before configuration. Dropping old logs.
03-15 11:42:13.357  3998  8993 W ProxyAndroidLoggerBackend: Too many Flogger logs received before configuration. Dropping old logs.
03-15 11:42:13.359  3998  8991 W ProxyAndroidLoggerBackend: Too many Flogger logs received before configuration. Dropping old logs.
03-15 11:42:13.361  3998  8798 D [MYTAG][main][GoogleMapAdapter]: onPause
03-15 11:42:13.361  3998  8991 W ProxyAndroidLoggerBackend: Too many Flogger logs received before configuration. Dropping old logs.
03-15 11:42:13.362  3998  8991 W ProxyAndroidLoggerBackend: Too many Flogger logs received before configuration. Dropping old logs.
03-15 11:42:13.364  3998  8991 W ProxyAndroidLoggerBackend: Too many Flogger logs received before configuration. Dropping old logs.
03-15 11:42:13.366  3998  8992 W ProxyAndroidLoggerBackend: Too many Flogger logs received before configuration. Dropping old logs.
03-15 11:42:13.370  3998  8993 W ProxyAndroidLoggerBackend: Too many Flogger logs received before configuration. Dropping old logs.
03-15 11:42:13.374  3998  8798 V [MYTAG][main][OemUtils]: isSupportPreviewArFromApp is:false
03-15 11:42:13.387  3998  8798 V [MYTAG][main][AbsPlayerLib]: player set hw decode is :false
03-15 11:42:13.388  3998  8798 V [MYTAG][main][SocUtils]: isLargeBufferPreview: false
03-15 11:42:13.388  3998  8798 V [MYTAG][main][SocUtils]: isMaxLargeBufferPreview: false
03-15 11:42:13.388  3998  8798 V [MYTAG][main][OemUtils]: isSupportPreviewArFromApp is:false
03-15 11:42:13.389  3998  8798 V [MYTAG][main][DeviceParamInfo]: get exist CamCount = 1
03-15 11:42:13.390  3998  8798 V [MYTAG][main][DeviceParamInfo]: get exist CamCount = 1
03-15 11:42:13.390  3998  8798 V [MYTAG][main][AbsPlayerLib]: 240872173:update surfaceParentWidth:2560
03-15 11:42:13.390  3998  8798 V [MYTAG][main][AbsPlayerLib]: update surfaceParentHeight:1600
03-15 11:42:13.397  3998  8798 V [MYTAG][main][CameraPreviewActivity]: CameraPreviewActivity onStart...
03-15 11:42:13.397  3998  8798 D [MYTAG][main][GoogleMapAdapter]: onStart
03-15 11:42:13.398  3998  8798 V [MYTAG][main][CameraPreviewActivity]: CameraPreviewActivity onResume...
03-15 11:42:13.399  3998  8798 V [MYTAG][main][Device]: 666 dev is connected:true
03-15 11:42:13.399  3998  8798 V [MYTAG][main][Device]: 666 dev is connected:true
03-15 11:42:13.399  3998  8798 D [MYTAG][main][ExitApp]: activityList size=2, add activity=CameraPreviewActivity
03-15 11:42:13.400  3998  9054 V NuMediaExtractor: NuMediaExtractor constructor
03-15 11:42:13.400  3998  9054 V NuMediaExtractor: setDataSource fd=117 (/data/app/com.vidure.app-tezm1pBtAaObrbFq7uqRbA==/base.apk), offset=104174648, length=6438
03-15 11:42:13.400  3998  9054 V MediaExtractorFactory: MediaExtractorFactory::Create (null)
03-15 11:42:13.400  3998  9054 V MediaExtractorFactory: get service manager
03-15 11:42:13.401  3998  3998 D Dialog  : mIsSamsungBasicInteraction = false
03-15 11:42:13.401  3998  3998 D Dialog  : mIsSamsungBasicInteraction = false, isMetaDataInActivity = false
03-15 11:42:13.405  3998  8735 I com.vidure.app: Compiler allocated 5208KB to compile com.google.maps.api.android.lib6.impl.cg com.google.maps.api.android.lib6.impl.cg.aY(com.google.android.gms.maps.GoogleMapOptions, com.google.maps.api.android.lib6.impl.bc, com.google.maps.api.android.lib6.impl.m)
03-15 11:42:13.406  3998  3998 I MultiWindowDecorSupport: updateCaptionType >> DecorView@f18c100[], isFloating: true, isApplication: true, hasWindowDecorCaption: false, hasWindowControllerCallback: false
03-15 11:42:13.406  3998  3998 D MultiWindowDecorSupport: setCaptionType = 0, DecorView = DecorView@f18c100[]
03-15 11:42:13.411  3998  8798 D [MYTAG][main][DefaultDialog]: show dialogId:general_waiting_dlg CameraPreviewActivity
03-15 11:42:13.414  3998  3998 D ViewRootImpl@499b5c4[CameraPreviewActivity]: setView = com.android.internal.policy.DecorView@f18c100 TM=true MM=false
03-15 11:42:13.415  3998  8873 W System  : Ignoring header sessionid because its value was null.
03-15 11:42:13.415  3998  8798 V [MYTAG][main][DeviceParamInfo]: get exist CamCount = 1
03-15 11:42:13.415  3998  8798 V [MYTAG][pool-11-thread-8][VTask-runnable]: runnable  is start.
03-15 11:42:13.415  3998  8873 I System.out: (HTTPLog)-Static: isSBSettingEnabled false
03-15 11:42:13.415  3998  8798 V [MYTAG][pool-11-thread-8][RemoteOptor]: ----
03-15 11:42:13.415  3998  8798 V [MYTAG][pool-11-thread-8][RemoteOptor]: [CMD]Basic_Auth_Logon
03-15 11:42:13.415  3998  8798 V [MYTAG][pool-11-thread-8][RemoteOptor]: [PARAM]null
03-15 11:42:13.415  3998  8798 V [MYTAG][pool-11-thread-8][HttpTransportLayer]: [HTTP SEND GET]
03-15 11:42:13.415  3998  8798 V [MYTAG][pool-11-thread-8][HttpTransportLayer]: 	 url:http://192.168.0.1:80/app/enterrecorder
03-15 11:42:13.415  3998  8873 I System.out: (HTTPLog)-Static: isSBSettingEnabled false
03-15 11:42:13.417  3998  8798 D [MYTAG][main][GoogleMapAdapter]: onResume
03-15 11:42:13.420  3998  3998 D ViewRootImpl@aea15c7[CameraPreviewActivity]: setView = com.android.internal.policy.DecorView@7475ccd TM=true MM=false
03-15 11:42:13.421  3998  3998 D ViewRootImpl@4e7c75e[MainActivity]: MSG_RESIZED: frame=(0,0,1600,2560) ci=(0,54,0,108) vi=(0,54,0,108) or=2
03-15 11:42:13.424  3998  8791 D OpenGLRenderer: makeCurrent EglSurface : 0x7bf9d02d00 -> 0x0
03-15 11:42:13.436  3998  3998 D ViewRootImpl@4e7c75e[MainActivity]: Relayout returned: old=(0,0,1600,2560) new=(0,0,1600,2560) req=(1600,2560)8 dur=4 res=0x5 s={false 0} ch=true
03-15 11:42:13.443  3998  8873 E [MYTAG][pool-11-thread-8]JsonRawRspHanlder: http getResponseCode():404
03-15 11:42:13.443  3998  8798 V [MYTAG][pool-11-thread-8][HttpTransportLayer]: [HTTP RSP]
03-15 11:42:13.443  3998  8798 V [MYTAG][pool-11-thread-8][HttpTransportLayer]: 	 errcode:4114
03-15 11:42:13.443  3998  8798 V [MYTAG][pool-11-thread-8][HttpTransportLayer]: 	[content]
03-15 11:42:13.443  3998  8798 V [MYTAG][pool-11-thread-8][HttpTransportLayer]: -----------------------------------------
03-15 11:42:13.443  3998  8798 V [MYTAG][pool-11-thread-8][CameraPreviewActivity]: start preview first.
03-15 11:42:13.444  3998  8798 V [MYTAG][pool-11-thread-8][RemoteOptor]: ----
03-15 11:42:13.444  3998  8798 V [MYTAG][pool-11-thread-8][RemoteOptor]: [CMD]Media_Start_Live
03-15 11:42:13.444  3998  8798 V [MYTAG][pool-11-thread-8][RemoteOptor]: [PARAM]1
03-15 11:42:13.444  3998  8798 V [MYTAG][pool-11-thread-8][c]: toPlayLiveSync...
03-15 11:42:13.468  3998  3998 D ViewRootImpl@499b5c4[CameraPreviewActivity]: Relayout returned: old=(0,54,2560,1492) new=(1165,658,1395,888) req=(230,230)0 dur=31 res=0x7 s={true 530554814464} ch=true
03-15 11:42:13.468  3998  8791 D OpenGLRenderer: createReliableSurface : 0x7bf30b0440(0x7b87880000)
03-15 11:42:13.468  3998  9057 D CCodec  : allocate(c2.android.aac.decoder)
03-15 11:42:13.471  3998  9057 I Codec2Client: Available Codec2 services: "default" "software"
03-15 11:42:13.471  3998  9057 I Codec2Client: Creating a Codec2 client to service "default"
03-15 11:42:13.471  3998  3998 E DecorView: mWindow.mActivityCurrentConfig is null
03-15 11:42:13.472  3998  9057 I Codec2Client: Client to Codec2 service "default" created
03-15 11:42:13.473  3998  8791 D OpenGLRenderer: makeCurrent EglSurface : 0x0 -> 0x7b6a3e3700
03-15 11:42:13.473  3998  9057 I CCodec  : setting up 'default' as default (vendor) store
03-15 11:42:13.473  3998  9057 I Codec2Client: Creating a Codec2 client to service "default"
03-15 11:42:13.474  3998  9057 I Codec2Client: Client to Codec2 service "default" created
03-15 11:42:13.475  3998  9057 E Codec2Client: createComponent(c2.android.aac.decoder) -- call failed: NOT_FOUND.
03-15 11:42:13.475  3998  9057 I Codec2Client: Creating a Codec2 client to service "software"
03-15 11:42:13.476  3998  9057 I Codec2Client: Client to Codec2 service "software" created
03-15 11:42:13.476  3998  3998 D SurfaceView: onWindowVisibilityChanged(0) false android.view.SurfaceView{5684763 G.E...... ......I. 0,0-0,0 #7f0905f7 app:id/surface_view} of ViewRootImpl@aea15c7[CameraPreviewActivity]
03-15 11:42:13.477  3998  3998 D SurfaceView: onWindowVisibilityChanged(0) false android.opengl.GLSurfaceView{cb8bf60 G.E...... ......I. 0,0-0,0 #7f090275 app:id/gl_surface_view} of ViewRootImpl@aea15c7[CameraPreviewActivity]
03-15 11:42:13.477  3998  3998 D SurfaceView: onWindowVisibilityChanged(0) true com.vidure.libs.video.mc.ai.VideoGLSurfaceView{938ec19 V.E...... ......I. 0,0-0,0 #7f09062f app:id/texture_surface_view} of ViewRootImpl@aea15c7[CameraPreviewActivity]
03-15 11:42:13.482  3998  9057 I CCodec  : Created component [c2.android.aac.decoder]
03-15 11:42:13.482  3998  9057 D CCodecConfig: read media type: audio/mp4a-latm
03-15 11:42:13.485  3998  9057 D ReflectedParamUpdater: extent() != 1 for single value type: algo.buffers.max-count.values
03-15 11:42:13.485  3998  9057 D ReflectedParamUpdater: extent() != 1 for single value type: output.subscribed-indices.values
03-15 11:42:13.485  3998  9057 D ReflectedParamUpdater: extent() != 1 for single value type: input.buffers.allocator-ids.values
03-15 11:42:13.485  3998  9057 D ReflectedParamUpdater: extent() != 1 for single value type: output.buffers.allocator-ids.values
03-15 11:42:13.485  3998  9057 D ReflectedParamUpdater: extent() != 1 for single value type: algo.buffers.allocator-ids.values
03-15 11:42:13.486  3998  9057 D ReflectedParamUpdater: extent() != 1 for single value type: output.buffers.pool-ids.values
03-15 11:42:13.486  3998  9057 D ReflectedParamUpdater: extent() != 1 for single value type: algo.buffers.pool-ids.values
03-15 11:42:13.489  3998  3998 D ViewRootImpl@aea15c7[CameraPreviewActivity]: Relayout returned: old=(0,0,2560,1600) new=(0,0,2560,1600) req=(2560,1600)0 dur=7 res=0x7 s={true 530555506688} ch=true
03-15 11:42:13.489  3998  9057 I CCodecConfig: query failed after returning 16 values (BAD_INDEX)
03-15 11:42:13.489  3998  9057 D CCodecConfig: c2 config is Dict {
03-15 11:42:13.489  3998  9057 D CCodecConfig:   c2::u32 coded.aac-packaging.value = 0
03-15 11:42:13.489  3998  9057 D CCodecConfig:   c2::u32 coded.bitrate.value = 64000
03-15 11:42:13.489  3998  9057 D CCodecConfig:   c2::u32 coded.pl.level = 0
03-15 11:42:13.489  3998  9057 D CCodecConfig:   c2::u32 coded.pl.profile = 8192
03-15 11:42:13.489  3998  9057 D CCodecConfig:   c2::float coding.drc.attenuation-factor.value = 1
03-15 11:42:13.489  3998  9057 D CCodecConfig:   c2::float coding.drc.boost-factor.value = 1
03-15 11:42:13.489  3998  9057 D CCodecConfig:   c2::i32 coding.drc.compression-mode.value = 3
03-15 11:42:13.489  3998  9057 D CCodecConfig:   c2::i32 coding.drc.effect-type.value = 3
03-15 11:42:13.489  3998  9057 D CCodecConfig:   c2::float coding.drc.encoded-level.value = 0.25
03-15 11:42:13.489  3998  9057 D CCodecConfig:   c2::float coding.drc.reference-level.value = -16
03-15 11:42:13.489  3998  9057 D CCodecConfig:   c2::u32 input.buffers.max-size.value = 8192
03-15 11:42:13.489  3998  9057 D CCodecConfig:   c2::u32 input.delay.value = 0
03-15 11:42:13.489  3998  9057 D CCodecConfig:   string input.media-type.value = "audio/mp4a-latm"
03-15 11:42:13.489  3998  9057 D CCodecConfig:   c2::u32 output.delay.value = 2
03-15 11:42:13.489  3998  9057 D CCodecConfig:   string output.media-type.value = "audio/raw"
03-15 11:42:13.489  3998  9057 D CCodecConfig:   c2::u32 raw.channel-count.value = 1
03-15 11:42:13.489  3998  9057 D CCodecConfig:   c2::u32 raw.sample-rate.value = 44100
03-15 11:42:13.489  3998  9057 D CCodecConfig: }
03-15 11:42:13.489  3998  8791 D OpenGLRenderer: createReliableSurface : 0x7bf30b0300(0x7b87929000)
03-15 11:42:13.490  3998  9057 D CCodecConfig: no c2 equivalents for durationUs
03-15 11:42:13.490  3998  9057 D CCodecConfig: no c2 equivalents for isDMCMMExtractor
03-15 11:42:13.490  3998  9057 D CCodecConfig: no c2 equivalents for track-fourcc
03-15 11:42:13.490  3998  9057 D CCodecConfig: no c2 equivalents for bits-per-sample
03-15 11:42:13.490  3998  9057 D CCodecConfig: no c2 equivalents for track-id
03-15 11:42:13.490  3998  9057 D CCodecConfig: no c2 equivalents for language
03-15 11:42:13.490  3998  9057 D CCodecConfig: no c2 equivalents for encoder-delay
03-15 11:42:13.490  3998  9057 D CCodecConfig: no c2 equivalents for encoder-padding
03-15 11:42:13.490  3998  9057 D CCodecConfig: no c2 equivalents for aac-profile
03-15 11:42:13.490  3998  8798 V [MYTAG][main][DadaTplViewLayout]: 162368991 onSizeChanged: width:2560,height:1600,timeSynchronizer:null
03-15 11:42:13.490  3998  9057 D CCodecConfig: config failed => CORRUPTED
03-15 11:42:13.491  3998  9057 W Codec2Client: query -- param skipped: index = 1107298332.
03-15 11:42:13.491  3998  9057 D CCodec  : setup formats input: AMessage(what = 0x00000000) = {
03-15 11:42:13.491  3998  9057 D CCodec  :   int32_t channel-count = 1
03-15 11:42:13.491  3998  9057 D CCodec  :   int32_t level = 0
03-15 11:42:13.491  3998  9057 D CCodec  :   int32_t max-input-size = 1572864
03-15 11:42:13.491  3998  9057 D CCodec  :   string mime = "audio/mp4a-latm"
03-15 11:42:13.491  3998  9057 D CCodec  :   int32_t profile = 2
03-15 11:42:13.491  3998  9057 D CCodec  :   int32_t sample-rate = 44100
03-15 11:42:13.491  3998  9057 D CCodec  :   int64_t durationUs = 348299
03-15 11:42:13.491  3998  9057 D CCodec  : } and output: AMessage(what = 0x00000000) = {
03-15 11:42:13.491  3998  9057 D CCodec  :   int32_t channel-count = 1
03-15 11:42:13.491  3998  9057 D CCodec  :   string mime = "audio/raw"
03-15 11:42:13.491  3998  9057 D CCodec  :   int32_t sample-rate = 44100
03-15 11:42:13.491  3998  9057 D CCodec  :   int32_t encoder-delay = 1717
03-15 11:42:13.491  3998  9057 D CCodec  :   int32_t encoder-padding = 919
03-15 11:42:13.491  3998  9057 D CCodec  : }
03-15 11:42:13.492  3998  9057 W Codec2Client: query -- param skipped: index = 1342179345.
03-15 11:42:13.492  3998  9057 W Codec2Client: query -- param skipped: index = 2415921170.
03-15 11:42:13.492  3998  9057 W Codec2Client: query -- param skipped: index = 1610614798.
03-15 11:42:13.494  3998  9057 D CCodecBufferChannel: [c2.android.aac.decoder#200] Created input block pool with allocatorID 16 => poolID 17 - OK (0)
03-15 11:42:13.495  3998  3998 D SurfaceView: surfaceCreated 1 #8 com.vidure.libs.video.mc.ai.VideoGLSurfaceView{938ec19 V.E...... ......ID 0,0-2560,1600 #7f09062f app:id/texture_surface_view}
03-15 11:42:13.496  3998  3998 D SurfaceView: surfaceChanged (2560,1600) 1 #8 com.vidure.libs.video.mc.ai.VideoGLSurfaceView{938ec19 V.E...... ......ID 0,0-2560,1600 #7f09062f app:id/texture_surface_view}
03-15 11:42:13.496  3998  9057 I CCodecBufferChannel: [c2.android.aac.decoder#200] Created output block pool with allocatorID 16 => poolID 22 - OK
03-15 11:42:13.496  3998  9057 D CCodecBufferChannel: [c2.android.aac.decoder#200] Configured output block pool ids 22 => OK
03-15 11:42:13.498  3998  9057 E C2AllocatorIon: >>>SEC mapUsage Mapper1 2000000
03-15 11:42:13.498  3998  9057 E ion     : ioctl c0044901 failed with code -1: Invalid argument
03-15 11:42:13.498  3998  9057 E C2AllocatorIon: >>>SEC C2AllocatorIon::mapUsage ion_is_legacy++++++++
03-15 11:42:13.498  3998  9057 E C2AllocatorIon: >>>SEC mapUsage	0, 2000000
03-15 11:42:13.499  3998  8791 D OpenGLRenderer: makeCurrent EglSurface : 0x7b6a3e3700 -> 0x7bf9ed0c00
03-15 11:42:13.503  3998  8798 D [MYTAG][GLThread 22898][VideoRenderer]: onSurfaceCreated
03-15 11:42:13.507  3998  8798 V [MYTAG][GLThread 22898][IjkPreviewPlayer]: onSurfaceCreated
03-15 11:42:13.507  3998  8798 I [MYTAG][GLThread 22898][VideoRenderer]: onSurfaceChanged，width: 2560, height: 1600
03-15 11:42:13.507  3998  8798 V [MYTAG][GLThread 22898][IjkPreviewPlayer]: [onSurfaceChanged] width:2560,height:1600
03-15 11:42:13.509  3998  9054 V NuMediaExtractor: selectTrack, track[0]: audio/mp4a-latm
03-15 11:42:13.510  3998  3998 E ViewRootImpl: sendUserActionEvent() mView returned.
03-15 11:42:13.511  3998  8798 D [MYTAG][main][GoogleMapAdapter]: onStop
03-15 11:42:13.513  3998  9031 W ProxyAndroidLoggerBackend: Too many Flogger logs received before configuration. Dropping old logs.
03-15 11:42:13.514  3998  3998 D ViewRootImpl@4e7c75e[MainActivity]: stopped(true) old=false
03-15 11:42:13.515  3998  8798 V [MYTAG][main][MainActivity]: MainActivity onStop...
03-15 11:42:13.515  3998  3998 D ConnectivityManager: unregisterNetworkCallback; CallingUid : 10291, CallingPid : 3998
03-15 11:42:13.515  3998  8798 V [MYTAG][main][CameraTabFragment]: CameraTabFragment onStop...
03-15 11:42:13.515  3998  8798 V [MYTAG][main][AlbumTabFragment]: AlbumTabFragment onStop...
03-15 11:42:13.515  3998  8798 V [MYTAG][main][AiEditorTabFragment]: AiEditorTabFragment onStop...
03-15 11:42:13.515  3998  8798 V [MYTAG][main][VMeTabFragment]: VMeTabFragment onStop...
03-15 11:42:13.523  3998  3998 D ViewRootImpl@499b5c4[CameraPreviewActivity]: MSG_WINDOW_FOCUS_CHANGED 1 1
03-15 11:42:13.523  3998  3998 D InputMethodManager: prepareNavigationBarInfo() DecorView@f18c100[CameraPreviewActivity]
03-15 11:42:13.523  3998  3998 D InputMethodManager: getNavigationBarColor() -855310
03-15 11:42:13.524  3998  3998 D InputMethodManager: prepareNavigationBarInfo() DecorView@f18c100[CameraPreviewActivity]
03-15 11:42:13.524  3998  3998 D InputMethodManager: getNavigationBarColor() -855310
03-15 11:42:13.524  3998  3998 V InputMethodManager: Starting input: tba=com.vidure.app ic=null mNaviBarColor -855310 mIsGetNaviBarColorSuccess true , NavVisible : true , NavTrans : false
03-15 11:42:13.524  3998  3998 D InputMethodManager: startInputInner - Id : 0
03-15 11:42:13.525  3998  3998 I InputMethodManager: startInputInner - mService.startInputOrWindowGainedFocus
03-15 11:42:13.527  3998  3998 D InputTransport: Input channel destroyed: 'ClientS', fd=109
03-15 11:42:13.528  3998  3998 D ViewRootImpl@499b5c4[CameraPreviewActivity]: MSG_RESIZED_REPORT: frame=(1165,658,1395,888) ci=(0,0,0,0) vi=(0,0,0,0) or=2
03-15 11:42:13.533  3998  3998 D ViewRootImpl@aea15c7[CameraPreviewActivity]: Relayout returned: old=(0,0,2560,1600) new=(0,0,2560,1600) req=(2560,1600)0 dur=4 res=0x3 s={true 530555506688} ch=false
03-15 11:42:13.538  3998  9062 D CCodecBuffers: [c2.android.aac.decoder#200:1D-Input.Impl[N]] codec released a buffer owned by client (index 2)
03-15 11:42:13.541  3998  8791 D OpenGLRenderer: makeCurrent EglSurface : 0x7bf9ed0c00 -> 0x7b6a3e3700
03-15 11:42:13.545  3998  3998 D ViewRootImpl@aea15c7[CameraPreviewActivity]: MSG_RESIZED_REPORT: frame=(0,0,2560,1600) ci=(0,54,0,108) vi=(0,54,0,108) or=2
03-15 11:42:13.552  3998  3998 D ViewRootImpl@75d9a3e[Toast]: setView = android.widget.TextView@1cdc09f TM=true MM=false
03-15 11:42:13.554  3998  9057 I MediaCodec: Codec shutdown complete
03-15 11:42:13.557  3998  9054 V NuMediaExtractor: NuMediaExtractor destructor
03-15 11:42:13.562  3998  8791 D OpenGLRenderer: makeCurrent EglSurface : 0x7b6a3e3700 -> 0x7bf9ed0c00
03-15 11:42:13.576  3998  3998 D ViewRootImpl@75d9a3e[Toast]: Relayout returned: old=(0,54,2560,1492) new=(978,1197,1582,1312) req=(604,115)0 dur=11 res=0x7 s={true 529065070592} ch=true
03-15 11:42:13.577  3998  8791 D OpenGLRenderer: createReliableSurface : 0x7b781ef700(0x7b2ebc5000)
03-15 11:42:13.583  3998  8791 D OpenGLRenderer: makeCurrent EglSurface : 0x7bf9ed0c00 -> 0x7b6a3e3880
03-15 11:42:13.595  3998  8791 D OpenGLRenderer: makeCurrent EglSurface : 0x7b6a3e3880 -> 0x7bf9ed0c00
03-15 11:42:13.595  3998  3998 D ViewRootImpl@75d9a3e[Toast]: MSG_RESIZED_REPORT: frame=(978,1197,1582,1312) ci=(0,0,0,0) vi=(0,0,0,0) or=2
03-15 11:42:13.601  3998  8791 D OpenGLRenderer: makeCurrent EglSurface : 0x7bf9ed0c00 -> 0x7b6a3e3880
03-15 11:42:13.603  3998  8791 D OpenGLRenderer: makeCurrent EglSurface : 0x7b6a3e3880 -> 0x7bf9ed0c00
03-15 11:42:13.606  3998  9067 D ProfileInstaller: Skipping profile installation for com.vidure.app
03-15 11:42:13.622  3998  8791 D OpenGLRenderer: makeCurrent EglSurface : 0x7bf9ed0c00 -> 0x7b6a3e3700
03-15 11:42:13.632  3998  8791 D OpenGLRenderer: makeCurrent EglSurface : 0x7b6a3e3700 -> 0x7bf9ed0c00
03-15 11:42:13.749  3998  8798 V [MYTAG][pool-25-thread-1][toPlayLive]: runnable  is start.
03-15 11:42:13.749  3998  9058 W System  : Ignoring header sessionid because its value was null.
03-15 11:42:13.749  3998  8798 V [MYTAG][pool-25-thread-1][VidureSDK]: found module: module_camera  SDK isInited: false
03-15 11:42:13.749  3998  9058 I System.out: (HTTPLog)-Static: isSBSettingEnabled false
03-15 11:42:13.749  3998  9058 I System.out: (HTTPLog)-Static: isSBSettingEnabled false
03-15 11:42:13.749  3998  8798 V [MYTAG][pool-25-thread-1][RemoteOptor]: ----
03-15 11:42:13.749  3998  8798 V [MYTAG][pool-25-thread-1][RemoteOptor]: [CMD]Media_Video_GetStreamUrl
03-15 11:42:13.749  3998  8798 V [MYTAG][pool-25-thread-1][RemoteOptor]: [PARAM]null
03-15 11:42:13.750  3998  8798 V [MYTAG][pool-25-thread-1][HttpTransportLayer]: [HTTP SEND GET]
03-15 11:42:13.750  3998  8798 V [MYTAG][pool-25-thread-1][HttpTransportLayer]: 	 url:http://192.168.0.1:80/app/getmediainfo
03-15 11:42:13.766  3998  8791 D OpenGLRenderer: makeCurrent EglSurface : 0x7bf9ed0c00 -> 0x7b6a3e3700
03-15 11:42:13.781  3998  8791 D OpenGLRenderer: makeCurrent EglSurface : 0x7b6a3e3700 -> 0x7bf9ed0c00
03-15 11:42:13.784  3998  8798 V [MYTAG][pool-25-thread-1][HttpTransportLayer]: [HTTP RSP]
03-15 11:42:13.784  3998  8798 V [MYTAG][pool-25-thread-1][HttpTransportLayer]: 	 errcode:0
03-15 11:42:13.784  3998  8798 V [MYTAG][pool-25-thread-1][HttpTransportLayer]: 	[content]{"result":0,"info":{"rtsp":"rtsp://192.168.0.1/live/tcp/ch1","transport":"tcp","port":"6035"}}
03-15 11:42:13.784  3998  8798 V [MYTAG][pool-25-thread-1][HttpTransportLayer]: -----------------------------------------
03-15 11:42:13.784  3998  8798 V [MYTAG][pool-25-thread-1][IjkPreviewPlayer]: setMediaPath:rtsp://192.168.0.1/live/tcp/ch1, tcp:true,isFindStreamInfo:false,isHwDecode:false,isMirrored:false
03-15 11:42:13.784  3998  8798 V [MYTAG][pool-11-thread-14][ijk_preview_playing]: runnable  is start.
03-15 11:42:13.784  3998  8798 V [MYTAG][pool-11-thread-14][IjkPreviewPlayer]: init media player.
03-15 11:42:13.792  3998  8885 D J4A     : J4ALoader: OK: 'android.os.Build$VERSION' loaded
03-15 11:42:13.792  3998  8885 D J4A     : J4ALoader: OK: 'android.os.Build' loaded
03-15 11:42:13.792  3998  8885 D J4A     : J4ALoader: OK: 'java.nio.Buffer' loaded
03-15 11:42:13.792  3998  8885 D J4A     : J4ALoader: OK: 'java.nio.ByteBuffer' loaded
03-15 11:42:13.792  3998  8885 D J4A     : J4ALoader: OK: 'java.util.ArrayList' loaded
03-15 11:42:13.792  3998  8885 I J4A     : API-Level: 29
03-15 11:42:13.792  3998  8885 D J4A     : J4ALoader: OK: 'android.media.AudioTrack' loaded
03-15 11:42:13.792  3998  8885 D J4A     : J4ALoader: OK: 'android.media.MediaCodec$BufferInfo' loaded
03-15 11:42:13.792  3998  8885 D J4A     : J4ALoader: OK: 'android.media.MediaCodec' loaded
03-15 11:42:13.792  3998  8885 D J4A     : J4ALoader: OK: 'android.media.MediaFormat' loaded
03-15 11:42:13.793  3998  8885 D J4A     : J4ALoader: OK: 'android.media.PlaybackParams' loaded
03-15 11:42:13.793  3998  8885 D J4A     : J4ALoader: OK: 'android.os.Bundle' loaded
03-15 11:42:13.793  3998  8885 D J4A     : J4ALoader: OK: 'tv.danmaku.ijk.media.player.misc.IMediaDataSource' loaded
03-15 11:42:13.793  3998  8885 D J4A     : J4ALoader: OK: 'tv.danmaku.ijk.media.player.misc.IAndroidIO' loaded
03-15 11:42:13.793  3998  8885 D J4A     : J4ALoader: OK: 'tv.danmaku.ijk.media.player.IjkMediaPlayer' loaded
03-15 11:42:13.795  3998  8885 D IJKMEDIA: ijkmediaplayer version : c7f2c7e5
03-15 11:42:13.795  3998  8885 D IJKMEDIA: IjkMediaPlayer_native_init
03-15 11:42:13.795  3998  8885 D IJKMEDIA: IjkMediaPlayer_native_setup
03-15 11:42:13.795  3998  8885 I IJKMEDIA: av_version_info: df628bca
03-15 11:42:13.795  3998  8885 I IJKMEDIA: ijk_version_info: c7f2c7e5
03-15 11:42:13.795  3998  8885 D IJKMEDIA: ffpipeline_create_from_android()
03-15 11:42:13.795  3998  8885 D IJKMEDIA: ijkmp_set_inject_opaque(0x4042)
03-15 11:42:13.795  3998  8885 D IJKMEDIA: ijkmp_set_inject_opaque()=void
03-15 11:42:13.795  3998  8885 D IJKMEDIA: ijkmp_set_ijkio_inject_opaque(0x4042)
03-15 11:42:13.796  3998  8885 D IJKMEDIA: ijkmp_set_ijkio_inject_opaque()=void
03-15 11:42:13.796  3998  8885 D IJKMEDIA: ijkmp_android_set_mediacodec_select_callback()
03-15 11:42:13.796  3998  8885 D IJKMEDIA: ffpipeline_set_mediacodec_select_callback
03-15 11:42:13.796  3998  8885 D IJKMEDIA: ijkmp_android_set_mediacodec_select_callback()=void
03-15 11:42:13.796  3998  8885 D IJKMEDIA: IjkMediaPlayer_native_profileBegin
03-15 11:42:13.796  3998  8885 D aprof-fake: fake-monstartup libijkplayer.so
03-15 11:42:13.796  3998  8885 D IJKMEDIA: monstartup: libijkplayer.so
03-15 11:42:13.796  3998  8885 D IJKMEDIA: IjkMediaPlayer_setVideoSurface
03-15 11:42:13.796  3998  8885 D IJKMEDIA: ijkmp_set_android_surface(surface=0x7b71b4ca48)
03-15 11:42:13.796  3998  8885 D IJKMEDIA: ffpipeline_set_surface()
03-15 11:42:13.796  3998  8885 D IJKMEDIA: ijkmp_set_android_surface(surface=0x7b71b4ca48)=void
03-15 11:42:13.796  3998  8885 D IJKMEDIA: IjkMediaPlayer_setVolume
03-15 11:42:13.796  3998  8885 D IJKMEDIA: ijkmp_android_set_volume(0.000000, 0.000000)
03-15 11:42:13.796  3998  8885 D IJKMEDIA: ffpipeline_set_volume
03-15 11:42:13.796  3998  8885 D IJKMEDIA: ijkmp_android_set_volume(0.000000, 0.000000)=void
03-15 11:42:13.796  3998  8885 D IJKMEDIA: IjkMediaPlayer_setOptionLong
03-15 11:42:13.796  3998  8885 I chatty  : uid=10291(com.vidure.app) pool-11-thread- identical 3 lines
03-15 11:42:13.796  3998  8885 D IJKMEDIA: IjkMediaPlayer_setOptionLong
03-15 11:42:13.796  3998  8885 D IJKMEDIA: IjkMediaPlayer_setOption
03-15 11:42:13.796  3998  8885 D IJKMEDIA: IjkMediaPlayer_setOptionLong
03-15 11:42:13.796  3998  8885 I chatty  : uid=10291(com.vidure.app) pool-11-thread- identical 1 line
03-15 11:42:13.796  3998  8885 D IJKMEDIA: IjkMediaPlayer_setOptionLong
03-15 11:42:13.796  3998  8885 D IJKMEDIA: IjkMediaPlayer_setOption
03-15 11:42:13.796  3998  8885 I chatty  : uid=10291(com.vidure.app) pool-11-thread- identical 1 line
03-15 11:42:13.796  3998  8885 D IJKMEDIA: IjkMediaPlayer_setOption
03-15 11:42:13.796  3998  8885 D IJKMEDIA: IjkMediaPlayer_setOptionLong
03-15 11:42:13.797  3998  8885 I chatty  : uid=10291(com.vidure.app) pool-11-thread- identical 8 lines
03-15 11:42:13.797  3998  8885 D IJKMEDIA: IjkMediaPlayer_setOptionLong
03-15 11:42:13.797  3998  8885 D IJKMEDIA: IjkMediaPlayer_setOption
03-15 11:42:13.797  3998  8885 D IJKMEDIA: IjkMediaPlayer_setOption
03-15 11:42:13.797  3998  8885 D IJKMEDIA: IjkMediaPlayer_setOptionLong
03-15 11:42:13.797  3998  8885 I chatty  : uid=10291(com.vidure.app) pool-11-thread- identical 9 lines
03-15 11:42:13.797  3998  8885 D IJKMEDIA: IjkMediaPlayer_setOptionLong
03-15 11:42:13.797  3998  8885 D IJKMEDIA: IjkMediaPlayer_setDataSourceAndHeaders
03-15 11:42:13.797  3998  8885 V IJKMEDIA: setDataSource: path rtsp://192.168.0.1/live/tcp/ch1
03-15 11:42:13.797  3998  8885 D IJKMEDIA: ijkmp_set_data_source(url="rtsp://192.168.0.1/live/tcp/ch1")
03-15 11:42:13.797  3998  8885 D IJKMEDIA: ijkmp_set_data_source(url="rtsp://192.168.0.1/live/tcp/ch1")=0
03-15 11:42:13.797  3998  8885 D IJKMEDIA: IjkMediaPlayer_prepareAsync
03-15 11:42:13.797  3998  8885 D IJKMEDIA: ijkmp_prepare_async()
03-15 11:42:13.797  3998  8885 W IJKMEDIA: remove 'timeout' option for rtmp.
03-15 11:42:13.797  3998  8885 I IJKMEDIA: ===== versions =====
03-15 11:42:13.797  3998  8885 I IJKMEDIA: ijkplayer    : c7f2c7e5
03-15 11:42:13.797  3998  8885 I IJKMEDIA: FFmpeg       : df628bca
03-15 11:42:13.797  3998  8885 I IJKMEDIA: libavutil    : 55.78.100
03-15 11:42:13.797  3998  8885 I IJKMEDIA: libavcodec   : 57.107.100
03-15 11:42:13.797  3998  8885 I IJKMEDIA: libavformat  : 57.83.100
03-15 11:42:13.797  3998  8885 I IJKMEDIA: libswscale   : 4.8.100
03-15 11:42:13.797  3998  8885 I IJKMEDIA: libswresample: 2.9.100
03-15 11:42:13.797  3998  8885 I IJKMEDIA: ===== options =====
03-15 11:42:13.797  3998  8885 I IJKMEDIA: player-opts : mediacodec-hevc              = 0
03-15 11:42:13.797  3998  8885 I IJKMEDIA: player-opts : mediacodec                   = 0
03-15 11:42:13.797  3998  8885 I IJKMEDIA: player-opts : reconnect                    = 5
03-15 11:42:13.797  3998  8885 I IJKMEDIA: player-opts : packet-buffering             = 0
03-15 11:42:13.797  3998  8885 I IJKMEDIA: player-opts : max-buffer-size              = 2097152
03-15 11:42:13.797  3998  8885 I IJKMEDIA: player-opts : protocol_whitelist           = file,udp,tcp,http,rtp
03-15 11:42:13.797  3998  8885 I IJKMEDIA: player-opts : overlay-format               = fcc-_es2
03-15 11:42:13.797  3998  8885 I IJKMEDIA: player-opts : framedrop                    = 60
03-15 11:42:13.797  3998  8885 I IJKMEDIA: player-opts : start-on-prepared            = 1
03-15 11:42:13.797  3998  8885 I IJKMEDIA: player-opts : find_stream_info             = 0
03-15 11:42:13.797  3998  8885 I IJKMEDIA: player-opts : infbuf                       = 1
03-15 11:42:13.797  3998  8885 I IJKMEDIA: player-opts : video-pictq-size             = 12
03-15 11:42:13.797  3998  9074 I IJKMEDIA: SDL_RunThread: [9074] ff_msg_loop
03-15 11:42:13.797  3998  8885 I IJKMEDIA: player-opts : video-pictq-size-min         = 3
