09-14 10:20:57.530  3880  7576 V [MYTAG][mail_tcp_socket][ViiSocketMailDataPhraser]: {"msgid":"battery","info":{"capacity":88,"charge":0},"time":1757845257}
09-14 10:20:57.532  3880  7576 V [MYTAG][mail_tcp_socket][ViiSocketMailDataPhraser]: ------------mail---------------
09-14 10:20:57.532  3880  7576 V [MYTAG][mail_tcp_socket][ViiSocketMailDataPhraser]: {"msgid":"sd","info":{"status":0},"time":1757845257}
09-14 10:20:57.534  3880  7576 V [MYTAG][mail_tcp_socket][RemoteOptor]: ----
09-14 10:20:57.534  3880  7576 V [MYTAG][mail_tcp_socket][RemoteOptor]: [CMD]DEV_SDCARD_STATUS_QUERY
09-14 10:20:57.534  3880  7576 V [MYTAG][mail_tcp_socket][RemoteOptor]: [PARAM]null
09-14 10:20:57.535  3880  8188 W System  : Ignoring header sessionid because its value was null.
09-14 10:20:57.536  3880  8188 I System.out: (HTTPLog)-Static: isSBSettingEnabled false
09-14 10:20:57.536  3880  8188 I System.out: (HTTPLog)-Static: isSBSettingEnabled false
09-14 10:20:57.538  3880  7576 V [MYTAG][mail_tcp_socket][HttpTransportLayer]: [HTTP SEND GET]
09-14 10:20:57.538  3880  7576 V [MYTAG][mail_tcp_socket][HttpTransportLayer]: 	 url:http://192.168.0.1:80/app/getsdinfo
09-14 10:20:57.541  3880  7576 V [MYTAG][main][Device]: 603 dev is connected:true
09-14 10:20:57.572  3880  7576 V [MYTAG][mail_tcp_socket][HttpTransportLayer]: [HTTP RSP]
09-14 10:20:57.572  3880  7576 V [MYTAG][mail_tcp_socket][HttpTransportLayer]: 	 errcode:0
09-14 10:20:57.572  3880  7576 V [MYTAG][mail_tcp_socket][HttpTransportLayer]: 	[content]{"result":0,"info":{"status":0,"free":299,"total":1883}}
09-14 10:20:57.572  3880  7576 V [MYTAG][mail_tcp_socket][HttpTransportLayer]: -----------------------------------------
09-14 10:20:57.621  3880  3880 W ProxyAndroidLoggerBackend: Too many Flogger logs received before configuration. Dropping old logs.
09-14 10:20:57.633  3880  3880 I chatty  : uid=10291(com.vidure.app) identical 6 lines
09-14 10:20:57.636  3880  3880 W ProxyAndroidLoggerBackend: Too many Flogger logs received before configuration. Dropping old logs.
09-14 10:20:57.650  3880  7576 V [MYTAG][main][Device]: 603 dev is connected:true
09-14 10:20:57.653  3880  7576 V [MYTAG][main][CameraPreviewActivity]: rev msg1:264454
09-14 10:20:57.654  3880  7576 V [MYTAG][main][Device]: 603 dev is connected:true
09-14 10:20:57.654  3880  7576 V [MYTAG][main][CameraPreviewActivity]: rev msg1:589832
09-14 10:20:57.750  3880  8189 W System  : Ignoring header sessionid because its value was null.
09-14 10:20:57.750  3880  7576 V [MYTAG][HeartbeatMgr][RemoteOptor]: ----
09-14 10:20:57.750  3880  7576 V [MYTAG][HeartbeatMgr][RemoteOptor]: [CMD]Basic_Msg_MailBox
09-14 10:20:57.750  3880  7576 V [MYTAG][HeartbeatMgr][RemoteOptor]: [PARAM]null
09-14 10:20:57.750  3880  7576 V [MYTAG][HeartbeatMgr][HttpTransportLayer]: [HTTP SEND GET]
09-14 10:20:57.750  3880  7576 V [MYTAG][HeartbeatMgr][HttpTransportLayer]: 	 url:http://192.168.0.1:80/app/getparamvalue?param=rec
09-14 10:20:57.751  3880  8189 I System.out: (HTTPLog)-Static: isSBSettingEnabled false
09-14 10:20:57.751  3880  8189 I System.out: (HTTPLog)-Static: isSBSettingEnabled false
09-14 10:20:57.782  3880  7576 V [MYTAG][HeartbeatMgr][HttpTransportLayer]: [HTTP RSP]
09-14 10:20:57.782  3880  7576 V [MYTAG][HeartbeatMgr][HttpTransportLayer]: 	 errcode:0
09-14 10:20:57.782  3880  7576 V [MYTAG][HeartbeatMgr][HttpTransportLayer]: 	[content]{"result":0,"info":{"value":0}}
09-14 10:20:57.782  3880  7576 V [MYTAG][HeartbeatMgr][HttpTransportLayer]: -----------------------------------------
09-14 10:20:58.838  3880  9939 W ProxyAndroidLoggerBackend: Too many Flogger logs received before configuration. Dropping old logs.
09-14 10:20:58.839  3880  9939 I chatty  : uid=10291(com.vidure.app) identical 3 lines
09-14 10:20:58.839  3880  9939 W ProxyAndroidLoggerBackend: Too many Flogger logs received before configuration. Dropping old logs.
09-14 10:21:00.540  3880  7576 V [MYTAG][mail_tcp_socket][ViiSocketMailDataPhraser]: ------------mail---------------
09-14 10:21:00.540  3880  7576 V [MYTAG][mail_tcp_socket][ViiSocketMailDataPhraser]: {"msgid":"battery","info":{"capacity":88,"charge":0},"time":1757845260}
09-14 10:21:00.543  3880  7576 V [MYTAG][mail_tcp_socket][ViiSocketMailDataPhraser]: ------------mail---------------
09-14 10:21:00.543  3880  7576 V [MYTAG][mail_tcp_socket][ViiSocketMailDataPhraser]: {"msgid":"sd","info":{"status":0},"time":1757845260}
09-14 10:21:00.543  3880  7576 V [MYTAG][mail_tcp_socket][RemoteOptor]: ----
09-14 10:21:00.543  3880  7576 V [MYTAG][mail_tcp_socket][RemoteOptor]: [CMD]DEV_SDCARD_STATUS_QUERY
09-14 10:21:00.543  3880  7576 V [MYTAG][mail_tcp_socket][RemoteOptor]: [PARAM]null
09-14 10:21:00.544  3880  8188 W System  : Ignoring header sessionid because its value was null.
09-14 10:21:00.544  3880  7576 V [MYTAG][mail_tcp_socket][HttpTransportLayer]: [HTTP SEND GET]
09-14 10:21:00.544  3880  7576 V [MYTAG][mail_tcp_socket][HttpTransportLayer]: 	 url:http://192.168.0.1:80/app/getsdinfo
09-14 10:21:00.544  3880  8188 I System.out: (HTTPLog)-Static: isSBSettingEnabled false
09-14 10:21:00.545  3880  8188 I System.out: (HTTPLog)-Static: isSBSettingEnabled false
09-14 10:21:00.552  3880  7576 V [MYTAG][main][Device]: 603 dev is connected:true
09-14 10:21:00.577  3880  7576 V [MYTAG][mail_tcp_socket][HttpTransportLayer]: [HTTP RSP]
09-14 10:21:00.577  3880  7576 V [MYTAG][mail_tcp_socket][HttpTransportLayer]: 	 errcode:0
09-14 10:21:00.577  3880  7576 V [MYTAG][mail_tcp_socket][HttpTransportLayer]: 	[content]{"result":0,"info":{"status":0,"free":299,"total":1883}}
09-14 10:21:00.577  3880  7576 V [MYTAG][mail_tcp_socket][HttpTransportLayer]: -----------------------------------------
09-14 10:21:00.634  3880  3880 W ProxyAndroidLoggerBackend: Too many Flogger logs received before configuration. Dropping old logs.
09-14 10:21:00.650  3880  3880 I chatty  : uid=10291(com.vidure.app) identical 6 lines
09-14 10:21:00.653  3880  3880 W ProxyAndroidLoggerBackend: Too many Flogger logs received before configuration. Dropping old logs.
09-14 10:21:00.664  3880  9830 W ProxyAndroidLoggerBackend: Too many Flogger logs received before configuration. Dropping old logs.
09-14 10:21:00.664  3880  9830 W ProxyAndroidLoggerBackend: Too many Flogger logs received before configuration. Dropping old logs.
09-14 10:21:00.665  3880 10000 W ProxyAndroidLoggerBackend: Too many Flogger logs received before configuration. Dropping old logs.
09-14 10:21:00.668  3880  7576 V [MYTAG][main][Device]: 603 dev is connected:true
09-14 10:21:00.669  3880 10000 W ProxyAndroidLoggerBackend: Too many Flogger logs received before configuration. Dropping old logs.
09-14 10:21:00.671  3880  7576 V [MYTAG][main][CameraPreviewActivity]: rev msg1:264454
09-14 10:21:00.672  3880  7576 V [MYTAG][main][Device]: 603 dev is connected:true
09-14 10:21:00.672  3880  7576 V [MYTAG][main][CameraPreviewActivity]: rev msg1:589832
09-14 10:21:01.751  3880  7576 V [MYTAG][HeartbeatMgr][RemoteOptor]: ----
09-14 10:21:01.751  3880  7576 V [MYTAG][HeartbeatMgr][RemoteOptor]: [CMD]Basic_Msg_MailBox
09-14 10:21:01.751  3880  7576 V [MYTAG][HeartbeatMgr][RemoteOptor]: [PARAM]null
09-14 10:21:01.752  3880  8189 W System  : Ignoring header sessionid because its value was null.
09-14 10:21:01.752  3880  7576 V [MYTAG][HeartbeatMgr][HttpTransportLayer]: [HTTP SEND GET]
09-14 10:21:01.752  3880  7576 V [MYTAG][HeartbeatMgr][HttpTransportLayer]: 	 url:http://192.168.0.1:80/app/getparamvalue?param=rec
09-14 10:21:01.753  3880  8189 I System.out: (HTTPLog)-Static: isSBSettingEnabled false
09-14 10:21:01.753  3880  8189 I System.out: (HTTPLog)-Static: isSBSettingEnabled false
09-14 10:21:01.778  3880  7576 V [MYTAG][HeartbeatMgr][HttpTransportLayer]: [HTTP RSP]
09-14 10:21:01.778  3880  7576 V [MYTAG][HeartbeatMgr][HttpTransportLayer]: 	 errcode:0
09-14 10:21:01.778  3880  7576 V [MYTAG][HeartbeatMgr][HttpTransportLayer]: 	[content]{"result":0,"info":{"value":0}}
09-14 10:21:01.778  3880  7576 V [MYTAG][HeartbeatMgr][HttpTransportLayer]: -----------------------------------------
09-14 10:21:03.550  3880  7576 V [MYTAG][mail_tcp_socket][ViiSocketMailDataPhraser]: ------------mail---------------
09-14 10:21:03.550  3880  7576 V [MYTAG][mail_tcp_socket][ViiSocketMailDataPhraser]: {"msgid":"battery","info":{"capacity":88,"charge":0},"time":1757845263}
09-14 10:21:03.558  3880  7576 V [MYTAG][mail_tcp_socket][ViiSocketMailDataPhraser]: ------------mail---------------
09-14 10:21:03.558  3880  7576 V [MYTAG][mail_tcp_socket][ViiSocketMailDataPhraser]: {"msgid":"sd","info":{"status":0},"time":1757845263}
09-14 10:21:03.559  3880  8188 W System  : Ignoring header sessionid because its value was null.
09-14 10:21:03.560  3880  8188 I System.out: (HTTPLog)-Static: isSBSettingEnabled false
09-14 10:21:03.560  3880  8188 I System.out: (HTTPLog)-Static: isSBSettingEnabled false
09-14 10:21:03.563  3880  7576 V [MYTAG][mail_tcp_socket][RemoteOptor]: ----
09-14 10:21:03.563  3880  7576 V [MYTAG][mail_tcp_socket][RemoteOptor]: [CMD]DEV_SDCARD_STATUS_QUERY
09-14 10:21:03.563  3880  7576 V [MYTAG][mail_tcp_socket][RemoteOptor]: [PARAM]null
09-14 10:21:03.563  3880  7576 V [MYTAG][mail_tcp_socket][HttpTransportLayer]: [HTTP SEND GET]
09-14 10:21:03.563  3880  7576 V [MYTAG][mail_tcp_socket][HttpTransportLayer]: 	 url:http://192.168.0.1:80/app/getsdinfo
09-14 10:21:03.566  3880  7576 V [MYTAG][main][Device]: 603 dev is connected:true
09-14 10:21:03.588  3880  7576 V [MYTAG][mail_tcp_socket][HttpTransportLayer]: [HTTP RSP]
09-14 10:21:03.588  3880  7576 V [MYTAG][mail_tcp_socket][HttpTransportLayer]: 	 errcode:0
09-14 10:21:03.588  3880  7576 V [MYTAG][mail_tcp_socket][HttpTransportLayer]: 	[content]{"result":0,"info":{"status":0,"free":299,"total":1883}}
09-14 10:21:03.588  3880  7576 V [MYTAG][mail_tcp_socket][HttpTransportLayer]: -----------------------------------------
09-14 10:21:03.643  3880  3880 W ProxyAndroidLoggerBackend: Too many Flogger logs received before configuration. Dropping old logs.
09-14 10:21:03.653  3880  3880 I chatty  : uid=10291(com.vidure.app) identical 6 lines
09-14 10:21:03.654  3880  3880 W ProxyAndroidLoggerBackend: Too many Flogger logs received before configuration. Dropping old logs.
09-14 10:21:03.682  3880  7576 V [MYTAG][main][Device]: 603 dev is connected:true
09-14 10:21:03.685  3880  7576 V [MYTAG][main][CameraPreviewActivity]: rev msg1:264454
09-14 10:21:03.686  3880  7576 V [MYTAG][main][Device]: 603 dev is connected:true
09-14 10:21:03.686  3880  7576 V [MYTAG][main][CameraPreviewActivity]: rev msg1:589832
09-14 10:21:05.724  3880  7440 I com.vidure.app: Background concurrent copying GC freed 86529(15MB) AllocSpace objects, 37(2196KB) LOS objects, 24% free, 75MB/99MB, paused 328us total 305.052ms
09-14 10:21:05.751  3880  8189 W System  : Ignoring header sessionid because its value was null.
09-14 10:21:05.751  3880  8189 I System.out: (HTTPLog)-Static: isSBSettingEnabled false
09-14 10:21:05.751  3880  8189 I System.out: (HTTPLog)-Static: isSBSettingEnabled false
09-14 10:21:05.752  3880  7576 V [MYTAG][HeartbeatMgr][RemoteOptor]: ----
09-14 10:21:05.752  3880  7576 V [MYTAG][HeartbeatMgr][RemoteOptor]: [CMD]Basic_Msg_MailBox
09-14 10:21:05.752  3880  7576 V [MYTAG][HeartbeatMgr][RemoteOptor]: [PARAM]null
09-14 10:21:05.753  3880  7576 V [MYTAG][HeartbeatMgr][HttpTransportLayer]: [HTTP SEND GET]
09-14 10:21:05.753  3880  7576 V [MYTAG][HeartbeatMgr][HttpTransportLayer]: 	 url:http://192.168.0.1:80/app/getparamvalue?param=rec
09-14 10:21:05.776  3880  7576 V [MYTAG][HeartbeatMgr][HttpTransportLayer]: [HTTP RSP]
09-14 10:21:05.776  3880  7576 V [MYTAG][HeartbeatMgr][HttpTransportLayer]: 	 errcode:0
09-14 10:21:05.776  3880  7576 V [MYTAG][HeartbeatMgr][HttpTransportLayer]: 	[content]{"result":0,"info":{"value":0}}
09-14 10:21:05.776  3880  7576 V [MYTAG][HeartbeatMgr][HttpTransportLayer]: -----------------------------------------
09-14 10:21:06.561  3880  7576 V [MYTAG][mail_tcp_socket][ViiSocketMailDataPhraser]: ------------mail---------------
09-14 10:21:06.561  3880  7576 V [MYTAG][mail_tcp_socket][ViiSocketMailDataPhraser]: {"msgid":"battery","info":{"capacity":88,"charge":0},"time":1757845266}
09-14 10:21:06.564  3880  8188 W System  : Ignoring header sessionid because its value was null.
09-14 10:21:06.564  3880  8188 I System.out: (HTTPLog)-Static: isSBSettingEnabled false
09-14 10:21:06.565  3880  8188 I System.out: (HTTPLog)-Static: isSBSettingEnabled false
09-14 10:21:06.566  3880  7576 V [MYTAG][mail_tcp_socket][ViiSocketMailDataPhraser]: ------------mail---------------
09-14 10:21:06.566  3880  7576 V [MYTAG][mail_tcp_socket][ViiSocketMailDataPhraser]: {"msgid":"sd","info":{"status":0},"time":1757845266}
09-14 10:21:06.566  3880  7576 V [MYTAG][mail_tcp_socket][RemoteOptor]: ----
09-14 10:21:06.566  3880  7576 V [MYTAG][mail_tcp_socket][RemoteOptor]: [CMD]DEV_SDCARD_STATUS_QUERY
09-14 10:21:06.566  3880  7576 V [MYTAG][mail_tcp_socket][RemoteOptor]: [PARAM]null
09-14 10:21:06.567  3880  7576 V [MYTAG][mail_tcp_socket][HttpTransportLayer]: [HTTP SEND GET]
09-14 10:21:06.567  3880  7576 V [MYTAG][mail_tcp_socket][HttpTransportLayer]: 	 url:http://192.168.0.1:80/app/getsdinfo
09-14 10:21:06.575  3880  7576 V [MYTAG][main][Device]: 603 dev is connected:true
09-14 10:21:06.586  3880  7576 V [MYTAG][mail_tcp_socket][HttpTransportLayer]: [HTTP RSP]
09-14 10:21:06.586  3880  7576 V [MYTAG][mail_tcp_socket][HttpTransportLayer]: 	 errcode:0
09-14 10:21:06.586  3880  7576 V [MYTAG][mail_tcp_socket][HttpTransportLayer]: 	[content]{"result":0,"info":{"status":0,"free":299,"total":1883}}
09-14 10:21:06.586  3880  7576 V [MYTAG][mail_tcp_socket][HttpTransportLayer]: -----------------------------------------
09-14 10:21:06.647  3880  3880 W ProxyAndroidLoggerBackend: Too many Flogger logs received before configuration. Dropping old logs.
09-14 10:21:06.655  3880  3880 I chatty  : uid=10291(com.vidure.app) identical 6 lines
09-14 10:21:06.658  3880  3880 W ProxyAndroidLoggerBackend: Too many Flogger logs received before configuration. Dropping old logs.
09-14 10:21:06.664  3880  9830 W ProxyAndroidLoggerBackend: Too many Flogger logs received before configuration. Dropping old logs.
09-14 10:21:06.670  3880  7576 V [MYTAG][main][Device]: 603 dev is connected:true
09-14 10:21:06.673  3880  7576 V [MYTAG][main][CameraPreviewActivity]: rev msg1:264454
09-14 10:21:06.673  3880  7576 V [MYTAG][main][Device]: 603 dev is connected:true
09-14 10:21:06.674  3880  7576 V [MYTAG][main][CameraPreviewActivity]: rev msg1:589832
09-14 10:21:08.840  3880  9858 W ProxyAndroidLoggerBackend: Too many Flogger logs received before configuration. Dropping old logs.
09-14 10:21:08.841  3880  9858 W ProxyAndroidLoggerBackend: Too many Flogger logs received before configuration. Dropping old logs.
09-14 10:21:08.862  3880  9858 W ProxyAndroidLoggerBackend: Too many Flogger logs received before configuration. Dropping old logs.
09-14 10:21:08.862  3880  9858 W ProxyAndroidLoggerBackend: Too many Flogger logs received before configuration. Dropping old logs.
09-14 10:21:09.574  3880  7576 V [MYTAG][mail_tcp_socket][ViiSocketMailDataPhraser]: ------------mail---------------
09-14 10:21:09.574  3880  7576 V [MYTAG][mail_tcp_socket][ViiSocketMailDataPhraser]: {"msgid":"battery","info":{"capacity":88,"charge":0},"time":1757845269}
09-14 10:21:09.575  3880  7576 V [MYTAG][mail_tcp_socket][ViiSocketMailDataPhraser]: ------------mail---------------
09-14 10:21:09.575  3880  7576 V [MYTAG][mail_tcp_socket][ViiSocketMailDataPhraser]: {"msgid":"sd","info":{"status":0},"time":1757845269}
09-14 10:21:09.576  3880  7576 V [MYTAG][mail_tcp_socket][RemoteOptor]: ----
09-14 10:21:09.576  3880  7576 V [MYTAG][mail_tcp_socket][RemoteOptor]: [CMD]DEV_SDCARD_STATUS_QUERY
09-14 10:21:09.576  3880  7576 V [MYTAG][mail_tcp_socket][RemoteOptor]: [PARAM]null
09-14 10:21:09.576  3880  7576 V [MYTAG][mail_tcp_socket][HttpTransportLayer]: [HTTP SEND GET]
09-14 10:21:09.576  3880  7576 V [MYTAG][mail_tcp_socket][HttpTransportLayer]: 	 url:http://192.168.0.1:80/app/getsdinfo
09-14 10:21:09.576  3880  8188 W System  : Ignoring header sessionid because its value was null.
09-14 10:21:09.577  3880  8188 I System.out: (HTTPLog)-Static: isSBSettingEnabled false
09-14 10:21:09.577  3880  8188 I System.out: (HTTPLog)-Static: isSBSettingEnabled false
09-14 10:21:09.583  3880  7576 V [MYTAG][main][Device]: 603 dev is connected:true
09-14 10:21:09.606  3880  7576 V [MYTAG][mail_tcp_socket][HttpTransportLayer]: [HTTP RSP]
09-14 10:21:09.606  3880  7576 V [MYTAG][mail_tcp_socket][HttpTransportLayer]: 	 errcode:0
09-14 10:21:09.606  3880  7576 V [MYTAG][mail_tcp_socket][HttpTransportLayer]: 	[content]{"result":0,"info":{"status":0,"free":299,"total":1883}}
09-14 10:21:09.606  3880  7576 V [MYTAG][mail_tcp_socket][HttpTransportLayer]: -----------------------------------------
09-14 10:21:09.611  3880  3880 W ProxyAndroidLoggerBackend: Too many Flogger logs received before configuration. Dropping old logs.
09-14 10:21:09.618  3880  3880 I chatty  : uid=10291(com.vidure.app) identical 6 lines
09-14 10:21:09.621  3880  3880 W ProxyAndroidLoggerBackend: Too many Flogger logs received before configuration. Dropping old logs.
09-14 10:21:09.634  3880  7576 V [MYTAG][main][Device]: 603 dev is connected:true
09-14 10:21:09.637  3880  7576 V [MYTAG][main][CameraPreviewActivity]: rev msg1:264454
09-14 10:21:09.637  3880  7576 V [MYTAG][main][Device]: 603 dev is connected:true
09-14 10:21:09.637  3880  7576 V [MYTAG][main][CameraPreviewActivity]: rev msg1:589832
09-14 10:21:09.752  3880  8189 W System  : Ignoring header sessionid because its value was null.
09-14 10:21:09.752  3880  7576 V [MYTAG][HeartbeatMgr][RemoteOptor]: ----
09-14 10:21:09.752  3880  7576 V [MYTAG][HeartbeatMgr][RemoteOptor]: [CMD]Basic_Msg_MailBox
09-14 10:21:09.752  3880  7576 V [MYTAG][HeartbeatMgr][RemoteOptor]: [PARAM]null
09-14 10:21:09.753  3880  8189 I System.out: (HTTPLog)-Static: isSBSettingEnabled false
09-14 10:21:09.753  3880  7576 V [MYTAG][HeartbeatMgr][HttpTransportLayer]: [HTTP SEND GET]
09-14 10:21:09.753  3880  7576 V [MYTAG][HeartbeatMgr][HttpTransportLayer]: 	 url:http://192.168.0.1:80/app/getparamvalue?param=rec
09-14 10:21:09.754  3880  8189 I System.out: (HTTPLog)-Static: isSBSettingEnabled false
09-14 10:21:09.776  3880  7576 V [MYTAG][HeartbeatMgr][HttpTransportLayer]: [HTTP RSP]
09-14 10:21:09.776  3880  7576 V [MYTAG][HeartbeatMgr][HttpTransportLayer]: 	 errcode:0
09-14 10:21:09.776  3880  7576 V [MYTAG][HeartbeatMgr][HttpTransportLayer]: 	[content]{"result":0,"info":{"value":0}}
09-14 10:21:09.776  3880  7576 V [MYTAG][HeartbeatMgr][HttpTransportLayer]: -----------------------------------------
09-14 10:21:12.581  3880  7576 V [MYTAG][mail_tcp_socket][ViiSocketMailDataPhraser]: ------------mail---------------
09-14 10:21:12.581  3880  7576 V [MYTAG][mail_tcp_socket][ViiSocketMailDataPhraser]: {"msgid":"battery","info":{"capacity":88,"charge":0},"time":1757845272}
09-14 10:21:12.582  3880  7576 V [MYTAG][mail_tcp_socket][ViiSocketMailDataPhraser]: ------------mail---------------
09-14 10:21:12.582  3880  7576 V [MYTAG][mail_tcp_socket][ViiSocketMailDataPhraser]: {"msgid":"sd","info":{"status":0},"time":1757845272}
09-14 10:21:12.583  3880  7576 V [MYTAG][mail_tcp_socket][RemoteOptor]: ----
09-14 10:21:12.583  3880  7576 V [MYTAG][mail_tcp_socket][RemoteOptor]: [CMD]DEV_SDCARD_STATUS_QUERY
09-14 10:21:12.583  3880  7576 V [MYTAG][mail_tcp_socket][RemoteOptor]: [PARAM]null
09-14 10:21:12.584  3880  7576 V [MYTAG][mail_tcp_socket][HttpTransportLayer]: [HTTP SEND GET]
09-14 10:21:12.584  3880  7576 V [MYTAG][mail_tcp_socket][HttpTransportLayer]: 	 url:http://192.168.0.1:80/app/getsdinfo
09-14 10:21:12.584  3880  8188 W System  : Ignoring header sessionid because its value was null.
09-14 10:21:12.584  3880  8188 I System.out: (HTTPLog)-Static: isSBSettingEnabled false
09-14 10:21:12.584  3880  8188 I System.out: (HTTPLog)-Static: isSBSettingEnabled false
09-14 10:21:12.591  3880  7576 V [MYTAG][main][Device]: 603 dev is connected:true
09-14 10:21:12.615  3880  7576 V [MYTAG][mail_tcp_socket][HttpTransportLayer]: [HTTP RSP]
09-14 10:21:12.615  3880  7576 V [MYTAG][mail_tcp_socket][HttpTransportLayer]: 	 errcode:0
09-14 10:21:12.615  3880  7576 V [MYTAG][mail_tcp_socket][HttpTransportLayer]: 	[content]{"result":0,"info":{"status":0,"free":299,"total":1883}}
09-14 10:21:12.615  3880  7576 V [MYTAG][mail_tcp_socket][HttpTransportLayer]: -----------------------------------------
09-14 10:21:12.616  3880  3880 W ProxyAndroidLoggerBackend: Too many Flogger logs received before configuration. Dropping old logs.
09-14 10:21:12.625  3880  3880 I chatty  : uid=10291(com.vidure.app) identical 6 lines
09-14 10:21:12.627  3880  3880 W ProxyAndroidLoggerBackend: Too many Flogger logs received before configuration. Dropping old logs.
09-14 10:21:12.635  3880  7576 V [MYTAG][main][Device]: 603 dev is connected:true
09-14 10:21:12.638  3880  7576 V [MYTAG][main][CameraPreviewActivity]: rev msg1:264454
09-14 10:21:12.639  3880  7576 V [MYTAG][main][Device]: 603 dev is connected:true
09-14 10:21:12.639  3880  7576 V [MYTAG][main][CameraPreviewActivity]: rev msg1:589832
09-14 10:21:12.685  3880  9999 W ProxyAndroidLoggerBackend: Too many Flogger logs received before configuration. Dropping old logs.
09-14 10:21:12.707  3880  9999 I chatty  : uid=10291(com.vidure.app) identical 4 lines
09-14 10:21:12.708  3880  9999 W ProxyAndroidLoggerBackend: Too many Flogger logs received before configuration. Dropping old logs.
09-14 10:21:13.752  3880  8189 W System  : Ignoring header sessionid because its value was null.
09-14 10:21:13.752  3880  7576 V [MYTAG][HeartbeatMgr][RemoteOptor]: ----
09-14 10:21:13.752  3880  7576 V [MYTAG][HeartbeatMgr][RemoteOptor]: [CMD]Basic_Msg_MailBox
09-14 10:21:13.752  3880  7576 V [MYTAG][HeartbeatMgr][RemoteOptor]: [PARAM]null
09-14 10:21:13.752  3880  7576 V [MYTAG][HeartbeatMgr][HttpTransportLayer]: [HTTP SEND GET]
09-14 10:21:13.752  3880  7576 V [MYTAG][HeartbeatMgr][HttpTransportLayer]: 	 url:http://192.168.0.1:80/app/getparamvalue?param=rec
09-14 10:21:13.752  3880  8189 I System.out: (HTTPLog)-Static: isSBSettingEnabled false
09-14 10:21:13.752  3880  8189 I System.out: (HTTPLog)-Static: isSBSettingEnabled false
09-14 10:21:13.774  3880  7576 V [MYTAG][HeartbeatMgr][HttpTransportLayer]: [HTTP RSP]
09-14 10:21:13.774  3880  7576 V [MYTAG][HeartbeatMgr][HttpTransportLayer]: 	 errcode:0
09-14 10:21:13.774  3880  7576 V [MYTAG][HeartbeatMgr][HttpTransportLayer]: 	[content]{"result":0,"info":{"value":0}}
09-14 10:21:13.774  3880  7576 V [MYTAG][HeartbeatMgr][HttpTransportLayer]: -----------------------------------------
09-14 10:21:15.592  3880  7576 V [MYTAG][mail_tcp_socket][ViiSocketMailDataPhraser]: ------------mail---------------
09-14 10:21:15.592  3880  7576 V [MYTAG][mail_tcp_socket][ViiSocketMailDataPhraser]: {"msgid":"battery","info":{"capacity":88,"charge":0},"time":1757845275}
09-14 10:21:15.596  3880  7576 V [MYTAG][mail_tcp_socket][ViiSocketMailDataPhraser]: ------------mail---------------
09-14 10:21:15.596  3880  7576 V [MYTAG][mail_tcp_socket][ViiSocketMailDataPhraser]: {"msgid":"sd","info":{"status":0},"time":1757845275}
09-14 10:21:15.597  3880  8188 W System  : Ignoring header sessionid because its value was null.
09-14 10:21:15.598  3880  8188 I System.out: (HTTPLog)-Static: isSBSettingEnabled false
09-14 10:21:15.598  3880  8188 I System.out: (HTTPLog)-Static: isSBSettingEnabled false
09-14 10:21:15.612  3880  7576 V [MYTAG][mail_tcp_socket][RemoteOptor]: ----
09-14 10:21:15.612  3880  7576 V [MYTAG][mail_tcp_socket][RemoteOptor]: [CMD]DEV_SDCARD_STATUS_QUERY
09-14 10:21:15.612  3880  7576 V [MYTAG][mail_tcp_socket][RemoteOptor]: [PARAM]null
09-14 10:21:15.612  3880  7576 V [MYTAG][mail_tcp_socket][HttpTransportLayer]: [HTTP SEND GET]
09-14 10:21:15.612  3880  7576 V [MYTAG][mail_tcp_socket][HttpTransportLayer]: 	 url:http://192.168.0.1:80/app/getsdinfo
09-14 10:21:15.615  3880  7576 V [MYTAG][main][Device]: 603 dev is connected:true
09-14 10:21:15.647  3880  3880 W ProxyAndroidLoggerBackend: Too many Flogger logs received before configuration. Dropping old logs.
09-14 10:21:15.649  3880  3880 W ProxyAndroidLoggerBackend: Too many Flogger logs received before configuration. Dropping old logs.
09-14 10:21:15.652  3880  7576 V [MYTAG][mail_tcp_socket][HttpTransportLayer]: [HTTP RSP]
09-14 10:21:15.652  3880  7576 V [MYTAG][mail_tcp_socket][HttpTransportLayer]: 	 errcode:0
09-14 10:21:15.652  3880  7576 V [MYTAG][mail_tcp_socket][HttpTransportLayer]: 	[content]{"result":0,"info":{"status":0,"free":299,"total":1883}}
09-14 10:21:15.652  3880  7576 V [MYTAG][mail_tcp_socket][HttpTransportLayer]: -----------------------------------------
09-14 10:21:15.652  3880  3880 W ProxyAndroidLoggerBackend: Too many Flogger logs received before configuration. Dropping old logs.
09-14 10:21:15.657  3880  3880 I chatty  : uid=10291(com.vidure.app) identical 4 lines
09-14 10:21:15.658  3880  3880 W ProxyAndroidLoggerBackend: Too many Flogger logs received before configuration. Dropping old logs.
09-14 10:21:15.665  3880  9830 W ProxyAndroidLoggerBackend: Too many Flogger logs received before configuration. Dropping old logs.
09-14 10:21:15.672  3880  7576 V [MYTAG][main][Device]: 603 dev is connected:true
09-14 10:21:15.674  3880  7576 V [MYTAG][main][CameraPreviewActivity]: rev msg1:264454
09-14 10:21:15.675  3880  7576 V [MYTAG][main][Device]: 603 dev is connected:true
09-14 10:21:15.675  3880  7576 V [MYTAG][main][CameraPreviewActivity]: rev msg1:589832
09-14 10:21:17.752  3880  7576 V [MYTAG][HeartbeatMgr][RemoteOptor]: ----
09-14 10:21:17.752  3880  7576 V [MYTAG][HeartbeatMgr][RemoteOptor]: [CMD]Basic_Msg_MailBox
09-14 10:21:17.752  3880  7576 V [MYTAG][HeartbeatMgr][RemoteOptor]: [PARAM]null
09-14 10:21:17.753  3880  8189 W System  : Ignoring header sessionid because its value was null.
09-14 10:21:17.754  3880  8189 I System.out: (HTTPLog)-Static: isSBSettingEnabled false
09-14 10:21:17.754  3880  8189 I System.out: (HTTPLog)-Static: isSBSettingEnabled false
09-14 10:21:17.755  3880  7576 V [MYTAG][HeartbeatMgr][HttpTransportLayer]: [HTTP SEND GET]
09-14 10:21:17.755  3880  7576 V [MYTAG][HeartbeatMgr][HttpTransportLayer]: 	 url:http://192.168.0.1:80/app/getparamvalue?param=rec
09-14 10:21:17.774  3880  7576 V [MYTAG][HeartbeatMgr][HttpTransportLayer]: [HTTP RSP]
09-14 10:21:17.774  3880  7576 V [MYTAG][HeartbeatMgr][HttpTransportLayer]: 	 errcode:0
09-14 10:21:17.774  3880  7576 V [MYTAG][HeartbeatMgr][HttpTransportLayer]: 	[content]{"result":0,"info":{"value":0}}
09-14 10:21:17.774  3880  7576 V [MYTAG][HeartbeatMgr][HttpTransportLayer]: -----------------------------------------
09-14 10:21:18.600  3880  7576 V [MYTAG][mail_tcp_socket][ViiSocketMailDataPhraser]: ------------mail---------------
09-14 10:21:18.600  3880  7576 V [MYTAG][mail_tcp_socket][ViiSocketMailDataPhraser]: {"msgid":"battery","info":{"capacity":88,"charge":0},"time":1757845278}
09-14 10:21:18.608  3880  7576 V [MYTAG][mail_tcp_socket][ViiSocketMailDataPhraser]: ------------mail---------------
09-14 10:21:18.608  3880  7576 V [MYTAG][mail_tcp_socket][ViiSocketMailDataPhraser]: {"msgid":"sd","info":{"status":0},"time":1757845278}
09-14 10:21:18.609  3880  8188 W System  : Ignoring header sessionid because its value was null.
09-14 10:21:18.611  3880  8188 I System.out: (HTTPLog)-Static: isSBSettingEnabled false
09-14 10:21:18.611  3880  8188 I System.out: (HTTPLog)-Static: isSBSettingEnabled false
09-14 10:21:18.612  3880  7576 V [MYTAG][main][Device]: 603 dev is connected:true
09-14 10:21:18.612  3880  7576 V [MYTAG][mail_tcp_socket][RemoteOptor]: ----
09-14 10:21:18.612  3880  7576 V [MYTAG][mail_tcp_socket][RemoteOptor]: [CMD]DEV_SDCARD_STATUS_QUERY
09-14 10:21:18.612  3880  7576 V [MYTAG][mail_tcp_socket][RemoteOptor]: [PARAM]null
09-14 10:21:18.612  3880  7576 V [MYTAG][mail_tcp_socket][HttpTransportLayer]: [HTTP SEND GET]
09-14 10:21:18.612  3880  7576 V [MYTAG][mail_tcp_socket][HttpTransportLayer]: 	 url:http://192.168.0.1:80/app/getsdinfo
09-14 10:21:18.652  3880  7576 V [MYTAG][mail_tcp_socket][HttpTransportLayer]: [HTTP RSP]
09-14 10:21:18.652  3880  7576 V [MYTAG][mail_tcp_socket][HttpTransportLayer]: 	 errcode:0
09-14 10:21:18.652  3880  7576 V [MYTAG][mail_tcp_socket][HttpTransportLayer]: 	[content]{"result":0,"info":{"status":0,"free":299,"total":1883}}
09-14 10:21:18.652  3880  7576 V [MYTAG][mail_tcp_socket][HttpTransportLayer]: -----------------------------------------
09-14 10:21:18.694  3880  3880 W ProxyAndroidLoggerBackend: Too many Flogger logs received before configuration. Dropping old logs.
09-14 10:21:18.702  3880  3880 I chatty  : uid=10291(com.vidure.app) identical 6 lines
09-14 10:21:18.703  3880  3880 W ProxyAndroidLoggerBackend: Too many Flogger logs received before configuration. Dropping old logs.
09-14 10:21:18.715  3880  7576 V [MYTAG][main][Device]: 603 dev is connected:true
09-14 10:21:18.717  3880  7576 V [MYTAG][main][CameraPreviewActivity]: rev msg1:264454
09-14 10:21:18.718  3880  7576 V [MYTAG][main][Device]: 603 dev is connected:true
09-14 10:21:18.718  3880  7576 V [MYTAG][main][CameraPreviewActivity]: rev msg1:589832
09-14 10:21:20.462  3880  3880 W ProxyAndroidLoggerBackend: Too many Flogger logs received before configuration. Dropping old logs.
09-14 10:21:20.463  3880  3880 W ProxyAndroidLoggerBackend: Too many Flogger logs received before configuration. Dropping old logs.
09-14 10:21:20.464  3880 10039 W ProxyAndroidLoggerBackend: Too many Flogger logs received before configuration. Dropping old logs.
09-14 10:21:20.480  3880 10039 I chatty  : uid=10291(com.vidure.app) identical 164 lines
09-14 10:21:20.480  3880 10039 W ProxyAndroidLoggerBackend: Too many Flogger logs received before configuration. Dropping old logs.
09-14 10:21:20.480  3880 10039 W ProxyAndroidLoggerBackend: Too many Flogger logs received before configuration. Dropping old logs.
09-14 10:21:20.545  3880 10039 I chatty  : uid=10291(com.vidure.app) identical 856 lines
09-14 10:21:20.545  3880 10039 W ProxyAndroidLoggerBackend: Too many Flogger logs received before configuration. Dropping old logs.
09-14 10:21:20.548  3880 10039 W ProxyAndroidLoggerBackend: Too many Flogger logs received before configuration. Dropping old logs.
09-14 10:21:20.548  3880 10039 W ProxyAndroidLoggerBackend: Too many Flogger logs received before configuration. Dropping old logs.
09-14 10:21:20.551  3880 10039 I chatty  : uid=10291(com.vidure.app) identical 40 lines
09-14 10:21:20.551  3880 10039 W ProxyAndroidLoggerBackend: Too many Flogger logs received before configuration. Dropping old logs.
09-14 10:21:20.551  3880 10039 W ProxyAndroidLoggerBackend: Too many Flogger logs received before configuration. Dropping old logs.
09-14 10:21:20.555  3880 10039 I chatty  : uid=10291(com.vidure.app) identical 89 lines
09-14 10:21:20.555  3880 10039 W ProxyAndroidLoggerBackend: Too many Flogger logs received before configuration. Dropping old logs.
09-14 10:21:20.615  3880  3880 W ProxyAndroidLoggerBackend: Too many Flogger logs received before configuration. Dropping old logs.
09-14 10:21:20.616  3880  3880 W ProxyAndroidLoggerBackend: Too many Flogger logs received before configuration. Dropping old logs.
09-14 10:21:20.625  3880  9830 W ProxyAndroidLoggerBackend: Too many Flogger logs received before configuration. Dropping old logs.
09-14 10:21:20.631  3880  9830 W ProxyAndroidLoggerBackend: Too many Flogger logs received before configuration. Dropping old logs.
09-14 10:21:21.611  3880  7576 V [MYTAG][mail_tcp_socket][ViiSocketMailDataPhraser]: ------------mail---------------
09-14 10:21:21.611  3880  7576 V [MYTAG][mail_tcp_socket][ViiSocketMailDataPhraser]: {"msgid":"battery","info":{"capacity":88,"charge":0},"time":1757845281}
09-14 10:21:21.613  3880  8188 W System  : Ignoring header sessionid because its value was null.
09-14 10:21:21.614  3880  7576 V [MYTAG][mail_tcp_socket][ViiSocketMailDataPhraser]: ------------mail---------------
09-14 10:21:21.614  3880  7576 V [MYTAG][mail_tcp_socket][ViiSocketMailDataPhraser]: {"msgid":"sd","info":{"status":0},"time":1757845281}
09-14 10:21:21.614  3880  7576 V [MYTAG][mail_tcp_socket][RemoteOptor]: ----
09-14 10:21:21.614  3880  7576 V [MYTAG][mail_tcp_socket][RemoteOptor]: [CMD]DEV_SDCARD_STATUS_QUERY
09-14 10:21:21.614  3880  7576 V [MYTAG][mail_tcp_socket][RemoteOptor]: [PARAM]null
09-14 10:21:21.614  3880  7576 V [MYTAG][mail_tcp_socket][HttpTransportLayer]: [HTTP SEND GET]
09-14 10:21:21.614  3880  7576 V [MYTAG][mail_tcp_socket][HttpTransportLayer]: 	 url:http://192.168.0.1:80/app/getsdinfo
09-14 10:21:21.615  3880  8188 I System.out: (HTTPLog)-Static: isSBSettingEnabled false
09-14 10:21:21.615  3880  8188 I System.out: (HTTPLog)-Static: isSBSettingEnabled false
09-14 10:21:21.622  3880  7576 V [MYTAG][main][Device]: 603 dev is connected:true
09-14 10:21:21.650  3880  7576 V [MYTAG][mail_tcp_socket][HttpTransportLayer]: [HTTP RSP]
09-14 10:21:21.650  3880  7576 V [MYTAG][mail_tcp_socket][HttpTransportLayer]: 	 errcode:0
09-14 10:21:21.650  3880  7576 V [MYTAG][mail_tcp_socket][HttpTransportLayer]: 	[content]{"result":0,"info":{"status":0,"free":299,"total":1883}}
09-14 10:21:21.650  3880  7576 V [MYTAG][mail_tcp_socket][HttpTransportLayer]: -----------------------------------------
09-14 10:21:21.652  3880  3880 W ProxyAndroidLoggerBackend: Too many Flogger logs received before configuration. Dropping old logs.
09-14 10:21:21.661  3880  3880 I chatty  : uid=10291(com.vidure.app) identical 7 lines
09-14 10:21:21.662  3880  3880 W ProxyAndroidLoggerBackend: Too many Flogger logs received before configuration. Dropping old logs.
09-14 10:21:21.673  3880  7576 V [MYTAG][main][Device]: 603 dev is connected:true
09-14 10:21:21.677  3880  7576 V [MYTAG][main][CameraPreviewActivity]: rev msg1:264454
09-14 10:21:21.677  3880  7576 V [MYTAG][main][Device]: 603 dev is connected:true
09-14 10:21:21.678  3880  7576 V [MYTAG][main][CameraPreviewActivity]: rev msg1:589832
09-14 10:21:21.753  3880  8189 W System  : Ignoring header sessionid because its value was null.
09-14 10:21:21.754  3880  8189 I System.out: (HTTPLog)-Static: isSBSettingEnabled false
09-14 10:21:21.754  3880  8189 I System.out: (HTTPLog)-Static: isSBSettingEnabled false
09-14 10:21:21.755  3880  7576 V [MYTAG][HeartbeatMgr][RemoteOptor]: ----
09-14 10:21:21.755  3880  7576 V [MYTAG][HeartbeatMgr][RemoteOptor]: [CMD]Basic_Msg_MailBox
09-14 10:21:21.755  3880  7576 V [MYTAG][HeartbeatMgr][RemoteOptor]: [PARAM]null
09-14 10:21:21.755  3880  7576 V [MYTAG][HeartbeatMgr][HttpTransportLayer]: [HTTP SEND GET]
09-14 10:21:21.755  3880  7576 V [MYTAG][HeartbeatMgr][HttpTransportLayer]: 	 url:http://192.168.0.1:80/app/getparamvalue?param=rec
09-14 10:21:21.778  3880  7576 V [MYTAG][HeartbeatMgr][HttpTransportLayer]: [HTTP RSP]
09-14 10:21:21.778  3880  7576 V [MYTAG][HeartbeatMgr][HttpTransportLayer]: 	 errcode:0
09-14 10:21:21.778  3880  7576 V [MYTAG][HeartbeatMgr][HttpTransportLayer]: 	[content]{"result":0,"info":{"value":0}}
09-14 10:21:21.778  3880  7576 V [MYTAG][HeartbeatMgr][HttpTransportLayer]: -----------------------------------------
09-14 10:21:24.621  3880  7576 V [MYTAG][mail_tcp_socket][ViiSocketMailDataPhraser]: ------------mail---------------
09-14 10:21:24.621  3880  7576 V [MYTAG][mail_tcp_socket][ViiSocketMailDataPhraser]: {"msgid":"battery","info":{"capacity":88,"charge":0},"time":1757845284}
09-14 10:21:24.632  3880  7576 V [MYTAG][main][Device]: 603 dev is connected:true
09-14 10:21:24.643  3880  7576 V [MYTAG][mail_tcp_socket][ViiSocketMailDataPhraser]: ------------mail---------------
09-14 10:21:24.643  3880  7576 V [MYTAG][mail_tcp_socket][ViiSocketMailDataPhraser]: {"msgid":"sd","info":{"status":0},"time":1757845284}
09-14 10:21:24.644  3880  8188 W System  : Ignoring header sessionid because its value was null.
09-14 10:21:24.644  3880  8188 I System.out: (HTTPLog)-Static: isSBSettingEnabled false
09-14 10:21:24.644  3880  8188 I System.out: (HTTPLog)-Static: isSBSettingEnabled false
09-14 10:21:24.645  3880  7576 V [MYTAG][mail_tcp_socket][RemoteOptor]: ----
09-14 10:21:24.645  3880  7576 V [MYTAG][mail_tcp_socket][RemoteOptor]: [CMD]DEV_SDCARD_STATUS_QUERY
09-14 10:21:24.645  3880  7576 V [MYTAG][mail_tcp_socket][RemoteOptor]: [PARAM]null
09-14 10:21:24.645  3880  7576 V [MYTAG][mail_tcp_socket][HttpTransportLayer]: [HTTP SEND GET]
09-14 10:21:24.645  3880  7576 V [MYTAG][mail_tcp_socket][HttpTransportLayer]: 	 url:http://192.168.0.1:80/app/getsdinfo
09-14 10:21:24.677  3880  7576 V [MYTAG][mail_tcp_socket][HttpTransportLayer]: [HTTP RSP]
09-14 10:21:24.677  3880  7576 V [MYTAG][mail_tcp_socket][HttpTransportLayer]: 	 errcode:0
09-14 10:21:24.677  3880  7576 V [MYTAG][mail_tcp_socket][HttpTransportLayer]: 	[content]{"result":0,"info":{"status":0,"free":299,"total":1883}}
09-14 10:21:24.677  3880  7576 V [MYTAG][mail_tcp_socket][HttpTransportLayer]: -----------------------------------------
09-14 10:21:24.719  3880  3880 W ProxyAndroidLoggerBackend: Too many Flogger logs received before configuration. Dropping old logs.
09-14 10:21:24.729  3880  3880 I chatty  : uid=10291(com.vidure.app) identical 6 lines
09-14 10:21:24.730  3880  3880 W ProxyAndroidLoggerBackend: Too many Flogger logs received before configuration. Dropping old logs.
09-14 10:21:24.735  3880  9999 W ProxyAndroidLoggerBackend: Too many Flogger logs received before configuration. Dropping old logs.
09-14 10:21:24.736  3880  9999 W ProxyAndroidLoggerBackend: Too many Flogger logs received before configuration. Dropping old logs.
09-14 10:21:24.749  3880  7576 V [MYTAG][main][Device]: 603 dev is connected:true
09-14 10:21:24.753  3880  7576 V [MYTAG][main][CameraPreviewActivity]: rev msg1:264454
09-14 10:21:24.753  3880  7576 V [MYTAG][main][Device]: 603 dev is connected:true
09-14 10:21:24.753  3880  7576 V [MYTAG][main][CameraPreviewActivity]: rev msg1:589832
09-14 10:21:25.754  3880  7576 V [MYTAG][HeartbeatMgr][RemoteOptor]: ----
09-14 10:21:25.754  3880  7576 V [MYTAG][HeartbeatMgr][RemoteOptor]: [CMD]Basic_Msg_MailBox
09-14 10:21:25.754  3880  7576 V [MYTAG][HeartbeatMgr][RemoteOptor]: [PARAM]null
09-14 10:21:25.754  3880  8189 W System  : Ignoring header sessionid because its value was null.
09-14 10:21:25.754  3880  7576 V [MYTAG][HeartbeatMgr][HttpTransportLayer]: [HTTP SEND GET]
09-14 10:21:25.754  3880  7576 V [MYTAG][HeartbeatMgr][HttpTransportLayer]: 	 url:http://192.168.0.1:80/app/getparamvalue?param=rec
09-14 10:21:25.755  3880  8189 I System.out: (HTTPLog)-Static: isSBSettingEnabled false
09-14 10:21:25.755  3880  8189 I System.out: (HTTPLog)-Static: isSBSettingEnabled false
09-14 10:21:25.780  3880  7576 V [MYTAG][HeartbeatMgr][HttpTransportLayer]: [HTTP RSP]
09-14 10:21:25.780  3880  7576 V [MYTAG][HeartbeatMgr][HttpTransportLayer]: 	 errcode:0
09-14 10:21:25.780  3880  7576 V [MYTAG][HeartbeatMgr][HttpTransportLayer]: 	[content]{"result":0,"info":{"value":0}}
09-14 10:21:25.780  3880  7576 V [MYTAG][HeartbeatMgr][HttpTransportLayer]: -----------------------------------------
09-14 10:21:27.635  3880  7576 V [MYTAG][mail_tcp_socket][ViiSocketMailDataPhraser]: ------------mail---------------
09-14 10:21:27.635  3880  7576 V [MYTAG][mail_tcp_socket][ViiSocketMailDataPhraser]: {"msgid":"battery","info":{"capacity":88,"charge":0},"time":1757845287}
09-14 10:21:27.643  3880  7576 V [MYTAG][main][Device]: 603 dev is connected:true
09-14 10:21:27.644  3880  7576 V [MYTAG][mail_tcp_socket][ViiSocketMailDataPhraser]: ------------mail---------------
09-14 10:21:27.644  3880  7576 V [MYTAG][mail_tcp_socket][ViiSocketMailDataPhraser]: {"msgid":"sd","info":{"status":0},"time":1757845287}
09-14 10:21:27.645  3880  8188 W System  : Ignoring header sessionid because its value was null.
09-14 10:21:27.645  3880  7576 V [MYTAG][mail_tcp_socket][RemoteOptor]: ----
09-14 10:21:27.645  3880  7576 V [MYTAG][mail_tcp_socket][RemoteOptor]: [CMD]DEV_SDCARD_STATUS_QUERY
09-14 10:21:27.645  3880  7576 V [MYTAG][mail_tcp_socket][RemoteOptor]: [PARAM]null
09-14 10:21:27.646  3880  7576 V [MYTAG][mail_tcp_socket][HttpTransportLayer]: [HTTP SEND GET]
09-14 10:21:27.646  3880  7576 V [MYTAG][mail_tcp_socket][HttpTransportLayer]: 	 url:http://192.168.0.1:80/app/getsdinfo
09-14 10:21:27.646  3880  8188 I System.out: (HTTPLog)-Static: isSBSettingEnabled false
09-14 10:21:27.646  3880  8188 I System.out: (HTTPLog)-Static: isSBSettingEnabled false
09-14 10:21:27.677  3880  7576 V [MYTAG][mail_tcp_socket][HttpTransportLayer]: [HTTP RSP]
09-14 10:21:27.677  3880  7576 V [MYTAG][mail_tcp_socket][HttpTransportLayer]: 	 errcode:0
09-14 10:21:27.677  3880  7576 V [MYTAG][mail_tcp_socket][HttpTransportLayer]: 	[content]{"result":0,"info":{"status":0,"free":299,"total":1883}}
09-14 10:21:27.677  3880  7576 V [MYTAG][mail_tcp_socket][HttpTransportLayer]: -----------------------------------------
09-14 10:21:27.689  3880  3880 W ProxyAndroidLoggerBackend: Too many Flogger logs received before configuration. Dropping old logs.
09-14 10:21:27.696  3880  3880 I chatty  : uid=10291(com.vidure.app) identical 6 lines
09-14 10:21:27.697  3880  3880 W ProxyAndroidLoggerBackend: Too many Flogger logs received before configuration. Dropping old logs.
09-14 10:21:27.703  3880  9830 W ProxyAndroidLoggerBackend: Too many Flogger logs received before configuration. Dropping old logs.
09-14 10:21:27.705  3880  7576 V [MYTAG][main][Device]: 603 dev is connected:true
09-14 10:21:27.708  3880  7576 V [MYTAG][main][CameraPreviewActivity]: rev msg1:264454
09-14 10:21:27.708  3880  7576 V [MYTAG][main][Device]: 603 dev is connected:true
09-14 10:21:27.708  3880  7576 V [MYTAG][main][CameraPreviewActivity]: rev msg1:589832
09-14 10:21:29.754  3880  8189 W System  : Ignoring header sessionid because its value was null.
09-14 10:21:29.755  3880  8189 I System.out: (HTTPLog)-Static: isSBSettingEnabled false
09-14 10:21:29.755  3880  8189 I System.out: (HTTPLog)-Static: isSBSettingEnabled false
09-14 10:21:29.756  3880  7576 V [MYTAG][HeartbeatMgr][RemoteOptor]: ----
09-14 10:21:29.756  3880  7576 V [MYTAG][HeartbeatMgr][RemoteOptor]: [CMD]Basic_Msg_MailBox
09-14 10:21:29.756  3880  7576 V [MYTAG][HeartbeatMgr][RemoteOptor]: [PARAM]null
09-14 10:21:29.756  3880  7576 V [MYTAG][HeartbeatMgr][HttpTransportLayer]: [HTTP SEND GET]
09-14 10:21:29.756  3880  7576 V [MYTAG][HeartbeatMgr][HttpTransportLayer]: 	 url:http://192.168.0.1:80/app/getparamvalue?param=rec
09-14 10:21:29.790  3880  7576 V [MYTAG][HeartbeatMgr][HttpTransportLayer]: [HTTP RSP]
09-14 10:21:29.790  3880  7576 V [MYTAG][HeartbeatMgr][HttpTransportLayer]: 	 errcode:0
09-14 10:21:29.790  3880  7576 V [MYTAG][HeartbeatMgr][HttpTransportLayer]: 	[content]{"result":0,"info":{"value":0}}
09-14 10:21:29.790  3880  7576 V [MYTAG][HeartbeatMgr][HttpTransportLayer]: -----------------------------------------
09-14 10:21:30.644  3880  7576 V [MYTAG][mail_tcp_socket][ViiSocketMailDataPhraser]: ------------mail---------------
09-14 10:21:30.644  3880  7576 V [MYTAG][mail_tcp_socket][ViiSocketMailDataPhraser]: {"msgid":"battery","info":{"capacity":88,"charge":0},"time":1757845290}
09-14 10:21:30.649  3880  7576 V [MYTAG][mail_tcp_socket][ViiSocketMailDataPhraser]: ------------mail---------------
09-14 10:21:30.649  3880  7576 V [MYTAG][mail_tcp_socket][ViiSocketMailDataPhraser]: {"msgid":"sd","info":{"status":0},"time":1757845290}
09-14 10:21:30.653  3880  7576 V [MYTAG][mail_tcp_socket][RemoteOptor]: ----
09-14 10:21:30.653  3880  7576 V [MYTAG][mail_tcp_socket][RemoteOptor]: [CMD]DEV_SDCARD_STATUS_QUERY
09-14 10:21:30.653  3880  7576 V [MYTAG][mail_tcp_socket][RemoteOptor]: [PARAM]null
09-14 10:21:30.653  3880  7576 V [MYTAG][main][Device]: 603 dev is connected:true
09-14 10:21:30.653  3880  8188 W System  : Ignoring header sessionid because its value was null.
09-14 10:21:30.654  3880  8188 I System.out: (HTTPLog)-Static: isSBSettingEnabled false
09-14 10:21:30.654  3880  8188 I System.out: (HTTPLog)-Static: isSBSettingEnabled false
09-14 10:21:30.654  3880  7576 V [MYTAG][mail_tcp_socket][HttpTransportLayer]: [HTTP SEND GET]
09-14 10:21:30.654  3880  7576 V [MYTAG][mail_tcp_socket][HttpTransportLayer]: 	 url:http://192.168.0.1:80/app/getsdinfo
09-14 10:21:30.674  3880  3880 W ProxyAndroidLoggerBackend: Too many Flogger logs received before configuration. Dropping old logs.
09-14 10:21:30.683  3880  3880 I chatty  : uid=10291(com.vidure.app) identical 6 lines
09-14 10:21:30.684  3880  3880 W ProxyAndroidLoggerBackend: Too many Flogger logs received before configuration. Dropping old logs.
09-14 10:21:30.695  3880  7576 V [MYTAG][main][Device]: 603 dev is connected:true
09-14 10:21:30.696  3880  7576 V [MYTAG][main][CameraPreviewActivity]: rev msg1:264454
09-14 10:21:30.714  3880  7576 V [MYTAG][mail_tcp_socket][HttpTransportLayer]: [HTTP RSP]
09-14 10:21:30.714  3880  7576 V [MYTAG][mail_tcp_socket][HttpTransportLayer]: 	 errcode:0
09-14 10:21:30.714  3880  7576 V [MYTAG][mail_tcp_socket][HttpTransportLayer]: 	[content]{"result":0,"info":{"status":0,"free":299,"total":1883}}
09-14 10:21:30.714  3880  7576 V [MYTAG][mail_tcp_socket][HttpTransportLayer]: -----------------------------------------
09-14 10:21:30.715  3880  7576 V [MYTAG][main][Device]: 603 dev is connected:true
09-14 10:21:30.716  3880  7576 V [MYTAG][main][CameraPreviewActivity]: rev msg1:589832
09-14 10:21:33.650  3880  7576 V [MYTAG][mail_tcp_socket][ViiSocketMailDataPhraser]: ------------mail---------------
09-14 10:21:33.650  3880  7576 V [MYTAG][mail_tcp_socket][ViiSocketMailDataPhraser]: {"msgid":"battery","info":{"capacity":88,"charge":0},"time":1757845293}
09-14 10:21:33.654  3880  7576 V [MYTAG][mail_tcp_socket][ViiSocketMailDataPhraser]: ------------mail---------------
09-14 10:21:33.654  3880  7576 V [MYTAG][mail_tcp_socket][ViiSocketMailDataPhraser]: {"msgid":"sd","info":{"status":0},"time":1757845293}
09-14 10:21:33.655  3880  8188 W System  : Ignoring header sessionid because its value was null.
09-14 10:21:33.655  3880  8188 I System.out: (HTTPLog)-Static: isSBSettingEnabled false
09-14 10:21:33.655  3880  8188 I System.out: (HTTPLog)-Static: isSBSettingEnabled false
09-14 10:21:33.656  3880  7576 V [MYTAG][mail_tcp_socket][RemoteOptor]: ----
09-14 10:21:33.656  3880  7576 V [MYTAG][mail_tcp_socket][RemoteOptor]: [CMD]DEV_SDCARD_STATUS_QUERY
09-14 10:21:33.656  3880  7576 V [MYTAG][mail_tcp_socket][RemoteOptor]: [PARAM]null
09-14 10:21:33.656  3880  7576 V [MYTAG][mail_tcp_socket][HttpTransportLayer]: [HTTP SEND GET]
09-14 10:21:33.656  3880  7576 V [MYTAG][mail_tcp_socket][HttpTransportLayer]: 	 url:http://192.168.0.1:80/app/getsdinfo
09-14 10:21:33.662  3880  7576 V [MYTAG][main][Device]: 603 dev is connected:true
09-14 10:21:33.685  3880  7576 V [MYTAG][mail_tcp_socket][HttpTransportLayer]: [HTTP RSP]
09-14 10:21:33.685  3880  7576 V [MYTAG][mail_tcp_socket][HttpTransportLayer]: 	 errcode:0
09-14 10:21:33.685  3880  7576 V [MYTAG][mail_tcp_socket][HttpTransportLayer]: 	[content]{"result":0,"info":{"status":0,"free":299,"total":1883}}
09-14 10:21:33.685  3880  7576 V [MYTAG][mail_tcp_socket][HttpTransportLayer]: -----------------------------------------
09-14 10:21:33.690  3880  3880 W ProxyAndroidLoggerBackend: Too many Flogger logs received before configuration. Dropping old logs.
09-14 10:21:33.698  3880  3880 I chatty  : uid=10291(com.vidure.app) identical 6 lines
09-14 10:21:33.699  3880  3880 W ProxyAndroidLoggerBackend: Too many Flogger logs received before configuration. Dropping old logs.
09-14 10:21:33.706  3880  7576 V [MYTAG][main][Device]: 603 dev is connected:true
09-14 10:21:33.707  3880  7576 V [MYTAG][main][CameraPreviewActivity]: rev msg1:264454
09-14 10:21:33.707  3880  7576 V [MYTAG][main][Device]: 603 dev is connected:true
09-14 10:21:33.707  3880  7576 V [MYTAG][main][CameraPreviewActivity]: rev msg1:589832
09-14 10:21:33.755  3880  8189 W System  : Ignoring header sessionid because its value was null.
09-14 10:21:33.755  3880  8189 I System.out: (HTTPLog)-Static: isSBSettingEnabled false
09-14 10:21:33.756  3880  8189 I System.out: (HTTPLog)-Static: isSBSettingEnabled false
09-14 10:21:33.756  3880  7576 V [MYTAG][HeartbeatMgr][RemoteOptor]: ----
09-14 10:21:33.756  3880  7576 V [MYTAG][HeartbeatMgr][RemoteOptor]: [CMD]Basic_Msg_MailBox
09-14 10:21:33.756  3880  7576 V [MYTAG][HeartbeatMgr][RemoteOptor]: [PARAM]null
09-14 10:21:33.757  3880  7576 V [MYTAG][HeartbeatMgr][HttpTransportLayer]: [HTTP SEND GET]
09-14 10:21:33.757  3880  7576 V [MYTAG][HeartbeatMgr][HttpTransportLayer]: 	 url:http://192.168.0.1:80/app/getparamvalue?param=rec
09-14 10:21:33.776  3880  7576 V [MYTAG][HeartbeatMgr][HttpTransportLayer]: [HTTP RSP]
09-14 10:21:33.776  3880  7576 V [MYTAG][HeartbeatMgr][HttpTransportLayer]: 	 errcode:0
09-14 10:21:33.776  3880  7576 V [MYTAG][HeartbeatMgr][HttpTransportLayer]: 	[content]{"result":0,"info":{"value":0}}
09-14 10:21:33.776  3880  7576 V [MYTAG][HeartbeatMgr][HttpTransportLayer]: -----------------------------------------
09-14 10:21:36.661  3880  7576 V [MYTAG][mail_tcp_socket][ViiSocketMailDataPhraser]: ------------mail---------------
09-14 10:21:36.661  3880  7576 V [MYTAG][mail_tcp_socket][ViiSocketMailDataPhraser]: {"msgid":"battery","info":{"capacity":88,"charge":0},"time":1757845296}
09-14 10:21:36.665  3880  7576 V [MYTAG][mail_tcp_socket][ViiSocketMailDataPhraser]: ------------mail---------------
09-14 10:21:36.665  3880  7576 V [MYTAG][mail_tcp_socket][ViiSocketMailDataPhraser]: {"msgid":"sd","info":{"status":0},"time":1757845296}
09-14 10:21:36.667  3880  8188 W System  : Ignoring header sessionid because its value was null.
09-14 10:21:36.668  3880  7576 V [MYTAG][mail_tcp_socket][RemoteOptor]: ----
09-14 10:21:36.668  3880  7576 V [MYTAG][mail_tcp_socket][RemoteOptor]: [CMD]DEV_SDCARD_STATUS_QUERY
