09-14 11:07:51.611 13162 17877 V [MYTAG][main][CameraPreviewActivity]: rev msg1:264454
09-14 11:07:51.611 13162 17877 V [MYTAG][main][Device]: 603 dev is connected:true
09-14 11:07:51.612 13162 17877 V [MYTAG][main][CameraPreviewActivity]: rev msg1:589832
09-14 11:07:54.022 13162 18060 W System  : Ignoring header sessionid because its value was null.
09-14 11:07:54.022 13162 18060 I System.out: (HTTPLog)-Static: isSBSettingEnabled false
09-14 11:07:54.022 13162 18060 I System.out: (HTTPLog)-Static: isSBSettingEnabled false
09-14 11:07:54.024 13162 17877 V [MYTAG][HeartbeatMgr][RemoteOptor]: ----
09-14 11:07:54.024 13162 17877 V [MYTAG][HeartbeatMgr][RemoteOptor]: [CMD]Basic_Msg_MailBox
09-14 11:07:54.024 13162 17877 V [MYTAG][HeartbeatMgr][RemoteOptor]: [PARAM]null
09-14 11:07:54.024 13162 17877 V [MYTAG][HeartbeatMgr][HttpTransportLayer]: [HTTP SEND GET]
09-14 11:07:54.024 13162 17877 V [MYTAG][HeartbeatMgr][HttpTransportLayer]: 	 url:http://192.168.0.1:80/app/getparamvalue?param=rec
09-14 11:07:54.045 13162 17877 V [MYTAG][HeartbeatMgr][HttpTransportLayer]: [HTTP RSP]
09-14 11:07:54.045 13162 17877 V [MYTAG][HeartbeatMgr][HttpTransportLayer]: 	 errcode:0
09-14 11:07:54.045 13162 17877 V [MYTAG][HeartbeatMgr][HttpTransportLayer]: 	[content]{"result":0,"info":{"value":1}}
09-14 11:07:54.045 13162 17877 V [MYTAG][HeartbeatMgr][HttpTransportLayer]: -----------------------------------------
09-14 11:07:54.548 13162 17877 V [MYTAG][mail_tcp_socket][ViiSocketMailDataPhraser]: ------------mail---------------
09-14 11:07:54.548 13162 17877 V [MYTAG][mail_tcp_socket][ViiSocketMailDataPhraser]: {"msgid":"battery","info":{"capacity":62,"charge":0},"time":1757848074}
09-14 11:07:54.550 13162 18059 W System  : Ignoring header sessionid because its value was null.
09-14 11:07:54.550 13162 17877 V [MYTAG][mail_tcp_socket][ViiSocketMailDataPhraser]: ------------mail---------------
09-14 11:07:54.550 13162 17877 V [MYTAG][mail_tcp_socket][ViiSocketMailDataPhraser]: {"msgid":"sd","info":{"status":0},"time":1757848074}
09-14 11:07:54.550 13162 17877 V [MYTAG][mail_tcp_socket][RemoteOptor]: ----
09-14 11:07:54.550 13162 17877 V [MYTAG][mail_tcp_socket][RemoteOptor]: [CMD]DEV_SDCARD_STATUS_QUERY
09-14 11:07:54.550 13162 17877 V [MYTAG][mail_tcp_socket][RemoteOptor]: [PARAM]null
09-14 11:07:54.550 13162 17877 V [MYTAG][mail_tcp_socket][HttpTransportLayer]: [HTTP SEND GET]
09-14 11:07:54.550 13162 17877 V [MYTAG][mail_tcp_socket][HttpTransportLayer]: 	 url:http://192.168.0.1:80/app/getsdinfo
09-14 11:07:54.550 13162 18059 I System.out: (HTTPLog)-Static: isSBSettingEnabled false
09-14 11:07:54.551 13162 18059 I System.out: (HTTPLog)-Static: isSBSettingEnabled false
09-14 11:07:54.560 13162 17877 V [MYTAG][main][Device]: 603 dev is connected:true
09-14 11:07:54.584 13162 17877 V [MYTAG][mail_tcp_socket][HttpTransportLayer]: [HTTP RSP]
09-14 11:07:54.584 13162 17877 V [MYTAG][mail_tcp_socket][HttpTransportLayer]: 	 errcode:0
09-14 11:07:54.584 13162 17877 V [MYTAG][mail_tcp_socket][HttpTransportLayer]: 	[content]{"result":0,"info":{"status":0,"free":312,"total":1883}}
09-14 11:07:54.584 13162 17877 V [MYTAG][mail_tcp_socket][HttpTransportLayer]: -----------------------------------------
09-14 11:07:54.595 13162 13162 W ProxyAndroidLoggerBackend: Too many Flogger logs received before configuration. Dropping old logs.
09-14 11:07:54.602 13162 13162 I chatty  : uid=10291(com.vidure.app) identical 6 lines
09-14 11:07:54.603 13162 13162 W ProxyAndroidLoggerBackend: Too many Flogger logs received before configuration. Dropping old logs.
09-14 11:07:54.616 13162 17877 V [MYTAG][main][Device]: 603 dev is connected:true
09-14 11:07:54.621 13162 17877 V [MYTAG][main][CameraPreviewActivity]: rev msg1:264454
09-14 11:07:54.621 13162 17877 V [MYTAG][main][Device]: 603 dev is connected:true
09-14 11:07:54.621 13162 17877 V [MYTAG][main][CameraPreviewActivity]: rev msg1:589832
09-14 11:07:57.561 13162 17877 V [MYTAG][mail_tcp_socket][ViiSocketMailDataPhraser]: ------------mail---------------
09-14 11:07:57.561 13162 17877 V [MYTAG][mail_tcp_socket][ViiSocketMailDataPhraser]: {"msgid":"battery","info":{"capacity":62,"charge":0},"time":1757848077}
09-14 11:07:57.562 13162 17877 V [MYTAG][mail_tcp_socket][ViiSocketMailDataPhraser]: ------------mail---------------
09-14 11:07:57.562 13162 17877 V [MYTAG][mail_tcp_socket][ViiSocketMailDataPhraser]: {"msgid":"sd","info":{"status":0},"time":1757848077}
09-14 11:07:57.562 13162 18059 W System  : Ignoring header sessionid because its value was null.
09-14 11:07:57.563 13162 18059 I System.out: (HTTPLog)-Static: isSBSettingEnabled false
09-14 11:07:57.563 13162 17877 V [MYTAG][mail_tcp_socket][RemoteOptor]: ----
09-14 11:07:57.563 13162 17877 V [MYTAG][mail_tcp_socket][RemoteOptor]: [CMD]DEV_SDCARD_STATUS_QUERY
09-14 11:07:57.563 13162 17877 V [MYTAG][mail_tcp_socket][RemoteOptor]: [PARAM]null
09-14 11:07:57.563 13162 17877 V [MYTAG][mail_tcp_socket][HttpTransportLayer]: [HTTP SEND GET]
09-14 11:07:57.563 13162 17877 V [MYTAG][mail_tcp_socket][HttpTransportLayer]: 	 url:http://192.168.0.1:80/app/getsdinfo
09-14 11:07:57.565 13162 17877 V [MYTAG][main][Device]: 603 dev is connected:true
09-14 11:07:57.565 13162 18059 I System.out: (HTTPLog)-Static: isSBSettingEnabled false
09-14 11:07:57.584 13162 13162 W ProxyAndroidLoggerBackend: Too many Flogger logs received before configuration. Dropping old logs.
09-14 11:07:57.591 13162 13162 I chatty  : uid=10291(com.vidure.app) identical 6 lines
09-14 11:07:57.592 13162 13162 W ProxyAndroidLoggerBackend: Too many Flogger logs received before configuration. Dropping old logs.
09-14 11:07:57.597 13162 17877 V [MYTAG][mail_tcp_socket][HttpTransportLayer]: [HTTP RSP]
09-14 11:07:57.597 13162 17877 V [MYTAG][mail_tcp_socket][HttpTransportLayer]: 	 errcode:0
09-14 11:07:57.597 13162 17877 V [MYTAG][mail_tcp_socket][HttpTransportLayer]: 	[content]{"result":0,"info":{"status":0,"free":309,"total":1883}}
09-14 11:07:57.597 13162 17877 V [MYTAG][mail_tcp_socket][HttpTransportLayer]: -----------------------------------------
09-14 11:07:57.599 13162 17877 V [MYTAG][main][Device]: 603 dev is connected:true
09-14 11:07:57.601 13162 17877 V [MYTAG][main][CameraPreviewActivity]: rev msg1:264454
09-14 11:07:57.601 13162 17877 V [MYTAG][main][Device]: 603 dev is connected:true
09-14 11:07:57.601 13162 17877 V [MYTAG][main][CameraPreviewActivity]: rev msg1:589832
09-14 11:07:58.023 13162 18060 W System  : Ignoring header sessionid because its value was null.
09-14 11:07:58.023 13162 18060 I System.out: (HTTPLog)-Static: isSBSettingEnabled false
09-14 11:07:58.023 13162 18060 I System.out: (HTTPLog)-Static: isSBSettingEnabled false
09-14 11:07:58.024 13162 17877 V [MYTAG][HeartbeatMgr][RemoteOptor]: ----
09-14 11:07:58.024 13162 17877 V [MYTAG][HeartbeatMgr][RemoteOptor]: [CMD]Basic_Msg_MailBox
09-14 11:07:58.024 13162 17877 V [MYTAG][HeartbeatMgr][RemoteOptor]: [PARAM]null
09-14 11:07:58.024 13162 17877 V [MYTAG][HeartbeatMgr][HttpTransportLayer]: [HTTP SEND GET]
09-14 11:07:58.024 13162 17877 V [MYTAG][HeartbeatMgr][HttpTransportLayer]: 	 url:http://192.168.0.1:80/app/getparamvalue?param=rec
09-14 11:07:58.069 13162 17877 V [MYTAG][HeartbeatMgr][HttpTransportLayer]: [HTTP RSP]
09-14 11:07:58.069 13162 17877 V [MYTAG][HeartbeatMgr][HttpTransportLayer]: 	 errcode:0
09-14 11:07:58.069 13162 17877 V [MYTAG][HeartbeatMgr][HttpTransportLayer]: 	[content]{"result":0,"info":{"value":1}}
09-14 11:07:58.069 13162 17877 V [MYTAG][HeartbeatMgr][HttpTransportLayer]: -----------------------------------------
09-14 11:08:00.568 13162 17877 V [MYTAG][mail_tcp_socket][ViiSocketMailDataPhraser]: ------------mail---------------
09-14 11:08:00.568 13162 17877 V [MYTAG][mail_tcp_socket][ViiSocketMailDataPhraser]: {"msgid":"battery","info":{"capacity":62,"charge":0},"time":1757848080}
09-14 11:08:00.576 13162 17877 V [MYTAG][main][Device]: 603 dev is connected:true
09-14 11:08:00.577 13162 17877 V [MYTAG][mail_tcp_socket][ViiSocketMailDataPhraser]: ------------mail---------------
09-14 11:08:00.577 13162 17877 V [MYTAG][mail_tcp_socket][ViiSocketMailDataPhraser]: {"msgid":"sd","info":{"status":0},"time":1757848080}
09-14 11:08:00.579 13162 17877 V [MYTAG][mail_tcp_socket][RemoteOptor]: ----
09-14 11:08:00.579 13162 17877 V [MYTAG][mail_tcp_socket][RemoteOptor]: [CMD]DEV_SDCARD_STATUS_QUERY
09-14 11:08:00.579 13162 17877 V [MYTAG][mail_tcp_socket][RemoteOptor]: [PARAM]null
09-14 11:08:00.580 13162 17877 V [MYTAG][mail_tcp_socket][HttpTransportLayer]: [HTTP SEND GET]
09-14 11:08:00.580 13162 17877 V [MYTAG][mail_tcp_socket][HttpTransportLayer]: 	 url:http://192.168.0.1:80/app/getsdinfo
09-14 11:08:00.581 13162 18059 W System  : Ignoring header sessionid because its value was null.
09-14 11:08:00.582 13162 18059 I System.out: (HTTPLog)-Static: isSBSettingEnabled false
09-14 11:08:00.582 13162 18059 I System.out: (HTTPLog)-Static: isSBSettingEnabled false
09-14 11:08:00.599 13162 13162 W ProxyAndroidLoggerBackend: Too many Flogger logs received before configuration. Dropping old logs.
09-14 11:08:00.603 13162 13162 I chatty  : uid=10291(com.vidure.app) identical 2 lines
09-14 11:08:00.603 13162 13162 W ProxyAndroidLoggerBackend: Too many Flogger logs received before configuration. Dropping old logs.
09-14 11:08:00.603 13162 17877 V [MYTAG][mail_tcp_socket][HttpTransportLayer]: [HTTP RSP]
09-14 11:08:00.603 13162 17877 V [MYTAG][mail_tcp_socket][HttpTransportLayer]: 	 errcode:0
09-14 11:08:00.603 13162 17877 V [MYTAG][mail_tcp_socket][HttpTransportLayer]: 	[content]{"result":0,"info":{"status":0,"free":305,"total":1883}}
09-14 11:08:00.603 13162 17877 V [MYTAG][mail_tcp_socket][HttpTransportLayer]: -----------------------------------------
09-14 11:08:00.606 13162 13162 W ProxyAndroidLoggerBackend: Too many Flogger logs received before configuration. Dropping old logs.
09-14 11:08:00.607 13162 13162 I chatty  : uid=10291(com.vidure.app) identical 2 lines
09-14 11:08:00.608 13162 13162 W ProxyAndroidLoggerBackend: Too many Flogger logs received before configuration. Dropping old logs.
09-14 11:08:00.618 13162 17877 V [MYTAG][main][Device]: 603 dev is connected:true
09-14 11:08:00.622 13162 17877 V [MYTAG][main][CameraPreviewActivity]: rev msg1:264454
09-14 11:08:00.626 13162 17877 V [MYTAG][main][Device]: 603 dev is connected:true
09-14 11:08:00.626 13162 17877 V [MYTAG][main][CameraPreviewActivity]: rev msg1:589832
09-14 11:08:00.683 13162 19281 W ProxyAndroidLoggerBackend: Too many Flogger logs received before configuration. Dropping old logs.
09-14 11:08:00.684 13162 19281 W ProxyAndroidLoggerBackend: Too many Flogger logs received before configuration. Dropping old logs.
09-14 11:08:00.684 13162 19058 W ProxyAndroidLoggerBackend: Too many Flogger logs received before configuration. Dropping old logs.
09-14 11:08:02.025 13162 18060 W System  : Ignoring header sessionid because its value was null.
09-14 11:08:02.025 13162 18060 I System.out: (HTTPLog)-Static: isSBSettingEnabled false
09-14 11:08:02.025 13162 18060 I System.out: (HTTPLog)-Static: isSBSettingEnabled false
09-14 11:08:02.026 13162 17877 V [MYTAG][HeartbeatMgr][RemoteOptor]: ----
09-14 11:08:02.026 13162 17877 V [MYTAG][HeartbeatMgr][RemoteOptor]: [CMD]Basic_Msg_MailBox
09-14 11:08:02.026 13162 17877 V [MYTAG][HeartbeatMgr][RemoteOptor]: [PARAM]null
09-14 11:08:02.026 13162 17877 V [MYTAG][HeartbeatMgr][HttpTransportLayer]: [HTTP SEND GET]
09-14 11:08:02.026 13162 17877 V [MYTAG][HeartbeatMgr][HttpTransportLayer]: 	 url:http://192.168.0.1:80/app/getparamvalue?param=rec
09-14 11:08:02.053 13162 17877 V [MYTAG][HeartbeatMgr][HttpTransportLayer]: [HTTP RSP]
09-14 11:08:02.053 13162 17877 V [MYTAG][HeartbeatMgr][HttpTransportLayer]: 	 errcode:0
09-14 11:08:02.053 13162 17877 V [MYTAG][HeartbeatMgr][HttpTransportLayer]: 	[content]{"result":0,"info":{"value":1}}
09-14 11:08:02.053 13162 17877 V [MYTAG][HeartbeatMgr][HttpTransportLayer]: -----------------------------------------
09-14 11:08:02.902 13162 19323 W ProxyAndroidLoggerBackend: Too many Flogger logs received before configuration. Dropping old logs.
09-14 11:08:02.903 13162 19323 I chatty  : uid=10291(com.vidure.app) identical 3 lines
09-14 11:08:02.903 13162 19323 W ProxyAndroidLoggerBackend: Too many Flogger logs received before configuration. Dropping old logs.
09-14 11:08:03.581 13162 17877 V [MYTAG][mail_tcp_socket][ViiSocketMailDataPhraser]: ------------mail---------------
09-14 11:08:03.581 13162 17877 V [MYTAG][mail_tcp_socket][ViiSocketMailDataPhraser]: {"msgid":"battery","info":{"capacity":62,"charge":0},"time":1757848083}
09-14 11:08:03.586 13162 17877 V [MYTAG][mail_tcp_socket][ViiSocketMailDataPhraser]: ------------mail---------------
09-14 11:08:03.586 13162 17877 V [MYTAG][mail_tcp_socket][ViiSocketMailDataPhraser]: {"msgid":"sd","info":{"status":0},"time":1757848083}
09-14 11:08:03.588 13162 17877 V [MYTAG][mail_tcp_socket][RemoteOptor]: ----
09-14 11:08:03.588 13162 17877 V [MYTAG][mail_tcp_socket][RemoteOptor]: [CMD]DEV_SDCARD_STATUS_QUERY
09-14 11:08:03.588 13162 17877 V [MYTAG][mail_tcp_socket][RemoteOptor]: [PARAM]null
09-14 11:08:03.600 13162 18059 W System  : Ignoring header sessionid because its value was null.
09-14 11:08:03.600 13162 17877 V [MYTAG][main][Device]: 603 dev is connected:true
09-14 11:08:03.601 13162 17877 V [MYTAG][mail_tcp_socket][HttpTransportLayer]: [HTTP SEND GET]
09-14 11:08:03.601 13162 17877 V [MYTAG][mail_tcp_socket][HttpTransportLayer]: 	 url:http://192.168.0.1:80/app/getsdinfo
09-14 11:08:03.601 13162 18059 I System.out: (HTTPLog)-Static: isSBSettingEnabled false
09-14 11:08:03.601 13162 18059 I System.out: (HTTPLog)-Static: isSBSettingEnabled false
09-14 11:08:03.632 13162 17877 V [MYTAG][mail_tcp_socket][HttpTransportLayer]: [HTTP RSP]
09-14 11:08:03.632 13162 17877 V [MYTAG][mail_tcp_socket][HttpTransportLayer]: 	 errcode:0
09-14 11:08:03.632 13162 17877 V [MYTAG][mail_tcp_socket][HttpTransportLayer]: 	[content]{"result":0,"info":{"status":0,"free":301,"total":1883}}
09-14 11:08:03.632 13162 17877 V [MYTAG][mail_tcp_socket][HttpTransportLayer]: -----------------------------------------
09-14 11:08:03.674 13162 13162 W ProxyAndroidLoggerBackend: Too many Flogger logs received before configuration. Dropping old logs.
09-14 11:08:03.686 13162 13162 I chatty  : uid=10291(com.vidure.app) identical 6 lines
09-14 11:08:03.687 13162 13162 W ProxyAndroidLoggerBackend: Too many Flogger logs received before configuration. Dropping old logs.
09-14 11:08:03.701 13162 17877 V [MYTAG][main][Device]: 603 dev is connected:true
09-14 11:08:03.704 13162 17877 V [MYTAG][main][CameraPreviewActivity]: rev msg1:264454
09-14 11:08:03.705 13162 17877 V [MYTAG][main][Device]: 603 dev is connected:true
09-14 11:08:03.705 13162 17877 V [MYTAG][main][CameraPreviewActivity]: rev msg1:589832
09-14 11:08:06.027 13162 17877 V [MYTAG][HeartbeatMgr][RemoteOptor]: ----
09-14 11:08:06.027 13162 17877 V [MYTAG][HeartbeatMgr][RemoteOptor]: [CMD]Basic_Msg_MailBox
09-14 11:08:06.027 13162 17877 V [MYTAG][HeartbeatMgr][RemoteOptor]: [PARAM]null
09-14 11:08:06.028 13162 18060 W System  : Ignoring header sessionid because its value was null.
09-14 11:08:06.028 13162 17877 V [MYTAG][HeartbeatMgr][HttpTransportLayer]: [HTTP SEND GET]
09-14 11:08:06.028 13162 17877 V [MYTAG][HeartbeatMgr][HttpTransportLayer]: 	 url:http://192.168.0.1:80/app/getparamvalue?param=rec
09-14 11:08:06.030 13162 18060 I System.out: (HTTPLog)-Static: isSBSettingEnabled false
09-14 11:08:06.031 13162 18060 I System.out: (HTTPLog)-Static: isSBSettingEnabled false
09-14 11:08:06.073 13162 17877 V [MYTAG][HeartbeatMgr][HttpTransportLayer]: [HTTP RSP]
09-14 11:08:06.073 13162 17877 V [MYTAG][HeartbeatMgr][HttpTransportLayer]: 	 errcode:0
09-14 11:08:06.073 13162 17877 V [MYTAG][HeartbeatMgr][HttpTransportLayer]: 	[content]{"result":0,"info":{"value":1}}
09-14 11:08:06.073 13162 17877 V [MYTAG][HeartbeatMgr][HttpTransportLayer]: -----------------------------------------
09-14 11:08:06.586 13162 17877 V [MYTAG][mail_tcp_socket][ViiSocketMailDataPhraser]: ------------mail---------------
09-14 11:08:06.586 13162 17877 V [MYTAG][mail_tcp_socket][ViiSocketMailDataPhraser]: {"msgid":"battery","info":{"capacity":62,"charge":0},"time":1757848086}
09-14 11:08:06.590 13162 17877 V [MYTAG][mail_tcp_socket][ViiSocketMailDataPhraser]: ------------mail---------------
09-14 11:08:06.590 13162 17877 V [MYTAG][mail_tcp_socket][ViiSocketMailDataPhraser]: {"msgid":"sd","info":{"status":0},"time":1757848086}
09-14 11:08:06.590 13162 18059 W System  : Ignoring header sessionid because its value was null.
09-14 11:08:06.591 13162 18059 I System.out: (HTTPLog)-Static: isSBSettingEnabled false
09-14 11:08:06.591 13162 18059 I System.out: (HTTPLog)-Static: isSBSettingEnabled false
09-14 11:08:06.592 13162 17877 V [MYTAG][mail_tcp_socket][RemoteOptor]: ----
09-14 11:08:06.592 13162 17877 V [MYTAG][mail_tcp_socket][RemoteOptor]: [CMD]DEV_SDCARD_STATUS_QUERY
09-14 11:08:06.592 13162 17877 V [MYTAG][mail_tcp_socket][RemoteOptor]: [PARAM]null
09-14 11:08:06.593 13162 17877 V [MYTAG][mail_tcp_socket][HttpTransportLayer]: [HTTP SEND GET]
09-14 11:08:06.593 13162 17877 V [MYTAG][mail_tcp_socket][HttpTransportLayer]: 	 url:http://192.168.0.1:80/app/getsdinfo
09-14 11:08:06.597 13162 17877 V [MYTAG][main][Device]: 603 dev is connected:true
09-14 11:08:06.619 13162 13162 W ProxyAndroidLoggerBackend: Too many Flogger logs received before configuration. Dropping old logs.
09-14 11:08:06.621 13162 13162 W ProxyAndroidLoggerBackend: Too many Flogger logs received before configuration. Dropping old logs.
09-14 11:08:06.621 13162 17877 V [MYTAG][mail_tcp_socket][HttpTransportLayer]: [HTTP RSP]
09-14 11:08:06.621 13162 17877 V [MYTAG][mail_tcp_socket][HttpTransportLayer]: 	 errcode:0
09-14 11:08:06.621 13162 17877 V [MYTAG][mail_tcp_socket][HttpTransportLayer]: 	[content]{"result":0,"info":{"status":0,"free":299,"total":1883}}
09-14 11:08:06.621 13162 17877 V [MYTAG][mail_tcp_socket][HttpTransportLayer]: -----------------------------------------
09-14 11:08:06.623 13162 13162 W ProxyAndroidLoggerBackend: Too many Flogger logs received before configuration. Dropping old logs.
09-14 11:08:06.630 13162 13162 I chatty  : uid=10291(com.vidure.app) identical 4 lines
09-14 11:08:06.631 13162 13162 W ProxyAndroidLoggerBackend: Too many Flogger logs received before configuration. Dropping old logs.
09-14 11:08:06.637 13162 19058 W ProxyAndroidLoggerBackend: Too many Flogger logs received before configuration. Dropping old logs.
09-14 11:08:06.643 13162 17877 V [MYTAG][main][Device]: 603 dev is connected:true
09-14 11:08:06.645 13162 17877 V [MYTAG][main][CameraPreviewActivity]: rev msg1:264454
09-14 11:08:06.645 13162 17877 V [MYTAG][main][Device]: 603 dev is connected:true
09-14 11:08:06.645 13162 17877 V [MYTAG][main][CameraPreviewActivity]: rev msg1:589832
09-14 11:08:09.599 13162 17877 V [MYTAG][mail_tcp_socket][ViiSocketMailDataPhraser]: ------------mail---------------
09-14 11:08:09.599 13162 17877 V [MYTAG][mail_tcp_socket][ViiSocketMailDataPhraser]: {"msgid":"battery","info":{"capacity":62,"charge":0},"time":1757848089}
09-14 11:08:09.601 13162 18059 W System  : Ignoring header sessionid because its value was null.
09-14 11:08:09.601 13162 17877 V [MYTAG][mail_tcp_socket][ViiSocketMailDataPhraser]: ------------mail---------------
09-14 11:08:09.601 13162 17877 V [MYTAG][mail_tcp_socket][ViiSocketMailDataPhraser]: {"msgid":"sd","info":{"status":0},"time":1757848089}
09-14 11:08:09.602 13162 18059 I System.out: (HTTPLog)-Static: isSBSettingEnabled false
09-14 11:08:09.602 13162 18059 I System.out: (HTTPLog)-Static: isSBSettingEnabled false
09-14 11:08:09.602 13162 17877 V [MYTAG][mail_tcp_socket][RemoteOptor]: ----
09-14 11:08:09.602 13162 17877 V [MYTAG][mail_tcp_socket][RemoteOptor]: [CMD]DEV_SDCARD_STATUS_QUERY
09-14 11:08:09.602 13162 17877 V [MYTAG][mail_tcp_socket][RemoteOptor]: [PARAM]null
09-14 11:08:09.602 13162 17877 V [MYTAG][mail_tcp_socket][HttpTransportLayer]: [HTTP SEND GET]
09-14 11:08:09.602 13162 17877 V [MYTAG][mail_tcp_socket][HttpTransportLayer]: 	 url:http://192.168.0.1:80/app/getsdinfo
09-14 11:08:09.607 13162 17877 V [MYTAG][main][Device]: 603 dev is connected:true
09-14 11:08:09.631 13162 17877 V [MYTAG][mail_tcp_socket][HttpTransportLayer]: [HTTP RSP]
09-14 11:08:09.631 13162 17877 V [MYTAG][mail_tcp_socket][HttpTransportLayer]: 	 errcode:0
09-14 11:08:09.631 13162 17877 V [MYTAG][mail_tcp_socket][HttpTransportLayer]: 	[content]{"result":0,"info":{"status":0,"free":295,"total":1883}}
09-14 11:08:09.631 13162 17877 V [MYTAG][mail_tcp_socket][HttpTransportLayer]: -----------------------------------------
09-14 11:08:09.640 13162 13162 W ProxyAndroidLoggerBackend: Too many Flogger logs received before configuration. Dropping old logs.
09-14 11:08:09.653 13162 13162 I chatty  : uid=10291(com.vidure.app) identical 6 lines
09-14 11:08:09.654 13162 13162 W ProxyAndroidLoggerBackend: Too many Flogger logs received before configuration. Dropping old logs.
09-14 11:08:09.657 13162 19281 W ProxyAndroidLoggerBackend: Too many Flogger logs received before configuration. Dropping old logs.
09-14 11:08:09.658 13162 19281 W ProxyAndroidLoggerBackend: Too many Flogger logs received before configuration. Dropping old logs.
09-14 11:08:09.666 13162 17877 V [MYTAG][main][Device]: 603 dev is connected:true
09-14 11:08:09.667 13162 17877 V [MYTAG][main][CameraPreviewActivity]: rev msg1:264454
09-14 11:08:09.667 13162 17877 V [MYTAG][main][Device]: 603 dev is connected:true
09-14 11:08:09.668 13162 17877 V [MYTAG][main][CameraPreviewActivity]: rev msg1:589832
09-14 11:08:09.772 13162 19058 W ProxyAndroidLoggerBackend: Too many Flogger logs received before configuration. Dropping old logs.
09-14 11:08:09.773 13162 19058 W ProxyAndroidLoggerBackend: Too many Flogger logs received before configuration. Dropping old logs.
09-14 11:08:09.773 13162 19281 W ProxyAndroidLoggerBackend: Too many Flogger logs received before configuration. Dropping old logs.
09-14 11:08:10.027 13162 17877 V [MYTAG][HeartbeatMgr][RemoteOptor]: ----
09-14 11:08:10.027 13162 17877 V [MYTAG][HeartbeatMgr][RemoteOptor]: [CMD]Basic_Msg_MailBox
09-14 11:08:10.027 13162 17877 V [MYTAG][HeartbeatMgr][RemoteOptor]: [PARAM]null
09-14 11:08:10.028 13162 17877 V [MYTAG][HeartbeatMgr][HttpTransportLayer]: [HTTP SEND GET]
09-14 11:08:10.028 13162 17877 V [MYTAG][HeartbeatMgr][HttpTransportLayer]: 	 url:http://192.168.0.1:80/app/getparamvalue?param=rec
09-14 11:08:10.028 13162 18060 W System  : Ignoring header sessionid because its value was null.
09-14 11:08:10.028 13162 18060 I System.out: (HTTPLog)-Static: isSBSettingEnabled false
09-14 11:08:10.029 13162 18060 I System.out: (HTTPLog)-Static: isSBSettingEnabled false
09-14 11:08:10.061 13162 17877 V [MYTAG][HeartbeatMgr][HttpTransportLayer]: [HTTP RSP]
09-14 11:08:10.061 13162 17877 V [MYTAG][HeartbeatMgr][HttpTransportLayer]: 	 errcode:0
09-14 11:08:10.061 13162 17877 V [MYTAG][HeartbeatMgr][HttpTransportLayer]: 	[content]{"result":0,"info":{"value":1}}
09-14 11:08:10.061 13162 17877 V [MYTAG][HeartbeatMgr][HttpTransportLayer]: -----------------------------------------
09-14 11:08:12.623 13162 17877 V [MYTAG][mail_tcp_socket][ViiSocketMailDataPhraser]: ------------mail---------------
09-14 11:08:12.623 13162 17877 V [MYTAG][mail_tcp_socket][ViiSocketMailDataPhraser]: {"msgid":"battery","info":{"capacity":62,"charge":0},"time":1757848092}
09-14 11:08:12.634 13162 18059 W System  : Ignoring header sessionid because its value was null.
09-14 11:08:12.634 13162 17877 V [MYTAG][main][Device]: 603 dev is connected:true
09-14 11:08:12.635 13162 18059 I System.out: (HTTPLog)-Static: isSBSettingEnabled false
09-14 11:08:12.635 13162 17877 V [MYTAG][mail_tcp_socket][ViiSocketMailDataPhraser]: ------------mail---------------
09-14 11:08:12.635 13162 17877 V [MYTAG][mail_tcp_socket][ViiSocketMailDataPhraser]: {"msgid":"sd","info":{"status":0},"time":1757848092}
09-14 11:08:12.635 13162 17877 V [MYTAG][mail_tcp_socket][RemoteOptor]: ----
09-14 11:08:12.635 13162 17877 V [MYTAG][mail_tcp_socket][RemoteOptor]: [CMD]DEV_SDCARD_STATUS_QUERY
09-14 11:08:12.635 13162 17877 V [MYTAG][mail_tcp_socket][RemoteOptor]: [PARAM]null
09-14 11:08:12.635 13162 18059 I System.out: (HTTPLog)-Static: isSBSettingEnabled false
09-14 11:08:12.635 13162 17877 V [MYTAG][mail_tcp_socket][HttpTransportLayer]: [HTTP SEND GET]
09-14 11:08:12.635 13162 17877 V [MYTAG][mail_tcp_socket][HttpTransportLayer]: 	 url:http://192.168.0.1:80/app/getsdinfo
09-14 11:08:12.689 13162 13162 W ProxyAndroidLoggerBackend: Too many Flogger logs received before configuration. Dropping old logs.
09-14 11:08:12.698 13162 13162 I chatty  : uid=10291(com.vidure.app) identical 6 lines
09-14 11:08:12.699 13162 13162 W ProxyAndroidLoggerBackend: Too many Flogger logs received before configuration. Dropping old logs.
09-14 11:08:12.714 13162 17877 V [MYTAG][main][Device]: 603 dev is connected:true
09-14 11:08:12.715 13162 17877 V [MYTAG][main][CameraPreviewActivity]: rev msg1:264454
09-14 11:08:12.833 13162 17877 V [MYTAG][mail_tcp_socket][HttpTransportLayer]: [HTTP RSP]
09-14 11:08:12.833 13162 17877 V [MYTAG][mail_tcp_socket][HttpTransportLayer]: 	 errcode:0
09-14 11:08:12.833 13162 17877 V [MYTAG][mail_tcp_socket][HttpTransportLayer]: 	[content]{"result":0,"info":{"status":0,"free":290,"total":1883}}
09-14 11:08:12.833 13162 17877 V [MYTAG][mail_tcp_socket][HttpTransportLayer]: -----------------------------------------
09-14 11:08:12.836 13162 17877 V [MYTAG][main][Device]: 603 dev is connected:true
09-14 11:08:12.836 13162 17877 V [MYTAG][main][CameraPreviewActivity]: rev msg1:589832
09-14 11:08:12.905 13162 19288 W ProxyAndroidLoggerBackend: Too many Flogger logs received before configuration. Dropping old logs.
09-14 11:08:12.910 13162 19288 I chatty  : uid=10291(com.vidure.app) identical 2 lines
09-14 11:08:12.911 13162 19288 W ProxyAndroidLoggerBackend: Too many Flogger logs received before configuration. Dropping old logs.
09-14 11:08:14.029 13162 17877 V [MYTAG][HeartbeatMgr][RemoteOptor]: ----
09-14 11:08:14.029 13162 17877 V [MYTAG][HeartbeatMgr][RemoteOptor]: [CMD]Basic_Msg_MailBox
09-14 11:08:14.029 13162 17877 V [MYTAG][HeartbeatMgr][RemoteOptor]: [PARAM]null
09-14 11:08:14.030 13162 18060 W System  : Ignoring header sessionid because its value was null.
09-14 11:08:14.030 13162 17877 V [MYTAG][HeartbeatMgr][HttpTransportLayer]: [HTTP SEND GET]
09-14 11:08:14.030 13162 17877 V [MYTAG][HeartbeatMgr][HttpTransportLayer]: 	 url:http://192.168.0.1:80/app/getparamvalue?param=rec
09-14 11:08:14.031 13162 18060 I System.out: (HTTPLog)-Static: isSBSettingEnabled false
09-14 11:08:14.032 13162 18060 I System.out: (HTTPLog)-Static: isSBSettingEnabled false
09-14 11:08:14.069 13162 17877 V [MYTAG][HeartbeatMgr][HttpTransportLayer]: [HTTP RSP]
09-14 11:08:14.069 13162 17877 V [MYTAG][HeartbeatMgr][HttpTransportLayer]: 	 errcode:0
09-14 11:08:14.069 13162 17877 V [MYTAG][HeartbeatMgr][HttpTransportLayer]: 	[content]{"result":0,"info":{"value":1}}
09-14 11:08:14.069 13162 17877 V [MYTAG][HeartbeatMgr][HttpTransportLayer]: -----------------------------------------
09-14 11:08:15.628 13162 17877 V [MYTAG][mail_tcp_socket][ViiSocketMailDataPhraser]: ------------mail---------------
09-14 11:08:15.628 13162 17877 V [MYTAG][mail_tcp_socket][ViiSocketMailDataPhraser]: {"msgid":"battery","info":{"capacity":62,"charge":0},"time":1757848095}
09-14 11:08:15.629 13162 17877 V [MYTAG][mail_tcp_socket][ViiSocketMailDataPhraser]: ------------mail---------------
09-14 11:08:15.629 13162 17877 V [MYTAG][mail_tcp_socket][ViiSocketMailDataPhraser]: {"msgid":"sd","info":{"status":0},"time":1757848095}
09-14 11:08:15.629 13162 17877 V [MYTAG][mail_tcp_socket][RemoteOptor]: ----
09-14 11:08:15.629 13162 17877 V [MYTAG][mail_tcp_socket][RemoteOptor]: [CMD]DEV_SDCARD_STATUS_QUERY
09-14 11:08:15.629 13162 17877 V [MYTAG][mail_tcp_socket][RemoteOptor]: [PARAM]null
09-14 11:08:15.631 13162 18059 W System  : Ignoring header sessionid because its value was null.
09-14 11:08:15.631 13162 18059 I System.out: (HTTPLog)-Static: isSBSettingEnabled false
09-14 11:08:15.631 13162 18059 I System.out: (HTTPLog)-Static: isSBSettingEnabled false
09-14 11:08:15.632 13162 17877 V [MYTAG][mail_tcp_socket][HttpTransportLayer]: [HTTP SEND GET]
09-14 11:08:15.632 13162 17877 V [MYTAG][mail_tcp_socket][HttpTransportLayer]: 	 url:http://192.168.0.1:80/app/getsdinfo
09-14 11:08:15.637 13162 17877 V [MYTAG][main][Device]: 603 dev is connected:true
09-14 11:08:15.660 13162 17877 V [MYTAG][mail_tcp_socket][HttpTransportLayer]: [HTTP RSP]
09-14 11:08:15.660 13162 17877 V [MYTAG][mail_tcp_socket][HttpTransportLayer]: 	 errcode:0
09-14 11:08:15.660 13162 17877 V [MYTAG][mail_tcp_socket][HttpTransportLayer]: 	[content]{"result":0,"info":{"status":0,"free":287,"total":1883}}
09-14 11:08:15.660 13162 17877 V [MYTAG][mail_tcp_socket][HttpTransportLayer]: -----------------------------------------
09-14 11:08:15.663 13162 13162 W ProxyAndroidLoggerBackend: Too many Flogger logs received before configuration. Dropping old logs.
09-14 11:08:15.671 13162 13162 I chatty  : uid=10291(com.vidure.app) identical 6 lines
09-14 11:08:15.672 13162 13162 W ProxyAndroidLoggerBackend: Too many Flogger logs received before configuration. Dropping old logs.
09-14 11:08:15.680 13162 17877 V [MYTAG][main][Device]: 603 dev is connected:true
09-14 11:08:15.684 13162 17877 V [MYTAG][main][CameraPreviewActivity]: rev msg1:264454
09-14 11:08:15.684 13162 17877 V [MYTAG][main][Device]: 603 dev is connected:true
09-14 11:08:15.685 13162 17877 V [MYTAG][main][CameraPreviewActivity]: rev msg1:589832
09-14 11:08:15.737 13162 19359 W ProxyAndroidLoggerBackend: Too many Flogger logs received before configuration. Dropping old logs.
09-14 11:08:15.737 13162 19359 I chatty  : uid=10291(com.vidure.app) identical 1 line
09-14 11:08:15.738 13162 19359 W ProxyAndroidLoggerBackend: Too many Flogger logs received before configuration. Dropping old logs.
09-14 11:08:18.028 13162 18060 W System  : Ignoring header sessionid because its value was null.
09-14 11:08:18.028 13162 17877 V [MYTAG][HeartbeatMgr][RemoteOptor]: ----
09-14 11:08:18.028 13162 17877 V [MYTAG][HeartbeatMgr][RemoteOptor]: [CMD]Basic_Msg_MailBox
09-14 11:08:18.028 13162 17877 V [MYTAG][HeartbeatMgr][RemoteOptor]: [PARAM]null
09-14 11:08:18.029 13162 17877 V [MYTAG][HeartbeatMgr][HttpTransportLayer]: [HTTP SEND GET]
09-14 11:08:18.029 13162 17877 V [MYTAG][HeartbeatMgr][HttpTransportLayer]: 	 url:http://192.168.0.1:80/app/getparamvalue?param=rec
09-14 11:08:18.029 13162 18060 I System.out: (HTTPLog)-Static: isSBSettingEnabled false
09-14 11:08:18.029 13162 18060 I System.out: (HTTPLog)-Static: isSBSettingEnabled false
09-14 11:08:18.120 13162 17877 V [MYTAG][HeartbeatMgr][HttpTransportLayer]: [HTTP RSP]
09-14 11:08:18.120 13162 17877 V [MYTAG][HeartbeatMgr][HttpTransportLayer]: 	 errcode:0
09-14 11:08:18.120 13162 17877 V [MYTAG][HeartbeatMgr][HttpTransportLayer]: 	[content]{"result":0,"info":{"value":1}}
09-14 11:08:18.120 13162 17877 V [MYTAG][HeartbeatMgr][HttpTransportLayer]: -----------------------------------------
09-14 11:08:18.636 13162 17877 V [MYTAG][mail_tcp_socket][ViiSocketMailDataPhraser]: ------------mail---------------
09-14 11:08:18.636 13162 17877 V [MYTAG][mail_tcp_socket][ViiSocketMailDataPhraser]: {"msgid":"battery","info":{"capacity":62,"charge":0},"time":1757848098}
09-14 11:08:18.646 13162 18059 W System  : Ignoring header sessionid because its value was null.
09-14 11:08:18.647 13162 18059 I System.out: (HTTPLog)-Static: isSBSettingEnabled false
09-14 11:08:18.647 13162 18059 I System.out: (HTTPLog)-Static: isSBSettingEnabled false
09-14 11:08:18.650 13162 17877 V [MYTAG][mail_tcp_socket][ViiSocketMailDataPhraser]: ------------mail---------------
09-14 11:08:18.650 13162 17877 V [MYTAG][mail_tcp_socket][ViiSocketMailDataPhraser]: {"msgid":"sd","info":{"status":0},"time":1757848098}
09-14 11:08:18.650 13162 17877 V [MYTAG][mail_tcp_socket][RemoteOptor]: ----
09-14 11:08:18.650 13162 17877 V [MYTAG][mail_tcp_socket][RemoteOptor]: [CMD]DEV_SDCARD_STATUS_QUERY
09-14 11:08:18.650 13162 17877 V [MYTAG][mail_tcp_socket][RemoteOptor]: [PARAM]null
09-14 11:08:18.651 13162 17877 V [MYTAG][mail_tcp_socket][HttpTransportLayer]: [HTTP SEND GET]
09-14 11:08:18.651 13162 17877 V [MYTAG][mail_tcp_socket][HttpTransportLayer]: 	 url:http://192.168.0.1:80/app/getsdinfo
09-14 11:08:18.651 13162 17877 V [MYTAG][main][Device]: 603 dev is connected:true
09-14 11:08:18.708 13162 13162 W ProxyAndroidLoggerBackend: Too many Flogger logs received before configuration. Dropping old logs.
09-14 11:08:18.719 13162 13162 I chatty  : uid=10291(com.vidure.app) identical 6 lines
09-14 11:08:18.720 13162 13162 W ProxyAndroidLoggerBackend: Too many Flogger logs received before configuration. Dropping old logs.
09-14 11:08:18.723 13162 19281 W ProxyAndroidLoggerBackend: Too many Flogger logs received before configuration. Dropping old logs.
09-14 11:08:18.734 13162 17877 V [MYTAG][main][Device]: 603 dev is connected:true
09-14 11:08:18.737 13162 17877 V [MYTAG][mail_tcp_socket][HttpTransportLayer]: [HTTP RSP]
09-14 11:08:18.737 13162 17877 V [MYTAG][mail_tcp_socket][HttpTransportLayer]: 	 errcode:0
09-14 11:08:18.737 13162 17877 V [MYTAG][mail_tcp_socket][HttpTransportLayer]: 	[content]{"result":0,"info":{"status":0,"free":284,"total":1883}}
09-14 11:08:18.737 13162 17877 V [MYTAG][mail_tcp_socket][HttpTransportLayer]: -----------------------------------------
09-14 11:08:18.738 13162 17877 V [MYTAG][main][CameraPreviewActivity]: rev msg1:264454
09-14 11:08:18.739 13162 17877 V [MYTAG][main][Device]: 603 dev is connected:true
09-14 11:08:18.739 13162 17877 V [MYTAG][main][CameraPreviewActivity]: rev msg1:589832
09-14 11:08:19.312 13162 17833 I com.vidure.app: Background young concurrent copying GC freed 100398(17MB) AllocSpace objects, 41(2436KB) LOS objects, 25% free, 60MB/80MB, paused 647us total 143.484ms
09-14 11:08:21.648 13162 17877 V [MYTAG][mail_tcp_socket][ViiSocketMailDataPhraser]: ------------mail---------------
09-14 11:08:21.648 13162 17877 V [MYTAG][mail_tcp_socket][ViiSocketMailDataPhraser]: {"msgid":"battery","info":{"capacity":62,"charge":0},"time":1757848101}
09-14 11:08:21.656 13162 17877 V [MYTAG][main][Device]: 603 dev is connected:true
09-14 11:08:21.661 13162 18059 W System  : Ignoring header sessionid because its value was null.
09-14 11:08:21.661 13162 18059 I System.out: (HTTPLog)-Static: isSBSettingEnabled false
09-14 11:08:21.661 13162 18059 I System.out: (HTTPLog)-Static: isSBSettingEnabled false
09-14 11:08:21.662 13162 17877 V [MYTAG][mail_tcp_socket][ViiSocketMailDataPhraser]: ------------mail---------------
09-14 11:08:21.662 13162 17877 V [MYTAG][mail_tcp_socket][ViiSocketMailDataPhraser]: {"msgid":"sd","info":{"status":0},"time":1757848101}
09-14 11:08:21.662 13162 17877 V [MYTAG][mail_tcp_socket][RemoteOptor]: ----
09-14 11:08:21.662 13162 17877 V [MYTAG][mail_tcp_socket][RemoteOptor]: [CMD]DEV_SDCARD_STATUS_QUERY
09-14 11:08:21.662 13162 17877 V [MYTAG][mail_tcp_socket][RemoteOptor]: [PARAM]null
09-14 11:08:21.663 13162 17877 V [MYTAG][mail_tcp_socket][HttpTransportLayer]: [HTTP SEND GET]
09-14 11:08:21.663 13162 17877 V [MYTAG][mail_tcp_socket][HttpTransportLayer]: 	 url:http://192.168.0.1:80/app/getsdinfo
09-14 11:08:21.693 13162 17877 V [MYTAG][mail_tcp_socket][HttpTransportLayer]: [HTTP RSP]
09-14 11:08:21.693 13162 17877 V [MYTAG][mail_tcp_socket][HttpTransportLayer]: 	 errcode:0
09-14 11:08:21.693 13162 17877 V [MYTAG][mail_tcp_socket][HttpTransportLayer]: 	[content]{"result":0,"info":{"status":0,"free":280,"total":1883}}
09-14 11:08:21.693 13162 17877 V [MYTAG][mail_tcp_socket][HttpTransportLayer]: -----------------------------------------
09-14 11:08:21.724 13162 13162 W ProxyAndroidLoggerBackend: Too many Flogger logs received before configuration. Dropping old logs.
09-14 11:08:21.739 13162 13162 I chatty  : uid=10291(com.vidure.app) identical 6 lines
09-14 11:08:21.741 13162 13162 W ProxyAndroidLoggerBackend: Too many Flogger logs received before configuration. Dropping old logs.
09-14 11:08:21.752 13162 17877 V [MYTAG][main][Device]: 603 dev is connected:true
09-14 11:08:21.755 13162 17877 V [MYTAG][main][CameraPreviewActivity]: rev msg1:264454
09-14 11:08:21.756 13162 17877 V [MYTAG][main][Device]: 603 dev is connected:true
09-14 11:08:21.756 13162 17877 V [MYTAG][main][CameraPreviewActivity]: rev msg1:589832
09-14 11:08:21.759 13162 19357 W ProxyAndroidLoggerBackend: Too many Flogger logs received before configuration. Dropping old logs.
09-14 11:08:21.760 13162 19357 W ProxyAndroidLoggerBackend: Too many Flogger logs received before configuration. Dropping old logs.
09-14 11:08:21.760 13162 19359 W ProxyAndroidLoggerBackend: Too many Flogger logs received before configuration. Dropping old logs.
09-14 11:08:22.029 13162 17877 V [MYTAG][HeartbeatMgr][RemoteOptor]: ----
09-14 11:08:22.029 13162 17877 V [MYTAG][HeartbeatMgr][RemoteOptor]: [CMD]Basic_Msg_MailBox
09-14 11:08:22.029 13162 17877 V [MYTAG][HeartbeatMgr][RemoteOptor]: [PARAM]null
09-14 11:08:22.031 13162 17877 V [MYTAG][HeartbeatMgr][HttpTransportLayer]: [HTTP SEND GET]
09-14 11:08:22.031 13162 17877 V [MYTAG][HeartbeatMgr][HttpTransportLayer]: 	 url:http://192.168.0.1:80/app/getparamvalue?param=rec
09-14 11:08:22.031 13162 18060 W System  : Ignoring header sessionid because its value was null.
09-14 11:08:22.031 13162 18060 I System.out: (HTTPLog)-Static: isSBSettingEnabled false
09-14 11:08:22.031 13162 18060 I System.out: (HTTPLog)-Static: isSBSettingEnabled false
09-14 11:08:22.063 13162 17877 V [MYTAG][HeartbeatMgr][HttpTransportLayer]: [HTTP RSP]
09-14 11:08:22.063 13162 17877 V [MYTAG][HeartbeatMgr][HttpTransportLayer]: 	 errcode:0
09-14 11:08:22.063 13162 17877 V [MYTAG][HeartbeatMgr][HttpTransportLayer]: 	[content]{"result":0,"info":{"value":1}}
09-14 11:08:22.063 13162 17877 V [MYTAG][HeartbeatMgr][HttpTransportLayer]: -----------------------------------------
09-14 11:08:24.660 13162 17877 V [MYTAG][mail_tcp_socket][ViiSocketMailDataPhraser]: ------------mail---------------
09-14 11:08:24.660 13162 17877 V [MYTAG][mail_tcp_socket][ViiSocketMailDataPhraser]: {"msgid":"battery","info":{"capacity":62,"charge":0},"time":1757848104}
09-14 11:08:24.662 13162 17877 V [MYTAG][mail_tcp_socket][ViiSocketMailDataPhraser]: ------------mail---------------
09-14 11:08:24.662 13162 17877 V [MYTAG][mail_tcp_socket][ViiSocketMailDataPhraser]: {"msgid":"sd","info":{"status":0},"time":1757848104}
09-14 11:08:24.662 13162 17877 V [MYTAG][mail_tcp_socket][RemoteOptor]: ----
09-14 11:08:24.662 13162 17877 V [MYTAG][mail_tcp_socket][RemoteOptor]: [CMD]DEV_SDCARD_STATUS_QUERY
09-14 11:08:24.662 13162 17877 V [MYTAG][mail_tcp_socket][RemoteOptor]: [PARAM]null
09-14 11:08:24.662 13162 18059 W System  : Ignoring header sessionid because its value was null.
09-14 11:08:24.663 13162 17877 V [MYTAG][mail_tcp_socket][HttpTransportLayer]: [HTTP SEND GET]
09-14 11:08:24.663 13162 17877 V [MYTAG][mail_tcp_socket][HttpTransportLayer]: 	 url:http://192.168.0.1:80/app/getsdinfo
09-14 11:08:24.663 13162 18059 I System.out: (HTTPLog)-Static: isSBSettingEnabled false
09-14 11:08:24.663 13162 18059 I System.out: (HTTPLog)-Static: isSBSettingEnabled false
09-14 11:08:24.688 13162 17877 V [MYTAG][main][Device]: 603 dev is connected:true
09-14 11:08:24.701 13162 17877 V [MYTAG][mail_tcp_socket][HttpTransportLayer]: [HTTP RSP]
09-14 11:08:24.701 13162 17877 V [MYTAG][mail_tcp_socket][HttpTransportLayer]: 	 errcode:0
09-14 11:08:24.701 13162 17877 V [MYTAG][mail_tcp_socket][HttpTransportLayer]: 	[content]{"result":0,"info":{"status":0,"free":276,"total":1883}}
09-14 11:08:24.701 13162 17877 V [MYTAG][mail_tcp_socket][HttpTransportLayer]: -----------------------------------------
09-14 11:08:24.754 13162 13162 W ProxyAndroidLoggerBackend: Too many Flogger logs received before configuration. Dropping old logs.
09-14 11:08:24.764 13162 13162 I chatty  : uid=10291(com.vidure.app) identical 6 lines
09-14 11:08:24.766 13162 13162 W ProxyAndroidLoggerBackend: Too many Flogger logs received before configuration. Dropping old logs.
09-14 11:08:24.772 13162 19357 W ProxyAndroidLoggerBackend: Too many Flogger logs received before configuration. Dropping old logs.
09-14 11:08:24.773 13162 19357 W ProxyAndroidLoggerBackend: Too many Flogger logs received before configuration. Dropping old logs.
09-14 11:08:24.778 13162 17877 V [MYTAG][main][Device]: 603 dev is connected:true
09-14 11:08:24.782 13162 17877 V [MYTAG][main][CameraPreviewActivity]: rev msg1:264454
09-14 11:08:24.783 13162 17877 V [MYTAG][main][Device]: 603 dev is connected:true
09-14 11:08:24.783 13162 17877 V [MYTAG][main][CameraPreviewActivity]: rev msg1:589832
09-14 11:08:26.030 13162 17877 V [MYTAG][HeartbeatMgr][RemoteOptor]: ----
09-14 11:08:26.030 13162 17877 V [MYTAG][HeartbeatMgr][RemoteOptor]: [CMD]Basic_Msg_MailBox
09-14 11:08:26.030 13162 17877 V [MYTAG][HeartbeatMgr][RemoteOptor]: [PARAM]null
09-14 11:08:26.032 13162 18060 W System  : Ignoring header sessionid because its value was null.
09-14 11:08:26.033 13162 18060 I System.out: (HTTPLog)-Static: isSBSettingEnabled false
09-14 11:08:26.033 13162 17877 V [MYTAG][HeartbeatMgr][HttpTransportLayer]: [HTTP SEND GET]
09-14 11:08:26.033 13162 17877 V [MYTAG][HeartbeatMgr][HttpTransportLayer]: 	 url:http://192.168.0.1:80/app/getparamvalue?param=rec
09-14 11:08:26.033 13162 18060 I System.out: (HTTPLog)-Static: isSBSettingEnabled false
09-14 11:08:26.121 13162 17877 V [MYTAG][HeartbeatMgr][HttpTransportLayer]: [HTTP RSP]
09-14 11:08:26.121 13162 17877 V [MYTAG][HeartbeatMgr][HttpTransportLayer]: 	 errcode:0
09-14 11:08:26.121 13162 17877 V [MYTAG][HeartbeatMgr][HttpTransportLayer]: 	[content]{"result":0,"info":{"value":1}}
09-14 11:08:26.121 13162 17877 V [MYTAG][HeartbeatMgr][HttpTransportLayer]: -----------------------------------------
09-14 11:08:27.668 13162 17877 V [MYTAG][mail_tcp_socket][ViiSocketMailDataPhraser]: ------------mail---------------
09-14 11:08:27.668 13162 17877 V [MYTAG][mail_tcp_socket][ViiSocketMailDataPhraser]: {"msgid":"battery","info":{"capacity":62,"charge":0},"time":1757848107}
09-14 11:08:27.669 13162 17877 V [MYTAG][mail_tcp_socket][ViiSocketMailDataPhraser]: ------------mail---------------
09-14 11:08:27.669 13162 17877 V [MYTAG][mail_tcp_socket][ViiSocketMailDataPhraser]: {"msgid":"sd","info":{"status":0},"time":1757848107}
09-14 11:08:27.670 13162 17877 V [MYTAG][mail_tcp_socket][RemoteOptor]: ----
09-14 11:08:27.670 13162 17877 V [MYTAG][mail_tcp_socket][RemoteOptor]: [CMD]DEV_SDCARD_STATUS_QUERY
09-14 11:08:27.670 13162 17877 V [MYTAG][mail_tcp_socket][RemoteOptor]: [PARAM]null
09-14 11:08:27.670 13162 17877 V [MYTAG][mail_tcp_socket][HttpTransportLayer]: [HTTP SEND GET]
09-14 11:08:27.670 13162 17877 V [MYTAG][mail_tcp_socket][HttpTransportLayer]: 	 url:http://192.168.0.1:80/app/getsdinfo
09-14 11:08:27.670 13162 18059 W System  : Ignoring header sessionid because its value was null.
09-14 11:08:27.671 13162 18059 I System.out: (HTTPLog)-Static: isSBSettingEnabled false
09-14 11:08:27.671 13162 18059 I System.out: (HTTPLog)-Static: isSBSettingEnabled false
09-14 11:08:27.686 13162 17877 V [MYTAG][main][Device]: 603 dev is connected:true
09-14 11:08:27.703 13162 17877 V [MYTAG][mail_tcp_socket][HttpTransportLayer]: [HTTP RSP]
09-14 11:08:27.703 13162 17877 V [MYTAG][mail_tcp_socket][HttpTransportLayer]: 	 errcode:0
09-14 11:08:27.703 13162 17877 V [MYTAG][mail_tcp_socket][HttpTransportLayer]: 	[content]{"result":0,"info":{"status":0,"free":272,"total":1883}}
09-14 11:08:27.703 13162 17877 V [MYTAG][mail_tcp_socket][HttpTransportLayer]: -----------------------------------------
09-14 11:08:27.746 13162 13162 W ProxyAndroidLoggerBackend: Too many Flogger logs received before configuration. Dropping old logs.
09-14 11:08:27.753 13162 13162 I chatty  : uid=10291(com.vidure.app) identical 6 lines
09-14 11:08:27.754 13162 13162 W ProxyAndroidLoggerBackend: Too many Flogger logs received before configuration. Dropping old logs.
09-14 11:08:27.761 13162 17877 V [MYTAG][main][Device]: 603 dev is connected:true
09-14 11:08:27.767 13162 17877 V [MYTAG][main][CameraPreviewActivity]: rev msg1:264454
09-14 11:08:27.767 13162 17877 V [MYTAG][main][Device]: 603 dev is connected:true
09-14 11:08:27.767 13162 17877 V [MYTAG][main][CameraPreviewActivity]: rev msg1:589832
09-14 11:08:27.773 13162 19281 W ProxyAndroidLoggerBackend: Too many Flogger logs received before configuration. Dropping old logs.
09-14 11:08:27.773 13162 19281 W ProxyAndroidLoggerBackend: Too many Flogger logs received before configuration. Dropping old logs.
09-14 11:08:27.773 13162 19357 W ProxyAndroidLoggerBackend: Too many Flogger logs received before configuration. Dropping old logs.
09-14 11:08:28.482 13162 19359 W ProxyAndroidLoggerBackend: Too many Flogger logs received before configuration. Dropping old logs.
09-14 11:08:28.528 13162 19281 W ProxyAndroidLoggerBackend: Too many Flogger logs received before configuration. Dropping old logs.
09-14 11:08:30.029 13162 17877 V [MYTAG][HeartbeatMgr][RemoteOptor]: ----
09-14 11:08:30.029 13162 17877 V [MYTAG][HeartbeatMgr][RemoteOptor]: [CMD]Basic_Msg_MailBox
09-14 11:08:30.029 13162 17877 V [MYTAG][HeartbeatMgr][RemoteOptor]: [PARAM]null
09-14 11:08:30.030 13162 17877 V [MYTAG][HeartbeatMgr][HttpTransportLayer]: [HTTP SEND GET]
09-14 11:08:30.030 13162 17877 V [MYTAG][HeartbeatMgr][HttpTransportLayer]: 	 url:http://192.168.0.1:80/app/getparamvalue?param=rec
09-14 11:08:30.030 13162 18060 W System  : Ignoring header sessionid because its value was null.
09-14 11:08:30.031 13162 18060 I System.out: (HTTPLog)-Static: isSBSettingEnabled false
09-14 11:08:30.031 13162 18060 I System.out: (HTTPLog)-Static: isSBSettingEnabled false
09-14 11:08:30.064 13162 17877 V [MYTAG][HeartbeatMgr][HttpTransportLayer]: [HTTP RSP]
09-14 11:08:30.064 13162 17877 V [MYTAG][HeartbeatMgr][HttpTransportLayer]: 	 errcode:0
09-14 11:08:30.064 13162 17877 V [MYTAG][HeartbeatMgr][HttpTransportLayer]: 	[content]{"result":0,"info":{"value":1}}
09-14 11:08:30.064 13162 17877 V [MYTAG][HeartbeatMgr][HttpTransportLayer]: -----------------------------------------
09-14 11:08:30.677 13162 17877 V [MYTAG][mail_tcp_socket][ViiSocketMailDataPhraser]: ------------mail---------------
09-14 11:08:30.677 13162 17877 V [MYTAG][mail_tcp_socket][ViiSocketMailDataPhraser]: {"msgid":"battery","info":{"capacity":62,"charge":0},"time":1757848110}
09-14 11:08:30.681 13162 18059 W System  : Ignoring header sessionid because its value was null.
09-14 11:08:30.681 13162 17877 V [MYTAG][mail_tcp_socket][ViiSocketMailDataPhraser]: ------------mail---------------
09-14 11:08:30.681 13162 17877 V [MYTAG][mail_tcp_socket][ViiSocketMailDataPhraser]: {"msgid":"sd","info":{"status":0},"time":1757848110}
09-14 11:08:30.682 13162 17877 V [MYTAG][mail_tcp_socket][RemoteOptor]: ----
09-14 11:08:30.682 13162 17877 V [MYTAG][mail_tcp_socket][RemoteOptor]: [CMD]DEV_SDCARD_STATUS_QUERY
09-14 11:08:30.682 13162 17877 V [MYTAG][mail_tcp_socket][RemoteOptor]: [PARAM]null
09-14 11:08:30.682 13162 17877 V [MYTAG][mail_tcp_socket][HttpTransportLayer]: [HTTP SEND GET]
09-14 11:08:30.682 13162 17877 V [MYTAG][mail_tcp_socket][HttpTransportLayer]: 	 url:http://192.168.0.1:80/app/getsdinfo
09-14 11:08:30.682 13162 18059 I System.out: (HTTPLog)-Static: isSBSettingEnabled false
09-14 11:08:30.682 13162 18059 I System.out: (HTTPLog)-Static: isSBSettingEnabled false
09-14 11:08:30.702 13162 17877 V [MYTAG][main][Device]: 603 dev is connected:true
09-14 11:08:30.708 13162 17877 V [MYTAG][mail_tcp_socket][HttpTransportLayer]: [HTTP RSP]
09-14 11:08:30.708 13162 17877 V [MYTAG][mail_tcp_socket][HttpTransportLayer]: 	 errcode:0
09-14 11:08:30.708 13162 17877 V [MYTAG][mail_tcp_socket][HttpTransportLayer]: 	[content]{"result":0,"info":{"status":0,"free":268,"total":1883}}
09-14 11:08:30.708 13162 17877 V [MYTAG][mail_tcp_socket][HttpTransportLayer]: -----------------------------------------
09-14 11:08:30.739 13162 13162 W ProxyAndroidLoggerBackend: Too many Flogger logs received before configuration. Dropping old logs.
09-14 11:08:30.747 13162 13162 I chatty  : uid=10291(com.vidure.app) identical 6 lines
09-14 11:08:30.747 13162 13162 W ProxyAndroidLoggerBackend: Too many Flogger logs received before configuration. Dropping old logs.
09-14 11:08:30.762 13162 17877 V [MYTAG][main][Device]: 603 dev is connected:true
09-14 11:08:30.764 13162 17877 V [MYTAG][main][CameraPreviewActivity]: rev msg1:264454
09-14 11:08:30.764 13162 17877 V [MYTAG][main][Device]: 603 dev is connected:true
09-14 11:08:30.764 13162 17877 V [MYTAG][main][CameraPreviewActivity]: rev msg1:589832
09-14 11:08:33.688 13162 17877 V [MYTAG][mail_tcp_socket][ViiSocketMailDataPhraser]: ------------mail---------------
09-14 11:08:33.688 13162 17877 V [MYTAG][mail_tcp_socket][ViiSocketMailDataPhraser]: {"msgid":"battery","info":{"capacity":62,"charge":0},"time":1757848113}
09-14 11:08:33.692 13162 17877 V [MYTAG][mail_tcp_socket][ViiSocketMailDataPhraser]: ------------mail---------------
09-14 11:08:33.692 13162 17877 V [MYTAG][mail_tcp_socket][ViiSocketMailDataPhraser]: {"msgid":"sd","info":{"status":0},"time":1757848113}
09-14 11:08:33.694 13162 17877 V [MYTAG][mail_tcp_socket][RemoteOptor]: ----
09-14 11:08:33.694 13162 17877 V [MYTAG][mail_tcp_socket][RemoteOptor]: [CMD]DEV_SDCARD_STATUS_QUERY
09-14 11:08:33.694 13162 17877 V [MYTAG][mail_tcp_socket][RemoteOptor]: [PARAM]null
09-14 11:08:33.696 13162 17877 V [MYTAG][mail_tcp_socket][HttpTransportLayer]: [HTTP SEND GET]
09-14 11:08:33.696 13162 17877 V [MYTAG][mail_tcp_socket][HttpTransportLayer]: 	 url:http://192.168.0.1:80/app/getsdinfo
09-14 11:08:33.698 13162 17877 V [MYTAG][main][Device]: 603 dev is connected:true
09-14 11:08:33.701 13162 18059 W System  : Ignoring header sessionid because its value was null.
