09-14 10:18:15.075  3880  3880 W ProxyAndroidLoggerBackend: Too many Flogger logs received before configuration. Dropping old logs.
09-14 10:18:15.088  3880  3880 I chatty  : uid=10291(com.vidure.app) identical 6 lines
09-14 10:18:15.089  3880  3880 W ProxyAndroidLoggerBackend: Too many Flogger logs received before configuration. Dropping old logs.
09-14 10:18:15.093  3880  9159 W ProxyAndroidLoggerBackend: Too many Flogger logs received before configuration. Dropping old logs.
09-14 10:18:15.094  3880  9159 I chatty  : uid=10291(com.vidure.app) identical 2 lines
09-14 10:18:15.094  3880  9159 W ProxyAndroidLoggerBackend: Too many Flogger logs received before configuration. Dropping old logs.
09-14 10:18:15.104  3880  7576 V [MYTAG][main][Device]: 603 dev is connected:true
09-14 10:18:15.109  3880  7576 V [MYTAG][main][CameraPreviewActivity]: rev msg1:264454
09-14 10:18:15.109  3880  7576 V [MYTAG][main][Device]: 603 dev is connected:true
09-14 10:18:15.109  3880  7576 V [MYTAG][main][CameraPreviewActivity]: rev msg1:589832
09-14 10:18:15.124  3880  8770 W ProxyAndroidLoggerBackend: Too many Flogger logs received before configuration. Dropping old logs.
09-14 10:18:15.124  3880  8770 I chatty  : uid=10291(com.vidure.app) identical 1 line
09-14 10:18:15.124  3880  8770 W ProxyAndroidLoggerBackend: Too many Flogger logs received before configuration. Dropping old logs.
09-14 10:18:17.730  3880  7576 V [MYTAG][HeartbeatMgr][RemoteOptor]: ----
09-14 10:18:17.730  3880  7576 V [MYTAG][HeartbeatMgr][RemoteOptor]: [CMD]Basic_Msg_MailBox
09-14 10:18:17.730  3880  7576 V [MYTAG][HeartbeatMgr][RemoteOptor]: [PARAM]null
09-14 10:18:17.731  3880  8189 W System  : Ignoring header sessionid because its value was null.
09-14 10:18:17.731  3880  7576 V [MYTAG][HeartbeatMgr][HttpTransportLayer]: [HTTP SEND GET]
09-14 10:18:17.731  3880  7576 V [MYTAG][HeartbeatMgr][HttpTransportLayer]: 	 url:http://192.168.0.1:80/app/getparamvalue?param=rec
09-14 10:18:17.732  3880  8189 I System.out: (HTTPLog)-Static: isSBSettingEnabled false
09-14 10:18:17.732  3880  8189 I System.out: (HTTPLog)-Static: isSBSettingEnabled false
09-14 10:18:17.766  3880  7576 V [MYTAG][HeartbeatMgr][HttpTransportLayer]: [HTTP RSP]
09-14 10:18:17.766  3880  7576 V [MYTAG][HeartbeatMgr][HttpTransportLayer]: 	 errcode:0
09-14 10:18:17.766  3880  7576 V [MYTAG][HeartbeatMgr][HttpTransportLayer]: 	[content]{"result":0,"info":{"value":0}}
09-14 10:18:17.766  3880  7576 V [MYTAG][HeartbeatMgr][HttpTransportLayer]: -----------------------------------------
09-14 10:18:18.003  3880  7576 V [MYTAG][mail_tcp_socket][ViiSocketMailDataPhraser]: ------------mail---------------
09-14 10:18:18.003  3880  7576 V [MYTAG][mail_tcp_socket][ViiSocketMailDataPhraser]: {"msgid":"battery","info":{"capacity":88,"charge":0},"time":1757845097}
09-14 10:18:18.005  3880  7576 V [MYTAG][mail_tcp_socket][ViiSocketMailDataPhraser]: ------------mail---------------
09-14 10:18:18.005  3880  7576 V [MYTAG][mail_tcp_socket][ViiSocketMailDataPhraser]: {"msgid":"sd","info":{"status":0},"time":1757845097}
09-14 10:18:18.006  3880  7576 V [MYTAG][mail_tcp_socket][RemoteOptor]: ----
09-14 10:18:18.006  3880  7576 V [MYTAG][mail_tcp_socket][RemoteOptor]: [CMD]DEV_SDCARD_STATUS_QUERY
09-14 10:18:18.006  3880  7576 V [MYTAG][mail_tcp_socket][RemoteOptor]: [PARAM]null
09-14 10:18:18.006  3880  7576 V [MYTAG][mail_tcp_socket][HttpTransportLayer]: [HTTP SEND GET]
09-14 10:18:18.006  3880  7576 V [MYTAG][mail_tcp_socket][HttpTransportLayer]: 	 url:http://192.168.0.1:80/app/getsdinfo
09-14 10:18:18.006  3880  8188 W System  : Ignoring header sessionid because its value was null.
09-14 10:18:18.007  3880  8188 I System.out: (HTTPLog)-Static: isSBSettingEnabled false
09-14 10:18:18.008  3880  8188 I System.out: (HTTPLog)-Static: isSBSettingEnabled false
09-14 10:18:18.023  3880  7576 V [MYTAG][main][Device]: 603 dev is connected:true
09-14 10:18:18.056  3880  7576 V [MYTAG][mail_tcp_socket][HttpTransportLayer]: [HTTP RSP]
09-14 10:18:18.056  3880  7576 V [MYTAG][mail_tcp_socket][HttpTransportLayer]: 	 errcode:0
09-14 10:18:18.056  3880  7576 V [MYTAG][mail_tcp_socket][HttpTransportLayer]: 	[content]{"result":0,"info":{"status":0,"free":299,"total":1883}}
09-14 10:18:18.056  3880  7576 V [MYTAG][mail_tcp_socket][HttpTransportLayer]: -----------------------------------------
09-14 10:18:18.094  3880  3880 W ProxyAndroidLoggerBackend: Too many Flogger logs received before configuration. Dropping old logs.
09-14 10:18:18.103  3880  3880 I chatty  : uid=10291(com.vidure.app) identical 6 lines
09-14 10:18:18.104  3880  3880 W ProxyAndroidLoggerBackend: Too many Flogger logs received before configuration. Dropping old logs.
09-14 10:18:18.107  3880  9505 W ProxyAndroidLoggerBackend: Too many Flogger logs received before configuration. Dropping old logs.
09-14 10:18:18.115  3880  7576 V [MYTAG][main][Device]: 603 dev is connected:true
09-14 10:18:18.117  3880  7576 V [MYTAG][main][CameraPreviewActivity]: rev msg1:264454
09-14 10:18:18.117  3880  7576 V [MYTAG][main][Device]: 603 dev is connected:true
09-14 10:18:18.117  3880  7576 V [MYTAG][main][CameraPreviewActivity]: rev msg1:589832
09-14 10:18:19.043  3880  7440 I com.vidure.app: Background concurrent copying GC freed 79441(13MB) AllocSpace objects, 31(1852KB) LOS objects, 29% free, 56MB/80MB, paused 215us total 287.882ms
09-14 10:18:21.013  3880  7576 V [MYTAG][mail_tcp_socket][ViiSocketMailDataPhraser]: ------------mail---------------
09-14 10:18:21.013  3880  7576 V [MYTAG][mail_tcp_socket][ViiSocketMailDataPhraser]: {"msgid":"battery","info":{"capacity":88,"charge":0},"time":1757845100}
09-14 10:18:21.015  3880  7576 V [MYTAG][mail_tcp_socket][ViiSocketMailDataPhraser]: ------------mail---------------
09-14 10:18:21.015  3880  7576 V [MYTAG][mail_tcp_socket][ViiSocketMailDataPhraser]: {"msgid":"sd","info":{"status":0},"time":1757845100}
09-14 10:18:21.016  3880  8188 W System  : Ignoring header sessionid because its value was null.
09-14 10:18:21.016  3880  7576 V [MYTAG][mail_tcp_socket][RemoteOptor]: ----
09-14 10:18:21.016  3880  7576 V [MYTAG][mail_tcp_socket][RemoteOptor]: [CMD]DEV_SDCARD_STATUS_QUERY
09-14 10:18:21.016  3880  7576 V [MYTAG][mail_tcp_socket][RemoteOptor]: [PARAM]null
09-14 10:18:21.016  3880  7576 V [MYTAG][mail_tcp_socket][HttpTransportLayer]: [HTTP SEND GET]
09-14 10:18:21.016  3880  7576 V [MYTAG][mail_tcp_socket][HttpTransportLayer]: 	 url:http://192.168.0.1:80/app/getsdinfo
09-14 10:18:21.017  3880  8188 I System.out: (HTTPLog)-Static: isSBSettingEnabled false
09-14 10:18:21.017  3880  8188 I System.out: (HTTPLog)-Static: isSBSettingEnabled false
09-14 10:18:21.023  3880  7576 V [MYTAG][main][Device]: 603 dev is connected:true
09-14 10:18:21.057  3880  7576 V [MYTAG][mail_tcp_socket][HttpTransportLayer]: [HTTP RSP]
09-14 10:18:21.057  3880  7576 V [MYTAG][mail_tcp_socket][HttpTransportLayer]: 	 errcode:0
09-14 10:18:21.057  3880  7576 V [MYTAG][mail_tcp_socket][HttpTransportLayer]: 	[content]{"result":0,"info":{"status":0,"free":299,"total":1883}}
09-14 10:18:21.057  3880  7576 V [MYTAG][mail_tcp_socket][HttpTransportLayer]: -----------------------------------------
09-14 10:18:21.099  3880  3880 W ProxyAndroidLoggerBackend: Too many Flogger logs received before configuration. Dropping old logs.
09-14 10:18:21.109  3880  3880 I chatty  : uid=10291(com.vidure.app) identical 6 lines
09-14 10:18:21.110  3880  3880 W ProxyAndroidLoggerBackend: Too many Flogger logs received before configuration. Dropping old logs.
09-14 10:18:21.117  3880  9159 W ProxyAndroidLoggerBackend: Too many Flogger logs received before configuration. Dropping old logs.
09-14 10:18:21.131  3880  7576 V [MYTAG][main][Device]: 603 dev is connected:true
09-14 10:18:21.137  3880  7576 V [MYTAG][main][CameraPreviewActivity]: rev msg1:264454
09-14 10:18:21.137  3880  7576 V [MYTAG][main][Device]: 603 dev is connected:true
09-14 10:18:21.138  3880  7576 V [MYTAG][main][CameraPreviewActivity]: rev msg1:589832
09-14 10:18:21.731  3880  8189 W System  : Ignoring header sessionid because its value was null.
09-14 10:18:21.731  3880  8189 I System.out: (HTTPLog)-Static: isSBSettingEnabled false
09-14 10:18:21.731  3880  8189 I System.out: (HTTPLog)-Static: isSBSettingEnabled false
09-14 10:18:21.733  3880  7576 V [MYTAG][HeartbeatMgr][RemoteOptor]: ----
09-14 10:18:21.733  3880  7576 V [MYTAG][HeartbeatMgr][RemoteOptor]: [CMD]Basic_Msg_MailBox
09-14 10:18:21.733  3880  7576 V [MYTAG][HeartbeatMgr][RemoteOptor]: [PARAM]null
09-14 10:18:21.733  3880  7576 V [MYTAG][HeartbeatMgr][HttpTransportLayer]: [HTTP SEND GET]
09-14 10:18:21.733  3880  7576 V [MYTAG][HeartbeatMgr][HttpTransportLayer]: 	 url:http://192.168.0.1:80/app/getparamvalue?param=rec
09-14 10:18:21.750  3880  7576 V [MYTAG][HeartbeatMgr][HttpTransportLayer]: [HTTP RSP]
09-14 10:18:21.750  3880  7576 V [MYTAG][HeartbeatMgr][HttpTransportLayer]: 	 errcode:0
09-14 10:18:21.750  3880  7576 V [MYTAG][HeartbeatMgr][HttpTransportLayer]: 	[content]{"result":0,"info":{"value":0}}
09-14 10:18:21.750  3880  7576 V [MYTAG][HeartbeatMgr][HttpTransportLayer]: -----------------------------------------
09-14 10:18:24.024  3880  7576 V [MYTAG][mail_tcp_socket][ViiSocketMailDataPhraser]: ------------mail---------------
09-14 10:18:24.024  3880  7576 V [MYTAG][mail_tcp_socket][ViiSocketMailDataPhraser]: {"msgid":"battery","info":{"capacity":88,"charge":0},"time":1757845103}
09-14 10:18:24.026  3880  8188 W System  : Ignoring header sessionid because its value was null.
09-14 10:18:24.026  3880  7576 V [MYTAG][mail_tcp_socket][ViiSocketMailDataPhraser]: ------------mail---------------
09-14 10:18:24.026  3880  7576 V [MYTAG][mail_tcp_socket][ViiSocketMailDataPhraser]: {"msgid":"sd","info":{"status":0},"time":1757845103}
09-14 10:18:24.026  3880  7576 V [MYTAG][mail_tcp_socket][RemoteOptor]: ----
09-14 10:18:24.026  3880  7576 V [MYTAG][mail_tcp_socket][RemoteOptor]: [CMD]DEV_SDCARD_STATUS_QUERY
09-14 10:18:24.026  3880  7576 V [MYTAG][mail_tcp_socket][RemoteOptor]: [PARAM]null
09-14 10:18:24.026  3880  7576 V [MYTAG][mail_tcp_socket][HttpTransportLayer]: [HTTP SEND GET]
09-14 10:18:24.026  3880  7576 V [MYTAG][mail_tcp_socket][HttpTransportLayer]: 	 url:http://192.168.0.1:80/app/getsdinfo
09-14 10:18:24.027  3880  8188 I System.out: (HTTPLog)-Static: isSBSettingEnabled false
09-14 10:18:24.027  3880  8188 I System.out: (HTTPLog)-Static: isSBSettingEnabled false
09-14 10:18:24.034  3880  7576 V [MYTAG][main][Device]: 603 dev is connected:true
09-14 10:18:24.055  3880  7576 V [MYTAG][mail_tcp_socket][HttpTransportLayer]: [HTTP RSP]
09-14 10:18:24.055  3880  7576 V [MYTAG][mail_tcp_socket][HttpTransportLayer]: 	 errcode:0
09-14 10:18:24.055  3880  7576 V [MYTAG][mail_tcp_socket][HttpTransportLayer]: 	[content]{"result":0,"info":{"status":0,"free":299,"total":1883}}
09-14 10:18:24.055  3880  7576 V [MYTAG][mail_tcp_socket][HttpTransportLayer]: -----------------------------------------
09-14 10:18:24.073  3880  3880 W ProxyAndroidLoggerBackend: Too many Flogger logs received before configuration. Dropping old logs.
09-14 10:18:24.083  3880  3880 I chatty  : uid=10291(com.vidure.app) identical 6 lines
09-14 10:18:24.084  3880  3880 W ProxyAndroidLoggerBackend: Too many Flogger logs received before configuration. Dropping old logs.
09-14 10:18:24.095  3880  7576 V [MYTAG][main][Device]: 603 dev is connected:true
09-14 10:18:24.096  3880  7576 V [MYTAG][main][CameraPreviewActivity]: rev msg1:264454
09-14 10:18:24.096  3880  7576 V [MYTAG][main][Device]: 603 dev is connected:true
09-14 10:18:24.096  3880  7576 V [MYTAG][main][CameraPreviewActivity]: rev msg1:589832
09-14 10:18:25.731  3880  7576 V [MYTAG][HeartbeatMgr][RemoteOptor]: ----
09-14 10:18:25.731  3880  7576 V [MYTAG][HeartbeatMgr][RemoteOptor]: [CMD]Basic_Msg_MailBox
09-14 10:18:25.731  3880  7576 V [MYTAG][HeartbeatMgr][RemoteOptor]: [PARAM]null
09-14 10:18:25.733  3880  8189 W System  : Ignoring header sessionid because its value was null.
09-14 10:18:25.733  3880  7576 V [MYTAG][HeartbeatMgr][HttpTransportLayer]: [HTTP SEND GET]
09-14 10:18:25.733  3880  7576 V [MYTAG][HeartbeatMgr][HttpTransportLayer]: 	 url:http://192.168.0.1:80/app/getparamvalue?param=rec
09-14 10:18:25.733  3880  8189 I System.out: (HTTPLog)-Static: isSBSettingEnabled false
09-14 10:18:25.733  3880  8189 I System.out: (HTTPLog)-Static: isSBSettingEnabled false
09-14 10:18:25.762  3880  7576 V [MYTAG][HeartbeatMgr][HttpTransportLayer]: [HTTP RSP]
09-14 10:18:25.762  3880  7576 V [MYTAG][HeartbeatMgr][HttpTransportLayer]: 	 errcode:0
09-14 10:18:25.762  3880  7576 V [MYTAG][HeartbeatMgr][HttpTransportLayer]: 	[content]{"result":0,"info":{"value":0}}
09-14 10:18:25.762  3880  7576 V [MYTAG][HeartbeatMgr][HttpTransportLayer]: -----------------------------------------
09-14 10:18:27.034  3880  7576 V [MYTAG][mail_tcp_socket][ViiSocketMailDataPhraser]: ------------mail---------------
09-14 10:18:27.034  3880  7576 V [MYTAG][mail_tcp_socket][ViiSocketMailDataPhraser]: {"msgid":"battery","info":{"capacity":88,"charge":0},"time":1757845106}
09-14 10:18:27.036  3880  7576 V [MYTAG][mail_tcp_socket][ViiSocketMailDataPhraser]: ------------mail---------------
09-14 10:18:27.036  3880  7576 V [MYTAG][mail_tcp_socket][ViiSocketMailDataPhraser]: {"msgid":"sd","info":{"status":0},"time":1757845106}
09-14 10:18:27.038  3880  8188 W System  : Ignoring header sessionid because its value was null.
09-14 10:18:27.038  3880  7576 V [MYTAG][mail_tcp_socket][RemoteOptor]: ----
09-14 10:18:27.038  3880  7576 V [MYTAG][mail_tcp_socket][RemoteOptor]: [CMD]DEV_SDCARD_STATUS_QUERY
09-14 10:18:27.038  3880  7576 V [MYTAG][mail_tcp_socket][RemoteOptor]: [PARAM]null
09-14 10:18:27.038  3880  7576 V [MYTAG][mail_tcp_socket][HttpTransportLayer]: [HTTP SEND GET]
09-14 10:18:27.038  3880  7576 V [MYTAG][mail_tcp_socket][HttpTransportLayer]: 	 url:http://192.168.0.1:80/app/getsdinfo
09-14 10:18:27.038  3880  8188 I System.out: (HTTPLog)-Static: isSBSettingEnabled false
09-14 10:18:27.039  3880  8188 I System.out: (HTTPLog)-Static: isSBSettingEnabled false
09-14 10:18:27.049  3880  7576 V [MYTAG][main][Device]: 603 dev is connected:true
09-14 10:18:27.074  3880  7576 V [MYTAG][mail_tcp_socket][HttpTransportLayer]: [HTTP RSP]
09-14 10:18:27.074  3880  7576 V [MYTAG][mail_tcp_socket][HttpTransportLayer]: 	 errcode:0
09-14 10:18:27.074  3880  7576 V [MYTAG][mail_tcp_socket][HttpTransportLayer]: 	[content]{"result":0,"info":{"status":0,"free":299,"total":1883}}
09-14 10:18:27.074  3880  7576 V [MYTAG][mail_tcp_socket][HttpTransportLayer]: -----------------------------------------
09-14 10:18:27.122  3880  3880 W ProxyAndroidLoggerBackend: Too many Flogger logs received before configuration. Dropping old logs.
09-14 10:18:27.126  3880  3880 W ProxyAndroidLoggerBackend: Too many Flogger logs received before configuration. Dropping old logs.
09-14 10:18:27.131  3880  3880 I chatty  : uid=10291(com.vidure.app) identical 5 lines
09-14 10:18:27.132  3880  3880 W ProxyAndroidLoggerBackend: Too many Flogger logs received before configuration. Dropping old logs.
09-14 10:18:27.149  3880  7576 V [MYTAG][main][Device]: 603 dev is connected:true
09-14 10:18:27.155  3880  7576 V [MYTAG][main][CameraPreviewActivity]: rev msg1:264454
09-14 10:18:27.155  3880  7576 V [MYTAG][main][Device]: 603 dev is connected:true
09-14 10:18:27.155  3880  7576 V [MYTAG][main][CameraPreviewActivity]: rev msg1:589832
09-14 10:18:29.732  3880  7576 V [MYTAG][HeartbeatMgr][RemoteOptor]: ----
09-14 10:18:29.732  3880  7576 V [MYTAG][HeartbeatMgr][RemoteOptor]: [CMD]Basic_Msg_MailBox
09-14 10:18:29.732  3880  7576 V [MYTAG][HeartbeatMgr][RemoteOptor]: [PARAM]null
09-14 10:18:29.733  3880  8189 W System  : Ignoring header sessionid because its value was null.
09-14 10:18:29.733  3880  7576 V [MYTAG][HeartbeatMgr][HttpTransportLayer]: [HTTP SEND GET]
09-14 10:18:29.733  3880  7576 V [MYTAG][HeartbeatMgr][HttpTransportLayer]: 	 url:http://192.168.0.1:80/app/getparamvalue?param=rec
09-14 10:18:29.734  3880  8189 I System.out: (HTTPLog)-Static: isSBSettingEnabled false
09-14 10:18:29.734  3880  8189 I System.out: (HTTPLog)-Static: isSBSettingEnabled false
09-14 10:18:29.765  3880  7576 V [MYTAG][HeartbeatMgr][HttpTransportLayer]: [HTTP RSP]
09-14 10:18:29.765  3880  7576 V [MYTAG][HeartbeatMgr][HttpTransportLayer]: 	 errcode:0
09-14 10:18:29.765  3880  7576 V [MYTAG][HeartbeatMgr][HttpTransportLayer]: 	[content]{"result":0,"info":{"value":0}}
09-14 10:18:29.765  3880  7576 V [MYTAG][HeartbeatMgr][HttpTransportLayer]: -----------------------------------------
09-14 10:18:30.043  3880  7576 V [MYTAG][mail_tcp_socket][ViiSocketMailDataPhraser]: ------------mail---------------
09-14 10:18:30.043  3880  7576 V [MYTAG][mail_tcp_socket][ViiSocketMailDataPhraser]: {"msgid":"battery","info":{"capacity":88,"charge":0},"time":1757845109}
09-14 10:18:30.044  3880  7576 V [MYTAG][mail_tcp_socket][ViiSocketMailDataPhraser]: ------------mail---------------
09-14 10:18:30.044  3880  7576 V [MYTAG][mail_tcp_socket][ViiSocketMailDataPhraser]: {"msgid":"sd","info":{"status":0},"time":1757845109}
09-14 10:18:30.044  3880  7576 V [MYTAG][mail_tcp_socket][RemoteOptor]: ----
09-14 10:18:30.044  3880  7576 V [MYTAG][mail_tcp_socket][RemoteOptor]: [CMD]DEV_SDCARD_STATUS_QUERY
09-14 10:18:30.044  3880  7576 V [MYTAG][mail_tcp_socket][RemoteOptor]: [PARAM]null
09-14 10:18:30.045  3880  8188 W System  : Ignoring header sessionid because its value was null.
09-14 10:18:30.045  3880  7576 V [MYTAG][mail_tcp_socket][HttpTransportLayer]: [HTTP SEND GET]
09-14 10:18:30.045  3880  7576 V [MYTAG][mail_tcp_socket][HttpTransportLayer]: 	 url:http://192.168.0.1:80/app/getsdinfo
09-14 10:18:30.045  3880  8188 I System.out: (HTTPLog)-Static: isSBSettingEnabled false
09-14 10:18:30.045  3880  8188 I System.out: (HTTPLog)-Static: isSBSettingEnabled false
09-14 10:18:30.048  3880  7576 V [MYTAG][main][Device]: 603 dev is connected:true
09-14 10:18:30.074  3880  3880 W ProxyAndroidLoggerBackend: Too many Flogger logs received before configuration. Dropping old logs.
09-14 10:18:30.077  3880  3880 W ProxyAndroidLoggerBackend: Too many Flogger logs received before configuration. Dropping old logs.
09-14 10:18:30.079  3880  7576 V [MYTAG][mail_tcp_socket][HttpTransportLayer]: [HTTP RSP]
09-14 10:18:30.079  3880  7576 V [MYTAG][mail_tcp_socket][HttpTransportLayer]: 	 errcode:0
09-14 10:18:30.079  3880  7576 V [MYTAG][mail_tcp_socket][HttpTransportLayer]: 	[content]{"result":0,"info":{"status":0,"free":299,"total":1883}}
09-14 10:18:30.079  3880  7576 V [MYTAG][mail_tcp_socket][HttpTransportLayer]: -----------------------------------------
09-14 10:18:30.080  3880  3880 W ProxyAndroidLoggerBackend: Too many Flogger logs received before configuration. Dropping old logs.
09-14 10:18:30.083  3880  3880 I chatty  : uid=10291(com.vidure.app) identical 4 lines
09-14 10:18:30.084  3880  3880 W ProxyAndroidLoggerBackend: Too many Flogger logs received before configuration. Dropping old logs.
09-14 10:18:30.092  3880  7576 V [MYTAG][main][Device]: 603 dev is connected:true
09-14 10:18:30.093  3880  7576 V [MYTAG][main][CameraPreviewActivity]: rev msg1:264454
09-14 10:18:30.094  3880  7576 V [MYTAG][main][Device]: 603 dev is connected:true
09-14 10:18:30.094  3880  7576 V [MYTAG][main][CameraPreviewActivity]: rev msg1:589832
09-14 10:18:33.053  3880  7576 V [MYTAG][mail_tcp_socket][ViiSocketMailDataPhraser]: ------------mail---------------
09-14 10:18:33.053  3880  7576 V [MYTAG][mail_tcp_socket][ViiSocketMailDataPhraser]: {"msgid":"battery","info":{"capacity":88,"charge":0},"time":1757845112}
09-14 10:18:33.055  3880  7576 V [MYTAG][mail_tcp_socket][ViiSocketMailDataPhraser]: ------------mail---------------
09-14 10:18:33.055  3880  7576 V [MYTAG][mail_tcp_socket][ViiSocketMailDataPhraser]: {"msgid":"sd","info":{"status":0},"time":1757845112}
09-14 10:18:33.055  3880  7576 V [MYTAG][mail_tcp_socket][RemoteOptor]: ----
09-14 10:18:33.055  3880  7576 V [MYTAG][mail_tcp_socket][RemoteOptor]: [CMD]DEV_SDCARD_STATUS_QUERY
09-14 10:18:33.055  3880  7576 V [MYTAG][mail_tcp_socket][RemoteOptor]: [PARAM]null
09-14 10:18:33.056  3880  7576 V [MYTAG][mail_tcp_socket][HttpTransportLayer]: [HTTP SEND GET]
09-14 10:18:33.056  3880  7576 V [MYTAG][mail_tcp_socket][HttpTransportLayer]: 	 url:http://192.168.0.1:80/app/getsdinfo
09-14 10:18:33.056  3880  8188 W System  : Ignoring header sessionid because its value was null.
09-14 10:18:33.057  3880  8188 I System.out: (HTTPLog)-Static: isSBSettingEnabled false
09-14 10:18:33.057  3880  8188 I System.out: (HTTPLog)-Static: isSBSettingEnabled false
09-14 10:18:33.062  3880  7576 V [MYTAG][main][Device]: 603 dev is connected:true
09-14 10:18:33.092  3880  7576 V [MYTAG][mail_tcp_socket][HttpTransportLayer]: [HTTP RSP]
09-14 10:18:33.092  3880  7576 V [MYTAG][mail_tcp_socket][HttpTransportLayer]: 	 errcode:0
09-14 10:18:33.092  3880  7576 V [MYTAG][mail_tcp_socket][HttpTransportLayer]: 	[content]{"result":0,"info":{"status":0,"free":299,"total":1883}}
09-14 10:18:33.092  3880  7576 V [MYTAG][mail_tcp_socket][HttpTransportLayer]: -----------------------------------------
09-14 10:18:33.121  3880  3880 W ProxyAndroidLoggerBackend: Too many Flogger logs received before configuration. Dropping old logs.
09-14 10:18:33.126  3880  3880 I chatty  : uid=10291(com.vidure.app) identical 3 lines
09-14 10:18:33.130  3880  3880 W ProxyAndroidLoggerBackend: Too many Flogger logs received before configuration. Dropping old logs.
09-14 10:18:33.131  3880  9505 W ProxyAndroidLoggerBackend: Too many Flogger logs received before configuration. Dropping old logs.
09-14 10:18:33.131  3880  9505 I chatty  : uid=10291(com.vidure.app) identical 1 line
09-14 10:18:33.131  3880  9505 W ProxyAndroidLoggerBackend: Too many Flogger logs received before configuration. Dropping old logs.
09-14 10:18:33.131  3880  3880 W ProxyAndroidLoggerBackend: Too many Flogger logs received before configuration. Dropping old logs.
09-14 10:18:33.132  3880  3880 I chatty  : uid=10291(com.vidure.app) identical 1 line
09-14 10:18:33.133  3880  3880 W ProxyAndroidLoggerBackend: Too many Flogger logs received before configuration. Dropping old logs.
09-14 10:18:33.145  3880  8770 W ProxyAndroidLoggerBackend: Too many Flogger logs received before configuration. Dropping old logs.
09-14 10:18:33.146  3880  8770 I chatty  : uid=10291(com.vidure.app) identical 1 line
09-14 10:18:33.146  3880  8770 W ProxyAndroidLoggerBackend: Too many Flogger logs received before configuration. Dropping old logs.
09-14 10:18:33.148  3880  7576 V [MYTAG][main][Device]: 603 dev is connected:true
09-14 10:18:33.152  3880  7576 V [MYTAG][main][CameraPreviewActivity]: rev msg1:264454
09-14 10:18:33.153  3880  7576 V [MYTAG][main][Device]: 603 dev is connected:true
09-14 10:18:33.153  3880  7576 V [MYTAG][main][CameraPreviewActivity]: rev msg1:589832
09-14 10:18:33.732  3880  8189 W System  : Ignoring header sessionid because its value was null.
09-14 10:18:33.732  3880  8189 I System.out: (HTTPLog)-Static: isSBSettingEnabled false
09-14 10:18:33.732  3880  8189 I System.out: (HTTPLog)-Static: isSBSettingEnabled false
09-14 10:18:33.733  3880  7576 V [MYTAG][HeartbeatMgr][RemoteOptor]: ----
09-14 10:18:33.733  3880  7576 V [MYTAG][HeartbeatMgr][RemoteOptor]: [CMD]Basic_Msg_MailBox
09-14 10:18:33.733  3880  7576 V [MYTAG][HeartbeatMgr][RemoteOptor]: [PARAM]null
09-14 10:18:33.733  3880  7576 V [MYTAG][HeartbeatMgr][HttpTransportLayer]: [HTTP SEND GET]
09-14 10:18:33.733  3880  7576 V [MYTAG][HeartbeatMgr][HttpTransportLayer]: 	 url:http://192.168.0.1:80/app/getparamvalue?param=rec
09-14 10:18:33.766  3880  7576 V [MYTAG][HeartbeatMgr][HttpTransportLayer]: [HTTP RSP]
09-14 10:18:33.766  3880  7576 V [MYTAG][HeartbeatMgr][HttpTransportLayer]: 	 errcode:0
09-14 10:18:33.766  3880  7576 V [MYTAG][HeartbeatMgr][HttpTransportLayer]: 	[content]{"result":0,"info":{"value":0}}
09-14 10:18:33.766  3880  7576 V [MYTAG][HeartbeatMgr][HttpTransportLayer]: -----------------------------------------
09-14 10:18:36.062  3880  7576 V [MYTAG][mail_tcp_socket][ViiSocketMailDataPhraser]: ------------mail---------------
09-14 10:18:36.062  3880  7576 V [MYTAG][mail_tcp_socket][ViiSocketMailDataPhraser]: {"msgid":"battery","info":{"capacity":88,"charge":0},"time":1757845115}
09-14 10:18:36.065  3880  7576 V [MYTAG][mail_tcp_socket][ViiSocketMailDataPhraser]: ------------mail---------------
09-14 10:18:36.065  3880  7576 V [MYTAG][mail_tcp_socket][ViiSocketMailDataPhraser]: {"msgid":"sd","info":{"status":0},"time":1757845115}
09-14 10:18:36.074  3880  7576 V [MYTAG][mail_tcp_socket][RemoteOptor]: ----
09-14 10:18:36.074  3880  7576 V [MYTAG][mail_tcp_socket][RemoteOptor]: [CMD]DEV_SDCARD_STATUS_QUERY
09-14 10:18:36.074  3880  7576 V [MYTAG][mail_tcp_socket][RemoteOptor]: [PARAM]null
09-14 10:18:36.075  3880  8188 W System  : Ignoring header sessionid because its value was null.
09-14 10:18:36.075  3880  7576 V [MYTAG][mail_tcp_socket][HttpTransportLayer]: [HTTP SEND GET]
09-14 10:18:36.075  3880  7576 V [MYTAG][mail_tcp_socket][HttpTransportLayer]: 	 url:http://192.168.0.1:80/app/getsdinfo
09-14 10:18:36.076  3880  8188 I System.out: (HTTPLog)-Static: isSBSettingEnabled false
09-14 10:18:36.076  3880  8188 I System.out: (HTTPLog)-Static: isSBSettingEnabled false
09-14 10:18:36.077  3880  7576 V [MYTAG][main][Device]: 603 dev is connected:true
09-14 10:18:36.109  3880  7576 V [MYTAG][mail_tcp_socket][HttpTransportLayer]: [HTTP RSP]
09-14 10:18:36.109  3880  7576 V [MYTAG][mail_tcp_socket][HttpTransportLayer]: 	 errcode:0
09-14 10:18:36.109  3880  7576 V [MYTAG][mail_tcp_socket][HttpTransportLayer]: 	[content]{"result":0,"info":{"status":0,"free":299,"total":1883}}
09-14 10:18:36.109  3880  7576 V [MYTAG][mail_tcp_socket][HttpTransportLayer]: -----------------------------------------
09-14 10:18:36.150  3880  3880 W ProxyAndroidLoggerBackend: Too many Flogger logs received before configuration. Dropping old logs.
09-14 10:18:36.160  3880  3880 I chatty  : uid=10291(com.vidure.app) identical 6 lines
09-14 10:18:36.161  3880  3880 W ProxyAndroidLoggerBackend: Too many Flogger logs received before configuration. Dropping old logs.
09-14 10:18:36.163  3880  9159 W ProxyAndroidLoggerBackend: Too many Flogger logs received before configuration. Dropping old logs.
09-14 10:18:36.163  3880  9159 W ProxyAndroidLoggerBackend: Too many Flogger logs received before configuration. Dropping old logs.
09-14 10:18:36.163  3880  8770 W ProxyAndroidLoggerBackend: Too many Flogger logs received before configuration. Dropping old logs.
09-14 10:18:36.172  3880  9505 W ProxyAndroidLoggerBackend: Too many Flogger logs received before configuration. Dropping old logs.
09-14 10:18:36.181  3880  7576 V [MYTAG][main][Device]: 603 dev is connected:true
09-14 10:18:36.185  3880  7576 V [MYTAG][main][CameraPreviewActivity]: rev msg1:264454
09-14 10:18:36.185  3880  7576 V [MYTAG][main][Device]: 603 dev is connected:true
09-14 10:18:36.185  3880  7576 V [MYTAG][main][CameraPreviewActivity]: rev msg1:589832
09-14 10:18:37.734  3880  8189 W System  : Ignoring header sessionid because its value was null.
09-14 10:18:37.735  3880  7576 V [MYTAG][HeartbeatMgr][RemoteOptor]: ----
09-14 10:18:37.735  3880  7576 V [MYTAG][HeartbeatMgr][RemoteOptor]: [CMD]Basic_Msg_MailBox
09-14 10:18:37.735  3880  7576 V [MYTAG][HeartbeatMgr][RemoteOptor]: [PARAM]null
09-14 10:18:37.735  3880  7576 V [MYTAG][HeartbeatMgr][HttpTransportLayer]: [HTTP SEND GET]
09-14 10:18:37.735  3880  7576 V [MYTAG][HeartbeatMgr][HttpTransportLayer]: 	 url:http://192.168.0.1:80/app/getparamvalue?param=rec
09-14 10:18:37.736  3880  8189 I System.out: (HTTPLog)-Static: isSBSettingEnabled false
09-14 10:18:37.736  3880  8189 I System.out: (HTTPLog)-Static: isSBSettingEnabled false
09-14 10:18:37.766  3880  7576 V [MYTAG][HeartbeatMgr][HttpTransportLayer]: [HTTP RSP]
09-14 10:18:37.766  3880  7576 V [MYTAG][HeartbeatMgr][HttpTransportLayer]: 	 errcode:0
09-14 10:18:37.766  3880  7576 V [MYTAG][HeartbeatMgr][HttpTransportLayer]: 	[content]{"result":0,"info":{"value":0}}
09-14 10:18:37.766  3880  7576 V [MYTAG][HeartbeatMgr][HttpTransportLayer]: -----------------------------------------
09-14 10:18:38.511  3880  9587 W ProxyAndroidLoggerBackend: Too many Flogger logs received before configuration. Dropping old logs.
09-14 10:18:38.513  3880  9587 I chatty  : uid=10291(com.vidure.app) identical 3 lines
09-14 10:18:38.514  3880  9587 W ProxyAndroidLoggerBackend: Too many Flogger logs received before configuration. Dropping old logs.
09-14 10:18:39.073  3880  7576 V [MYTAG][mail_tcp_socket][ViiSocketMailDataPhraser]: ------------mail---------------
09-14 10:18:39.073  3880  7576 V [MYTAG][mail_tcp_socket][ViiSocketMailDataPhraser]: {"msgid":"battery","info":{"capacity":88,"charge":0},"time":1757845118}
09-14 10:18:39.074  3880  7576 V [MYTAG][mail_tcp_socket][ViiSocketMailDataPhraser]: ------------mail---------------
09-14 10:18:39.074  3880  7576 V [MYTAG][mail_tcp_socket][ViiSocketMailDataPhraser]: {"msgid":"sd","info":{"status":0},"time":1757845118}
09-14 10:18:39.078  3880  7576 V [MYTAG][mail_tcp_socket][RemoteOptor]: ----
09-14 10:18:39.078  3880  7576 V [MYTAG][mail_tcp_socket][RemoteOptor]: [CMD]DEV_SDCARD_STATUS_QUERY
09-14 10:18:39.078  3880  7576 V [MYTAG][mail_tcp_socket][RemoteOptor]: [PARAM]null
09-14 10:18:39.081  3880  7576 V [MYTAG][mail_tcp_socket][HttpTransportLayer]: [HTTP SEND GET]
09-14 10:18:39.081  3880  7576 V [MYTAG][mail_tcp_socket][HttpTransportLayer]: 	 url:http://192.168.0.1:80/app/getsdinfo
09-14 10:18:39.083  3880  8188 W System  : Ignoring header sessionid because its value was null.
09-14 10:18:39.084  3880  8188 I System.out: (HTTPLog)-Static: isSBSettingEnabled false
09-14 10:18:39.084  3880  8188 I System.out: (HTTPLog)-Static: isSBSettingEnabled false
09-14 10:18:39.088  3880  7576 V [MYTAG][main][Device]: 603 dev is connected:true
09-14 10:18:39.117  3880  7576 V [MYTAG][mail_tcp_socket][HttpTransportLayer]: [HTTP RSP]
09-14 10:18:39.117  3880  7576 V [MYTAG][mail_tcp_socket][HttpTransportLayer]: 	 errcode:0
09-14 10:18:39.117  3880  7576 V [MYTAG][mail_tcp_socket][HttpTransportLayer]: 	[content]{"result":0,"info":{"status":0,"free":299,"total":1883}}
09-14 10:18:39.117  3880  7576 V [MYTAG][mail_tcp_socket][HttpTransportLayer]: -----------------------------------------
09-14 10:18:39.163  3880  3880 W ProxyAndroidLoggerBackend: Too many Flogger logs received before configuration. Dropping old logs.
09-14 10:18:39.172  3880  3880 I chatty  : uid=10291(com.vidure.app) identical 6 lines
09-14 10:18:39.174  3880  3880 W ProxyAndroidLoggerBackend: Too many Flogger logs received before configuration. Dropping old logs.
09-14 10:18:39.186  3880  7576 V [MYTAG][main][Device]: 603 dev is connected:true
09-14 10:18:39.190  3880  7576 V [MYTAG][main][CameraPreviewActivity]: rev msg1:264454
09-14 10:18:39.191  3880  7576 V [MYTAG][main][Device]: 603 dev is connected:true
09-14 10:18:39.191  3880  7576 V [MYTAG][main][CameraPreviewActivity]: rev msg1:589832
09-14 10:18:41.735  3880  7576 V [MYTAG][HeartbeatMgr][RemoteOptor]: ----
09-14 10:18:41.735  3880  7576 V [MYTAG][HeartbeatMgr][RemoteOptor]: [CMD]Basic_Msg_MailBox
09-14 10:18:41.735  3880  7576 V [MYTAG][HeartbeatMgr][RemoteOptor]: [PARAM]null
09-14 10:18:41.736  3880  8189 W System  : Ignoring header sessionid because its value was null.
09-14 10:18:41.736  3880  7576 V [MYTAG][HeartbeatMgr][HttpTransportLayer]: [HTTP SEND GET]
09-14 10:18:41.736  3880  7576 V [MYTAG][HeartbeatMgr][HttpTransportLayer]: 	 url:http://192.168.0.1:80/app/getparamvalue?param=rec
09-14 10:18:41.737  3880  8189 I System.out: (HTTPLog)-Static: isSBSettingEnabled false
09-14 10:18:41.737  3880  8189 I System.out: (HTTPLog)-Static: isSBSettingEnabled false
09-14 10:18:41.768  3880  7576 V [MYTAG][HeartbeatMgr][HttpTransportLayer]: [HTTP RSP]
09-14 10:18:41.768  3880  7576 V [MYTAG][HeartbeatMgr][HttpTransportLayer]: 	 errcode:0
09-14 10:18:41.768  3880  7576 V [MYTAG][HeartbeatMgr][HttpTransportLayer]: 	[content]{"result":0,"info":{"value":0}}
09-14 10:18:41.768  3880  7576 V [MYTAG][HeartbeatMgr][HttpTransportLayer]: -----------------------------------------
09-14 10:18:42.082  3880  7576 V [MYTAG][mail_tcp_socket][ViiSocketMailDataPhraser]: ------------mail---------------
09-14 10:18:42.082  3880  7576 V [MYTAG][mail_tcp_socket][ViiSocketMailDataPhraser]: {"msgid":"battery","info":{"capacity":88,"charge":0},"time":1757845121}
09-14 10:18:42.084  3880  7576 V [MYTAG][mail_tcp_socket][ViiSocketMailDataPhraser]: ------------mail---------------
09-14 10:18:42.084  3880  7576 V [MYTAG][mail_tcp_socket][ViiSocketMailDataPhraser]: {"msgid":"sd","info":{"status":0},"time":1757845121}
09-14 10:18:42.084  3880  7576 V [MYTAG][mail_tcp_socket][RemoteOptor]: ----
09-14 10:18:42.084  3880  7576 V [MYTAG][mail_tcp_socket][RemoteOptor]: [CMD]DEV_SDCARD_STATUS_QUERY
09-14 10:18:42.084  3880  7576 V [MYTAG][mail_tcp_socket][RemoteOptor]: [PARAM]null
09-14 10:18:42.085  3880  8188 W System  : Ignoring header sessionid because its value was null.
09-14 10:18:42.085  3880  7576 V [MYTAG][mail_tcp_socket][HttpTransportLayer]: [HTTP SEND GET]
09-14 10:18:42.085  3880  7576 V [MYTAG][mail_tcp_socket][HttpTransportLayer]: 	 url:http://192.168.0.1:80/app/getsdinfo
09-14 10:18:42.085  3880  8188 I System.out: (HTTPLog)-Static: isSBSettingEnabled false
09-14 10:18:42.086  3880  8188 I System.out: (HTTPLog)-Static: isSBSettingEnabled false
09-14 10:18:42.094  3880  7576 V [MYTAG][main][Device]: 603 dev is connected:true
09-14 10:18:42.124  3880  7576 V [MYTAG][mail_tcp_socket][HttpTransportLayer]: [HTTP RSP]
09-14 10:18:42.124  3880  7576 V [MYTAG][mail_tcp_socket][HttpTransportLayer]: 	 errcode:0
09-14 10:18:42.124  3880  7576 V [MYTAG][mail_tcp_socket][HttpTransportLayer]: 	[content]{"result":0,"info":{"status":0,"free":299,"total":1883}}
09-14 10:18:42.124  3880  7576 V [MYTAG][mail_tcp_socket][HttpTransportLayer]: -----------------------------------------
09-14 10:18:42.160  3880  3880 W ProxyAndroidLoggerBackend: Too many Flogger logs received before configuration. Dropping old logs.
09-14 10:18:42.170  3880  3880 I chatty  : uid=10291(com.vidure.app) identical 6 lines
09-14 10:18:42.171  3880  3880 W ProxyAndroidLoggerBackend: Too many Flogger logs received before configuration. Dropping old logs.
09-14 10:18:42.186  3880  7576 V [MYTAG][main][Device]: 603 dev is connected:true
09-14 10:18:42.191  3880  7576 V [MYTAG][main][CameraPreviewActivity]: rev msg1:264454
09-14 10:18:42.191  3880  7576 V [MYTAG][main][Device]: 603 dev is connected:true
09-14 10:18:42.191  3880  7576 V [MYTAG][main][CameraPreviewActivity]: rev msg1:589832
09-14 10:18:45.092  3880  7576 V [MYTAG][mail_tcp_socket][ViiSocketMailDataPhraser]: ------------mail---------------
09-14 10:18:45.092  3880  7576 V [MYTAG][mail_tcp_socket][ViiSocketMailDataPhraser]: {"msgid":"battery","info":{"capacity":88,"charge":0},"time":1757845124}
09-14 10:18:45.093  3880  8188 W System  : Ignoring header sessionid because its value was null.
09-14 10:18:45.093  3880  7576 V [MYTAG][mail_tcp_socket][ViiSocketMailDataPhraser]: ------------mail---------------
09-14 10:18:45.093  3880  7576 V [MYTAG][mail_tcp_socket][ViiSocketMailDataPhraser]: {"msgid":"sd","info":{"status":0},"time":1757845124}
09-14 10:18:45.094  3880  7576 V [MYTAG][mail_tcp_socket][RemoteOptor]: ----
09-14 10:18:45.094  3880  7576 V [MYTAG][mail_tcp_socket][RemoteOptor]: [CMD]DEV_SDCARD_STATUS_QUERY
09-14 10:18:45.094  3880  7576 V [MYTAG][mail_tcp_socket][RemoteOptor]: [PARAM]null
09-14 10:18:45.094  3880  7576 V [MYTAG][mail_tcp_socket][HttpTransportLayer]: [HTTP SEND GET]
09-14 10:18:45.094  3880  7576 V [MYTAG][mail_tcp_socket][HttpTransportLayer]: 	 url:http://192.168.0.1:80/app/getsdinfo
09-14 10:18:45.094  3880  8188 I System.out: (HTTPLog)-Static: isSBSettingEnabled false
09-14 10:18:45.094  3880  8188 I System.out: (HTTPLog)-Static: isSBSettingEnabled false
09-14 10:18:45.113  3880  7576 V [MYTAG][main][Device]: 603 dev is connected:true
09-14 10:18:45.122  3880  7576 V [MYTAG][mail_tcp_socket][HttpTransportLayer]: [HTTP RSP]
09-14 10:18:45.122  3880  7576 V [MYTAG][mail_tcp_socket][HttpTransportLayer]: 	 errcode:0
09-14 10:18:45.122  3880  7576 V [MYTAG][mail_tcp_socket][HttpTransportLayer]: 	[content]{"result":0,"info":{"status":0,"free":299,"total":1883}}
09-14 10:18:45.122  3880  7576 V [MYTAG][mail_tcp_socket][HttpTransportLayer]: -----------------------------------------
09-14 10:18:45.166  3880  9159 W ProxyAndroidLoggerBackend: Too many Flogger logs received before configuration. Dropping old logs.
09-14 10:18:45.167  3880  9159 W ProxyAndroidLoggerBackend: Too many Flogger logs received before configuration. Dropping old logs.
09-14 10:18:45.167  3880  8770 W ProxyAndroidLoggerBackend: Too many Flogger logs received before configuration. Dropping old logs.
09-14 10:18:45.168  3880  9505 W ProxyAndroidLoggerBackend: Too many Flogger logs received before configuration. Dropping old logs.
09-14 10:18:45.168  3880  9505 I chatty  : uid=10291(com.vidure.app) identical 1 line
09-14 10:18:45.170  3880  9505 W ProxyAndroidLoggerBackend: Too many Flogger logs received before configuration. Dropping old logs.
09-14 10:18:45.171  3880  9159 W ProxyAndroidLoggerBackend: Too many Flogger logs received before configuration. Dropping old logs.
09-14 10:18:45.173  3880  3880 W ProxyAndroidLoggerBackend: Too many Flogger logs received before configuration. Dropping old logs.
09-14 10:18:45.176  3880  3880 I chatty  : uid=10291(com.vidure.app) identical 2 lines
09-14 10:18:45.176  3880  3880 W ProxyAndroidLoggerBackend: Too many Flogger logs received before configuration. Dropping old logs.
09-14 10:18:45.179  3880  3880 W ProxyAndroidLoggerBackend: Too many Flogger logs received before configuration. Dropping old logs.
09-14 10:18:45.179  3880  3880 I chatty  : uid=10291(com.vidure.app) identical 2 lines
09-14 10:18:45.180  3880  3880 W ProxyAndroidLoggerBackend: Too many Flogger logs received before configuration. Dropping old logs.
09-14 10:18:45.188  3880  7576 V [MYTAG][main][Device]: 603 dev is connected:true
09-14 10:18:45.190  3880  7576 V [MYTAG][main][CameraPreviewActivity]: rev msg1:264454
09-14 10:18:45.191  3880  7576 V [MYTAG][main][Device]: 603 dev is connected:true
09-14 10:18:45.191  3880  7576 V [MYTAG][main][CameraPreviewActivity]: rev msg1:589832
09-14 10:18:45.736  3880  7576 V [MYTAG][HeartbeatMgr][RemoteOptor]: ----
09-14 10:18:45.736  3880  7576 V [MYTAG][HeartbeatMgr][RemoteOptor]: [CMD]Basic_Msg_MailBox
09-14 10:18:45.736  3880  7576 V [MYTAG][HeartbeatMgr][RemoteOptor]: [PARAM]null
09-14 10:18:45.738  3880  8189 W System  : Ignoring header sessionid because its value was null.
09-14 10:18:45.739  3880  8189 I System.out: (HTTPLog)-Static: isSBSettingEnabled false
09-14 10:18:45.739  3880  8189 I System.out: (HTTPLog)-Static: isSBSettingEnabled false
09-14 10:18:45.741  3880  7576 V [MYTAG][HeartbeatMgr][HttpTransportLayer]: [HTTP SEND GET]
09-14 10:18:45.741  3880  7576 V [MYTAG][HeartbeatMgr][HttpTransportLayer]: 	 url:http://192.168.0.1:80/app/getparamvalue?param=rec
09-14 10:18:45.766  3880  7576 V [MYTAG][HeartbeatMgr][HttpTransportLayer]: [HTTP RSP]
09-14 10:18:45.766  3880  7576 V [MYTAG][HeartbeatMgr][HttpTransportLayer]: 	 errcode:0
09-14 10:18:45.766  3880  7576 V [MYTAG][HeartbeatMgr][HttpTransportLayer]: 	[content]{"result":0,"info":{"value":0}}
09-14 10:18:45.766  3880  7576 V [MYTAG][HeartbeatMgr][HttpTransportLayer]: -----------------------------------------
09-14 10:18:48.103  3880  7576 V [MYTAG][mail_tcp_socket][ViiSocketMailDataPhraser]: ------------mail---------------
09-14 10:18:48.103  3880  7576 V [MYTAG][mail_tcp_socket][ViiSocketMailDataPhraser]: {"msgid":"battery","info":{"capacity":88,"charge":0},"time":1757845127}
09-14 10:18:48.105  3880  8188 W System  : Ignoring header sessionid because its value was null.
09-14 10:18:48.107  3880  8188 I System.out: (HTTPLog)-Static: isSBSettingEnabled false
09-14 10:18:48.107  3880  8188 I System.out: (HTTPLog)-Static: isSBSettingEnabled false
09-14 10:18:48.109  3880  7576 V [MYTAG][mail_tcp_socket][ViiSocketMailDataPhraser]: ------------mail---------------
09-14 10:18:48.109  3880  7576 V [MYTAG][mail_tcp_socket][ViiSocketMailDataPhraser]: {"msgid":"sd","info":{"status":0},"time":1757845127}
09-14 10:18:48.109  3880  7576 V [MYTAG][mail_tcp_socket][RemoteOptor]: ----
09-14 10:18:48.109  3880  7576 V [MYTAG][mail_tcp_socket][RemoteOptor]: [CMD]DEV_SDCARD_STATUS_QUERY
09-14 10:18:48.109  3880  7576 V [MYTAG][mail_tcp_socket][RemoteOptor]: [PARAM]null
09-14 10:18:48.109  3880  7576 V [MYTAG][mail_tcp_socket][HttpTransportLayer]: [HTTP SEND GET]
09-14 10:18:48.109  3880  7576 V [MYTAG][mail_tcp_socket][HttpTransportLayer]: 	 url:http://192.168.0.1:80/app/getsdinfo
09-14 10:18:48.119  3880  7576 V [MYTAG][main][Device]: 603 dev is connected:true
09-14 10:18:48.129  3880  7576 V [MYTAG][mail_tcp_socket][HttpTransportLayer]: [HTTP RSP]
09-14 10:18:48.129  3880  7576 V [MYTAG][mail_tcp_socket][HttpTransportLayer]: 	 errcode:0
09-14 10:18:48.129  3880  7576 V [MYTAG][mail_tcp_socket][HttpTransportLayer]: 	[content]{"result":0,"info":{"status":0,"free":299,"total":1883}}
09-14 10:18:48.129  3880  7576 V [MYTAG][mail_tcp_socket][HttpTransportLayer]: -----------------------------------------
09-14 10:18:48.162  3880  3880 W ProxyAndroidLoggerBackend: Too many Flogger logs received before configuration. Dropping old logs.
09-14 10:18:48.172  3880  3880 I chatty  : uid=10291(com.vidure.app) identical 6 lines
09-14 10:18:48.173  3880  3880 W ProxyAndroidLoggerBackend: Too many Flogger logs received before configuration. Dropping old logs.
09-14 10:18:48.181  3880  7576 V [MYTAG][main][Device]: 603 dev is connected:true
09-14 10:18:48.182  3880  7576 V [MYTAG][main][CameraPreviewActivity]: rev msg1:264454
09-14 10:18:48.182  3880  7576 V [MYTAG][main][Device]: 603 dev is connected:true
09-14 10:18:48.183  3880  7576 V [MYTAG][main][CameraPreviewActivity]: rev msg1:589832
09-14 10:18:48.515  3880  9548 W ProxyAndroidLoggerBackend: Too many Flogger logs received before configuration. Dropping old logs.
09-14 10:18:48.520  3880  9548 I chatty  : uid=10291(com.vidure.app) identical 2 lines
09-14 10:18:48.520  3880  9548 W ProxyAndroidLoggerBackend: Too many Flogger logs received before configuration. Dropping old logs.
09-14 10:18:49.736  3880  8189 W System  : Ignoring header sessionid because its value was null.
09-14 10:18:49.736  3880  8189 I System.out: (HTTPLog)-Static: isSBSettingEnabled false
09-14 10:18:49.736  3880  8189 I System.out: (HTTPLog)-Static: isSBSettingEnabled false
09-14 10:18:49.737  3880  7576 V [MYTAG][HeartbeatMgr][RemoteOptor]: ----
09-14 10:18:49.737  3880  7576 V [MYTAG][HeartbeatMgr][RemoteOptor]: [CMD]Basic_Msg_MailBox
09-14 10:18:49.737  3880  7576 V [MYTAG][HeartbeatMgr][RemoteOptor]: [PARAM]null
09-14 10:18:49.738  3880  7576 V [MYTAG][HeartbeatMgr][HttpTransportLayer]: [HTTP SEND GET]
09-14 10:18:49.738  3880  7576 V [MYTAG][HeartbeatMgr][HttpTransportLayer]: 	 url:http://192.168.0.1:80/app/getparamvalue?param=rec
09-14 10:18:49.760  3880  7576 V [MYTAG][HeartbeatMgr][HttpTransportLayer]: [HTTP RSP]
09-14 10:18:49.760  3880  7576 V [MYTAG][HeartbeatMgr][HttpTransportLayer]: 	 errcode:0
09-14 10:18:49.760  3880  7576 V [MYTAG][HeartbeatMgr][HttpTransportLayer]: 	[content]{"result":0,"info":{"value":0}}
09-14 10:18:49.760  3880  7576 V [MYTAG][HeartbeatMgr][HttpTransportLayer]: -----------------------------------------
09-14 10:18:51.111  3880  7576 V [MYTAG][mail_tcp_socket][ViiSocketMailDataPhraser]: ------------mail---------------
09-14 10:18:51.111  3880  7576 V [MYTAG][mail_tcp_socket][ViiSocketMailDataPhraser]: {"msgid":"battery","info":{"capacity":88,"charge":0},"time":1757845130}
09-14 10:18:51.113  3880  7576 V [MYTAG][mail_tcp_socket][ViiSocketMailDataPhraser]: ------------mail---------------
09-14 10:18:51.113  3880  7576 V [MYTAG][mail_tcp_socket][ViiSocketMailDataPhraser]: {"msgid":"sd","info":{"status":0},"time":1757845130}
09-14 10:18:51.113  3880  7576 V [MYTAG][mail_tcp_socket][RemoteOptor]: ----
09-14 10:18:51.113  3880  7576 V [MYTAG][mail_tcp_socket][RemoteOptor]: [CMD]DEV_SDCARD_STATUS_QUERY
09-14 10:18:51.113  3880  7576 V [MYTAG][mail_tcp_socket][RemoteOptor]: [PARAM]null
09-14 10:18:51.114  3880  8188 W System  : Ignoring header sessionid because its value was null.
09-14 10:18:51.114  3880  7576 V [MYTAG][mail_tcp_socket][HttpTransportLayer]: [HTTP SEND GET]
09-14 10:18:51.114  3880  7576 V [MYTAG][mail_tcp_socket][HttpTransportLayer]: 	 url:http://192.168.0.1:80/app/getsdinfo
09-14 10:18:51.114  3880  8188 I System.out: (HTTPLog)-Static: isSBSettingEnabled false
09-14 10:18:51.114  3880  8188 I System.out: (HTTPLog)-Static: isSBSettingEnabled false
09-14 10:18:51.117  3880  7576 V [MYTAG][main][Device]: 603 dev is connected:true
09-14 10:18:51.139  3880  7576 V [MYTAG][mail_tcp_socket][HttpTransportLayer]: [HTTP RSP]
09-14 10:18:51.139  3880  7576 V [MYTAG][mail_tcp_socket][HttpTransportLayer]: 	 errcode:0
09-14 10:18:51.139  3880  7576 V [MYTAG][mail_tcp_socket][HttpTransportLayer]: 	[content]{"result":0,"info":{"status":0,"free":299,"total":1883}}
09-14 10:18:51.139  3880  7576 V [MYTAG][mail_tcp_socket][HttpTransportLayer]: -----------------------------------------
09-14 10:18:51.167  3880  3880 W ProxyAndroidLoggerBackend: Too many Flogger logs received before configuration. Dropping old logs.
09-14 10:18:51.176  3880  3880 I chatty  : uid=10291(com.vidure.app) identical 6 lines
09-14 10:18:51.177  3880  3880 W ProxyAndroidLoggerBackend: Too many Flogger logs received before configuration. Dropping old logs.
09-14 10:18:51.185  3880  9159 W ProxyAndroidLoggerBackend: Too many Flogger logs received before configuration. Dropping old logs.
09-14 10:18:51.186  3880  9505 W ProxyAndroidLoggerBackend: Too many Flogger logs received before configuration. Dropping old logs.
09-14 10:18:51.188  3880  7576 V [MYTAG][main][Device]: 603 dev is connected:true
09-14 10:18:51.191  3880  7576 V [MYTAG][main][CameraPreviewActivity]: rev msg1:264454
09-14 10:18:51.191  3880  7576 V [MYTAG][main][Device]: 603 dev is connected:true
09-14 10:18:51.191  3880  7576 V [MYTAG][main][CameraPreviewActivity]: rev msg1:589832
09-14 10:18:53.736  3880  8189 W System  : Ignoring header sessionid because its value was null.
09-14 10:18:53.737  3880  8189 I System.out: (HTTPLog)-Static: isSBSettingEnabled false
09-14 10:18:53.737  3880  8189 I System.out: (HTTPLog)-Static: isSBSettingEnabled false
09-14 10:18:53.737  3880  7576 V [MYTAG][HeartbeatMgr][RemoteOptor]: ----
09-14 10:18:53.737  3880  7576 V [MYTAG][HeartbeatMgr][RemoteOptor]: [CMD]Basic_Msg_MailBox
09-14 10:18:53.737  3880  7576 V [MYTAG][HeartbeatMgr][RemoteOptor]: [PARAM]null
09-14 10:18:53.738  3880  7576 V [MYTAG][HeartbeatMgr][HttpTransportLayer]: [HTTP SEND GET]
09-14 10:18:53.738  3880  7576 V [MYTAG][HeartbeatMgr][HttpTransportLayer]: 	 url:http://192.168.0.1:80/app/getparamvalue?param=rec
09-14 10:18:53.758  3880  7576 V [MYTAG][HeartbeatMgr][HttpTransportLayer]: [HTTP RSP]
09-14 10:18:53.758  3880  7576 V [MYTAG][HeartbeatMgr][HttpTransportLayer]: 	 errcode:0
09-14 10:18:53.758  3880  7576 V [MYTAG][HeartbeatMgr][HttpTransportLayer]: 	[content]{"result":0,"info":{"value":0}}
09-14 10:18:53.758  3880  7576 V [MYTAG][HeartbeatMgr][HttpTransportLayer]: -----------------------------------------
09-14 10:18:54.122  3880  7576 V [MYTAG][mail_tcp_socket][ViiSocketMailDataPhraser]: ------------mail---------------
09-14 10:18:54.122  3880  7576 V [MYTAG][mail_tcp_socket][ViiSocketMailDataPhraser]: {"msgid":"battery","info":{"capacity":88,"charge":0},"time":1757845133}
09-14 10:18:54.123  3880  7576 V [MYTAG][mail_tcp_socket][ViiSocketMailDataPhraser]: ------------mail---------------
09-14 10:18:54.123  3880  7576 V [MYTAG][mail_tcp_socket][ViiSocketMailDataPhraser]: {"msgid":"sd","info":{"status":0},"time":1757845133}
09-14 10:18:54.124  3880  8188 W System  : Ignoring header sessionid because its value was null.
09-14 10:18:54.124  3880  7576 V [MYTAG][mail_tcp_socket][RemoteOptor]: ----
09-14 10:18:54.124  3880  7576 V [MYTAG][mail_tcp_socket][RemoteOptor]: [CMD]DEV_SDCARD_STATUS_QUERY
09-14 10:18:54.124  3880  7576 V [MYTAG][mail_tcp_socket][RemoteOptor]: [PARAM]null
09-14 10:18:54.124  3880  7576 V [MYTAG][mail_tcp_socket][HttpTransportLayer]: [HTTP SEND GET]
09-14 10:18:54.124  3880  7576 V [MYTAG][mail_tcp_socket][HttpTransportLayer]: 	 url:http://192.168.0.1:80/app/getsdinfo
09-14 10:18:54.125  3880  8188 I System.out: (HTTPLog)-Static: isSBSettingEnabled false
09-14 10:18:54.125  3880  8188 I System.out: (HTTPLog)-Static: isSBSettingEnabled false
09-14 10:18:54.130  3880  7576 V [MYTAG][main][Device]: 603 dev is connected:true
09-14 10:18:54.158  3880  7576 V [MYTAG][mail_tcp_socket][HttpTransportLayer]: [HTTP RSP]
09-14 10:18:54.158  3880  7576 V [MYTAG][mail_tcp_socket][HttpTransportLayer]: 	 errcode:0
09-14 10:18:54.158  3880  7576 V [MYTAG][mail_tcp_socket][HttpTransportLayer]: 	[content]{"result":0,"info":{"status":0,"free":299,"total":1883}}
09-14 10:18:54.158  3880  7576 V [MYTAG][mail_tcp_socket][HttpTransportLayer]: -----------------------------------------
09-14 10:18:54.205  3880  3880 W ProxyAndroidLoggerBackend: Too many Flogger logs received before configuration. Dropping old logs.
09-14 10:18:54.216  3880  3880 I chatty  : uid=10291(com.vidure.app) identical 6 lines
09-14 10:18:54.217  3880  3880 W ProxyAndroidLoggerBackend: Too many Flogger logs received before configuration. Dropping old logs.
09-14 10:18:54.221  3880  9159 W ProxyAndroidLoggerBackend: Too many Flogger logs received before configuration. Dropping old logs.
09-14 10:18:54.226  3880  7576 V [MYTAG][main][Device]: 603 dev is connected:true
