03-15 11:08:03.621 19748 32628 I System.out: (HTTPLog)-Static: isSBSettingEnabled false
03-15 11:08:03.621 19748 32347 V [MYTAG][pool-25-thread-1][RemoteOptor]: ----
03-15 11:08:03.621 19748 32347 V [MYTAG][pool-25-thread-1][RemoteOptor]: [CMD]Media_Video_GetStreamUrl
03-15 11:08:03.621 19748 32347 V [MYTAG][pool-25-thread-1][RemoteOptor]: [PARAM]null
03-15 11:08:03.621 19748 32628 I System.out: (HTTPLog)-Static: isSBSettingEnabled false
03-15 11:08:03.622 19748 32347 V [MYTAG][pool-25-thread-1][HttpTransportLayer]: [HTTP SEND GET]
03-15 11:08:03.622 19748 32347 V [MYTAG][pool-25-thread-1][HttpTransportLayer]: 	 url:http://192.168.0.1:80/app/getmediainfo
03-15 11:08:03.664 19748 32337 D OpenGLRenderer: makeCurrent EglSurface : 0x7b6c3a9280 -> 0x7b7d467700
03-15 11:08:03.669 19748 32347 V [MYTAG][pool-25-thread-1][HttpTransportLayer]: [HTTP RSP]
03-15 11:08:03.669 19748 32347 V [MYTAG][pool-25-thread-1][HttpTransportLayer]: 	 errcode:0
03-15 11:08:03.669 19748 32347 V [MYTAG][pool-25-thread-1][HttpTransportLayer]: 	[content]{"result":0,"info":{"rtsp":"rtsp://192.168.0.1/live/tcp/ch1","transport":"tcp","port":"6035"}}
03-15 11:08:03.669 19748 32347 V [MYTAG][pool-25-thread-1][HttpTransportLayer]: -----------------------------------------
03-15 11:08:03.669 19748 32347 V [MYTAG][pool-25-thread-1][IjkPreviewPlayer]: setMediaPath:rtsp://192.168.0.1/live/tcp/ch1, tcp:true,isFindStreamInfo:false,isHwDecode:false,isMirrored:false
03-15 11:08:03.669 19748 32347 V [MYTAG][pool-11-thread-14][ijk_preview_playing]: runnable  is start.
03-15 11:08:03.669 19748 32347 V [MYTAG][pool-11-thread-14][IjkPreviewPlayer]: init media player.
03-15 11:08:03.677 19748 32452 D J4A     : J4ALoader: OK: 'android.os.Build$VERSION' loaded
03-15 11:08:03.677 19748 32452 D J4A     : J4ALoader: OK: 'android.os.Build' loaded
03-15 11:08:03.677 19748 32452 D J4A     : J4ALoader: OK: 'java.nio.Buffer' loaded
03-15 11:08:03.677 19748 32452 D J4A     : J4ALoader: OK: 'java.nio.ByteBuffer' loaded
03-15 11:08:03.677 19748 32452 D J4A     : J4ALoader: OK: 'java.util.ArrayList' loaded
03-15 11:08:03.677 19748 32452 I J4A     : API-Level: 29
03-15 11:08:03.677 19748 32452 D J4A     : J4ALoader: OK: 'android.media.AudioTrack' loaded
03-15 11:08:03.677 19748 32452 D J4A     : J4ALoader: OK: 'android.media.MediaCodec$BufferInfo' loaded
03-15 11:08:03.678 19748 32452 D J4A     : J4ALoader: OK: 'android.media.MediaCodec' loaded
03-15 11:08:03.678 19748 32452 D J4A     : J4ALoader: OK: 'android.media.MediaFormat' loaded
03-15 11:08:03.678 19748 32452 D J4A     : J4ALoader: OK: 'android.media.PlaybackParams' loaded
03-15 11:08:03.678 19748 32452 D J4A     : J4ALoader: OK: 'android.os.Bundle' loaded
03-15 11:08:03.678 19748 32452 D J4A     : J4ALoader: OK: 'tv.danmaku.ijk.media.player.misc.IMediaDataSource' loaded
03-15 11:08:03.678 19748 32452 D J4A     : J4ALoader: OK: 'tv.danmaku.ijk.media.player.misc.IAndroidIO' loaded
03-15 11:08:03.678 19748 32452 D J4A     : J4ALoader: OK: 'tv.danmaku.ijk.media.player.IjkMediaPlayer' loaded
03-15 11:08:03.679 19748 32452 D IJKMEDIA: ijkmediaplayer version : c7f2c7e5
03-15 11:08:03.680 19748 32452 D IJKMEDIA: IjkMediaPlayer_native_init
03-15 11:08:03.680 19748 32452 D IJKMEDIA: IjkMediaPlayer_native_setup
03-15 11:08:03.680 19748 32452 I IJKMEDIA: av_version_info: df628bca
03-15 11:08:03.680 19748 32452 I IJKMEDIA: ijk_version_info: c7f2c7e5
03-15 11:08:03.680 19748 32452 D IJKMEDIA: ffpipeline_create_from_android()
03-15 11:08:03.680 19748 32452 D IJKMEDIA: ijkmp_set_inject_opaque(0x4072)
03-15 11:08:03.680 19748 32452 D IJKMEDIA: ijkmp_set_inject_opaque()=void
03-15 11:08:03.680 19748 32452 D IJKMEDIA: ijkmp_set_ijkio_inject_opaque(0x4072)
03-15 11:08:03.680 19748 32452 D IJKMEDIA: ijkmp_set_ijkio_inject_opaque()=void
03-15 11:08:03.680 19748 32452 D IJKMEDIA: ijkmp_android_set_mediacodec_select_callback()
03-15 11:08:03.680 19748 32452 D IJKMEDIA: ffpipeline_set_mediacodec_select_callback
03-15 11:08:03.680 19748 32452 D IJKMEDIA: ijkmp_android_set_mediacodec_select_callback()=void
03-15 11:08:03.680 19748 32452 D IJKMEDIA: IjkMediaPlayer_native_profileBegin
03-15 11:08:03.680 19748 32452 D aprof-fake: fake-monstartup libijkplayer.so
03-15 11:08:03.680 19748 32452 D IJKMEDIA: monstartup: libijkplayer.so
03-15 11:08:03.681 19748 32452 D IJKMEDIA: IjkMediaPlayer_setVideoSurface
03-15 11:08:03.681 19748 32452 D IJKMEDIA: ijkmp_set_android_surface(surface=0x7b78201a48)
03-15 11:08:03.681 19748 32452 D IJKMEDIA: ffpipeline_set_surface()
03-15 11:08:03.681 19748 32452 D IJKMEDIA: ijkmp_set_android_surface(surface=0x7b78201a48)=void
03-15 11:08:03.681 19748 32452 D IJKMEDIA: IjkMediaPlayer_setVolume
03-15 11:08:03.681 19748 32452 D IJKMEDIA: ijkmp_android_set_volume(0.000000, 0.000000)
03-15 11:08:03.681 19748 32452 D IJKMEDIA: ffpipeline_set_volume
03-15 11:08:03.681 19748 32452 D IJKMEDIA: ijkmp_android_set_volume(0.000000, 0.000000)=void
03-15 11:08:03.681 19748 32452 D IJKMEDIA: IjkMediaPlayer_setOptionLong
03-15 11:08:03.681 19748 32452 I chatty  : uid=10291(com.vidure.app) pool-11-thread- identical 3 lines
03-15 11:08:03.681 19748 32452 D IJKMEDIA: IjkMediaPlayer_setOptionLong
03-15 11:08:03.681 19748 32452 D IJKMEDIA: IjkMediaPlayer_setOption
03-15 11:08:03.681 19748 32452 D IJKMEDIA: IjkMediaPlayer_setOptionLong
03-15 11:08:03.681 19748 32452 I chatty  : uid=10291(com.vidure.app) pool-11-thread- identical 1 line
03-15 11:08:03.681 19748 32452 D IJKMEDIA: IjkMediaPlayer_setOptionLong
03-15 11:08:03.681 19748 32452 D IJKMEDIA: IjkMediaPlayer_setOption
03-15 11:08:03.681 19748 32452 I chatty  : uid=10291(com.vidure.app) pool-11-thread- identical 1 line
03-15 11:08:03.681 19748 32452 D IJKMEDIA: IjkMediaPlayer_setOption
03-15 11:08:03.681 19748 32452 D IJKMEDIA: IjkMediaPlayer_setOptionLong
03-15 11:08:03.681 19748 32452 I chatty  : uid=10291(com.vidure.app) pool-11-thread- identical 8 lines
03-15 11:08:03.681 19748 32452 D IJKMEDIA: IjkMediaPlayer_setOptionLong
03-15 11:08:03.681 19748 32452 D IJKMEDIA: IjkMediaPlayer_setOption
03-15 11:08:03.681 19748 32452 D IJKMEDIA: IjkMediaPlayer_setOption
03-15 11:08:03.681 19748 32452 D IJKMEDIA: IjkMediaPlayer_setOptionLong
03-15 11:08:03.681 19748 32452 I chatty  : uid=10291(com.vidure.app) pool-11-thread- identical 9 lines
03-15 11:08:03.681 19748 32452 D IJKMEDIA: IjkMediaPlayer_setOptionLong
03-15 11:08:03.681 19748 32452 D IJKMEDIA: IjkMediaPlayer_setDataSourceAndHeaders
03-15 11:08:03.682 19748 32452 V IJKMEDIA: setDataSource: path rtsp://192.168.0.1/live/tcp/ch1
03-15 11:08:03.682 19748 32452 D IJKMEDIA: ijkmp_set_data_source(url="rtsp://192.168.0.1/live/tcp/ch1")
03-15 11:08:03.682 19748 32452 D IJKMEDIA: ijkmp_set_data_source(url="rtsp://192.168.0.1/live/tcp/ch1")=0
03-15 11:08:03.682 19748 32452 D IJKMEDIA: IjkMediaPlayer_prepareAsync
03-15 11:08:03.682 19748 32452 D IJKMEDIA: ijkmp_prepare_async()
03-15 11:08:03.682 19748 32452 W IJKMEDIA: remove 'timeout' option for rtmp.
03-15 11:08:03.682 19748 32452 I IJKMEDIA: ===== versions =====
03-15 11:08:03.682 19748 32634 I IJKMEDIA: SDL_RunThread: [32634] ff_msg_loop
03-15 11:08:03.682 19748 32452 I IJKMEDIA: ijkplayer    : c7f2c7e5
03-15 11:08:03.682 19748 32452 I IJKMEDIA: FFmpeg       : df628bca
03-15 11:08:03.682 19748 32634 D IJKMEDIA: message_loop
03-15 11:08:03.682 19748 32452 I IJKMEDIA: libavutil    : 55.78.100
03-15 11:08:03.682 19748 32452 I IJKMEDIA: libavcodec   : 57.107.100
03-15 11:08:03.682 19748 32452 I IJKMEDIA: libavformat  : 57.83.100
03-15 11:08:03.682 19748 32452 I IJKMEDIA: libswscale   : 4.8.100
03-15 11:08:03.682 19748 32452 I IJKMEDIA: libswresample: 2.9.100
03-15 11:08:03.682 19748 32452 I IJKMEDIA: ===== options =====
03-15 11:08:03.682 19748 32452 I IJKMEDIA: player-opts : mediacodec-hevc              = 0
03-15 11:08:03.682 19748 32452 I IJKMEDIA: player-opts : mediacodec                   = 0
03-15 11:08:03.682 19748 32452 I IJKMEDIA: player-opts : reconnect                    = 5
03-15 11:08:03.682 19748 32452 I IJKMEDIA: player-opts : packet-buffering             = 0
03-15 11:08:03.682 19748 32452 I IJKMEDIA: player-opts : max-buffer-size              = 2097152
03-15 11:08:03.682 19748 32452 I IJKMEDIA: player-opts : protocol_whitelist           = file,udp,tcp,http,rtp
03-15 11:08:03.682 19748 32452 I IJKMEDIA: player-opts : overlay-format               = fcc-_es2
03-15 11:08:03.682 19748 32452 I IJKMEDIA: player-opts : framedrop                    = 60
03-15 11:08:03.682 19748 32452 I IJKMEDIA: player-opts : start-on-prepared            = 1
03-15 11:08:03.682 19748 32452 I IJKMEDIA: player-opts : find_stream_info             = 0
03-15 11:08:03.682 19748 32452 I IJKMEDIA: player-opts : infbuf                       = 1
03-15 11:08:03.682 19748 32452 I IJKMEDIA: player-opts : video-pictq-size             = 12
03-15 11:08:03.682 19748 32452 I IJKMEDIA: player-opts : video-pictq-size-min         = 3
03-15 11:08:03.682 19748 32452 I IJKMEDIA: player-opts : video-pictq-size-max         = 6
03-15 11:08:03.682 19748 32452 I IJKMEDIA: player-opts : an                           = 1
03-15 11:08:03.682 19748 32452 I IJKMEDIA: player-opts : preview                      = 1
03-15 11:08:03.682 19748 32452 I IJKMEDIA: player-opts : low_delay                    = 1
03-15 11:08:03.682 19748 32452 I IJKMEDIA: player-opts : keyframe_start               = 1
03-15 11:08:03.682 19748 32634 D IJKMEDIA: FFP_MSG_FLUSH:
03-15 11:08:03.682 19748 32452 I IJKMEDIA: player-opts : send_teardown                = 1
03-15 11:08:03.682 19748 32452 I IJKMEDIA: player-opts : preview_drop_firstframe      = 30
03-15 11:08:03.682 19748 32452 I IJKMEDIA: format-opts : ijkapplication               = 532472408000
03-15 11:08:03.682 19748 32452 I IJKMEDIA: format-opts : ijkiomanager                 = 529963469952
03-15 11:08:03.682 19748 32452 I IJKMEDIA: format-opts : formatprobesize              = 102400
03-15 11:08:03.682 19748 32452 I IJKMEDIA: format-opts : dns_cache_clear              = 1
03-15 11:08:03.682 19748 32452 I IJKMEDIA: format-opts : rtsp_transport               = tcp
03-15 11:08:03.682 19748 32452 I IJKMEDIA: format-opts : analyzemaxduration           = 100
03-15 11:08:03.682 19748 32452 I IJKMEDIA: format-opts : stimeout                     = 5000000
03-15 11:08:03.682 19748 32452 I IJKMEDIA: format-opts : http-detect-range-support    = 0
03-15 11:08:03.682 19748 32452 I IJKMEDIA: format-opts : probesize                    = 1048576
03-15 11:08:03.682 19748 32452 I IJKMEDIA: format-opts : analyzeduration              = 3000000
03-15 11:08:03.682 19748 32452 I IJKMEDIA: format-opts : flush_packets                = 1
03-15 11:08:03.682 19748 32452 I IJKMEDIA: format-opts : sync                         = ext
03-15 11:08:03.682 19748 32452 I IJKMEDIA: format-opts : fflags                       = nobuffer
03-15 11:08:03.682 19748 32452 I IJKMEDIA: codec-opts  : skip_frame                   = 5
03-15 11:08:03.682 19748 32452 I IJKMEDIA: codec-opts  : skip_loop_filter             = 16
03-15 11:08:03.682 19748 32452 I IJKMEDIA: ===================
03-15 11:08:03.683 19748 32452 I IJKMEDIA: frame queue init size: 12,final size:12
03-15 11:08:03.683 19748 32452 I IJKMEDIA: frame queue init size: 16,final size:16
03-15 11:08:03.683 19748 32452 I IJKMEDIA: frame queue init size: 30,final size:30
03-15 11:08:03.683 19748 32452 D IJKMEDIA: ijkmp_prepare_async()=0
03-15 11:08:03.683 19748 32635 I IJKMEDIA: SDL_RunThread: [32635] ff_vout
03-15 11:08:03.683 19748 32635 I IJKMEDIA: is preview:1
03-15 11:08:03.683 19748 32636 I IJKMEDIA: SDL_RunThread: [32636] ff_read
03-15 11:08:03.683 19748 32636 I IJKMEDIA: scan_all_pmts_set:1.
03-15 11:08:03.683 19748 32636 W IJKMEDIA: remove 'timeout' option for rtmp or rtsp.
03-15 11:08:03.683 19748 32636 I IJKMEDIA:  start to open input rtsp://192.168.0.1/live/tcp/ch1.
03-15 11:08:03.683 19748 32636 I IJKMEDIA: will delete cache entry, hostname = 192.168.0.1
03-15 11:08:03.683 19748 32347 V [MYTAG][pool-11-thread-14][ijk_preview_playing]: runnable  is end.
03-15 11:08:03.688 19748 32636 I IJKMEDIA: Add dns cache hostname = 192.168.0.1, ip = 
03-15 11:08:03.867 19748 32636 I IJKMEDIA:  end to open input rtsp://192.168.0.1/live/tcp/ch1.
03-15 11:08:03.867 19748 32636 E IJKMEDIA: Option ijkapplication not found.
03-15 11:08:03.867 19748 32636 I IJKMEDIA: max_frame_duration: 10.000
03-15 11:08:03.867 19748 32636 I IJKMEDIA: Input #0, rtsp, from 'rtsp://192.168.0.1/live/tcp/ch1':
03-15 11:08:03.867 19748 32636 I IJKMEDIA:   Metadata:
03-15 11:08:03.867 19748 32636 I IJKMEDIA:     is_network_stream: 
03-15 11:08:03.867 19748 32636 I IJKMEDIA: 0
03-15 11:08:03.867 19748 32636 I IJKMEDIA: 
03-15 11:08:03.867 19748 32636 I IJKMEDIA:     title           : 
03-15 11:08:03.867 19748 32634 D IJKMEDIA: FFP_MSG_OPEN_INPUT:
03-15 11:08:03.867 19748 32636 I IJKMEDIA: SGK
03-15 11:08:03.867 19748 32636 I IJKMEDIA: 
03-15 11:08:03.867 19748 32636 I IJKMEDIA:   Duration: 
03-15 11:08:03.867 19748 32636 I IJKMEDIA: N/A
03-15 11:08:03.867 19748 32636 I IJKMEDIA: , bitrate: 
03-15 11:08:03.867 19748 32636 I IJKMEDIA: N/A
03-15 11:08:03.867 19748 32636 I IJKMEDIA: 
03-15 11:08:03.867 19748 32636 I IJKMEDIA:     Stream #0:0
03-15 11:08:03.867 19748 32636 I IJKMEDIA: : Video: h264, none
03-15 11:08:03.867 19748 32636 I IJKMEDIA: , 
03-15 11:08:03.867 19748 32636 I IJKMEDIA: 90k tbn
03-15 11:08:03.867 19748 32636 I IJKMEDIA: 
03-15 11:08:03.867 19748 32636 I IJKMEDIA:     Stream #0:1
03-15 11:08:03.867 19748 32636 I IJKMEDIA: : Audio: pcm_alaw, 16000 Hz, 1 channels, 128 kb/s
03-15 11:08:03.867 19748 32636 I IJKMEDIA: 
03-15 11:08:03.867 19748 32636 I IJKMEDIA: find the video st index: 0
03-15 11:08:03.867 19748 32636 I IJKMEDIA: find the audio st index: -1
03-15 11:08:03.867 19748 32636 I IJKMEDIA: find the subtitle st index: -1381258232
03-15 11:08:03.867 19748 32636 I IJKMEDIA: is realtime:1 ,use main clock: 2 
03-15 11:08:03.867 19748 32636 I IJKMEDIA: is preview:1, is use low delay:1
03-15 11:08:03.868 19748 32347 V [MYTAG][main][IjkPreviewPlayer]: [onInfo]onInfo:what:10005,extra:0
03-15 11:08:03.870 19748 32636 E IJKMEDIA: mediacodec failed, now use ffpipenode_create_video_decoder_from_ffplay
03-15 11:08:03.870 19748 32636 I IJKMEDIA: VideoCodec: avcodec, h264
03-15 11:08:03.870 19748 32634 D IJKMEDIA: FFP_MSG_COMPONENT_OPEN:
03-15 11:08:03.870 19748 32645 I IJKMEDIA: SDL_RunThread: [32645] ff_video_dec
03-15 11:08:03.870 19748 32634 D IJKMEDIA: FFP_MSG_VIDEO_SIZE_CHANGED: 0, 0
03-15 11:08:03.870 19748 32634 D IJKMEDIA: FFP_MSG_SAR_CHANGED: 0, 1
03-15 11:08:03.870 19748 32634 D IJKMEDIA: ijkmp_get_msg: FFP_MSG_PREPARED
03-15 11:08:03.870 19748 32634 D IJKMEDIA: FFP_MSG_PREPARED:
03-15 11:08:03.870 19748 32634 D IJKMEDIA: FFP_MSG_VIDEO_ROTATION_CHANGED: 0
03-15 11:08:03.870 19748 32347 V [MYTAG][main][IjkPreviewPlayer]: [onInfo]onInfo:what:10007,extra:0
03-15 11:08:03.871 19748 32347 V [MYTAG][main][IjkPreviewPlayer]: [onVideoSizeChanged]player vvideo width(0) or height(0)
03-15 11:08:03.871 19748 32347 V [MYTAG][main][IjkPreviewPlayer]: [onVideoSizeChanged]player vvideo width(0) or height(0)
03-15 11:08:03.871 19748 32347 V [MYTAG][main][IjkPreviewPlayer]: onPrepared...
03-15 11:08:03.871 19748 32347 V [MYTAG][main][IjkPreviewPlayer]: [onInfo]onInfo:what:10001,extra:0
03-15 11:08:03.908 19748 32645 I IJKMEDIA: first drop frame count 0 
03-15 11:08:03.938 19748 32645 I IJKMEDIA: first drop frame count 1 
03-15 11:08:03.969 19748 32347 V [MYTAG][pool-25-thread-1][IjkPreviewPlayer]: wait preview first frame show: 300
03-15 11:08:03.971 19748 32462 W Settings: Setting adb_enabled has moved from android.provider.Settings.Secure to android.provider.Settings.Global.
03-15 11:08:03.972 19748 32645 I IJKMEDIA: first drop frame count 2 
03-15 11:08:03.978 19748 32463 I System.out: (HTTPLog)-Static: isSBSettingEnabled false
03-15 11:08:03.978 19748 32463 I System.out: (HTTPLog)-Static: isSBSettingEnabled false
03-15 11:08:04.013 19748 32645 I IJKMEDIA: first drop frame count 3 
03-15 11:08:04.054 19748 32645 I IJKMEDIA: first drop frame count 4 
03-15 11:08:04.084 19748 32462 I System.out: (HTTPLog)-Static: isSBSettingEnabled false
03-15 11:08:04.084 19748 32462 I System.out: (HTTPLog)-Static: isSBSettingEnabled false
03-15 11:08:04.094 19748 32645 I IJKMEDIA: first drop frame count 5 
03-15 11:08:04.095 19748 32462 I System.out: (HTTPLog)-Static: isSBSettingEnabled false
03-15 11:08:04.095 19748 32462 I System.out: (HTTPLog)-Static: isSBSettingEnabled false
03-15 11:08:04.134 19748 32645 I IJKMEDIA: first drop frame count 6 
03-15 11:08:04.174 19748 32645 I IJKMEDIA: first drop frame count 7 
03-15 11:08:04.215 19748 32645 I IJKMEDIA: first drop frame count 8 
03-15 11:08:04.227 19748 32337 D OpenGLRenderer: makeCurrent EglSurface : 0x7b7d467700 -> 0x7b6c3a9280
03-15 11:08:04.234 19748 32646 D ProfileInstaller: Skipping profile installation for com.vidure.app
03-15 11:08:04.255 19748 32645 I IJKMEDIA: first drop frame count 9 
03-15 11:08:04.260 19748 32337 D OpenGLRenderer: makeCurrent EglSurface : 0x7b6c3a9280 -> 0x7b7d467700
03-15 11:08:04.270 19748 32347 V [MYTAG][pool-25-thread-1][IjkPreviewPlayer]: wait preview first frame show: 600
03-15 11:08:04.295 19748 32645 I IJKMEDIA: first drop frame count 10 
03-15 11:08:04.335 19748 32645 I IJKMEDIA: first drop frame count 11 
03-15 11:08:04.375 19748 32645 I IJKMEDIA: first drop frame count 12 
03-15 11:08:04.415 19748 32645 I IJKMEDIA: first drop frame count 13 
03-15 11:08:04.455 19748 32645 I IJKMEDIA: first drop frame count 14 
03-15 11:08:04.495 19748 32645 I IJKMEDIA: first drop frame count 15 
03-15 11:08:04.536 19748 32645 I IJKMEDIA: first drop frame count 16 
03-15 11:08:04.570 19748 32347 V [MYTAG][pool-25-thread-1][IjkPreviewPlayer]: wait preview first frame show: 900
03-15 11:08:04.575 19748 32645 I IJKMEDIA: first drop frame count 17 
03-15 11:08:04.615 19748 32645 I IJKMEDIA: first drop frame count 18 
03-15 11:08:04.655 19748 32645 I IJKMEDIA: first drop frame count 19 
03-15 11:08:04.695 19748 32645 I IJKMEDIA: first drop frame count 20 
03-15 11:08:04.735 19748 32645 I IJKMEDIA: first drop frame count 21 
03-15 11:08:04.775 19748 32645 I IJKMEDIA: first drop frame count 22 
03-15 11:08:04.816 19748 32645 I IJKMEDIA: first drop frame count 23 
03-15 11:08:04.870 19748 32347 V [MYTAG][pool-25-thread-1][IjkPreviewPlayer]: wait preview first frame show: 1200
03-15 11:08:04.875 19748 32645 I IJKMEDIA: first drop frame count 24 
03-15 11:08:04.906 19748 32645 I IJKMEDIA: first drop frame count 25 
03-15 11:08:04.968 19748 32645 I IJKMEDIA: first drop frame count 26 
03-15 11:08:04.982 19748 32645 I IJKMEDIA: first drop frame count 27 
03-15 11:08:05.023 19748 32645 I IJKMEDIA: first drop frame count 28 
03-15 11:08:05.081 19748 32645 I IJKMEDIA: first drop frame count 29 
03-15 11:08:05.108 19748 32634 D IJKMEDIA: FFP_MSG_VIDEO_SIZE_CHANGED: 960, 540
03-15 11:08:05.110 19748 32645 D IJKMEDIA: SDL_VoutFFmpeg_CreateOverlay(w=960, h=540, fmt=YV12(0x32315659, dp=0x7bf9ddea40)
03-15 11:08:05.110 19748 32645 D IJKMEDIA: Video: first frame decoded
03-15 11:08:05.110 19748 32634 D IJKMEDIA: FFP_MSG_VIDEO_DECODED_START:
03-15 11:08:05.110 19748 32347 V [MYTAG][main][IjkPreviewPlayer]: [onVideoSizeChanged]player vvideo width(960) or height(540)
03-15 11:08:05.111 19748 32645 D IJKMEDIA: video codec: 28
03-15 11:08:05.111 19748 32635 I IJKMEDIA: [EGL] eglInitialize 1.5
03-15 11:08:05.112 19748 32347 V [MYTAG][main][IjkPreviewPlayer]: [onInfo]onInfo:what:10004,extra:0
03-15 11:08:05.113 19748 32635 I IJKMEDIA: [EGL] ANativeWindow_setBuffersGeometry(f=2);
03-15 11:08:05.116 19748 32635 I IJKMEDIA: [GLES2] Version = OpenGL ES 3.2 V@415.0 (GIT@f3ac570, I0807496fd3, 1599233713) (Date:09/04/20)
03-15 11:08:05.116 19748 32635 I IJKMEDIA: [GLES2] Vendor = Qualcomm
03-15 11:08:05.116 19748 32635 I IJKMEDIA: [GLES2] Renderer = Adreno (TM) 540
03-15 11:08:05.116 19748 32635 I IJKMEDIA: [GLES2] Extensions = GL_OES_EGL_image GL_OES_EGL_image_external GL_OES_EGL_sync GL_OES_vertex_half_float GL_OES_framebuffer_object GL_OES_rgb8_rgba8 GL_OES_compressed_ETC1_RGB8_texture GL_AMD_compressed_ATC_texture GL_KHR_texture_compression_astc_ldr GL_KHR_texture_compression_astc_hdr GL_OES_texture_compression_astc GL_OES_texture_npot GL_EXT_texture_filter_anisotropic GL_EXT_texture_format_BGRA8888 GL_EXT_read_format_bgra GL_OES_texture_3D GL_EXT_color_buffer_float GL_EXT_color_buffer_half_float GL_QCOM_alpha_test GL_OES_depth24 GL_OES_packed_depth_stencil GL_OES_depth_texture GL_OES_depth_texture_cube_map GL_EXT_sRGB GL_OES_texture_float GL_OES_texture_float_linear GL_OES_texture_half_float GL_OES_texture_half_float_linear GL_EXT_texture_type_2_10_10_10_REV GL_EXT_texture_sRGB_decode GL_EXT_texture_format_sRGB_override GL_OES_element_index_uint GL_EXT_copy_image GL_EXT_geometry_shader GL_EXT_tessellation_shader GL_OES_texture_stencil8 GL_EXT_shader_io_blocks GL_OES_shader_image_atomic GL_OES_sample_variab
03-15 11:08:05.116 19748 32635 I IJKMEDIA: create render yuv420p
03-15 11:08:05.118 19748 32635 I IJKMEDIA: use render yuv420p
03-15 11:08:05.118 19748 32635 I IJKMEDIA: ANativeWindow_setBuffersGeometry(w=1,h=1) -> (w=960,h=540);
03-15 11:08:05.126 19748 32635 E IJKMEDIA: IJK_GLES2_Renderer_TexCoords_cropRight
03-15 11:08:05.129 19748 32634 D IJKMEDIA: FFP_MSG_VIDEO_RENDERING_START:
03-15 11:08:05.130 19748 19748 I tv.danmaku.ijk.media.player.IjkMediaPlayer: Info: MEDIA_INFO_VIDEO_RENDERING_START
03-15 11:08:05.131 19748 32347 V [MYTAG][main][IjkPreviewPlayer]: [onInfo]onInfo:what:3,extra:0
03-15 11:08:05.131 19748 32347 I [MYTAG][main][IjkPreviewPlayer]: media video out...
03-15 11:08:05.132 19748 32347 I [MYTAG][main][CameraPreviewActivity]: onPlayerOutput...
03-15 11:08:05.160 19748 32645 D IJKMEDIA: SDL_VoutFFmpeg_CreateOverlay(w=960, h=540, fmt=YV12(0x32315659, dp=0x7bf9ddea40)
03-15 11:08:05.161 19748 32634 D IJKMEDIA: FFP_MSG_VIDEO_SIZE_CHANGED: 960, 540
03-15 11:08:05.162 19748 32347 V [MYTAG][main][IjkPreviewPlayer]: [onVideoSizeChanged]player vvideo width(960) or height(540)
03-15 11:08:05.171 19748 32347 V [MYTAG][pool-25-thread-1][IjkPreviewPlayer]: wait preview first frame show: 1500
03-15 11:08:05.171 19748 32347 V [MYTAG][pool-25-thread-1][toPlayLive]: runnable  is end.
03-15 11:08:05.191 19748 32645 D IJKMEDIA: SDL_VoutFFmpeg_CreateOverlay(w=960, h=540, fmt=YV12(0x32315659, dp=0x7bf9ddea40)
03-15 11:08:05.191 19748 32634 D IJKMEDIA: FFP_MSG_VIDEO_SIZE_CHANGED: 960, 540
03-15 11:08:05.192 19748 32347 V [MYTAG][main][IjkPreviewPlayer]: [onVideoSizeChanged]player vvideo width(960) or height(540)
03-15 11:08:05.232 19748 32645 D IJKMEDIA: SDL_VoutFFmpeg_CreateOverlay(w=960, h=540, fmt=YV12(0x32315659, dp=0x7bf9ddea40)
03-15 11:08:05.233 19748 32634 D IJKMEDIA: FFP_MSG_VIDEO_SIZE_CHANGED: 960, 540
03-15 11:08:05.235 19748 32347 V [MYTAG][main][IjkPreviewPlayer]: [onVideoSizeChanged]player vvideo width(960) or height(540)
03-15 11:08:05.238 19748 32337 D OpenGLRenderer: makeCurrent EglSurface : 0x7b7d467700 -> 0x7b6c3a9280
03-15 11:08:05.272 19748 32645 D IJKMEDIA: SDL_VoutFFmpeg_CreateOverlay(w=960, h=540, fmt=YV12(0x32315659, dp=0x7bf9ddea40)
03-15 11:08:05.273 19748 32634 D IJKMEDIA: FFP_MSG_VIDEO_SIZE_CHANGED: 960, 540
03-15 11:08:05.274 19748 32347 V [MYTAG][main][IjkPreviewPlayer]: [onVideoSizeChanged]player vvideo width(960) or height(540)
03-15 11:08:05.304 19748 32337 D OpenGLRenderer: makeCurrent EglSurface : 0x7b6c3a9280 -> 0x7b7d467700
03-15 11:08:05.305 19748 32645 D IJKMEDIA: SDL_VoutFFmpeg_CreateOverlay(w=960, h=540, fmt=YV12(0x32315659, dp=0x7bf9ddea40)
03-15 11:08:05.305 19748 32634 D IJKMEDIA: FFP_MSG_VIDEO_SIZE_CHANGED: 960, 540
03-15 11:08:05.312 19748 19748 D ViewRootImpl@1440bfd[Toast]: dispatchDetachedFromWindow
03-15 11:08:05.326 19748 19748 D InputTransport: Input channel destroyed: '8e2b693', fd=105
03-15 11:08:05.330 19748 32347 V [MYTAG][main][IjkPreviewPlayer]: [onVideoSizeChanged]player vvideo width(960) or height(540)
03-15 11:08:05.346 19748 32337 D OpenGLRenderer: makeCurrent EglSurface : 0x7b7d467700 -> 0x7b6c3a9280
03-15 11:08:05.360 19748 32645 D IJKMEDIA: SDL_VoutFFmpeg_CreateOverlay(w=960, h=540, fmt=YV12(0x32315659, dp=0x7bf9ddea40)
03-15 11:08:05.360 19748 32634 D IJKMEDIA: FFP_MSG_VIDEO_SIZE_CHANGED: 960, 540
03-15 11:08:05.361 19748 32347 V [MYTAG][main][IjkPreviewPlayer]: [onVideoSizeChanged]player vvideo width(960) or height(540)
03-15 11:08:05.382 19748 32634 D IJKMEDIA: FFP_MSG_VIDEO_SIZE_CHANGED: 960, 540
03-15 11:08:05.382 19748 32645 D IJKMEDIA: SDL_VoutFFmpeg_CreateOverlay(w=960, h=540, fmt=YV12(0x32315659, dp=0x7bf9ddea40)
03-15 11:08:05.382 19748 32347 V [MYTAG][main][IjkPreviewPlayer]: [onVideoSizeChanged]player vvideo width(960) or height(540)
03-15 11:08:05.423 19748 32347 V [MYTAG][pool-11-thread-8][c]: end toPlayLiveSync...
03-15 11:08:05.423 19748 32347 V [MYTAG][pool-11-thread-8][VTask-runnable]: runnable  is end.
03-15 11:08:05.424 19748 32347 V [MYTAG][main][VTask-runnable]: runnable  is start.
03-15 11:08:05.425 19748 32634 D IJKMEDIA: FFP_MSG_VIDEO_SIZE_CHANGED: 960, 540
03-15 11:08:05.425 19748 32645 D IJKMEDIA: SDL_VoutFFmpeg_CreateOverlay(w=960, h=540, fmt=YV12(0x32315659, dp=0x7bf9ddea40)
03-15 11:08:05.427 19748 32347 D [MYTAG][main][TrackLocateService]: launch TrackLocateService: true
03-15 11:08:05.435 19748 32347 D [MYTAG][main][DefaultDialog]: dismiss dialogId:general_waiting_dlg
03-15 11:08:05.439 19748 19748 D ViewRootImpl@c478be2[CameraPreviewActivity]: dispatchDetachedFromWindow
03-15 11:08:05.457 19748 32634 D IJKMEDIA: FFP_MSG_VIDEO_SIZE_CHANGED: 960, 540
03-15 11:08:05.458 19748 19748 D InputTransport: Input channel destroyed: 'df17691', fd=134
03-15 11:08:05.459 19748 32645 D IJKMEDIA: SDL_VoutFFmpeg_CreateOverlay(w=960, h=540, fmt=YV12(0x32315659, dp=0x7bf9ddea40)
03-15 11:08:05.464 19748 32347 V [MYTAG][main][VTask-runnable]: runnable  is end.
03-15 11:08:05.464 19748 32347 V [MYTAG][main][IjkPreviewPlayer]: [onVideoSizeChanged]player vvideo width(960) or height(540)
03-15 11:08:05.464 19748 32347 V [MYTAG][main][TrackLocateService]:  onCreate... 234062856
03-15 11:08:05.497 19748 32645 D IJKMEDIA: SDL_VoutFFmpeg_CreateOverlay(w=960, h=540, fmt=YV12(0x32315659, dp=0x7bf9ddea40)
03-15 11:08:05.497 19748 32634 D IJKMEDIA: FFP_MSG_VIDEO_SIZE_CHANGED: 960, 540
03-15 11:08:05.535 19748 32645 D IJKMEDIA: SDL_VoutFFmpeg_CreateOverlay(w=960, h=540, fmt=YV12(0x32315659, dp=0x7bf9ddea40)
03-15 11:08:05.535 19748 32634 D IJKMEDIA: FFP_MSG_VIDEO_SIZE_CHANGED: 960, 540
03-15 11:08:05.567 19748 32347 V [MYTAG][main][IjkPreviewPlayer]: [onVideoSizeChanged]player vvideo width(960) or height(540)
03-15 11:08:05.569 19748 19748 D ViewRootImpl@a376465[CameraPreviewActivity]: MSG_RESIZED: frame=(0,0,2560,1600) ci=(0,54,0,0) vi=(0,54,0,0) or=2
03-15 11:08:05.569 19748 32347 V [MYTAG][main][IjkPreviewPlayer]: the same video size changed,do nothing.
03-15 11:08:05.573 19748 32347 V [MYTAG][main][IjkPreviewPlayer]: [onVideoSizeChanged]player vvideo width(960) or height(540)
03-15 11:08:05.573 19748 32347 V [MYTAG][main][IjkPreviewPlayer]: [onVideoSizeChanged]player vvideo width(960) or height(540)
03-15 11:08:05.576 19748 32347 V [MYTAG][main][IjkPreviewPlayer]: the same video size changed,do nothing.
03-15 11:08:05.577 19748 32347 D [MYTAG][main][SystemLocationClientImpl]: 当前信号强度: 1
03-15 11:08:05.589 19748 19748 D ViewRootImpl@a376465[CameraPreviewActivity]: Relayout returned: old=(0,0,2560,1600) new=(0,0,2560,1600) req=(2560,1600)0 dur=4 res=0x1 s={true 529819312128} ch=false
03-15 11:08:05.592 19748 32347 V [MYTAG][mail_tcp_socket][ViiSocketMailDataPhraser]: ------------mail---------------
03-15 11:08:05.592 19748 32347 V [MYTAG][mail_tcp_socket][ViiSocketMailDataPhraser]: {"msgid":"battery","info":{"capacity":82,"charge":0},"time":1773572886}
03-15 11:08:05.594 19748 32593 W System  : Ignoring header sessionid because its value was null.
03-15 11:08:05.594 19748 32593 I System.out: (HTTPLog)-Static: isSBSettingEnabled false
03-15 11:08:05.594 19748 32593 I System.out: (HTTPLog)-Static: isSBSettingEnabled false
03-15 11:08:05.595 19748 32347 V [MYTAG][mail_tcp_socket][ViiSocketMailDataPhraser]: ------------mail---------------
03-15 11:08:05.595 19748 32347 V [MYTAG][mail_tcp_socket][ViiSocketMailDataPhraser]: {"msgid":"sd","info":{"status":0},"time":1773572886}
03-15 11:08:05.595 19748 32347 V [MYTAG][mail_tcp_socket][RemoteOptor]: ----
03-15 11:08:05.595 19748 32347 V [MYTAG][mail_tcp_socket][RemoteOptor]: [CMD]DEV_SDCARD_STATUS_QUERY
03-15 11:08:05.595 19748 32347 V [MYTAG][mail_tcp_socket][RemoteOptor]: [PARAM]null
03-15 11:08:05.595 19748 32347 V [MYTAG][mail_tcp_socket][HttpTransportLayer]: [HTTP SEND GET]
03-15 11:08:05.595 19748 32347 V [MYTAG][mail_tcp_socket][HttpTransportLayer]: 	 url:http://192.168.0.1:80/app/getsdinfo
03-15 11:08:05.615 19748 32347 V [MYTAG][main][Device]: 666 dev is connected:true
03-15 11:08:05.634 19748 32347 V [MYTAG][mail_tcp_socket][HttpTransportLayer]: [HTTP RSP]
03-15 11:08:05.634 19748 32347 V [MYTAG][mail_tcp_socket][HttpTransportLayer]: 	 errcode:0
03-15 11:08:05.634 19748 32347 V [MYTAG][mail_tcp_socket][HttpTransportLayer]: 	[content]{"result":0,"info":{"status":0,"free":263,"total":1883}}
03-15 11:08:05.634 19748 32347 V [MYTAG][mail_tcp_socket][HttpTransportLayer]: -----------------------------------------
03-15 11:08:05.662 19748 19748 W ProxyAndroidLoggerBackend: Too many Flogger logs received before configuration. Dropping old logs.
03-15 11:08:05.666 19748 19748 W ProxyAndroidLoggerBackend: Too many Flogger logs received before configuration. Dropping old logs.
03-15 11:08:05.672 19748 19748 I chatty  : uid=10291(com.vidure.app) identical 2 lines
03-15 11:08:05.678 19748 19748 W ProxyAndroidLoggerBackend: Too many Flogger logs received before configuration. Dropping old logs.
03-15 11:08:05.679 19748 19748 W ProxyAndroidLoggerBackend: Too many Flogger logs received before configuration. Dropping old logs.
03-15 11:08:05.679 19748 19748 I chatty  : uid=10291(com.vidure.app) identical 1 line
03-15 11:08:05.684 19748 19748 W ProxyAndroidLoggerBackend: Too many Flogger logs received before configuration. Dropping old logs.
03-15 11:08:05.701 19748 32299 I com.vidure.app: Background concurrent copying GC freed 188125(11MB) AllocSpace objects, 66(5300KB) LOS objects, 49% free, 14MB/28MB, paused 126us total 147.894ms
03-15 11:08:05.707 19748 19748 W ProxyAndroidLoggerBackend: Too many Flogger logs received before configuration. Dropping old logs.
03-15 11:08:05.713 19748 32556 W ProxyAndroidLoggerBackend: Too many Flogger logs received before configuration. Dropping old logs.
03-15 11:08:05.713 19748 32555 W ProxyAndroidLoggerBackend: Too many Flogger logs received before configuration. Dropping old logs.
03-15 11:08:05.715 19748 32556 W ProxyAndroidLoggerBackend: Too many Flogger logs received before configuration. Dropping old logs.
03-15 11:08:05.715 19748 32555 W ProxyAndroidLoggerBackend: Too many Flogger logs received before configuration. Dropping old logs.
03-15 11:08:05.716 19748 32347 V [MYTAG][main][Device]: 666 dev is connected:true
03-15 11:08:05.716 19748 32555 W ProxyAndroidLoggerBackend: Too many Flogger logs received before configuration. Dropping old logs.
03-15 11:08:05.716 19748 32347 V [MYTAG][main][CameraPreviewActivity]: rev msg1:264454
03-15 11:08:05.717 19748 32556 W ProxyAndroidLoggerBackend: Too many Flogger logs received before configuration. Dropping old logs.
03-15 11:08:05.717 19748 32347 V [MYTAG][main][Device]: 666 dev is connected:true
03-15 11:08:05.717 19748 32347 V [MYTAG][main][CameraPreviewActivity]: rev msg1:589832
03-15 11:08:05.717 19748 32556 W ProxyAndroidLoggerBackend: Too many Flogger logs received before configuration. Dropping old logs.
03-15 11:08:05.717 19748 32556 W ProxyAndroidLoggerBackend: Too many Flogger logs received before configuration. Dropping old logs.
03-15 11:08:05.718 19748 32557 W ProxyAndroidLoggerBackend: Too many Flogger logs received before configuration. Dropping old logs.
03-15 11:08:05.719 19748 32557 I chatty  : uid=10291(com.vidure.app) identical 1 line
03-15 11:08:05.719 19748 32557 W ProxyAndroidLoggerBackend: Too many Flogger logs received before configuration. Dropping old logs.
03-15 11:08:05.720 19748 32555 W ProxyAndroidLoggerBackend: Too many Flogger logs received before configuration. Dropping old logs.
03-15 11:08:05.720 19748 32555 I chatty  : uid=10291(com.vidure.app) identical 1 line
03-15 11:08:05.720 19748 32555 W ProxyAndroidLoggerBackend: Too many Flogger logs received before configuration. Dropping old logs.
03-15 11:08:05.721 19748 32556 W ProxyAndroidLoggerBackend: Too many Flogger logs received before configuration. Dropping old logs.
03-15 11:08:05.722 19748 32555 W ProxyAndroidLoggerBackend: Too many Flogger logs received before configuration. Dropping old logs.
03-15 11:08:05.723 19748 32556 W ProxyAndroidLoggerBackend: Too many Flogger logs received before configuration. Dropping old logs.
03-15 11:08:05.724 19748 32557 W ProxyAndroidLoggerBackend: Too many Flogger logs received before configuration. Dropping old logs.
03-15 11:08:05.765 19748 19748 D ViewRootImpl@a376465[CameraPreviewActivity]: MSG_WINDOW_FOCUS_CHANGED 1 1
03-15 11:08:05.765 19748 19748 D InputMethodManager: prepareNavigationBarInfo() DecorView@affc891[CameraPreviewActivity]
03-15 11:08:05.765 19748 19748 D InputMethodManager: getNavigationBarColor() -1
03-15 11:08:05.766 19748 32347 V [MYTAG][main][CameraPreviewActivity]: CameraPreviewActivity onWindowFocusChanged...true
03-15 11:08:05.767 19748 19748 D InputMethodManager: prepareNavigationBarInfo() DecorView@affc891[CameraPreviewActivity]
03-15 11:08:05.767 19748 19748 D InputMethodManager: getNavigationBarColor() -1
03-15 11:08:05.767 19748 19748 V InputMethodManager: Starting input: tba=com.vidure.app ic=null mNaviBarColor -1 mIsGetNaviBarColorSuccess true , NavVisible : false , NavTrans : false
03-15 11:08:05.767 19748 19748 D InputMethodManager: startInputInner - Id : 0
03-15 11:08:05.767 19748 19748 I InputMethodManager: startInputInner - mService.startInputOrWindowGainedFocus
03-15 11:08:05.773 19748 19748 D InputTransport: Input channel destroyed: 'ClientS', fd=177
03-15 11:08:05.822 19748 19748 D ViewRootImpl@a376465[CameraPreviewActivity]: MSG_RESIZED: frame=(0,0,2560,1600) ci=(0,0,0,0) vi=(0,0,0,0) or=2
03-15 11:08:05.844 19748 19748 D ViewRootImpl@a376465[CameraPreviewActivity]: Relayout returned: old=(0,0,2560,1600) new=(0,0,2560,1600) req=(2560,1600)0 dur=10 res=0x1 s={true 529819312128} ch=false
03-15 11:08:05.999 19748 32463 I System.out: (HTTPLog)-Static: isSBSettingEnabled false
03-15 11:08:05.999 19748 32463 I System.out: (HTTPLog)-Static: isSBSettingEnabled false
03-15 11:08:06.573 19748 32594 W System  : Ignoring header sessionid because its value was null.
03-15 11:08:06.573 19748 32594 I System.out: (HTTPLog)-Static: isSBSettingEnabled false
03-15 11:08:06.574 19748 32594 I System.out: (HTTPLog)-Static: isSBSettingEnabled false
03-15 11:08:06.576 19748 32347 V [MYTAG][HeartbeatMgr][RemoteOptor]: ----
03-15 11:08:06.576 19748 32347 V [MYTAG][HeartbeatMgr][RemoteOptor]: [CMD]Basic_Msg_MailBox
03-15 11:08:06.576 19748 32347 V [MYTAG][HeartbeatMgr][RemoteOptor]: [PARAM]null
03-15 11:08:06.577 19748 32347 V [MYTAG][HeartbeatMgr][HttpTransportLayer]: [HTTP SEND GET]
03-15 11:08:06.577 19748 32347 V [MYTAG][HeartbeatMgr][HttpTransportLayer]: 	 url:http://192.168.0.1:80/app/getparamvalue?param=rec
03-15 11:08:06.621 19748 32347 V [MYTAG][HeartbeatMgr][HttpTransportLayer]: [HTTP RSP]
03-15 11:08:06.621 19748 32347 V [MYTAG][HeartbeatMgr][HttpTransportLayer]: 	 errcode:0
03-15 11:08:06.621 19748 32347 V [MYTAG][HeartbeatMgr][HttpTransportLayer]: 	[content]{"result":0,"info":{"value":1}}
03-15 11:08:06.621 19748 32347 V [MYTAG][HeartbeatMgr][HttpTransportLayer]: -----------------------------------------
03-15 11:08:07.215 19748 19748 D ViewRootImpl@a376465[CameraPreviewActivity]: ViewPostIme pointer 0
03-15 11:08:07.322 19748 19748 D ViewRootImpl@a376465[CameraPreviewActivity]: ViewPostIme pointer 1
03-15 11:08:07.323 19748 32347 V [MYTAG][main][DeviceParamInfo]: get exist CamCount = 1
03-15 11:08:07.330 19748 19748 D ViewRootImpl@a376465[CameraPreviewActivity]: Relayout returned: old=(0,0,2560,1600) new=(0,0,2560,1600) req=(2560,1600)0 dur=6 res=0x1 s={true 529819312128} ch=false
03-15 11:08:07.333 19748 19748 D ViewRootImpl@a376465[CameraPreviewActivity]: MSG_RESIZED: frame=(0,0,2560,1600) ci=(0,54,0,0) vi=(0,54,0,0) or=2
03-15 11:08:07.996 19748 19748 D ViewRootImpl@a376465[CameraPreviewActivity]: ViewPostIme pointer 0
03-15 11:08:08.011 19748 32463 I System.out: (HTTPLog)-Static: isSBSettingEnabled false
03-15 11:08:08.011 19748 32463 I System.out: (HTTPLog)-Static: isSBSettingEnabled false
03-15 11:08:08.103 19748 19748 D ViewRootImpl@a376465[CameraPreviewActivity]: ViewPostIme pointer 1
03-15 11:08:08.106 19748 32453 W System  : Ignoring header sessionid because its value was null.
03-15 11:08:08.106 19748 32453 I System.out: (HTTPLog)-Static: isSBSettingEnabled false
03-15 11:08:08.106 19748 32453 I System.out: (HTTPLog)-Static: isSBSettingEnabled false
03-15 11:08:08.107 19748 32347 V [MYTAG][pool-11-thread-15][VTask-runnable]: runnable  is start.
03-15 11:08:08.107 19748 32347 V [MYTAG][pool-11-thread-15][RemoteOptor]: ----
03-15 11:08:08.107 19748 32347 V [MYTAG][pool-11-thread-15][RemoteOptor]: [CMD]Media_Video_SetRecordStatus
03-15 11:08:08.107 19748 32347 V [MYTAG][pool-11-thread-15][RemoteOptor]: [PARAM]0
03-15 11:08:08.107 19748 32347 V [MYTAG][pool-11-thread-15][HttpTransportLayer]: [HTTP SEND GET]
03-15 11:08:08.107 19748 32347 V [MYTAG][pool-11-thread-15][HttpTransportLayer]: 	 url:http://192.168.0.1:80/app/setparamvalue?param=rec&value=0
03-15 11:08:08.470 19748 32347 V [MYTAG][pool-11-thread-15][HttpTransportLayer]: [HTTP RSP]
03-15 11:08:08.470 19748 32347 V [MYTAG][pool-11-thread-15][HttpTransportLayer]: 	 errcode:0
03-15 11:08:08.470 19748 32347 V [MYTAG][pool-11-thread-15][HttpTransportLayer]: 	[content]{"result":0,"info":"set success"}
03-15 11:08:08.470 19748 32347 V [MYTAG][pool-11-thread-15][HttpTransportLayer]: -----------------------------------------
03-15 11:08:08.471 19748 32347 V [MYTAG][pool-11-thread-15][VTask-runnable]: runnable  is end.
03-15 11:08:08.486 19748 32347 V [MYTAG][main][CameraPreviewActivity]: rev msg1:264449
03-15 11:08:08.488 19748 32347 V [MYTAG][main][VTask-runnable]: runnable  is start.
03-15 11:08:08.489 19748 32347 V [MYTAG][main][VTask-runnable]: runnable  is end.
03-15 11:08:08.489 19748 32347 V [MYTAG][pool-11-thread-1][clean_isAllowedOptionMenu]: runnable  is start.
03-15 11:08:08.596 19748 19748 D ViewRootImpl@6732a7e[Toast]: setView = android.widget.TextView@16fabdf TM=true MM=false
03-15 11:08:08.601 19748 32347 V [MYTAG][mail_tcp_socket][ViiSocketMailDataPhraser]: ------------mail---------------
03-15 11:08:08.601 19748 32347 V [MYTAG][mail_tcp_socket][ViiSocketMailDataPhraser]: {"msgid":"battery","info":{"capacity":82,"charge":0},"time":1773572889}
03-15 11:08:08.603 19748 32347 V [MYTAG][mail_tcp_socket][ViiSocketMailDataPhraser]: ------------mail---------------
03-15 11:08:08.603 19748 32347 V [MYTAG][mail_tcp_socket][ViiSocketMailDataPhraser]: {"msgid":"sd","info":{"status":0},"time":1773572889}
03-15 11:08:08.604 19748 32593 W System  : Ignoring header sessionid because its value was null.
03-15 11:08:08.604 19748 32593 I System.out: (HTTPLog)-Static: isSBSettingEnabled false
03-15 11:08:08.604 19748 32593 I System.out: (HTTPLog)-Static: isSBSettingEnabled false
03-15 11:08:08.606 19748 32347 V [MYTAG][mail_tcp_socket][RemoteOptor]: ----
03-15 11:08:08.606 19748 32347 V [MYTAG][mail_tcp_socket][RemoteOptor]: [CMD]DEV_SDCARD_STATUS_QUERY
03-15 11:08:08.606 19748 32347 V [MYTAG][mail_tcp_socket][RemoteOptor]: [PARAM]null
03-15 11:08:08.606 19748 32347 V [MYTAG][mail_tcp_socket][HttpTransportLayer]: [HTTP SEND GET]
03-15 11:08:08.606 19748 32347 V [MYTAG][mail_tcp_socket][HttpTransportLayer]: 	 url:http://192.168.0.1:80/app/getsdinfo
03-15 11:08:08.624 19748 19748 D ViewRootImpl@6732a7e[Toast]: Relayout returned: old=(0,54,2560,1492) new=(1090,1305,1469,1420) req=(379,115)0 dur=24 res=0x7 s={true 530786406400} ch=true
03-15 11:08:08.624 19748 32337 D OpenGLRenderer: createReliableSurface : 0x7c03e1ce80(0x7b9555d000)
03-15 11:08:08.629 19748 32337 D OpenGLRenderer: makeCurrent EglSurface : 0x7b6c3a9280 -> 0x7b98136100
03-15 11:08:08.634 19748 32347 V [MYTAG][mail_tcp_socket][HttpTransportLayer]: [HTTP RSP]
03-15 11:08:08.634 19748 32347 V [MYTAG][mail_tcp_socket][HttpTransportLayer]: 	 errcode:0
03-15 11:08:08.634 19748 32347 V [MYTAG][mail_tcp_socket][HttpTransportLayer]: 	[content]{"result":0,"info":{"status":0,"free":259,"total":1883}}
03-15 11:08:08.634 19748 32347 V [MYTAG][mail_tcp_socket][HttpTransportLayer]: -----------------------------------------
03-15 11:08:08.638 19748 32347 V [MYTAG][main][Device]: 666 dev is connected:true
03-15 11:08:08.678 19748 19748 W ProxyAndroidLoggerBackend: Too many Flogger logs received before configuration. Dropping old logs.
03-15 11:08:08.681 19748 19748 W ProxyAndroidLoggerBackend: Too many Flogger logs received before configuration. Dropping old logs.
03-15 11:08:08.688 19748 19748 W ProxyAndroidLoggerBackend: Too many Flogger logs received before configuration. Dropping old logs.
03-15 11:08:08.693 19748 19748 I chatty  : uid=10291(com.vidure.app) identical 4 lines
03-15 11:08:08.694 19748 19748 W ProxyAndroidLoggerBackend: Too many Flogger logs received before configuration. Dropping old logs.
03-15 11:08:08.697 19748 32557 W ProxyAndroidLoggerBackend: Too many Flogger logs received before configuration. Dropping old logs.
03-15 11:08:08.697 19748 32555 W ProxyAndroidLoggerBackend: Too many Flogger logs received before configuration. Dropping old logs.
03-15 11:08:08.698 19748 32555 I chatty  : uid=10291(com.vidure.app) identical 1 line
03-15 11:08:08.698 19748 32555 W ProxyAndroidLoggerBackend: Too many Flogger logs received before configuration. Dropping old logs.
03-15 11:08:08.698 19748 32557 W ProxyAndroidLoggerBackend: Too many Flogger logs received before configuration. Dropping old logs.
03-15 11:08:08.699 19748 32555 W ProxyAndroidLoggerBackend: Too many Flogger logs received before configuration. Dropping old logs.
03-15 11:08:08.699 19748 32555 W ProxyAndroidLoggerBackend: Too many Flogger logs received before configuration. Dropping old logs.
03-15 11:08:08.699 19748 32557 W ProxyAndroidLoggerBackend: Too many Flogger logs received before configuration. Dropping old logs.
03-15 11:08:08.700 19748 32555 W ProxyAndroidLoggerBackend: Too many Flogger logs received before configuration. Dropping old logs.
03-15 11:08:08.701 19748 32555 I chatty  : uid=10291(com.vidure.app) identical 3 lines
03-15 11:08:08.701 19748 32555 W ProxyAndroidLoggerBackend: Too many Flogger logs received before configuration. Dropping old logs.
03-15 11:08:08.702 19748 19748 W ProxyAndroidLoggerBackend: Too many Flogger logs received before configuration. Dropping old logs.
03-15 11:08:08.702 19748 32556 W ProxyAndroidLoggerBackend: Too many Flogger logs received before configuration. Dropping old logs.
03-15 11:08:08.704 19748 32556 I chatty  : uid=10291(com.vidure.app) identical 2 lines
03-15 11:08:08.704 19748 32556 W ProxyAndroidLoggerBackend: Too many Flogger logs received before configuration. Dropping old logs.
03-15 11:08:08.705 19748 32347 V [MYTAG][main][Device]: 666 dev is connected:true
03-15 11:08:08.705 19748 19748 D ViewRootImpl@6732a7e[Toast]: MSG_RESIZED: frame=(1090,1305,1469,1420) ci=(0,0,0,0) vi=(0,0,0,0) or=2
03-15 11:08:08.706 19748 32557 W ProxyAndroidLoggerBackend: Too many Flogger logs received before configuration. Dropping old logs.
03-15 11:08:08.708 19748 32347 V [MYTAG][main][CameraPreviewActivity]: rev msg1:264454
03-15 11:08:08.709 19748 32347 V [MYTAG][main][Device]: 666 dev is connected:true
03-15 11:08:08.709 19748 32347 V [MYTAG][main][CameraPreviewActivity]: rev msg1:589832
03-15 11:08:08.763 19748 32293 I com.vidure.app: Compiler allocated 5751KB to compile void m140.efl.c(m140.dlg, m140.eed, m140.egg, m140.end, boolean)
03-15 11:08:09.185 19748 32460 I System.out: (HTTPLog)-Static: isSBSettingEnabled false
03-15 11:08:09.185 19748 32460 I System.out: (HTTPLog)-Static: isSBSettingEnabled false
03-15 11:08:09.198 19748 32461 W Settings: Setting adb_enabled has moved from android.provider.Settings.Secure to android.provider.Settings.Global.
03-15 11:08:09.329 19748 32461 I System.out: (HTTPLog)-Static: isSBSettingEnabled false
03-15 11:08:09.329 19748 32461 I System.out: (HTTPLog)-Static: isSBSettingEnabled false
03-15 11:08:09.347 19748 32461 I System.out: (HTTPLog)-Static: isSBSettingEnabled false
03-15 11:08:09.347 19748 32461 I System.out: (HTTPLog)-Static: isSBSettingEnabled false
03-15 11:08:09.491 19748 32347 V [MYTAG][pool-11-thread-1][clean_isAllowedOptionMenu]: runnable  is end.
03-15 11:08:10.574 19748 32594 W System  : Ignoring header sessionid because its value was null.
03-15 11:08:10.574 19748 32594 I System.out: (HTTPLog)-Static: isSBSettingEnabled false
03-15 11:08:10.574 19748 32347 V [MYTAG][HeartbeatMgr][RemoteOptor]: ----
03-15 11:08:10.574 19748 32347 V [MYTAG][HeartbeatMgr][RemoteOptor]: [CMD]Basic_Msg_MailBox
03-15 11:08:10.574 19748 32347 V [MYTAG][HeartbeatMgr][RemoteOptor]: [PARAM]null
03-15 11:08:10.574 19748 32347 V [MYTAG][HeartbeatMgr][HttpTransportLayer]: [HTTP SEND GET]
03-15 11:08:10.574 19748 32347 V [MYTAG][HeartbeatMgr][HttpTransportLayer]: 	 url:http://192.168.0.1:80/app/getparamvalue?param=rec
03-15 11:08:10.574 19748 32594 I System.out: (HTTPLog)-Static: isSBSettingEnabled false
03-15 11:08:10.597 19748 32337 D OpenGLRenderer: makeCurrent EglSurface : 0x7b98136100 -> 0x0
03-15 11:08:10.599 19748 19748 D ViewRootImpl@6732a7e[Toast]: dispatchDetachedFromWindow
03-15 11:08:10.607 19748 19748 D InputTransport: Input channel destroyed: 'b3798c6', fd=112
03-15 11:08:10.624 19748 32347 V [MYTAG][HeartbeatMgr][HttpTransportLayer]: [HTTP RSP]
03-15 11:08:10.624 19748 32347 V [MYTAG][HeartbeatMgr][HttpTransportLayer]: 	 errcode:0
03-15 11:08:10.624 19748 32347 V [MYTAG][HeartbeatMgr][HttpTransportLayer]: 	[content]{"result":0,"info":{"value":0}}
03-15 11:08:10.624 19748 32347 V [MYTAG][HeartbeatMgr][HttpTransportLayer]: -----------------------------------------
03-15 11:08:11.231 19748 32460 I System.out: (HTTPLog)-Static: isSBSettingEnabled false
03-15 11:08:11.231 19748 32460 I System.out: (HTTPLog)-Static: isSBSettingEnabled false
03-15 11:08:11.612 19748 32347 V [MYTAG][mail_tcp_socket][ViiSocketMailDataPhraser]: ------------mail---------------
03-15 11:08:11.612 19748 32347 V [MYTAG][mail_tcp_socket][ViiSocketMailDataPhraser]: {"msgid":"battery","info":{"capacity":82,"charge":0},"time":1773572892}
03-15 11:08:11.616 19748 32593 W System  : Ignoring header sessionid because its value was null.
03-15 11:08:11.618 19748 32593 I System.out: (HTTPLog)-Static: isSBSettingEnabled false
03-15 11:08:11.619 19748 32593 I System.out: (HTTPLog)-Static: isSBSettingEnabled false
03-15 11:08:11.621 19748 32347 V [MYTAG][mail_tcp_socket][ViiSocketMailDataPhraser]: ------------mail---------------
03-15 11:08:11.621 19748 32347 V [MYTAG][mail_tcp_socket][ViiSocketMailDataPhraser]: {"msgid":"sd","info":{"status":0},"time":1773572892}
03-15 11:08:11.621 19748 32347 V [MYTAG][mail_tcp_socket][RemoteOptor]: ----
03-15 11:08:11.621 19748 32347 V [MYTAG][mail_tcp_socket][RemoteOptor]: [CMD]DEV_SDCARD_STATUS_QUERY
03-15 11:08:11.621 19748 32347 V [MYTAG][mail_tcp_socket][RemoteOptor]: [PARAM]null
03-15 11:08:11.623 19748 32347 V [MYTAG][mail_tcp_socket][HttpTransportLayer]: [HTTP SEND GET]
03-15 11:08:11.623 19748 32347 V [MYTAG][mail_tcp_socket][HttpTransportLayer]: 	 url:http://192.168.0.1:80/app/getsdinfo
03-15 11:08:11.623 19748 32347 V [MYTAG][main][Device]: 666 dev is connected:true
03-15 11:08:11.646 19748 32347 V [MYTAG][mail_tcp_socket][HttpTransportLayer]: [HTTP RSP]
03-15 11:08:11.646 19748 32347 V [MYTAG][mail_tcp_socket][HttpTransportLayer]: 	 errcode:0
03-15 11:08:11.646 19748 32347 V [MYTAG][mail_tcp_socket][HttpTransportLayer]: 	[content]{"result":0,"info":{"status":0,"free":258,"total":1883}}
03-15 11:08:11.646 19748 32347 V [MYTAG][mail_tcp_socket][HttpTransportLayer]: -----------------------------------------
03-15 11:08:11.667 19748 19748 W ProxyAndroidLoggerBackend: Too many Flogger logs received before configuration. Dropping old logs.
03-15 11:08:11.680 19748 19748 I chatty  : uid=10291(com.vidure.app) identical 6 lines
03-15 11:08:11.681 19748 19748 W ProxyAndroidLoggerBackend: Too many Flogger logs received before configuration. Dropping old logs.
03-15 11:08:11.690 19748 32557 W ProxyAndroidLoggerBackend: Too many Flogger logs received before configuration. Dropping old logs.
03-15 11:08:11.690 19748 32556 W ProxyAndroidLoggerBackend: Too many Flogger logs received before configuration. Dropping old logs.
03-15 11:08:11.691 19748 32555 W ProxyAndroidLoggerBackend: Too many Flogger logs received before configuration. Dropping old logs.
03-15 11:08:11.692 19748 32557 W ProxyAndroidLoggerBackend: Too many Flogger logs received before configuration. Dropping old logs.
03-15 11:08:11.692 19748 32556 W ProxyAndroidLoggerBackend: Too many Flogger logs received before configuration. Dropping old logs.
03-15 11:08:11.693 19748 32555 W ProxyAndroidLoggerBackend: Too many Flogger logs received before configuration. Dropping old logs.
03-15 11:08:11.693 19748 19748 W ProxyAndroidLoggerBackend: Too many Flogger logs received before configuration. Dropping old logs.
03-15 11:08:11.693 19748 32555 W ProxyAndroidLoggerBackend: Too many Flogger logs received before configuration. Dropping old logs.
03-15 11:08:11.693 19748 32556 W ProxyAndroidLoggerBackend: Too many Flogger logs received before configuration. Dropping old logs.
