03-15 11:18:13.678 19748 19748 W ProxyAndroidLoggerBackend: Too many Flogger logs received before configuration. Dropping old logs.
03-15 11:18:13.682 19748 32347 V [MYTAG][main][Device]: 666 dev is connected:true
03-15 11:18:13.691 19748 32347 V [MYTAG][main][CameraPreviewActivity]: rev msg1:264454
03-15 11:18:13.691 19748 32347 V [MYTAG][main][Device]: 666 dev is connected:true
03-15 11:18:13.692 19748 32347 V [MYTAG][main][CameraPreviewActivity]: rev msg1:589832
03-15 11:18:13.696 19748 32463 I System.out: (HTTPLog)-Static: isSBSettingEnabled false
03-15 11:18:13.707 19748 32463 I chatty  : uid=10291(com.vidure.app) identical 2 lines
03-15 11:18:13.707 19748 32463 I System.out: (HTTPLog)-Static: isSBSettingEnabled false
03-15 11:18:13.827 19748 32299 I com.vidure.app: Background young concurrent copying GC freed 99969(13MB) AllocSpace objects, 79(3884KB) LOS objects, 17% free, 83MB/100MB, paused 376us total 118.384ms
03-15 11:18:14.644 19748 32594 W System  : Ignoring header sessionid because its value was null.
03-15 11:18:14.644 19748 32347 V [MYTAG][HeartbeatMgr][RemoteOptor]: ----
03-15 11:18:14.644 19748 32347 V [MYTAG][HeartbeatMgr][RemoteOptor]: [CMD]Basic_Msg_MailBox
03-15 11:18:14.644 19748 32347 V [MYTAG][HeartbeatMgr][RemoteOptor]: [PARAM]null
03-15 11:18:14.645 19748 32594 I System.out: (HTTPLog)-Static: isSBSettingEnabled false
03-15 11:18:14.645 19748 32347 V [MYTAG][HeartbeatMgr][HttpTransportLayer]: [HTTP SEND GET]
03-15 11:18:14.645 19748 32347 V [MYTAG][HeartbeatMgr][HttpTransportLayer]: 	 url:http://192.168.0.1:80/app/getparamvalue?param=rec
03-15 11:18:14.645 19748 32594 I System.out: (HTTPLog)-Static: isSBSettingEnabled false
03-15 11:18:14.673 19748 32347 V [MYTAG][HeartbeatMgr][HttpTransportLayer]: [HTTP RSP]
03-15 11:18:14.673 19748 32347 V [MYTAG][HeartbeatMgr][HttpTransportLayer]: 	 errcode:0
03-15 11:18:14.673 19748 32347 V [MYTAG][HeartbeatMgr][HttpTransportLayer]: 	[content]{"result":0,"info":{"value":0}}
03-15 11:18:14.673 19748 32347 V [MYTAG][HeartbeatMgr][HttpTransportLayer]: -----------------------------------------
03-15 11:18:14.899 19748 32460 W Settings: Setting adb_enabled has moved from android.provider.Settings.Secure to android.provider.Settings.Global.
03-15 11:18:15.040 19748 32460 I System.out: (HTTPLog)-Static: isSBSettingEnabled false
03-15 11:18:15.040 19748 32460 I System.out: (HTTPLog)-Static: isSBSettingEnabled false
03-15 11:18:15.066 19748 32460 I System.out: (HTTPLog)-Static: isSBSettingEnabled false
03-15 11:18:15.066 19748 32460 I System.out: (HTTPLog)-Static: isSBSettingEnabled false
03-15 11:18:15.603 19748 32461 I System.out: (HTTPLog)-Static: isSBSettingEnabled false
03-15 11:18:15.603 19748 32461 I System.out: (HTTPLog)-Static: isSBSettingEnabled false
03-15 11:18:16.619 19748 32347 V [MYTAG][mail_tcp_socket][ViiSocketMailDataPhraser]: ------------mail---------------
03-15 11:18:16.619 19748 32347 V [MYTAG][mail_tcp_socket][ViiSocketMailDataPhraser]: {"msgid":"battery","info":{"capacity":78,"charge":0},"time":1773573497}
03-15 11:18:16.629 19748 32347 V [MYTAG][main][Device]: 666 dev is connected:true
03-15 11:18:16.634 19748 32347 V [MYTAG][mail_tcp_socket][ViiSocketMailDataPhraser]: ------------mail---------------
03-15 11:18:16.634 19748 32347 V [MYTAG][mail_tcp_socket][ViiSocketMailDataPhraser]: {"msgid":"sd","info":{"status":0},"time":1773573497}
03-15 11:18:16.634 19748 32593 W System  : Ignoring header sessionid because its value was null.
03-15 11:18:16.635 19748 32593 I System.out: (HTTPLog)-Static: isSBSettingEnabled false
03-15 11:18:16.635 19748 32593 I System.out: (HTTPLog)-Static: isSBSettingEnabled false
03-15 11:18:16.635 19748 32347 V [MYTAG][mail_tcp_socket][RemoteOptor]: ----
03-15 11:18:16.635 19748 32347 V [MYTAG][mail_tcp_socket][RemoteOptor]: [CMD]DEV_SDCARD_STATUS_QUERY
03-15 11:18:16.635 19748 32347 V [MYTAG][mail_tcp_socket][RemoteOptor]: [PARAM]null
03-15 11:18:16.641 19748 32347 V [MYTAG][mail_tcp_socket][HttpTransportLayer]: [HTTP SEND GET]
03-15 11:18:16.641 19748 32347 V [MYTAG][mail_tcp_socket][HttpTransportLayer]: 	 url:http://192.168.0.1:80/app/getsdinfo
03-15 11:18:16.702 19748 32347 V [MYTAG][mail_tcp_socket][HttpTransportLayer]: [HTTP RSP]
03-15 11:18:16.702 19748 32347 V [MYTAG][mail_tcp_socket][HttpTransportLayer]: 	 errcode:0
03-15 11:18:16.702 19748 32347 V [MYTAG][mail_tcp_socket][HttpTransportLayer]: 	[content]{"result":0,"info":{"status":0,"free":258,"total":1883}}
03-15 11:18:16.702 19748 32347 V [MYTAG][mail_tcp_socket][HttpTransportLayer]: -----------------------------------------
03-15 11:18:16.705 19748 19748 W ProxyAndroidLoggerBackend: Too many Flogger logs received before configuration. Dropping old logs.
03-15 11:18:16.718 19748 19748 I chatty  : uid=10291(com.vidure.app) identical 7 lines
03-15 11:18:16.728 19748 19748 W ProxyAndroidLoggerBackend: Too many Flogger logs received before configuration. Dropping old logs.
03-15 11:18:16.731 19748 32347 V [MYTAG][main][Device]: 666 dev is connected:true
03-15 11:18:16.733 19748 32347 V [MYTAG][main][CameraPreviewActivity]: rev msg1:264454
03-15 11:18:16.734 19748 32347 V [MYTAG][main][Device]: 666 dev is connected:true
03-15 11:18:16.734 19748 32347 V [MYTAG][main][CameraPreviewActivity]: rev msg1:589832
03-15 11:18:17.478 19748 32459 W Settings: Setting adb_enabled has moved from android.provider.Settings.Secure to android.provider.Settings.Global.
03-15 11:18:17.591 19748 32459 I System.out: (HTTPLog)-Static: isSBSettingEnabled false
03-15 11:18:17.591 19748 32459 I System.out: (HTTPLog)-Static: isSBSettingEnabled false
03-15 11:18:17.602 19748 32459 I System.out: (HTTPLog)-Static: isSBSettingEnabled false
03-15 11:18:17.602 19748 32459 I System.out: (HTTPLog)-Static: isSBSettingEnabled false
03-15 11:18:17.608 19748 32461 I System.out: (HTTPLog)-Static: isSBSettingEnabled false
03-15 11:18:17.608 19748 32461 I System.out: (HTTPLog)-Static: isSBSettingEnabled false
03-15 11:18:18.645 19748 32594 W System  : Ignoring header sessionid because its value was null.
03-15 11:18:18.645 19748 32594 I System.out: (HTTPLog)-Static: isSBSettingEnabled false
03-15 11:18:18.645 19748 32594 I System.out: (HTTPLog)-Static: isSBSettingEnabled false
03-15 11:18:18.647 19748 32347 V [MYTAG][HeartbeatMgr][RemoteOptor]: ----
03-15 11:18:18.647 19748 32347 V [MYTAG][HeartbeatMgr][RemoteOptor]: [CMD]Basic_Msg_MailBox
03-15 11:18:18.647 19748 32347 V [MYTAG][HeartbeatMgr][RemoteOptor]: [PARAM]null
03-15 11:18:18.647 19748 32347 V [MYTAG][HeartbeatMgr][HttpTransportLayer]: [HTTP SEND GET]
03-15 11:18:18.647 19748 32347 V [MYTAG][HeartbeatMgr][HttpTransportLayer]: 	 url:http://192.168.0.1:80/app/getparamvalue?param=rec
03-15 11:18:18.686 19748 32347 V [MYTAG][HeartbeatMgr][HttpTransportLayer]: [HTTP RSP]
03-15 11:18:18.686 19748 32347 V [MYTAG][HeartbeatMgr][HttpTransportLayer]: 	 errcode:0
03-15 11:18:18.686 19748 32347 V [MYTAG][HeartbeatMgr][HttpTransportLayer]: 	[content]{"result":0,"info":{"value":0}}
03-15 11:18:18.686 19748 32347 V [MYTAG][HeartbeatMgr][HttpTransportLayer]: -----------------------------------------
03-15 11:18:18.764 19748 32463 I System.out: (HTTPLog)-Static: isSBSettingEnabled false
03-15 11:18:18.764 19748 32463 I System.out: (HTTPLog)-Static: isSBSettingEnabled false
03-15 11:18:18.769 19748 32462 W Settings: Setting adb_enabled has moved from android.provider.Settings.Secure to android.provider.Settings.Global.
03-15 11:18:18.894 19748 32462 I System.out: (HTTPLog)-Static: isSBSettingEnabled false
03-15 11:18:18.894 19748 32462 I System.out: (HTTPLog)-Static: isSBSettingEnabled false
03-15 11:18:18.911 19748 32462 I System.out: (HTTPLog)-Static: isSBSettingEnabled false
03-15 11:18:18.911 19748 32462 I System.out: (HTTPLog)-Static: isSBSettingEnabled false
03-15 11:18:19.628 19748 32347 V [MYTAG][mail_tcp_socket][ViiSocketMailDataPhraser]: ------------mail---------------
03-15 11:18:19.628 19748 32347 V [MYTAG][mail_tcp_socket][ViiSocketMailDataPhraser]: {"msgid":"battery","info":{"capacity":78,"charge":0},"time":1773573500}
03-15 11:18:19.637 19748 32347 V [MYTAG][main][Device]: 666 dev is connected:true
03-15 11:18:19.641 19748 32593 W System  : Ignoring header sessionid because its value was null.
03-15 11:18:19.641 19748 32347 V [MYTAG][mail_tcp_socket][ViiSocketMailDataPhraser]: ------------mail---------------
03-15 11:18:19.641 19748 32347 V [MYTAG][mail_tcp_socket][ViiSocketMailDataPhraser]: {"msgid":"sd","info":{"status":0},"time":1773573500}
03-15 11:18:19.641 19748 32593 I System.out: (HTTPLog)-Static: isSBSettingEnabled false
03-15 11:18:19.642 19748 32347 V [MYTAG][mail_tcp_socket][RemoteOptor]: ----
03-15 11:18:19.642 19748 32347 V [MYTAG][mail_tcp_socket][RemoteOptor]: [CMD]DEV_SDCARD_STATUS_QUERY
03-15 11:18:19.642 19748 32347 V [MYTAG][mail_tcp_socket][RemoteOptor]: [PARAM]null
03-15 11:18:19.642 19748 32593 I System.out: (HTTPLog)-Static: isSBSettingEnabled false
03-15 11:18:19.642 19748 32347 V [MYTAG][mail_tcp_socket][HttpTransportLayer]: [HTTP SEND GET]
03-15 11:18:19.642 19748 32347 V [MYTAG][mail_tcp_socket][HttpTransportLayer]: 	 url:http://192.168.0.1:80/app/getsdinfo
03-15 11:18:19.660 19748 19748 W ProxyAndroidLoggerBackend: Too many Flogger logs received before configuration. Dropping old logs.
03-15 11:18:19.669 19748 19748 I chatty  : uid=10291(com.vidure.app) identical 7 lines
03-15 11:18:19.676 19748 19748 W ProxyAndroidLoggerBackend: Too many Flogger logs received before configuration. Dropping old logs.
03-15 11:18:19.679 19748 32347 V [MYTAG][main][Device]: 666 dev is connected:true
03-15 11:18:19.680 19748 32347 V [MYTAG][main][CameraPreviewActivity]: rev msg1:264454
03-15 11:18:19.684 19748 32347 V [MYTAG][mail_tcp_socket][HttpTransportLayer]: [HTTP RSP]
03-15 11:18:19.684 19748 32347 V [MYTAG][mail_tcp_socket][HttpTransportLayer]: 	 errcode:0
03-15 11:18:19.684 19748 32347 V [MYTAG][mail_tcp_socket][HttpTransportLayer]: 	[content]{"result":0,"info":{"status":0,"free":258,"total":1883}}
03-15 11:18:19.684 19748 32347 V [MYTAG][mail_tcp_socket][HttpTransportLayer]: -----------------------------------------
03-15 11:18:19.684 19748 32347 V [MYTAG][main][Device]: 666 dev is connected:true
03-15 11:18:19.684 19748 32347 V [MYTAG][main][CameraPreviewActivity]: rev msg1:589832
03-15 11:18:20.790 19748 32463 I System.out: (HTTPLog)-Static: isSBSettingEnabled false
03-15 11:18:20.790 19748 32463 I System.out: (HTTPLog)-Static: isSBSettingEnabled false
03-15 11:18:21.393 19748  3049 W ProxyAndroidLoggerBackend: Too many Flogger logs received before configuration. Dropping old logs.
03-15 11:18:21.393 19748  3049 I chatty  : uid=10291(com.vidure.app) identical 3 lines
03-15 11:18:21.396 19748  3049 W ProxyAndroidLoggerBackend: Too many Flogger logs received before configuration. Dropping old logs.
03-15 11:18:22.637 19748 32347 V [MYTAG][mail_tcp_socket][ViiSocketMailDataPhraser]: ------------mail---------------
03-15 11:18:22.637 19748 32347 V [MYTAG][mail_tcp_socket][ViiSocketMailDataPhraser]: {"msgid":"battery","info":{"capacity":78,"charge":0},"time":1773573503}
03-15 11:18:22.640 19748 32347 V [MYTAG][mail_tcp_socket][ViiSocketMailDataPhraser]: ------------mail---------------
03-15 11:18:22.640 19748 32347 V [MYTAG][mail_tcp_socket][ViiSocketMailDataPhraser]: {"msgid":"sd","info":{"status":0},"time":1773573503}
03-15 11:18:22.640 19748 32347 V [MYTAG][mail_tcp_socket][RemoteOptor]: ----
03-15 11:18:22.640 19748 32347 V [MYTAG][mail_tcp_socket][RemoteOptor]: [CMD]DEV_SDCARD_STATUS_QUERY
03-15 11:18:22.640 19748 32347 V [MYTAG][mail_tcp_socket][RemoteOptor]: [PARAM]null
03-15 11:18:22.641 19748 32593 W System  : Ignoring header sessionid because its value was null.
03-15 11:18:22.641 19748 32347 V [MYTAG][mail_tcp_socket][HttpTransportLayer]: [HTTP SEND GET]
03-15 11:18:22.641 19748 32347 V [MYTAG][mail_tcp_socket][HttpTransportLayer]: 	 url:http://192.168.0.1:80/app/getsdinfo
03-15 11:18:22.641 19748 32593 I System.out: (HTTPLog)-Static: isSBSettingEnabled false
03-15 11:18:22.641 19748 32593 I System.out: (HTTPLog)-Static: isSBSettingEnabled false
03-15 11:18:22.643 19748 32347 V [MYTAG][main][Device]: 666 dev is connected:true
03-15 11:18:22.646 19748 32347 V [MYTAG][HeartbeatMgr][RemoteOptor]: ----
03-15 11:18:22.646 19748 32347 V [MYTAG][HeartbeatMgr][RemoteOptor]: [CMD]Basic_Msg_MailBox
03-15 11:18:22.646 19748 32347 V [MYTAG][HeartbeatMgr][RemoteOptor]: [PARAM]null
03-15 11:18:22.668 19748 19748 W ProxyAndroidLoggerBackend: Too many Flogger logs received before configuration. Dropping old logs.
03-15 11:18:22.669 19748 32347 V [MYTAG][mail_tcp_socket][HttpTransportLayer]: [HTTP RSP]
03-15 11:18:22.669 19748 32347 V [MYTAG][mail_tcp_socket][HttpTransportLayer]: 	 errcode:0
03-15 11:18:22.669 19748 32347 V [MYTAG][mail_tcp_socket][HttpTransportLayer]: 	[content]{"result":0,"info":{"status":0,"free":258,"total":1883}}
03-15 11:18:22.669 19748 32347 V [MYTAG][mail_tcp_socket][HttpTransportLayer]: -----------------------------------------
03-15 11:18:22.669 19748 32594 W System  : Ignoring header sessionid because its value was null.
03-15 11:18:22.669 19748 32594 I System.out: (HTTPLog)-Static: isSBSettingEnabled false
03-15 11:18:22.670 19748 32594 I System.out: (HTTPLog)-Static: isSBSettingEnabled false
03-15 11:18:22.670 19748 32347 V [MYTAG][HeartbeatMgr][HttpTransportLayer]: [HTTP SEND GET]
03-15 11:18:22.670 19748 32347 V [MYTAG][HeartbeatMgr][HttpTransportLayer]: 	 url:http://192.168.0.1:80/app/getparamvalue?param=rec
03-15 11:18:22.671 19748 19748 W ProxyAndroidLoggerBackend: Too many Flogger logs received before configuration. Dropping old logs.
03-15 11:18:22.679 19748 19748 I chatty  : uid=10291(com.vidure.app) identical 6 lines
03-15 11:18:22.687 19748 19748 W ProxyAndroidLoggerBackend: Too many Flogger logs received before configuration. Dropping old logs.
03-15 11:18:22.691 19748 32347 V [MYTAG][main][Device]: 666 dev is connected:true
03-15 11:18:22.693 19748 32347 V [MYTAG][main][CameraPreviewActivity]: rev msg1:264454
03-15 11:18:22.693 19748 32347 V [MYTAG][main][Device]: 666 dev is connected:true
03-15 11:18:22.693 19748 32347 V [MYTAG][main][CameraPreviewActivity]: rev msg1:589832
03-15 11:18:22.700 19748 32347 V [MYTAG][HeartbeatMgr][HttpTransportLayer]: [HTTP RSP]
03-15 11:18:22.700 19748 32347 V [MYTAG][HeartbeatMgr][HttpTransportLayer]: 	 errcode:0
03-15 11:18:22.700 19748 32347 V [MYTAG][HeartbeatMgr][HttpTransportLayer]: 	[content]{"result":0,"info":{"value":0}}
03-15 11:18:22.700 19748 32347 V [MYTAG][HeartbeatMgr][HttpTransportLayer]: -----------------------------------------
03-15 11:18:22.725 19748 32460 W Settings: Setting adb_enabled has moved from android.provider.Settings.Secure to android.provider.Settings.Global.
03-15 11:18:22.808 19748 32463 I System.out: (HTTPLog)-Static: isSBSettingEnabled false
03-15 11:18:22.809 19748 32463 I System.out: (HTTPLog)-Static: isSBSettingEnabled false
03-15 11:18:22.854 19748 32460 I System.out: (HTTPLog)-Static: isSBSettingEnabled false
03-15 11:18:22.855 19748 32460 I System.out: (HTTPLog)-Static: isSBSettingEnabled false
03-15 11:18:22.880 19748 32460 I System.out: (HTTPLog)-Static: isSBSettingEnabled false
03-15 11:18:22.880 19748 32460 I System.out: (HTTPLog)-Static: isSBSettingEnabled false
03-15 11:18:25.649 19748 32347 V [MYTAG][mail_tcp_socket][ViiSocketMailDataPhraser]: ------------mail---------------
03-15 11:18:25.649 19748 32347 V [MYTAG][mail_tcp_socket][ViiSocketMailDataPhraser]: {"msgid":"battery","info":{"capacity":78,"charge":0},"time":1773573506}
03-15 11:18:25.651 19748 32347 V [MYTAG][mail_tcp_socket][ViiSocketMailDataPhraser]: ------------mail---------------
03-15 11:18:25.651 19748 32347 V [MYTAG][mail_tcp_socket][ViiSocketMailDataPhraser]: {"msgid":"sd","info":{"status":0},"time":1773573506}
03-15 11:18:25.651 19748 32347 V [MYTAG][mail_tcp_socket][RemoteOptor]: ----
03-15 11:18:25.651 19748 32347 V [MYTAG][mail_tcp_socket][RemoteOptor]: [CMD]DEV_SDCARD_STATUS_QUERY
03-15 11:18:25.651 19748 32347 V [MYTAG][mail_tcp_socket][RemoteOptor]: [PARAM]null
03-15 11:18:25.651 19748 32593 W System  : Ignoring header sessionid because its value was null.
03-15 11:18:25.652 19748 32347 V [MYTAG][mail_tcp_socket][HttpTransportLayer]: [HTTP SEND GET]
03-15 11:18:25.652 19748 32347 V [MYTAG][mail_tcp_socket][HttpTransportLayer]: 	 url:http://192.168.0.1:80/app/getsdinfo
03-15 11:18:25.653 19748 32593 I System.out: (HTTPLog)-Static: isSBSettingEnabled false
03-15 11:18:25.653 19748 32593 I System.out: (HTTPLog)-Static: isSBSettingEnabled false
03-15 11:18:25.656 19748 32347 V [MYTAG][main][Device]: 666 dev is connected:true
03-15 11:18:25.683 19748 32347 V [MYTAG][mail_tcp_socket][HttpTransportLayer]: [HTTP RSP]
03-15 11:18:25.683 19748 32347 V [MYTAG][mail_tcp_socket][HttpTransportLayer]: 	 errcode:0
03-15 11:18:25.683 19748 32347 V [MYTAG][mail_tcp_socket][HttpTransportLayer]: 	[content]{"result":0,"info":{"status":0,"free":258,"total":1883}}
03-15 11:18:25.683 19748 32347 V [MYTAG][mail_tcp_socket][HttpTransportLayer]: -----------------------------------------
03-15 11:18:25.725 19748 19748 W ProxyAndroidLoggerBackend: Too many Flogger logs received before configuration. Dropping old logs.
03-15 11:18:25.736 19748 19748 I chatty  : uid=10291(com.vidure.app) identical 7 lines
03-15 11:18:25.743 19748 19748 W ProxyAndroidLoggerBackend: Too many Flogger logs received before configuration. Dropping old logs.
03-15 11:18:25.743 19748  2534 W ProxyAndroidLoggerBackend: Too many Flogger logs received before configuration. Dropping old logs.
03-15 11:18:25.747 19748 32347 V [MYTAG][main][Device]: 666 dev is connected:true
03-15 11:18:25.748 19748 32347 V [MYTAG][main][CameraPreviewActivity]: rev msg1:264454
03-15 11:18:25.749 19748 32347 V [MYTAG][main][Device]: 666 dev is connected:true
03-15 11:18:25.749 19748 32347 V [MYTAG][main][CameraPreviewActivity]: rev msg1:589832
03-15 11:18:26.648 19748 32594 W System  : Ignoring header sessionid because its value was null.
03-15 11:18:26.649 19748 32347 V [MYTAG][HeartbeatMgr][RemoteOptor]: ----
03-15 11:18:26.649 19748 32347 V [MYTAG][HeartbeatMgr][RemoteOptor]: [CMD]Basic_Msg_MailBox
03-15 11:18:26.649 19748 32347 V [MYTAG][HeartbeatMgr][RemoteOptor]: [PARAM]null
03-15 11:18:26.649 19748 32594 I System.out: (HTTPLog)-Static: isSBSettingEnabled false
03-15 11:18:26.649 19748 32347 V [MYTAG][HeartbeatMgr][HttpTransportLayer]: [HTTP SEND GET]
03-15 11:18:26.649 19748 32347 V [MYTAG][HeartbeatMgr][HttpTransportLayer]: 	 url:http://192.168.0.1:80/app/getparamvalue?param=rec
03-15 11:18:26.650 19748 32594 I System.out: (HTTPLog)-Static: isSBSettingEnabled false
03-15 11:18:26.686 19748 32347 V [MYTAG][HeartbeatMgr][HttpTransportLayer]: [HTTP RSP]
03-15 11:18:26.686 19748 32347 V [MYTAG][HeartbeatMgr][HttpTransportLayer]: 	 errcode:0
03-15 11:18:26.686 19748 32347 V [MYTAG][HeartbeatMgr][HttpTransportLayer]: 	[content]{"result":0,"info":{"value":0}}
03-15 11:18:26.686 19748 32347 V [MYTAG][HeartbeatMgr][HttpTransportLayer]: -----------------------------------------
03-15 11:18:28.657 19748 32347 V [MYTAG][mail_tcp_socket][ViiSocketMailDataPhraser]: ------------mail---------------
03-15 11:18:28.657 19748 32347 V [MYTAG][mail_tcp_socket][ViiSocketMailDataPhraser]: {"msgid":"battery","info":{"capacity":78,"charge":0},"time":1773573509}
03-15 11:18:28.665 19748 32347 V [MYTAG][main][Device]: 666 dev is connected:true
03-15 11:18:28.668 19748 32593 W System  : Ignoring header sessionid because its value was null.
03-15 11:18:28.668 19748 32347 V [MYTAG][mail_tcp_socket][ViiSocketMailDataPhraser]: ------------mail---------------
03-15 11:18:28.668 19748 32347 V [MYTAG][mail_tcp_socket][ViiSocketMailDataPhraser]: {"msgid":"sd","info":{"status":0},"time":1773573509}
03-15 11:18:28.668 19748 32347 V [MYTAG][mail_tcp_socket][RemoteOptor]: ----
03-15 11:18:28.668 19748 32347 V [MYTAG][mail_tcp_socket][RemoteOptor]: [CMD]DEV_SDCARD_STATUS_QUERY
03-15 11:18:28.668 19748 32347 V [MYTAG][mail_tcp_socket][RemoteOptor]: [PARAM]null
03-15 11:18:28.668 19748 32593 I System.out: (HTTPLog)-Static: isSBSettingEnabled false
03-15 11:18:28.668 19748 32593 I System.out: (HTTPLog)-Static: isSBSettingEnabled false
03-15 11:18:28.669 19748 32347 V [MYTAG][mail_tcp_socket][HttpTransportLayer]: [HTTP SEND GET]
03-15 11:18:28.669 19748 32347 V [MYTAG][mail_tcp_socket][HttpTransportLayer]: 	 url:http://192.168.0.1:80/app/getsdinfo
03-15 11:18:28.707 19748 32347 V [MYTAG][mail_tcp_socket][HttpTransportLayer]: [HTTP RSP]
03-15 11:18:28.707 19748 32347 V [MYTAG][mail_tcp_socket][HttpTransportLayer]: 	 errcode:0
03-15 11:18:28.707 19748 32347 V [MYTAG][mail_tcp_socket][HttpTransportLayer]: 	[content]{"result":0,"info":{"status":0,"free":258,"total":1883}}
03-15 11:18:28.707 19748 32347 V [MYTAG][mail_tcp_socket][HttpTransportLayer]: -----------------------------------------
03-15 11:18:28.737 19748 19748 W ProxyAndroidLoggerBackend: Too many Flogger logs received before configuration. Dropping old logs.
03-15 11:18:28.749 19748 19748 I chatty  : uid=10291(com.vidure.app) identical 7 lines
03-15 11:18:28.759 19748 19748 W ProxyAndroidLoggerBackend: Too many Flogger logs received before configuration. Dropping old logs.
03-15 11:18:28.763 19748 32347 V [MYTAG][main][Device]: 666 dev is connected:true
03-15 11:18:28.765 19748 32347 V [MYTAG][main][CameraPreviewActivity]: rev msg1:264454
03-15 11:18:28.765 19748 32347 V [MYTAG][main][Device]: 666 dev is connected:true
03-15 11:18:28.765 19748 32347 V [MYTAG][main][CameraPreviewActivity]: rev msg1:589832
03-15 11:18:28.822 19748  2534 W ProxyAndroidLoggerBackend: Too many Flogger logs received before configuration. Dropping old logs.
03-15 11:18:28.822 19748  2534 W ProxyAndroidLoggerBackend: Too many Flogger logs received before configuration. Dropping old logs.
03-15 11:18:28.823 19748  3196 W ProxyAndroidLoggerBackend: Too many Flogger logs received before configuration. Dropping old logs.
03-15 11:18:30.650 19748 32594 W System  : Ignoring header sessionid because its value was null.
03-15 11:18:30.651 19748 32347 V [MYTAG][HeartbeatMgr][RemoteOptor]: ----
03-15 11:18:30.651 19748 32347 V [MYTAG][HeartbeatMgr][RemoteOptor]: [CMD]Basic_Msg_MailBox
03-15 11:18:30.651 19748 32347 V [MYTAG][HeartbeatMgr][RemoteOptor]: [PARAM]null
03-15 11:18:30.651 19748 32347 V [MYTAG][HeartbeatMgr][HttpTransportLayer]: [HTTP SEND GET]
03-15 11:18:30.651 19748 32347 V [MYTAG][HeartbeatMgr][HttpTransportLayer]: 	 url:http://192.168.0.1:80/app/getparamvalue?param=rec
03-15 11:18:30.651 19748 32594 I System.out: (HTTPLog)-Static: isSBSettingEnabled false
03-15 11:18:30.651 19748 32594 I System.out: (HTTPLog)-Static: isSBSettingEnabled false
03-15 11:18:30.683 19748 32347 V [MYTAG][HeartbeatMgr][HttpTransportLayer]: [HTTP RSP]
03-15 11:18:30.683 19748 32347 V [MYTAG][HeartbeatMgr][HttpTransportLayer]: 	 errcode:0
03-15 11:18:30.683 19748 32347 V [MYTAG][HeartbeatMgr][HttpTransportLayer]: 	[content]{"result":0,"info":{"value":0}}
03-15 11:18:30.683 19748 32347 V [MYTAG][HeartbeatMgr][HttpTransportLayer]: -----------------------------------------
03-15 11:18:31.404 19748  3543 W ProxyAndroidLoggerBackend: Too many Flogger logs received before configuration. Dropping old logs.
03-15 11:18:31.415 19748  3543 I chatty  : uid=10291(com.vidure.app) identical 2 lines
03-15 11:18:31.416 19748  3543 W ProxyAndroidLoggerBackend: Too many Flogger logs received before configuration. Dropping old logs.
03-15 11:18:31.666 19748 32347 V [MYTAG][mail_tcp_socket][ViiSocketMailDataPhraser]: ------------mail---------------
03-15 11:18:31.666 19748 32347 V [MYTAG][mail_tcp_socket][ViiSocketMailDataPhraser]: {"msgid":"battery","info":{"capacity":78,"charge":0},"time":1773573512}
03-15 11:18:31.668 19748 32593 W System  : Ignoring header sessionid because its value was null.
03-15 11:18:31.668 19748 32347 V [MYTAG][mail_tcp_socket][ViiSocketMailDataPhraser]: ------------mail---------------
03-15 11:18:31.668 19748 32347 V [MYTAG][mail_tcp_socket][ViiSocketMailDataPhraser]: {"msgid":"sd","info":{"status":0},"time":1773573512}
03-15 11:18:31.668 19748 32347 V [MYTAG][mail_tcp_socket][RemoteOptor]: ----
03-15 11:18:31.668 19748 32347 V [MYTAG][mail_tcp_socket][RemoteOptor]: [CMD]DEV_SDCARD_STATUS_QUERY
03-15 11:18:31.668 19748 32347 V [MYTAG][mail_tcp_socket][RemoteOptor]: [PARAM]null
03-15 11:18:31.668 19748 32593 I System.out: (HTTPLog)-Static: isSBSettingEnabled false
03-15 11:18:31.668 19748 32593 I System.out: (HTTPLog)-Static: isSBSettingEnabled false
03-15 11:18:31.669 19748 32347 V [MYTAG][mail_tcp_socket][HttpTransportLayer]: [HTTP SEND GET]
03-15 11:18:31.669 19748 32347 V [MYTAG][mail_tcp_socket][HttpTransportLayer]: 	 url:http://192.168.0.1:80/app/getsdinfo
03-15 11:18:31.672 19748 32347 V [MYTAG][main][Device]: 666 dev is connected:true
03-15 11:18:31.698 19748 32347 V [MYTAG][mail_tcp_socket][HttpTransportLayer]: [HTTP RSP]
03-15 11:18:31.698 19748 32347 V [MYTAG][mail_tcp_socket][HttpTransportLayer]: 	 errcode:0
03-15 11:18:31.698 19748 32347 V [MYTAG][mail_tcp_socket][HttpTransportLayer]: 	[content]{"result":0,"info":{"status":0,"free":258,"total":1883}}
03-15 11:18:31.698 19748 32347 V [MYTAG][mail_tcp_socket][HttpTransportLayer]: -----------------------------------------
03-15 11:18:31.737 19748 19748 W ProxyAndroidLoggerBackend: Too many Flogger logs received before configuration. Dropping old logs.
03-15 11:18:31.747 19748 19748 I chatty  : uid=10291(com.vidure.app) identical 5 lines
03-15 11:18:31.747 19748 19748 W ProxyAndroidLoggerBackend: Too many Flogger logs received before configuration. Dropping old logs.
03-15 11:18:31.748 19748  3196 W ProxyAndroidLoggerBackend: Too many Flogger logs received before configuration. Dropping old logs.
03-15 11:18:31.748 19748  3196 W ProxyAndroidLoggerBackend: Too many Flogger logs received before configuration. Dropping old logs.
03-15 11:18:31.748 19748  3195 W ProxyAndroidLoggerBackend: Too many Flogger logs received before configuration. Dropping old logs.
03-15 11:18:31.751 19748 19748 W ProxyAndroidLoggerBackend: Too many Flogger logs received before configuration. Dropping old logs.
03-15 11:18:31.751 19748  3195 W ProxyAndroidLoggerBackend: Too many Flogger logs received before configuration. Dropping old logs.
03-15 11:18:31.751 19748  3195 I chatty  : uid=10291(com.vidure.app) identical 1 line
03-15 11:18:31.751 19748  3195 W ProxyAndroidLoggerBackend: Too many Flogger logs received before configuration. Dropping old logs.
03-15 11:18:31.762 19748  3196 W ProxyAndroidLoggerBackend: Too many Flogger logs received before configuration. Dropping old logs.
03-15 11:18:31.763 19748 19748 W ProxyAndroidLoggerBackend: Too many Flogger logs received before configuration. Dropping old logs.
03-15 11:18:31.767 19748 32347 V [MYTAG][main][Device]: 666 dev is connected:true
03-15 11:18:31.769 19748 32347 V [MYTAG][main][CameraPreviewActivity]: rev msg1:264454
03-15 11:18:31.769 19748 32347 V [MYTAG][main][Device]: 666 dev is connected:true
03-15 11:18:31.769 19748 32347 V [MYTAG][main][CameraPreviewActivity]: rev msg1:589832
03-15 11:18:33.344 19748  2534 W ProxyAndroidLoggerBackend: Too many Flogger logs received before configuration. Dropping old logs.
03-15 11:18:33.464 19748 32299 I com.vidure.app: Background concurrent copying GC freed 101620(12MB) AllocSpace objects, 68(3244KB) LOS objects, 22% free, 84MB/108MB, paused 428us total 367.284ms
03-15 11:18:34.524 19748  3195 W ProxyAndroidLoggerBackend: Too many Flogger logs received before configuration. Dropping old logs.
03-15 11:18:34.650 19748 32594 W System  : Ignoring header sessionid because its value was null.
03-15 11:18:34.650 19748 32594 I System.out: (HTTPLog)-Static: isSBSettingEnabled false
03-15 11:18:34.650 19748 32594 I System.out: (HTTPLog)-Static: isSBSettingEnabled false
03-15 11:18:34.652 19748 32347 V [MYTAG][HeartbeatMgr][RemoteOptor]: ----
03-15 11:18:34.652 19748 32347 V [MYTAG][HeartbeatMgr][RemoteOptor]: [CMD]Basic_Msg_MailBox
03-15 11:18:34.652 19748 32347 V [MYTAG][HeartbeatMgr][RemoteOptor]: [PARAM]null
03-15 11:18:34.652 19748 32347 V [MYTAG][HeartbeatMgr][HttpTransportLayer]: [HTTP SEND GET]
03-15 11:18:34.652 19748 32347 V [MYTAG][HeartbeatMgr][HttpTransportLayer]: 	 url:http://192.168.0.1:80/app/getparamvalue?param=rec
03-15 11:18:34.675 19748 32347 V [MYTAG][mail_tcp_socket][ViiSocketMailDataPhraser]: ------------mail---------------
03-15 11:18:34.675 19748 32347 V [MYTAG][mail_tcp_socket][ViiSocketMailDataPhraser]: {"msgid":"battery","info":{"capacity":78,"charge":0},"time":1773573515}
03-15 11:18:34.680 19748 32347 V [MYTAG][mail_tcp_socket][ViiSocketMailDataPhraser]: ------------mail---------------
03-15 11:18:34.680 19748 32347 V [MYTAG][mail_tcp_socket][ViiSocketMailDataPhraser]: {"msgid":"sd","info":{"status":0},"time":1773573515}
03-15 11:18:34.680 19748 32347 V [MYTAG][mail_tcp_socket][RemoteOptor]: ----
03-15 11:18:34.680 19748 32347 V [MYTAG][mail_tcp_socket][RemoteOptor]: [CMD]DEV_SDCARD_STATUS_QUERY
03-15 11:18:34.680 19748 32347 V [MYTAG][mail_tcp_socket][RemoteOptor]: [PARAM]null
03-15 11:18:34.680 19748 32347 V [MYTAG][main][Device]: 666 dev is connected:true
03-15 11:18:34.693 19748 32347 V [MYTAG][HeartbeatMgr][HttpTransportLayer]: [HTTP RSP]
03-15 11:18:34.693 19748 32347 V [MYTAG][HeartbeatMgr][HttpTransportLayer]: 	 errcode:0
03-15 11:18:34.693 19748 32347 V [MYTAG][HeartbeatMgr][HttpTransportLayer]: 	[content]{"result":0,"info":{"value":0}}
03-15 11:18:34.693 19748 32347 V [MYTAG][HeartbeatMgr][HttpTransportLayer]: -----------------------------------------
03-15 11:18:34.693 19748 32593 W System  : Ignoring header sessionid because its value was null.
03-15 11:18:34.694 19748 32347 V [MYTAG][mail_tcp_socket][HttpTransportLayer]: [HTTP SEND GET]
03-15 11:18:34.694 19748 32347 V [MYTAG][mail_tcp_socket][HttpTransportLayer]: 	 url:http://192.168.0.1:80/app/getsdinfo
03-15 11:18:34.694 19748 32593 I System.out: (HTTPLog)-Static: isSBSettingEnabled false
03-15 11:18:34.694 19748 32593 I System.out: (HTTPLog)-Static: isSBSettingEnabled false
03-15 11:18:34.709 19748 19748 W ProxyAndroidLoggerBackend: Too many Flogger logs received before configuration. Dropping old logs.
03-15 11:18:34.718 19748 19748 I chatty  : uid=10291(com.vidure.app) identical 5 lines
03-15 11:18:34.718 19748 19748 W ProxyAndroidLoggerBackend: Too many Flogger logs received before configuration. Dropping old logs.
03-15 11:18:34.718 19748 32347 V [MYTAG][mail_tcp_socket][HttpTransportLayer]: [HTTP RSP]
03-15 11:18:34.718 19748 32347 V [MYTAG][mail_tcp_socket][HttpTransportLayer]: 	 errcode:0
03-15 11:18:34.718 19748 32347 V [MYTAG][mail_tcp_socket][HttpTransportLayer]: 	[content]{"result":0,"info":{"status":0,"free":258,"total":1883}}
03-15 11:18:34.718 19748 32347 V [MYTAG][mail_tcp_socket][HttpTransportLayer]: -----------------------------------------
03-15 11:18:34.720 19748 19748 W ProxyAndroidLoggerBackend: Too many Flogger logs received before configuration. Dropping old logs.
03-15 11:18:34.727 19748 19748 W ProxyAndroidLoggerBackend: Too many Flogger logs received before configuration. Dropping old logs.
03-15 11:18:34.731 19748 32347 V [MYTAG][main][Device]: 666 dev is connected:true
03-15 11:18:34.731 19748 32347 V [MYTAG][main][CameraPreviewActivity]: rev msg1:264454
03-15 11:18:34.731 19748 32347 V [MYTAG][main][Device]: 666 dev is connected:true
03-15 11:18:34.731 19748 32347 V [MYTAG][main][CameraPreviewActivity]: rev msg1:589832
03-15 11:18:37.688 19748 32347 V [MYTAG][mail_tcp_socket][ViiSocketMailDataPhraser]: ------------mail---------------
03-15 11:18:37.688 19748 32347 V [MYTAG][mail_tcp_socket][ViiSocketMailDataPhraser]: {"msgid":"battery","info":{"capacity":78,"charge":0},"time":1773573518}
03-15 11:18:37.690 19748 32593 W System  : Ignoring header sessionid because its value was null.
03-15 11:18:37.690 19748 32593 I System.out: (HTTPLog)-Static: isSBSettingEnabled false
03-15 11:18:37.691 19748 32593 I System.out: (HTTPLog)-Static: isSBSettingEnabled false
03-15 11:18:37.691 19748 32347 V [MYTAG][mail_tcp_socket][ViiSocketMailDataPhraser]: ------------mail---------------
03-15 11:18:37.691 19748 32347 V [MYTAG][mail_tcp_socket][ViiSocketMailDataPhraser]: {"msgid":"sd","info":{"status":0},"time":1773573518}
03-15 11:18:37.691 19748 32347 V [MYTAG][mail_tcp_socket][RemoteOptor]: ----
03-15 11:18:37.691 19748 32347 V [MYTAG][mail_tcp_socket][RemoteOptor]: [CMD]DEV_SDCARD_STATUS_QUERY
03-15 11:18:37.691 19748 32347 V [MYTAG][mail_tcp_socket][RemoteOptor]: [PARAM]null
03-15 11:18:37.695 19748 32347 V [MYTAG][mail_tcp_socket][HttpTransportLayer]: [HTTP SEND GET]
03-15 11:18:37.695 19748 32347 V [MYTAG][mail_tcp_socket][HttpTransportLayer]: 	 url:http://192.168.0.1:80/app/getsdinfo
03-15 11:18:37.695 19748 32347 V [MYTAG][main][Device]: 666 dev is connected:true
03-15 11:18:37.727 19748 32347 V [MYTAG][mail_tcp_socket][HttpTransportLayer]: [HTTP RSP]
03-15 11:18:37.727 19748 32347 V [MYTAG][mail_tcp_socket][HttpTransportLayer]: 	 errcode:0
03-15 11:18:37.727 19748 32347 V [MYTAG][mail_tcp_socket][HttpTransportLayer]: 	[content]{"result":0,"info":{"status":0,"free":258,"total":1883}}
03-15 11:18:37.727 19748 32347 V [MYTAG][mail_tcp_socket][HttpTransportLayer]: -----------------------------------------
03-15 11:18:37.736 19748 19748 W ProxyAndroidLoggerBackend: Too many Flogger logs received before configuration. Dropping old logs.
03-15 11:18:37.747 19748 19748 I chatty  : uid=10291(com.vidure.app) identical 7 lines
03-15 11:18:37.753 19748 19748 W ProxyAndroidLoggerBackend: Too many Flogger logs received before configuration. Dropping old logs.
03-15 11:18:37.756 19748 32347 V [MYTAG][main][Device]: 666 dev is connected:true
03-15 11:18:37.757 19748 32347 V [MYTAG][main][CameraPreviewActivity]: rev msg1:264454
03-15 11:18:37.758 19748 32347 V [MYTAG][main][Device]: 666 dev is connected:true
03-15 11:18:37.758 19748 32347 V [MYTAG][main][CameraPreviewActivity]: rev msg1:589832
03-15 11:18:38.650 19748 32594 W System  : Ignoring header sessionid because its value was null.
03-15 11:18:38.650 19748 32347 V [MYTAG][HeartbeatMgr][RemoteOptor]: ----
03-15 11:18:38.650 19748 32347 V [MYTAG][HeartbeatMgr][RemoteOptor]: [CMD]Basic_Msg_MailBox
03-15 11:18:38.650 19748 32347 V [MYTAG][HeartbeatMgr][RemoteOptor]: [PARAM]null
03-15 11:18:38.651 19748 32594 I System.out: (HTTPLog)-Static: isSBSettingEnabled false
03-15 11:18:38.651 19748 32347 V [MYTAG][HeartbeatMgr][HttpTransportLayer]: [HTTP SEND GET]
03-15 11:18:38.651 19748 32347 V [MYTAG][HeartbeatMgr][HttpTransportLayer]: 	 url:http://192.168.0.1:80/app/getparamvalue?param=rec
03-15 11:18:38.651 19748 32594 I System.out: (HTTPLog)-Static: isSBSettingEnabled false
03-15 11:18:38.689 19748 32347 V [MYTAG][HeartbeatMgr][HttpTransportLayer]: [HTTP RSP]
03-15 11:18:38.689 19748 32347 V [MYTAG][HeartbeatMgr][HttpTransportLayer]: 	 errcode:0
03-15 11:18:38.689 19748 32347 V [MYTAG][HeartbeatMgr][HttpTransportLayer]: 	[content]{"result":0,"info":{"value":0}}
03-15 11:18:38.689 19748 32347 V [MYTAG][HeartbeatMgr][HttpTransportLayer]: -----------------------------------------
03-15 11:18:40.696 19748 32347 V [MYTAG][mail_tcp_socket][ViiSocketMailDataPhraser]: ------------mail---------------
03-15 11:18:40.696 19748 32347 V [MYTAG][mail_tcp_socket][ViiSocketMailDataPhraser]: {"msgid":"battery","info":{"capacity":78,"charge":0},"time":1773573521}
03-15 11:18:40.698 19748 32593 W System  : Ignoring header sessionid because its value was null.
03-15 11:18:40.698 19748 32593 I System.out: (HTTPLog)-Static: isSBSettingEnabled false
03-15 11:18:40.699 19748 32593 I System.out: (HTTPLog)-Static: isSBSettingEnabled false
03-15 11:18:40.700 19748 32347 V [MYTAG][mail_tcp_socket][ViiSocketMailDataPhraser]: ------------mail---------------
03-15 11:18:40.700 19748 32347 V [MYTAG][mail_tcp_socket][ViiSocketMailDataPhraser]: {"msgid":"sd","info":{"status":0},"time":1773573521}
03-15 11:18:40.700 19748 32347 V [MYTAG][mail_tcp_socket][RemoteOptor]: ----
03-15 11:18:40.700 19748 32347 V [MYTAG][mail_tcp_socket][RemoteOptor]: [CMD]DEV_SDCARD_STATUS_QUERY
03-15 11:18:40.700 19748 32347 V [MYTAG][mail_tcp_socket][RemoteOptor]: [PARAM]null
03-15 11:18:40.700 19748 32347 V [MYTAG][mail_tcp_socket][HttpTransportLayer]: [HTTP SEND GET]
03-15 11:18:40.700 19748 32347 V [MYTAG][mail_tcp_socket][HttpTransportLayer]: 	 url:http://192.168.0.1:80/app/getsdinfo
03-15 11:18:40.700 19748 32347 V [MYTAG][main][Device]: 666 dev is connected:true
03-15 11:18:40.719 19748 32347 V [MYTAG][mail_tcp_socket][HttpTransportLayer]: [HTTP RSP]
03-15 11:18:40.719 19748 32347 V [MYTAG][mail_tcp_socket][HttpTransportLayer]: 	 errcode:0
03-15 11:18:40.719 19748 32347 V [MYTAG][mail_tcp_socket][HttpTransportLayer]: 	[content]{"result":0,"info":{"status":0,"free":258,"total":1883}}
03-15 11:18:40.719 19748 32347 V [MYTAG][mail_tcp_socket][HttpTransportLayer]: -----------------------------------------
03-15 11:18:40.724 19748 19748 W ProxyAndroidLoggerBackend: Too many Flogger logs received before configuration. Dropping old logs.
03-15 11:18:40.732 19748 19748 I chatty  : uid=10291(com.vidure.app) identical 6 lines
03-15 11:18:40.734 19748 19748 W ProxyAndroidLoggerBackend: Too many Flogger logs received before configuration. Dropping old logs.
03-15 11:18:40.737 19748  2534 W ProxyAndroidLoggerBackend: Too many Flogger logs received before configuration. Dropping old logs.
03-15 11:18:40.744 19748 19748 W ProxyAndroidLoggerBackend: Too many Flogger logs received before configuration. Dropping old logs.
03-15 11:18:40.747 19748 32347 V [MYTAG][main][Device]: 666 dev is connected:true
03-15 11:18:40.748 19748 32347 V [MYTAG][main][CameraPreviewActivity]: rev msg1:264454
03-15 11:18:40.748 19748 32347 V [MYTAG][main][Device]: 666 dev is connected:true
03-15 11:18:40.749 19748 32347 V [MYTAG][main][CameraPreviewActivity]: rev msg1:589832
03-15 11:18:42.650 19748 32594 W System  : Ignoring header sessionid because its value was null.
03-15 11:18:42.650 19748 32347 V [MYTAG][HeartbeatMgr][RemoteOptor]: ----
03-15 11:18:42.650 19748 32347 V [MYTAG][HeartbeatMgr][RemoteOptor]: [CMD]Basic_Msg_MailBox
03-15 11:18:42.650 19748 32347 V [MYTAG][HeartbeatMgr][RemoteOptor]: [PARAM]null
03-15 11:18:42.651 19748 32594 I System.out: (HTTPLog)-Static: isSBSettingEnabled false
03-15 11:18:42.651 19748 32594 I System.out: (HTTPLog)-Static: isSBSettingEnabled false
03-15 11:18:42.656 19748 32347 V [MYTAG][HeartbeatMgr][HttpTransportLayer]: [HTTP SEND GET]
03-15 11:18:42.656 19748 32347 V [MYTAG][HeartbeatMgr][HttpTransportLayer]: 	 url:http://192.168.0.1:80/app/getparamvalue?param=rec
03-15 11:18:42.690 19748 32347 V [MYTAG][HeartbeatMgr][HttpTransportLayer]: [HTTP RSP]
03-15 11:18:42.690 19748 32347 V [MYTAG][HeartbeatMgr][HttpTransportLayer]: 	 errcode:0
03-15 11:18:42.690 19748 32347 V [MYTAG][HeartbeatMgr][HttpTransportLayer]: 	[content]{"result":0,"info":{"value":0}}
03-15 11:18:42.690 19748 32347 V [MYTAG][HeartbeatMgr][HttpTransportLayer]: -----------------------------------------
03-15 11:18:43.706 19748 32347 V [MYTAG][mail_tcp_socket][ViiSocketMailDataPhraser]: ------------mail---------------
03-15 11:18:43.706 19748 32347 V [MYTAG][mail_tcp_socket][ViiSocketMailDataPhraser]: {"msgid":"battery","info":{"capacity":78,"charge":0},"time":1773573524}
03-15 11:18:43.708 19748 32593 W System  : Ignoring header sessionid because its value was null.
03-15 11:18:43.710 19748 32347 V [MYTAG][mail_tcp_socket][ViiSocketMailDataPhraser]: ------------mail---------------
03-15 11:18:43.710 19748 32347 V [MYTAG][mail_tcp_socket][ViiSocketMailDataPhraser]: {"msgid":"sd","info":{"status":0},"time":1773573524}
03-15 11:18:43.710 19748 32347 V [MYTAG][mail_tcp_socket][RemoteOptor]: ----
03-15 11:18:43.710 19748 32347 V [MYTAG][mail_tcp_socket][RemoteOptor]: [CMD]DEV_SDCARD_STATUS_QUERY
03-15 11:18:43.710 19748 32347 V [MYTAG][mail_tcp_socket][RemoteOptor]: [PARAM]null
03-15 11:18:43.710 19748 32593 I System.out: (HTTPLog)-Static: isSBSettingEnabled false
03-15 11:18:43.710 19748 32347 V [MYTAG][mail_tcp_socket][HttpTransportLayer]: [HTTP SEND GET]
03-15 11:18:43.710 19748 32347 V [MYTAG][mail_tcp_socket][HttpTransportLayer]: 	 url:http://192.168.0.1:80/app/getsdinfo
03-15 11:18:43.710 19748 32593 I System.out: (HTTPLog)-Static: isSBSettingEnabled false
03-15 11:18:43.718 19748 32347 V [MYTAG][main][Device]: 666 dev is connected:true
03-15 11:18:43.740 19748 32347 V [MYTAG][mail_tcp_socket][HttpTransportLayer]: [HTTP RSP]
03-15 11:18:43.740 19748 32347 V [MYTAG][mail_tcp_socket][HttpTransportLayer]: 	 errcode:0
03-15 11:18:43.740 19748 32347 V [MYTAG][mail_tcp_socket][HttpTransportLayer]: 	[content]{"result":0,"info":{"status":0,"free":258,"total":1883}}
03-15 11:18:43.740 19748 32347 V [MYTAG][mail_tcp_socket][HttpTransportLayer]: -----------------------------------------
03-15 11:18:43.745 19748 19748 W ProxyAndroidLoggerBackend: Too many Flogger logs received before configuration. Dropping old logs.
03-15 11:18:43.755 19748 19748 I chatty  : uid=10291(com.vidure.app) identical 7 lines
03-15 11:18:43.761 19748 19748 W ProxyAndroidLoggerBackend: Too many Flogger logs received before configuration. Dropping old logs.
03-15 11:18:43.763 19748 32347 V [MYTAG][main][Device]: 666 dev is connected:true
03-15 11:18:43.766 19748 32347 V [MYTAG][main][CameraPreviewActivity]: rev msg1:264454
03-15 11:18:43.767 19748 32347 V [MYTAG][main][Device]: 666 dev is connected:true
03-15 11:18:43.767 19748 32347 V [MYTAG][main][CameraPreviewActivity]: rev msg1:589832
03-15 11:18:46.650 19748 32594 W System  : Ignoring header sessionid because its value was null.
03-15 11:18:46.651 19748 32594 I System.out: (HTTPLog)-Static: isSBSettingEnabled false
03-15 11:18:46.651 19748 32594 I System.out: (HTTPLog)-Static: isSBSettingEnabled false
03-15 11:18:46.652 19748 32347 V [MYTAG][HeartbeatMgr][RemoteOptor]: ----
03-15 11:18:46.652 19748 32347 V [MYTAG][HeartbeatMgr][RemoteOptor]: [CMD]Basic_Msg_MailBox
03-15 11:18:46.652 19748 32347 V [MYTAG][HeartbeatMgr][RemoteOptor]: [PARAM]null
03-15 11:18:46.653 19748 32347 V [MYTAG][HeartbeatMgr][HttpTransportLayer]: [HTTP SEND GET]
03-15 11:18:46.653 19748 32347 V [MYTAG][HeartbeatMgr][HttpTransportLayer]: 	 url:http://192.168.0.1:80/app/getparamvalue?param=rec
03-15 11:18:46.689 19748 32347 V [MYTAG][HeartbeatMgr][HttpTransportLayer]: [HTTP RSP]
03-15 11:18:46.689 19748 32347 V [MYTAG][HeartbeatMgr][HttpTransportLayer]: 	 errcode:0
03-15 11:18:46.689 19748 32347 V [MYTAG][HeartbeatMgr][HttpTransportLayer]: 	[content]{"result":0,"info":{"value":0}}
03-15 11:18:46.689 19748 32347 V [MYTAG][HeartbeatMgr][HttpTransportLayer]: -----------------------------------------
03-15 11:18:46.718 19748 32347 V [MYTAG][mail_tcp_socket][ViiSocketMailDataPhraser]: ------------mail---------------
03-15 11:18:46.718 19748 32347 V [MYTAG][mail_tcp_socket][ViiSocketMailDataPhraser]: {"msgid":"battery","info":{"capacity":78,"charge":0},"time":1773573527}
03-15 11:18:46.719 19748 32593 W System  : Ignoring header sessionid because its value was null.
03-15 11:18:46.720 19748 32593 I System.out: (HTTPLog)-Static: isSBSettingEnabled false
03-15 11:18:46.720 19748 32593 I System.out: (HTTPLog)-Static: isSBSettingEnabled false
03-15 11:18:46.720 19748 32347 V [MYTAG][mail_tcp_socket][ViiSocketMailDataPhraser]: ------------mail---------------
03-15 11:18:46.720 19748 32347 V [MYTAG][mail_tcp_socket][ViiSocketMailDataPhraser]: {"msgid":"sd","info":{"status":0},"time":1773573527}
03-15 11:18:46.720 19748 32347 V [MYTAG][mail_tcp_socket][RemoteOptor]: ----
03-15 11:18:46.720 19748 32347 V [MYTAG][mail_tcp_socket][RemoteOptor]: [CMD]DEV_SDCARD_STATUS_QUERY
03-15 11:18:46.720 19748 32347 V [MYTAG][mail_tcp_socket][RemoteOptor]: [PARAM]null
03-15 11:18:46.721 19748 32347 V [MYTAG][mail_tcp_socket][HttpTransportLayer]: [HTTP SEND GET]
03-15 11:18:46.721 19748 32347 V [MYTAG][mail_tcp_socket][HttpTransportLayer]: 	 url:http://192.168.0.1:80/app/getsdinfo
03-15 11:18:46.722 19748 32347 V [MYTAG][main][Device]: 666 dev is connected:true
03-15 11:18:46.754 19748 32347 V [MYTAG][mail_tcp_socket][HttpTransportLayer]: [HTTP RSP]
03-15 11:18:46.754 19748 32347 V [MYTAG][mail_tcp_socket][HttpTransportLayer]: 	 errcode:0
03-15 11:18:46.754 19748 32347 V [MYTAG][mail_tcp_socket][HttpTransportLayer]: 	[content]{"result":0,"info":{"status":0,"free":258,"total":1883}}
03-15 11:18:46.754 19748 32347 V [MYTAG][mail_tcp_socket][HttpTransportLayer]: -----------------------------------------
03-15 11:18:46.756 19748 19748 W ProxyAndroidLoggerBackend: Too many Flogger logs received before configuration. Dropping old logs.
03-15 11:18:46.761 19748 19748 W ProxyAndroidLoggerBackend: Too many Flogger logs received before configuration. Dropping old logs.
03-15 11:18:46.772 19748 19748 I chatty  : uid=10291(com.vidure.app) identical 6 lines
03-15 11:18:46.777 19748 19748 W ProxyAndroidLoggerBackend: Too many Flogger logs received before configuration. Dropping old logs.
03-15 11:18:46.780 19748 32347 V [MYTAG][main][Device]: 666 dev is connected:true
03-15 11:18:46.781 19748  2534 W ProxyAndroidLoggerBackend: Too many Flogger logs received before configuration. Dropping old logs.
03-15 11:18:46.782 19748 32347 V [MYTAG][main][CameraPreviewActivity]: rev msg1:264454
03-15 11:18:46.783 19748 32347 V [MYTAG][main][Device]: 666 dev is connected:true
03-15 11:18:46.783 19748 32347 V [MYTAG][main][CameraPreviewActivity]: rev msg1:589832
03-15 11:18:49.727 19748 32347 V [MYTAG][mail_tcp_socket][ViiSocketMailDataPhraser]: ------------mail---------------
03-15 11:18:49.727 19748 32347 V [MYTAG][mail_tcp_socket][ViiSocketMailDataPhraser]: {"msgid":"battery","info":{"capacity":78,"charge":0},"time":1773573530}
03-15 11:18:49.733 19748 32347 V [MYTAG][mail_tcp_socket][ViiSocketMailDataPhraser]: ------------mail---------------
03-15 11:18:49.733 19748 32347 V [MYTAG][mail_tcp_socket][ViiSocketMailDataPhraser]: {"msgid":"sd","info":{"status":0},"time":1773573530}
03-15 11:18:49.733 19748 32347 V [MYTAG][mail_tcp_socket][RemoteOptor]: ----
03-15 11:18:49.733 19748 32347 V [MYTAG][mail_tcp_socket][RemoteOptor]: [CMD]DEV_SDCARD_STATUS_QUERY
03-15 11:18:49.733 19748 32347 V [MYTAG][mail_tcp_socket][RemoteOptor]: [PARAM]null
03-15 11:18:49.733 19748 32347 V [MYTAG][mail_tcp_socket][HttpTransportLayer]: [HTTP SEND GET]
03-15 11:18:49.733 19748 32347 V [MYTAG][mail_tcp_socket][HttpTransportLayer]: 	 url:http://192.168.0.1:80/app/getsdinfo
03-15 11:18:49.733 19748 32593 W System  : Ignoring header sessionid because its value was null.
03-15 11:18:49.734 19748 32593 I System.out: (HTTPLog)-Static: isSBSettingEnabled false
03-15 11:18:49.734 19748 32593 I System.out: (HTTPLog)-Static: isSBSettingEnabled false
03-15 11:18:49.736 19748 32347 V [MYTAG][main][Device]: 666 dev is connected:true
03-15 11:18:49.757 19748 19748 W ProxyAndroidLoggerBackend: Too many Flogger logs received before configuration. Dropping old logs.
03-15 11:18:49.766 19748 19748 I chatty  : uid=10291(com.vidure.app) identical 6 lines
03-15 11:18:49.768 19748 19748 W ProxyAndroidLoggerBackend: Too many Flogger logs received before configuration. Dropping old logs.
03-15 11:18:49.770 19748 32347 V [MYTAG][mail_tcp_socket][HttpTransportLayer]: [HTTP RSP]
03-15 11:18:49.770 19748 32347 V [MYTAG][mail_tcp_socket][HttpTransportLayer]: 	 errcode:0
03-15 11:18:49.770 19748 32347 V [MYTAG][mail_tcp_socket][HttpTransportLayer]: 	[content]{"result":0,"info":{"status":0,"free":258,"total":1883}}
03-15 11:18:49.770 19748 32347 V [MYTAG][mail_tcp_socket][HttpTransportLayer]: -----------------------------------------
03-15 11:18:49.779 19748 19748 W ProxyAndroidLoggerBackend: Too many Flogger logs received before configuration. Dropping old logs.
03-15 11:18:49.782 19748 32347 V [MYTAG][main][Device]: 666 dev is connected:true
03-15 11:18:49.784 19748 32347 V [MYTAG][main][CameraPreviewActivity]: rev msg1:264454
03-15 11:18:49.784 19748 32347 V [MYTAG][main][Device]: 666 dev is connected:true
03-15 11:18:49.784 19748 32347 V [MYTAG][main][CameraPreviewActivity]: rev msg1:589832
03-15 11:18:50.651 19748 32594 W System  : Ignoring header sessionid because its value was null.
03-15 11:18:50.651 19748 32347 V [MYTAG][HeartbeatMgr][RemoteOptor]: ----
03-15 11:18:50.651 19748 32347 V [MYTAG][HeartbeatMgr][RemoteOptor]: [CMD]Basic_Msg_MailBox
03-15 11:18:50.651 19748 32347 V [MYTAG][HeartbeatMgr][RemoteOptor]: [PARAM]null
03-15 11:18:50.652 19748 32594 I System.out: (HTTPLog)-Static: isSBSettingEnabled false
03-15 11:18:50.652 19748 32594 I System.out: (HTTPLog)-Static: isSBSettingEnabled false
03-15 11:18:50.652 19748 32347 V [MYTAG][HeartbeatMgr][HttpTransportLayer]: [HTTP SEND GET]
03-15 11:18:50.652 19748 32347 V [MYTAG][HeartbeatMgr][HttpTransportLayer]: 	 url:http://192.168.0.1:80/app/getparamvalue?param=rec
03-15 11:18:50.684 19748 32347 V [MYTAG][HeartbeatMgr][HttpTransportLayer]: [HTTP RSP]
03-15 11:18:50.684 19748 32347 V [MYTAG][HeartbeatMgr][HttpTransportLayer]: 	 errcode:0
03-15 11:18:50.684 19748 32347 V [MYTAG][HeartbeatMgr][HttpTransportLayer]: 	[content]{"result":0,"info":{"value":0}}
03-15 11:18:50.684 19748 32347 V [MYTAG][HeartbeatMgr][HttpTransportLayer]: -----------------------------------------
03-15 11:18:52.737 19748 32347 V [MYTAG][mail_tcp_socket][ViiSocketMailDataPhraser]: ------------mail---------------
03-15 11:18:52.737 19748 32347 V [MYTAG][mail_tcp_socket][ViiSocketMailDataPhraser]: {"msgid":"battery","info":{"capacity":78,"charge":0},"time":1773573533}
03-15 11:18:52.739 19748 32593 W System  : Ignoring header sessionid because its value was null.
03-15 11:18:52.739 19748 32347 V [MYTAG][mail_tcp_socket][ViiSocketMailDataPhraser]: ------------mail---------------
03-15 11:18:52.739 19748 32347 V [MYTAG][mail_tcp_socket][ViiSocketMailDataPhraser]: {"msgid":"sd","info":{"status":0},"time":1773573533}
03-15 11:18:52.740 19748 32347 V [MYTAG][mail_tcp_socket][RemoteOptor]: ----
