03-15 10:56:22.728 25734 30049 D OpenGLRenderer: makeCurrent EglSurface : 0x7c0056e480 -> 0x7c001c9400
03-15 10:56:22.741 25734 30058 V [MYTAG][pool-26-thread-1][HttpTransportLayer]: [HTTP RSP]
03-15 10:56:22.741 25734 30058 V [MYTAG][pool-26-thread-1][HttpTransportLayer]: 	 errcode:0
03-15 10:56:22.741 25734 30058 V [MYTAG][pool-26-thread-1][HttpTransportLayer]: 	[content]{"result":0,"info":{"rtsp":"rtsp://192.168.0.1/live/tcp/ch1","transport":"tcp","port":"6035"}}
03-15 10:56:22.741 25734 30058 V [MYTAG][pool-26-thread-1][HttpTransportLayer]: -----------------------------------------
03-15 10:56:22.741 25734 30058 V [MYTAG][pool-26-thread-1][IjkPreviewPlayer]: setMediaPath:rtsp://192.168.0.1/live/tcp/ch1, tcp:true,isFindStreamInfo:false,isHwDecode:false,isMirrored:false
03-15 10:56:22.741 25734 30058 V [MYTAG][pool-12-thread-8][ijk_preview_playing]: runnable  is start.
03-15 10:56:22.742 25734 30058 V [MYTAG][pool-12-thread-8][IjkPreviewPlayer]: init media player.
03-15 10:56:22.754 25734 30127 D J4A     : J4ALoader: OK: 'android.os.Build$VERSION' loaded
03-15 10:56:22.754 25734 30127 D J4A     : J4ALoader: OK: 'android.os.Build' loaded
03-15 10:56:22.754 25734 30127 D J4A     : J4ALoader: OK: 'java.nio.Buffer' loaded
03-15 10:56:22.754 25734 30127 D J4A     : J4ALoader: OK: 'java.nio.ByteBuffer' loaded
03-15 10:56:22.754 25734 30127 D J4A     : J4ALoader: OK: 'java.util.ArrayList' loaded
03-15 10:56:22.754 25734 30127 I J4A     : API-Level: 29
03-15 10:56:22.754 25734 30127 D J4A     : J4ALoader: OK: 'android.media.AudioTrack' loaded
03-15 10:56:22.755 25734 30127 D J4A     : J4ALoader: OK: 'android.media.MediaCodec$BufferInfo' loaded
03-15 10:56:22.755 25734 30127 D J4A     : J4ALoader: OK: 'android.media.MediaCodec' loaded
03-15 10:56:22.755 25734 30127 D J4A     : J4ALoader: OK: 'android.media.MediaFormat' loaded
03-15 10:56:22.755 25734 30127 D J4A     : J4ALoader: OK: 'android.media.PlaybackParams' loaded
03-15 10:56:22.755 25734 30127 D J4A     : J4ALoader: OK: 'android.os.Bundle' loaded
03-15 10:56:22.755 25734 30127 D J4A     : J4ALoader: OK: 'tv.danmaku.ijk.media.player.misc.IMediaDataSource' loaded
03-15 10:56:22.755 25734 30127 D J4A     : J4ALoader: OK: 'tv.danmaku.ijk.media.player.misc.IAndroidIO' loaded
03-15 10:56:22.755 25734 30127 D J4A     : J4ALoader: OK: 'tv.danmaku.ijk.media.player.IjkMediaPlayer' loaded
03-15 10:56:22.759 25734 30127 D IJKMEDIA: ijkmediaplayer version : c7f2c7e5
03-15 10:56:22.765 25734 30127 D IJKMEDIA: IjkMediaPlayer_native_init
03-15 10:56:22.765 25734 30127 D IJKMEDIA: IjkMediaPlayer_native_setup
03-15 10:56:22.765 25734 30127 I IJKMEDIA: av_version_info: df628bca
03-15 10:56:22.765 25734 30127 I IJKMEDIA: ijk_version_info: c7f2c7e5
03-15 10:56:22.765 25734 30127 D IJKMEDIA: ffpipeline_create_from_android()
03-15 10:56:22.766 25734 30127 D IJKMEDIA: ijkmp_set_inject_opaque(0x4056)
03-15 10:56:22.766 25734 30127 D IJKMEDIA: ijkmp_set_inject_opaque()=void
03-15 10:56:22.766 25734 30127 D IJKMEDIA: ijkmp_set_ijkio_inject_opaque(0x4056)
03-15 10:56:22.766 25734 30127 D IJKMEDIA: ijkmp_set_ijkio_inject_opaque()=void
03-15 10:56:22.766 25734 30127 D IJKMEDIA: ijkmp_android_set_mediacodec_select_callback()
03-15 10:56:22.766 25734 30127 D IJKMEDIA: ffpipeline_set_mediacodec_select_callback
03-15 10:56:22.766 25734 30127 D IJKMEDIA: ijkmp_android_set_mediacodec_select_callback()=void
03-15 10:56:22.766 25734 30127 D IJKMEDIA: IjkMediaPlayer_native_profileBegin
03-15 10:56:22.766 25734 30127 D aprof-fake: fake-monstartup libijkplayer.so
03-15 10:56:22.766 25734 30127 D IJKMEDIA: monstartup: libijkplayer.so
03-15 10:56:22.766 25734 30127 D IJKMEDIA: IjkMediaPlayer_setVideoSurface
03-15 10:56:22.766 25734 30127 D IJKMEDIA: ijkmp_set_android_surface(surface=0x7b89902a48)
03-15 10:56:22.766 25734 30127 D IJKMEDIA: ffpipeline_set_surface()
03-15 10:56:22.766 25734 30127 D IJKMEDIA: ijkmp_set_android_surface(surface=0x7b89902a48)=void
03-15 10:56:22.766 25734 30127 D IJKMEDIA: IjkMediaPlayer_setVolume
03-15 10:56:22.766 25734 30127 D IJKMEDIA: ijkmp_android_set_volume(0.000000, 0.000000)
03-15 10:56:22.766 25734 30127 D IJKMEDIA: ffpipeline_set_volume
03-15 10:56:22.766 25734 30127 D IJKMEDIA: ijkmp_android_set_volume(0.000000, 0.000000)=void
03-15 10:56:22.766 25734 30127 D IJKMEDIA: IjkMediaPlayer_setOptionLong
03-15 10:56:22.767 25734 30127 I chatty  : uid=10291(com.vidure.app) pool-12-thread- identical 3 lines
03-15 10:56:22.767 25734 30127 D IJKMEDIA: IjkMediaPlayer_setOptionLong
03-15 10:56:22.767 25734 30127 D IJKMEDIA: IjkMediaPlayer_setOption
03-15 10:56:22.767 25734 30127 D IJKMEDIA: IjkMediaPlayer_setOptionLong
03-15 10:56:22.767 25734 30127 I chatty  : uid=10291(com.vidure.app) pool-12-thread- identical 1 line
03-15 10:56:22.767 25734 30127 D IJKMEDIA: IjkMediaPlayer_setOptionLong
03-15 10:56:22.767 25734 30127 D IJKMEDIA: IjkMediaPlayer_setOption
03-15 10:56:22.767 25734 30127 I chatty  : uid=10291(com.vidure.app) pool-12-thread- identical 1 line
03-15 10:56:22.767 25734 30127 D IJKMEDIA: IjkMediaPlayer_setOption
03-15 10:56:22.767 25734 30127 D IJKMEDIA: IjkMediaPlayer_setOptionLong
03-15 10:56:22.767 25734 30127 I chatty  : uid=10291(com.vidure.app) pool-12-thread- identical 8 lines
03-15 10:56:22.767 25734 30127 D IJKMEDIA: IjkMediaPlayer_setOptionLong
03-15 10:56:22.767 25734 30127 D IJKMEDIA: IjkMediaPlayer_setOption
03-15 10:56:22.767 25734 30127 D IJKMEDIA: IjkMediaPlayer_setOption
03-15 10:56:22.767 25734 30127 D IJKMEDIA: IjkMediaPlayer_setOptionLong
03-15 10:56:22.767 25734 30127 I chatty  : uid=10291(com.vidure.app) pool-12-thread- identical 9 lines
03-15 10:56:22.767 25734 30127 D IJKMEDIA: IjkMediaPlayer_setOptionLong
03-15 10:56:22.768 25734 30127 D IJKMEDIA: IjkMediaPlayer_setDataSourceAndHeaders
03-15 10:56:22.768 25734 30127 V IJKMEDIA: setDataSource: path rtsp://192.168.0.1/live/tcp/ch1
03-15 10:56:22.768 25734 30127 D IJKMEDIA: ijkmp_set_data_source(url="rtsp://192.168.0.1/live/tcp/ch1")
03-15 10:56:22.768 25734 30127 D IJKMEDIA: ijkmp_set_data_source(url="rtsp://192.168.0.1/live/tcp/ch1")=0
03-15 10:56:22.768 25734 30127 D IJKMEDIA: IjkMediaPlayer_prepareAsync
03-15 10:56:22.768 25734 30127 D IJKMEDIA: ijkmp_prepare_async()
03-15 10:56:22.768 25734 30127 W IJKMEDIA: remove 'timeout' option for rtmp.
03-15 10:56:22.768 25734 30127 I IJKMEDIA: ===== versions =====
03-15 10:56:22.768 25734 30311 I IJKMEDIA: SDL_RunThread: [30311] ff_msg_loop
03-15 10:56:22.768 25734 30127 I IJKMEDIA: ijkplayer    : c7f2c7e5
03-15 10:56:22.768 25734 30127 I IJKMEDIA: FFmpeg       : df628bca
03-15 10:56:22.768 25734 30311 D IJKMEDIA: message_loop
03-15 10:56:22.768 25734 30127 I IJKMEDIA: libavutil    : 55.78.100
03-15 10:56:22.768 25734 30127 I IJKMEDIA: libavcodec   : 57.107.100
03-15 10:56:22.768 25734 30311 D IJKMEDIA: FFP_MSG_FLUSH:
03-15 10:56:22.768 25734 30127 I IJKMEDIA: libavformat  : 57.83.100
03-15 10:56:22.769 25734 30127 I IJKMEDIA: libswscale   : 4.8.100
03-15 10:56:22.769 25734 30127 I IJKMEDIA: libswresample: 2.9.100
03-15 10:56:22.769 25734 30127 I IJKMEDIA: ===== options =====
03-15 10:56:22.769 25734 30127 I IJKMEDIA: player-opts : mediacodec-hevc              = 0
03-15 10:56:22.769 25734 30127 I IJKMEDIA: player-opts : mediacodec                   = 0
03-15 10:56:22.769 25734 30127 I IJKMEDIA: player-opts : reconnect                    = 5
03-15 10:56:22.769 25734 30127 I IJKMEDIA: player-opts : packet-buffering             = 0
03-15 10:56:22.769 25734 30127 I IJKMEDIA: player-opts : max-buffer-size              = 2097152
03-15 10:56:22.769 25734 30127 I IJKMEDIA: player-opts : protocol_whitelist           = file,udp,tcp,http,rtp
03-15 10:56:22.769 25734 30127 I IJKMEDIA: player-opts : overlay-format               = fcc-_es2
03-15 10:56:22.769 25734 30127 I IJKMEDIA: player-opts : framedrop                    = 60
03-15 10:56:22.769 25734 30127 I IJKMEDIA: player-opts : start-on-prepared            = 1
03-15 10:56:22.769 25734 30127 I IJKMEDIA: player-opts : find_stream_info             = 0
03-15 10:56:22.769 25734 30127 I IJKMEDIA: player-opts : infbuf                       = 1
03-15 10:56:22.769 25734 30127 I IJKMEDIA: player-opts : video-pictq-size             = 12
03-15 10:56:22.769 25734 30127 I IJKMEDIA: player-opts : video-pictq-size-min         = 3
03-15 10:56:22.769 25734 30127 I IJKMEDIA: player-opts : video-pictq-size-max         = 6
03-15 10:56:22.769 25734 30127 I IJKMEDIA: player-opts : an                           = 1
03-15 10:56:22.769 25734 30127 I IJKMEDIA: player-opts : preview                      = 1
03-15 10:56:22.769 25734 30127 I IJKMEDIA: player-opts : low_delay                    = 1
03-15 10:56:22.769 25734 30127 I IJKMEDIA: player-opts : keyframe_start               = 1
03-15 10:56:22.769 25734 30127 I IJKMEDIA: player-opts : send_teardown                = 1
03-15 10:56:22.769 25734 30127 I IJKMEDIA: player-opts : preview_drop_firstframe      = 30
03-15 10:56:22.769 25734 30127 I IJKMEDIA: format-opts : ijkapplication               = 532578631520
03-15 10:56:22.769 25734 30127 I IJKMEDIA: format-opts : ijkiomanager                 = 532579117696
03-15 10:56:22.769 25734 30127 I IJKMEDIA: format-opts : formatprobesize              = 102400
03-15 10:56:22.769 25734 30127 I IJKMEDIA: format-opts : dns_cache_clear              = 1
03-15 10:56:22.769 25734 30127 I IJKMEDIA: format-opts : rtsp_transport               = tcp
03-15 10:56:22.769 25734 30127 I IJKMEDIA: format-opts : analyzemaxduration           = 100
03-15 10:56:22.769 25734 30127 I IJKMEDIA: format-opts : stimeout                     = 5000000
03-15 10:56:22.769 25734 30127 I IJKMEDIA: format-opts : http-detect-range-support    = 0
03-15 10:56:22.769 25734 30127 I IJKMEDIA: format-opts : probesize                    = 1048576
03-15 10:56:22.770 25734 30127 I IJKMEDIA: format-opts : analyzeduration              = 3000000
03-15 10:56:22.770 25734 30127 I IJKMEDIA: format-opts : flush_packets                = 1
03-15 10:56:22.770 25734 30127 I IJKMEDIA: format-opts : sync                         = ext
03-15 10:56:22.770 25734 30127 I IJKMEDIA: format-opts : fflags                       = nobuffer
03-15 10:56:22.770 25734 30127 I IJKMEDIA: codec-opts  : skip_frame                   = 5
03-15 10:56:22.770 25734 30127 I IJKMEDIA: codec-opts  : skip_loop_filter             = 16
03-15 10:56:22.770 25734 30127 I IJKMEDIA: ===================
03-15 10:56:22.771 25734 30127 I IJKMEDIA: frame queue init size: 12,final size:12
03-15 10:56:22.771 25734 30127 I IJKMEDIA: frame queue init size: 16,final size:16
03-15 10:56:22.771 25734 30127 I IJKMEDIA: frame queue init size: 30,final size:30
03-15 10:56:22.771 25734 30312 I IJKMEDIA: SDL_RunThread: [30312] ff_vout
03-15 10:56:22.771 25734 30127 D IJKMEDIA: ijkmp_prepare_async()=0
03-15 10:56:22.771 25734 30312 I IJKMEDIA: is preview:1
03-15 10:56:22.771 25734 30313 I IJKMEDIA: SDL_RunThread: [30313] ff_read
03-15 10:56:22.771 25734 30313 I IJKMEDIA: scan_all_pmts_set:1.
03-15 10:56:22.771 25734 30313 W IJKMEDIA: remove 'timeout' option for rtmp or rtsp.
03-15 10:56:22.771 25734 30313 I IJKMEDIA:  start to open input rtsp://192.168.0.1/live/tcp/ch1.
03-15 10:56:22.772 25734 30058 V [MYTAG][pool-12-thread-8][ijk_preview_playing]: runnable  is end.
03-15 10:56:22.773 25734 30313 I IJKMEDIA: will delete cache entry, hostname = 192.168.0.1
03-15 10:56:22.775 25734 30313 I IJKMEDIA: Add dns cache hostname = 192.168.0.1, ip = 
03-15 10:56:22.862 25734 30049 D OpenGLRenderer: makeCurrent EglSurface : 0x7c001c9400 -> 0x7c0056e480
03-15 10:56:22.978 25734 30313 I IJKMEDIA:  end to open input rtsp://192.168.0.1/live/tcp/ch1.
03-15 10:56:22.978 25734 30313 E IJKMEDIA: Option ijkapplication not found.
03-15 10:56:22.978 25734 30313 I IJKMEDIA: max_frame_duration: 10.000
03-15 10:56:22.978 25734 30313 I IJKMEDIA: Input #0, rtsp, from 'rtsp://192.168.0.1/live/tcp/ch1':
03-15 10:56:22.978 25734 30313 I IJKMEDIA:   Metadata:
03-15 10:56:22.978 25734 30313 I IJKMEDIA:     is_network_stream: 
03-15 10:56:22.978 25734 30313 I IJKMEDIA: 0
03-15 10:56:22.978 25734 30313 I IJKMEDIA: 
03-15 10:56:22.978 25734 30313 I IJKMEDIA:     title           : 
03-15 10:56:22.978 25734 30313 I IJKMEDIA: SGK
03-15 10:56:22.978 25734 30311 D IJKMEDIA: FFP_MSG_OPEN_INPUT:
03-15 10:56:22.978 25734 30313 I IJKMEDIA: 
03-15 10:56:22.978 25734 30313 I IJKMEDIA:   Duration: 
03-15 10:56:22.978 25734 30313 I IJKMEDIA: N/A
03-15 10:56:22.978 25734 30313 I IJKMEDIA: , bitrate: 
03-15 10:56:22.978 25734 30313 I IJKMEDIA: N/A
03-15 10:56:22.978 25734 30313 I IJKMEDIA: 
03-15 10:56:22.978 25734 30313 I IJKMEDIA:     Stream #0:0
03-15 10:56:22.978 25734 30313 I IJKMEDIA: : Video: h264, none
03-15 10:56:22.978 25734 30313 I IJKMEDIA: , 
03-15 10:56:22.978 25734 30313 I IJKMEDIA: 90k tbn
03-15 10:56:22.978 25734 30313 I IJKMEDIA: 
03-15 10:56:22.978 25734 30313 I IJKMEDIA:     Stream #0:1
03-15 10:56:22.978 25734 30313 I IJKMEDIA: : Audio: pcm_alaw, 16000 Hz, 1 channels, 128 kb/s
03-15 10:56:22.978 25734 30313 I IJKMEDIA: 
03-15 10:56:22.978 25734 30313 I IJKMEDIA: find the video st index: 0
03-15 10:56:22.978 25734 30313 I IJKMEDIA: find the audio st index: -1
03-15 10:56:22.978 25734 30313 I IJKMEDIA: find the subtitle st index: -1381258232
03-15 10:56:22.978 25734 30313 I IJKMEDIA: is realtime:1 ,use main clock: 2 
03-15 10:56:22.978 25734 30313 I IJKMEDIA: is preview:1, is use low delay:1
03-15 10:56:22.978 25734 30058 V [MYTAG][main][IjkPreviewPlayer]: [onInfo]onInfo:what:10005,extra:0
03-15 10:56:22.981 25734 30313 E IJKMEDIA: mediacodec failed, now use ffpipenode_create_video_decoder_from_ffplay
03-15 10:56:22.981 25734 30313 I IJKMEDIA: VideoCodec: avcodec, h264
03-15 10:56:22.981 25734 30311 D IJKMEDIA: FFP_MSG_COMPONENT_OPEN:
03-15 10:56:22.981 25734 30322 I IJKMEDIA: SDL_RunThread: [30322] ff_video_dec
03-15 10:56:22.981 25734 30311 D IJKMEDIA: FFP_MSG_VIDEO_SIZE_CHANGED: 0, 0
03-15 10:56:22.981 25734 30311 D IJKMEDIA: FFP_MSG_SAR_CHANGED: 0, 1
03-15 10:56:22.981 25734 30311 D IJKMEDIA: ijkmp_get_msg: FFP_MSG_PREPARED
03-15 10:56:22.981 25734 30311 D IJKMEDIA: FFP_MSG_PREPARED:
03-15 10:56:22.981 25734 30311 D IJKMEDIA: FFP_MSG_VIDEO_ROTATION_CHANGED: 0
03-15 10:56:22.982 25734 30058 V [MYTAG][main][IjkPreviewPlayer]: [onInfo]onInfo:what:10007,extra:0
03-15 10:56:22.982 25734 30058 V [MYTAG][main][IjkPreviewPlayer]: [onVideoSizeChanged]player vvideo width(0) or height(0)
03-15 10:56:22.982 25734 30058 V [MYTAG][main][IjkPreviewPlayer]: [onVideoSizeChanged]player vvideo width(0) or height(0)
03-15 10:56:22.982 25734 30058 V [MYTAG][main][IjkPreviewPlayer]: onPrepared...
03-15 10:56:22.982 25734 30058 V [MYTAG][main][IjkPreviewPlayer]: [onInfo]onInfo:what:10001,extra:0
03-15 10:56:23.042 25734 30058 V [MYTAG][pool-26-thread-1][IjkPreviewPlayer]: wait preview first frame show: 300
03-15 10:56:23.073 25734 30322 I IJKMEDIA: first drop frame count 0 
03-15 10:56:23.100 25734 30322 I IJKMEDIA: first drop frame count 1 
03-15 10:56:23.142 25734 30322 I IJKMEDIA: first drop frame count 2 
03-15 10:56:23.179 25734 30322 I IJKMEDIA: first drop frame count 3 
03-15 10:56:23.221 25734 30322 I IJKMEDIA: first drop frame count 4 
03-15 10:56:23.261 25734 30322 I IJKMEDIA: first drop frame count 5 
03-15 10:56:23.292 25734 30322 I IJKMEDIA: first drop frame count 6 
03-15 10:56:23.340 25734 30322 I IJKMEDIA: first drop frame count 7 
03-15 10:56:23.342 25734 30058 V [MYTAG][pool-26-thread-1][IjkPreviewPlayer]: wait preview first frame show: 600
03-15 10:56:23.382 25734 30322 I IJKMEDIA: first drop frame count 8 
03-15 10:56:23.409 25734 30049 D OpenGLRenderer: makeCurrent EglSurface : 0x7c0056e480 -> 0x7c001c9400
03-15 10:56:23.421 25734 30322 I IJKMEDIA: first drop frame count 9 
03-15 10:56:23.457 25734 30049 D OpenGLRenderer: makeCurrent EglSurface : 0x7c001c9400 -> 0x7c0056e480
03-15 10:56:23.461 25734 30322 I IJKMEDIA: first drop frame count 10 
03-15 10:56:23.502 25734 30322 I IJKMEDIA: first drop frame count 11 
03-15 10:56:23.544 25734 30322 I IJKMEDIA: first drop frame count 12 
03-15 10:56:23.582 25734 30322 I IJKMEDIA: first drop frame count 13 
03-15 10:56:23.621 25734 30322 I IJKMEDIA: first drop frame count 14 
03-15 10:56:23.643 25734 30058 V [MYTAG][pool-26-thread-1][IjkPreviewPlayer]: wait preview first frame show: 900
03-15 10:56:23.662 25734 30322 I IJKMEDIA: first drop frame count 15 
03-15 10:56:23.702 25734 30322 I IJKMEDIA: first drop frame count 16 
03-15 10:56:23.742 25734 30322 I IJKMEDIA: first drop frame count 17 
03-15 10:56:23.782 25734 30322 I IJKMEDIA: first drop frame count 18 
03-15 10:56:23.822 25734 30322 I IJKMEDIA: first drop frame count 19 
03-15 10:56:23.862 25734 30322 I IJKMEDIA: first drop frame count 20 
03-15 10:56:23.903 25734 30322 I IJKMEDIA: first drop frame count 21 
03-15 10:56:23.943 25734 30058 V [MYTAG][pool-26-thread-1][IjkPreviewPlayer]: wait preview first frame show: 1200
03-15 10:56:23.944 25734 30322 I IJKMEDIA: first drop frame count 22 
03-15 10:56:23.982 25734 30322 I IJKMEDIA: first drop frame count 23 
03-15 10:56:24.035 25734 30322 I IJKMEDIA: first drop frame count 24 
03-15 10:56:24.106 25734 30322 I IJKMEDIA: first drop frame count 25 
03-15 10:56:24.122 25734 30322 I IJKMEDIA: first drop frame count 26 
03-15 10:56:24.148 25734 30322 I IJKMEDIA: first drop frame count 27 
03-15 10:56:24.169 25734 30147 I System.out: (HTTPLog)-Static: isSBSettingEnabled false
03-15 10:56:24.169 25734 30147 I System.out: (HTTPLog)-Static: isSBSettingEnabled false
03-15 10:56:24.196 25734 30322 I IJKMEDIA: first drop frame count 28 
03-15 10:56:24.233 25734 30322 I IJKMEDIA: first drop frame count 29 
03-15 10:56:24.244 25734 30058 V [MYTAG][pool-26-thread-1][IjkPreviewPlayer]: wait preview first frame show: 1500
03-15 10:56:24.285 25734 30322 D IJKMEDIA: SDL_VoutFFmpeg_CreateOverlay(w=960, h=540, fmt=YV12(0x32315659, dp=0x7c00678340)
03-15 10:56:24.285 25734 30311 D IJKMEDIA: FFP_MSG_VIDEO_SIZE_CHANGED: 960, 540
03-15 10:56:24.285 25734 30322 D IJKMEDIA: Video: first frame decoded
03-15 10:56:24.285 25734 30322 D IJKMEDIA: video codec: 28
03-15 10:56:24.285 25734 30311 D IJKMEDIA: FFP_MSG_VIDEO_DECODED_START:
03-15 10:56:24.286 25734 30058 V [MYTAG][main][IjkPreviewPlayer]: [onVideoSizeChanged]player vvideo width(960) or height(540)
03-15 10:56:24.287 25734 30058 V [MYTAG][main][IjkPreviewPlayer]: [onInfo]onInfo:what:10004,extra:0
03-15 10:56:24.294 25734 30312 I IJKMEDIA: [EGL] eglInitialize 1.5
03-15 10:56:24.295 25734 30312 I IJKMEDIA: [EGL] ANativeWindow_setBuffersGeometry(f=2);
03-15 10:56:24.303 25734 30311 D IJKMEDIA: FFP_MSG_VIDEO_SIZE_CHANGED: 960, 540
03-15 10:56:24.309 25734 30058 V [MYTAG][main][IjkPreviewPlayer]: [onVideoSizeChanged]player vvideo width(960) or height(540)
03-15 10:56:24.311 25734 30312 I IJKMEDIA: [GLES2] Version = OpenGL ES 3.2 V@415.0 (GIT@f3ac570, I0807496fd3, 1599233713) (Date:09/04/20)
03-15 10:56:24.311 25734 30312 I IJKMEDIA: [GLES2] Vendor = Qualcomm
03-15 10:56:24.311 25734 30312 I IJKMEDIA: [GLES2] Renderer = Adreno (TM) 540
03-15 10:56:24.311 25734 30312 I IJKMEDIA: [GLES2] Extensions = GL_OES_EGL_image GL_OES_EGL_image_external GL_OES_EGL_sync GL_OES_vertex_half_float GL_OES_framebuffer_object GL_OES_rgb8_rgba8 GL_OES_compressed_ETC1_RGB8_texture GL_AMD_compressed_ATC_texture GL_KHR_texture_compression_astc_ldr GL_KHR_texture_compression_astc_hdr GL_OES_texture_compression_astc GL_OES_texture_npot GL_EXT_texture_filter_anisotropic GL_EXT_texture_format_BGRA8888 GL_EXT_read_format_bgra GL_OES_texture_3D GL_EXT_color_buffer_float GL_EXT_color_buffer_half_float GL_QCOM_alpha_test GL_OES_depth24 GL_OES_packed_depth_stencil GL_OES_depth_texture GL_OES_depth_texture_cube_map GL_EXT_sRGB GL_OES_texture_float GL_OES_texture_float_linear GL_OES_texture_half_float GL_OES_texture_half_float_linear GL_EXT_texture_type_2_10_10_10_REV GL_EXT_texture_sRGB_decode GL_EXT_texture_format_sRGB_override GL_OES_element_index_uint GL_EXT_copy_image GL_EXT_geometry_shader GL_EXT_tessellation_shader GL_OES_texture_stencil8 GL_EXT_shader_io_blocks GL_OES_shader_image_atomic GL_OES_sample_variab
03-15 10:56:24.311 25734 30312 I IJKMEDIA: create render yuv420p
03-15 10:56:24.313 25734 30312 I IJKMEDIA: use render yuv420p
03-15 10:56:24.313 25734 30312 I IJKMEDIA: ANativeWindow_setBuffersGeometry(w=1,h=1) -> (w=960,h=540);
03-15 10:56:24.319 25734 30312 E IJKMEDIA: IJK_GLES2_Renderer_TexCoords_cropRight
03-15 10:56:24.322 25734 30311 D IJKMEDIA: FFP_MSG_VIDEO_RENDERING_START:
03-15 10:56:24.323 25734 30322 D IJKMEDIA: SDL_VoutFFmpeg_CreateOverlay(w=960, h=540, fmt=YV12(0x32315659, dp=0x7c00678340)
03-15 10:56:24.323 25734 25734 I tv.danmaku.ijk.media.player.IjkMediaPlayer: Info: MEDIA_INFO_VIDEO_RENDERING_START
03-15 10:56:24.325 25734 30058 V [MYTAG][main][IjkPreviewPlayer]: [onInfo]onInfo:what:3,extra:0
03-15 10:56:24.325 25734 30058 I [MYTAG][main][IjkPreviewPlayer]: media video out...
03-15 10:56:24.325 25734 30058 I [MYTAG][main][CameraPreviewActivity]: onPlayerOutput...
03-15 10:56:24.355 25734 30322 D IJKMEDIA: SDL_VoutFFmpeg_CreateOverlay(w=960, h=540, fmt=YV12(0x32315659, dp=0x7c00678340)
03-15 10:56:24.355 25734 30311 D IJKMEDIA: FFP_MSG_VIDEO_SIZE_CHANGED: 960, 540
03-15 10:56:24.356 25734 30058 V [MYTAG][main][IjkPreviewPlayer]: [onVideoSizeChanged]player vvideo width(960) or height(540)
03-15 10:56:24.388 25734 30311 D IJKMEDIA: FFP_MSG_VIDEO_SIZE_CHANGED: 960, 540
03-15 10:56:24.388 25734 30322 D IJKMEDIA: SDL_VoutFFmpeg_CreateOverlay(w=960, h=540, fmt=YV12(0x32315659, dp=0x7c00678340)
03-15 10:56:24.390 25734 30058 V [MYTAG][main][IjkPreviewPlayer]: [onVideoSizeChanged]player vvideo width(960) or height(540)
03-15 10:56:24.418 25734 30049 D OpenGLRenderer: makeCurrent EglSurface : 0x7c0056e480 -> 0x7c001c9400
03-15 10:56:24.433 25734 30311 D IJKMEDIA: FFP_MSG_VIDEO_SIZE_CHANGED: 960, 540
03-15 10:56:24.434 25734 30058 V [MYTAG][main][IjkPreviewPlayer]: [onVideoSizeChanged]player vvideo width(960) or height(540)
03-15 10:56:24.434 25734 30322 D IJKMEDIA: SDL_VoutFFmpeg_CreateOverlay(w=960, h=540, fmt=YV12(0x32315659, dp=0x7c00678340)
03-15 10:56:24.477 25734 30322 D IJKMEDIA: SDL_VoutFFmpeg_CreateOverlay(w=960, h=540, fmt=YV12(0x32315659, dp=0x7c00678340)
03-15 10:56:24.477 25734 30311 D IJKMEDIA: FFP_MSG_VIDEO_SIZE_CHANGED: 960, 540
03-15 10:56:24.478 25734 30058 V [MYTAG][main][IjkPreviewPlayer]: [onVideoSizeChanged]player vvideo width(960) or height(540)
03-15 10:56:24.507 25734 30049 D OpenGLRenderer: makeCurrent EglSurface : 0x7c001c9400 -> 0x7c0056e480
03-15 10:56:24.515 25734 25734 D ViewRootImpl@bca6af9[Toast]: dispatchDetachedFromWindow
03-15 10:56:24.530 25734 25734 D InputTransport: Input channel destroyed: '6f84d7d', fd=113
03-15 10:56:24.535 25734 30322 D IJKMEDIA: SDL_VoutFFmpeg_CreateOverlay(w=960, h=540, fmt=YV12(0x32315659, dp=0x7c00678340)
03-15 10:56:24.535 25734 30311 D IJKMEDIA: FFP_MSG_VIDEO_SIZE_CHANGED: 960, 540
03-15 10:56:24.541 25734 30049 D OpenGLRenderer: makeCurrent EglSurface : 0x7c0056e480 -> 0x7c001c9400
03-15 10:56:24.543 25734 30058 V [MYTAG][main][IjkPreviewPlayer]: [onVideoSizeChanged]player vvideo width(960) or height(540)
03-15 10:56:24.544 25734 30058 V [MYTAG][pool-26-thread-1][IjkPreviewPlayer]: wait preview first frame show: 1800
03-15 10:56:24.545 25734 30058 V [MYTAG][pool-26-thread-1][toPlayLive]: runnable  is end.
03-15 10:56:24.554 25734 30322 D IJKMEDIA: SDL_VoutFFmpeg_CreateOverlay(w=960, h=540, fmt=YV12(0x32315659, dp=0x7c00678340)
03-15 10:56:24.555 25734 30311 D IJKMEDIA: FFP_MSG_VIDEO_SIZE_CHANGED: 960, 540
03-15 10:56:24.555 25734 30058 V [MYTAG][main][IjkPreviewPlayer]: [onVideoSizeChanged]player vvideo width(960) or height(540)
03-15 10:56:24.592 25734 30322 D IJKMEDIA: SDL_VoutFFmpeg_CreateOverlay(w=960, h=540, fmt=YV12(0x32315659, dp=0x7c00678340)
03-15 10:56:24.593 25734 30311 D IJKMEDIA: FFP_MSG_VIDEO_SIZE_CHANGED: 960, 540
03-15 10:56:24.594 25734 30058 V [MYTAG][main][IjkPreviewPlayer]: [onVideoSizeChanged]player vvideo width(960) or height(540)
03-15 10:56:24.626 25734 30322 D IJKMEDIA: SDL_VoutFFmpeg_CreateOverlay(w=960, h=540, fmt=YV12(0x32315659, dp=0x7c00678340)
03-15 10:56:24.626 25734 30311 D IJKMEDIA: FFP_MSG_VIDEO_SIZE_CHANGED: 960, 540
03-15 10:56:24.627 25734 30058 V [MYTAG][main][IjkPreviewPlayer]: [onVideoSizeChanged]player vvideo width(960) or height(540)
03-15 10:56:24.651 25734 30049 D OpenGLRenderer: makeCurrent EglSurface : 0x7c001c9400 -> 0x7c0056e480
03-15 10:56:24.665 25734 30322 D IJKMEDIA: SDL_VoutFFmpeg_CreateOverlay(w=960, h=540, fmt=YV12(0x32315659, dp=0x7c00678340)
03-15 10:56:24.665 25734 30311 D IJKMEDIA: FFP_MSG_VIDEO_SIZE_CHANGED: 960, 540
03-15 10:56:24.666 25734 30058 V [MYTAG][main][IjkPreviewPlayer]: [onVideoSizeChanged]player vvideo width(960) or height(540)
03-15 10:56:24.703 25734 30311 D IJKMEDIA: FFP_MSG_VIDEO_SIZE_CHANGED: 960, 540
03-15 10:56:24.703 25734 30322 D IJKMEDIA: SDL_VoutFFmpeg_CreateOverlay(w=960, h=540, fmt=YV12(0x32315659, dp=0x7c00678340)
03-15 10:56:24.703 25734 30058 V [MYTAG][main][IjkPreviewPlayer]: [onVideoSizeChanged]player vvideo width(960) or height(540)
03-15 10:56:24.805 25734 30058 V [MYTAG][pool-12-thread-12][c]: end toPlayLiveSync...
03-15 10:56:24.807 25734 30058 V [MYTAG][main][VTask-runnable]: runnable  is start.
03-15 10:56:24.807 25734 30058 D [MYTAG][main][TrackLocateService]: launch TrackLocateService: true
03-15 10:56:24.808 25734 30058 V [MYTAG][pool-12-thread-12][VTask-runnable]: runnable  is end.
03-15 10:56:24.808 25734 30058 V [MYTAG][mail_tcp_socket][ViiSocketMailDataPhraser]: ------------mail---------------
03-15 10:56:24.808 25734 30058 V [MYTAG][mail_tcp_socket][ViiSocketMailDataPhraser]: {"msgid":"battery","info":{"capacity":92,"charge":0},"time":1773572185}
03-15 10:56:24.823 25734 30273 W System  : Ignoring header sessionid because its value was null.
03-15 10:56:24.824 25734 30273 I System.out: (HTTPLog)-Static: isSBSettingEnabled false
03-15 10:56:24.824 25734 30273 I System.out: (HTTPLog)-Static: isSBSettingEnabled false
03-15 10:56:24.825 25734 30058 V [MYTAG][mail_tcp_socket][ViiSocketMailDataPhraser]: ------------mail---------------
03-15 10:56:24.825 25734 30058 V [MYTAG][mail_tcp_socket][ViiSocketMailDataPhraser]: {"msgid":"sd","info":{"status":0},"time":1773572185}
03-15 10:56:24.825 25734 30058 V [MYTAG][mail_tcp_socket][RemoteOptor]: ----
03-15 10:56:24.825 25734 30058 V [MYTAG][mail_tcp_socket][RemoteOptor]: [CMD]DEV_SDCARD_STATUS_QUERY
03-15 10:56:24.825 25734 30058 V [MYTAG][mail_tcp_socket][RemoteOptor]: [PARAM]null
03-15 10:56:24.825 25734 30058 V [MYTAG][mail_tcp_socket][HttpTransportLayer]: [HTTP SEND GET]
03-15 10:56:24.825 25734 30058 V [MYTAG][mail_tcp_socket][HttpTransportLayer]: 	 url:http://192.168.0.1:80/app/getsdinfo
03-15 10:56:24.831 25734 30058 D [MYTAG][main][DefaultDialog]: dismiss dialogId:general_waiting_dlg
03-15 10:56:24.832 25734 30049 D OpenGLRenderer: makeCurrent EglSurface : 0x7c0056e480 -> 0x0
03-15 10:56:24.833 25734 25734 D ViewRootImpl@9307bcf[CameraPreviewActivity]: dispatchDetachedFromWindow
03-15 10:56:24.842 25734 30058 V [MYTAG][mail_tcp_socket][HttpTransportLayer]: [HTTP RSP]
03-15 10:56:24.842 25734 30058 V [MYTAG][mail_tcp_socket][HttpTransportLayer]: 	 errcode:0
03-15 10:56:24.842 25734 30058 V [MYTAG][mail_tcp_socket][HttpTransportLayer]: 	[content]{"result":0,"info":{"status":0,"free":243,"total":1883}}
03-15 10:56:24.842 25734 30058 V [MYTAG][mail_tcp_socket][HttpTransportLayer]: -----------------------------------------
03-15 10:56:24.871 25734 25734 D InputTransport: Input channel destroyed: 'c8f46a ', fd=101
03-15 10:56:24.872 25734 30058 V [MYTAG][main][VTask-runnable]: runnable  is end.
03-15 10:56:24.876 25734 30058 V [MYTAG][main][Device]: 666 dev is connected:true
03-15 10:56:24.924 25734 25734 W ProxyAndroidLoggerBackend: Too many Flogger logs received before configuration. Dropping old logs.
03-15 10:56:24.928 25734 25734 W ProxyAndroidLoggerBackend: Too many Flogger logs received before configuration. Dropping old logs.
03-15 10:56:24.933 25734 25734 W ProxyAndroidLoggerBackend: Too many Flogger logs received before configuration. Dropping old logs.
03-15 10:56:24.933 25734 25734 I chatty  : uid=10291(com.vidure.app) identical 1 line
03-15 10:56:24.938 25734 25734 W ProxyAndroidLoggerBackend: Too many Flogger logs received before configuration. Dropping old logs.
03-15 10:56:24.940 25734 25734 W ProxyAndroidLoggerBackend: Too many Flogger logs received before configuration. Dropping old logs.
03-15 10:56:24.940 25734 25734 I chatty  : uid=10291(com.vidure.app) identical 1 line
03-15 10:56:24.941 25734 25734 W ProxyAndroidLoggerBackend: Too many Flogger logs received before configuration. Dropping old logs.
03-15 10:56:24.946 25734 30240 W ProxyAndroidLoggerBackend: Too many Flogger logs received before configuration. Dropping old logs.
03-15 10:56:24.949 25734 30240 I chatty  : uid=10291(com.vidure.app) identical 5 lines
03-15 10:56:24.950 25734 30240 W ProxyAndroidLoggerBackend: Too many Flogger logs received before configuration. Dropping old logs.
03-15 10:56:24.950 25734 25734 W ProxyAndroidLoggerBackend: Too many Flogger logs received before configuration. Dropping old logs.
03-15 10:56:24.950 25734 30239 W ProxyAndroidLoggerBackend: Too many Flogger logs received before configuration. Dropping old logs.
03-15 10:56:24.954 25734 30239 I chatty  : uid=10291(com.vidure.app) identical 8 lines
03-15 10:56:24.954 25734 30239 W ProxyAndroidLoggerBackend: Too many Flogger logs received before configuration. Dropping old logs.
03-15 10:56:24.959 25734 30238 W ProxyAndroidLoggerBackend: Too many Flogger logs received before configuration. Dropping old logs.
03-15 10:56:24.960 25734 30058 V [MYTAG][main][Device]: 666 dev is connected:true
03-15 10:56:24.960 25734 30058 V [MYTAG][main][TrackLocateService]:  onCreate... 68692454
03-15 10:56:25.019 25734 25741 I com.vidure.app: Compiler allocated 5751KB to compile void m140.efl.c(m140.dlg, m140.eed, m140.egg, m140.end, boolean)
03-15 10:56:25.057 25734 25734 D ViewRootImpl@aea15c7[CameraPreviewActivity]: MSG_RESIZED: frame=(0,0,2560,1600) ci=(0,54,0,0) vi=(0,54,0,0) or=2
03-15 10:56:25.057 25734 25734 E ViewRootImpl: sendUserActionEvent() mView returned.
03-15 10:56:25.057 25734 25734 D ViewRootImpl@aea15c7[CameraPreviewActivity]: MSG_WINDOW_FOCUS_CHANGED 1 1
03-15 10:56:25.057 25734 25734 D InputMethodManager: prepareNavigationBarInfo() DecorView@6ce23ff[CameraPreviewActivity]
03-15 10:56:25.057 25734 25734 D InputMethodManager: getNavigationBarColor() -1
03-15 10:56:25.058 25734 30058 V [MYTAG][main][CameraPreviewActivity]: CameraPreviewActivity onWindowFocusChanged...true
03-15 10:56:25.060 25734 25734 D InputMethodManager: prepareNavigationBarInfo() DecorView@6ce23ff[CameraPreviewActivity]
03-15 10:56:25.060 25734 25734 D InputMethodManager: getNavigationBarColor() -1
03-15 10:56:25.060 25734 25734 V InputMethodManager: Starting input: tba=com.vidure.app ic=null mNaviBarColor -1 mIsGetNaviBarColorSuccess true , NavVisible : false , NavTrans : false
03-15 10:56:25.060 25734 25734 D InputMethodManager: startInputInner - Id : 0
03-15 10:56:25.060 25734 25734 I InputMethodManager: startInputInner - mService.startInputOrWindowGainedFocus
03-15 10:56:25.062 25734 25734 D InputTransport: Input channel destroyed: 'ClientS', fd=96
03-15 10:56:25.066 25734 30058 V [MYTAG][main][CameraPreviewActivity]: rev msg1:264454
03-15 10:56:25.066 25734 30058 V [MYTAG][main][Device]: 666 dev is connected:true
03-15 10:56:25.066 25734 30058 V [MYTAG][main][CameraPreviewActivity]: rev msg1:589832
03-15 10:56:25.075 25734 30058 D [MYTAG][main][SystemLocationClientImpl]: 当前信号强度: 1
03-15 10:56:25.082 25734 25734 D ViewRootImpl@aea15c7[CameraPreviewActivity]: Relayout returned: old=(0,0,2560,1600) new=(0,0,2560,1600) req=(2560,1600)0 dur=6 res=0x1 s={true 532582719488} ch=false
03-15 10:56:25.084 25734 30049 D OpenGLRenderer: makeCurrent EglSurface : 0x0 -> 0x7c001c9400
03-15 10:56:25.233 25734 25734 D ViewRootImpl@aea15c7[CameraPreviewActivity]: MSG_RESIZED: frame=(0,0,2560,1600) ci=(0,0,0,0) vi=(0,0,0,0) or=2
03-15 10:56:25.261 25734 25734 D ViewRootImpl@aea15c7[CameraPreviewActivity]: Relayout returned: old=(0,0,2560,1600) new=(0,0,2560,1600) req=(2560,1600)0 dur=15 res=0x1 s={true 532582719488} ch=false
03-15 10:56:25.652 25734 30058 V [MYTAG][HeartbeatMgr][RemoteOptor]: ----
03-15 10:56:25.652 25734 30058 V [MYTAG][HeartbeatMgr][RemoteOptor]: [CMD]Basic_Msg_MailBox
03-15 10:56:25.652 25734 30058 V [MYTAG][HeartbeatMgr][RemoteOptor]: [PARAM]null
03-15 10:56:25.652 25734 30274 W System  : Ignoring header sessionid because its value was null.
03-15 10:56:25.652 25734 30274 I System.out: (HTTPLog)-Static: isSBSettingEnabled false
03-15 10:56:25.652 25734 30274 I System.out: (HTTPLog)-Static: isSBSettingEnabled false
03-15 10:56:25.652 25734 30058 V [MYTAG][HeartbeatMgr][HttpTransportLayer]: [HTTP SEND GET]
03-15 10:56:25.652 25734 30058 V [MYTAG][HeartbeatMgr][HttpTransportLayer]: 	 url:http://192.168.0.1:80/app/getparamvalue?param=rec
03-15 10:56:25.682 25734 30058 V [MYTAG][HeartbeatMgr][HttpTransportLayer]: [HTTP RSP]
03-15 10:56:25.682 25734 30058 V [MYTAG][HeartbeatMgr][HttpTransportLayer]: 	 errcode:0
03-15 10:56:25.682 25734 30058 V [MYTAG][HeartbeatMgr][HttpTransportLayer]: 	[content]{"result":0,"info":{"value":1}}
03-15 10:56:25.682 25734 30058 V [MYTAG][HeartbeatMgr][HttpTransportLayer]: -----------------------------------------
03-15 10:56:26.007 25734 25734 D ViewRootImpl@aea15c7[CameraPreviewActivity]: ViewPostIme pointer 0
03-15 10:56:26.061 25734 25734 D ViewRootImpl@aea15c7[CameraPreviewActivity]: ViewPostIme pointer 1
03-15 10:56:26.063 25734 30058 V [MYTAG][main][DeviceParamInfo]: get exist CamCount = 1
03-15 10:56:26.081 25734 25734 D ViewRootImpl@aea15c7[CameraPreviewActivity]: Relayout returned: old=(0,0,2560,1600) new=(0,0,2560,1600) req=(2560,1600)0 dur=7 res=0x1 s={true 532582719488} ch=false
03-15 10:56:26.084 25734 25734 D ViewRootImpl@aea15c7[CameraPreviewActivity]: MSG_RESIZED: frame=(0,0,2560,1600) ci=(0,54,0,0) vi=(0,54,0,0) or=2
03-15 10:56:26.184 25734 30147 I System.out: (HTTPLog)-Static: isSBSettingEnabled false
03-15 10:56:26.184 25734 30147 I System.out: (HTTPLog)-Static: isSBSettingEnabled false
03-15 10:56:27.231 25734 30146 I System.out: (HTTPLog)-Static: isSBSettingEnabled false
03-15 10:56:27.232 25734 30146 I System.out: (HTTPLog)-Static: isSBSettingEnabled false
03-15 10:56:27.233 25734 30149 W Settings: Setting adb_enabled has moved from android.provider.Settings.Secure to android.provider.Settings.Global.
03-15 10:56:27.364 25734 30149 I System.out: (HTTPLog)-Static: isSBSettingEnabled false
03-15 10:56:27.364 25734 30149 I System.out: (HTTPLog)-Static: isSBSettingEnabled false
03-15 10:56:27.377 25734 30149 I System.out: (HTTPLog)-Static: isSBSettingEnabled false
03-15 10:56:27.377 25734 30149 I System.out: (HTTPLog)-Static: isSBSettingEnabled false
03-15 10:56:27.817 25734 30058 V [MYTAG][mail_tcp_socket][ViiSocketMailDataPhraser]: ------------mail---------------
03-15 10:56:27.817 25734 30058 V [MYTAG][mail_tcp_socket][ViiSocketMailDataPhraser]: {"msgid":"battery","info":{"capacity":92,"charge":0},"time":1773572188}
03-15 10:56:27.820 25734 30058 V [MYTAG][mail_tcp_socket][ViiSocketMailDataPhraser]: ------------mail---------------
03-15 10:56:27.820 25734 30058 V [MYTAG][mail_tcp_socket][ViiSocketMailDataPhraser]: {"msgid":"sd","info":{"status":0},"time":1773572188}
03-15 10:56:27.820 25734 30058 V [MYTAG][mail_tcp_socket][RemoteOptor]: ----
03-15 10:56:27.820 25734 30058 V [MYTAG][mail_tcp_socket][RemoteOptor]: [CMD]DEV_SDCARD_STATUS_QUERY
03-15 10:56:27.820 25734 30058 V [MYTAG][mail_tcp_socket][RemoteOptor]: [PARAM]null
03-15 10:56:27.820 25734 30058 V [MYTAG][mail_tcp_socket][HttpTransportLayer]: [HTTP SEND GET]
03-15 10:56:27.820 25734 30058 V [MYTAG][mail_tcp_socket][HttpTransportLayer]: 	 url:http://192.168.0.1:80/app/getsdinfo
03-15 10:56:27.823 25734 30273 W System  : Ignoring header sessionid because its value was null.
03-15 10:56:27.824 25734 30273 I System.out: (HTTPLog)-Static: isSBSettingEnabled false
03-15 10:56:27.824 25734 30273 I System.out: (HTTPLog)-Static: isSBSettingEnabled false
03-15 10:56:27.830 25734 30058 V [MYTAG][main][Device]: 666 dev is connected:true
03-15 10:56:27.888 25734 30058 V [MYTAG][mail_tcp_socket][HttpTransportLayer]: [HTTP RSP]
03-15 10:56:27.888 25734 30058 V [MYTAG][mail_tcp_socket][HttpTransportLayer]: 	 errcode:0
03-15 10:56:27.888 25734 30058 V [MYTAG][mail_tcp_socket][HttpTransportLayer]: 	[content]{"result":0,"info":{"status":0,"free":240,"total":1883}}
03-15 10:56:27.888 25734 30058 V [MYTAG][mail_tcp_socket][HttpTransportLayer]: -----------------------------------------
03-15 10:56:27.912 25734 25734 W ProxyAndroidLoggerBackend: Too many Flogger logs received before configuration. Dropping old logs.
03-15 10:56:27.937 25734 25734 I chatty  : uid=10291(com.vidure.app) identical 7 lines
03-15 10:56:27.948 25734 25734 W ProxyAndroidLoggerBackend: Too many Flogger logs received before configuration. Dropping old logs.
03-15 10:56:27.950 25734 30238 W ProxyAndroidLoggerBackend: Too many Flogger logs received before configuration. Dropping old logs.
03-15 10:56:27.951 25734 30240 W ProxyAndroidLoggerBackend: Too many Flogger logs received before configuration. Dropping old logs.
03-15 10:56:27.952 25734 30238 W ProxyAndroidLoggerBackend: Too many Flogger logs received before configuration. Dropping old logs.
03-15 10:56:27.954 25734 30239 W ProxyAndroidLoggerBackend: Too many Flogger logs received before configuration. Dropping old logs.
03-15 10:56:27.955 25734 30239 W ProxyAndroidLoggerBackend: Too many Flogger logs received before configuration. Dropping old logs.
03-15 10:56:27.955 25734 30238 W ProxyAndroidLoggerBackend: Too many Flogger logs received before configuration. Dropping old logs.
03-15 10:56:27.958 25734 30238 I chatty  : uid=10291(com.vidure.app) identical 2 lines
03-15 10:56:27.958 25734 30238 W ProxyAndroidLoggerBackend: Too many Flogger logs received before configuration. Dropping old logs.
03-15 10:56:27.958 25734 30058 V [MYTAG][main][Device]: 666 dev is connected:true
03-15 10:56:27.959 25734 30240 W ProxyAndroidLoggerBackend: Too many Flogger logs received before configuration. Dropping old logs.
03-15 10:56:27.961 25734 30240 I chatty  : uid=10291(com.vidure.app) identical 2 lines
03-15 10:56:27.961 25734 30240 W ProxyAndroidLoggerBackend: Too many Flogger logs received before configuration. Dropping old logs.
03-15 10:56:27.961 25734 30058 V [MYTAG][main][CameraPreviewActivity]: rev msg1:264454
03-15 10:56:27.962 25734 30058 V [MYTAG][main][Device]: 666 dev is connected:true
03-15 10:56:27.962 25734 30240 W ProxyAndroidLoggerBackend: Too many Flogger logs received before configuration. Dropping old logs.
03-15 10:56:27.962 25734 30058 V [MYTAG][main][CameraPreviewActivity]: rev msg1:589832
03-15 10:56:27.963 25734 30240 W ProxyAndroidLoggerBackend: Too many Flogger logs received before configuration. Dropping old logs.
03-15 10:56:27.964 25734 30240 W ProxyAndroidLoggerBackend: Too many Flogger logs received before configuration. Dropping old logs.
03-15 10:56:27.965 25734 30238 W ProxyAndroidLoggerBackend: Too many Flogger logs received before configuration. Dropping old logs.
03-15 10:56:27.970 25734 30239 W ProxyAndroidLoggerBackend: Too many Flogger logs received before configuration. Dropping old logs.
03-15 10:56:29.259 25734 30146 I System.out: (HTTPLog)-Static: isSBSettingEnabled false
03-15 10:56:29.259 25734 30146 I System.out: (HTTPLog)-Static: isSBSettingEnabled false
03-15 10:56:29.652 25734 30058 V [MYTAG][HeartbeatMgr][RemoteOptor]: ----
03-15 10:56:29.652 25734 30058 V [MYTAG][HeartbeatMgr][RemoteOptor]: [CMD]Basic_Msg_MailBox
03-15 10:56:29.652 25734 30058 V [MYTAG][HeartbeatMgr][RemoteOptor]: [PARAM]null
03-15 10:56:29.652 25734 30274 W System  : Ignoring header sessionid because its value was null.
03-15 10:56:29.653 25734 30274 I System.out: (HTTPLog)-Static: isSBSettingEnabled false
03-15 10:56:29.653 25734 30274 I System.out: (HTTPLog)-Static: isSBSettingEnabled false
03-15 10:56:29.653 25734 30058 V [MYTAG][HeartbeatMgr][HttpTransportLayer]: [HTTP SEND GET]
03-15 10:56:29.653 25734 30058 V [MYTAG][HeartbeatMgr][HttpTransportLayer]: 	 url:http://192.168.0.1:80/app/getparamvalue?param=rec
03-15 10:56:29.679 25734 30058 V [MYTAG][HeartbeatMgr][HttpTransportLayer]: [HTTP RSP]
03-15 10:56:29.679 25734 30058 V [MYTAG][HeartbeatMgr][HttpTransportLayer]: 	 errcode:0
03-15 10:56:29.679 25734 30058 V [MYTAG][HeartbeatMgr][HttpTransportLayer]: 	[content]{"result":0,"info":{"value":1}}
03-15 10:56:29.679 25734 30058 V [MYTAG][HeartbeatMgr][HttpTransportLayer]: -----------------------------------------
03-15 10:56:30.826 25734 30058 V [MYTAG][mail_tcp_socket][ViiSocketMailDataPhraser]: ------------mail---------------
03-15 10:56:30.826 25734 30058 V [MYTAG][mail_tcp_socket][ViiSocketMailDataPhraser]: {"msgid":"battery","info":{"capacity":90,"charge":0},"time":1773572191}
03-15 10:56:30.828 25734 30058 V [MYTAG][mail_tcp_socket][ViiSocketMailDataPhraser]: ------------mail---------------
03-15 10:56:30.828 25734 30058 V [MYTAG][mail_tcp_socket][ViiSocketMailDataPhraser]: {"msgid":"sd","info":{"status":0},"time":1773572191}
03-15 10:56:30.828 25734 30273 W System  : Ignoring header sessionid because its value was null.
03-15 10:56:30.829 25734 30273 I System.out: (HTTPLog)-Static: isSBSettingEnabled false
03-15 10:56:30.829 25734 30058 V [MYTAG][mail_tcp_socket][RemoteOptor]: ----
03-15 10:56:30.829 25734 30058 V [MYTAG][mail_tcp_socket][RemoteOptor]: [CMD]DEV_SDCARD_STATUS_QUERY
03-15 10:56:30.829 25734 30058 V [MYTAG][mail_tcp_socket][RemoteOptor]: [PARAM]null
03-15 10:56:30.829 25734 30273 I System.out: (HTTPLog)-Static: isSBSettingEnabled false
03-15 10:56:30.830 25734 30058 V [MYTAG][mail_tcp_socket][HttpTransportLayer]: [HTTP SEND GET]
03-15 10:56:30.830 25734 30058 V [MYTAG][mail_tcp_socket][HttpTransportLayer]: 	 url:http://192.168.0.1:80/app/getsdinfo
03-15 10:56:30.833 25734 30058 V [MYTAG][main][Device]: 666 dev is connected:true
03-15 10:56:30.883 25734 25734 W ProxyAndroidLoggerBackend: Too many Flogger logs received before configuration. Dropping old logs.
03-15 10:56:30.886 25734 25734 W ProxyAndroidLoggerBackend: Too many Flogger logs received before configuration. Dropping old logs.
03-15 10:56:30.889 25734 25734 I chatty  : uid=10291(com.vidure.app) identical 1 line
03-15 10:56:30.889 25734 25734 W ProxyAndroidLoggerBackend: Too many Flogger logs received before configuration. Dropping old logs.
03-15 10:56:30.893 25734 25734 W ProxyAndroidLoggerBackend: Too many Flogger logs received before configuration. Dropping old logs.
03-15 10:56:30.894 25734 25734 W ProxyAndroidLoggerBackend: Too many Flogger logs received before configuration. Dropping old logs.
03-15 10:56:30.895 25734 25734 I chatty  : uid=10291(com.vidure.app) identical 1 line
03-15 10:56:30.895 25734 25734 W ProxyAndroidLoggerBackend: Too many Flogger logs received before configuration. Dropping old logs.
03-15 10:56:30.903 25734 30240 W ProxyAndroidLoggerBackend: Too many Flogger logs received before configuration. Dropping old logs.
03-15 10:56:30.904 25734 30240 I chatty  : uid=10291(com.vidure.app) identical 3 lines
03-15 10:56:30.905 25734 30240 W ProxyAndroidLoggerBackend: Too many Flogger logs received before configuration. Dropping old logs.
03-15 10:56:30.905 25734 30239 W ProxyAndroidLoggerBackend: Too many Flogger logs received before configuration. Dropping old logs.
03-15 10:56:30.905 25734 25734 W ProxyAndroidLoggerBackend: Too many Flogger logs received before configuration. Dropping old logs.
03-15 10:56:30.906 25734 30239 W ProxyAndroidLoggerBackend: Too many Flogger logs received before configuration. Dropping old logs.
03-15 10:56:30.906 25734 30239 W ProxyAndroidLoggerBackend: Too many Flogger logs received before configuration. Dropping old logs.
03-15 10:56:30.907 25734 30240 W ProxyAndroidLoggerBackend: Too many Flogger logs received before configuration. Dropping old logs.
03-15 10:56:30.907 25734 30239 W ProxyAndroidLoggerBackend: Too many Flogger logs received before configuration. Dropping old logs.
03-15 10:56:30.908 25734 30238 W ProxyAndroidLoggerBackend: Too many Flogger logs received before configuration. Dropping old logs.
03-15 10:56:30.909 25734 30238 I chatty  : uid=10291(com.vidure.app) identical 3 lines
03-15 10:56:30.910 25734 30238 W ProxyAndroidLoggerBackend: Too many Flogger logs received before configuration. Dropping old logs.
03-15 10:56:30.911 25734 25734 D ViewRootImpl@aea15c7[CameraPreviewActivity]: ViewPostIme pointer 0
03-15 10:56:30.911 25734 30058 V [MYTAG][main][Device]: 666 dev is connected:true
03-15 10:56:30.911 25734 30239 W ProxyAndroidLoggerBackend: Too many Flogger logs received before configuration. Dropping old logs.
03-15 10:56:30.913 25734 30058 V [MYTAG][main][CameraPreviewActivity]: rev msg1:264454
03-15 10:56:30.914 25734 30238 W ProxyAndroidLoggerBackend: Too many Flogger logs received before configuration. Dropping old logs.
03-15 10:56:30.916 25734 30240 W ProxyAndroidLoggerBackend: Too many Flogger logs received before configuration. Dropping old logs.
03-15 10:56:30.962 25734 30058 V [MYTAG][mail_tcp_socket][HttpTransportLayer]: [HTTP RSP]
03-15 10:56:30.962 25734 30058 V [MYTAG][mail_tcp_socket][HttpTransportLayer]: 	 errcode:0
03-15 10:56:30.962 25734 30058 V [MYTAG][mail_tcp_socket][HttpTransportLayer]: 	[content]{"result":0,"info":{"status":0,"free":280,"total":1883}}
03-15 10:56:30.962 25734 30058 V [MYTAG][mail_tcp_socket][HttpTransportLayer]: -----------------------------------------
03-15 10:56:30.963 25734 30058 V [MYTAG][main][Device]: 666 dev is connected:true
03-15 10:56:30.963 25734 30058 V [MYTAG][main][CameraPreviewActivity]: rev msg1:589832
03-15 10:56:31.277 25734 30146 I System.out: (HTTPLog)-Static: isSBSettingEnabled false
03-15 10:56:31.277 25734 30146 I System.out: (HTTPLog)-Static: isSBSettingEnabled false
03-15 10:56:31.280 25734 25734 D ViewRootImpl@aea15c7[CameraPreviewActivity]: ViewPostIme pointer 1
03-15 10:56:31.281 25734 30058 V [MYTAG][main][DeviceParamInfo]: get exist CamCount = 1
03-15 10:56:31.300 25734 25734 D ViewRootImpl@aea15c7[CameraPreviewActivity]: Relayout returned: old=(0,0,2560,1600) new=(0,0,2560,1600) req=(2560,1600)0 dur=8 res=0x1 s={true 532582719488} ch=false
03-15 10:56:31.693 25734 25734 D ViewRootImpl@aea15c7[CameraPreviewActivity]: MSG_RESIZED: frame=(0,0,2560,1600) ci=(0,0,0,0) vi=(0,0,0,0) or=2
03-15 10:56:31.713 25734 25734 D ViewRootImpl@aea15c7[CameraPreviewActivity]: Relayout returned: old=(0,0,2560,1600) new=(0,0,2560,1600) req=(2560,1600)0 dur=8 res=0x1 s={true 532582719488} ch=false
03-15 10:56:32.476 25734 30148 I System.out: (HTTPLog)-Static: isSBSettingEnabled false
03-15 10:56:32.476 25734 30148 I System.out: (HTTPLog)-Static: isSBSettingEnabled false
03-15 10:56:32.479 25734 30145 W Settings: Setting adb_enabled has moved from android.provider.Settings.Secure to android.provider.Settings.Global.
03-15 10:56:32.606 25734 30145 I System.out: (HTTPLog)-Static: isSBSettingEnabled false
03-15 10:56:32.606 25734 30145 I System.out: (HTTPLog)-Static: isSBSettingEnabled false
03-15 10:56:32.643 25734 30145 I System.out: (HTTPLog)-Static: isSBSettingEnabled false
03-15 10:56:32.643 25734 30145 I System.out: (HTTPLog)-Static: isSBSettingEnabled false
03-15 10:56:33.653 25734 30058 V [MYTAG][HeartbeatMgr][RemoteOptor]: ----
03-15 10:56:33.653 25734 30058 V [MYTAG][HeartbeatMgr][RemoteOptor]: [CMD]Basic_Msg_MailBox
03-15 10:56:33.653 25734 30058 V [MYTAG][HeartbeatMgr][RemoteOptor]: [PARAM]null
03-15 10:56:33.653 25734 30274 W System  : Ignoring header sessionid because its value was null.
03-15 10:56:33.653 25734 30274 I System.out: (HTTPLog)-Static: isSBSettingEnabled false
03-15 10:56:33.653 25734 30058 V [MYTAG][HeartbeatMgr][HttpTransportLayer]: [HTTP SEND GET]
03-15 10:56:33.653 25734 30058 V [MYTAG][HeartbeatMgr][HttpTransportLayer]: 	 url:http://192.168.0.1:80/app/getparamvalue?param=rec
03-15 10:56:33.653 25734 30274 I System.out: (HTTPLog)-Static: isSBSettingEnabled false
03-15 10:56:33.681 25734 30058 V [MYTAG][HeartbeatMgr][HttpTransportLayer]: [HTTP RSP]
03-15 10:56:33.681 25734 30058 V [MYTAG][HeartbeatMgr][HttpTransportLayer]: 	 errcode:0
03-15 10:56:33.681 25734 30058 V [MYTAG][HeartbeatMgr][HttpTransportLayer]: 	[content]{"result":0,"info":{"value":1}}
03-15 10:56:33.681 25734 30058 V [MYTAG][HeartbeatMgr][HttpTransportLayer]: -----------------------------------------
03-15 10:56:33.837 25734 30058 V [MYTAG][mail_tcp_socket][ViiSocketMailDataPhraser]: ------------mail---------------
03-15 10:56:33.837 25734 30058 V [MYTAG][mail_tcp_socket][ViiSocketMailDataPhraser]: {"msgid":"battery","info":{"capacity":90,"charge":0},"time":1773572194}
03-15 10:56:33.841 25734 30058 V [MYTAG][mail_tcp_socket][ViiSocketMailDataPhraser]: ------------mail---------------
03-15 10:56:33.841 25734 30058 V [MYTAG][mail_tcp_socket][ViiSocketMailDataPhraser]: {"msgid":"sd","info":{"status":0},"time":1773572194}
03-15 10:56:33.841 25734 30273 W System  : Ignoring header sessionid because its value was null.
03-15 10:56:33.842 25734 30058 V [MYTAG][mail_tcp_socket][RemoteOptor]: ----
03-15 10:56:33.842 25734 30058 V [MYTAG][mail_tcp_socket][RemoteOptor]: [CMD]DEV_SDCARD_STATUS_QUERY
03-15 10:56:33.842 25734 30058 V [MYTAG][mail_tcp_socket][RemoteOptor]: [PARAM]null
03-15 10:56:33.842 25734 30273 I System.out: (HTTPLog)-Static: isSBSettingEnabled false
03-15 10:56:33.842 25734 30273 I System.out: (HTTPLog)-Static: isSBSettingEnabled false
03-15 10:56:33.842 25734 30058 V [MYTAG][mail_tcp_socket][HttpTransportLayer]: [HTTP SEND GET]
03-15 10:56:33.842 25734 30058 V [MYTAG][mail_tcp_socket][HttpTransportLayer]: 	 url:http://192.168.0.1:80/app/getsdinfo
03-15 10:56:33.846 25734 30058 V [MYTAG][main][Device]: 666 dev is connected:true
