03-15 11:30:56.777 32583  6097 W ProxyAndroidLoggerBackend: Too many Flogger logs received before configuration. Dropping old logs.
03-15 11:30:56.778 32583  6097 I chatty  : uid=10291(com.vidure.app) identical 1 line
03-15 11:30:56.779 32583  6097 W ProxyAndroidLoggerBackend: Too many Flogger logs received before configuration. Dropping old logs.
03-15 11:30:56.780 32583 32583 W ProxyAndroidLoggerBackend: Too many Flogger logs received before configuration. Dropping old logs.
03-15 11:30:56.781 32583  6097 W ProxyAndroidLoggerBackend: Too many Flogger logs received before configuration. Dropping old logs.
03-15 11:30:56.782 32583  6097 I chatty  : uid=10291(com.vidure.app) identical 2 lines
03-15 11:30:56.783 32583  6097 W ProxyAndroidLoggerBackend: Too many Flogger logs received before configuration. Dropping old logs.
03-15 11:30:56.783 32583  6099 W ProxyAndroidLoggerBackend: Too many Flogger logs received before configuration. Dropping old logs.
03-15 11:30:56.784 32583  5942 V [MYTAG][main][Device]: 666 dev is connected:true
03-15 11:30:56.785 32583  6097 W ProxyAndroidLoggerBackend: Too many Flogger logs received before configuration. Dropping old logs.
03-15 11:30:56.787 32583  5942 V [MYTAG][main][CameraPreviewActivity]: rev msg1:264454
03-15 11:30:56.787 32583  5942 V [MYTAG][main][Device]: 666 dev is connected:true
03-15 11:30:56.787 32583  5942 V [MYTAG][main][CameraPreviewActivity]: rev msg1:589832
03-15 11:30:56.787 32583  6097 W ProxyAndroidLoggerBackend: Too many Flogger logs received before configuration. Dropping old logs.
03-15 11:30:56.788 32583  6097 W ProxyAndroidLoggerBackend: Too many Flogger logs received before configuration. Dropping old logs.
03-15 11:30:56.791 32583  6099 W ProxyAndroidLoggerBackend: Too many Flogger logs received before configuration. Dropping old logs.
03-15 11:30:56.793 32583  6098 W ProxyAndroidLoggerBackend: Too many Flogger logs received before configuration. Dropping old logs.
03-15 11:30:56.816 32583  6012 I System.out: (HTTPLog)-Static: isSBSettingEnabled false
03-15 11:30:56.816 32583  6012 I System.out: (HTTPLog)-Static: isSBSettingEnabled false
03-15 11:30:56.841 32583  5889 I com.vidure.app: Compiler allocated 5751KB to compile void m140.efl.c(m140.dlg, m140.eed, m140.egg, m140.end, boolean)
03-15 11:30:56.924 32583  5942 V [MYTAG][DefaultDispatcher-worker-1][Device]: 666 dev is connected:true
03-15 11:30:56.924 32583  5942 V [MYTAG][main][VerticalPanelView]: [[eventBus]], new msg received:GPS_SIGNAL_CHANGE,set visible.
03-15 11:30:56.924 32583  5942 V [MYTAG][main][CameraPreviewActivity]: rev msg1:265731
03-15 11:30:57.984 32583  6014 W Settings: Setting adb_enabled has moved from android.provider.Settings.Secure to android.provider.Settings.Global.
03-15 11:30:57.988 32583  6010 I System.out: (HTTPLog)-Static: isSBSettingEnabled false
03-15 11:30:57.988 32583  6010 I System.out: (HTTPLog)-Static: isSBSettingEnabled false
03-15 11:30:58.111 32583  6014 I System.out: (HTTPLog)-Static: isSBSettingEnabled false
03-15 11:30:58.126 32583  6014 I chatty  : uid=10291(com.vidure.app) fin-1-thread-5 identical 2 lines
03-15 11:30:58.126 32583  6014 I System.out: (HTTPLog)-Static: isSBSettingEnabled false
03-15 11:30:58.651 32583  6132 W System  : Ignoring header sessionid because its value was null.
03-15 11:30:58.651 32583  5942 V [MYTAG][HeartbeatMgr][RemoteOptor]: ----
03-15 11:30:58.651 32583  5942 V [MYTAG][HeartbeatMgr][RemoteOptor]: [CMD]Basic_Msg_MailBox
03-15 11:30:58.651 32583  5942 V [MYTAG][HeartbeatMgr][RemoteOptor]: [PARAM]null
03-15 11:30:58.651 32583  6132 I System.out: (HTTPLog)-Static: isSBSettingEnabled false
03-15 11:30:58.651 32583  6132 I System.out: (HTTPLog)-Static: isSBSettingEnabled false
03-15 11:30:58.652 32583  5942 V [MYTAG][HeartbeatMgr][HttpTransportLayer]: [HTTP SEND GET]
03-15 11:30:58.652 32583  5942 V [MYTAG][HeartbeatMgr][HttpTransportLayer]: 	 url:http://192.168.0.1:80/app/getparamvalue?param=rec
03-15 11:30:58.682 32583  5942 V [MYTAG][HeartbeatMgr][HttpTransportLayer]: [HTTP RSP]
03-15 11:30:58.682 32583  5942 V [MYTAG][HeartbeatMgr][HttpTransportLayer]: 	 errcode:0
03-15 11:30:58.682 32583  5942 V [MYTAG][HeartbeatMgr][HttpTransportLayer]: 	[content]{"result":0,"info":{"value":1}}
03-15 11:30:58.682 32583  5942 V [MYTAG][HeartbeatMgr][HttpTransportLayer]: -----------------------------------------
03-15 11:30:59.705 32583  5942 V [MYTAG][mail_tcp_socket][ViiSocketMailDataPhraser]: ------------mail---------------
03-15 11:30:59.705 32583  5942 V [MYTAG][mail_tcp_socket][ViiSocketMailDataPhraser]: {"msgid":"battery","info":{"capacity":70,"charge":0},"time":1773574260}
03-15 11:30:59.709 32583  6131 W System  : Ignoring header sessionid because its value was null.
03-15 11:30:59.710 32583  6131 I System.out: (HTTPLog)-Static: isSBSettingEnabled false
03-15 11:30:59.710 32583  6131 I System.out: (HTTPLog)-Static: isSBSettingEnabled false
03-15 11:30:59.712 32583  5942 V [MYTAG][mail_tcp_socket][ViiSocketMailDataPhraser]: ------------mail---------------
03-15 11:30:59.712 32583  5942 V [MYTAG][mail_tcp_socket][ViiSocketMailDataPhraser]: {"msgid":"sd","info":{"status":0},"time":1773574260}
03-15 11:30:59.712 32583  5942 V [MYTAG][mail_tcp_socket][RemoteOptor]: ----
03-15 11:30:59.712 32583  5942 V [MYTAG][mail_tcp_socket][RemoteOptor]: [CMD]DEV_SDCARD_STATUS_QUERY
03-15 11:30:59.712 32583  5942 V [MYTAG][mail_tcp_socket][RemoteOptor]: [PARAM]null
03-15 11:30:59.712 32583  5942 V [MYTAG][mail_tcp_socket][HttpTransportLayer]: [HTTP SEND GET]
03-15 11:30:59.712 32583  5942 V [MYTAG][mail_tcp_socket][HttpTransportLayer]: 	 url:http://192.168.0.1:80/app/getsdinfo
03-15 11:30:59.712 32583  5942 V [MYTAG][main][Device]: 666 dev is connected:true
03-15 11:30:59.736 32583  5942 V [MYTAG][mail_tcp_socket][HttpTransportLayer]: [HTTP RSP]
03-15 11:30:59.736 32583  5942 V [MYTAG][mail_tcp_socket][HttpTransportLayer]: 	 errcode:0
03-15 11:30:59.736 32583  5942 V [MYTAG][mail_tcp_socket][HttpTransportLayer]: 	[content]{"result":0,"info":{"status":0,"free":291,"total":1883}}
03-15 11:30:59.736 32583  5942 V [MYTAG][mail_tcp_socket][HttpTransportLayer]: -----------------------------------------
03-15 11:30:59.742 32583 32583 W ProxyAndroidLoggerBackend: Too many Flogger logs received before configuration. Dropping old logs.
03-15 11:30:59.749 32583 32583 I chatty  : uid=10291(com.vidure.app) identical 3 lines
03-15 11:30:59.754 32583 32583 W ProxyAndroidLoggerBackend: Too many Flogger logs received before configuration. Dropping old logs.
03-15 11:30:59.759 32583 32583 W ProxyAndroidLoggerBackend: Too many Flogger logs received before configuration. Dropping old logs.
03-15 11:30:59.760 32583 32583 I chatty  : uid=10291(com.vidure.app) identical 1 line
03-15 11:30:59.760 32583 32583 W ProxyAndroidLoggerBackend: Too many Flogger logs received before configuration. Dropping old logs.
03-15 11:30:59.764 32583  6098 W ProxyAndroidLoggerBackend: Too many Flogger logs received before configuration. Dropping old logs.
03-15 11:30:59.765 32583  6098 W ProxyAndroidLoggerBackend: Too many Flogger logs received before configuration. Dropping old logs.
03-15 11:30:59.766 32583  6099 W ProxyAndroidLoggerBackend: Too many Flogger logs received before configuration. Dropping old logs.
03-15 11:30:59.767 32583  6099 I chatty  : uid=10291(com.vidure.app) identical 4 lines
03-15 11:30:59.767 32583  6099 W ProxyAndroidLoggerBackend: Too many Flogger logs received before configuration. Dropping old logs.
03-15 11:30:59.767 32583 32583 W ProxyAndroidLoggerBackend: Too many Flogger logs received before configuration. Dropping old logs.
03-15 11:30:59.768 32583  6099 W ProxyAndroidLoggerBackend: Too many Flogger logs received before configuration. Dropping old logs.
03-15 11:30:59.769 32583  6099 I chatty  : uid=10291(com.vidure.app) identical 4 lines
03-15 11:30:59.769 32583  6099 W ProxyAndroidLoggerBackend: Too many Flogger logs received before configuration. Dropping old logs.
03-15 11:30:59.770 32583  6098 W ProxyAndroidLoggerBackend: Too many Flogger logs received before configuration. Dropping old logs.
03-15 11:30:59.770 32583  6098 I chatty  : uid=10291(com.vidure.app) identical 1 line
03-15 11:30:59.771 32583  6098 W ProxyAndroidLoggerBackend: Too many Flogger logs received before configuration. Dropping old logs.
03-15 11:30:59.773 32583  6097 W ProxyAndroidLoggerBackend: Too many Flogger logs received before configuration. Dropping old logs.
03-15 11:30:59.774 32583  5942 V [MYTAG][main][Device]: 666 dev is connected:true
03-15 11:30:59.774 32583  5942 V [MYTAG][main][CameraPreviewActivity]: rev msg1:264454
03-15 11:30:59.774 32583  5942 V [MYTAG][main][Device]: 666 dev is connected:true
03-15 11:30:59.774 32583  5942 V [MYTAG][main][CameraPreviewActivity]: rev msg1:589832
03-15 11:31:00.024 32583  6010 I System.out: (HTTPLog)-Static: isSBSettingEnabled false
03-15 11:31:00.024 32583  6010 I System.out: (HTTPLog)-Static: isSBSettingEnabled false
03-15 11:31:02.050 32583  6010 I System.out: (HTTPLog)-Static: isSBSettingEnabled false
03-15 11:31:02.050 32583  6010 I System.out: (HTTPLog)-Static: isSBSettingEnabled false
03-15 11:31:02.652 32583  6132 W System  : Ignoring header sessionid because its value was null.
03-15 11:31:02.652 32583  6132 I System.out: (HTTPLog)-Static: isSBSettingEnabled false
03-15 11:31:02.652 32583  6132 I System.out: (HTTPLog)-Static: isSBSettingEnabled false
03-15 11:31:02.652 32583  5942 V [MYTAG][HeartbeatMgr][RemoteOptor]: ----
03-15 11:31:02.652 32583  5942 V [MYTAG][HeartbeatMgr][RemoteOptor]: [CMD]Basic_Msg_MailBox
03-15 11:31:02.652 32583  5942 V [MYTAG][HeartbeatMgr][RemoteOptor]: [PARAM]null
03-15 11:31:02.653 32583  5942 V [MYTAG][HeartbeatMgr][HttpTransportLayer]: [HTTP SEND GET]
03-15 11:31:02.653 32583  5942 V [MYTAG][HeartbeatMgr][HttpTransportLayer]: 	 url:http://192.168.0.1:80/app/getparamvalue?param=rec
03-15 11:31:02.684 32583  5942 V [MYTAG][HeartbeatMgr][HttpTransportLayer]: [HTTP RSP]
03-15 11:31:02.684 32583  5942 V [MYTAG][HeartbeatMgr][HttpTransportLayer]: 	 errcode:0
03-15 11:31:02.684 32583  5942 V [MYTAG][HeartbeatMgr][HttpTransportLayer]: 	[content]{"result":0,"info":{"value":1}}
03-15 11:31:02.684 32583  5942 V [MYTAG][HeartbeatMgr][HttpTransportLayer]: -----------------------------------------
03-15 11:31:02.712 32583  5942 V [MYTAG][mail_tcp_socket][ViiSocketMailDataPhraser]: ------------mail---------------
03-15 11:31:02.712 32583  5942 V [MYTAG][mail_tcp_socket][ViiSocketMailDataPhraser]: {"msgid":"battery","info":{"capacity":70,"charge":0},"time":1773574263}
03-15 11:31:02.714 32583  6131 W System  : Ignoring header sessionid because its value was null.
03-15 11:31:02.715 32583  6131 I System.out: (HTTPLog)-Static: isSBSettingEnabled false
03-15 11:31:02.715 32583  6131 I System.out: (HTTPLog)-Static: isSBSettingEnabled false
03-15 11:31:02.716 32583  5942 V [MYTAG][mail_tcp_socket][ViiSocketMailDataPhraser]: ------------mail---------------
03-15 11:31:02.716 32583  5942 V [MYTAG][mail_tcp_socket][ViiSocketMailDataPhraser]: {"msgid":"sd","info":{"status":0},"time":1773574263}
03-15 11:31:02.716 32583  5942 V [MYTAG][mail_tcp_socket][RemoteOptor]: ----
03-15 11:31:02.716 32583  5942 V [MYTAG][mail_tcp_socket][RemoteOptor]: [CMD]DEV_SDCARD_STATUS_QUERY
03-15 11:31:02.716 32583  5942 V [MYTAG][mail_tcp_socket][RemoteOptor]: [PARAM]null
03-15 11:31:02.716 32583  5942 V [MYTAG][mail_tcp_socket][HttpTransportLayer]: [HTTP SEND GET]
03-15 11:31:02.716 32583  5942 V [MYTAG][mail_tcp_socket][HttpTransportLayer]: 	 url:http://192.168.0.1:80/app/getsdinfo
03-15 11:31:02.718 32583  5942 V [MYTAG][main][Device]: 666 dev is connected:true
03-15 11:31:02.737 32583  5942 V [MYTAG][mail_tcp_socket][HttpTransportLayer]: [HTTP RSP]
03-15 11:31:02.737 32583  5942 V [MYTAG][mail_tcp_socket][HttpTransportLayer]: 	 errcode:0
03-15 11:31:02.737 32583  5942 V [MYTAG][mail_tcp_socket][HttpTransportLayer]: 	[content]{"result":0,"info":{"status":0,"free":287,"total":1883}}
03-15 11:31:02.737 32583  5942 V [MYTAG][mail_tcp_socket][HttpTransportLayer]: -----------------------------------------
03-15 11:31:02.779 32583 32583 W ProxyAndroidLoggerBackend: Too many Flogger logs received before configuration. Dropping old logs.
03-15 11:31:02.804 32583 32583 I chatty  : uid=10291(com.vidure.app) identical 6 lines
03-15 11:31:02.805 32583 32583 W ProxyAndroidLoggerBackend: Too many Flogger logs received before configuration. Dropping old logs.
03-15 11:31:02.815 32583  6097 W ProxyAndroidLoggerBackend: Too many Flogger logs received before configuration. Dropping old logs.
03-15 11:31:02.815 32583  6099 W ProxyAndroidLoggerBackend: Too many Flogger logs received before configuration. Dropping old logs.
03-15 11:31:02.817 32583  6099 I chatty  : uid=10291(com.vidure.app) identical 4 lines
03-15 11:31:02.817 32583  6099 W ProxyAndroidLoggerBackend: Too many Flogger logs received before configuration. Dropping old logs.
03-15 11:31:02.818 32583 32583 W ProxyAndroidLoggerBackend: Too many Flogger logs received before configuration. Dropping old logs.
03-15 11:31:02.818 32583  6099 W ProxyAndroidLoggerBackend: Too many Flogger logs received before configuration. Dropping old logs.
03-15 11:31:02.818 32583  6097 W ProxyAndroidLoggerBackend: Too many Flogger logs received before configuration. Dropping old logs.
03-15 11:31:02.820 32583  6097 I chatty  : uid=10291(com.vidure.app) identical 1 line
03-15 11:31:02.821 32583  6097 W ProxyAndroidLoggerBackend: Too many Flogger logs received before configuration. Dropping old logs.
03-15 11:31:02.822 32583  6099 W ProxyAndroidLoggerBackend: Too many Flogger logs received before configuration. Dropping old logs.
03-15 11:31:02.822 32583  6098 W ProxyAndroidLoggerBackend: Too many Flogger logs received before configuration. Dropping old logs.
03-15 11:31:02.823 32583  6098 I chatty  : uid=10291(com.vidure.app) identical 2 lines
03-15 11:31:02.823 32583  6098 W ProxyAndroidLoggerBackend: Too many Flogger logs received before configuration. Dropping old logs.
03-15 11:31:02.823 32583  6099 W ProxyAndroidLoggerBackend: Too many Flogger logs received before configuration. Dropping old logs.
03-15 11:31:02.824 32583  5942 V [MYTAG][main][Device]: 666 dev is connected:true
03-15 11:31:02.824 32583  5942 V [MYTAG][main][CameraPreviewActivity]: rev msg1:264454
03-15 11:31:02.825 32583  5942 V [MYTAG][main][Device]: 666 dev is connected:true
03-15 11:31:02.826 32583  5942 V [MYTAG][main][CameraPreviewActivity]: rev msg1:589832
03-15 11:31:02.830 32583  6097 W ProxyAndroidLoggerBackend: Too many Flogger logs received before configuration. Dropping old logs.
03-15 11:31:03.210 32583  6011 I System.out: (HTTPLog)-Static: isSBSettingEnabled false
03-15 11:31:03.210 32583  6011 I System.out: (HTTPLog)-Static: isSBSettingEnabled false
03-15 11:31:03.219 32583  6009 W Settings: Setting adb_enabled has moved from android.provider.Settings.Secure to android.provider.Settings.Global.
03-15 11:31:03.349 32583  6009 I System.out: (HTTPLog)-Static: isSBSettingEnabled false
03-15 11:31:03.350 32583  6009 I System.out: (HTTPLog)-Static: isSBSettingEnabled false
03-15 11:31:03.374 32583  6009 I System.out: (HTTPLog)-Static: isSBSettingEnabled false
03-15 11:31:03.374 32583  6009 I System.out: (HTTPLog)-Static: isSBSettingEnabled false
03-15 11:31:05.246 32583  6011 I System.out: (HTTPLog)-Static: isSBSettingEnabled false
03-15 11:31:05.246 32583  6011 I System.out: (HTTPLog)-Static: isSBSettingEnabled false
03-15 11:31:05.722 32583  5942 V [MYTAG][mail_tcp_socket][ViiSocketMailDataPhraser]: ------------mail---------------
03-15 11:31:05.722 32583  5942 V [MYTAG][mail_tcp_socket][ViiSocketMailDataPhraser]: {"msgid":"battery","info":{"capacity":70,"charge":0},"time":1773574266}
03-15 11:31:05.725 32583  6131 W System  : Ignoring header sessionid because its value was null.
03-15 11:31:05.726 32583  6131 I System.out: (HTTPLog)-Static: isSBSettingEnabled false
03-15 11:31:05.726 32583  6131 I System.out: (HTTPLog)-Static: isSBSettingEnabled false
03-15 11:31:05.727 32583  5942 V [MYTAG][mail_tcp_socket][ViiSocketMailDataPhraser]: ------------mail---------------
03-15 11:31:05.727 32583  5942 V [MYTAG][mail_tcp_socket][ViiSocketMailDataPhraser]: {"msgid":"sd","info":{"status":0},"time":1773574266}
03-15 11:31:05.728 32583  5942 V [MYTAG][mail_tcp_socket][RemoteOptor]: ----
03-15 11:31:05.728 32583  5942 V [MYTAG][mail_tcp_socket][RemoteOptor]: [CMD]DEV_SDCARD_STATUS_QUERY
03-15 11:31:05.728 32583  5942 V [MYTAG][mail_tcp_socket][RemoteOptor]: [PARAM]null
03-15 11:31:05.728 32583  5942 V [MYTAG][mail_tcp_socket][HttpTransportLayer]: [HTTP SEND GET]
03-15 11:31:05.728 32583  5942 V [MYTAG][mail_tcp_socket][HttpTransportLayer]: 	 url:http://192.168.0.1:80/app/getsdinfo
03-15 11:31:05.728 32583  5942 V [MYTAG][main][Device]: 666 dev is connected:true
03-15 11:31:05.759 32583 32583 W ProxyAndroidLoggerBackend: Too many Flogger logs received before configuration. Dropping old logs.
03-15 11:31:05.760 32583  5942 V [MYTAG][mail_tcp_socket][HttpTransportLayer]: [HTTP RSP]
03-15 11:31:05.760 32583  5942 V [MYTAG][mail_tcp_socket][HttpTransportLayer]: 	 errcode:0
03-15 11:31:05.760 32583  5942 V [MYTAG][mail_tcp_socket][HttpTransportLayer]: 	[content]{"result":0,"info":{"status":0,"free":283,"total":1883}}
03-15 11:31:05.760 32583  5942 V [MYTAG][mail_tcp_socket][HttpTransportLayer]: -----------------------------------------
03-15 11:31:05.766 32583 32583 W ProxyAndroidLoggerBackend: Too many Flogger logs received before configuration. Dropping old logs.
03-15 11:31:05.778 32583 32583 I chatty  : uid=10291(com.vidure.app) identical 6 lines
03-15 11:31:05.789 32583 32583 W ProxyAndroidLoggerBackend: Too many Flogger logs received before configuration. Dropping old logs.
03-15 11:31:05.791 32583  6098 W ProxyAndroidLoggerBackend: Too many Flogger logs received before configuration. Dropping old logs.
03-15 11:31:05.791 32583  6098 W ProxyAndroidLoggerBackend: Too many Flogger logs received before configuration. Dropping old logs.
03-15 11:31:05.792 32583  6097 W ProxyAndroidLoggerBackend: Too many Flogger logs received before configuration. Dropping old logs.
03-15 11:31:05.792 32583  6099 W ProxyAndroidLoggerBackend: Too many Flogger logs received before configuration. Dropping old logs.
03-15 11:31:05.792 32583  6099 W ProxyAndroidLoggerBackend: Too many Flogger logs received before configuration. Dropping old logs.
03-15 11:31:05.793 32583  6098 W ProxyAndroidLoggerBackend: Too many Flogger logs received before configuration. Dropping old logs.
03-15 11:31:05.794 32583  6098 I chatty  : uid=10291(com.vidure.app) identical 1 line
03-15 11:31:05.794 32583  6098 W ProxyAndroidLoggerBackend: Too many Flogger logs received before configuration. Dropping old logs.
03-15 11:31:05.795 32583  5942 V [MYTAG][main][Device]: 666 dev is connected:true
03-15 11:31:05.800 32583  6099 W ProxyAndroidLoggerBackend: Too many Flogger logs received before configuration. Dropping old logs.
03-15 11:31:05.801 32583  6099 I chatty  : uid=10291(com.vidure.app) identical 1 line
03-15 11:31:05.801 32583  6099 W ProxyAndroidLoggerBackend: Too many Flogger logs received before configuration. Dropping old logs.
03-15 11:31:05.802 32583  5942 V [MYTAG][main][CameraPreviewActivity]: rev msg1:264454
03-15 11:31:05.802 32583  5942 V [MYTAG][main][Device]: 666 dev is connected:true
03-15 11:31:05.802 32583  6099 W ProxyAndroidLoggerBackend: Too many Flogger logs received before configuration. Dropping old logs.
03-15 11:31:05.802 32583  5942 V [MYTAG][main][CameraPreviewActivity]: rev msg1:589832
03-15 11:31:05.803 32583  6098 W ProxyAndroidLoggerBackend: Too many Flogger logs received before configuration. Dropping old logs.
03-15 11:31:05.804 32583  6098 I chatty  : uid=10291(com.vidure.app) identical 1 line
03-15 11:31:05.804 32583  6098 W ProxyAndroidLoggerBackend: Too many Flogger logs received before configuration. Dropping old logs.
03-15 11:31:05.805 32583  6099 W ProxyAndroidLoggerBackend: Too many Flogger logs received before configuration. Dropping old logs.
03-15 11:31:05.806 32583  6097 W ProxyAndroidLoggerBackend: Too many Flogger logs received before configuration. Dropping old logs.
03-15 11:31:05.810 32583  6098 W ProxyAndroidLoggerBackend: Too many Flogger logs received before configuration. Dropping old logs.
03-15 11:31:06.652 32583  6132 W System  : Ignoring header sessionid because its value was null.
03-15 11:31:06.652 32583  5942 V [MYTAG][HeartbeatMgr][RemoteOptor]: ----
03-15 11:31:06.652 32583  5942 V [MYTAG][HeartbeatMgr][RemoteOptor]: [CMD]Basic_Msg_MailBox
03-15 11:31:06.652 32583  5942 V [MYTAG][HeartbeatMgr][RemoteOptor]: [PARAM]null
03-15 11:31:06.653 32583  5942 V [MYTAG][HeartbeatMgr][HttpTransportLayer]: [HTTP SEND GET]
03-15 11:31:06.653 32583  5942 V [MYTAG][HeartbeatMgr][HttpTransportLayer]: 	 url:http://192.168.0.1:80/app/getparamvalue?param=rec
03-15 11:31:06.653 32583  6132 I System.out: (HTTPLog)-Static: isSBSettingEnabled false
03-15 11:31:06.653 32583  6132 I System.out: (HTTPLog)-Static: isSBSettingEnabled false
03-15 11:31:06.678 32583  5942 V [MYTAG][HeartbeatMgr][HttpTransportLayer]: [HTTP RSP]
03-15 11:31:06.678 32583  5942 V [MYTAG][HeartbeatMgr][HttpTransportLayer]: 	 errcode:0
03-15 11:31:06.678 32583  5942 V [MYTAG][HeartbeatMgr][HttpTransportLayer]: 	[content]{"result":0,"info":{"value":1}}
03-15 11:31:06.678 32583  5942 V [MYTAG][HeartbeatMgr][HttpTransportLayer]: -----------------------------------------
03-15 11:31:07.267 32583  6011 I System.out: (HTTPLog)-Static: isSBSettingEnabled false
03-15 11:31:07.267 32583  6011 I System.out: (HTTPLog)-Static: isSBSettingEnabled false
03-15 11:31:08.732 32583  5942 V [MYTAG][mail_tcp_socket][ViiSocketMailDataPhraser]: ------------mail---------------
03-15 11:31:08.732 32583  5942 V [MYTAG][mail_tcp_socket][ViiSocketMailDataPhraser]: {"msgid":"battery","info":{"capacity":70,"charge":0},"time":1773574269}
03-15 11:31:08.737 32583  6131 W System  : Ignoring header sessionid because its value was null.
03-15 11:31:08.738 32583  6131 I System.out: (HTTPLog)-Static: isSBSettingEnabled false
03-15 11:31:08.738 32583  6131 I System.out: (HTTPLog)-Static: isSBSettingEnabled false
03-15 11:31:08.740 32583  5942 V [MYTAG][mail_tcp_socket][ViiSocketMailDataPhraser]: ------------mail---------------
03-15 11:31:08.740 32583  5942 V [MYTAG][mail_tcp_socket][ViiSocketMailDataPhraser]: {"msgid":"sd","info":{"status":0},"time":1773574269}
03-15 11:31:08.740 32583  5942 V [MYTAG][mail_tcp_socket][RemoteOptor]: ----
03-15 11:31:08.740 32583  5942 V [MYTAG][mail_tcp_socket][RemoteOptor]: [CMD]DEV_SDCARD_STATUS_QUERY
03-15 11:31:08.740 32583  5942 V [MYTAG][mail_tcp_socket][RemoteOptor]: [PARAM]null
03-15 11:31:08.740 32583  5942 V [MYTAG][mail_tcp_socket][HttpTransportLayer]: [HTTP SEND GET]
03-15 11:31:08.740 32583  5942 V [MYTAG][mail_tcp_socket][HttpTransportLayer]: 	 url:http://192.168.0.1:80/app/getsdinfo
03-15 11:31:08.743 32583  5942 V [MYTAG][main][Device]: 666 dev is connected:true
03-15 11:31:08.765 32583  5942 V [MYTAG][mail_tcp_socket][HttpTransportLayer]: [HTTP RSP]
03-15 11:31:08.765 32583  5942 V [MYTAG][mail_tcp_socket][HttpTransportLayer]: 	 errcode:0
03-15 11:31:08.765 32583  5942 V [MYTAG][mail_tcp_socket][HttpTransportLayer]: 	[content]{"result":0,"info":{"status":0,"free":280,"total":1883}}
03-15 11:31:08.765 32583  5942 V [MYTAG][mail_tcp_socket][HttpTransportLayer]: -----------------------------------------
03-15 11:31:08.776 32583 32583 W ProxyAndroidLoggerBackend: Too many Flogger logs received before configuration. Dropping old logs.
03-15 11:31:08.784 32583 32583 I chatty  : uid=10291(com.vidure.app) identical 2 lines
03-15 11:31:08.784 32583 32583 W ProxyAndroidLoggerBackend: Too many Flogger logs received before configuration. Dropping old logs.
03-15 11:31:08.788 32583 32583 W ProxyAndroidLoggerBackend: Too many Flogger logs received before configuration. Dropping old logs.
03-15 11:31:08.790 32583 32583 W ProxyAndroidLoggerBackend: Too many Flogger logs received before configuration. Dropping old logs.
03-15 11:31:08.790 32583 32583 I chatty  : uid=10291(com.vidure.app) identical 1 line
03-15 11:31:08.791 32583 32583 W ProxyAndroidLoggerBackend: Too many Flogger logs received before configuration. Dropping old logs.
03-15 11:31:08.801 32583  6098 W ProxyAndroidLoggerBackend: Too many Flogger logs received before configuration. Dropping old logs.
03-15 11:31:08.801 32583  6098 I chatty  : uid=10291(com.vidure.app) identical 1 line
03-15 11:31:08.802 32583  6098 W ProxyAndroidLoggerBackend: Too many Flogger logs received before configuration. Dropping old logs.
03-15 11:31:08.804 32583  6099 W ProxyAndroidLoggerBackend: Too many Flogger logs received before configuration. Dropping old logs.
03-15 11:31:08.804 32583  6097 W ProxyAndroidLoggerBackend: Too many Flogger logs received before configuration. Dropping old logs.
03-15 11:31:08.805 32583  6097 I chatty  : uid=10291(com.vidure.app) identical 1 line
03-15 11:31:08.805 32583  6097 W ProxyAndroidLoggerBackend: Too many Flogger logs received before configuration. Dropping old logs.
03-15 11:31:08.806 32583 32583 W ProxyAndroidLoggerBackend: Too many Flogger logs received before configuration. Dropping old logs.
03-15 11:31:08.806 32583  6097 W ProxyAndroidLoggerBackend: Too many Flogger logs received before configuration. Dropping old logs.
03-15 11:31:08.806 32583  6098 W ProxyAndroidLoggerBackend: Too many Flogger logs received before configuration. Dropping old logs.
03-15 11:31:08.806 32583  6099 W ProxyAndroidLoggerBackend: Too many Flogger logs received before configuration. Dropping old logs.
03-15 11:31:08.807 32583  6098 W ProxyAndroidLoggerBackend: Too many Flogger logs received before configuration. Dropping old logs.
03-15 11:31:08.808 32583  6099 W ProxyAndroidLoggerBackend: Too many Flogger logs received before configuration. Dropping old logs.
03-15 11:31:08.808 32583  6098 W ProxyAndroidLoggerBackend: Too many Flogger logs received before configuration. Dropping old logs.
03-15 11:31:08.809 32583  6098 W ProxyAndroidLoggerBackend: Too many Flogger logs received before configuration. Dropping old logs.
03-15 11:31:08.809 32583  6099 W ProxyAndroidLoggerBackend: Too many Flogger logs received before configuration. Dropping old logs.
03-15 11:31:08.810 32583  6099 W ProxyAndroidLoggerBackend: Too many Flogger logs received before configuration. Dropping old logs.
03-15 11:31:08.812 32583  5942 V [MYTAG][main][Device]: 666 dev is connected:true
03-15 11:31:08.813 32583  6098 W ProxyAndroidLoggerBackend: Too many Flogger logs received before configuration. Dropping old logs.
03-15 11:31:08.814 32583  5942 V [MYTAG][main][CameraPreviewActivity]: rev msg1:264454
03-15 11:31:08.814 32583  5942 V [MYTAG][main][Device]: 666 dev is connected:true
03-15 11:31:08.815 32583  5942 V [MYTAG][main][CameraPreviewActivity]: rev msg1:589832
03-15 11:31:08.816 32583  6097 W ProxyAndroidLoggerBackend: Too many Flogger logs received before configuration. Dropping old logs.
03-15 11:31:10.652 32583  6132 W System  : Ignoring header sessionid because its value was null.
03-15 11:31:10.652 32583  5942 V [MYTAG][HeartbeatMgr][RemoteOptor]: ----
03-15 11:31:10.652 32583  5942 V [MYTAG][HeartbeatMgr][RemoteOptor]: [CMD]Basic_Msg_MailBox
03-15 11:31:10.652 32583  5942 V [MYTAG][HeartbeatMgr][RemoteOptor]: [PARAM]null
03-15 11:31:10.653 32583  6132 I System.out: (HTTPLog)-Static: isSBSettingEnabled false
03-15 11:31:10.653 32583  5942 V [MYTAG][HeartbeatMgr][HttpTransportLayer]: [HTTP SEND GET]
03-15 11:31:10.653 32583  5942 V [MYTAG][HeartbeatMgr][HttpTransportLayer]: 	 url:http://192.168.0.1:80/app/getparamvalue?param=rec
03-15 11:31:10.653 32583  6132 I System.out: (HTTPLog)-Static: isSBSettingEnabled false
03-15 11:31:10.678 32583  5942 V [MYTAG][HeartbeatMgr][HttpTransportLayer]: [HTTP RSP]
03-15 11:31:10.678 32583  5942 V [MYTAG][HeartbeatMgr][HttpTransportLayer]: 	 errcode:0
03-15 11:31:10.678 32583  5942 V [MYTAG][HeartbeatMgr][HttpTransportLayer]: 	[content]{"result":0,"info":{"value":1}}
03-15 11:31:10.678 32583  5942 V [MYTAG][HeartbeatMgr][HttpTransportLayer]: -----------------------------------------
03-15 11:31:11.746 32583  5942 V [MYTAG][mail_tcp_socket][ViiSocketMailDataPhraser]: ------------mail---------------
03-15 11:31:11.746 32583  5942 V [MYTAG][mail_tcp_socket][ViiSocketMailDataPhraser]: {"msgid":"battery","info":{"capacity":70,"charge":0},"time":1773574272}
03-15 11:31:11.747 32583  6131 W System  : Ignoring header sessionid because its value was null.
03-15 11:31:11.748 32583  5942 V [MYTAG][mail_tcp_socket][ViiSocketMailDataPhraser]: ------------mail---------------
03-15 11:31:11.748 32583  5942 V [MYTAG][mail_tcp_socket][ViiSocketMailDataPhraser]: {"msgid":"sd","info":{"status":0},"time":1773574272}
03-15 11:31:11.749 32583  6131 I System.out: (HTTPLog)-Static: isSBSettingEnabled false
03-15 11:31:11.749 32583  6131 I System.out: (HTTPLog)-Static: isSBSettingEnabled false
03-15 11:31:11.752 32583  5942 V [MYTAG][mail_tcp_socket][RemoteOptor]: ----
03-15 11:31:11.752 32583  5942 V [MYTAG][mail_tcp_socket][RemoteOptor]: [CMD]DEV_SDCARD_STATUS_QUERY
03-15 11:31:11.752 32583  5942 V [MYTAG][mail_tcp_socket][RemoteOptor]: [PARAM]null
03-15 11:31:11.753 32583  5942 V [MYTAG][mail_tcp_socket][HttpTransportLayer]: [HTTP SEND GET]
03-15 11:31:11.753 32583  5942 V [MYTAG][mail_tcp_socket][HttpTransportLayer]: 	 url:http://192.168.0.1:80/app/getsdinfo
03-15 11:31:11.756 32583  5942 V [MYTAG][main][Device]: 666 dev is connected:true
03-15 11:31:11.786 32583  5942 V [MYTAG][mail_tcp_socket][HttpTransportLayer]: [HTTP RSP]
03-15 11:31:11.786 32583  5942 V [MYTAG][mail_tcp_socket][HttpTransportLayer]: 	 errcode:0
03-15 11:31:11.786 32583  5942 V [MYTAG][mail_tcp_socket][HttpTransportLayer]: 	[content]{"result":0,"info":{"status":0,"free":276,"total":1883}}
03-15 11:31:11.786 32583  5942 V [MYTAG][mail_tcp_socket][HttpTransportLayer]: -----------------------------------------
03-15 11:31:11.832 32583 32583 W ProxyAndroidLoggerBackend: Too many Flogger logs received before configuration. Dropping old logs.
03-15 11:31:11.849 32583 32583 I chatty  : uid=10291(com.vidure.app) identical 6 lines
03-15 11:31:11.850 32583 32583 W ProxyAndroidLoggerBackend: Too many Flogger logs received before configuration. Dropping old logs.
03-15 11:31:11.854 32583  6098 W ProxyAndroidLoggerBackend: Too many Flogger logs received before configuration. Dropping old logs.
03-15 11:31:11.854 32583  6098 I chatty  : uid=10291(com.vidure.app) identical 2 lines
03-15 11:31:11.855 32583  6098 W ProxyAndroidLoggerBackend: Too many Flogger logs received before configuration. Dropping old logs.
03-15 11:31:11.856 32583  6097 W ProxyAndroidLoggerBackend: Too many Flogger logs received before configuration. Dropping old logs.
03-15 11:31:11.856 32583  6097 I chatty  : uid=10291(com.vidure.app) identical 1 line
03-15 11:31:11.856 32583  6097 W ProxyAndroidLoggerBackend: Too many Flogger logs received before configuration. Dropping old logs.
03-15 11:31:11.857 32583  6098 W ProxyAndroidLoggerBackend: Too many Flogger logs received before configuration. Dropping old logs.
03-15 11:31:11.858 32583  6097 W ProxyAndroidLoggerBackend: Too many Flogger logs received before configuration. Dropping old logs.
03-15 11:31:11.858 32583  6097 I chatty  : uid=10291(com.vidure.app) identical 1 line
03-15 11:31:11.858 32583  6097 W ProxyAndroidLoggerBackend: Too many Flogger logs received before configuration. Dropping old logs.
03-15 11:31:11.859 32583  6098 W ProxyAndroidLoggerBackend: Too many Flogger logs received before configuration. Dropping old logs.
03-15 11:31:11.860 32583  6098 I chatty  : uid=10291(com.vidure.app) identical 3 lines
03-15 11:31:11.860 32583  6098 W ProxyAndroidLoggerBackend: Too many Flogger logs received before configuration. Dropping old logs.
03-15 11:31:11.860 32583 32583 W ProxyAndroidLoggerBackend: Too many Flogger logs received before configuration. Dropping old logs.
03-15 11:31:11.860 32583  6098 W ProxyAndroidLoggerBackend: Too many Flogger logs received before configuration. Dropping old logs.
03-15 11:31:11.863 32583  6099 W ProxyAndroidLoggerBackend: Too many Flogger logs received before configuration. Dropping old logs.
03-15 11:31:11.866 32583  5942 V [MYTAG][main][Device]: 666 dev is connected:true
03-15 11:31:11.866 32583  5942 V [MYTAG][main][CameraPreviewActivity]: rev msg1:264454
03-15 11:31:11.866 32583  5942 V [MYTAG][main][Device]: 666 dev is connected:true
03-15 11:31:11.866 32583  5942 V [MYTAG][main][CameraPreviewActivity]: rev msg1:589832
03-15 11:31:14.653 32583  5942 V [MYTAG][HeartbeatMgr][RemoteOptor]: ----
03-15 11:31:14.653 32583  5942 V [MYTAG][HeartbeatMgr][RemoteOptor]: [CMD]Basic_Msg_MailBox
03-15 11:31:14.653 32583  5942 V [MYTAG][HeartbeatMgr][RemoteOptor]: [PARAM]null
03-15 11:31:14.653 32583  6132 W System  : Ignoring header sessionid because its value was null.
03-15 11:31:14.654 32583  6132 I System.out: (HTTPLog)-Static: isSBSettingEnabled false
03-15 11:31:14.655 32583  6132 I System.out: (HTTPLog)-Static: isSBSettingEnabled false
03-15 11:31:14.655 32583  5942 V [MYTAG][HeartbeatMgr][HttpTransportLayer]: [HTTP SEND GET]
03-15 11:31:14.655 32583  5942 V [MYTAG][HeartbeatMgr][HttpTransportLayer]: 	 url:http://192.168.0.1:80/app/getparamvalue?param=rec
03-15 11:31:14.688 32583  5942 V [MYTAG][HeartbeatMgr][HttpTransportLayer]: [HTTP RSP]
03-15 11:31:14.688 32583  5942 V [MYTAG][HeartbeatMgr][HttpTransportLayer]: 	 errcode:0
03-15 11:31:14.688 32583  5942 V [MYTAG][HeartbeatMgr][HttpTransportLayer]: 	[content]{"result":0,"info":{"value":1}}
03-15 11:31:14.688 32583  5942 V [MYTAG][HeartbeatMgr][HttpTransportLayer]: -----------------------------------------
03-15 11:31:14.753 32583  5942 V [MYTAG][mail_tcp_socket][ViiSocketMailDataPhraser]: ------------mail---------------
03-15 11:31:14.753 32583  5942 V [MYTAG][mail_tcp_socket][ViiSocketMailDataPhraser]: {"msgid":"battery","info":{"capacity":70,"charge":0},"time":1773574275}
03-15 11:31:14.756 32583  6131 W System  : Ignoring header sessionid because its value was null.
03-15 11:31:14.756 32583  6131 I System.out: (HTTPLog)-Static: isSBSettingEnabled false
03-15 11:31:14.756 32583  6131 I System.out: (HTTPLog)-Static: isSBSettingEnabled false
03-15 11:31:14.758 32583  5942 V [MYTAG][mail_tcp_socket][ViiSocketMailDataPhraser]: ------------mail---------------
03-15 11:31:14.758 32583  5942 V [MYTAG][mail_tcp_socket][ViiSocketMailDataPhraser]: {"msgid":"sd","info":{"status":0},"time":1773574275}
03-15 11:31:14.758 32583  5942 V [MYTAG][mail_tcp_socket][RemoteOptor]: ----
03-15 11:31:14.758 32583  5942 V [MYTAG][mail_tcp_socket][RemoteOptor]: [CMD]DEV_SDCARD_STATUS_QUERY
03-15 11:31:14.758 32583  5942 V [MYTAG][mail_tcp_socket][RemoteOptor]: [PARAM]null
03-15 11:31:14.759 32583  5942 V [MYTAG][mail_tcp_socket][HttpTransportLayer]: [HTTP SEND GET]
03-15 11:31:14.759 32583  5942 V [MYTAG][mail_tcp_socket][HttpTransportLayer]: 	 url:http://192.168.0.1:80/app/getsdinfo
03-15 11:31:14.760 32583  5942 V [MYTAG][main][Device]: 666 dev is connected:true
03-15 11:31:14.796 32583  5942 V [MYTAG][mail_tcp_socket][HttpTransportLayer]: [HTTP RSP]
03-15 11:31:14.796 32583  5942 V [MYTAG][mail_tcp_socket][HttpTransportLayer]: 	 errcode:0
03-15 11:31:14.796 32583  5942 V [MYTAG][mail_tcp_socket][HttpTransportLayer]: 	[content]{"result":0,"info":{"status":0,"free":272,"total":1883}}
03-15 11:31:14.796 32583  5942 V [MYTAG][mail_tcp_socket][HttpTransportLayer]: -----------------------------------------
03-15 11:31:14.843 32583 32583 W ProxyAndroidLoggerBackend: Too many Flogger logs received before configuration. Dropping old logs.
03-15 11:31:14.866 32583 32583 I chatty  : uid=10291(com.vidure.app) identical 6 lines
03-15 11:31:14.867 32583 32583 W ProxyAndroidLoggerBackend: Too many Flogger logs received before configuration. Dropping old logs.
03-15 11:31:14.875 32583  6097 W ProxyAndroidLoggerBackend: Too many Flogger logs received before configuration. Dropping old logs.
03-15 11:31:14.876 32583  6097 W ProxyAndroidLoggerBackend: Too many Flogger logs received before configuration. Dropping old logs.
03-15 11:31:14.876 32583  6098 W ProxyAndroidLoggerBackend: Too many Flogger logs received before configuration. Dropping old logs.
03-15 11:31:14.877 32583  6098 I chatty  : uid=10291(com.vidure.app) identical 3 lines
03-15 11:31:14.877 32583  6098 W ProxyAndroidLoggerBackend: Too many Flogger logs received before configuration. Dropping old logs.
03-15 11:31:14.878 32583  6099 W ProxyAndroidLoggerBackend: Too many Flogger logs received before configuration. Dropping old logs.
03-15 11:31:14.879 32583  6097 W ProxyAndroidLoggerBackend: Too many Flogger logs received before configuration. Dropping old logs.
03-15 11:31:14.880 32583  6097 I chatty  : uid=10291(com.vidure.app) identical 3 lines
03-15 11:31:14.880 32583  6097 W ProxyAndroidLoggerBackend: Too many Flogger logs received before configuration. Dropping old logs.
03-15 11:31:14.881 32583  6098 W ProxyAndroidLoggerBackend: Too many Flogger logs received before configuration. Dropping old logs.
03-15 11:31:14.881 32583  6098 W ProxyAndroidLoggerBackend: Too many Flogger logs received before configuration. Dropping old logs.
03-15 11:31:14.882 32583  6099 W ProxyAndroidLoggerBackend: Too many Flogger logs received before configuration. Dropping old logs.
03-15 11:31:14.882 32583  6098 W ProxyAndroidLoggerBackend: Too many Flogger logs received before configuration. Dropping old logs.
03-15 11:31:14.883 32583  6097 W ProxyAndroidLoggerBackend: Too many Flogger logs received before configuration. Dropping old logs.
03-15 11:31:14.883 32583 32583 W ProxyAndroidLoggerBackend: Too many Flogger logs received before configuration. Dropping old logs.
03-15 11:31:14.889 32583  5942 V [MYTAG][main][Device]: 666 dev is connected:true
03-15 11:31:14.893 32583  5942 V [MYTAG][main][CameraPreviewActivity]: rev msg1:264454
03-15 11:31:14.893 32583  5942 V [MYTAG][main][Device]: 666 dev is connected:true
03-15 11:31:14.894 32583  5942 V [MYTAG][main][CameraPreviewActivity]: rev msg1:589832
03-15 11:31:17.594 32583  6021 W System.err: java.net.SocketTimeoutException: failed to connect to /180.76.76.200 (port 443) from /192.168.0.100 (port 52768) after 30000ms
03-15 11:31:17.594 32583  6021 W System.err: 	at libcore.io.IoBridge.connectErrno(IoBridge.java:191)
03-15 11:31:17.594 32583  6021 W System.err: 	at libcore.io.IoBridge.connect(IoBridge.java:135)
03-15 11:31:17.594 32583  6021 W System.err: 	at java.net.PlainSocketImpl.socketConnect(PlainSocketImpl.java:142)
03-15 11:31:17.594 32583  6021 W System.err: 	at java.net.AbstractPlainSocketImpl.doConnect(AbstractPlainSocketImpl.java:390)
03-15 11:31:17.594 32583  6021 W System.err: 	at java.net.AbstractPlainSocketImpl.connectToAddress(AbstractPlainSocketImpl.java:230)
03-15 11:31:17.594 32583  6021 W System.err: 	at java.net.AbstractPlainSocketImpl.connect(AbstractPlainSocketImpl.java:212)
03-15 11:31:17.594 32583  6021 W System.err: 	at java.net.SocksSocketImpl.connect(SocksSocketImpl.java:436)
03-15 11:31:17.594 32583  6021 W System.err: 	at java.net.Socket.connect(Socket.java:621)
03-15 11:31:17.594 32583  6021 W System.err: 	at com.android.okhttp.internal.Platform.connectSocket(Platform.java:182)
03-15 11:31:17.594 32583  6021 W System.err: 	at com.android.okhttp.internal.io.RealConnection.connectSocket(RealConnection.java:1407)
03-15 11:31:17.595 32583  6021 W System.err: 	at com.android.okhttp.internal.io.RealConnection.connect(RealConnection.java:1359)
03-15 11:31:17.595 32583  6021 W System.err: 	at com.android.okhttp.internal.http.StreamAllocation.findConnection(StreamAllocation.java:221)
03-15 11:31:17.595 32583  6021 W System.err: 	at com.android.okhttp.internal.http.StreamAllocation.findHealthyConnection(StreamAllocation.java:144)
03-15 11:31:17.595 32583  6021 W System.err: 	at com.android.okhttp.internal.http.StreamAllocation.newStream(StreamAllocation.java:106)
03-15 11:31:17.595 32583  6021 W System.err: 	at com.android.okhttp.internal.http.HttpEngine.connect(HttpEngine.java:400)
03-15 11:31:17.595 32583  6021 W System.err: 	at com.android.okhttp.internal.http.HttpEngine.sendRequest(HttpEngine.java:333)
03-15 11:31:17.595 32583  6021 W System.err: 	at com.android.okhttp.internal.huc.HttpURLConnectionImpl.execute(HttpURLConnectionImpl.java:483)
03-15 11:31:17.595 32583  6021 W System.err: 	at com.android.okhttp.internal.huc.HttpURLConnectionImpl.connect(HttpURLConnectionImpl.java:135)
03-15 11:31:17.595 32583  6021 W System.err: 	at com.android.okhttp.internal.huc.DelegatingHttpsURLConnection.connect(DelegatingHttpsURLConnection.java:90)
03-15 11:31:17.595 32583  6021 W System.err: 	at com.android.okhttp.internal.huc.HttpsURLConnectionImpl.connect(HttpsURLConnectionImpl.java:30)
03-15 11:31:17.595 32583  6021 W System.err: 	at com.baidu.a.g$b.a(SourceFile:4)
03-15 11:31:17.595 32583  6021 W System.err: 	at com.baidu.a.g$b.a(SourceFile:3)
03-15 11:31:17.595 32583  6021 W System.err: 	at com.baidu.a.g$b.run(Unknown Source:2)
03-15 11:31:17.595 32583  6021 W System.err: 	at java.util.concurrent.ThreadPoolExecutor.runWorker(ThreadPoolExecutor.java:1167)
03-15 11:31:17.595 32583  6021 W System.err: 	at java.util.concurrent.ThreadPoolExecutor$Worker.run(ThreadPoolExecutor.java:641)
03-15 11:31:17.595 32583  6021 W System.err: 	at java.lang.Thread.run(Thread.java:919)
03-15 11:31:17.762 32583  5942 V [MYTAG][mail_tcp_socket][ViiSocketMailDataPhraser]: ------------mail---------------
03-15 11:31:17.762 32583  5942 V [MYTAG][mail_tcp_socket][ViiSocketMailDataPhraser]: {"msgid":"battery","info":{"capacity":70,"charge":0},"time":1773574278}
03-15 11:31:17.764 32583  6131 W System  : Ignoring header sessionid because its value was null.
03-15 11:31:17.764 32583  6131 I System.out: (HTTPLog)-Static: isSBSettingEnabled false
03-15 11:31:17.764 32583  6131 I System.out: (HTTPLog)-Static: isSBSettingEnabled false
03-15 11:31:17.765 32583  5942 V [MYTAG][mail_tcp_socket][ViiSocketMailDataPhraser]: ------------mail---------------
03-15 11:31:17.765 32583  5942 V [MYTAG][mail_tcp_socket][ViiSocketMailDataPhraser]: {"msgid":"sd","info":{"status":0},"time":1773574278}
03-15 11:31:17.766 32583  5942 V [MYTAG][mail_tcp_socket][RemoteOptor]: ----
03-15 11:31:17.766 32583  5942 V [MYTAG][mail_tcp_socket][RemoteOptor]: [CMD]DEV_SDCARD_STATUS_QUERY
03-15 11:31:17.766 32583  5942 V [MYTAG][mail_tcp_socket][RemoteOptor]: [PARAM]null
03-15 11:31:17.767 32583  5942 V [MYTAG][mail_tcp_socket][HttpTransportLayer]: [HTTP SEND GET]
03-15 11:31:17.767 32583  5942 V [MYTAG][mail_tcp_socket][HttpTransportLayer]: 	 url:http://192.168.0.1:80/app/getsdinfo
03-15 11:31:17.769 32583  5942 V [MYTAG][main][Device]: 666 dev is connected:true
03-15 11:31:17.796 32583  5942 V [MYTAG][mail_tcp_socket][HttpTransportLayer]: [HTTP RSP]
03-15 11:31:17.796 32583  5942 V [MYTAG][mail_tcp_socket][HttpTransportLayer]: 	 errcode:0
03-15 11:31:17.796 32583  5942 V [MYTAG][mail_tcp_socket][HttpTransportLayer]: 	[content]{"result":0,"info":{"status":0,"free":268,"total":1883}}
03-15 11:31:17.796 32583  5942 V [MYTAG][mail_tcp_socket][HttpTransportLayer]: -----------------------------------------
03-15 11:31:17.816 32583 32583 W ProxyAndroidLoggerBackend: Too many Flogger logs received before configuration. Dropping old logs.
03-15 11:31:17.833 32583 32583 I chatty  : uid=10291(com.vidure.app) identical 7 lines
03-15 11:31:17.842 32583 32583 W ProxyAndroidLoggerBackend: Too many Flogger logs received before configuration. Dropping old logs.
03-15 11:31:17.843 32583  6097 W ProxyAndroidLoggerBackend: Too many Flogger logs received before configuration. Dropping old logs.
03-15 11:31:17.843 32583  6098 W ProxyAndroidLoggerBackend: Too many Flogger logs received before configuration. Dropping old logs.
03-15 11:31:17.848 32583  6098 I chatty  : uid=10291(com.vidure.app) identical 11 lines
03-15 11:31:17.848 32583  6098 W ProxyAndroidLoggerBackend: Too many Flogger logs received before configuration. Dropping old logs.
03-15 11:31:17.848 32583  6099 W ProxyAndroidLoggerBackend: Too many Flogger logs received before configuration. Dropping old logs.
03-15 11:31:17.849 32583  6099 I chatty  : uid=10291(com.vidure.app) identical 1 line
03-15 11:31:17.849 32583  6099 W ProxyAndroidLoggerBackend: Too many Flogger logs received before configuration. Dropping old logs.
03-15 11:31:17.850 32583  6097 W ProxyAndroidLoggerBackend: Too many Flogger logs received before configuration. Dropping old logs.
03-15 11:31:17.851 32583  5942 V [MYTAG][main][Device]: 666 dev is connected:true
03-15 11:31:17.853 32583  5942 V [MYTAG][main][CameraPreviewActivity]: rev msg1:264454
03-15 11:31:17.854 32583  5942 V [MYTAG][main][Device]: 666 dev is connected:true
03-15 11:31:17.854 32583  5942 V [MYTAG][main][CameraPreviewActivity]: rev msg1:589832
03-15 11:31:18.654 32583  5942 V [MYTAG][HeartbeatMgr][RemoteOptor]: ----
03-15 11:31:18.654 32583  5942 V [MYTAG][HeartbeatMgr][RemoteOptor]: [CMD]Basic_Msg_MailBox
03-15 11:31:18.654 32583  5942 V [MYTAG][HeartbeatMgr][RemoteOptor]: [PARAM]null
03-15 11:31:18.654 32583  6132 W System  : Ignoring header sessionid because its value was null.
03-15 11:31:18.655 32583  6132 I System.out: (HTTPLog)-Static: isSBSettingEnabled false
03-15 11:31:18.655 32583  5942 V [MYTAG][HeartbeatMgr][HttpTransportLayer]: [HTTP SEND GET]
03-15 11:31:18.655 32583  5942 V [MYTAG][HeartbeatMgr][HttpTransportLayer]: 	 url:http://192.168.0.1:80/app/getparamvalue?param=rec
03-15 11:31:18.655 32583  6132 I System.out: (HTTPLog)-Static: isSBSettingEnabled false
03-15 11:31:18.687 32583  5942 V [MYTAG][HeartbeatMgr][HttpTransportLayer]: [HTTP RSP]
03-15 11:31:18.687 32583  5942 V [MYTAG][HeartbeatMgr][HttpTransportLayer]: 	 errcode:0
03-15 11:31:18.687 32583  5942 V [MYTAG][HeartbeatMgr][HttpTransportLayer]: 	[content]{"result":0,"info":{"value":1}}
03-15 11:31:18.687 32583  5942 V [MYTAG][HeartbeatMgr][HttpTransportLayer]: -----------------------------------------
03-15 11:31:20.775 32583  5942 V [MYTAG][mail_tcp_socket][ViiSocketMailDataPhraser]: ------------mail---------------
03-15 11:31:20.775 32583  5942 V [MYTAG][mail_tcp_socket][ViiSocketMailDataPhraser]: {"msgid":"battery","info":{"capacity":70,"charge":0},"time":1773574281}
03-15 11:31:20.777 32583  5942 V [MYTAG][mail_tcp_socket][ViiSocketMailDataPhraser]: ------------mail---------------
03-15 11:31:20.777 32583  5942 V [MYTAG][mail_tcp_socket][ViiSocketMailDataPhraser]: {"msgid":"sd","info":{"status":0},"time":1773574281}
03-15 11:31:20.778 32583  6131 W System  : Ignoring header sessionid because its value was null.
03-15 11:31:20.778 32583  5942 V [MYTAG][mail_tcp_socket][RemoteOptor]: ----
03-15 11:31:20.778 32583  5942 V [MYTAG][mail_tcp_socket][RemoteOptor]: [CMD]DEV_SDCARD_STATUS_QUERY
03-15 11:31:20.778 32583  5942 V [MYTAG][mail_tcp_socket][RemoteOptor]: [PARAM]null
03-15 11:31:20.778 32583  6131 I System.out: (HTTPLog)-Static: isSBSettingEnabled false
03-15 11:31:20.778 32583  6131 I System.out: (HTTPLog)-Static: isSBSettingEnabled false
03-15 11:31:20.780 32583  5942 V [MYTAG][mail_tcp_socket][HttpTransportLayer]: [HTTP SEND GET]
03-15 11:31:20.780 32583  5942 V [MYTAG][mail_tcp_socket][HttpTransportLayer]: 	 url:http://192.168.0.1:80/app/getsdinfo
03-15 11:31:20.782 32583  5942 V [MYTAG][main][Device]: 666 dev is connected:true
03-15 11:31:20.821 32583  5942 V [MYTAG][mail_tcp_socket][HttpTransportLayer]: [HTTP RSP]
03-15 11:31:20.821 32583  5942 V [MYTAG][mail_tcp_socket][HttpTransportLayer]: 	 errcode:0
03-15 11:31:20.821 32583  5942 V [MYTAG][mail_tcp_socket][HttpTransportLayer]: 	[content]{"result":0,"info":{"status":0,"free":264,"total":1883}}
03-15 11:31:20.821 32583  5942 V [MYTAG][mail_tcp_socket][HttpTransportLayer]: -----------------------------------------
03-15 11:31:20.852 32583 32583 W ProxyAndroidLoggerBackend: Too many Flogger logs received before configuration. Dropping old logs.
03-15 11:31:20.868 32583 32583 I chatty  : uid=10291(com.vidure.app) identical 7 lines
03-15 11:31:20.877 32583 32583 W ProxyAndroidLoggerBackend: Too many Flogger logs received before configuration. Dropping old logs.
03-15 11:31:20.881 32583  6099 W ProxyAndroidLoggerBackend: Too many Flogger logs received before configuration. Dropping old logs.
03-15 11:31:20.882 32583  6099 W ProxyAndroidLoggerBackend: Too many Flogger logs received before configuration. Dropping old logs.
03-15 11:31:20.882 32583  6099 W ProxyAndroidLoggerBackend: Too many Flogger logs received before configuration. Dropping old logs.
03-15 11:31:20.883 32583  5942 V [MYTAG][main][Device]: 666 dev is connected:true
03-15 11:31:20.883 32583  6099 W ProxyAndroidLoggerBackend: Too many Flogger logs received before configuration. Dropping old logs.
03-15 11:31:20.883 32583  6099 I chatty  : uid=10291(com.vidure.app) identical 1 line
03-15 11:31:20.884 32583  6099 W ProxyAndroidLoggerBackend: Too many Flogger logs received before configuration. Dropping old logs.
03-15 11:31:20.884 32583  6098 W ProxyAndroidLoggerBackend: Too many Flogger logs received before configuration. Dropping old logs.
03-15 11:31:20.884 32583  6099 W ProxyAndroidLoggerBackend: Too many Flogger logs received before configuration. Dropping old logs.
03-15 11:31:20.885 32583  5942 V [MYTAG][main][CameraPreviewActivity]: rev msg1:264454
03-15 11:31:20.886 32583  5942 V [MYTAG][main][Device]: 666 dev is connected:true
03-15 11:31:20.886 32583  5942 V [MYTAG][main][CameraPreviewActivity]: rev msg1:589832
03-15 11:31:20.888 32583  6099 W ProxyAndroidLoggerBackend: Too many Flogger logs received before configuration. Dropping old logs.
03-15 11:31:20.889 32583  6098 W ProxyAndroidLoggerBackend: Too many Flogger logs received before configuration. Dropping old logs.
