03-15 11:30:43.169 21880 21880 W ProxyAndroidLoggerBackend: Too many Flogger logs received before configuration. Dropping old logs.
03-15 11:30:43.171 21880 21880 I chatty  : uid=10291(com.vidure.app) identical 16 lines
03-15 11:30:43.171 21880 21880 W ProxyAndroidLoggerBackend: Too many Flogger logs received before configuration. Dropping old logs.
03-15 11:30:43.172 21880 21880 W ProxyAndroidLoggerBackend: Too many Flogger logs received before configuration. Dropping old logs.
03-15 11:30:43.172 21880 21880 I chatty  : uid=10291(com.vidure.app) identical 2 lines
03-15 11:30:43.172 21880 21880 W ProxyAndroidLoggerBackend: Too many Flogger logs received before configuration. Dropping old logs.
03-15 11:30:43.172 21880 21880 W ProxyAndroidLoggerBackend: Too many Flogger logs received before configuration. Dropping old logs.
03-15 11:30:43.172 21880 21880 W ProxyAndroidLoggerBackend: Too many Flogger logs received before configuration. Dropping old logs.
03-15 11:30:43.172 21880 21880 W ProxyAndroidLoggerBackend: Too many Flogger logs received before configuration. Dropping old logs.
03-15 11:30:43.175 21880 21880 I chatty  : uid=10291(com.vidure.app) identical 20 lines
03-15 11:30:43.175 21880 21880 W ProxyAndroidLoggerBackend: Too many Flogger logs received before configuration. Dropping old logs.
03-15 11:30:43.175 21880 21880 W ProxyAndroidLoggerBackend: Too many Flogger logs received before configuration. Dropping old logs.
03-15 11:30:43.176 21880 21880 W ProxyAndroidLoggerBackend: Too many Flogger logs received before configuration. Dropping old logs.
03-15 11:30:43.176 21880 21880 W ProxyAndroidLoggerBackend: Too many Flogger logs received before configuration. Dropping old logs.
03-15 11:30:43.176 21880 21880 W ProxyAndroidLoggerBackend: Too many Flogger logs received before configuration. Dropping old logs.
03-15 11:30:43.176 21880 21880 W ProxyAndroidLoggerBackend: Too many Flogger logs received before configuration. Dropping old logs.
03-15 11:30:43.176 21880 21880 I chatty  : uid=10291(com.vidure.app) identical 2 lines
03-15 11:30:43.176 21880 21880 W ProxyAndroidLoggerBackend: Too many Flogger logs received before configuration. Dropping old logs.
03-15 11:30:43.177 21880  3797 V [MYTAG][Thread-30][MyApplication]: activity is not empty ,wait 10ms.
03-15 11:30:43.177 21880  3797 V [MYTAG][main][MainActivity]: MainActivity onDestroy...
03-15 11:30:43.179 21880  3797 D [MYTAG][main][DefaultDialog]: dismiss dialogId:general_waiting_dlg
03-15 11:30:43.180 21880  3797 V [MYTAG][main][CameraTabFragment]: CameraTabFragment onDestroy...
03-15 11:30:43.180 21880  3797 V [MYTAG][main][AlbumTabFragment]: AlbumTabFragment onDestroy...
03-15 11:30:43.190 21880  3797 V [MYTAG][main][AiEditorTabFragment]: AiEditorTabFragment onDestroy...
03-15 11:30:43.190 21880  3797 V [MYTAG][main][VMeTabFragment]: VMeTabFragment onDestroy...
03-15 11:30:43.190 21880  3797 V [MYTAG][main][LlService]: the app license is valid.
03-15 11:30:43.191 21880 21880 D ViewRootImpl@6da9899[MainActivity]: dispatchDetachedFromWindow
03-15 11:30:43.193 21880 21880 D InputTransport: Input channel destroyed: 'c972f0d', fd=152
03-15 11:30:43.193 21880 21880 D ViewRootImpl@99b48d7[CameraPreviewActivity]: MSG_WINDOW_FOCUS_CHANGED 0 1
03-15 11:30:43.195 21880 21880 D InputMethodManager: prepareNavigationBarInfo() DecorView@3a99434[CameraPreviewActivity]
03-15 11:30:43.195 21880 21880 D InputMethodManager: getNavigationBarColor() -1
03-15 11:30:43.195 21880  3797 V [MYTAG][main][CameraPreviewActivity]: CameraPreviewActivity onWindowFocusChanged...false
03-15 11:30:43.202 21880 21880 D ViewRootImpl@99b48d7[CameraPreviewActivity]: Relayout returned: old=(0,0,2560,1600) new=(0,0,2560,1600) req=(2560,1600)0 dur=3 res=0x1 s={true 529616957440} ch=false
03-15 11:30:43.277 21880  3797 V [MYTAG][Thread-30][MyApplication]: activity is not empty ,wait 10ms.
03-15 11:30:43.284 21880 21880 D InputTransport: Input channel destroyed: 'ClientS', fd=134
03-15 11:30:43.350 21880  4037 D IJKMEDIA: ijkmp_stop()
03-15 11:30:43.350 21880  4037 D IJKMEDIA: ijkmp_stop()=0
03-15 11:30:43.350 21880  4051 I IJKMEDIA: SDL_JNI_DetachThreadEnv: [4051]
03-15 11:30:43.350 21880  4037 D IJKMEDIA: IjkMediaPlayer_native_profileEnd
03-15 11:30:43.350 21880  4037 D aprof-fake: fake-momcleanup
03-15 11:30:43.350 21880  4037 D IJKMEDIA: moncleanup
03-15 11:30:43.350 21880  4037 D IJKMEDIA: IjkMediaPlayer_release
03-15 11:30:43.350 21880  4037 D IJKMEDIA: ijkmp_set_android_surface(surface=0x0)
03-15 11:30:43.351 21880  4037 D IJKMEDIA: ffpipeline_set_surface()
03-15 11:30:43.351 21880  4037 D IJKMEDIA: ijkmp_set_android_surface(surface=0x0)=void
03-15 11:30:43.351 21880  4037 D IJKMEDIA: ijkmp_shutdown_l()
03-15 11:30:43.352 21880  4050 D IJKMEDIA: message_loop exit
03-15 11:30:43.352 21880  4050 I IJKMEDIA: SDL_JNI_DetachThreadEnv: [4050]
03-15 11:30:43.352 21880  3797 V [MYTAG][pool-25-thread-1][toStop]: runnable  is start.
03-15 11:30:43.352 21880  3797 V [MYTAG][pool-25-thread-1][IjkPreviewPlayer]: ... start to stop!!
03-15 11:30:43.352 21880  3797 V [MYTAG][pool-25-thread-1][IjkPreviewPlayer]: release:
03-15 11:30:43.352 21880  4061 I IJKMEDIA: convert image convert_frame_count = 0
03-15 11:30:43.352 21880  4061 I IJKMEDIA: SDL_JNI_DetachThreadEnv: [4061]
03-15 11:30:43.377 21880  3797 V [MYTAG][Thread-30][MyApplication]: activity is not empty ,wait 10ms.
03-15 11:30:43.380 21880  4052 I IJKMEDIA: read_packet len is -1.
03-15 11:30:43.380 21880  4052 E IJKMEDIA: read_packet ret < 0:-1,s->nb_streams:2.
03-15 11:30:43.380 21880  4052 I IJKMEDIA: ff_read_packet ret is -1,s->internal->parse_queue:0.
03-15 11:30:43.380 21880  4052 I IJKMEDIA: read thread abort_request.
03-15 11:30:43.380 21880  4052 I IJKMEDIA: SDL_JNI_DetachThreadEnv: [4052]
03-15 11:30:43.384 21880  4037 I IJKMEDIA: s->iformat->read_close
03-15 11:30:43.477 21880  3797 V [MYTAG][Thread-30][MyApplication]: activity is not empty ,wait 10ms.
03-15 11:30:43.578 21880  3797 V [MYTAG][Thread-30][MyApplication]: activity is not empty ,wait 10ms.
03-15 11:30:43.678 21880  3797 V [MYTAG][Thread-30][MyApplication]: activity is not empty ,wait 10ms.
03-15 11:30:43.684 21880  4037 I IJKMEDIA: rtsp close streams end 
03-15 11:30:43.685 21880  4037 E IJKMEDIA: SDL_Overlay(ffmpeg): overlay_free_l(0x7b5a4b2630)
03-15 11:30:43.685 21880  4037 E IJKMEDIA: SDL_Overlay(ffmpeg): overlay_free_l(0x7b5a4b26a0)
03-15 11:30:43.685 21880  4037 E IJKMEDIA: SDL_Overlay(ffmpeg): overlay_free_l(0x7b5a4b2710)
03-15 11:30:43.685 21880  4037 E IJKMEDIA: SDL_Overlay(ffmpeg): overlay_free_l(0x7b5a4b2780)
03-15 11:30:43.685 21880  4037 E IJKMEDIA: SDL_Overlay(ffmpeg): overlay_free_l(0x7b5a4b2fd0)
03-15 11:30:43.685 21880  4037 E IJKMEDIA: SDL_Overlay(ffmpeg): overlay_free_l(0x7b5a4b3040)
03-15 11:30:43.685 21880  4037 E IJKMEDIA: SDL_Overlay(ffmpeg): overlay_free_l(0x7b5a4b30b0)
03-15 11:30:43.685 21880  4037 E IJKMEDIA: SDL_Overlay(ffmpeg): overlay_free_l(0x7b5a4b3120)
03-15 11:30:43.685 21880  4037 E IJKMEDIA: SDL_Overlay(ffmpeg): overlay_free_l(0x7b5a4b3190)
03-15 11:30:43.685 21880  4037 E IJKMEDIA: SDL_Overlay(ffmpeg): overlay_free_l(0x7b5a4b3200)
03-15 11:30:43.685 21880  4037 E IJKMEDIA: SDL_Overlay(ffmpeg): overlay_free_l(0x7b5a4b3270)
03-15 11:30:43.685 21880  4037 E IJKMEDIA: SDL_Overlay(ffmpeg): overlay_free_l(0x7b5a4b32e0)
03-15 11:30:43.685 21880  4037 D IJKMEDIA: ijkmp_shutdown_l()=void
03-15 11:30:43.685 21880  4037 D IJKMEDIA: ijkmp_dec_ref(): ref=0
03-15 11:30:43.685 21880  4037 D IJKMEDIA: ijkmp_shutdown_l()
03-15 11:30:43.685 21880  4037 D IJKMEDIA: ijkmp_shutdown_l()=void
03-15 11:30:43.686 21880  3797 V [MYTAG][pool-25-thread-1][IjkPreviewPlayer]: stopped.
03-15 11:30:43.728 21880 21880 D SurfaceView: onWindowVisibilityChanged(8) false android.view.SurfaceView{9e19b73 G.E...... ......I. 0,0-0,0 #7f0905f7 app:id/surface_view} of ViewRootImpl@99b48d7[CameraPreviewActivity]
03-15 11:30:43.728 21880 21880 D SurfaceView: onWindowVisibilityChanged(8) false android.opengl.GLSurfaceView{5e6a30 G.E...... ......I. 0,0-0,0 #7f090275 app:id/gl_surface_view} of ViewRootImpl@99b48d7[CameraPreviewActivity]
03-15 11:30:43.728 21880 21880 D SurfaceView: onWindowVisibilityChanged(8) false com.vidure.libs.video.mc.ai.VideoGLSurfaceView{dae06a9 V.E...... ........ 0,0-2560,1600 #7f09062f app:id/texture_surface_view} of ViewRootImpl@99b48d7[CameraPreviewActivity]
03-15 11:30:43.729 21880 21880 D SurfaceView: surfaceDestroyed callback.size 1 #2 com.vidure.libs.video.mc.ai.VideoGLSurfaceView{dae06a9 V.E...... ........ 0,0-2560,1600 #7f09062f app:id/texture_surface_view}
03-15 11:30:43.731 21880  3797 V [MYTAG][main][IjkPreviewPlayer]: onSurfaceDestroyed
03-15 11:30:43.731 21880 21880 D SurfaceView: remove() com.vidure.libs.video.mc.ai.VideoGLSurfaceView{dae06a9 V.E...... ........ 0,0-2560,1600 #7f09062f app:id/texture_surface_view} Surface(name=SurfaceView - com.vidure.app/com.vidure.app.ui.activity.CameraPreviewActivity@dae06a9@0)/@0xfb3e689
03-15 11:30:43.732 21880  3790 D OpenGLRenderer: makeCurrent EglSurface : 0x7b7550ff80 -> 0x0
03-15 11:30:43.738 21880 21880 D ViewRootImpl@99b48d7[CameraPreviewActivity]: Relayout returned: old=(0,0,2560,1600) new=(0,0,2560,1600) req=(2560,1600)8 dur=4 res=0x5 s={false 0} ch=true
03-15 11:30:43.738 21880  3797 D [MYTAG][main][GoogleMapAdapter]: onStop
03-15 11:30:43.741 21880 21880 D ViewRootImpl@99b48d7[CameraPreviewActivity]: stopped(true) old=false
03-15 11:30:43.741 21880 21880 D SurfaceView: windowStopped(true) false android.view.SurfaceView{9e19b73 G.E...... ......I. 0,0-0,0 #7f0905f7 app:id/surface_view} of ViewRootImpl@99b48d7[CameraPreviewActivity]
03-15 11:30:43.741 21880 21880 D SurfaceView: windowStopped(true) false android.opengl.GLSurfaceView{5e6a30 G.E...... ......I. 0,0-0,0 #7f090275 app:id/gl_surface_view} of ViewRootImpl@99b48d7[CameraPreviewActivity]
03-15 11:30:43.741 21880 21880 D SurfaceView: windowStopped(true) false com.vidure.libs.video.mc.ai.VideoGLSurfaceView{dae06a9 V.E...... ........ 0,0-2560,1600 #7f09062f app:id/texture_surface_view} of ViewRootImpl@99b48d7[CameraPreviewActivity]
03-15 11:30:43.742 21880  3797 V [MYTAG][main][CameraPreviewActivity]: CameraPreviewActivity onStop...
03-15 11:30:43.742 21880  3797 V [MYTAG][main][ActivityListMgr]: app switch to background
03-15 11:30:43.743 21880  3797 D [MYTAG][main][GoogleMapAdapter]: onDestroy
03-15 11:30:43.744 21880 21880 D Google Android Maps SDK: For capability in capabilities, log:
03-15 11:30:43.744 21880 21880 D Google Android Maps SDK: "AdvancedMarkers: false: Capabilities unavailable without a Map ID."Data-driven styling: false
03-15 11:30:43.752 21880 21880 W ProxyAndroidLoggerBackend: Too many Flogger logs received before configuration. Dropping old logs.
03-15 11:30:43.756 21880 21880 W ProxyAndroidLoggerBackend: Too many Flogger logs received before configuration. Dropping old logs.
03-15 11:30:43.766 21880  3793 W System  : Ignoring header sessionid because its value was null.
03-15 11:30:43.766 21880  3797 D [MYTAG][main][TrackLocateService]: shutdown TrackLocateService:
03-15 11:30:43.766 21880  3797 V [MYTAG][pool-11-thread-1][log_out]: runnable  is start.
03-15 11:30:43.766 21880  3793 I System.out: (HTTPLog)-Static: isSBSettingEnabled false
03-15 11:30:43.766 21880  3793 I System.out: (HTTPLog)-Static: isSBSettingEnabled false
03-15 11:30:43.766 21880  3797 V [MYTAG][pool-11-thread-1][RemoteOptor]: ----
03-15 11:30:43.766 21880  3797 V [MYTAG][pool-11-thread-1][RemoteOptor]: [CMD]Basic_Auth_Logout
03-15 11:30:43.766 21880  3797 V [MYTAG][pool-11-thread-1][RemoteOptor]: [PARAM]null
03-15 11:30:43.766 21880  3797 V [MYTAG][pool-11-thread-1][HttpTransportLayer]: [HTTP SEND GET]
03-15 11:30:43.766 21880  3797 V [MYTAG][pool-11-thread-1][HttpTransportLayer]: 	 url:http://192.168.0.1:80/app/exitrecorder
03-15 11:30:43.769 21880  3797 D [MYTAG][main][ExitApp]: activityList size=1, remove activity=CameraPreviewActivity
03-15 11:30:43.769 21880  3797 V [MYTAG][main][CameraPreviewActivity]: CameraPreviewActivity onDestroy...
03-15 11:30:43.770 21880  3797 D [MYTAG][main][DefaultDialog]: dismiss dialogId:general_waiting_dlg
03-15 11:30:43.773 21880  3797 V [MYTAG][main][DadaTplViewLayout]: onDetachedFromWindow.
03-15 11:30:43.773 21880  3797 V [MYTAG][main][DadaTplViewLayout]:  null
03-15 11:30:43.773 21880  3797 V [MYTAG][main][DadaTplViewLayout]: destroyed unregister.
03-15 11:30:43.773 21880  3797 V [MYTAG][main][DadaTplViewLayout]:  null
03-15 11:30:43.776 21880 21880 D ViewRootImpl@99b48d7[CameraPreviewActivity]: dispatchDetachedFromWindow
03-15 11:30:43.779 21880 21880 D InputTransport: Input channel destroyed: '8dd333e', fd=130
03-15 11:30:43.780 21880  3797 V [MYTAG][Thread-30][MyApplication]: activity is not empty ,wait 10ms.
03-15 11:30:43.786 21880  3797 V [MYTAG][main][TrackLocateService]:  onDestroy... 22857348
03-15 11:30:43.789 21880 21880 I com.vidure.app: System.exit called, status: 0
03-15 11:30:43.789 21880 21880 I AndroidRuntime: VM exiting with result code 0, cleanup skipped.
03-15 11:30:46.808 32583 32583 E com.vidure.app: Not starting debugger since process cannot load the jdwp agent.
03-15 11:30:46.816 32583 32583 D ActivityThread: setConscryptValidator
03-15 11:30:46.816 32583 32583 D ActivityThread: setConscryptValidator - put
03-15 11:30:46.837 32583 32583 I com.vidure.app: The ClassLoaderContext is a special shared library.
03-15 11:30:46.859 32583 32583 W com.vidure.app: JIT profile information will not be recorded: profile file does not exits.
03-15 11:30:46.859 32583 32583 I chatty  : uid=10291(com.vidure.app) identical 1 line
03-15 11:30:46.859 32583 32583 W com.vidure.app: JIT profile information will not be recorded: profile file does not exits.
03-15 11:30:46.866 32583 32583 I MultiDex: VM with version 2.1.0 has multidex support
03-15 11:30:46.866 32583 32583 I MultiDex: Installing application
03-15 11:30:46.866 32583 32583 I MultiDex: VM has multidex support, MultiDex support library is disabled.
03-15 11:30:46.871 32583 32583 W HMSSDK_PushPreferences: get new sharedPreferences failed,start to get from context. 
03-15 11:30:46.877 32583 32583 I FirebaseApp: Device unlocked: initializing all Firebase APIs for app [DEFAULT]
03-15 11:30:46.881 32583 32583 I FirebaseInitProvider: FirebaseApp initialization successful
03-15 11:30:46.902 32583 32583 W com.facebook.h: The value for AdvertiserIDCollectionEnabled is currently set to FALSE so you're sending app events without collecting Advertiser ID. This can affect the quality of your advertising and analytics results.
03-15 11:30:46.917 32583  5918 W n2.C    : Apps that target Android API 30+ (Android 11+) cannot call Facebook native apps unless the package visibility needs are declared. Please follow https://developers.facebook.com/docs/android/troubleshooting/#faq_267321845055988 to make the declaration.
03-15 11:30:46.918 32583 32583 I AGConnectProvider: AGConnectInitializeProvider#onCreate
03-15 11:30:46.918 32583 32583 I AGConnectInstance: AGConnectInstance#initialize
03-15 11:30:46.918 32583 32583 W AGC_Instance: agc sdk initialize
03-15 11:30:46.918 32583 32583 I AGC_Registrar: getServices
03-15 11:30:46.919 32583 32583 I AGC_Registrar: services:0
03-15 11:30:46.919 32583 32583 D AGC_Instance: AGConnectInstanceImpl init
03-15 11:30:46.919 32583 32583 D AGC_ServiceRepository: addService start
03-15 11:30:46.919 32583 32583 D AGC_ServiceRepository: addService end
03-15 11:30:46.919 32583 32583 D AGC_ServiceRepository: addService start
03-15 11:30:46.919 32583 32583 D AGC_Instance: AGConnectInstanceImpl init end
03-15 11:30:46.919 32583 32583 I AGC_Instance: initFinish callback start
03-15 11:30:46.919 32583 32583 I AGC_Instance: AGC SDK initialize end
03-15 11:30:46.939 32583  5919 D NetworkSecurityConfig: Using Network Security Config from resource network_security debugBuild: false
03-15 11:30:46.941 32583  5919 E com.facebook.c: GraphRequest can't be used when Facebook SDK isn't fully initialized
03-15 11:30:46.941 32583  5913 E com.facebook.c: GraphRequest can't be used when Facebook SDK isn't fully initialized
03-15 11:30:46.942 32583  5913 E com.facebook.c: GraphRequest can't be used when Facebook SDK isn't fully initialized
03-15 11:30:46.943 32583  5919 E com.facebook.c: GraphRequest can't be used when Facebook SDK isn't fully initialized
03-15 11:30:47.009 32583 32583 V MyApplication: APP start cost--- onCreate：16
03-15 11:30:47.026 32583 32583 W ActivityThread: handleWindowVisibility: no activity for token android.os.BinderProxy@b185b8f
03-15 11:30:47.027 32583  5919 E com.facebook.c: GraphRequest can't be used when Facebook SDK isn't fully initialized
03-15 11:30:47.073 32583 32583 D PhoneWindow: forceLight changed to true [] from com.android.internal.policy.PhoneWindow.updateForceLightNavigationBar:4268 com.android.internal.policy.DecorView.updateColorViews:1513 com.android.internal.policy.PhoneWindow.dispatchWindowAttributesChanged:3246 android.view.Window.setFlags:1148 com.android.internal.policy.PhoneWindow.generateLayout:2474 
03-15 11:30:47.073 32583 32583 D PhoneWindow: forceLight changed to false [] from com.android.internal.policy.PhoneWindow.updateForceLightNavigationBar:4274 com.android.internal.policy.DecorView.updateColorViews:1513 com.android.internal.policy.PhoneWindow.dispatchWindowAttributesChanged:3246 android.view.Window.setFlags:1148 com.android.internal.policy.PhoneWindow.generateLayout:2620 
03-15 11:30:47.074 32583 32583 I MultiWindowDecorSupport: updateCaptionType >> DecorView@6dbe64c[], isFloating: false, isApplication: true, hasWindowDecorCaption: false, hasWindowControllerCallback: true
03-15 11:30:47.074 32583 32583 D MultiWindowDecorSupport: setCaptionType = 0, DecorView = DecorView@6dbe64c[]
03-15 11:30:47.125 32583 32583 D EventBus: No subscribers registered for event class com.vidure.app.core.fw.msg.PhoneEventBusMsg
03-15 11:30:47.125 32583 32583 D EventBus: No subscribers registered for event class rf.f
03-15 11:30:47.126 32583 32583 V UiResInit: [start] do first step init. 
03-15 11:30:47.126 32583 32583 V UiResInit: [end] do first step init. 
03-15 11:30:47.128 32583  5940 V UiResInit: [start] do second step init. 
03-15 11:30:47.136 32583 32583 D ViewRootImpl@e974562[SplashActivity]: setView = com.android.internal.policy.DecorView@6dbe64c TM=true MM=false
03-15 11:30:47.139 32583  5919 E com.facebook.c: GraphRequest can't be used when Facebook SDK isn't fully initialized
03-15 11:30:47.149 32583 32583 D ViewRootImpl@e974562[SplashActivity]: Relayout returned: old=(0,0,1600,2560) new=(0,0,1600,2560) req=(1600,2560)0 dur=6 res=0x7 s={true 532528738304} ch=true
03-15 11:30:47.149 32583  5937 D OpenGLRenderer: createReliableSurface : 0x7c08736900(0x7bfd2fb000)
03-15 11:30:47.149 32583  5937 I AdrenoGLES: QUALCOMM build                   : f3ac570, I0807496fd3
03-15 11:30:47.149 32583  5937 I AdrenoGLES: Build Date                       : 09/04/20
03-15 11:30:47.149 32583  5937 I AdrenoGLES: OpenGL ES Shader Compiler Version: EV031.27.05.03
03-15 11:30:47.149 32583  5937 I AdrenoGLES: Local Branch                     : 
03-15 11:30:47.149 32583  5937 I AdrenoGLES: Remote Branch                    : refs/tags/AU_LINUX_ANDROID_LA.UM.8.4.R1.10.00.00.559.047
03-15 11:30:47.149 32583  5937 I AdrenoGLES: Remote Branch                    : NONE
03-15 11:30:47.149 32583  5937 I AdrenoGLES: Reconstruct Branch               : NOTHING
03-15 11:30:47.149 32583  5937 I AdrenoGLES: Build Config                     : C O 9.0.3 AArch64
03-15 11:30:47.153 32583  5937 I AdrenoGLES: PFP: 0x005ff113, ME: 0x005ff066
03-15 11:30:47.167 32583  5937 D OpenGLRenderer: makeCurrent EglSurface : 0x0 -> 0x0
03-15 11:30:47.174 32583  5937 D OpenGLRenderer: makeCurrent EglSurface : 0x0 -> 0x7c08794800
03-15 11:30:47.190 32583  5937 W Gralloc3: mapper 3.x is not supported
03-15 11:30:47.194 32583  5940 D EventBus: No subscribers registered for event class com.vidure.app.core.fw.msg.PhoneEventBusMsg
03-15 11:30:47.194 32583  5940 D EventBus: No subscribers registered for event class rf.f
03-15 11:30:47.207 32583 32583 D ViewRootImpl@e974562[SplashActivity]: MSG_WINDOW_FOCUS_CHANGED 1 1
03-15 11:30:47.207 32583 32583 D InputMethodManager: prepareNavigationBarInfo() DecorView@6dbe64c[SplashActivity]
03-15 11:30:47.207 32583 32583 D InputMethodManager: getNavigationBarColor() -1
03-15 11:30:47.208 32583 32583 D InputMethodManager: prepareNavigationBarInfo() DecorView@6dbe64c[SplashActivity]
03-15 11:30:47.208 32583 32583 D InputMethodManager: getNavigationBarColor() -1
03-15 11:30:47.208 32583 32583 V InputMethodManager: Starting input: tba=com.vidure.app ic=null mNaviBarColor -1 mIsGetNaviBarColorSuccess true , NavVisible : true , NavTrans : false
03-15 11:30:47.208 32583 32583 D InputMethodManager: startInputInner - Id : 0
03-15 11:30:47.208 32583 32583 I InputMethodManager: startInputInner - mService.startInputOrWindowGainedFocus
03-15 11:30:47.209 32583  5919 E com.facebook.c: GraphRequest can't be used when Facebook SDK isn't fully initialized
03-15 11:30:47.224 32583  5942 V [MYTAG][pool-11-thread-1][HttpDevRequest]: set properties:[http.keepAlive] to value:false
03-15 11:30:47.224 32583 32583 D ViewRootImpl@e974562[SplashActivity]: MSG_RESIZED_REPORT: frame=(0,0,1600,2560) ci=(0,54,0,108) vi=(0,54,0,108) or=1
03-15 11:30:47.224 32583  5942 V [MYTAG][pool-11-thread-1][BaseStorage]: /storage/emulated/0/Android/data/com.vidure.app/Viidure true
03-15 11:30:47.224 32583  5942 V [MYTAG][pool-11-thread-1][StorageMgr]: initGlobalPath type = 4, isOk = true, root = /storage/emulated/0/Android/data/com.vidure.app
03-15 11:30:47.224 32583  5942 V [MYTAG][pool-11-thread-1][VidureSDK]: start init Service:com.vidure.app.core.modules.base.service.ConfigMgr
03-15 11:30:47.224 32583  5942 V [MYTAG][pool-11-thread-1][ConfigMgr]: this service without subscribe EventBus,e.msg:Subscriber class com.vidure.app.core.modules.base.service.ConfigMgr and its super classes have no public methods with the @Subscribe annotation
03-15 11:30:47.224 32583  5942 I [MYTAG][pool-11-thread-1][ConfigMgr]: the app func:
03-15 11:30:47.224 32583  5942 V [MYTAG][pool-11-thread-1][LanguageUtils]: Application curLocale = de_DE, newLocale  = de_DE
03-15 11:30:47.224 32583  5942 V [MYTAG][pool-11-thread-1][ConfigMgr]: set appInfo.curLocale:de_DE System:de_DE
03-15 11:30:47.224 32583  5942 I [MYTAG][pool-11-thread-1][ConfigMgr]: setTimeFormat(), fullFormatStr:   timeFormat:TimeFormat{langStr='de_DE'}
03-15 11:30:47.224 32583  5942 I [MYTAG][pool-11-thread-1][ConfigMgr]: setTimeFormat(), fullFormatStr:   timeFormat:TimeFormat{langStr='de_DE'}
03-15 11:30:47.224 32583  5942 V [MYTAG][pool-11-thread-1][ConfigMgr]: init done.
03-15 11:30:47.224 32583  5942 V [MYTAG][pool-11-thread-1][VidureSDK]: end init Service:com.vidure.app.core.modules.base.service.ConfigMgr
03-15 11:30:47.225 32583  5942 V [MYTAG][pool-11-thread-1][MYLog]: updateStoragePath...
03-15 11:30:47.225 32583  5942 V [MYTAG][pool-11-thread-1][MYLog]: start log thread...
03-15 11:30:47.225 32583  5942 V [MYTAG][pool-11-thread-2][sdk_asyn_init: ConfigMgr]: runnable  is start.
03-15 11:30:47.225 32583  5942 V [MYTAG][pool-11-thread-2][ConfigMgr]: initDelay done.
03-15 11:30:47.225 32583  5942 V [MYTAG][pool-11-thread-2][ConfigMgr]: initInnerDelay done.
03-15 11:30:47.226 32583  5942 V [MYTAG][pool-11-thread-2][sdk_asyn_init: ConfigMgr]: runnable  is end.
03-15 11:30:47.228 32583 32583 D InputMethodManager: prepareNavigationBarInfo() DecorView@6dbe64c[SplashActivity]
03-15 11:30:47.228 32583 32583 D InputMethodManager: getNavigationBarColor() -1
03-15 11:30:47.228 32583 32583 V InputMethodManager: Starting input: tba=com.vidure.app ic=null mNaviBarColor -1 mIsGetNaviBarColorSuccess true , NavVisible : true , NavTrans : false
03-15 11:30:47.228 32583 32583 D InputMethodManager: startInputInner - Id : 0
03-15 11:30:47.315 32583  5942 V [MYTAG][pool-11-thread-1][UiResInit]: [end] do second step init. 
03-15 11:30:47.315 32583  5942 V [MYTAG][pool-11-thread-1][VTask-runnable]: runnable  is end.
03-15 11:30:47.315 32583  5942 V [MYTAG][main][VTask-runnable]: runnable  is start.
03-15 11:30:47.315 32583  5942 V [MYTAG][pool-11-thread-3][check_remote_res]: runnable  is start.
03-15 11:30:47.315 32583  5942 V [MYTAG][main][VTask-runnable]: runnable  is end.
03-15 11:30:47.316 32583  5942 V [MYTAG][pool-11-thread-4][VTask-runnable]: runnable  is start.
03-15 11:30:47.316 32583  5942 V [MYTAG][pool-11-thread-4][UiResInit]: [start] do third step init. 
03-15 11:30:47.317 32583  5942 V [MYTAG][pool-11-thread-4][UiResInit]: ShareUtils.init cost = 1
03-15 11:30:47.317 32583  5959 E PermissionCheck: The authManager is: null; the authCallback is: null; the mContext is: null
03-15 11:30:47.318 32583  5959 I BaiduApiAuth: BaiduApiAuth SDK Version:1.0.31
03-15 11:30:47.318 32583  5958 I System.out: (HTTPLog)-Static: isSBSettingEnabled false
03-15 11:30:47.318 32583  5958 I System.out: (HTTPLog)-Static: isSBSettingEnabled false
03-15 11:30:47.320 32583  5942 V [MYTAG][pool-11-thread-5][init_share_appinfo]: runnable  is start.
03-15 11:30:47.325 32583  5958 E [MYTAG][pool-11-thread-3]AppBootScreenNao: java.net.UnknownHostException: Unable to resolve host "app-api.lufengzhe.com": No address associated with hostname
03-15 11:30:47.326 32583  5942 W [MYTAG][pool-11-thread-3][SkinService]: check remote splash failed.
03-15 11:30:47.326 32583  5942 V [MYTAG][pool-11-thread-3][check_remote_res]: runnable  is end.
03-15 11:30:47.335 32583  5959 D ConnectivityManager: requestNetwork; CallingUid : 10291, CallingPid : 32583
03-15 11:30:47.345 32583  5959 E PermissionCheck: The authManager is: null; the authCallback is: null; the mContext is: null
03-15 11:30:47.354 32583  5965 W CuidBuddyInfoManager: galaxy lib host missing meta-data,make sure you know the right way to integrate galaxy
03-15 11:30:47.354 32583  5965 I chatty  : uid=10291(com.vidure.app) identical 1 line
03-15 11:30:47.354 32583  5965 W CuidBuddyInfoManager: galaxy lib host missing meta-data,make sure you know the right way to integrate galaxy
03-15 11:30:47.391 32583  5959 E PermissionCheck: permission check result is: -11
03-15 11:30:47.407 32583  5942 V [MYTAG][pool-11-thread-4][VidureSDK]: start init Service:com.vidure.app.core.modules.account.service.AccountService
03-15 11:30:47.409 32583  5959 W Java7Support: Unable to load JDK7 types (annotations, java.nio.file.Path): no Java7 support added
03-15 11:30:47.419 32583  5942 V [MYTAG][pool-11-thread-4][AccountService]: init done.
03-15 11:30:47.419 32583  5942 V [MYTAG][pool-11-thread-4][VidureSDK]: end init Service:com.vidure.app.core.modules.account.service.AccountService
03-15 11:30:47.420 32583  5942 V [MYTAG][pool-11-thread-4][VidureSDK]: start init Service:com.vidure.app.core.fw.llmgr.LlService
03-15 11:30:47.420 32583  5942 V [MYTAG][pool-11-thread-4][LlService]: this service without subscribe EventBus,e.msg:Subscriber class com.vidure.app.core.fw.llmgr.LlService and its super classes have no public methods with the @Subscribe annotation
03-15 11:30:47.420 32583  5942 V [MYTAG][pool-11-thread-4][LlService]: init.
03-15 11:30:47.420 32583  5942 V [MYTAG][pool-11-thread-4][LlService]: init done.
03-15 11:30:47.421 32583  5942 V [MYTAG][pool-11-thread-4][VidureSDK]: end init Service:com.vidure.app.core.fw.llmgr.LlService
03-15 11:30:47.421 32583  5942 V [MYTAG][pool-11-thread-4][VidureSDK]: start init Service:com.vidure.app.core.modules.base.service.PhoneService
03-15 11:30:47.423 32583  5942 V [MYTAG][pool-11-thread-4][PhoneCapacityMgr]: phoneUniqueType=samsung/SM-T835/10
03-15 11:30:47.423 32583  5942 V [MYTAG][pool-11-thread-4][PhoneService]: init done.
03-15 11:30:47.424 32583  5976 I System.out: (HTTPLog)-Static: isSBSettingEnabled false
03-15 11:30:47.424 32583  5976 I System.out: (HTTPLog)-Static: isSBSettingEnabled false
03-15 11:30:47.424 32583  5982 I System.out: (HTTPLog)-Static: isSBSettingEnabled false
03-15 11:30:47.424 32583  5982 I System.out: (HTTPLog)-Static: isSBSettingEnabled false
03-15 11:30:47.425 32583  5942 V [MYTAG][pool-11-thread-4][VidureSDK]: end init Service:com.vidure.app.core.modules.base.service.PhoneService
03-15 11:30:47.426 32583  5942 V [MYTAG][pool-11-thread-4][VidureSDK]: start init Service:com.vidure.app.core.modules.camera.service.CameraService
03-15 11:30:47.426 32583  5942 V [MYTAG][pool-11-thread-4][CameraService]: init done.
03-15 11:30:47.426 32583  5942 V [MYTAG][pool-11-thread-6][sdk_asyn_init: AccountService]: runnable  is start.
03-15 11:30:47.429 32583  5942 V [MYTAG][pool-11-thread-6][AccountService]: initDelay done.
03-15 11:30:47.430 32583  5942 V [MYTAG][pool-11-thread-4][VidureSDK]: end init Service:com.vidure.app.core.modules.camera.service.CameraService
03-15 11:30:47.431 32583  5942 V [MYTAG][pool-11-thread-4][VidureSDK]: start init Service:com.vidure.app.core.modules.album.service.AlbumService
03-15 11:30:47.431 32583  5942 V [MYTAG][pool-11-thread-4][AlbumService]: this service without subscribe EventBus,e.msg:Subscriber class com.vidure.app.core.modules.album.service.AlbumService and its super classes have no public methods with the @Subscribe annotation
03-15 11:30:47.433 32583  5983 W System  : Ignoring header Cookie because its value was null.
03-15 11:30:47.433 32583  5983 I System.out: (HTTPLog)-Static: isSBSettingEnabled false
03-15 11:30:47.433 32583  5983 I System.out: (HTTPLog)-Static: isSBSettingEnabled false
03-15 11:30:47.434 32583  5983 V HttpRequest.code(): 
03-15 11:30:47.434 32583  5942 V [MYTAG][pool-11-thread-7][sdk_asyn_init: LlService]: runnable  is start.
03-15 11:30:47.434 32583  5942 V [MYTAG][pool-11-thread-7][LlService]: initDelay.
03-15 11:30:47.434 32583  5942 V [MYTAG][pool-11-thread-7][LlService]: initDelay done.
03-15 11:30:47.434 32583  5942 V [MYTAG][pool-11-thread-7][LlService]: initInnerDelay done.
03-15 11:30:47.434 32583  5942 V [MYTAG][pool-11-thread-7][sdk_asyn_init: LlService]: runnable  is end.
03-15 11:30:47.435 32583  5983 V HttpRequest.code(): 
03-15 11:30:47.435 32583  5983 W System.err: com.vidure.libs.transport.impl.http.HttpRequest$e: java.net.UnknownHostException: Unable to resolve host "app-api.lufengzhe.com": No address associated with hostname
03-15 11:30:47.435 32583  5942 V [MYTAG][pool-11-thread-8][sdk_asyn_init: PhoneService]: runnable  is start.
03-15 11:30:47.435 32583  5942 I [MYTAG][pool-11-thread-8][PhoneCapacityMgr]: init:support_media_codec_model
03-15 11:30:47.435 32583  5942 V [MYTAG][pool-11-thread-9][sdk_asyn_init: CameraService]: runnable  is start.
03-15 11:30:47.436 32583  5983 W System.err: 	at com.vidure.libs.transport.impl.http.HttpRequest.c0(SourceFile:21)
03-15 11:30:47.436 32583  5942 V [MYTAG][pool-11-thread-4][AlbumService]: init done.
03-15 11:30:47.436 32583  5983 W System.err: 	at com.vidure.libs.transport.impl.http.HttpRequest.o(SourceFile:3)
03-15 11:30:47.436 32583  5983 W System.err: 	at com.vidure.libs.transport.impl.http.HttpRequest.n(SourceFile:5)
03-15 11:30:47.436 32583  5983 W System.err: 	at com.vidure.libs.transport.impl.http.HttpRequest.m(SourceFile:5)
03-15 11:30:47.436 32583  5983 W System.err: 	at com.vidure.app.core.modules.account.db.UserNao.getIpAddress(SourceFile:27)
03-15 11:30:47.436 32583  5983 W System.err: 	at com.vidure.app.core.modules.account.service.AccountService.initInnerDelay(SourceFile:3)
03-15 11:30:47.436 32583  5983 W System.err: 	at com.vidure.app.core.modules.base.AbsService$1.vrun(SourceFile:23)
03-15 11:30:47.436 32583  5983 W System.err: 	at com.vidure.libs.comnutils.utils.r.run(SourceFile:12)
03-15 11:30:47.436 32583  5983 W System.err: 	at java.util.concurrent.Executors$RunnableAdapter.call(Executors.java:462)
03-15 11:30:47.436 32583  5983 W System.err: 	at java.util.concurrent.FutureTask.run(FutureTask.java:266)
03-15 11:30:47.436 32583  5983 W System.err: 	at java.util.concurrent.ThreadPoolExecutor.runWorker(ThreadPoolExecutor.java:1167)
03-15 11:30:47.436 32583  5983 W System.err: 	at java.util.concurrent.ThreadPoolExecutor$Worker.run(ThreadPoolExecutor.java:641)
03-15 11:30:47.436 32583  5983 W System.err: 	at java.lang.Thread.run(Thread.java:919)
03-15 11:30:47.436 32583  5983 W System.err: Caused by: java.net.UnknownHostException: Unable to resolve host "app-api.lufengzhe.com": No address associated with hostname
03-15 11:30:47.436 32583  5983 W System.err: 	at java.net.Inet6AddressImpl.lookupHostByName(Inet6AddressImpl.java:124)
03-15 11:30:47.436 32583  5983 W System.err: 	at java.net.Inet6AddressImpl.lookupAllHostAddr(Inet6AddressImpl.java:103)
03-15 11:30:47.436 32583  5983 W System.err: 	at java.net.InetAddress.getAllByName(InetAddress.java:1152)
03-15 11:30:47.436 32583  5983 W System.err: 	at com.android.okhttp.Dns$1.lookup(Dns.java:41)
03-15 11:30:47.436 32583  5983 W System.err: 	at com.android.okhttp.internal.http.RouteSelector.resetNextInetSocketAddress(RouteSelector.java:178)
03-15 11:30:47.436 32583  5983 W System.err: 	at com.android.okhttp.internal.http.RouteSelector.nextProxy(RouteSelector.java:144)
03-15 11:30:47.436 32583  5983 W System.err: 	at com.android.okhttp.internal.http.RouteSelector.next(RouteSelector.java:86)
03-15 11:30:47.436 32583  5983 W System.err: 	at com.android.okhttp.internal.http.StreamAllocation.findConnection(StreamAllocation.java:192)
03-15 11:30:47.436 32583  5983 W System.err: 	at com.android.okhttp.internal.http.StreamAllocation.findHealthyConnection(StreamAllocation.java:144)
03-15 11:30:47.436 32583  5983 W System.err: 	at com.android.okhttp.internal.http.StreamAllocation.newStream(StreamAllocation.java:106)
03-15 11:30:47.436 32583  5983 W System.err: 	at com.android.okhttp.internal.http.HttpEngine.connect(HttpEngine.java:400)
03-15 11:30:47.436 32583  5983 W System.err: 	at com.android.okhttp.internal.http.HttpEngine.sendRequest(HttpEngine.java:333)
03-15 11:30:47.436 32583  5983 W System.err: 	at com.android.okhttp.internal.huc.HttpURLConnectionImpl.execute(HttpURLConnectionImpl.java:483)
03-15 11:30:47.436 32583  5983 W System.err: 	at com.android.okhttp.internal.huc.HttpURLConnectionImpl.getResponse(HttpURLConnectionImpl.java:429)
03-15 11:30:47.436 32583  5983 W System.err: 	at com.android.okhttp.internal.huc.HttpURLConnectionImpl.getResponseCode(HttpURLConnectionImpl.java:560)
03-15 11:30:47.436 32583  5983 W System.err: 	at com.android.okhttp.internal.huc.DelegatingHttpsURLConnection.getResponseCode(DelegatingHttpsURLConnection.java:106)
03-15 11:30:47.436 32583  5983 W System.err: 	at com.android.okhttp.internal.huc.HttpsURLConnectionImpl.getResponseCode(HttpsURLConnectionImpl.java:30)
03-15 11:30:47.436 32583  5983 W System.err: 	at com.vidure.libs.transport.impl.http.HttpRequest.u(SourceFile:9)
03-15 11:30:47.436 32583  5983 W System.err: 	at com.vidure.app.core.modules.account.db.UserNao.getIpAddress(SourceFile:23)
03-15 11:30:47.436 32583  5983 W System.err: 	... 8 more
03-15 11:30:47.437 32583  5942 V [MYTAG][pool-11-thread-6][UserNao]: url:https://app-api.lufengzhe.com:9091/res/api/v1/location/ipself|param:|rsp:-1|rbody:
03-15 11:30:47.437 32583  5942 V [MYTAG][pool-11-thread-4][VidureSDK]: end init Service:com.vidure.app.core.modules.album.service.AlbumService
03-15 11:30:47.437 32583  5942 V [MYTAG][pool-11-thread-4][VidureSDK]: start init Service:com.vidure.app.core.modules.msger.service.MsgerService
03-15 11:30:47.438 32583  5942 V [MYTAG][pool-11-thread-4][MsgerService]: init done.
03-15 11:30:47.438 32583  5942 V [MYTAG][pool-11-thread-4][VidureSDK]: end init Service:com.vidure.app.core.modules.msger.service.MsgerService
03-15 11:30:47.438 32583  5942 V [MYTAG][pool-11-thread-4][VidureSDK]: start init Service:com.vidure.app.core.modules.update.service.UpdateService
03-15 11:30:47.439 32583  5942 V [MYTAG][pool-11-thread-4][UpdateService]: this service without subscribe EventBus,e.msg:Subscriber class com.vidure.app.core.modules.update.service.UpdateService and its super classes have no public methods with the @Subscribe annotation
03-15 11:30:47.439 32583  5942 V [MYTAG][pool-11-thread-4][UpdateService]: init done.
03-15 11:30:47.439 32583  5942 V [MYTAG][pool-11-thread-4][VidureSDK]: end init Service:com.vidure.app.core.modules.update.service.UpdateService
03-15 11:30:47.439 32583  5942 V [MYTAG][pool-11-thread-4][VidureSDK]: start init Service:com.vidure.app.core.modules.cloud.service.CloudService
03-15 11:30:47.439 32583  5942 V [MYTAG][pool-11-thread-4][CloudService]: this service without subscribe EventBus,e.msg:Subscriber class com.vidure.app.core.modules.cloud.service.CloudService and its super classes have no public methods with the @Subscribe annotation
03-15 11:30:47.439 32583  5942 V [MYTAG][pool-11-thread-4][CloudService]: init done.
03-15 11:30:47.439 32583  5942 V [MYTAG][pool-11-thread-4][VidureSDK]: end init Service:com.vidure.app.core.modules.cloud.service.CloudService
03-15 11:30:47.439 32583  5942 V [MYTAG][pool-11-thread-4][VidureSDK]: start init Service:com.vidure.app.core.modules.netdev.service.NetdevService
03-15 11:30:47.442 32583  5942 V [MYTAG][pool-11-thread-4][NetdevService]: init done.
03-15 11:30:47.442 32583  5942 V [MYTAG][pool-11-thread-4][VidureSDK]: end init Service:com.vidure.app.core.modules.netdev.service.NetdevService
03-15 11:30:47.445 32583  5942 V [MYTAG][pool-11-thread-12][sdk_asyn_init: UpdateService]: runnable  is start.
03-15 11:30:47.446 32583  5942 V [MYTAG][pool-11-thread-10][sdk_asyn_init: AlbumService]: runnable  is start.
03-15 11:30:47.446 32583  5942 V [MYTAG][pool-11-thread-14][sdk_asyn_init: NetdevService]: runnable  is start.
03-15 11:30:47.446 32583  5942 V [MYTAG][pool-11-thread-10][AlbumService]: init local and remote resource start
03-15 11:30:47.446 32583  5942 V [MYTAG][pool-11-thread-14][NetdevService]: initDelay done.
03-15 11:30:47.446 32583  5942 V [MYTAG][pool-11-thread-14][NetdevService]: initInnerDelay done.
03-15 11:30:47.446 32583  5942 V [MYTAG][pool-11-thread-14][sdk_asyn_init: NetdevService]: runnable  is end.
03-15 11:30:47.446 32583  5942 V [MYTAG][pool-11-thread-10][LocalResService]: scanDefaultDataTpl: 
03-15 11:30:47.446 32583  5942 V [MYTAG][pool-11-thread-11][sdk_asyn_init: MsgerService]: runnable  is start.
03-15 11:30:47.446 32583  5942 V [MYTAG][pool-11-thread-11][MsgerService]: initDelay done.
03-15 11:30:47.446 32583  5942 V [MYTAG][pool-11-thread-11][MsgerService]: initInnerDelay done.
03-15 11:30:47.446 32583  5942 V [MYTAG][pool-11-thread-11][sdk_asyn_init: MsgerService]: runnable  is end.
03-15 11:30:47.446 32583  5942 V [MYTAG][pool-11-thread-13][sdk_asyn_init: CloudService]: runnable  is start.
03-15 11:30:47.446 32583  5942 V [MYTAG][pool-11-thread-13][CloudService]: initDelay done.
03-15 11:30:47.446 32583  5942 V [MYTAG][pool-11-thread-13][CloudService]: initInnerDelay done.
03-15 11:30:47.446 32583  5942 V [MYTAG][pool-11-thread-13][sdk_asyn_init: CloudService]: runnable  is end.
03-15 11:30:47.447 32583  5942 V [MYTAG][pool-11-thread-12][UpdateService]: initDelay done.
03-15 11:30:47.447 32583  5942 V [MYTAG][pool-11-thread-12][UpdateService]: initInnerDelay done.
03-15 11:30:47.447 32583  5942 V [MYTAG][pool-11-thread-12][sdk_asyn_init: UpdateService]: runnable  is end.
03-15 11:30:47.456 32583  5942 V [MYTAG][pool-11-thread-2][update_lock_scene_status]: runnable  is start.
03-15 11:30:47.457 32583  5986 D ConnectivityManager: unregisterNetworkCallback; CallingUid : 10291, CallingPid : 32583
03-15 11:30:47.457 32583  5986 D ConnectivityManager: unregisterNetworkCallback; CallingUid : 10291, CallingPid : 32583
03-15 11:30:47.457 32583  5986 D ConnectivityManager: sendRequestForNetwork CallingUid : 10291, CallingPid : 32583
03-15 11:30:47.457 32583  5942 W [MYTAG][pool-11-thread-8][NetworkMgr]: Failed to unregister network callback: NetworkCallback was not registered
03-15 11:30:47.457 32583  5942 W [MYTAG][pool-11-thread-8][NetworkMgr]: Failed to unregister network callback: NetworkCallback was not registered
03-15 11:30:47.457 32583  5986 D ConnectivityManager_URSP: hong blacklisted - false
03-15 11:30:47.458 32583  5942 V [MYTAG][pool-11-thread-15][tag-null]: runnable  is start.
03-15 11:30:47.458 32583  5986 D ConnectivityManager: requestNetwork; CallingUid : 10291, CallingPid : 32583
03-15 11:30:47.461 32583  5942 I [MYTAG][ConnectivityThread][NetworkMgr]: [MyNetworkCallback.onAvailable] type: wifi,network 666  false
03-15 11:30:47.461 32583  5986 D ConnectivityManager: sendRequestForNetwork CallingUid : 10291, CallingPid : 32583
03-15 11:30:47.461 32583  5986 D ConnectivityManager_URSP: hong blacklisted - false
03-15 11:30:47.462 32583  5986 D ConnectivityManager: requestNetwork; CallingUid : 10291, CallingPid : 32583
03-15 11:30:47.463 32583  5942 V [MYTAG][pool-11-thread-1][retry_wifi_network_link]: runnable  is start.
03-15 11:30:47.463 32583  5942 V [MYTAG][pool-11-thread-8][NetworkMgr]: request Phone Network...
03-15 11:30:47.463 32583  5940 I System.out: (HTTPLog)-Static: isSBSettingEnabled false
03-15 11:30:47.463 32583  5940 I System.out: (HTTPLog)-Static: isSBSettingEnabled false
03-15 11:30:47.463 32583  5942 V [MYTAG][pool-11-thread-8][PhoneService]: initDelay done.
03-15 11:30:47.463 32583  5942 V [MYTAG][pool-11-thread-8][PhoneService]: initInnerDelay done.
03-15 11:30:47.464 32583  5942 V [MYTAG][pool-11-thread-8][sdk_asyn_init: PhoneService]: runnable  is end.
03-15 11:30:47.467 32583  5940 I System.out: (HTTPLog)-Static: isSBSettingEnabled false
03-15 11:30:47.467 32583  5940 I System.out: (HTTPLog)-Static: isSBSettingEnabled false
03-15 11:30:47.470 32583  5942 V [MYTAG][pool-11-thread-9][CameraService]: initDelay done.
03-15 11:30:47.479 32583  5942 V [MYTAG][pool-11-thread-15][UpdateService]: getUpdateRegion local:de_DE
03-15 11:30:47.479 32583  6001 I System.out: (HTTPLog)-Static: isSBSettingEnabled false
03-15 11:30:47.479 32583  6001 I System.out: (HTTPLog)-Static: isSBSettingEnabled false
03-15 11:30:47.479 32583  6001 E [MYTAG][pool-11-thread-15]UpdateNao: java.net.UnknownHostException: Unable to resolve host "app-api.lufengzhe.com": No address associated with hostname
03-15 11:30:47.480 32583  5942 V [MYTAG][pool-11-thread-15][tag-null]: runnable  is end.
03-15 11:30:47.481 32583  5990 I System.out: (HTTPLog)-Static: isSBSettingEnabled false
03-15 11:30:47.481 32583  5990 I System.out: (HTTPLog)-Static: isSBSettingEnabled false
03-15 11:30:47.482 32583  5990 E [MYTAG][pool-11-thread-9]AppBootScreenNao: java.net.UnknownHostException: Unable to resolve host "app-api.lufengzhe.com": No address associated with hostname
03-15 11:30:47.509 32583  6002 I System.out: (HTTPLog)-Static: isSBSettingEnabled false
03-15 11:30:47.509 32583  6002 I System.out: (HTTPLog)-Static: isSBSettingEnabled false
03-15 11:30:47.512 32583  5942 V [MYTAG][pool-11-thread-1][AiTaskScheduledChecker]: stop heartbeat,isRunning:false
03-15 11:30:47.512 32583  5942 V [MYTAG][pool-11-thread-1][retry_wifi_network_link]: runnable  is end.
03-15 11:30:47.514 32583  6002 I System.out: (HTTPLog)-Static: isSBSettingEnabled false
03-15 11:30:47.514 32583  6002 I System.out: (HTTPLog)-Static: isSBSettingEnabled false
03-15 11:30:47.517 32583  5908 E FirebaseMessaging: Failed to get FIS auth token
03-15 11:30:47.517 32583  5908 E FirebaseMessaging: java.util.concurrent.ExecutionException: O4.h: Firebase Installations Service is unavailable. Please try again later.
03-15 11:30:47.517 32583  5908 E FirebaseMessaging: 	at T3.g.f(SourceFile:32)
03-15 11:30:47.517 32583  5908 E FirebaseMessaging: 	at T3.g.a(SourceFile:35)
03-15 11:30:47.517 32583  5908 E FirebaseMessaging: 	at T4.A.h(SourceFile:98)
03-15 11:30:47.517 32583  5908 E FirebaseMessaging: 	at T4.A.i(SourceFile:1)
03-15 11:30:47.517 32583  5908 E FirebaseMessaging: 	at T4.A.d(SourceFile:14)
03-15 11:30:47.517 32583  5908 E FirebaseMessaging: 	at com.google.firebase.messaging.FirebaseMessaging.q(SourceFile:3)
03-15 11:30:47.517 32583  5908 E FirebaseMessaging: 	at T4.t.start(SourceFile:7)
03-15 11:30:47.517 32583  5908 E FirebaseMessaging: 	at com.google.firebase.messaging.d.a(SourceFile:87)
03-15 11:30:47.517 32583  5908 E FirebaseMessaging: 	at com.google.firebase.messaging.FirebaseMessaging.d(SourceFile:51)
03-15 11:30:47.517 32583  5908 E FirebaseMessaging: 	at com.google.firebase.messaging.FirebaseMessaging.r(SourceFile:1)
03-15 11:30:47.517 32583  5908 E FirebaseMessaging: 	at T4.p.run(SourceFile:5)
03-15 11:30:47.517 32583  5908 E FirebaseMessaging: 	at java.util.concurrent.Executors$RunnableAdapter.call(Executors.java:462)
03-15 11:30:47.517 32583  5908 E FirebaseMessaging: 	at java.util.concurrent.FutureTask.run(FutureTask.java:266)
03-15 11:30:47.517 32583  5908 E FirebaseMessaging: 	at java.util.concurrent.ScheduledThreadPoolExecutor$ScheduledFutureTask.run(ScheduledThreadPoolExecutor.java:301)
03-15 11:30:47.517 32583  5908 E FirebaseMessaging: 	at java.util.concurrent.ThreadPoolExecutor.runWorker(ThreadPoolExecutor.java:1167)
03-15 11:30:47.517 32583  5908 E FirebaseMessaging: 	at java.util.concurrent.ThreadPoolExecutor$Worker.run(ThreadPoolExecutor.java:641)
03-15 11:30:47.517 32583  5908 E FirebaseMessaging: 	at r3.b.run(SourceFile:7)
03-15 11:30:47.517 32583  5908 E FirebaseMessaging: 	at java.lang.Thread.run(Thread.java:919)
03-15 11:30:47.517 32583  5908 E FirebaseMessaging: Caused by: O4.h: Firebase Installations Service is unavailable. Please try again later.
03-15 11:30:47.517 32583  5908 E FirebaseMessaging: 	at Q4.c.f(SourceFile:192)
03-15 11:30:47.517 32583  5908 E FirebaseMessaging: 	at O4.g.l(SourceFile:19)
03-15 11:30:47.517 32583  5908 E FirebaseMessaging: 	at O4.g.j(SourceFile:32)
03-15 11:30:47.517 32583  5908 E FirebaseMessaging: 	at O4.g.u(SourceFile:1)
03-15 11:30:47.517 32583  5908 E FirebaseMessaging: 	at O4.g.c(SourceFile:1)
03-15 11:30:47.517 32583  5908 E FirebaseMessaging: 	at O4.f.run(SourceFile:5)
03-15 11:30:47.517 32583  5908 E FirebaseMessaging: 	at java.util.concurrent.ThreadPoolExecutor.runWorker(ThreadPoolExecutor.java:1167)
03-15 11:30:47.517 32583  5908 E FirebaseMessaging: 	at java.util.concurrent.ThreadPoolExecutor$Worker.run(ThreadPoolExecutor.java:641)
03-15 11:30:47.517 32583  5908 E FirebaseMessaging: 	... 1 more
03-15 11:30:47.519 32583  6002 I System.out: (HTTPLog)-Static: isSBSettingEnabled false
03-15 11:30:47.523 32583  6002 I chatty  : uid=10291(com.vidure.app) identical 2 lines
03-15 11:30:47.523 32583  6002 I System.out: (HTTPLog)-Static: isSBSettingEnabled false
03-15 11:30:47.543 32583  5942 V [MYTAG][pool-11-thread-4][AppLib]: wait business model init... UpdateService
03-15 11:30:47.556 32583  6010 V NFC     : this device does not have NFC support
03-15 11:30:47.561 32583  6021 I System.out: (HTTPLog)-Static: isSBSettingEnabled false
03-15 11:30:47.561 32583  6021 I System.out: (HTTPLog)-Static: isSBSettingEnabled false
03-15 11:30:47.561 32583  5942 V [MYTAG][pool-11-thread-10][LocalResService]: unzip new data tpl:ardynamic.dat
03-15 11:30:47.564 32583  5942 V [MYTAG][pool-11-thread-10][FileUtils]: rarFileName=/storage/emulated/0/Android/data/com.vidure.app/app/gpstpl/ardynamic.dat,destDir=/storage/emulated/0/Android/data/com.vidure.app/app/gpstpl/
03-15 11:30:47.567 32583  5942 V [MYTAG][pool-11-thread-6][AccountService]: initInnerDelay done.
03-15 11:30:47.567 32583  5942 V [MYTAG][pool-11-thread-6][sdk_asyn_init: AccountService]: runnable  is end.
03-15 11:30:47.569 32583  6010 W Settings: Setting adb_enabled has moved from android.provider.Settings.Secure to android.provider.Settings.Global.
03-15 11:30:47.573 32583  6009 I System.out: (HTTPLog)-Static: isSBSettingEnabled false
03-15 11:30:47.573 32583  6009 I System.out: (HTTPLog)-Static: isSBSettingEnabled false
03-15 11:30:47.600 32583  6031 I System.out: (HTTPLog)-Static: isSBSettingEnabled false
03-15 11:30:47.600 32583  6031 I System.out: (HTTPLog)-Static: isSBSettingEnabled false
03-15 11:30:47.603 32583  6031 W System.err: java.net.UnknownHostException: Unable to resolve host "loc.map.baidu.com": No address associated with hostname
03-15 11:30:47.603 32583  6031 W System.err: 	at java.net.Inet6AddressImpl.lookupHostByName(Inet6AddressImpl.java:156)
03-15 11:30:47.603 32583  6031 W System.err: 	at java.net.Inet6AddressImpl.lookupAllHostAddr(Inet6AddressImpl.java:103)
03-15 11:30:47.603 32583  6031 W System.err: 	at java.net.InetAddress.getAllByName(InetAddress.java:1152)
03-15 11:30:47.603 32583  6031 W System.err: 	at com.android.okhttp.Dns$1.lookup(Dns.java:41)
03-15 11:30:47.605 32583  6031 W System.err: 	at com.android.okhttp.internal.http.RouteSelector.resetNextInetSocketAddress(RouteSelector.java:178)
03-15 11:30:47.605 32583  6031 W System.err: 	at com.android.okhttp.internal.http.RouteSelector.nextProxy(RouteSelector.java:144)
03-15 11:30:47.605 32583  6031 W System.err: 	at com.android.okhttp.internal.http.RouteSelector.next(RouteSelector.java:86)
03-15 11:30:47.605 32583  6031 W System.err: 	at com.android.okhttp.internal.http.StreamAllocation.findConnection(StreamAllocation.java:192)
03-15 11:30:47.605 32583  6031 W System.err: 	at com.android.okhttp.internal.http.StreamAllocation.findHealthyConnection(StreamAllocation.java:144)
03-15 11:30:47.605 32583  6031 W System.err: 	at com.android.okhttp.internal.http.StreamAllocation.newStream(StreamAllocation.java:106)
03-15 11:30:47.605 32583  6031 W System.err: 	at com.android.okhttp.internal.http.HttpEngine.connect(HttpEngine.java:400)
03-15 11:30:47.605 32583  6031 W System.err: 	at com.android.okhttp.internal.http.HttpEngine.sendRequest(HttpEngine.java:333)
03-15 11:30:47.605 32583  6031 W System.err: 	at com.android.okhttp.internal.huc.HttpURLConnectionImpl.execute(HttpURLConnectionImpl.java:483)
03-15 11:30:47.605 32583  6031 W System.err: 	at com.android.okhttp.internal.huc.HttpURLConnectionImpl.connect(HttpURLConnectionImpl.java:135)
03-15 11:30:47.605 32583  6031 W System.err: 	at com.android.okhttp.internal.huc.HttpURLConnectionImpl.getOutputStream(HttpURLConnectionImpl.java:266)
