09-14 10:49:04.413  7977 12968 V [MYTAG][HeartbeatMgr][HttpTransportLayer]: 	[content]{"result":0,"info":{"value":1}}
09-14 10:49:04.413  7977 12968 V [MYTAG][HeartbeatMgr][HttpTransportLayer]: -----------------------------------------
09-14 10:49:05.341  7977 12968 D [MYTAG][main][SystemLocationClientImpl]: onLocationChanged GPS data:精度=9.648001 速度=1.04 海拔=318.88189697265625 经纬度=49.33344363, 7.05251572
09-14 10:49:05.344  7977 12968 D [MYTAG][main][SystemLocationClientImpl]: 当前信号强度: 3
09-14 10:49:06.041  7977 12968 V [MYTAG][DefaultDispatcher-worker-1][Device]: 603 dev is connected:true
09-14 10:49:07.086  7977 12968 V [MYTAG][mail_tcp_socket][ViiSocketMailDataPhraser]: ------------mail---------------
09-14 10:49:07.086  7977 12968 V [MYTAG][mail_tcp_socket][ViiSocketMailDataPhraser]: {"msgid":"battery","info":{"capacity":72,"charge":0},"time":1757846946}
09-14 10:49:07.088  7977 12968 V [MYTAG][mail_tcp_socket][ViiSocketMailDataPhraser]: ------------mail---------------
09-14 10:49:07.088  7977 12968 V [MYTAG][mail_tcp_socket][ViiSocketMailDataPhraser]: {"msgid":"sd","info":{"status":0},"time":1757846946}
09-14 10:49:07.088  7977 12968 V [MYTAG][mail_tcp_socket][RemoteOptor]: ----
09-14 10:49:07.088  7977 12968 V [MYTAG][mail_tcp_socket][RemoteOptor]: [CMD]DEV_SDCARD_STATUS_QUERY
09-14 10:49:07.088  7977 12968 V [MYTAG][mail_tcp_socket][RemoteOptor]: [PARAM]null
09-14 10:49:07.089  7977 12968 V [MYTAG][mail_tcp_socket][HttpTransportLayer]: [HTTP SEND GET]
09-14 10:49:07.089  7977 12968 V [MYTAG][mail_tcp_socket][HttpTransportLayer]: 	 url:http://192.168.0.1:80/app/getsdinfo
09-14 10:49:07.089  7977 13169 W System  : Ignoring header sessionid because its value was null.
09-14 10:49:07.090  7977 13169 I System.out: (HTTPLog)-Static: isSBSettingEnabled false
09-14 10:49:07.090  7977 13169 I System.out: (HTTPLog)-Static: isSBSettingEnabled false
09-14 10:49:07.097  7977 12968 V [MYTAG][main][Device]: 603 dev is connected:true
09-14 10:49:07.120  7977 12968 V [MYTAG][mail_tcp_socket][HttpTransportLayer]: [HTTP RSP]
09-14 10:49:07.120  7977 12968 V [MYTAG][mail_tcp_socket][HttpTransportLayer]: 	 errcode:0
09-14 10:49:07.120  7977 12968 V [MYTAG][mail_tcp_socket][HttpTransportLayer]: 	[content]{"result":0,"info":{"status":0,"free":298,"total":1883}}
09-14 10:49:07.120  7977 12968 V [MYTAG][mail_tcp_socket][HttpTransportLayer]: -----------------------------------------
09-14 10:49:07.128  7977  7977 W ProxyAndroidLoggerBackend: Too many Flogger logs received before configuration. Dropping old logs.
09-14 10:49:07.136  7977  7977 I chatty  : uid=10291(com.vidure.app) identical 6 lines
09-14 10:49:07.137  7977  7977 W ProxyAndroidLoggerBackend: Too many Flogger logs received before configuration. Dropping old logs.
09-14 10:49:07.152  7977 12968 V [MYTAG][main][Device]: 603 dev is connected:true
09-14 10:49:07.156  7977 12968 V [MYTAG][main][CameraPreviewActivity]: rev msg1:264454
09-14 10:49:07.156  7977 12968 V [MYTAG][main][Device]: 603 dev is connected:true
09-14 10:49:07.156  7977 12968 V [MYTAG][main][CameraPreviewActivity]: rev msg1:589832
09-14 10:49:07.228  7977 15399 W ProxyAndroidLoggerBackend: Too many Flogger logs received before configuration. Dropping old logs.
09-14 10:49:07.229  7977 15399 I chatty  : uid=10291(com.vidure.app) identical 1 line
09-14 10:49:07.229  7977 15399 W ProxyAndroidLoggerBackend: Too many Flogger logs received before configuration. Dropping old logs.
09-14 10:49:08.375  7977 13170 W System  : Ignoring header sessionid because its value was null.
09-14 10:49:08.375  7977 13170 I System.out: (HTTPLog)-Static: isSBSettingEnabled false
09-14 10:49:08.375  7977 13170 I System.out: (HTTPLog)-Static: isSBSettingEnabled false
09-14 10:49:08.376  7977 12968 V [MYTAG][HeartbeatMgr][RemoteOptor]: ----
09-14 10:49:08.376  7977 12968 V [MYTAG][HeartbeatMgr][RemoteOptor]: [CMD]Basic_Msg_MailBox
09-14 10:49:08.376  7977 12968 V [MYTAG][HeartbeatMgr][RemoteOptor]: [PARAM]null
09-14 10:49:08.377  7977 12968 V [MYTAG][HeartbeatMgr][HttpTransportLayer]: [HTTP SEND GET]
09-14 10:49:08.377  7977 12968 V [MYTAG][HeartbeatMgr][HttpTransportLayer]: 	 url:http://192.168.0.1:80/app/getparamvalue?param=rec
09-14 10:49:08.411  7977 12968 V [MYTAG][HeartbeatMgr][HttpTransportLayer]: [HTTP RSP]
09-14 10:49:08.411  7977 12968 V [MYTAG][HeartbeatMgr][HttpTransportLayer]: 	 errcode:0
09-14 10:49:08.411  7977 12968 V [MYTAG][HeartbeatMgr][HttpTransportLayer]: 	[content]{"result":0,"info":{"value":1}}
09-14 10:49:08.411  7977 12968 V [MYTAG][HeartbeatMgr][HttpTransportLayer]: -----------------------------------------
09-14 10:49:09.505  7977 12918 I com.vidure.app: Background young concurrent copying GC freed 107484(17MB) AllocSpace objects, 40(2368KB) LOS objects, 18% free, 88MB/108MB, paused 990us total 133.044ms
09-14 10:49:10.099  7977 12968 V [MYTAG][mail_tcp_socket][ViiSocketMailDataPhraser]: ------------mail---------------
09-14 10:49:10.099  7977 12968 V [MYTAG][mail_tcp_socket][ViiSocketMailDataPhraser]: {"msgid":"battery","info":{"capacity":72,"charge":0},"time":1757846949}
09-14 10:49:10.101  7977 13169 W System  : Ignoring header sessionid because its value was null.
09-14 10:49:10.102  7977 13169 I System.out: (HTTPLog)-Static: isSBSettingEnabled false
09-14 10:49:10.102  7977 13169 I System.out: (HTTPLog)-Static: isSBSettingEnabled false
09-14 10:49:10.103  7977 12968 V [MYTAG][mail_tcp_socket][ViiSocketMailDataPhraser]: ------------mail---------------
09-14 10:49:10.103  7977 12968 V [MYTAG][mail_tcp_socket][ViiSocketMailDataPhraser]: {"msgid":"sd","info":{"status":0},"time":1757846949}
09-14 10:49:10.104  7977 12968 V [MYTAG][mail_tcp_socket][RemoteOptor]: ----
09-14 10:49:10.104  7977 12968 V [MYTAG][mail_tcp_socket][RemoteOptor]: [CMD]DEV_SDCARD_STATUS_QUERY
09-14 10:49:10.104  7977 12968 V [MYTAG][mail_tcp_socket][RemoteOptor]: [PARAM]null
09-14 10:49:10.104  7977 12968 V [MYTAG][mail_tcp_socket][HttpTransportLayer]: [HTTP SEND GET]
09-14 10:49:10.104  7977 12968 V [MYTAG][mail_tcp_socket][HttpTransportLayer]: 	 url:http://192.168.0.1:80/app/getsdinfo
09-14 10:49:10.116  7977 12968 V [MYTAG][main][Device]: 603 dev is connected:true
09-14 10:49:10.147  7977 12968 V [MYTAG][mail_tcp_socket][HttpTransportLayer]: [HTTP RSP]
09-14 10:49:10.147  7977 12968 V [MYTAG][mail_tcp_socket][HttpTransportLayer]: 	 errcode:0
09-14 10:49:10.147  7977 12968 V [MYTAG][mail_tcp_socket][HttpTransportLayer]: 	[content]{"result":0,"info":{"status":0,"free":294,"total":1883}}
09-14 10:49:10.147  7977 12968 V [MYTAG][mail_tcp_socket][HttpTransportLayer]: -----------------------------------------
09-14 10:49:10.150  7977  7977 W ProxyAndroidLoggerBackend: Too many Flogger logs received before configuration. Dropping old logs.
09-14 10:49:10.157  7977  7977 I chatty  : uid=10291(com.vidure.app) identical 6 lines
09-14 10:49:10.157  7977  7977 W ProxyAndroidLoggerBackend: Too many Flogger logs received before configuration. Dropping old logs.
09-14 10:49:10.173  7977 12968 V [MYTAG][main][Device]: 603 dev is connected:true
09-14 10:49:10.178  7977 12968 V [MYTAG][main][CameraPreviewActivity]: rev msg1:264454
09-14 10:49:10.178  7977 12968 V [MYTAG][main][Device]: 603 dev is connected:true
09-14 10:49:10.178  7977 12968 V [MYTAG][main][CameraPreviewActivity]: rev msg1:589832
09-14 10:49:12.375  7977 12968 V [MYTAG][HeartbeatMgr][RemoteOptor]: ----
09-14 10:49:12.375  7977 12968 V [MYTAG][HeartbeatMgr][RemoteOptor]: [CMD]Basic_Msg_MailBox
09-14 10:49:12.375  7977 12968 V [MYTAG][HeartbeatMgr][RemoteOptor]: [PARAM]null
09-14 10:49:12.376  7977 13170 W System  : Ignoring header sessionid because its value was null.
09-14 10:49:12.376  7977 12968 V [MYTAG][HeartbeatMgr][HttpTransportLayer]: [HTTP SEND GET]
09-14 10:49:12.376  7977 12968 V [MYTAG][HeartbeatMgr][HttpTransportLayer]: 	 url:http://192.168.0.1:80/app/getparamvalue?param=rec
09-14 10:49:12.376  7977 13170 I System.out: (HTTPLog)-Static: isSBSettingEnabled false
09-14 10:49:12.376  7977 13170 I System.out: (HTTPLog)-Static: isSBSettingEnabled false
09-14 10:49:12.407  7977 12968 V [MYTAG][HeartbeatMgr][HttpTransportLayer]: [HTTP RSP]
09-14 10:49:12.407  7977 12968 V [MYTAG][HeartbeatMgr][HttpTransportLayer]: 	 errcode:0
09-14 10:49:12.407  7977 12968 V [MYTAG][HeartbeatMgr][HttpTransportLayer]: 	[content]{"result":0,"info":{"value":1}}
09-14 10:49:12.407  7977 12968 V [MYTAG][HeartbeatMgr][HttpTransportLayer]: -----------------------------------------
09-14 10:49:13.106  7977 12968 V [MYTAG][mail_tcp_socket][ViiSocketMailDataPhraser]: ------------mail---------------
09-14 10:49:13.106  7977 12968 V [MYTAG][mail_tcp_socket][ViiSocketMailDataPhraser]: {"msgid":"battery","info":{"capacity":72,"charge":0},"time":1757846952}
09-14 10:49:13.109  7977 12968 V [MYTAG][mail_tcp_socket][ViiSocketMailDataPhraser]: ------------mail---------------
09-14 10:49:13.109  7977 12968 V [MYTAG][mail_tcp_socket][ViiSocketMailDataPhraser]: {"msgid":"sd","info":{"status":0},"time":1757846952}
09-14 10:49:13.111  7977 12968 V [MYTAG][mail_tcp_socket][RemoteOptor]: ----
09-14 10:49:13.111  7977 12968 V [MYTAG][mail_tcp_socket][RemoteOptor]: [CMD]DEV_SDCARD_STATUS_QUERY
09-14 10:49:13.111  7977 12968 V [MYTAG][mail_tcp_socket][RemoteOptor]: [PARAM]null
09-14 10:49:13.111  7977 12968 V [MYTAG][mail_tcp_socket][HttpTransportLayer]: [HTTP SEND GET]
09-14 10:49:13.111  7977 12968 V [MYTAG][mail_tcp_socket][HttpTransportLayer]: 	 url:http://192.168.0.1:80/app/getsdinfo
09-14 10:49:13.111  7977 12968 V [MYTAG][main][Device]: 603 dev is connected:true
09-14 10:49:13.112  7977 13169 W System  : Ignoring header sessionid because its value was null.
09-14 10:49:13.112  7977 13169 I System.out: (HTTPLog)-Static: isSBSettingEnabled false
09-14 10:49:13.112  7977 13169 I System.out: (HTTPLog)-Static: isSBSettingEnabled false
09-14 10:49:13.136  7977  7977 W ProxyAndroidLoggerBackend: Too many Flogger logs received before configuration. Dropping old logs.
09-14 10:49:13.143  7977  7977 I chatty  : uid=10291(com.vidure.app) identical 6 lines
09-14 10:49:13.144  7977  7977 W ProxyAndroidLoggerBackend: Too many Flogger logs received before configuration. Dropping old logs.
09-14 10:49:13.152  7977 12968 V [MYTAG][main][Device]: 603 dev is connected:true
09-14 10:49:13.153  7977 12968 V [MYTAG][mail_tcp_socket][HttpTransportLayer]: [HTTP RSP]
09-14 10:49:13.153  7977 12968 V [MYTAG][mail_tcp_socket][HttpTransportLayer]: 	 errcode:0
09-14 10:49:13.153  7977 12968 V [MYTAG][mail_tcp_socket][HttpTransportLayer]: 	[content]{"result":0,"info":{"status":0,"free":290,"total":1883}}
09-14 10:49:13.153  7977 12968 V [MYTAG][mail_tcp_socket][HttpTransportLayer]: -----------------------------------------
09-14 10:49:13.154  7977 12968 V [MYTAG][main][CameraPreviewActivity]: rev msg1:264454
09-14 10:49:13.154  7977 12968 V [MYTAG][main][Device]: 603 dev is connected:true
09-14 10:49:13.154  7977 12968 V [MYTAG][main][CameraPreviewActivity]: rev msg1:589832
09-14 10:49:13.303  7977 12968 D [MYTAG][main][SystemLocationClientImpl]: onLocationChanged GPS data:精度=9.648001 速度=1.22 海拔=318.138427734375 经纬度=49.33345519, 7.05249986
09-14 10:49:13.303  7977 12968 D [MYTAG][main][SystemLocationClientImpl]: 当前信号强度: 3
09-14 10:49:14.049  7977 12968 V [MYTAG][DefaultDispatcher-worker-1][Device]: 603 dev is connected:true
09-14 10:49:15.307  7977 12968 D [MYTAG][main][SystemLocationClientImpl]: onLocationChanged GPS data:精度=10.72 速度=0.57 海拔=319.8365478515625 经纬度=49.33345274, 7.05248378
09-14 10:49:15.308  7977 12968 D [MYTAG][main][SystemLocationClientImpl]: 当前信号强度: 3
09-14 10:49:16.052  7977 12968 V [MYTAG][DefaultDispatcher-worker-1][Device]: 603 dev is connected:true
09-14 10:49:16.118  7977 12968 V [MYTAG][mail_tcp_socket][ViiSocketMailDataPhraser]: ------------mail---------------
09-14 10:49:16.118  7977 12968 V [MYTAG][mail_tcp_socket][ViiSocketMailDataPhraser]: {"msgid":"battery","info":{"capacity":72,"charge":0},"time":1757846955}
09-14 10:49:16.120  7977 12968 V [MYTAG][mail_tcp_socket][ViiSocketMailDataPhraser]: ------------mail---------------
09-14 10:49:16.120  7977 12968 V [MYTAG][mail_tcp_socket][ViiSocketMailDataPhraser]: {"msgid":"sd","info":{"status":0},"time":1757846955}
09-14 10:49:16.121  7977 13169 W System  : Ignoring header sessionid because its value was null.
09-14 10:49:16.122  7977 12968 V [MYTAG][mail_tcp_socket][RemoteOptor]: ----
09-14 10:49:16.122  7977 12968 V [MYTAG][mail_tcp_socket][RemoteOptor]: [CMD]DEV_SDCARD_STATUS_QUERY
09-14 10:49:16.122  7977 12968 V [MYTAG][mail_tcp_socket][RemoteOptor]: [PARAM]null
09-14 10:49:16.122  7977 13169 I System.out: (HTTPLog)-Static: isSBSettingEnabled false
09-14 10:49:16.122  7977 12968 V [MYTAG][mail_tcp_socket][HttpTransportLayer]: [HTTP SEND GET]
09-14 10:49:16.122  7977 12968 V [MYTAG][mail_tcp_socket][HttpTransportLayer]: 	 url:http://192.168.0.1:80/app/getsdinfo
09-14 10:49:16.122  7977 13169 I System.out: (HTTPLog)-Static: isSBSettingEnabled false
09-14 10:49:16.127  7977 12968 V [MYTAG][main][Device]: 603 dev is connected:true
09-14 10:49:16.146  7977 15621 W ProxyAndroidLoggerBackend: Too many Flogger logs received before configuration. Dropping old logs.
09-14 10:49:16.147  7977 15621 W ProxyAndroidLoggerBackend: Too many Flogger logs received before configuration. Dropping old logs.
09-14 10:49:16.147  7977 15295 W ProxyAndroidLoggerBackend: Too many Flogger logs received before configuration. Dropping old logs.
09-14 10:49:16.151  7977 12968 V [MYTAG][mail_tcp_socket][HttpTransportLayer]: [HTTP RSP]
09-14 10:49:16.151  7977 12968 V [MYTAG][mail_tcp_socket][HttpTransportLayer]: 	 errcode:0
09-14 10:49:16.151  7977 12968 V [MYTAG][mail_tcp_socket][HttpTransportLayer]: 	[content]{"result":0,"info":{"status":0,"free":286,"total":1883}}
09-14 10:49:16.151  7977 12968 V [MYTAG][mail_tcp_socket][HttpTransportLayer]: -----------------------------------------
09-14 10:49:16.169  7977  7977 W ProxyAndroidLoggerBackend: Too many Flogger logs received before configuration. Dropping old logs.
09-14 10:49:16.178  7977  7977 I chatty  : uid=10291(com.vidure.app) identical 6 lines
09-14 10:49:16.179  7977  7977 W ProxyAndroidLoggerBackend: Too many Flogger logs received before configuration. Dropping old logs.
09-14 10:49:16.190  7977 12968 V [MYTAG][main][Device]: 603 dev is connected:true
09-14 10:49:16.193  7977 12968 V [MYTAG][main][CameraPreviewActivity]: rev msg1:264454
09-14 10:49:16.193  7977 12968 V [MYTAG][main][Device]: 603 dev is connected:true
09-14 10:49:16.193  7977 12968 V [MYTAG][main][CameraPreviewActivity]: rev msg1:589832
09-14 10:49:16.374  7977 13170 W System  : Ignoring header sessionid because its value was null.
09-14 10:49:16.375  7977 12968 V [MYTAG][HeartbeatMgr][RemoteOptor]: ----
09-14 10:49:16.375  7977 12968 V [MYTAG][HeartbeatMgr][RemoteOptor]: [CMD]Basic_Msg_MailBox
09-14 10:49:16.375  7977 12968 V [MYTAG][HeartbeatMgr][RemoteOptor]: [PARAM]null
09-14 10:49:16.375  7977 12968 V [MYTAG][HeartbeatMgr][HttpTransportLayer]: [HTTP SEND GET]
09-14 10:49:16.375  7977 12968 V [MYTAG][HeartbeatMgr][HttpTransportLayer]: 	 url:http://192.168.0.1:80/app/getparamvalue?param=rec
09-14 10:49:16.375  7977 13170 I System.out: (HTTPLog)-Static: isSBSettingEnabled false
09-14 10:49:16.375  7977 13170 I System.out: (HTTPLog)-Static: isSBSettingEnabled false
09-14 10:49:16.400  7977 12968 V [MYTAG][HeartbeatMgr][HttpTransportLayer]: [HTTP RSP]
09-14 10:49:16.400  7977 12968 V [MYTAG][HeartbeatMgr][HttpTransportLayer]: 	 errcode:0
09-14 10:49:16.400  7977 12968 V [MYTAG][HeartbeatMgr][HttpTransportLayer]: 	[content]{"result":0,"info":{"value":1}}
09-14 10:49:16.400  7977 12968 V [MYTAG][HeartbeatMgr][HttpTransportLayer]: -----------------------------------------
09-14 10:49:16.750  7977  7977 W ProxyAndroidLoggerBackend: Too many Flogger logs received before configuration. Dropping old logs.
09-14 10:49:16.751  7977  7977 W ProxyAndroidLoggerBackend: Too many Flogger logs received before configuration. Dropping old logs.
09-14 10:49:16.814  7977  7977 W ProxyAndroidLoggerBackend: Too many Flogger logs received before configuration. Dropping old logs.
09-14 10:49:16.815  7977  7977 W ProxyAndroidLoggerBackend: Too many Flogger logs received before configuration. Dropping old logs.
09-14 10:49:17.819  7977 15295 W ProxyAndroidLoggerBackend: Too many Flogger logs received before configuration. Dropping old logs.
09-14 10:49:18.320  7977 12968 D [MYTAG][main][SystemLocationClientImpl]: onLocationChanged GPS data:精度=9.648001 速度=0.0 海拔=322.239501953125 经纬度=49.3334415, 7.05249879
09-14 10:49:18.322  7977 12968 D [MYTAG][main][SystemLocationClientImpl]: 当前信号强度: 3
09-14 10:49:19.057  7977 12968 V [MYTAG][DefaultDispatcher-worker-3][Device]: 603 dev is connected:true
09-14 10:49:19.127  7977 12968 V [MYTAG][mail_tcp_socket][ViiSocketMailDataPhraser]: ------------mail---------------
09-14 10:49:19.127  7977 12968 V [MYTAG][mail_tcp_socket][ViiSocketMailDataPhraser]: {"msgid":"battery","info":{"capacity":72,"charge":0},"time":1757846958}
09-14 10:49:19.135  7977 13169 W System  : Ignoring header sessionid because its value was null.
09-14 10:49:19.135  7977 13169 I System.out: (HTTPLog)-Static: isSBSettingEnabled false
09-14 10:49:19.135  7977 13169 I System.out: (HTTPLog)-Static: isSBSettingEnabled false
09-14 10:49:19.139  7977 12968 V [MYTAG][main][Device]: 603 dev is connected:true
09-14 10:49:19.140  7977 12968 V [MYTAG][mail_tcp_socket][ViiSocketMailDataPhraser]: ------------mail---------------
09-14 10:49:19.140  7977 12968 V [MYTAG][mail_tcp_socket][ViiSocketMailDataPhraser]: {"msgid":"sd","info":{"status":0},"time":1757846958}
09-14 10:49:19.140  7977 12968 V [MYTAG][mail_tcp_socket][RemoteOptor]: ----
09-14 10:49:19.140  7977 12968 V [MYTAG][mail_tcp_socket][RemoteOptor]: [CMD]DEV_SDCARD_STATUS_QUERY
09-14 10:49:19.140  7977 12968 V [MYTAG][mail_tcp_socket][RemoteOptor]: [PARAM]null
09-14 10:49:19.140  7977 12968 V [MYTAG][mail_tcp_socket][HttpTransportLayer]: [HTTP SEND GET]
09-14 10:49:19.140  7977 12968 V [MYTAG][mail_tcp_socket][HttpTransportLayer]: 	 url:http://192.168.0.1:80/app/getsdinfo
09-14 10:49:19.156  7977 12968 V [MYTAG][mail_tcp_socket][HttpTransportLayer]: [HTTP RSP]
09-14 10:49:19.156  7977 12968 V [MYTAG][mail_tcp_socket][HttpTransportLayer]: 	 errcode:0
09-14 10:49:19.156  7977 12968 V [MYTAG][mail_tcp_socket][HttpTransportLayer]: 	[content]{"result":0,"info":{"status":0,"free":282,"total":1883}}
09-14 10:49:19.156  7977 12968 V [MYTAG][mail_tcp_socket][HttpTransportLayer]: -----------------------------------------
09-14 10:49:19.164  7977  7977 W ProxyAndroidLoggerBackend: Too many Flogger logs received before configuration. Dropping old logs.
09-14 10:49:19.171  7977  7977 I chatty  : uid=10291(com.vidure.app) identical 6 lines
09-14 10:49:19.172  7977  7977 W ProxyAndroidLoggerBackend: Too many Flogger logs received before configuration. Dropping old logs.
09-14 10:49:19.182  7977 12968 V [MYTAG][main][Device]: 603 dev is connected:true
09-14 10:49:19.185  7977 12968 V [MYTAG][main][CameraPreviewActivity]: rev msg1:264454
09-14 10:49:19.185  7977 12968 V [MYTAG][main][Device]: 603 dev is connected:true
09-14 10:49:19.185  7977 12968 V [MYTAG][main][CameraPreviewActivity]: rev msg1:589832
09-14 10:49:19.316  7977  7977 W ProxyAndroidLoggerBackend: Too many Flogger logs received before configuration. Dropping old logs.
09-14 10:49:19.317  7977  7977 W ProxyAndroidLoggerBackend: Too many Flogger logs received before configuration. Dropping old logs.
09-14 10:49:19.321  7977 12968 D [MYTAG][main][SystemLocationClientImpl]: onLocationChanged GPS data:精度=9.648001 速度=0.88 海拔=321.47882080078125 经纬度=49.33343044, 7.05251961
09-14 10:49:19.321  7977 12968 D [MYTAG][main][SystemLocationClientImpl]: 当前信号强度: 3
09-14 10:49:20.058  7977 12968 V [MYTAG][DefaultDispatcher-worker-1][Device]: 603 dev is connected:true
09-14 10:49:20.308  7977 12968 D [MYTAG][main][SystemLocationClientImpl]: onLocationChanged GPS data:精度=9.648001 速度=0.25 海拔=322.13739013671875 经纬度=49.33342184, 7.05253257
09-14 10:49:20.309  7977 12968 D [MYTAG][main][SystemLocationClientImpl]: 当前信号强度: 3
09-14 10:49:20.318  7977 15296 W ProxyAndroidLoggerBackend: Too many Flogger logs received before configuration. Dropping old logs.
09-14 10:49:20.374  7977 13170 W System  : Ignoring header sessionid because its value was null.
09-14 10:49:20.375  7977 13170 I System.out: (HTTPLog)-Static: isSBSettingEnabled false
09-14 10:49:20.375  7977 13170 I System.out: (HTTPLog)-Static: isSBSettingEnabled false
09-14 10:49:20.376  7977 12968 V [MYTAG][HeartbeatMgr][RemoteOptor]: ----
09-14 10:49:20.376  7977 12968 V [MYTAG][HeartbeatMgr][RemoteOptor]: [CMD]Basic_Msg_MailBox
09-14 10:49:20.376  7977 12968 V [MYTAG][HeartbeatMgr][RemoteOptor]: [PARAM]null
09-14 10:49:20.376  7977 12968 V [MYTAG][HeartbeatMgr][HttpTransportLayer]: [HTTP SEND GET]
09-14 10:49:20.376  7977 12968 V [MYTAG][HeartbeatMgr][HttpTransportLayer]: 	 url:http://192.168.0.1:80/app/getparamvalue?param=rec
09-14 10:49:20.405  7977 12968 V [MYTAG][HeartbeatMgr][HttpTransportLayer]: [HTTP RSP]
09-14 10:49:20.405  7977 12968 V [MYTAG][HeartbeatMgr][HttpTransportLayer]: 	 errcode:0
09-14 10:49:20.405  7977 12968 V [MYTAG][HeartbeatMgr][HttpTransportLayer]: 	[content]{"result":0,"info":{"value":1}}
09-14 10:49:20.405  7977 12968 V [MYTAG][HeartbeatMgr][HttpTransportLayer]: -----------------------------------------
09-14 10:49:21.060  7977 12968 V [MYTAG][DefaultDispatcher-worker-1][Device]: 603 dev is connected:true
09-14 10:49:21.320  7977 12968 D [MYTAG][main][SystemLocationClientImpl]: onLocationChanged GPS data:精度=9.648001 速度=0.0 海拔=322.0487060546875 经纬度=49.33341264, 7.05255148
09-14 10:49:21.323  7977 12968 D [MYTAG][main][SystemLocationClientImpl]: 当前信号强度: 3
09-14 10:49:22.061  7977 12968 V [MYTAG][DefaultDispatcher-worker-1][Device]: 603 dev is connected:true
09-14 10:49:22.168  7977 12968 V [MYTAG][mail_tcp_socket][ViiSocketMailDataPhraser]: ------------mail---------------
09-14 10:49:22.168  7977 12968 V [MYTAG][mail_tcp_socket][ViiSocketMailDataPhraser]: {"msgid":"battery","info":{"capacity":72,"charge":0},"time":1757846961}
09-14 10:49:22.175  7977 13169 W System  : Ignoring header sessionid because its value was null.
09-14 10:49:22.176  7977 13169 I System.out: (HTTPLog)-Static: isSBSettingEnabled false
09-14 10:49:22.176  7977 13169 I System.out: (HTTPLog)-Static: isSBSettingEnabled false
09-14 10:49:22.176  7977 12968 V [MYTAG][mail_tcp_socket][ViiSocketMailDataPhraser]: ------------mail---------------
09-14 10:49:22.176  7977 12968 V [MYTAG][mail_tcp_socket][ViiSocketMailDataPhraser]: {"msgid":"sd","info":{"status":0},"time":1757846961}
09-14 10:49:22.176  7977 12968 V [MYTAG][mail_tcp_socket][RemoteOptor]: ----
09-14 10:49:22.176  7977 12968 V [MYTAG][mail_tcp_socket][RemoteOptor]: [CMD]DEV_SDCARD_STATUS_QUERY
09-14 10:49:22.176  7977 12968 V [MYTAG][mail_tcp_socket][RemoteOptor]: [PARAM]null
09-14 10:49:22.177  7977 12968 V [MYTAG][mail_tcp_socket][HttpTransportLayer]: [HTTP SEND GET]
09-14 10:49:22.177  7977 12968 V [MYTAG][mail_tcp_socket][HttpTransportLayer]: 	 url:http://192.168.0.1:80/app/getsdinfo
09-14 10:49:22.179  7977 12968 V [MYTAG][main][Device]: 603 dev is connected:true
09-14 10:49:22.203  7977  7977 W ProxyAndroidLoggerBackend: Too many Flogger logs received before configuration. Dropping old logs.
09-14 10:49:22.204  7977 12968 V [MYTAG][mail_tcp_socket][HttpTransportLayer]: [HTTP RSP]
09-14 10:49:22.204  7977 12968 V [MYTAG][mail_tcp_socket][HttpTransportLayer]: 	 errcode:0
09-14 10:49:22.204  7977 12968 V [MYTAG][mail_tcp_socket][HttpTransportLayer]: 	[content]{"result":0,"info":{"status":0,"free":279,"total":1883}}
09-14 10:49:22.204  7977 12968 V [MYTAG][mail_tcp_socket][HttpTransportLayer]: -----------------------------------------
09-14 10:49:22.205  7977  7977 W ProxyAndroidLoggerBackend: Too many Flogger logs received before configuration. Dropping old logs.
09-14 10:49:22.210  7977  7977 I chatty  : uid=10291(com.vidure.app) identical 5 lines
09-14 10:49:22.211  7977  7977 W ProxyAndroidLoggerBackend: Too many Flogger logs received before configuration. Dropping old logs.
09-14 10:49:22.217  7977 15638 W ProxyAndroidLoggerBackend: Too many Flogger logs received before configuration. Dropping old logs.
09-14 10:49:22.220  7977 12968 V [MYTAG][main][Device]: 603 dev is connected:true
09-14 10:49:22.222  7977 12968 V [MYTAG][main][CameraPreviewActivity]: rev msg1:264454
09-14 10:49:22.222  7977 12968 V [MYTAG][main][Device]: 603 dev is connected:true
09-14 10:49:22.223  7977 12968 V [MYTAG][main][CameraPreviewActivity]: rev msg1:589832
09-14 10:49:23.307  7977 12968 D [MYTAG][main][SystemLocationClientImpl]: onLocationChanged GPS data:精度=9.648001 速度=0.0 海拔=322.66015625 经纬度=49.33340936, 7.05256577
09-14 10:49:23.308  7977 12968 D [MYTAG][main][SystemLocationClientImpl]: 当前信号强度: 3
09-14 10:49:24.071  7977 12968 V [MYTAG][DefaultDispatcher-worker-3][Device]: 603 dev is connected:true
09-14 10:49:24.374  7977 13170 W System  : Ignoring header sessionid because its value was null.
09-14 10:49:24.375  7977 13170 I System.out: (HTTPLog)-Static: isSBSettingEnabled false
09-14 10:49:24.375  7977 13170 I System.out: (HTTPLog)-Static: isSBSettingEnabled false
09-14 10:49:24.376  7977 12968 V [MYTAG][HeartbeatMgr][RemoteOptor]: ----
09-14 10:49:24.376  7977 12968 V [MYTAG][HeartbeatMgr][RemoteOptor]: [CMD]Basic_Msg_MailBox
09-14 10:49:24.376  7977 12968 V [MYTAG][HeartbeatMgr][RemoteOptor]: [PARAM]null
09-14 10:49:24.376  7977 12968 V [MYTAG][HeartbeatMgr][HttpTransportLayer]: [HTTP SEND GET]
09-14 10:49:24.376  7977 12968 V [MYTAG][HeartbeatMgr][HttpTransportLayer]: 	 url:http://192.168.0.1:80/app/getparamvalue?param=rec
09-14 10:49:24.430  7977 12968 V [MYTAG][HeartbeatMgr][HttpTransportLayer]: [HTTP RSP]
09-14 10:49:24.430  7977 12968 V [MYTAG][HeartbeatMgr][HttpTransportLayer]: 	 errcode:0
09-14 10:49:24.430  7977 12968 V [MYTAG][HeartbeatMgr][HttpTransportLayer]: 	[content]{"result":0,"info":{"value":1}}
09-14 10:49:24.430  7977 12968 V [MYTAG][HeartbeatMgr][HttpTransportLayer]: -----------------------------------------
09-14 10:49:25.148  7977 12968 V [MYTAG][mail_tcp_socket][ViiSocketMailDataPhraser]: ------------mail---------------
09-14 10:49:25.148  7977 12968 V [MYTAG][mail_tcp_socket][ViiSocketMailDataPhraser]: {"msgid":"battery","info":{"capacity":72,"charge":0},"time":1757846964}
09-14 10:49:25.149  7977 12968 V [MYTAG][mail_tcp_socket][ViiSocketMailDataPhraser]: ------------mail---------------
09-14 10:49:25.149  7977 12968 V [MYTAG][mail_tcp_socket][ViiSocketMailDataPhraser]: {"msgid":"sd","info":{"status":0},"time":1757846964}
09-14 10:49:25.150  7977 13169 W System  : Ignoring header sessionid because its value was null.
09-14 10:49:25.151  7977 13169 I System.out: (HTTPLog)-Static: isSBSettingEnabled false
09-14 10:49:25.151  7977 12968 V [MYTAG][mail_tcp_socket][RemoteOptor]: ----
09-14 10:49:25.151  7977 12968 V [MYTAG][mail_tcp_socket][RemoteOptor]: [CMD]DEV_SDCARD_STATUS_QUERY
09-14 10:49:25.151  7977 12968 V [MYTAG][mail_tcp_socket][RemoteOptor]: [PARAM]null
09-14 10:49:25.151  7977 13169 I System.out: (HTTPLog)-Static: isSBSettingEnabled false
09-14 10:49:25.151  7977 12968 V [MYTAG][mail_tcp_socket][HttpTransportLayer]: [HTTP SEND GET]
09-14 10:49:25.151  7977 12968 V [MYTAG][mail_tcp_socket][HttpTransportLayer]: 	 url:http://192.168.0.1:80/app/getsdinfo
09-14 10:49:25.155  7977 12968 V [MYTAG][main][Device]: 603 dev is connected:true
09-14 10:49:25.181  7977 12968 V [MYTAG][mail_tcp_socket][HttpTransportLayer]: [HTTP RSP]
09-14 10:49:25.181  7977 12968 V [MYTAG][mail_tcp_socket][HttpTransportLayer]: 	 errcode:0
09-14 10:49:25.181  7977 12968 V [MYTAG][mail_tcp_socket][HttpTransportLayer]: 	[content]{"result":0,"info":{"status":0,"free":275,"total":1883}}
09-14 10:49:25.181  7977 12968 V [MYTAG][mail_tcp_socket][HttpTransportLayer]: -----------------------------------------
09-14 10:49:25.188  7977  7977 W ProxyAndroidLoggerBackend: Too many Flogger logs received before configuration. Dropping old logs.
09-14 10:49:25.198  7977  7977 I chatty  : uid=10291(com.vidure.app) identical 6 lines
09-14 10:49:25.199  7977  7977 W ProxyAndroidLoggerBackend: Too many Flogger logs received before configuration. Dropping old logs.
09-14 10:49:25.217  7977 12968 V [MYTAG][main][Device]: 603 dev is connected:true
09-14 10:49:25.220  7977 12968 V [MYTAG][main][CameraPreviewActivity]: rev msg1:264454
09-14 10:49:25.220  7977 12968 V [MYTAG][main][Device]: 603 dev is connected:true
09-14 10:49:25.221  7977 12968 V [MYTAG][main][CameraPreviewActivity]: rev msg1:589832
09-14 10:49:28.157  7977 12968 V [MYTAG][mail_tcp_socket][ViiSocketMailDataPhraser]: ------------mail---------------
09-14 10:49:28.157  7977 12968 V [MYTAG][mail_tcp_socket][ViiSocketMailDataPhraser]: {"msgid":"battery","info":{"capacity":72,"charge":0},"time":1757846967}
09-14 10:49:28.158  7977 13169 W System  : Ignoring header sessionid because its value was null.
09-14 10:49:28.159  7977 12968 V [MYTAG][mail_tcp_socket][ViiSocketMailDataPhraser]: ------------mail---------------
09-14 10:49:28.159  7977 12968 V [MYTAG][mail_tcp_socket][ViiSocketMailDataPhraser]: {"msgid":"sd","info":{"status":0},"time":1757846967}
09-14 10:49:28.160  7977 12968 V [MYTAG][mail_tcp_socket][RemoteOptor]: ----
09-14 10:49:28.160  7977 12968 V [MYTAG][mail_tcp_socket][RemoteOptor]: [CMD]DEV_SDCARD_STATUS_QUERY
09-14 10:49:28.160  7977 12968 V [MYTAG][mail_tcp_socket][RemoteOptor]: [PARAM]null
09-14 10:49:28.160  7977 12968 V [MYTAG][mail_tcp_socket][HttpTransportLayer]: [HTTP SEND GET]
09-14 10:49:28.160  7977 12968 V [MYTAG][mail_tcp_socket][HttpTransportLayer]: 	 url:http://192.168.0.1:80/app/getsdinfo
09-14 10:49:28.160  7977 13169 I System.out: (HTTPLog)-Static: isSBSettingEnabled false
09-14 10:49:28.160  7977 13169 I System.out: (HTTPLog)-Static: isSBSettingEnabled false
09-14 10:49:28.166  7977 12968 V [MYTAG][main][Device]: 603 dev is connected:true
09-14 10:49:28.191  7977 12968 V [MYTAG][mail_tcp_socket][HttpTransportLayer]: [HTTP RSP]
09-14 10:49:28.191  7977 12968 V [MYTAG][mail_tcp_socket][HttpTransportLayer]: 	 errcode:0
09-14 10:49:28.191  7977 12968 V [MYTAG][mail_tcp_socket][HttpTransportLayer]: 	[content]{"result":0,"info":{"status":0,"free":271,"total":1883}}
09-14 10:49:28.191  7977 12968 V [MYTAG][mail_tcp_socket][HttpTransportLayer]: -----------------------------------------
09-14 10:49:28.235  7977  7977 W ProxyAndroidLoggerBackend: Too many Flogger logs received before configuration. Dropping old logs.
09-14 10:49:28.244  7977  7977 I chatty  : uid=10291(com.vidure.app) identical 6 lines
09-14 10:49:28.245  7977  7977 W ProxyAndroidLoggerBackend: Too many Flogger logs received before configuration. Dropping old logs.
09-14 10:49:28.261  7977 12968 V [MYTAG][main][Device]: 603 dev is connected:true
09-14 10:49:28.263  7977 12968 V [MYTAG][main][CameraPreviewActivity]: rev msg1:264454
09-14 10:49:28.263  7977 12968 V [MYTAG][main][Device]: 603 dev is connected:true
09-14 10:49:28.263  7977 12968 V [MYTAG][main][CameraPreviewActivity]: rev msg1:589832
09-14 10:49:28.374  7977 13170 W System  : Ignoring header sessionid because its value was null.
09-14 10:49:28.375  7977 13170 I System.out: (HTTPLog)-Static: isSBSettingEnabled false
09-14 10:49:28.375  7977 13170 I System.out: (HTTPLog)-Static: isSBSettingEnabled false
09-14 10:49:28.376  7977 12968 V [MYTAG][HeartbeatMgr][RemoteOptor]: ----
09-14 10:49:28.376  7977 12968 V [MYTAG][HeartbeatMgr][RemoteOptor]: [CMD]Basic_Msg_MailBox
09-14 10:49:28.376  7977 12968 V [MYTAG][HeartbeatMgr][RemoteOptor]: [PARAM]null
09-14 10:49:28.376  7977 12968 V [MYTAG][HeartbeatMgr][HttpTransportLayer]: [HTTP SEND GET]
09-14 10:49:28.376  7977 12968 V [MYTAG][HeartbeatMgr][HttpTransportLayer]: 	 url:http://192.168.0.1:80/app/getparamvalue?param=rec
09-14 10:49:28.417  7977 12968 V [MYTAG][HeartbeatMgr][HttpTransportLayer]: [HTTP RSP]
09-14 10:49:28.417  7977 12968 V [MYTAG][HeartbeatMgr][HttpTransportLayer]: 	 errcode:0
09-14 10:49:28.417  7977 12968 V [MYTAG][HeartbeatMgr][HttpTransportLayer]: 	[content]{"result":0,"info":{"value":1}}
09-14 10:49:28.417  7977 12968 V [MYTAG][HeartbeatMgr][HttpTransportLayer]: -----------------------------------------
09-14 10:49:31.168  7977 12968 V [MYTAG][mail_tcp_socket][ViiSocketMailDataPhraser]: ------------mail---------------
09-14 10:49:31.168  7977 12968 V [MYTAG][mail_tcp_socket][ViiSocketMailDataPhraser]: {"msgid":"battery","info":{"capacity":72,"charge":0},"time":1757846970}
09-14 10:49:31.170  7977 13169 W System  : Ignoring header sessionid because its value was null.
09-14 10:49:31.171  7977 13169 I System.out: (HTTPLog)-Static: isSBSettingEnabled false
09-14 10:49:31.171  7977 13169 I System.out: (HTTPLog)-Static: isSBSettingEnabled false
09-14 10:49:31.172  7977 12968 V [MYTAG][mail_tcp_socket][ViiSocketMailDataPhraser]: ------------mail---------------
09-14 10:49:31.172  7977 12968 V [MYTAG][mail_tcp_socket][ViiSocketMailDataPhraser]: {"msgid":"sd","info":{"status":0},"time":1757846970}
09-14 10:49:31.172  7977 12968 V [MYTAG][mail_tcp_socket][RemoteOptor]: ----
09-14 10:49:31.172  7977 12968 V [MYTAG][mail_tcp_socket][RemoteOptor]: [CMD]DEV_SDCARD_STATUS_QUERY
09-14 10:49:31.172  7977 12968 V [MYTAG][mail_tcp_socket][RemoteOptor]: [PARAM]null
09-14 10:49:31.172  7977 12968 V [MYTAG][mail_tcp_socket][HttpTransportLayer]: [HTTP SEND GET]
09-14 10:49:31.172  7977 12968 V [MYTAG][mail_tcp_socket][HttpTransportLayer]: 	 url:http://192.168.0.1:80/app/getsdinfo
09-14 10:49:31.186  7977 12968 V [MYTAG][main][Device]: 603 dev is connected:true
09-14 10:49:31.199  7977 12968 V [MYTAG][mail_tcp_socket][HttpTransportLayer]: [HTTP RSP]
09-14 10:49:31.199  7977 12968 V [MYTAG][mail_tcp_socket][HttpTransportLayer]: 	 errcode:0
09-14 10:49:31.199  7977 12968 V [MYTAG][mail_tcp_socket][HttpTransportLayer]: 	[content]{"result":0,"info":{"status":0,"free":267,"total":1883}}
09-14 10:49:31.199  7977 12968 V [MYTAG][mail_tcp_socket][HttpTransportLayer]: -----------------------------------------
09-14 10:49:31.218  7977  7977 W ProxyAndroidLoggerBackend: Too many Flogger logs received before configuration. Dropping old logs.
09-14 10:49:31.226  7977  7977 I chatty  : uid=10291(com.vidure.app) identical 6 lines
09-14 10:49:31.227  7977  7977 W ProxyAndroidLoggerBackend: Too many Flogger logs received before configuration. Dropping old logs.
09-14 10:49:31.236  7977 12968 V [MYTAG][main][Device]: 603 dev is connected:true
09-14 10:49:31.237  7977 12968 V [MYTAG][main][CameraPreviewActivity]: rev msg1:264454
09-14 10:49:31.237  7977 12968 V [MYTAG][main][Device]: 603 dev is connected:true
09-14 10:49:31.237  7977 12968 V [MYTAG][main][CameraPreviewActivity]: rev msg1:589832
09-14 10:49:32.375  7977 13170 W System  : Ignoring header sessionid because its value was null.
09-14 10:49:32.376  7977 13170 I System.out: (HTTPLog)-Static: isSBSettingEnabled false
09-14 10:49:32.376  7977 13170 I System.out: (HTTPLog)-Static: isSBSettingEnabled false
09-14 10:49:32.377  7977 12968 V [MYTAG][HeartbeatMgr][RemoteOptor]: ----
09-14 10:49:32.377  7977 12968 V [MYTAG][HeartbeatMgr][RemoteOptor]: [CMD]Basic_Msg_MailBox
09-14 10:49:32.377  7977 12968 V [MYTAG][HeartbeatMgr][RemoteOptor]: [PARAM]null
09-14 10:49:32.378  7977 12968 V [MYTAG][HeartbeatMgr][HttpTransportLayer]: [HTTP SEND GET]
09-14 10:49:32.378  7977 12968 V [MYTAG][HeartbeatMgr][HttpTransportLayer]: 	 url:http://192.168.0.1:80/app/getparamvalue?param=rec
09-14 10:49:32.417  7977 12968 V [MYTAG][HeartbeatMgr][HttpTransportLayer]: [HTTP RSP]
09-14 10:49:32.417  7977 12968 V [MYTAG][HeartbeatMgr][HttpTransportLayer]: 	 errcode:0
09-14 10:49:32.417  7977 12968 V [MYTAG][HeartbeatMgr][HttpTransportLayer]: 	[content]{"result":0,"info":{"value":1}}
09-14 10:49:32.417  7977 12968 V [MYTAG][HeartbeatMgr][HttpTransportLayer]: -----------------------------------------
09-14 10:49:33.246  7977 15658 E JavaBinder: !!! FAILED BINDER TRANSACTION !!!  (parcel size = 128)
09-14 10:49:33.251  7977 15658 E AndroidRuntime: FATAL EXCEPTION: androidmapsapi-ula-1
09-14 10:49:33.251  7977 15658 E AndroidRuntime: Process: com.vidure.app, PID: 7977
09-14 10:49:33.251  7977 15658 E AndroidRuntime: DeadSystemException: The system died; earlier logs will point to the root cause
09-14 10:49:33.718  7977 15658 E memtrack: Couldn't load memtrack module
09-14 10:49:33.718  7977 15658 W android.os.Debug: failed to get memory consumption info: -1
09-14 10:49:33.815  7977 15658 E [MYTAG][androidmapsapi-ula-1]CrashHandler: MyApplication.isInited:true AppLib.isInit:true
09-14 10:49:33.815  7977 15658 E [MYTAG][androidmapsapi-ula-1]CrashHandler: DeadSystemException: The system died; earlier logs will point to the root cause
09-14 10:49:33.816  7977 15658 E [MYTAG][androidmapsapi-ula-1]CrashException: AppCrash NeedToRecordForCheck
09-14 10:49:33.818  7977 12968 V [MYTAG][androidmapsapi-ula-1][UiResInit]: errorinfo:java.lang.RuntimeException: android.os.DeadSystemException
09-14 10:49:33.818  7977 12968 V [MYTAG][androidmapsapi-ula-1][UiResInit]: 	at android.app.ApplicationPackageManager.getApplicationInfoAsUser(ApplicationPackageManager.java:496)
09-14 10:49:33.818  7977 12968 V [MYTAG][androidmapsapi-ula-1][UiResInit]: 	at android.app.ApplicationPackageManager.getApplicationInfo(ApplicationPackageManager.java:480)
09-14 10:49:33.818  7977 12968 V [MYTAG][androidmapsapi-ula-1][UiResInit]: 	at com.google.maps.api.android.lib6.common.g.b(:com.google.android.gms.policy_maps_core_dynamite@252725204@252725201025.791442750.791442750:8)
09-14 10:49:33.818  7977 12968 V [MYTAG][androidmapsapi-ula-1][UiResInit]: 	at com.google.maps.api.android.lib6.impl.hq.run(:com.google.android.gms.policy_maps_core_dynamite@252725204@252725201025.791442750.791442750:563)
09-14 10:49:33.818  7977 12968 V [MYTAG][androidmapsapi-ula-1][UiResInit]: 	at java.util.concurrent.ThreadPoolExecutor.runWorker(ThreadPoolExecutor.java:1167)
09-14 10:49:33.818  7977 12968 V [MYTAG][androidmapsapi-ula-1][UiResInit]: 	at java.util.concurrent.ThreadPoolExecutor$Worker.run(ThreadPoolExecutor.java:641)
09-14 10:49:33.818  7977 12968 V [MYTAG][androidmapsapi-ula-1][UiResInit]: 	at java.lang.Thread.run(Thread.java:919)
09-14 10:49:33.818  7977 12968 V [MYTAG][androidmapsapi-ula-1][UiResInit]: Caused by: android.os.DeadSystemException
09-14 10:49:33.818  7977 12968 V [MYTAG][androidmapsapi-ula-1][UiResInit]: 	... 7 more
09-14 10:49:33.818  7977 12968 V [MYTAG][androidmapsapi-ula-1][UiResInit]: 
09-14 10:49:33.818  7977 12968 V [MYTAG][androidmapsapi-ula-1][UiResInit]: date:2025-09-14 10:49:33
09-14 10:49:33.818  7977 12968 V [MYTAG][androidmapsapi-ula-1][UiResInit]: versioninfo:v2.7.1.250712/524
09-14 10:49:33.818  7977 12968 V [MYTAG][androidmapsapi-ula-1][UiResInit]: mobileInfo:BOARD=msm8998
09-14 10:49:33.818  7977 12968 V [MYTAG][androidmapsapi-ula-1][UiResInit]: BOOTLOADER=T835XXU5CVG2
09-14 10:49:33.818  7977 12968 V [MYTAG][androidmapsapi-ula-1][UiResInit]: BRAND=samsung
09-14 10:49:33.818  7977 12968 V [MYTAG][androidmapsapi-ula-1][UiResInit]: CPU_ABI=arm64-v8a
09-14 10:49:33.818  7977 12968 V [MYTAG][androidmapsapi-ula-1][UiResInit]: CPU_ABI2=
09-14 10:49:33.818  7977 12968 V [MYTAG][androidmapsapi-ula-1][UiResInit]: DEVICE=gts4llte
09-14 10:49:33.818  7977 12968 V [MYTAG][androidmapsapi-ula-1][UiResInit]: DISPLAY=QP1A.190711.020.T835XXU5CVG2
09-14 10:49:33.818  7977 12968 V [MYTAG][androidmapsapi-ula-1][UiResInit]: FINGERPRINT=samsung/gts4lltexx/gts4llte:10/QP1A.190711.020/T835XXU5CVG2:user/release-keys
09-14 10:49:33.818  7977 12968 V [MYTAG][androidmapsapi-ula-1][UiResInit]: HARDWARE=qcom
09-14 10:49:33.818  7977 12968 V [MYTAG][androidmapsapi-ula-1][UiResInit]: HOST=21HH1G04
09-14 10:49:33.818  7977 12968 V [MYTAG][androidmapsapi-ula-1][UiResInit]: ID=QP1A.190711.020
09-14 10:49:33.818  7977 12968 V [MYTAG][androidmapsapi-ula-1][UiResInit]: IS_DEBUGGABLE=false
09-14 10:49:33.818  7977 12968 V [MYTAG][androidmapsapi-ula-1][UiResInit]: IS_EMULATOR=false
09-14 10:49:33.818  7977 12968 V [MYTAG][androidmapsapi-ula-1][UiResInit]: MANUFACTURER=samsung
09-14 10:49:33.818  7977 12968 V [MYTAG][androidmapsapi-ula-1][UiResInit]: MODEL=SM-T835
09-14 10:49:33.818  7977 12968 V [MYTAG][androidmapsapi-ula-1][UiResInit]: PERMISSIONS_REVIEW_REQUIRED=true
09-14 10:49:33.818  7977 12968 V [MYTAG][androidmapsapi-ula-1][UiResInit]: PRODUCT=gts4lltexx
09-14 10:49:33.818  7977 12968 V [MYTAG][androidmapsapi-ula-1][UiResInit]: RADIO=unknown
09-14 10:49:33.818  7977 12968 V [MYTAG][androidmapsapi-ula-1][UiResInit]: SERIAL=unknown
09-14 10:49:33.818  7977 12968 V [MYTAG][androidmapsapi-ula-1][UiResInit]: SUPPORTED_32_BIT_ABIS=[Ljava.lang.String;@3629e8
09-14 10:49:33.818  7977 12968 V [MYTAG][androidmapsapi-ula-1][UiResInit]: SUPPORTED_64_BIT_ABIS=[Ljava.lang.String;@944b801
09-14 10:49:33.818  7977 12968 V [MYTAG][androidmapsapi-ula-1][UiResInit]: SUPPORTED_ABIS=[Ljava.lang.String;@418d6a6
09-14 10:49:33.818  7977 12968 V [MYTAG][androidmapsapi-ula-1][UiResInit]: TAGS=release-keys
09-14 10:49:33.818  7977 12968 V [MYTAG][androidmapsapi-ula-1][UiResInit]: TIME=1658709230000
09-14 10:49:33.818  7977 12968 V [MYTAG][androidmapsapi-ula-1][UiResInit]: TYPE=user
09-14 10:49:33.818  7977 12968 V [MYTAG][androidmapsapi-ula-1][UiResInit]: UNKNOWN=unknown
09-14 10:49:33.818  7977 12968 V [MYTAG][androidmapsapi-ula-1][UiResInit]: USER=dpi
09-14 10:49:33.818  7977 12968 V [MYTAG][androidmapsapi-ula-1][UiResInit]: 
09-14 10:49:33.881  7977 12918 I com.vidure.app: Background young concurrent copying GC freed 87436(14MB) AllocSpace objects, 42(2016KB) LOS objects, 10% free, 97MB/108MB, paused 815us total 119.452ms
09-14 10:49:34.176  7977 12968 V [MYTAG][mail_tcp_socket][ViiSocketMailDataPhraser]: ------------mail---------------
09-14 10:49:34.176  7977 12968 V [MYTAG][mail_tcp_socket][ViiSocketMailDataPhraser]: {"msgid":"battery","info":{"capacity":72,"charge":0},"time":1757846973}
09-14 10:49:34.178  7977 13169 W System  : Ignoring header sessionid because its value was null.
09-14 10:49:34.178  7977 13169 I System.out: (HTTPLog)-Static: isSBSettingEnabled false
09-14 10:49:34.178  7977 13169 I System.out: (HTTPLog)-Static: isSBSettingEnabled false
09-14 10:49:34.179  7977 12968 V [MYTAG][mail_tcp_socket][ViiSocketMailDataPhraser]: ------------mail---------------
09-14 10:49:34.179  7977 12968 V [MYTAG][mail_tcp_socket][ViiSocketMailDataPhraser]: {"msgid":"sd","info":{"status":0},"time":1757846973}
09-14 10:49:34.179  7977 12968 V [MYTAG][mail_tcp_socket][RemoteOptor]: ----
09-14 10:49:34.179  7977 12968 V [MYTAG][mail_tcp_socket][RemoteOptor]: [CMD]DEV_SDCARD_STATUS_QUERY
09-14 10:49:34.179  7977 12968 V [MYTAG][mail_tcp_socket][RemoteOptor]: [PARAM]null
09-14 10:49:34.179  7977 12968 V [MYTAG][mail_tcp_socket][HttpTransportLayer]: [HTTP SEND GET]
09-14 10:49:34.179  7977 12968 V [MYTAG][mail_tcp_socket][HttpTransportLayer]: 	 url:http://192.168.0.1:80/app/getsdinfo
09-14 10:49:34.185  7977 12968 V [MYTAG][main][Device]: 603 dev is connected:true
09-14 10:49:34.217  7977 12968 V [MYTAG][mail_tcp_socket][HttpTransportLayer]: [HTTP RSP]
09-14 10:49:34.217  7977 12968 V [MYTAG][mail_tcp_socket][HttpTransportLayer]: 	 errcode:0
09-14 10:49:34.217  7977 12968 V [MYTAG][mail_tcp_socket][HttpTransportLayer]: 	[content]{"result":0,"info":{"status":0,"free":264,"total":1883}}
09-14 10:49:34.217  7977 12968 V [MYTAG][mail_tcp_socket][HttpTransportLayer]: -----------------------------------------
09-14 10:49:34.217  7977  7977 W ProxyAndroidLoggerBackend: Too many Flogger logs received before configuration. Dropping old logs.
09-14 10:49:34.223  7977  7977 I chatty  : uid=10291(com.vidure.app) identical 6 lines
09-14 10:49:34.224  7977  7977 W ProxyAndroidLoggerBackend: Too many Flogger logs received before configuration. Dropping old logs.
09-14 10:49:34.231  7977 12968 V [MYTAG][main][Device]: 603 dev is connected:true
09-14 10:49:34.232  7977 12968 V [MYTAG][main][CameraPreviewActivity]: rev msg1:264454
09-14 10:49:34.233  7977 12968 V [MYTAG][main][Device]: 603 dev is connected:true
09-14 10:49:34.233  7977 12968 V [MYTAG][main][CameraPreviewActivity]: rev msg1:589832
09-14 10:49:34.233  7977 15680 W ProxyAndroidLoggerBackend: Too many Flogger logs received before configuration. Dropping old logs.
09-14 10:49:34.548  7977 12968 V [MYTAG][androidmapsapi-ula-1][CameraPreviewActivity]: CameraPreviewActivity finish...
09-14 10:49:34.559  7977 12968 V [MYTAG][androidmapsapi-ula-1][MainActivity]: MainActivity finish...
09-14 10:49:34.572  7977 12968 D [MYTAG][main][GoogleMapAdapter]: onPause
09-14 10:49:34.574  7977 12968 V [MYTAG][main][CameraPreviewActivity]: CameraPreviewActivity onPause...
09-14 10:49:34.577  7977 12968 V [MYTAG][pool-10-thread-15][onPause_stop_player]: runnable  is start.
09-14 10:49:34.577  7977 12968 V [MYTAG][pool-10-thread-15][b]: toStopSync...
09-14 10:49:34.597  7977  7977 D Google Android Maps SDK: For capability in capabilities, log:
09-14 10:49:34.597  7977  7977 D Google Android Maps SDK: "AdvancedMarkers: false: Capabilities unavailable without a Map ID."Data-driven styling: false
09-14 10:49:34.597  7977 12968 D [MYTAG][main][GoogleMapAdapter]: onDestroy
09-14 10:49:34.604  7977  7977 W ProxyAndroidLoggerBackend: Too many Flogger logs received before configuration. Dropping old logs.
09-14 10:49:34.609  7977  7977 W ProxyAndroidLoggerBackend: Too many Flogger logs received before configuration. Dropping old logs.
09-14 10:49:34.611  7977  7977 W ProxyAndroidLoggerBackend: Too many Flogger logs received before configuration. Dropping old logs.
09-14 10:49:34.612  7977  7977 W ProxyAndroidLoggerBackend: Too many Flogger logs received before configuration. Dropping old logs.
09-14 10:49:34.613  7977  7977 W ProxyAndroidLoggerBackend: Too many Flogger logs received before configuration. Dropping old logs.
09-14 10:49:34.614  7977  7977 W ProxyAndroidLoggerBackend: Too many Flogger logs received before configuration. Dropping old logs.
09-14 10:49:34.615  7977  7977 W ProxyAndroidLoggerBackend: Too many Flogger logs received before configuration. Dropping old logs.
09-14 10:49:34.616  7977  7977 I chatty  : uid=10291(com.vidure.app) identical 1 line
09-14 10:49:34.617  7977  7977 W ProxyAndroidLoggerBackend: Too many Flogger logs received before configuration. Dropping old logs.
09-14 10:49:34.617  7977  7977 W ProxyAndroidLoggerBackend: Too many Flogger logs received before configuration. Dropping old logs.
09-14 10:49:34.618  7977  7977 W ProxyAndroidLoggerBackend: Too many Flogger logs received before configuration. Dropping old logs.
09-14 10:49:34.619  7977  7977 W ProxyAndroidLoggerBackend: Too many Flogger logs received before configuration. Dropping old logs.
09-14 10:49:34.621  7977  7977 I chatty  : uid=10291(com.vidure.app) identical 11 lines
09-14 10:49:34.621  7977  7977 W ProxyAndroidLoggerBackend: Too many Flogger logs received before configuration. Dropping old logs.
09-14 10:49:34.623  7977  7977 W ProxyAndroidLoggerBackend: Too many Flogger logs received before configuration. Dropping old logs.
09-14 10:49:34.624  7977  7977 W ProxyAndroidLoggerBackend: Too many Flogger logs received before configuration. Dropping old logs.
09-14 10:49:34.635  7977  7977 W ProxyAndroidLoggerBackend: Too many Flogger logs received before configuration. Dropping old logs.
09-14 10:49:34.645  7977  7977 I chatty  : uid=10291(com.vidure.app) identical 4 lines
09-14 10:49:34.645  7977  7977 W ProxyAndroidLoggerBackend: Too many Flogger logs received before configuration. Dropping old logs.
09-14 10:49:34.645  7977  7977 W ProxyAndroidLoggerBackend: Too many Flogger logs received before configuration. Dropping old logs.
09-14 10:49:34.651  7977  7977 I chatty  : uid=10291(com.vidure.app) identical 31 lines
09-14 10:49:34.652  7977  7977 W ProxyAndroidLoggerBackend: Too many Flogger logs received before configuration. Dropping old logs.
09-14 10:49:34.652  7977  7977 W ProxyAndroidLoggerBackend: Too many Flogger logs received before configuration. Dropping old logs.
09-14 10:49:34.653  7977  7977 I chatty  : uid=10291(com.vidure.app) identical 9 lines
09-14 10:49:34.653  7977  7977 W ProxyAndroidLoggerBackend: Too many Flogger logs received before configuration. Dropping old logs.
09-14 10:49:34.658  7977  7977 W ProxyAndroidLoggerBackend: Too many Flogger logs received before configuration. Dropping old logs.
09-14 10:49:34.658  7977  7977 I chatty  : uid=10291(com.vidure.app) identical 1 line
09-14 10:49:34.658  7977  7977 W ProxyAndroidLoggerBackend: Too many Flogger logs received before configuration. Dropping old logs.
09-14 10:49:34.658  7977  7977 W ProxyAndroidLoggerBackend: Too many Flogger logs received before configuration. Dropping old logs.
09-14 10:49:34.658  7977  7977 W ProxyAndroidLoggerBackend: Too many Flogger logs received before configuration. Dropping old logs.
09-14 10:49:34.658  7977  7977 W ProxyAndroidLoggerBackend: Too many Flogger logs received before configuration. Dropping old logs.
09-14 10:49:34.659  7977  7977 I chatty  : uid=10291(com.vidure.app) identical 1 line
09-14 10:49:34.659  7977  7977 W ProxyAndroidLoggerBackend: Too many Flogger logs received before configuration. Dropping old logs.
09-14 10:49:34.663  7977  7977 W ProxyAndroidLoggerBackend: Too many Flogger logs received before configuration. Dropping old logs.
09-14 10:49:34.664  7977  7977 I chatty  : uid=10291(com.vidure.app) identical 4 lines
09-14 10:49:34.664  7977  7977 W ProxyAndroidLoggerBackend: Too many Flogger logs received before configuration. Dropping old logs.
09-14 10:49:34.664  7977  7977 W ProxyAndroidLoggerBackend: Too many Flogger logs received before configuration. Dropping old logs.
09-14 10:49:34.664  7977  7977 W ProxyAndroidLoggerBackend: Too many Flogger logs received before configuration. Dropping old logs.
