09-14 10:13:44.086  3880  7576 V [MYTAG][mail_tcp_socket][ViiSocketMailDataPhraser]: {"msgid":"battery","info":{"capacity":96,"charge":0},"time":1757844823}
09-14 10:13:44.088  3880  7576 V [MYTAG][mail_tcp_socket][ViiSocketMailDataPhraser]: ------------mail---------------
09-14 10:13:44.088  3880  7576 V [MYTAG][mail_tcp_socket][ViiSocketMailDataPhraser]: {"msgid":"sd","info":{"status":0},"time":1757844823}
09-14 10:13:44.088  3880  7576 V [MYTAG][mail_tcp_socket][RemoteOptor]: ----
09-14 10:13:44.088  3880  7576 V [MYTAG][mail_tcp_socket][RemoteOptor]: [CMD]DEV_SDCARD_STATUS_QUERY
09-14 10:13:44.088  3880  7576 V [MYTAG][mail_tcp_socket][RemoteOptor]: [PARAM]null
09-14 10:13:44.088  3880  7576 V [MYTAG][mail_tcp_socket][HttpTransportLayer]: [HTTP SEND GET]
09-14 10:13:44.088  3880  7576 V [MYTAG][mail_tcp_socket][HttpTransportLayer]: 	 url:http://192.168.0.1:80/app/getsdinfo
09-14 10:13:44.088  3880  8188 W System  : Ignoring header sessionid because its value was null.
09-14 10:13:44.089  3880  8188 I System.out: (HTTPLog)-Static: isSBSettingEnabled false
09-14 10:13:44.089  3880  8188 I System.out: (HTTPLog)-Static: isSBSettingEnabled false
09-14 10:13:44.106  3880  7576 V [MYTAG][main][Device]: 603 dev is connected:true
09-14 10:13:44.109  3880  7576 V [MYTAG][mail_tcp_socket][HttpTransportLayer]: [HTTP RSP]
09-14 10:13:44.109  3880  7576 V [MYTAG][mail_tcp_socket][HttpTransportLayer]: 	 errcode:0
09-14 10:13:44.109  3880  7576 V [MYTAG][mail_tcp_socket][HttpTransportLayer]: 	[content]{"result":0,"info":{"status":0,"free":299,"total":1883}}
09-14 10:13:44.109  3880  7576 V [MYTAG][mail_tcp_socket][HttpTransportLayer]: -----------------------------------------
09-14 10:13:44.133  3880  3880 W ProxyAndroidLoggerBackend: Too many Flogger logs received before configuration. Dropping old logs.
09-14 10:13:44.145  3880  3880 I chatty  : uid=10291(com.vidure.app) identical 6 lines
09-14 10:13:44.146  3880  3880 W ProxyAndroidLoggerBackend: Too many Flogger logs received before configuration. Dropping old logs.
09-14 10:13:44.155  3880  8092 W ProxyAndroidLoggerBackend: Too many Flogger logs received before configuration. Dropping old logs.
09-14 10:13:44.155  3880  8092 I chatty  : uid=10291(com.vidure.app) identical 1 line
09-14 10:13:44.155  3880  8092 W ProxyAndroidLoggerBackend: Too many Flogger logs received before configuration. Dropping old logs.
09-14 10:13:44.156  3880  8091 W ProxyAndroidLoggerBackend: Too many Flogger logs received before configuration. Dropping old logs.
09-14 10:13:44.157  3880  8091 W ProxyAndroidLoggerBackend: Too many Flogger logs received before configuration. Dropping old logs.
09-14 10:13:44.157  3880  7576 V [MYTAG][main][Device]: 603 dev is connected:true
09-14 10:13:44.158  3880  7576 V [MYTAG][main][CameraPreviewActivity]: rev msg1:264454
09-14 10:13:44.158  3880  8353 W ProxyAndroidLoggerBackend: Too many Flogger logs received before configuration. Dropping old logs.
09-14 10:13:44.159  3880  7576 V [MYTAG][main][Device]: 603 dev is connected:true
09-14 10:13:44.159  3880  7576 V [MYTAG][main][CameraPreviewActivity]: rev msg1:589832
09-14 10:13:45.694  3880  7576 V [MYTAG][HeartbeatMgr][RemoteOptor]: ----
09-14 10:13:45.694  3880  7576 V [MYTAG][HeartbeatMgr][RemoteOptor]: [CMD]Basic_Msg_MailBox
09-14 10:13:45.694  3880  7576 V [MYTAG][HeartbeatMgr][RemoteOptor]: [PARAM]null
09-14 10:13:45.695  3880  7576 V [MYTAG][HeartbeatMgr][HttpTransportLayer]: [HTTP SEND GET]
09-14 10:13:45.695  3880  7576 V [MYTAG][HeartbeatMgr][HttpTransportLayer]: 	 url:http://192.168.0.1:80/app/getparamvalue?param=rec
09-14 10:13:45.695  3880  8189 W System  : Ignoring header sessionid because its value was null.
09-14 10:13:45.695  3880  8189 I System.out: (HTTPLog)-Static: isSBSettingEnabled false
09-14 10:13:45.695  3880  8189 I System.out: (HTTPLog)-Static: isSBSettingEnabled false
09-14 10:13:45.722  3880  7576 V [MYTAG][HeartbeatMgr][HttpTransportLayer]: [HTTP RSP]
09-14 10:13:45.722  3880  7576 V [MYTAG][HeartbeatMgr][HttpTransportLayer]: 	 errcode:0
09-14 10:13:45.722  3880  7576 V [MYTAG][HeartbeatMgr][HttpTransportLayer]: 	[content]{"result":0,"info":{"value":0}}
09-14 10:13:45.722  3880  7576 V [MYTAG][HeartbeatMgr][HttpTransportLayer]: -----------------------------------------
09-14 10:13:47.096  3880  7576 V [MYTAG][mail_tcp_socket][ViiSocketMailDataPhraser]: ------------mail---------------
09-14 10:13:47.096  3880  7576 V [MYTAG][mail_tcp_socket][ViiSocketMailDataPhraser]: {"msgid":"battery","info":{"capacity":96,"charge":0},"time":1757844826}
09-14 10:13:47.099  3880  7576 V [MYTAG][mail_tcp_socket][ViiSocketMailDataPhraser]: ------------mail---------------
09-14 10:13:47.099  3880  7576 V [MYTAG][mail_tcp_socket][ViiSocketMailDataPhraser]: {"msgid":"sd","info":{"status":0},"time":1757844826}
09-14 10:13:47.100  3880  7576 V [MYTAG][mail_tcp_socket][RemoteOptor]: ----
09-14 10:13:47.100  3880  7576 V [MYTAG][mail_tcp_socket][RemoteOptor]: [CMD]DEV_SDCARD_STATUS_QUERY
09-14 10:13:47.100  3880  7576 V [MYTAG][mail_tcp_socket][RemoteOptor]: [PARAM]null
09-14 10:13:47.101  3880  8188 W System  : Ignoring header sessionid because its value was null.
09-14 10:13:47.101  3880  8188 I System.out: (HTTPLog)-Static: isSBSettingEnabled false
09-14 10:13:47.101  3880  8188 I System.out: (HTTPLog)-Static: isSBSettingEnabled false
09-14 10:13:47.103  3880  7576 V [MYTAG][mail_tcp_socket][HttpTransportLayer]: [HTTP SEND GET]
09-14 10:13:47.103  3880  7576 V [MYTAG][mail_tcp_socket][HttpTransportLayer]: 	 url:http://192.168.0.1:80/app/getsdinfo
09-14 10:13:47.106  3880  7576 V [MYTAG][main][Device]: 603 dev is connected:true
09-14 10:13:47.133  3880  7576 V [MYTAG][mail_tcp_socket][HttpTransportLayer]: [HTTP RSP]
09-14 10:13:47.133  3880  7576 V [MYTAG][mail_tcp_socket][HttpTransportLayer]: 	 errcode:0
09-14 10:13:47.133  3880  7576 V [MYTAG][mail_tcp_socket][HttpTransportLayer]: 	[content]{"result":0,"info":{"status":0,"free":299,"total":1883}}
09-14 10:13:47.133  3880  7576 V [MYTAG][mail_tcp_socket][HttpTransportLayer]: -----------------------------------------
09-14 10:13:47.188  3880  3880 W ProxyAndroidLoggerBackend: Too many Flogger logs received before configuration. Dropping old logs.
09-14 10:13:47.204  3880  3880 I chatty  : uid=10291(com.vidure.app) identical 6 lines
09-14 10:13:47.206  3880  3880 W ProxyAndroidLoggerBackend: Too many Flogger logs received before configuration. Dropping old logs.
09-14 10:13:47.215  3880  8353 W ProxyAndroidLoggerBackend: Too many Flogger logs received before configuration. Dropping old logs.
09-14 10:13:47.218  3880  8353 I chatty  : uid=10291(com.vidure.app) identical 7 lines
09-14 10:13:47.218  3880  8353 W ProxyAndroidLoggerBackend: Too many Flogger logs received before configuration. Dropping old logs.
09-14 10:13:47.219  3880  8091 W ProxyAndroidLoggerBackend: Too many Flogger logs received before configuration. Dropping old logs.
09-14 10:13:47.224  3880  7576 V [MYTAG][main][Device]: 603 dev is connected:true
09-14 10:13:47.229  3880  7576 V [MYTAG][main][CameraPreviewActivity]: rev msg1:264454
09-14 10:13:47.230  3880  7576 V [MYTAG][main][Device]: 603 dev is connected:true
09-14 10:13:47.230  3880  7576 V [MYTAG][main][CameraPreviewActivity]: rev msg1:589832
09-14 10:13:49.695  3880  7576 V [MYTAG][HeartbeatMgr][RemoteOptor]: ----
09-14 10:13:49.695  3880  7576 V [MYTAG][HeartbeatMgr][RemoteOptor]: [CMD]Basic_Msg_MailBox
09-14 10:13:49.695  3880  7576 V [MYTAG][HeartbeatMgr][RemoteOptor]: [PARAM]null
09-14 10:13:49.696  3880  8189 W System  : Ignoring header sessionid because its value was null.
09-14 10:13:49.696  3880  7576 V [MYTAG][HeartbeatMgr][HttpTransportLayer]: [HTTP SEND GET]
09-14 10:13:49.696  3880  7576 V [MYTAG][HeartbeatMgr][HttpTransportLayer]: 	 url:http://192.168.0.1:80/app/getparamvalue?param=rec
09-14 10:13:49.698  3880  8189 I System.out: (HTTPLog)-Static: isSBSettingEnabled false
09-14 10:13:49.699  3880  8189 I System.out: (HTTPLog)-Static: isSBSettingEnabled false
09-14 10:13:49.739  3880  7576 V [MYTAG][HeartbeatMgr][HttpTransportLayer]: [HTTP RSP]
09-14 10:13:49.739  3880  7576 V [MYTAG][HeartbeatMgr][HttpTransportLayer]: 	 errcode:0
09-14 10:13:49.739  3880  7576 V [MYTAG][HeartbeatMgr][HttpTransportLayer]: 	[content]{"result":0,"info":{"value":0}}
09-14 10:13:49.739  3880  7576 V [MYTAG][HeartbeatMgr][HttpTransportLayer]: -----------------------------------------
09-14 10:13:50.105  3880  7576 V [MYTAG][mail_tcp_socket][ViiSocketMailDataPhraser]: ------------mail---------------
09-14 10:13:50.105  3880  7576 V [MYTAG][mail_tcp_socket][ViiSocketMailDataPhraser]: {"msgid":"battery","info":{"capacity":96,"charge":0},"time":1757844829}
09-14 10:13:50.107  3880  8188 W System  : Ignoring header sessionid because its value was null.
09-14 10:13:50.108  3880  8188 I System.out: (HTTPLog)-Static: isSBSettingEnabled false
09-14 10:13:50.109  3880  7576 V [MYTAG][mail_tcp_socket][ViiSocketMailDataPhraser]: ------------mail---------------
09-14 10:13:50.109  3880  7576 V [MYTAG][mail_tcp_socket][ViiSocketMailDataPhraser]: {"msgid":"sd","info":{"status":0},"time":1757844829}
09-14 10:13:50.109  3880  7576 V [MYTAG][mail_tcp_socket][RemoteOptor]: ----
09-14 10:13:50.109  3880  7576 V [MYTAG][mail_tcp_socket][RemoteOptor]: [CMD]DEV_SDCARD_STATUS_QUERY
09-14 10:13:50.109  3880  7576 V [MYTAG][mail_tcp_socket][RemoteOptor]: [PARAM]null
09-14 10:13:50.109  3880  7576 V [MYTAG][mail_tcp_socket][HttpTransportLayer]: [HTTP SEND GET]
09-14 10:13:50.109  3880  7576 V [MYTAG][mail_tcp_socket][HttpTransportLayer]: 	 url:http://192.168.0.1:80/app/getsdinfo
09-14 10:13:50.111  3880  7576 V [MYTAG][main][Device]: 603 dev is connected:true
09-14 10:13:50.111  3880  8188 I System.out: (HTTPLog)-Static: isSBSettingEnabled false
09-14 10:13:50.142  3880  3880 W ProxyAndroidLoggerBackend: Too many Flogger logs received before configuration. Dropping old logs.
09-14 10:13:50.158  3880  3880 I chatty  : uid=10291(com.vidure.app) identical 6 lines
09-14 10:13:50.158  3880  3880 W ProxyAndroidLoggerBackend: Too many Flogger logs received before configuration. Dropping old logs.
09-14 10:13:50.164  3880  8092 W ProxyAndroidLoggerBackend: Too many Flogger logs received before configuration. Dropping old logs.
09-14 10:13:50.165  3880  8092 I chatty  : uid=10291(com.vidure.app) identical 2 lines
09-14 10:13:50.166  3880  8092 W ProxyAndroidLoggerBackend: Too many Flogger logs received before configuration. Dropping old logs.
09-14 10:13:50.171  3880  7576 V [MYTAG][main][Device]: 603 dev is connected:true
09-14 10:13:50.172  3880  7576 V [MYTAG][main][CameraPreviewActivity]: rev msg1:264454
09-14 10:13:50.221  3880  7576 V [MYTAG][mail_tcp_socket][HttpTransportLayer]: [HTTP RSP]
09-14 10:13:50.221  3880  7576 V [MYTAG][mail_tcp_socket][HttpTransportLayer]: 	 errcode:0
09-14 10:13:50.221  3880  7576 V [MYTAG][mail_tcp_socket][HttpTransportLayer]: 	[content]{"result":0,"info":{"status":0,"free":299,"total":1883}}
09-14 10:13:50.221  3880  7576 V [MYTAG][mail_tcp_socket][HttpTransportLayer]: -----------------------------------------
09-14 10:13:50.227  3880  7576 V [MYTAG][main][Device]: 603 dev is connected:true
09-14 10:13:50.227  3880  7576 V [MYTAG][main][CameraPreviewActivity]: rev msg1:589832
09-14 10:13:53.116  3880  7576 V [MYTAG][mail_tcp_socket][ViiSocketMailDataPhraser]: ------------mail---------------
09-14 10:13:53.116  3880  7576 V [MYTAG][mail_tcp_socket][ViiSocketMailDataPhraser]: {"msgid":"battery","info":{"capacity":96,"charge":0},"time":1757844832}
09-14 10:13:53.118  3880  7576 V [MYTAG][mail_tcp_socket][ViiSocketMailDataPhraser]: ------------mail---------------
09-14 10:13:53.118  3880  7576 V [MYTAG][mail_tcp_socket][ViiSocketMailDataPhraser]: {"msgid":"sd","info":{"status":0},"time":1757844832}
09-14 10:13:53.119  3880  8188 W System  : Ignoring header sessionid because its value was null.
09-14 10:13:53.119  3880  7576 V [MYTAG][mail_tcp_socket][RemoteOptor]: ----
09-14 10:13:53.119  3880  7576 V [MYTAG][mail_tcp_socket][RemoteOptor]: [CMD]DEV_SDCARD_STATUS_QUERY
09-14 10:13:53.119  3880  7576 V [MYTAG][mail_tcp_socket][RemoteOptor]: [PARAM]null
09-14 10:13:53.119  3880  7576 V [MYTAG][mail_tcp_socket][HttpTransportLayer]: [HTTP SEND GET]
09-14 10:13:53.119  3880  7576 V [MYTAG][mail_tcp_socket][HttpTransportLayer]: 	 url:http://192.168.0.1:80/app/getsdinfo
09-14 10:13:53.120  3880  8188 I System.out: (HTTPLog)-Static: isSBSettingEnabled false
09-14 10:13:53.120  3880  8188 I System.out: (HTTPLog)-Static: isSBSettingEnabled false
09-14 10:13:53.128  3880  7576 V [MYTAG][main][Device]: 603 dev is connected:true
09-14 10:13:53.142  3880  7576 V [MYTAG][mail_tcp_socket][HttpTransportLayer]: [HTTP RSP]
09-14 10:13:53.142  3880  7576 V [MYTAG][mail_tcp_socket][HttpTransportLayer]: 	 errcode:0
09-14 10:13:53.142  3880  7576 V [MYTAG][mail_tcp_socket][HttpTransportLayer]: 	[content]{"result":0,"info":{"status":0,"free":299,"total":1883}}
09-14 10:13:53.142  3880  7576 V [MYTAG][mail_tcp_socket][HttpTransportLayer]: -----------------------------------------
09-14 10:13:53.160  3880  3880 W ProxyAndroidLoggerBackend: Too many Flogger logs received before configuration. Dropping old logs.
09-14 10:13:53.173  3880  3880 I chatty  : uid=10291(com.vidure.app) identical 6 lines
09-14 10:13:53.174  3880  3880 W ProxyAndroidLoggerBackend: Too many Flogger logs received before configuration. Dropping old logs.
09-14 10:13:53.190  3880  8091 W ProxyAndroidLoggerBackend: Too many Flogger logs received before configuration. Dropping old logs.
09-14 10:13:53.190  3880  7576 V [MYTAG][main][Device]: 603 dev is connected:true
09-14 10:13:53.191  3880  8091 W ProxyAndroidLoggerBackend: Too many Flogger logs received before configuration. Dropping old logs.
09-14 10:13:53.193  3880  7576 V [MYTAG][main][CameraPreviewActivity]: rev msg1:264454
09-14 10:13:53.193  3880  7576 V [MYTAG][main][Device]: 603 dev is connected:true
09-14 10:13:53.193  3880  7576 V [MYTAG][main][CameraPreviewActivity]: rev msg1:589832
09-14 10:13:53.697  3880  8189 W System  : Ignoring header sessionid because its value was null.
09-14 10:13:53.697  3880  8189 I System.out: (HTTPLog)-Static: isSBSettingEnabled false
09-14 10:13:53.697  3880  8189 I System.out: (HTTPLog)-Static: isSBSettingEnabled false
09-14 10:13:53.698  3880  7576 V [MYTAG][HeartbeatMgr][RemoteOptor]: ----
09-14 10:13:53.698  3880  7576 V [MYTAG][HeartbeatMgr][RemoteOptor]: [CMD]Basic_Msg_MailBox
09-14 10:13:53.698  3880  7576 V [MYTAG][HeartbeatMgr][RemoteOptor]: [PARAM]null
09-14 10:13:53.699  3880  7576 V [MYTAG][HeartbeatMgr][HttpTransportLayer]: [HTTP SEND GET]
09-14 10:13:53.699  3880  7576 V [MYTAG][HeartbeatMgr][HttpTransportLayer]: 	 url:http://192.168.0.1:80/app/getparamvalue?param=rec
09-14 10:13:53.728  3880  7576 V [MYTAG][HeartbeatMgr][HttpTransportLayer]: [HTTP RSP]
09-14 10:13:53.728  3880  7576 V [MYTAG][HeartbeatMgr][HttpTransportLayer]: 	 errcode:0
09-14 10:13:53.728  3880  7576 V [MYTAG][HeartbeatMgr][HttpTransportLayer]: 	[content]{"result":0,"info":{"value":0}}
09-14 10:13:53.728  3880  7576 V [MYTAG][HeartbeatMgr][HttpTransportLayer]: -----------------------------------------
09-14 10:13:56.127  3880  7576 V [MYTAG][mail_tcp_socket][ViiSocketMailDataPhraser]: ------------mail---------------
09-14 10:13:56.127  3880  7576 V [MYTAG][mail_tcp_socket][ViiSocketMailDataPhraser]: {"msgid":"battery","info":{"capacity":96,"charge":0},"time":1757844835}
09-14 10:13:56.128  3880  7576 V [MYTAG][mail_tcp_socket][ViiSocketMailDataPhraser]: ------------mail---------------
09-14 10:13:56.128  3880  7576 V [MYTAG][mail_tcp_socket][ViiSocketMailDataPhraser]: {"msgid":"sd","info":{"status":0},"time":1757844835}
09-14 10:13:56.129  3880  7576 V [MYTAG][mail_tcp_socket][RemoteOptor]: ----
09-14 10:13:56.129  3880  7576 V [MYTAG][mail_tcp_socket][RemoteOptor]: [CMD]DEV_SDCARD_STATUS_QUERY
09-14 10:13:56.129  3880  7576 V [MYTAG][mail_tcp_socket][RemoteOptor]: [PARAM]null
09-14 10:13:56.130  3880  8188 W System  : Ignoring header sessionid because its value was null.
09-14 10:13:56.130  3880  7576 V [MYTAG][mail_tcp_socket][HttpTransportLayer]: [HTTP SEND GET]
09-14 10:13:56.130  3880  7576 V [MYTAG][mail_tcp_socket][HttpTransportLayer]: 	 url:http://192.168.0.1:80/app/getsdinfo
09-14 10:13:56.131  3880  8188 I System.out: (HTTPLog)-Static: isSBSettingEnabled false
09-14 10:13:56.131  3880  8188 I System.out: (HTTPLog)-Static: isSBSettingEnabled false
09-14 10:13:56.137  3880  7576 V [MYTAG][main][Device]: 603 dev is connected:true
09-14 10:13:56.167  3880  7576 V [MYTAG][mail_tcp_socket][HttpTransportLayer]: [HTTP RSP]
09-14 10:13:56.167  3880  7576 V [MYTAG][mail_tcp_socket][HttpTransportLayer]: 	 errcode:0
09-14 10:13:56.167  3880  7576 V [MYTAG][mail_tcp_socket][HttpTransportLayer]: 	[content]{"result":0,"info":{"status":0,"free":299,"total":1883}}
09-14 10:13:56.167  3880  7576 V [MYTAG][mail_tcp_socket][HttpTransportLayer]: -----------------------------------------
09-14 10:13:56.214  3880  3880 W ProxyAndroidLoggerBackend: Too many Flogger logs received before configuration. Dropping old logs.
09-14 10:13:56.223  3880  3880 I chatty  : uid=10291(com.vidure.app) identical 6 lines
09-14 10:13:56.224  3880  3880 W ProxyAndroidLoggerBackend: Too many Flogger logs received before configuration. Dropping old logs.
09-14 10:13:56.230  3880  8091 W ProxyAndroidLoggerBackend: Too many Flogger logs received before configuration. Dropping old logs.
09-14 10:13:56.232  3880  8091 W ProxyAndroidLoggerBackend: Too many Flogger logs received before configuration. Dropping old logs.
09-14 10:13:56.233  3880  8092 W ProxyAndroidLoggerBackend: Too many Flogger logs received before configuration. Dropping old logs.
09-14 10:13:56.235  3880  7576 V [MYTAG][main][Device]: 603 dev is connected:true
09-14 10:13:56.238  3880  7576 V [MYTAG][main][CameraPreviewActivity]: rev msg1:264454
09-14 10:13:56.239  3880  7576 V [MYTAG][main][Device]: 603 dev is connected:true
09-14 10:13:56.239  3880  7576 V [MYTAG][main][CameraPreviewActivity]: rev msg1:589832
09-14 10:13:57.697  3880  7576 V [MYTAG][HeartbeatMgr][RemoteOptor]: ----
09-14 10:13:57.697  3880  7576 V [MYTAG][HeartbeatMgr][RemoteOptor]: [CMD]Basic_Msg_MailBox
09-14 10:13:57.697  3880  7576 V [MYTAG][HeartbeatMgr][RemoteOptor]: [PARAM]null
09-14 10:13:57.698  3880  8189 W System  : Ignoring header sessionid because its value was null.
09-14 10:13:57.699  3880  7576 V [MYTAG][HeartbeatMgr][HttpTransportLayer]: [HTTP SEND GET]
09-14 10:13:57.699  3880  7576 V [MYTAG][HeartbeatMgr][HttpTransportLayer]: 	 url:http://192.168.0.1:80/app/getparamvalue?param=rec
09-14 10:13:57.699  3880  8189 I System.out: (HTTPLog)-Static: isSBSettingEnabled false
09-14 10:13:57.699  3880  8189 I System.out: (HTTPLog)-Static: isSBSettingEnabled false
09-14 10:13:57.729  3880  7576 V [MYTAG][HeartbeatMgr][HttpTransportLayer]: [HTTP RSP]
09-14 10:13:57.729  3880  7576 V [MYTAG][HeartbeatMgr][HttpTransportLayer]: 	 errcode:0
09-14 10:13:57.729  3880  7576 V [MYTAG][HeartbeatMgr][HttpTransportLayer]: 	[content]{"result":0,"info":{"value":0}}
09-14 10:13:57.729  3880  7576 V [MYTAG][HeartbeatMgr][HttpTransportLayer]: -----------------------------------------
09-14 10:13:57.938  3880  8545 W ProxyAndroidLoggerBackend: Too many Flogger logs received before configuration. Dropping old logs.
09-14 10:13:57.939  3880  8545 I chatty  : uid=10291(com.vidure.app) identical 3 lines
09-14 10:13:57.940  3880  8545 W ProxyAndroidLoggerBackend: Too many Flogger logs received before configuration. Dropping old logs.
09-14 10:13:59.136  3880  7576 V [MYTAG][mail_tcp_socket][ViiSocketMailDataPhraser]: ------------mail---------------
09-14 10:13:59.136  3880  7576 V [MYTAG][mail_tcp_socket][ViiSocketMailDataPhraser]: {"msgid":"battery","info":{"capacity":96,"charge":0},"time":1757844838}
09-14 10:13:59.147  3880  8188 W System  : Ignoring header sessionid because its value was null.
09-14 10:13:59.148  3880  8188 I System.out: (HTTPLog)-Static: isSBSettingEnabled false
09-14 10:13:59.148  3880  8188 I System.out: (HTTPLog)-Static: isSBSettingEnabled false
09-14 10:13:59.151  3880  7576 V [MYTAG][mail_tcp_socket][ViiSocketMailDataPhraser]: ------------mail---------------
09-14 10:13:59.151  3880  7576 V [MYTAG][mail_tcp_socket][ViiSocketMailDataPhraser]: {"msgid":"sd","info":{"status":0},"time":1757844838}
09-14 10:13:59.151  3880  7576 V [MYTAG][mail_tcp_socket][RemoteOptor]: ----
09-14 10:13:59.151  3880  7576 V [MYTAG][mail_tcp_socket][RemoteOptor]: [CMD]DEV_SDCARD_STATUS_QUERY
09-14 10:13:59.151  3880  7576 V [MYTAG][mail_tcp_socket][RemoteOptor]: [PARAM]null
09-14 10:13:59.151  3880  7576 V [MYTAG][mail_tcp_socket][HttpTransportLayer]: [HTTP SEND GET]
09-14 10:13:59.151  3880  7576 V [MYTAG][mail_tcp_socket][HttpTransportLayer]: 	 url:http://192.168.0.1:80/app/getsdinfo
09-14 10:13:59.152  3880  7576 V [MYTAG][main][Device]: 603 dev is connected:true
09-14 10:13:59.209  3880  7576 V [MYTAG][mail_tcp_socket][HttpTransportLayer]: [HTTP RSP]
09-14 10:13:59.209  3880  7576 V [MYTAG][mail_tcp_socket][HttpTransportLayer]: 	 errcode:0
09-14 10:13:59.209  3880  7576 V [MYTAG][mail_tcp_socket][HttpTransportLayer]: 	[content]{"result":0,"info":{"status":0,"free":299,"total":1883}}
09-14 10:13:59.209  3880  7576 V [MYTAG][mail_tcp_socket][HttpTransportLayer]: -----------------------------------------
09-14 10:13:59.222  3880  3880 W ProxyAndroidLoggerBackend: Too many Flogger logs received before configuration. Dropping old logs.
09-14 10:13:59.231  3880  3880 I chatty  : uid=10291(com.vidure.app) identical 6 lines
09-14 10:13:59.236  3880  3880 W ProxyAndroidLoggerBackend: Too many Flogger logs received before configuration. Dropping old logs.
09-14 10:13:59.245  3880  8353 W ProxyAndroidLoggerBackend: Too many Flogger logs received before configuration. Dropping old logs.
09-14 10:13:59.246  3880  8353 I chatty  : uid=10291(com.vidure.app) identical 3 lines
09-14 10:13:59.247  3880  8353 W ProxyAndroidLoggerBackend: Too many Flogger logs received before configuration. Dropping old logs.
09-14 10:13:59.250  3880  7576 V [MYTAG][main][Device]: 603 dev is connected:true
09-14 10:13:59.252  3880  7576 V [MYTAG][main][CameraPreviewActivity]: rev msg1:264454
09-14 10:13:59.252  3880  7576 V [MYTAG][main][Device]: 603 dev is connected:true
09-14 10:13:59.252  3880  7576 V [MYTAG][main][CameraPreviewActivity]: rev msg1:589832
09-14 10:14:01.697  3880  7576 V [MYTAG][HeartbeatMgr][RemoteOptor]: ----
09-14 10:14:01.697  3880  7576 V [MYTAG][HeartbeatMgr][RemoteOptor]: [CMD]Basic_Msg_MailBox
09-14 10:14:01.697  3880  7576 V [MYTAG][HeartbeatMgr][RemoteOptor]: [PARAM]null
09-14 10:14:01.698  3880  8189 W System  : Ignoring header sessionid because its value was null.
09-14 10:14:01.698  3880  7576 V [MYTAG][HeartbeatMgr][HttpTransportLayer]: [HTTP SEND GET]
09-14 10:14:01.698  3880  7576 V [MYTAG][HeartbeatMgr][HttpTransportLayer]: 	 url:http://192.168.0.1:80/app/getparamvalue?param=rec
09-14 10:14:01.698  3880  8189 I System.out: (HTTPLog)-Static: isSBSettingEnabled false
09-14 10:14:01.698  3880  8189 I System.out: (HTTPLog)-Static: isSBSettingEnabled false
09-14 10:14:01.736  3880  7576 V [MYTAG][HeartbeatMgr][HttpTransportLayer]: [HTTP RSP]
09-14 10:14:01.736  3880  7576 V [MYTAG][HeartbeatMgr][HttpTransportLayer]: 	 errcode:0
09-14 10:14:01.736  3880  7576 V [MYTAG][HeartbeatMgr][HttpTransportLayer]: 	[content]{"result":0,"info":{"value":0}}
09-14 10:14:01.736  3880  7576 V [MYTAG][HeartbeatMgr][HttpTransportLayer]: -----------------------------------------
09-14 10:14:02.146  3880  7576 V [MYTAG][mail_tcp_socket][ViiSocketMailDataPhraser]: ------------mail---------------
09-14 10:14:02.146  3880  7576 V [MYTAG][mail_tcp_socket][ViiSocketMailDataPhraser]: {"msgid":"battery","info":{"capacity":96,"charge":0},"time":1757844841}
09-14 10:14:02.147  3880  7576 V [MYTAG][mail_tcp_socket][ViiSocketMailDataPhraser]: ------------mail---------------
09-14 10:14:02.147  3880  7576 V [MYTAG][mail_tcp_socket][ViiSocketMailDataPhraser]: {"msgid":"sd","info":{"status":0},"time":1757844841}
09-14 10:14:02.148  3880  8188 W System  : Ignoring header sessionid because its value was null.
09-14 10:14:02.148  3880  8188 I System.out: (HTTPLog)-Static: isSBSettingEnabled false
09-14 10:14:02.148  3880  8188 I System.out: (HTTPLog)-Static: isSBSettingEnabled false
09-14 10:14:02.149  3880  7576 V [MYTAG][mail_tcp_socket][RemoteOptor]: ----
09-14 10:14:02.149  3880  7576 V [MYTAG][mail_tcp_socket][RemoteOptor]: [CMD]DEV_SDCARD_STATUS_QUERY
09-14 10:14:02.149  3880  7576 V [MYTAG][mail_tcp_socket][RemoteOptor]: [PARAM]null
09-14 10:14:02.149  3880  7576 V [MYTAG][mail_tcp_socket][HttpTransportLayer]: [HTTP SEND GET]
09-14 10:14:02.149  3880  7576 V [MYTAG][mail_tcp_socket][HttpTransportLayer]: 	 url:http://192.168.0.1:80/app/getsdinfo
09-14 10:14:02.157  3880  7576 V [MYTAG][main][Device]: 603 dev is connected:true
09-14 10:14:02.173  3880  7576 V [MYTAG][mail_tcp_socket][HttpTransportLayer]: [HTTP RSP]
09-14 10:14:02.173  3880  7576 V [MYTAG][mail_tcp_socket][HttpTransportLayer]: 	 errcode:0
09-14 10:14:02.173  3880  7576 V [MYTAG][mail_tcp_socket][HttpTransportLayer]: 	[content]{"result":0,"info":{"status":0,"free":299,"total":1883}}
09-14 10:14:02.173  3880  7576 V [MYTAG][mail_tcp_socket][HttpTransportLayer]: -----------------------------------------
09-14 10:14:02.209  3880  3880 W ProxyAndroidLoggerBackend: Too many Flogger logs received before configuration. Dropping old logs.
09-14 10:14:02.222  3880  3880 I chatty  : uid=10291(com.vidure.app) identical 6 lines
09-14 10:14:02.223  3880  3880 W ProxyAndroidLoggerBackend: Too many Flogger logs received before configuration. Dropping old logs.
09-14 10:14:02.229  3880  8091 W ProxyAndroidLoggerBackend: Too many Flogger logs received before configuration. Dropping old logs.
09-14 10:14:02.230  3880  8091 I chatty  : uid=10291(com.vidure.app) identical 1 line
09-14 10:14:02.230  3880  8091 W ProxyAndroidLoggerBackend: Too many Flogger logs received before configuration. Dropping old logs.
09-14 10:14:02.234  3880  7576 V [MYTAG][main][Device]: 603 dev is connected:true
09-14 10:14:02.237  3880  7576 V [MYTAG][main][CameraPreviewActivity]: rev msg1:264454
09-14 10:14:02.237  3880  7576 V [MYTAG][main][Device]: 603 dev is connected:true
09-14 10:14:02.237  3880  7576 V [MYTAG][main][CameraPreviewActivity]: rev msg1:589832
09-14 10:14:05.158  3880  7576 V [MYTAG][mail_tcp_socket][ViiSocketMailDataPhraser]: ------------mail---------------
09-14 10:14:05.158  3880  7576 V [MYTAG][mail_tcp_socket][ViiSocketMailDataPhraser]: {"msgid":"battery","info":{"capacity":96,"charge":0},"time":1757844844}
09-14 10:14:05.159  3880  7576 V [MYTAG][mail_tcp_socket][ViiSocketMailDataPhraser]: ------------mail---------------
09-14 10:14:05.159  3880  7576 V [MYTAG][mail_tcp_socket][ViiSocketMailDataPhraser]: {"msgid":"sd","info":{"status":0},"time":1757844844}
09-14 10:14:05.160  3880  8188 W System  : Ignoring header sessionid because its value was null.
09-14 10:14:05.160  3880  7576 V [MYTAG][mail_tcp_socket][RemoteOptor]: ----
09-14 10:14:05.160  3880  7576 V [MYTAG][mail_tcp_socket][RemoteOptor]: [CMD]DEV_SDCARD_STATUS_QUERY
09-14 10:14:05.160  3880  7576 V [MYTAG][mail_tcp_socket][RemoteOptor]: [PARAM]null
09-14 10:14:05.161  3880  7576 V [MYTAG][mail_tcp_socket][HttpTransportLayer]: [HTTP SEND GET]
09-14 10:14:05.161  3880  7576 V [MYTAG][mail_tcp_socket][HttpTransportLayer]: 	 url:http://192.168.0.1:80/app/getsdinfo
09-14 10:14:05.161  3880  8188 I System.out: (HTTPLog)-Static: isSBSettingEnabled false
09-14 10:14:05.161  3880  8188 I System.out: (HTTPLog)-Static: isSBSettingEnabled false
09-14 10:14:05.175  3880  7576 V [MYTAG][main][Device]: 603 dev is connected:true
09-14 10:14:05.206  3880  7576 V [MYTAG][mail_tcp_socket][HttpTransportLayer]: [HTTP RSP]
09-14 10:14:05.206  3880  7576 V [MYTAG][mail_tcp_socket][HttpTransportLayer]: 	 errcode:0
09-14 10:14:05.206  3880  7576 V [MYTAG][mail_tcp_socket][HttpTransportLayer]: 	[content]{"result":0,"info":{"status":0,"free":299,"total":1883}}
09-14 10:14:05.206  3880  7576 V [MYTAG][mail_tcp_socket][HttpTransportLayer]: -----------------------------------------
09-14 10:14:05.209  3880  3880 W ProxyAndroidLoggerBackend: Too many Flogger logs received before configuration. Dropping old logs.
09-14 10:14:05.221  3880  3880 I chatty  : uid=10291(com.vidure.app) identical 6 lines
09-14 10:14:05.222  3880  3880 W ProxyAndroidLoggerBackend: Too many Flogger logs received before configuration. Dropping old logs.
09-14 10:14:05.236  3880  7576 V [MYTAG][main][Device]: 603 dev is connected:true
09-14 10:14:05.238  3880  7576 V [MYTAG][main][CameraPreviewActivity]: rev msg1:264454
09-14 10:14:05.238  3880  7576 V [MYTAG][main][Device]: 603 dev is connected:true
09-14 10:14:05.239  3880  7576 V [MYTAG][main][CameraPreviewActivity]: rev msg1:589832
09-14 10:14:05.239  3880  8770 W ProxyAndroidLoggerBackend: Too many Flogger logs received before configuration. Dropping old logs.
09-14 10:14:05.240  3880  8091 W ProxyAndroidLoggerBackend: Too many Flogger logs received before configuration. Dropping old logs.
09-14 10:14:05.241  3880  8091 I chatty  : uid=10291(com.vidure.app) identical 1 line
09-14 10:14:05.243  3880  8091 W ProxyAndroidLoggerBackend: Too many Flogger logs received before configuration. Dropping old logs.
09-14 10:14:05.700  3880  7576 V [MYTAG][HeartbeatMgr][RemoteOptor]: ----
09-14 10:14:05.700  3880  7576 V [MYTAG][HeartbeatMgr][RemoteOptor]: [CMD]Basic_Msg_MailBox
09-14 10:14:05.700  3880  7576 V [MYTAG][HeartbeatMgr][RemoteOptor]: [PARAM]null
09-14 10:14:05.701  3880  8189 W System  : Ignoring header sessionid because its value was null.
09-14 10:14:05.701  3880  7576 V [MYTAG][HeartbeatMgr][HttpTransportLayer]: [HTTP SEND GET]
09-14 10:14:05.701  3880  7576 V [MYTAG][HeartbeatMgr][HttpTransportLayer]: 	 url:http://192.168.0.1:80/app/getparamvalue?param=rec
09-14 10:14:05.701  3880  8189 I System.out: (HTTPLog)-Static: isSBSettingEnabled false
09-14 10:14:05.702  3880  8189 I System.out: (HTTPLog)-Static: isSBSettingEnabled false
09-14 10:14:05.733  3880  7576 V [MYTAG][HeartbeatMgr][HttpTransportLayer]: [HTTP RSP]
09-14 10:14:05.733  3880  7576 V [MYTAG][HeartbeatMgr][HttpTransportLayer]: 	 errcode:0
09-14 10:14:05.733  3880  7576 V [MYTAG][HeartbeatMgr][HttpTransportLayer]: 	[content]{"result":0,"info":{"value":0}}
09-14 10:14:05.733  3880  7576 V [MYTAG][HeartbeatMgr][HttpTransportLayer]: -----------------------------------------
09-14 10:14:07.941  3880  8765 W ProxyAndroidLoggerBackend: Too many Flogger logs received before configuration. Dropping old logs.
09-14 10:14:07.947  3880  8765 I chatty  : uid=10291(com.vidure.app) identical 2 lines
09-14 10:14:07.947  3880  8765 W ProxyAndroidLoggerBackend: Too many Flogger logs received before configuration. Dropping old logs.
09-14 10:14:08.164  3880  7576 V [MYTAG][mail_tcp_socket][ViiSocketMailDataPhraser]: ------------mail---------------
09-14 10:14:08.164  3880  7576 V [MYTAG][mail_tcp_socket][ViiSocketMailDataPhraser]: {"msgid":"battery","info":{"capacity":96,"charge":0},"time":1757844847}
09-14 10:14:08.167  3880  8188 W System  : Ignoring header sessionid because its value was null.
09-14 10:14:08.167  3880  7576 V [MYTAG][mail_tcp_socket][ViiSocketMailDataPhraser]: ------------mail---------------
09-14 10:14:08.167  3880  7576 V [MYTAG][mail_tcp_socket][ViiSocketMailDataPhraser]: {"msgid":"sd","info":{"status":0},"time":1757844847}
09-14 10:14:08.167  3880  7576 V [MYTAG][mail_tcp_socket][RemoteOptor]: ----
09-14 10:14:08.167  3880  7576 V [MYTAG][mail_tcp_socket][RemoteOptor]: [CMD]DEV_SDCARD_STATUS_QUERY
09-14 10:14:08.167  3880  7576 V [MYTAG][mail_tcp_socket][RemoteOptor]: [PARAM]null
09-14 10:14:08.168  3880  7576 V [MYTAG][mail_tcp_socket][HttpTransportLayer]: [HTTP SEND GET]
09-14 10:14:08.168  3880  7576 V [MYTAG][mail_tcp_socket][HttpTransportLayer]: 	 url:http://192.168.0.1:80/app/getsdinfo
09-14 10:14:08.168  3880  8188 I System.out: (HTTPLog)-Static: isSBSettingEnabled false
09-14 10:14:08.168  3880  8188 I System.out: (HTTPLog)-Static: isSBSettingEnabled false
09-14 10:14:08.173  3880  7576 V [MYTAG][main][Device]: 603 dev is connected:true
09-14 10:14:08.206  3880  7576 V [MYTAG][mail_tcp_socket][HttpTransportLayer]: [HTTP RSP]
09-14 10:14:08.206  3880  7576 V [MYTAG][mail_tcp_socket][HttpTransportLayer]: 	 errcode:0
09-14 10:14:08.206  3880  7576 V [MYTAG][mail_tcp_socket][HttpTransportLayer]: 	[content]{"result":0,"info":{"status":0,"free":299,"total":1883}}
09-14 10:14:08.206  3880  7576 V [MYTAG][mail_tcp_socket][HttpTransportLayer]: -----------------------------------------
09-14 10:14:08.248  3880  3880 W ProxyAndroidLoggerBackend: Too many Flogger logs received before configuration. Dropping old logs.
09-14 10:14:08.262  3880  3880 I chatty  : uid=10291(com.vidure.app) identical 6 lines
09-14 10:14:08.264  3880  3880 W ProxyAndroidLoggerBackend: Too many Flogger logs received before configuration. Dropping old logs.
09-14 10:14:08.277  3880  8091 W ProxyAndroidLoggerBackend: Too many Flogger logs received before configuration. Dropping old logs.
09-14 10:14:08.277  3880  8770 W ProxyAndroidLoggerBackend: Too many Flogger logs received before configuration. Dropping old logs.
09-14 10:14:08.286  3880  7576 V [MYTAG][main][Device]: 603 dev is connected:true
09-14 10:14:08.294  3880  7576 V [MYTAG][main][CameraPreviewActivity]: rev msg1:264454
09-14 10:14:08.294  3880  7576 V [MYTAG][main][Device]: 603 dev is connected:true
09-14 10:14:08.294  3880  7576 V [MYTAG][main][CameraPreviewActivity]: rev msg1:589832
09-14 10:14:09.701  3880  8189 W System  : Ignoring header sessionid because its value was null.
09-14 10:14:09.701  3880  8189 I System.out: (HTTPLog)-Static: isSBSettingEnabled false
09-14 10:14:09.701  3880  8189 I System.out: (HTTPLog)-Static: isSBSettingEnabled false
09-14 10:14:09.702  3880  7576 V [MYTAG][HeartbeatMgr][RemoteOptor]: ----
09-14 10:14:09.702  3880  7576 V [MYTAG][HeartbeatMgr][RemoteOptor]: [CMD]Basic_Msg_MailBox
09-14 10:14:09.702  3880  7576 V [MYTAG][HeartbeatMgr][RemoteOptor]: [PARAM]null
09-14 10:14:09.703  3880  7576 V [MYTAG][HeartbeatMgr][HttpTransportLayer]: [HTTP SEND GET]
09-14 10:14:09.703  3880  7576 V [MYTAG][HeartbeatMgr][HttpTransportLayer]: 	 url:http://192.168.0.1:80/app/getparamvalue?param=rec
09-14 10:14:09.728  3880  7576 V [MYTAG][HeartbeatMgr][HttpTransportLayer]: [HTTP RSP]
09-14 10:14:09.728  3880  7576 V [MYTAG][HeartbeatMgr][HttpTransportLayer]: 	 errcode:0
09-14 10:14:09.728  3880  7576 V [MYTAG][HeartbeatMgr][HttpTransportLayer]: 	[content]{"result":0,"info":{"value":0}}
09-14 10:14:09.728  3880  7576 V [MYTAG][HeartbeatMgr][HttpTransportLayer]: -----------------------------------------
09-14 10:14:11.193  3880  7576 V [MYTAG][mail_tcp_socket][ViiSocketMailDataPhraser]: ------------mail---------------
09-14 10:14:11.193  3880  7576 V [MYTAG][mail_tcp_socket][ViiSocketMailDataPhraser]: {"msgid":"battery","info":{"capacity":96,"charge":0},"time":1757844850}
09-14 10:14:11.200  3880  7576 V [MYTAG][main][Device]: 603 dev is connected:true
09-14 10:14:11.200  3880  7576 V [MYTAG][mail_tcp_socket][ViiSocketMailDataPhraser]: ------------mail---------------
09-14 10:14:11.200  3880  7576 V [MYTAG][mail_tcp_socket][ViiSocketMailDataPhraser]: {"msgid":"sd","info":{"status":0},"time":1757844850}
09-14 10:14:11.202  3880  8188 W System  : Ignoring header sessionid because its value was null.
09-14 10:14:11.202  3880  8188 I System.out: (HTTPLog)-Static: isSBSettingEnabled false
09-14 10:14:11.202  3880  8188 I System.out: (HTTPLog)-Static: isSBSettingEnabled false
09-14 10:14:11.202  3880  7576 V [MYTAG][mail_tcp_socket][RemoteOptor]: ----
09-14 10:14:11.202  3880  7576 V [MYTAG][mail_tcp_socket][RemoteOptor]: [CMD]DEV_SDCARD_STATUS_QUERY
09-14 10:14:11.202  3880  7576 V [MYTAG][mail_tcp_socket][RemoteOptor]: [PARAM]null
09-14 10:14:11.203  3880  7576 V [MYTAG][mail_tcp_socket][HttpTransportLayer]: [HTTP SEND GET]
09-14 10:14:11.203  3880  7576 V [MYTAG][mail_tcp_socket][HttpTransportLayer]: 	 url:http://192.168.0.1:80/app/getsdinfo
09-14 10:14:11.221  3880  7576 V [MYTAG][mail_tcp_socket][HttpTransportLayer]: [HTTP RSP]
09-14 10:14:11.221  3880  7576 V [MYTAG][mail_tcp_socket][HttpTransportLayer]: 	 errcode:0
09-14 10:14:11.221  3880  7576 V [MYTAG][mail_tcp_socket][HttpTransportLayer]: 	[content]{"result":0,"info":{"status":0,"free":299,"total":1883}}
09-14 10:14:11.221  3880  7576 V [MYTAG][mail_tcp_socket][HttpTransportLayer]: -----------------------------------------
09-14 10:14:11.259  3880  3880 W ProxyAndroidLoggerBackend: Too many Flogger logs received before configuration. Dropping old logs.
09-14 10:14:11.272  3880  3880 I chatty  : uid=10291(com.vidure.app) identical 6 lines
09-14 10:14:11.273  3880  3880 W ProxyAndroidLoggerBackend: Too many Flogger logs received before configuration. Dropping old logs.
09-14 10:14:11.278  3880  8091 W ProxyAndroidLoggerBackend: Too many Flogger logs received before configuration. Dropping old logs.
09-14 10:14:11.280  3880  8091 W ProxyAndroidLoggerBackend: Too many Flogger logs received before configuration. Dropping old logs.
09-14 10:14:11.280  3880  8772 W ProxyAndroidLoggerBackend: Too many Flogger logs received before configuration. Dropping old logs.
09-14 10:14:11.294  3880  7576 V [MYTAG][main][Device]: 603 dev is connected:true
09-14 10:14:11.299  3880  7576 V [MYTAG][main][CameraPreviewActivity]: rev msg1:264454
09-14 10:14:11.299  3880  7576 V [MYTAG][main][Device]: 603 dev is connected:true
09-14 10:14:11.299  3880  7576 V [MYTAG][main][CameraPreviewActivity]: rev msg1:589832
09-14 10:14:13.701  3880  7576 V [MYTAG][HeartbeatMgr][RemoteOptor]: ----
09-14 10:14:13.701  3880  7576 V [MYTAG][HeartbeatMgr][RemoteOptor]: [CMD]Basic_Msg_MailBox
09-14 10:14:13.701  3880  7576 V [MYTAG][HeartbeatMgr][RemoteOptor]: [PARAM]null
09-14 10:14:13.702  3880  7576 V [MYTAG][HeartbeatMgr][HttpTransportLayer]: [HTTP SEND GET]
09-14 10:14:13.702  3880  7576 V [MYTAG][HeartbeatMgr][HttpTransportLayer]: 	 url:http://192.168.0.1:80/app/getparamvalue?param=rec
09-14 10:14:13.702  3880  8189 W System  : Ignoring header sessionid because its value was null.
09-14 10:14:13.703  3880  8189 I System.out: (HTTPLog)-Static: isSBSettingEnabled false
09-14 10:14:13.703  3880  8189 I System.out: (HTTPLog)-Static: isSBSettingEnabled false
09-14 10:14:13.730  3880  7576 V [MYTAG][HeartbeatMgr][HttpTransportLayer]: [HTTP RSP]
09-14 10:14:13.730  3880  7576 V [MYTAG][HeartbeatMgr][HttpTransportLayer]: 	 errcode:0
09-14 10:14:13.730  3880  7576 V [MYTAG][HeartbeatMgr][HttpTransportLayer]: 	[content]{"result":0,"info":{"value":0}}
09-14 10:14:13.730  3880  7576 V [MYTAG][HeartbeatMgr][HttpTransportLayer]: -----------------------------------------
09-14 10:14:14.187  3880  7576 V [MYTAG][mail_tcp_socket][ViiSocketMailDataPhraser]: ------------mail---------------
09-14 10:14:14.187  3880  7576 V [MYTAG][mail_tcp_socket][ViiSocketMailDataPhraser]: {"msgid":"battery","info":{"capacity":96,"charge":0},"time":1757844853}
09-14 10:14:14.189  3880  7576 V [MYTAG][mail_tcp_socket][ViiSocketMailDataPhraser]: ------------mail---------------
09-14 10:14:14.189  3880  7576 V [MYTAG][mail_tcp_socket][ViiSocketMailDataPhraser]: {"msgid":"sd","info":{"status":0},"time":1757844853}
09-14 10:14:14.190  3880  7576 V [MYTAG][mail_tcp_socket][RemoteOptor]: ----
09-14 10:14:14.190  3880  7576 V [MYTAG][mail_tcp_socket][RemoteOptor]: [CMD]DEV_SDCARD_STATUS_QUERY
09-14 10:14:14.190  3880  7576 V [MYTAG][mail_tcp_socket][RemoteOptor]: [PARAM]null
09-14 10:14:14.191  3880  7576 V [MYTAG][mail_tcp_socket][HttpTransportLayer]: [HTTP SEND GET]
09-14 10:14:14.191  3880  7576 V [MYTAG][mail_tcp_socket][HttpTransportLayer]: 	 url:http://192.168.0.1:80/app/getsdinfo
09-14 10:14:14.191  3880  8188 W System  : Ignoring header sessionid because its value was null.
09-14 10:14:14.191  3880  8188 I System.out: (HTTPLog)-Static: isSBSettingEnabled false
09-14 10:14:14.191  3880  8188 I System.out: (HTTPLog)-Static: isSBSettingEnabled false
09-14 10:14:14.199  3880  7576 V [MYTAG][main][Device]: 603 dev is connected:true
09-14 10:14:14.219  3880  7576 V [MYTAG][mail_tcp_socket][HttpTransportLayer]: [HTTP RSP]
09-14 10:14:14.219  3880  7576 V [MYTAG][mail_tcp_socket][HttpTransportLayer]: 	 errcode:0
09-14 10:14:14.219  3880  7576 V [MYTAG][mail_tcp_socket][HttpTransportLayer]: 	[content]{"result":0,"info":{"status":0,"free":299,"total":1883}}
09-14 10:14:14.219  3880  7576 V [MYTAG][mail_tcp_socket][HttpTransportLayer]: -----------------------------------------
09-14 10:14:14.272  3880  3880 W ProxyAndroidLoggerBackend: Too many Flogger logs received before configuration. Dropping old logs.
09-14 10:14:14.275  3880  3880 I chatty  : uid=10291(com.vidure.app) identical 1 line
09-14 10:14:14.279  3880  3880 W ProxyAndroidLoggerBackend: Too many Flogger logs received before configuration. Dropping old logs.
09-14 10:14:14.279  3880  3880 W ProxyAndroidLoggerBackend: Too many Flogger logs received before configuration. Dropping old logs.
09-14 10:14:14.286  3880  3880 W ProxyAndroidLoggerBackend: Too many Flogger logs received before configuration. Dropping old logs.
09-14 10:14:14.288  3880  3880 I chatty  : uid=10291(com.vidure.app) identical 1 line
09-14 10:14:14.288  3880  3880 W ProxyAndroidLoggerBackend: Too many Flogger logs received before configuration. Dropping old logs.
09-14 10:14:14.289  3880  3880 W ProxyAndroidLoggerBackend: Too many Flogger logs received before configuration. Dropping old logs.
09-14 10:14:14.307  3880  7576 V [MYTAG][main][Device]: 603 dev is connected:true
09-14 10:14:14.307  3880  8091 W ProxyAndroidLoggerBackend: Too many Flogger logs received before configuration. Dropping old logs.
09-14 10:14:14.308  3880  8091 W ProxyAndroidLoggerBackend: Too many Flogger logs received before configuration. Dropping old logs.
09-14 10:14:14.310  3880  7576 V [MYTAG][main][CameraPreviewActivity]: rev msg1:264454
09-14 10:14:14.311  3880  7576 V [MYTAG][main][Device]: 603 dev is connected:true
09-14 10:14:14.311  3880  7576 V [MYTAG][main][CameraPreviewActivity]: rev msg1:589832
09-14 10:14:17.195  3880  7576 V [MYTAG][mail_tcp_socket][ViiSocketMailDataPhraser]: ------------mail---------------
09-14 10:14:17.195  3880  7576 V [MYTAG][mail_tcp_socket][ViiSocketMailDataPhraser]: {"msgid":"battery","info":{"capacity":96,"charge":0},"time":1757844856}
09-14 10:14:17.196  3880  7576 V [MYTAG][mail_tcp_socket][ViiSocketMailDataPhraser]: ------------mail---------------
09-14 10:14:17.196  3880  7576 V [MYTAG][mail_tcp_socket][ViiSocketMailDataPhraser]: {"msgid":"sd","info":{"status":0},"time":1757844856}
09-14 10:14:17.197  3880  7576 V [MYTAG][mail_tcp_socket][RemoteOptor]: ----
09-14 10:14:17.197  3880  7576 V [MYTAG][mail_tcp_socket][RemoteOptor]: [CMD]DEV_SDCARD_STATUS_QUERY
09-14 10:14:17.197  3880  7576 V [MYTAG][mail_tcp_socket][RemoteOptor]: [PARAM]null
09-14 10:14:17.198  3880  7576 V [MYTAG][mail_tcp_socket][HttpTransportLayer]: [HTTP SEND GET]
09-14 10:14:17.198  3880  7576 V [MYTAG][mail_tcp_socket][HttpTransportLayer]: 	 url:http://192.168.0.1:80/app/getsdinfo
09-14 10:14:17.198  3880  8188 W System  : Ignoring header sessionid because its value was null.
09-14 10:14:17.199  3880  8188 I System.out: (HTTPLog)-Static: isSBSettingEnabled false
09-14 10:14:17.199  3880  8188 I System.out: (HTTPLog)-Static: isSBSettingEnabled false
09-14 10:14:17.216  3880  7576 V [MYTAG][main][Device]: 603 dev is connected:true
09-14 10:14:17.221  3880  7576 V [MYTAG][mail_tcp_socket][HttpTransportLayer]: [HTTP RSP]
09-14 10:14:17.221  3880  7576 V [MYTAG][mail_tcp_socket][HttpTransportLayer]: 	 errcode:0
09-14 10:14:17.221  3880  7576 V [MYTAG][mail_tcp_socket][HttpTransportLayer]: 	[content]{"result":0,"info":{"status":0,"free":299,"total":1883}}
09-14 10:14:17.221  3880  7576 V [MYTAG][mail_tcp_socket][HttpTransportLayer]: -----------------------------------------
09-14 10:14:17.280  3880  3880 W ProxyAndroidLoggerBackend: Too many Flogger logs received before configuration. Dropping old logs.
09-14 10:14:17.282  3880  3880 W ProxyAndroidLoggerBackend: Too many Flogger logs received before configuration. Dropping old logs.
09-14 10:14:17.285  3880  3880 W ProxyAndroidLoggerBackend: Too many Flogger logs received before configuration. Dropping old logs.
09-14 10:14:17.285  3880  3880 W ProxyAndroidLoggerBackend: Too many Flogger logs received before configuration. Dropping old logs.
09-14 10:14:17.291  3880  3880 W ProxyAndroidLoggerBackend: Too many Flogger logs received before configuration. Dropping old logs.
09-14 10:14:17.292  3880  3880 I chatty  : uid=10291(com.vidure.app) identical 2 lines
09-14 10:14:17.292  3880  3880 W ProxyAndroidLoggerBackend: Too many Flogger logs received before configuration. Dropping old logs.
09-14 10:14:17.298  3880  8772 W ProxyAndroidLoggerBackend: Too many Flogger logs received before configuration. Dropping old logs.
09-14 10:14:17.301  3880  8772 W ProxyAndroidLoggerBackend: Too many Flogger logs received before configuration. Dropping old logs.
09-14 10:14:17.302  3880  8770 W ProxyAndroidLoggerBackend: Too many Flogger logs received before configuration. Dropping old logs.
09-14 10:14:17.305  3880  7576 V [MYTAG][main][Device]: 603 dev is connected:true
09-14 10:14:17.305  3880  8091 W ProxyAndroidLoggerBackend: Too many Flogger logs received before configuration. Dropping old logs.
09-14 10:14:17.307  3880  7576 V [MYTAG][main][CameraPreviewActivity]: rev msg1:264454
09-14 10:14:17.308  3880  7576 V [MYTAG][main][Device]: 603 dev is connected:true
09-14 10:14:17.309  3880  7576 V [MYTAG][main][CameraPreviewActivity]: rev msg1:589832
09-14 10:14:17.702  3880  8189 W System  : Ignoring header sessionid because its value was null.
09-14 10:14:17.702  3880  8189 I System.out: (HTTPLog)-Static: isSBSettingEnabled false
09-14 10:14:17.702  3880  7576 V [MYTAG][HeartbeatMgr][RemoteOptor]: ----
09-14 10:14:17.702  3880  7576 V [MYTAG][HeartbeatMgr][RemoteOptor]: [CMD]Basic_Msg_MailBox
09-14 10:14:17.702  3880  7576 V [MYTAG][HeartbeatMgr][RemoteOptor]: [PARAM]null
09-14 10:14:17.703  3880  8189 I System.out: (HTTPLog)-Static: isSBSettingEnabled false
09-14 10:14:17.703  3880  7576 V [MYTAG][HeartbeatMgr][HttpTransportLayer]: [HTTP SEND GET]
09-14 10:14:17.703  3880  7576 V [MYTAG][HeartbeatMgr][HttpTransportLayer]: 	 url:http://192.168.0.1:80/app/getparamvalue?param=rec
09-14 10:14:17.729  3880  7576 V [MYTAG][HeartbeatMgr][HttpTransportLayer]: [HTTP RSP]
09-14 10:14:17.729  3880  7576 V [MYTAG][HeartbeatMgr][HttpTransportLayer]: 	 errcode:0
09-14 10:14:17.729  3880  7576 V [MYTAG][HeartbeatMgr][HttpTransportLayer]: 	[content]{"result":0,"info":{"value":0}}
09-14 10:14:17.729  3880  7576 V [MYTAG][HeartbeatMgr][HttpTransportLayer]: -----------------------------------------
09-14 10:14:18.981  3880  8770 W ProxyAndroidLoggerBackend: Too many Flogger logs received before configuration. Dropping old logs.
09-14 10:14:18.984  3880  8772 W ProxyAndroidLoggerBackend: Too many Flogger logs received before configuration. Dropping old logs.
09-14 10:14:20.205  3880  7576 V [MYTAG][mail_tcp_socket][ViiSocketMailDataPhraser]: ------------mail---------------
09-14 10:14:20.205  3880  7576 V [MYTAG][mail_tcp_socket][ViiSocketMailDataPhraser]: {"msgid":"battery","info":{"capacity":96,"charge":0},"time":1757844859}
09-14 10:14:20.206  3880  8188 W System  : Ignoring header sessionid because its value was null.
09-14 10:14:20.206  3880  7576 V [MYTAG][mail_tcp_socket][ViiSocketMailDataPhraser]: ------------mail---------------
09-14 10:14:20.206  3880  7576 V [MYTAG][mail_tcp_socket][ViiSocketMailDataPhraser]: {"msgid":"sd","info":{"status":0},"time":1757844859}
09-14 10:14:20.206  3880  7576 V [MYTAG][mail_tcp_socket][RemoteOptor]: ----
09-14 10:14:20.206  3880  7576 V [MYTAG][mail_tcp_socket][RemoteOptor]: [CMD]DEV_SDCARD_STATUS_QUERY
09-14 10:14:20.206  3880  7576 V [MYTAG][mail_tcp_socket][RemoteOptor]: [PARAM]null
09-14 10:14:20.206  3880  8188 I System.out: (HTTPLog)-Static: isSBSettingEnabled false
09-14 10:14:20.206  3880  7576 V [MYTAG][mail_tcp_socket][HttpTransportLayer]: [HTTP SEND GET]
09-14 10:14:20.206  3880  7576 V [MYTAG][mail_tcp_socket][HttpTransportLayer]: 	 url:http://192.168.0.1:80/app/getsdinfo
09-14 10:14:20.206  3880  8188 I System.out: (HTTPLog)-Static: isSBSettingEnabled false
09-14 10:14:20.211  3880  7576 V [MYTAG][main][Device]: 603 dev is connected:true
09-14 10:14:20.238  3880  7576 V [MYTAG][mail_tcp_socket][HttpTransportLayer]: [HTTP RSP]
09-14 10:14:20.238  3880  7576 V [MYTAG][mail_tcp_socket][HttpTransportLayer]: 	 errcode:0
09-14 10:14:20.238  3880  7576 V [MYTAG][mail_tcp_socket][HttpTransportLayer]: 	[content]{"result":0,"info":{"status":0,"free":299,"total":1883}}
09-14 10:14:20.238  3880  7576 V [MYTAG][mail_tcp_socket][HttpTransportLayer]: -----------------------------------------
09-14 10:14:20.245  3880  3880 W ProxyAndroidLoggerBackend: Too many Flogger logs received before configuration. Dropping old logs.
09-14 10:14:20.259  3880  3880 I chatty  : uid=10291(com.vidure.app) identical 6 lines
09-14 10:14:20.260  3880  3880 W ProxyAndroidLoggerBackend: Too many Flogger logs received before configuration. Dropping old logs.
09-14 10:14:20.265  3880  8772 W ProxyAndroidLoggerBackend: Too many Flogger logs received before configuration. Dropping old logs.
09-14 10:14:20.266  3880  8772 W ProxyAndroidLoggerBackend: Too many Flogger logs received before configuration. Dropping old logs.
09-14 10:14:20.275  3880  7576 V [MYTAG][main][Device]: 603 dev is connected:true
09-14 10:14:20.277  3880  7576 V [MYTAG][main][CameraPreviewActivity]: rev msg1:264454
09-14 10:14:20.277  3880  7576 V [MYTAG][main][Device]: 603 dev is connected:true
