09-14 10:11:49.785  3880  7576 V [MYTAG][mail_tcp_socket][HttpTransportLayer]: [HTTP SEND GET]
09-14 10:11:49.785  3880  7576 V [MYTAG][mail_tcp_socket][HttpTransportLayer]: 	 url:http://192.168.0.1:80/app/getsdinfo
09-14 10:11:49.786  3880  8188 W System  : Ignoring header sessionid because its value was null.
09-14 10:11:49.786  3880  8188 I System.out: (HTTPLog)-Static: isSBSettingEnabled false
09-14 10:11:49.786  3880  8188 I System.out: (HTTPLog)-Static: isSBSettingEnabled false
09-14 10:11:49.787  3880  3880 W ProxyAndroidLoggerBackend: Too many Flogger logs received before configuration. Dropping old logs.
09-14 10:11:49.787  3880  7576 V [MYTAG][pool-10-thread-8][RemoteOptor]: ----
09-14 10:11:49.787  3880  7576 V [MYTAG][pool-10-thread-8][RemoteOptor]: [CMD]Media_Video_GetRecordStatus
09-14 10:11:49.787  3880  7576 V [MYTAG][pool-10-thread-8][RemoteOptor]: [PARAM]null
09-14 10:11:49.798  3880  8089 W ProxyAndroidLoggerBackend: Too many Flogger logs received before configuration. Dropping old logs.
09-14 10:11:49.800  3880  8089 W ProxyAndroidLoggerBackend: Too many Flogger logs received before configuration. Dropping old logs.
09-14 10:11:49.801  3880  7681 W System  : Ignoring header sessionid because its value was null.
09-14 10:11:49.801  3880  7576 V [MYTAG][mail_tcp_socket][HttpTransportLayer]: [HTTP RSP]
09-14 10:11:49.801  3880  7576 V [MYTAG][mail_tcp_socket][HttpTransportLayer]: 	 errcode:0
09-14 10:11:49.801  3880  7576 V [MYTAG][mail_tcp_socket][HttpTransportLayer]: 	[content]{"result":0,"info":{"status":0,"free":304,"total":1883}}
09-14 10:11:49.801  3880  7576 V [MYTAG][mail_tcp_socket][HttpTransportLayer]: -----------------------------------------
09-14 10:11:49.801  3880  7576 V [MYTAG][pool-10-thread-9][HttpTransportLayer]: [HTTP SEND GET]
09-14 10:11:49.801  3880  7576 V [MYTAG][pool-10-thread-9][HttpTransportLayer]: 	 url:http://192.168.0.1:80/app/getadasvalue?param=all
09-14 10:11:49.801  3880  7681 I System.out: (HTTPLog)-Static: isSBSettingEnabled false
09-14 10:11:49.802  3880  7681 I System.out: (HTTPLog)-Static: isSBSettingEnabled false
09-14 10:11:49.802  3880  8092 W ProxyAndroidLoggerBackend: Too many Flogger logs received before configuration. Dropping old logs.
09-14 10:11:49.804  3880  8089 W ProxyAndroidLoggerBackend: Too many Flogger logs received before configuration. Dropping old logs.
09-14 10:11:49.805  3880  8092 W ProxyAndroidLoggerBackend: Too many Flogger logs received before configuration. Dropping old logs.
09-14 10:11:49.806  3880  8080 W ProxyAndroidLoggerBackend: Too many Flogger logs received before configuration. Dropping old logs.
09-14 10:11:49.806  3880  8092 W ProxyAndroidLoggerBackend: Too many Flogger logs received before configuration. Dropping old logs.
09-14 10:11:49.807  3880  8092 W ProxyAndroidLoggerBackend: Too many Flogger logs received before configuration. Dropping old logs.
09-14 10:11:49.809  3880  8089 W ProxyAndroidLoggerBackend: Too many Flogger logs received before configuration. Dropping old logs.
09-14 10:11:49.809  3880  7576 V [MYTAG][main][Device]: 603 dev is connected:true
09-14 10:11:49.810  3880  8092 W ProxyAndroidLoggerBackend: Too many Flogger logs received before configuration. Dropping old logs.
09-14 10:11:49.811  3880  8089 W ProxyAndroidLoggerBackend: Too many Flogger logs received before configuration. Dropping old logs.
09-14 10:11:49.812  3880  8091 W ProxyAndroidLoggerBackend: Too many Flogger logs received before configuration. Dropping old logs.
09-14 10:11:49.813  3880  8092 W ProxyAndroidLoggerBackend: Too many Flogger logs received before configuration. Dropping old logs.
09-14 10:11:49.814  3880  8089 W ProxyAndroidLoggerBackend: Too many Flogger logs received before configuration. Dropping old logs.
09-14 10:11:49.815  3880  7535 D OpenGLRenderer: makeCurrent EglSurface : 0x78ce3ded80 -> 0x79b3c6fe80
09-14 10:11:49.817  3880  8089 W ProxyAndroidLoggerBackend: Too many Flogger logs received before configuration. Dropping old logs.
09-14 10:11:49.817  3880  7576 V [MYTAG][main][Device]: 603 dev is connected:true
09-14 10:11:49.818  3880  8092 W ProxyAndroidLoggerBackend: Too many Flogger logs received before configuration. Dropping old logs.
09-14 10:11:49.820  3880  8092 I chatty  : uid=10291(com.vidure.app) identical 2 lines
09-14 10:11:49.821  3880  8092 W ProxyAndroidLoggerBackend: Too many Flogger logs received before configuration. Dropping old logs.
09-14 10:11:49.823  3880  8091 W ProxyAndroidLoggerBackend: Too many Flogger logs received before configuration. Dropping old logs.
09-14 10:11:49.826  3880  8089 W ProxyAndroidLoggerBackend: Too many Flogger logs received before configuration. Dropping old logs.
09-14 10:11:49.838  3880  8091 W ProxyAndroidLoggerBackend: Too many Flogger logs received before configuration. Dropping old logs.
09-14 10:11:49.838  3880  8092 W ProxyAndroidLoggerBackend: Too many Flogger logs received before configuration. Dropping old logs.
09-14 10:11:49.839  3880  8092 W ProxyAndroidLoggerBackend: Too many Flogger logs received before configuration. Dropping old logs.
09-14 10:11:49.843  3880  8091 W ProxyAndroidLoggerBackend: Too many Flogger logs received before configuration. Dropping old logs.
09-14 10:11:49.845  3880  8091 I chatty  : uid=10291(com.vidure.app) identical 2 lines
09-14 10:11:49.846  3880  8091 W ProxyAndroidLoggerBackend: Too many Flogger logs received before configuration. Dropping old logs.
09-14 10:11:49.847  3880  8092 W ProxyAndroidLoggerBackend: Too many Flogger logs received before configuration. Dropping old logs.
09-14 10:11:49.855  3880  7535 D OpenGLRenderer: makeCurrent EglSurface : 0x79b3c6fe80 -> 0x78ce3ded80
09-14 10:11:49.864  3880  7535 D OpenGLRenderer: makeCurrent EglSurface : 0x78ce3ded80 -> 0x79b3c6fe80
09-14 10:11:49.995  3880  7535 D OpenGLRenderer: makeCurrent EglSurface : 0x79b3c6fe80 -> 0x78ce3ded80
09-14 10:11:50.159  3880  8193 D ProfileInstaller: Skipping profile installation for com.vidure.app
09-14 10:11:50.814  3880  7706 W Settings: Setting adb_enabled has moved from android.provider.Settings.Secure to android.provider.Settings.Global.
09-14 10:11:50.815  3880  7705 I System.out: (HTTPLog)-Static: isSBSettingEnabled false
09-14 10:11:50.816  3880  7705 I System.out: (HTTPLog)-Static: isSBSettingEnabled false
09-14 10:11:50.832  3880  7681 E [MYTAG][pool-10-thread-9]JsonRawRspHanlder: http getResponseCode():404
09-14 10:11:50.832  3880  7576 V [MYTAG][pool-10-thread-9][HttpTransportLayer]: [HTTP RSP]
09-14 10:11:50.832  3880  7576 V [MYTAG][pool-10-thread-9][HttpTransportLayer]: 	 errcode:4114
09-14 10:11:50.832  3880  7576 V [MYTAG][pool-10-thread-9][HttpTransportLayer]: 	[content]
09-14 10:11:50.832  3880  7576 V [MYTAG][pool-10-thread-9][HttpTransportLayer]: -----------------------------------------
09-14 10:11:50.833  3880  7678 W System  : Ignoring header sessionid because its value was null.
09-14 10:11:50.833  3880  7576 V [MYTAG][pool-10-thread-8][HttpTransportLayer]: [HTTP SEND GET]
09-14 10:11:50.833  3880  7576 V [MYTAG][pool-10-thread-8][HttpTransportLayer]: 	 url:http://192.168.0.1:80/app/getparamvalue?param=rec
09-14 10:11:50.833  3880  7678 I System.out: (HTTPLog)-Static: isSBSettingEnabled false
09-14 10:11:50.833  3880  7678 I System.out: (HTTPLog)-Static: isSBSettingEnabled false
09-14 10:11:50.834  3880  7576 V [MYTAG][pool-10-thread-9][RemoteOptor]: ----
09-14 10:11:50.834  3880  7576 V [MYTAG][pool-10-thread-9][RemoteOptor]: [CMD]Config_All_ADAS_Items_Value
09-14 10:11:50.834  3880  7576 V [MYTAG][pool-10-thread-9][RemoteOptor]: [PARAM]null
09-14 10:11:50.931  3880  7576 V [MYTAG][pool-10-thread-8][HttpTransportLayer]: [HTTP RSP]
09-14 10:11:50.931  3880  7576 V [MYTAG][pool-10-thread-8][HttpTransportLayer]: 	 errcode:0
09-14 10:11:50.931  3880  7576 V [MYTAG][pool-10-thread-8][HttpTransportLayer]: 	[content]{"result":0,"info":{"value":1}}
09-14 10:11:50.931  3880  7576 V [MYTAG][pool-10-thread-8][HttpTransportLayer]: -----------------------------------------
09-14 10:11:50.932  3880  7681 W System  : Ignoring header sessionid because its value was null.
09-14 10:11:50.933  3880  7576 V [MYTAG][pool-10-thread-9][HttpTransportLayer]: [HTTP SEND GET]
09-14 10:11:50.933  3880  7576 V [MYTAG][pool-10-thread-9][HttpTransportLayer]: 	 url:http://192.168.0.1:80/app/getadasvalue?param=all
09-14 10:11:50.933  3880  7576 V [MYTAG][pool-10-thread-8][RemoteOptor]: ----
09-14 10:11:50.933  3880  7576 V [MYTAG][pool-10-thread-8][RemoteOptor]: [CMD]Media_Video_Query_LockStatus
09-14 10:11:50.933  3880  7576 V [MYTAG][pool-10-thread-8][RemoteOptor]: [PARAM]null
09-14 10:11:50.933  3880  7681 I System.out: (HTTPLog)-Static: isSBSettingEnabled false
09-14 10:11:50.933  3880  7681 I System.out: (HTTPLog)-Static: isSBSettingEnabled false
09-14 10:11:50.942  3880  7681 E [MYTAG][pool-10-thread-9]JsonRawRspHanlder: http getResponseCode():404
09-14 10:11:50.943  3880  7576 V [MYTAG][pool-10-thread-9][HttpTransportLayer]: [HTTP RSP]
09-14 10:11:50.943  3880  7576 V [MYTAG][pool-10-thread-9][HttpTransportLayer]: 	 errcode:4114
09-14 10:11:50.943  3880  7576 V [MYTAG][pool-10-thread-9][HttpTransportLayer]: 	[content]
09-14 10:11:50.943  3880  7576 V [MYTAG][pool-10-thread-9][HttpTransportLayer]: -----------------------------------------
09-14 10:11:50.944  3880  7576 V [MYTAG][pool-10-thread-9][setting_loading]: runnable  is end.
09-14 10:11:50.944  3880  7576 V [MYTAG][pool-10-thread-8][HttpTransportLayer]: [HTTP SEND GET]
09-14 10:11:50.944  3880  7576 V [MYTAG][pool-10-thread-8][HttpTransportLayer]: 	 url:http://192.168.0.1:80/app/getlockvideostatus
09-14 10:11:50.945  3880  7678 W System  : Ignoring header sessionid because its value was null.
09-14 10:11:50.945  3880  7678 I System.out: (HTTPLog)-Static: isSBSettingEnabled false
09-14 10:11:50.945  3880  7678 I System.out: (HTTPLog)-Static: isSBSettingEnabled false
09-14 10:11:50.957  3880  7678 E [MYTAG][pool-10-thread-8]JsonRawRspHanlder: http getResponseCode():404
09-14 10:11:50.958  3880  7706 I System.out: (HTTPLog)-Static: isSBSettingEnabled false
09-14 10:11:50.958  3880  7706 I System.out: (HTTPLog)-Static: isSBSettingEnabled false
09-14 10:11:50.958  3880  7576 V [MYTAG][pool-10-thread-8][HttpTransportLayer]: [HTTP RSP]
09-14 10:11:50.958  3880  7576 V [MYTAG][pool-10-thread-8][HttpTransportLayer]: 	 errcode:4114
09-14 10:11:50.958  3880  7576 V [MYTAG][pool-10-thread-8][HttpTransportLayer]: 	[content]
09-14 10:11:50.958  3880  7576 V [MYTAG][pool-10-thread-8][HttpTransportLayer]: -----------------------------------------
09-14 10:11:50.959  3880  7576 V [MYTAG][pool-10-thread-8][Device]: 603 dev is connected:true
09-14 10:11:50.960  3880  7576 V [MYTAG][pool-10-thread-8][Device]: 603 dev is connected:true
09-14 10:11:50.968  3880  7678 E [MYTAG][pool-10-thread-8]ErrCodeStr: sgk_dvr_de_de.xml
09-14 10:11:50.970  3880  7576 V [MYTAG][pool-10-thread-8][VTask-runnable]: runnable  is end.
09-14 10:11:50.970  3880  7576 V [MYTAG][main][VTask-runnable]: runnable  is start.
09-14 10:11:50.976  3880  7706 I System.out: (HTTPLog)-Static: isSBSettingEnabled false
09-14 10:11:50.976  3880  7706 I System.out: (HTTPLog)-Static: isSBSettingEnabled false
09-14 10:11:50.980  3880  7576 V [MYTAG][main][Device]: 603 dev is connected:true
09-14 10:11:51.001  3880  3880 W ProxyAndroidLoggerBackend: Too many Flogger logs received before configuration. Dropping old logs.
09-14 10:11:51.009  3880  3880 W ProxyAndroidLoggerBackend: Too many Flogger logs received before configuration. Dropping old logs.
09-14 10:11:51.026  3880  3880 I chatty  : uid=10291(com.vidure.app) identical 5 lines
09-14 10:11:51.026  3880  3880 W ProxyAndroidLoggerBackend: Too many Flogger logs received before configuration. Dropping old logs.
09-14 10:11:51.035  3880  8092 W ProxyAndroidLoggerBackend: Too many Flogger logs received before configuration. Dropping old logs.
09-14 10:11:51.035  3880  8091 W ProxyAndroidLoggerBackend: Too many Flogger logs received before configuration. Dropping old logs.
09-14 10:11:51.036  3880  8092 W ProxyAndroidLoggerBackend: Too many Flogger logs received before configuration. Dropping old logs.
09-14 10:11:51.037  3880  8092 I chatty  : uid=10291(com.vidure.app) identical 1 line
09-14 10:11:51.037  3880  8092 W ProxyAndroidLoggerBackend: Too many Flogger logs received before configuration. Dropping old logs.
09-14 10:11:51.038  3880  8089 W ProxyAndroidLoggerBackend: Too many Flogger logs received before configuration. Dropping old logs.
09-14 10:11:51.039  3880  8089 I chatty  : uid=10291(com.vidure.app) identical 2 lines
09-14 10:11:51.039  3880  8089 W ProxyAndroidLoggerBackend: Too many Flogger logs received before configuration. Dropping old logs.
09-14 10:11:51.040  3880  8092 W ProxyAndroidLoggerBackend: Too many Flogger logs received before configuration. Dropping old logs.
09-14 10:11:51.041  3880  8091 W ProxyAndroidLoggerBackend: Too many Flogger logs received before configuration. Dropping old logs.
09-14 10:11:51.042  3880  8091 W ProxyAndroidLoggerBackend: Too many Flogger logs received before configuration. Dropping old logs.
09-14 10:11:51.042  3880  8089 W ProxyAndroidLoggerBackend: Too many Flogger logs received before configuration. Dropping old logs.
09-14 10:11:51.043  3880  8092 W ProxyAndroidLoggerBackend: Too many Flogger logs received before configuration. Dropping old logs.
09-14 10:11:51.044  3880  8092 W ProxyAndroidLoggerBackend: Too many Flogger logs received before configuration. Dropping old logs.
09-14 10:11:51.045  3880  8091 W ProxyAndroidLoggerBackend: Too many Flogger logs received before configuration. Dropping old logs.
09-14 10:11:51.045  3880  8091 W ProxyAndroidLoggerBackend: Too many Flogger logs received before configuration. Dropping old logs.
09-14 10:11:51.046  3880  8190 W ProxyAndroidLoggerBackend: Too many Flogger logs received before configuration. Dropping old logs.
09-14 10:11:51.046  3880  8091 W ProxyAndroidLoggerBackend: Too many Flogger logs received before configuration. Dropping old logs.
09-14 10:11:51.048  3880  7576 V [MYTAG][main][Device]: 603 dev is connected:true
09-14 10:11:51.048  3880  7576 V [MYTAG][main][Device]: 603 dev is connected:true
09-14 10:11:51.049  3880  8092 W ProxyAndroidLoggerBackend: Too many Flogger logs received before configuration. Dropping old logs.
09-14 10:11:51.050  3880  8089 W ProxyAndroidLoggerBackend: Too many Flogger logs received before configuration. Dropping old logs.
09-14 10:11:51.081  3880  7576 D [MYTAG][main][DefaultDialog]: dismiss dialogId:general_waiting_dlg
09-14 10:11:51.081  3880  7535 D OpenGLRenderer: makeCurrent EglSurface : 0x78ce3ded80 -> 0x0
09-14 10:11:51.082  3880  3880 D ViewRootImpl@fc3bda1[MainActivity]: dispatchDetachedFromWindow
09-14 10:11:51.087  3880  3880 D InputTransport: Input channel destroyed: 'ec94d5b', fd=168
09-14 10:11:51.088  3880  7576 V [MYTAG][main][VTask-runnable]: runnable  is end.
09-14 10:11:51.093  3880  7535 D OpenGLRenderer: makeCurrent EglSurface : 0x0 -> 0x79b3c6fe80
09-14 10:11:51.105  3880  8092 W ProxyAndroidLoggerBackend: Too many Flogger logs received before configuration. Dropping old logs.
09-14 10:11:51.105  3880  8089 W ProxyAndroidLoggerBackend: Too many Flogger logs received before configuration. Dropping old logs.
09-14 10:11:51.106  3880  8089 I chatty  : uid=10291(com.vidure.app) identical 1 line
09-14 10:11:51.107  3880  8089 W ProxyAndroidLoggerBackend: Too many Flogger logs received before configuration. Dropping old logs.
09-14 10:11:51.107  3880  8091 W ProxyAndroidLoggerBackend: Too many Flogger logs received before configuration. Dropping old logs.
09-14 10:11:51.108  3880  8091 W ProxyAndroidLoggerBackend: Too many Flogger logs received before configuration. Dropping old logs.
09-14 10:11:51.110  3880  8092 W ProxyAndroidLoggerBackend: Too many Flogger logs received before configuration. Dropping old logs.
09-14 10:11:51.114  3880  3880 D Toast   : show: focusDisplayId = 0, isFocusInDesktop = false mCustomDisplayId=-1
09-14 10:11:51.115  3880  8089 W ProxyAndroidLoggerBackend: Too many Flogger logs received before configuration. Dropping old logs.
09-14 10:11:51.133  3880  7459 V Toast   : SHOW: android.widget.Toast$TN@b00dfdf
09-14 10:11:51.134  3880  7576 D [MYTAG][main][GoogleMapAdapter]: onPause
09-14 10:11:51.134  3880  7576 V [MYTAG][main][MainActivity]: MainActivity onPause...
09-14 10:11:51.134  3880  7576 V [MYTAG][main][CameraTabFragment]: CameraTabFragment onPause...
09-14 10:11:51.134  3880  7576 V [MYTAG][main][AlbumTabFragment]: AlbumTabFragment onPause...
09-14 10:11:51.134  3880  7576 V [MYTAG][main][AiEditorTabFragment]: AiEditorTabFragment onPause...
09-14 10:11:51.135  3880  7576 V [MYTAG][main][VMeTabFragment]: VMeTabFragment onPause...
09-14 10:11:51.144  3880  3880 D ViewRootImpl@efba07a[MainActivity]: MSG_WINDOW_FOCUS_CHANGED 1 1
09-14 10:11:51.145  3880  3880 D InputMethodManager: prepareNavigationBarInfo() DecorView@180563c[MainActivity]
09-14 10:11:51.145  3880  3880 D InputMethodManager: getNavigationBarColor() -1
09-14 10:11:51.145  3880  7576 V [MYTAG][main][MainActivity]: MainActivity onWindowFocusChanged...true
09-14 10:11:51.146  3880  3880 D InputMethodManager: prepareNavigationBarInfo() DecorView@180563c[MainActivity]
09-14 10:11:51.146  3880  3880 D InputMethodManager: getNavigationBarColor() -1
09-14 10:11:51.146  3880  3880 V InputMethodManager: Starting input: tba=com.vidure.app ic=null mNaviBarColor -1 mIsGetNaviBarColorSuccess true , NavVisible : true , NavTrans : false
09-14 10:11:51.146  3880  3880 D InputMethodManager: startInputInner - Id : 0
09-14 10:11:51.146  3880  3880 I InputMethodManager: startInputInner - mService.startInputOrWindowGainedFocus
09-14 10:11:51.146  3880  3880 E ViewRootImpl: sendUserActionEvent() mView returned.
09-14 10:11:51.150  3880  3880 V Toast   : HANDLE SHOW: android.widget.Toast$TN@b00dfdf mView=null mNextView=android.widget.LinearLayout{6ae91a9 V.E...... ......I. 0,0-0,0}
09-14 10:11:51.150  3880  3880 V Toast   : HANDLE HIDE: android.widget.Toast$TN@b00dfdf mView=null
09-14 10:11:51.160  3880  3880 D ViewRootImpl@2ee405c[Toast]: setView = android.widget.LinearLayout@6ae91a9 TM=true MM=false
09-14 10:11:51.160  3880  3880 V Toast   : Text: Seco in android.widget.Toast$TN@b00dfdf
09-14 10:11:51.160  3880  3880 W ActivityThread: handleWindowVisibility: no activity for token android.os.BinderProxy@a359f65
09-14 10:11:51.163  3880  7576 V [MYTAG][main][LanguageUtils]:  curLocale = de_DE, newLocale  = de_DE
09-14 10:11:51.164  3880  7576 V [MYTAG][main][CameraPreviewActivity]: CameraPreviewActivity onCreate...
09-14 10:11:51.166  3880  3880 D PhoneWindow: forceLight changed to true [] from com.android.internal.policy.PhoneWindow.updateForceLightNavigationBar:4268 com.android.internal.policy.DecorView.updateColorViews:1513 com.android.internal.policy.PhoneWindow.dispatchWindowAttributesChanged:3246 android.view.Window.setFlags:1148 com.android.internal.policy.PhoneWindow.generateLayout:2474 
09-14 10:11:51.166  3880  3880 D PhoneWindow: forceLight changed to false [] from com.android.internal.policy.PhoneWindow.updateForceLightNavigationBar:4274 com.android.internal.policy.DecorView.updateColorViews:1513 com.android.internal.policy.PhoneWindow.dispatchWindowAttributesChanged:3246 android.view.Window.setFlags:1148 com.android.internal.policy.PhoneWindow.generateLayout:2620 
09-14 10:11:51.166  3880  3880 I MultiWindowDecorSupport: updateCaptionType >> DecorView@e4143de[], isFloating: false, isApplication: true, hasWindowDecorCaption: false, hasWindowControllerCallback: true
09-14 10:11:51.166  3880  3880 D MultiWindowDecorSupport: setCaptionType = 0, DecorView = DecorView@e4143de[]
09-14 10:11:51.182  3880  7576 V [MYTAG][main][DadaTplViewLayout]: init,register
09-14 10:11:51.182  3880  7576 V [MYTAG][main][DadaTplViewLayout]:  null
09-14 10:11:51.221  3880  7576 V [MYTAG][main][SystemUtils]: map： has gms ok.
09-14 10:11:51.222  3880  7576 V [MYTAG][main][SystemUtils]: map： has gms ok.
09-14 10:11:51.222  3880  3880 D a       : preferredRenderer: null
09-14 10:11:51.235  3880  3880 D a       : preferredRenderer: null
09-14 10:11:51.235  3880  3880 D s       : preferredRenderer: null
09-14 10:11:51.237  3880  3880 I Google Android Maps SDK: Google Play services package version: 253133013
09-14 10:11:51.237  3880  3880 I Google Android Maps SDK: Google Play services maps renderer version(maps_core): 252725201
09-14 10:11:51.246  3880  3880 W ProxyAndroidLoggerBackend: Too many Flogger logs received before configuration. Dropping old logs.
09-14 10:11:51.255  3880  3880 I chatty  : uid=10291(com.vidure.app) identical 6 lines
09-14 10:11:51.255  3880  3880 W ProxyAndroidLoggerBackend: Too many Flogger logs received before configuration. Dropping old logs.
09-14 10:11:51.259  3880  8091 W ProxyAndroidLoggerBackend: Too many Flogger logs received before configuration. Dropping old logs.
09-14 10:11:51.259  3880  8092 W ProxyAndroidLoggerBackend: Too many Flogger logs received before configuration. Dropping old logs.
09-14 10:11:51.260  3880  8091 W ProxyAndroidLoggerBackend: Too many Flogger logs received before configuration. Dropping old logs.
09-14 10:11:51.260  3880  8089 W ProxyAndroidLoggerBackend: Too many Flogger logs received before configuration. Dropping old logs.
09-14 10:11:51.260  3880  8092 W ProxyAndroidLoggerBackend: Too many Flogger logs received before configuration. Dropping old logs.
09-14 10:11:51.261  3880  8091 W ProxyAndroidLoggerBackend: Too many Flogger logs received before configuration. Dropping old logs.
09-14 10:11:51.261  3880  8089 W ProxyAndroidLoggerBackend: Too many Flogger logs received before configuration. Dropping old logs.
09-14 10:11:51.261  3880  8092 W ProxyAndroidLoggerBackend: Too many Flogger logs received before configuration. Dropping old logs.
09-14 10:11:51.262  3880  8091 W ProxyAndroidLoggerBackend: Too many Flogger logs received before configuration. Dropping old logs.
09-14 10:11:51.262  3880  8089 W ProxyAndroidLoggerBackend: Too many Flogger logs received before configuration. Dropping old logs.
09-14 10:11:51.263  3880  8092 W ProxyAndroidLoggerBackend: Too many Flogger logs received before configuration. Dropping old logs.
09-14 10:11:51.263  3880  8091 W ProxyAndroidLoggerBackend: Too many Flogger logs received before configuration. Dropping old logs.
09-14 10:11:51.263  3880  7576 D [MYTAG][main][GoogleMapAdapter]: onPause
09-14 10:11:51.264  3880  8089 W ProxyAndroidLoggerBackend: Too many Flogger logs received before configuration. Dropping old logs.
09-14 10:11:51.264  3880  8092 W ProxyAndroidLoggerBackend: Too many Flogger logs received before configuration. Dropping old logs.
09-14 10:11:51.264  3880  8091 W ProxyAndroidLoggerBackend: Too many Flogger logs received before configuration. Dropping old logs.
09-14 10:11:51.265  3880  8089 W ProxyAndroidLoggerBackend: Too many Flogger logs received before configuration. Dropping old logs.
09-14 10:11:51.265  3880  8092 W ProxyAndroidLoggerBackend: Too many Flogger logs received before configuration. Dropping old logs.
09-14 10:11:51.266  3880  8091 W ProxyAndroidLoggerBackend: Too many Flogger logs received before configuration. Dropping old logs.
09-14 10:11:51.266  3880  8089 W ProxyAndroidLoggerBackend: Too many Flogger logs received before configuration. Dropping old logs.
09-14 10:11:51.266  3880  8092 W ProxyAndroidLoggerBackend: Too many Flogger logs received before configuration. Dropping old logs.
09-14 10:11:51.273  3880  7576 V [MYTAG][main][OemUtils]: isSupportPreviewArFromApp is:false
09-14 10:11:51.273  3880  7576 V [MYTAG][main][DeviceParamInfo]: get exist CamCount = 1
09-14 10:11:51.281  3880  7576 V [MYTAG][main][AbsPlayerLib]: player set hw decode is :false
09-14 10:11:51.282  3880  7576 V [MYTAG][main][SocUtils]: isLargeBufferPreview: false
09-14 10:11:51.282  3880  7576 V [MYTAG][main][SocUtils]: isMaxLargeBufferPreview: false
09-14 10:11:51.282  3880  7576 V [MYTAG][main][OemUtils]: isSupportPreviewArFromApp is:false
09-14 10:11:51.286  3880  7576 V [MYTAG][main][DeviceParamInfo]: get exist CamCount = 1
09-14 10:11:51.289  3880  7576 V [MYTAG][main][AbsPlayerLib]: 244910432:update surfaceParentWidth:1600
09-14 10:11:51.289  3880  7576 V [MYTAG][main][AbsPlayerLib]: update surfaceParentHeight:900
09-14 10:11:51.292  3880  7576 V [MYTAG][main][CameraPreviewActivity]: CameraPreviewActivity onStart...
09-14 10:11:51.292  3880  7576 D [MYTAG][main][GoogleMapAdapter]: onStart
09-14 10:11:51.293  3880  7576 V [MYTAG][main][CameraPreviewActivity]: CameraPreviewActivity onResume...
09-14 10:11:51.294  3880  7576 V [MYTAG][main][Device]: 603 dev is connected:true
09-14 10:11:51.294  3880  7576 V [MYTAG][main][Device]: 603 dev is connected:true
09-14 10:11:51.294  3880  7576 D [MYTAG][main][ExitApp]: activityList size=2, add activity=CameraPreviewActivity
09-14 10:11:51.295  3880  3880 D Dialog  : mIsSamsungBasicInteraction = false
09-14 10:11:51.295  3880  3880 D Dialog  : mIsSamsungBasicInteraction = false, isMetaDataInActivity = false
09-14 10:11:51.298  3880  3880 I MultiWindowDecorSupport: updateCaptionType >> DecorView@fa290b7[], isFloating: true, isApplication: true, hasWindowDecorCaption: false, hasWindowControllerCallback: false
09-14 10:11:51.298  3880  3880 D MultiWindowDecorSupport: setCaptionType = 0, DecorView = DecorView@fa290b7[]
09-14 10:11:51.299  3880  7576 D [MYTAG][main][DefaultDialog]: show dialogId:general_waiting_dlg CameraPreviewActivity
09-14 10:11:51.302  3880  8218 V NuMediaExtractor: NuMediaExtractor constructor
09-14 10:11:51.302  3880  8218 V NuMediaExtractor: setDataSource fd=183 (/data/app/com.vidure.app-1kM3GRkWGg5yiX8LXJCNkg==/base.apk), offset=93048748, length=6438
09-14 10:11:51.302  3880  8218 V MediaExtractorFactory: MediaExtractorFactory::Create (null)
09-14 10:11:51.302  3880  8218 V MediaExtractorFactory: get service manager
09-14 10:11:51.303  3880  3880 D ViewRootImpl@c458153[CameraPreviewActivity]: setView = com.android.internal.policy.DecorView@fa290b7 TM=true MM=false
09-14 10:11:51.304  3880  7576 V [MYTAG][pool-10-thread-1][VTask-runnable]: runnable  is start.
09-14 10:11:51.304  3880  7576 V [MYTAG][pool-10-thread-1][RemoteOptor]: ----
09-14 10:11:51.304  3880  7576 V [MYTAG][pool-10-thread-1][RemoteOptor]: [CMD]Basic_Auth_Logon
09-14 10:11:51.304  3880  7576 V [MYTAG][pool-10-thread-1][RemoteOptor]: [PARAM]null
09-14 10:11:51.305  3880  7576 V [MYTAG][pool-10-thread-1][HttpTransportLayer]: [HTTP SEND GET]
09-14 10:11:51.305  3880  7576 V [MYTAG][pool-10-thread-1][HttpTransportLayer]: 	 url:http://192.168.0.1:80/app/enterrecorder
09-14 10:11:51.305  3880  7545 W System  : Ignoring header sessionid because its value was null.
09-14 10:11:51.305  3880  7545 I System.out: (HTTPLog)-Static: isSBSettingEnabled false
09-14 10:11:51.305  3880  7545 I System.out: (HTTPLog)-Static: isSBSettingEnabled false
09-14 10:11:51.305  3880  7576 V [MYTAG][main][DeviceParamInfo]: get exist CamCount = 1
09-14 10:11:51.305  3880  7576 D [MYTAG][main][GoogleMapAdapter]: onResume
09-14 10:11:51.309  3880  3880 D ViewRootImpl@99d26c1[CameraPreviewActivity]: setView = com.android.internal.policy.DecorView@e4143de TM=true MM=false
09-14 10:11:51.310  3880  3880 D ViewRootImpl@efba07a[MainActivity]: MSG_WINDOW_FOCUS_CHANGED 0 1
09-14 10:11:51.310  3880  3880 D InputMethodManager: prepareNavigationBarInfo() DecorView@180563c[MainActivity]
09-14 10:11:51.310  3880  3880 D InputMethodManager: getNavigationBarColor() -1
09-14 10:11:51.311  3880  7576 V [MYTAG][main][MainActivity]: MainActivity onWindowFocusChanged...false
09-14 10:11:51.324  3880  7545 E [MYTAG][pool-10-thread-1]JsonRawRspHanlder: http getResponseCode():404
09-14 10:11:51.324  3880  7576 V [MYTAG][pool-10-thread-1][HttpTransportLayer]: [HTTP RSP]
09-14 10:11:51.324  3880  7576 V [MYTAG][pool-10-thread-1][HttpTransportLayer]: 	 errcode:4114
09-14 10:11:51.324  3880  7576 V [MYTAG][pool-10-thread-1][HttpTransportLayer]: 	[content]
09-14 10:11:51.324  3880  7576 V [MYTAG][pool-10-thread-1][HttpTransportLayer]: -----------------------------------------
09-14 10:11:51.324  3880  3880 D ViewRootImpl@2ee405c[Toast]: Relayout returned: old=(0,54,1600,2452) new=(486,2209,1114,2308) req=(628,99)0 dur=5 res=0x7 s={true 518861283328} ch=true
09-14 10:11:51.325  3880  7535 D OpenGLRenderer: createReliableSurface : 0x78ce517340(0x78ce8ae000)
09-14 10:11:51.325  3880  7576 V [MYTAG][pool-10-thread-1][CameraPreviewActivity]: start preview first.
09-14 10:11:51.325  3880  7576 V [MYTAG][pool-10-thread-1][RemoteOptor]: ----
09-14 10:11:51.325  3880  7576 V [MYTAG][pool-10-thread-1][RemoteOptor]: [CMD]Media_Start_Live
09-14 10:11:51.325  3880  7576 V [MYTAG][pool-10-thread-1][RemoteOptor]: [PARAM]1
09-14 10:11:51.325  3880  7576 V [MYTAG][pool-10-thread-1][b]: toPlayLiveSync...
09-14 10:11:51.327  3880  7535 D OpenGLRenderer: makeCurrent EglSurface : 0x79b3c6fe80 -> 0x79424a3700
09-14 10:11:51.385  3880  3880 D ViewRootImpl@c458153[CameraPreviewActivity]: Relayout returned: old=(0,54,1600,2452) new=(685,1138,915,1368) req=(230,230)0 dur=54 res=0x7 s={true 518862536704} ch=true
09-14 10:11:51.386  3880  7535 D OpenGLRenderer: createReliableSurface : 0x78ce39e900(0x78ce9e0000)
09-14 10:11:51.386  3880  8221 D CCodec  : allocate(c2.android.aac.decoder)
09-14 10:11:51.387  3880  3880 E DecorView: mWindow.mActivityCurrentConfig is null
09-14 10:11:51.387  3880  7535 D OpenGLRenderer: makeCurrent EglSurface : 0x79424a3700 -> 0x78cd283280
09-14 10:11:51.390  3880  8221 I Codec2Client: Available Codec2 services: "default" "software"
09-14 10:11:51.390  3880  8221 I Codec2Client: Creating a Codec2 client to service "default"
09-14 10:11:51.391  3880  3880 D SurfaceView: onWindowVisibilityChanged(0) false android.view.SurfaceView{6946dfd G.E...... ......I. 0,0-0,0 #7f0905a0 app:id/surface_view} of ViewRootImpl@99d26c1[CameraPreviewActivity]
09-14 10:11:51.391  3880  3880 D SurfaceView: onWindowVisibilityChanged(0) false android.opengl.GLSurfaceView{5641af2 G.E...... ......I. 0,0-0,0 #7f090262 app:id/gl_surface_view} of ViewRootImpl@99d26c1[CameraPreviewActivity]
09-14 10:11:51.391  3880  8221 I Codec2Client: Client to Codec2 service "default" created
09-14 10:11:51.392  3880  8221 I CCodec  : setting up 'default' as default (vendor) store
09-14 10:11:51.393  3880  8221 I Codec2Client: Creating a Codec2 client to service "default"
09-14 10:11:51.394  3880  8221 I Codec2Client: Client to Codec2 service "default" created
09-14 10:11:51.395  3880  8221 E Codec2Client: createComponent(c2.android.aac.decoder) -- call failed: NOT_FOUND.
09-14 10:11:51.395  3880  8221 I Codec2Client: Creating a Codec2 client to service "software"
09-14 10:11:51.402  3880  3880 D ViewRootImpl@99d26c1[CameraPreviewActivity]: Relayout returned: old=(0,0,1600,2560) new=(0,0,1600,2560) req=(1600,2560)0 dur=7 res=0x7 s={true 518837809152} ch=true
09-14 10:11:51.402  3880  7535 D OpenGLRenderer: createReliableSurface : 0x78ce39ef40(0x78cd24b000)
09-14 10:11:51.404  3880  7576 V [MYTAG][main][DadaTplViewLayout]: 264838332 onSizeChanged: width:1600,height:900,timeSynchronizer:null
09-14 10:11:51.407  3880  7535 D OpenGLRenderer: makeCurrent EglSurface : 0x78cd283280 -> 0x78cd283f00
09-14 10:11:51.408  3880  8221 I Codec2Client: Client to Codec2 service "software" created
09-14 10:11:51.423  3880  3880 D ViewRootImpl@c458153[CameraPreviewActivity]: MSG_WINDOW_FOCUS_CHANGED 1 1
09-14 10:11:51.423  3880  3880 D InputMethodManager: prepareNavigationBarInfo() DecorView@fa290b7[CameraPreviewActivity]
09-14 10:11:51.423  3880  3880 D InputMethodManager: getNavigationBarColor() -855310
09-14 10:11:51.423  3880  3880 D InputMethodManager: prepareNavigationBarInfo() DecorView@fa290b7[CameraPreviewActivity]
09-14 10:11:51.423  3880  3880 D InputMethodManager: getNavigationBarColor() -855310
09-14 10:11:51.423  3880  3880 V InputMethodManager: Starting input: tba=com.vidure.app ic=null mNaviBarColor -855310 mIsGetNaviBarColorSuccess true , NavVisible : true , NavTrans : false
09-14 10:11:51.423  3880  3880 D InputMethodManager: startInputInner - Id : 0
09-14 10:11:51.423  3880  3880 I InputMethodManager: startInputInner - mService.startInputOrWindowGainedFocus
09-14 10:11:51.435  3880  3880 D InputTransport: Input channel destroyed: 'ClientS', fd=176
09-14 10:11:51.436  3880  3880 D ViewRootImpl@2ee405c[Toast]: MSG_RESIZED_REPORT: frame=(486,2209,1114,2308) ci=(0,0,0,0) vi=(0,0,628,99) or=1
09-14 10:11:51.441  3880  3880 D ViewRootImpl@99d26c1[CameraPreviewActivity]: Relayout returned: old=(0,0,1600,2560) new=(0,0,1600,2560) req=(1600,2560)0 dur=4 res=0x1 s={true 518837809152} ch=false
09-14 10:11:51.444  3880  7535 D OpenGLRenderer: makeCurrent EglSurface : 0x78cd283f00 -> 0x79b3c6fe80
09-14 10:11:51.448  3880  7535 D OpenGLRenderer: makeCurrent EglSurface : 0x79b3c6fe80 -> 0x79424a3700
09-14 10:11:51.451  3880  7535 D OpenGLRenderer: makeCurrent EglSurface : 0x79424a3700 -> 0x78cd283280
09-14 10:11:51.452  3880  3880 D ViewRootImpl@c458153[CameraPreviewActivity]: MSG_RESIZED_REPORT: frame=(685,1138,915,1368) ci=(0,0,0,0) vi=(0,0,0,0) or=1
09-14 10:11:51.452  3880  3880 D ViewRootImpl@99d26c1[CameraPreviewActivity]: MSG_RESIZED: frame=(0,0,1600,2560) ci=(0,54,0,108) vi=(0,54,0,108) or=1
09-14 10:11:51.454  3880  8221 I CCodec  : Created component [c2.android.aac.decoder]
09-14 10:11:51.454  3880  8221 D CCodecConfig: read media type: audio/mp4a-latm
09-14 10:11:51.457  3880  8221 D ReflectedParamUpdater: extent() != 1 for single value type: algo.buffers.max-count.values
09-14 10:11:51.457  3880  8221 D ReflectedParamUpdater: extent() != 1 for single value type: output.subscribed-indices.values
09-14 10:11:51.457  3880  8221 D ReflectedParamUpdater: extent() != 1 for single value type: input.buffers.allocator-ids.values
09-14 10:11:51.457  3880  8221 D ReflectedParamUpdater: extent() != 1 for single value type: output.buffers.allocator-ids.values
09-14 10:11:51.458  3880  8221 D ReflectedParamUpdater: extent() != 1 for single value type: algo.buffers.allocator-ids.values
09-14 10:11:51.458  3880  8221 D ReflectedParamUpdater: extent() != 1 for single value type: output.buffers.pool-ids.values
09-14 10:11:51.458  3880  8221 D ReflectedParamUpdater: extent() != 1 for single value type: algo.buffers.pool-ids.values
09-14 10:11:51.460  3880  8221 I CCodecConfig: query failed after returning 16 values (BAD_INDEX)
09-14 10:11:51.460  3880  8221 D CCodecConfig: c2 config is Dict {
09-14 10:11:51.460  3880  8221 D CCodecConfig:   c2::u32 coded.aac-packaging.value = 0
09-14 10:11:51.460  3880  8221 D CCodecConfig:   c2::u32 coded.bitrate.value = 64000
09-14 10:11:51.460  3880  8221 D CCodecConfig:   c2::u32 coded.pl.level = 0
09-14 10:11:51.460  3880  8221 D CCodecConfig:   c2::u32 coded.pl.profile = 8192
09-14 10:11:51.460  3880  8221 D CCodecConfig:   c2::float coding.drc.attenuation-factor.value = 1
09-14 10:11:51.460  3880  8221 D CCodecConfig:   c2::float coding.drc.boost-factor.value = 1
09-14 10:11:51.460  3880  8221 D CCodecConfig:   c2::i32 coding.drc.compression-mode.value = 3
09-14 10:11:51.460  3880  8221 D CCodecConfig:   c2::i32 coding.drc.effect-type.value = 3
09-14 10:11:51.460  3880  8221 D CCodecConfig:   c2::float coding.drc.encoded-level.value = 0.25
09-14 10:11:51.460  3880  8221 D CCodecConfig:   c2::float coding.drc.reference-level.value = -16
09-14 10:11:51.460  3880  8221 D CCodecConfig:   c2::u32 input.buffers.max-size.value = 8192
09-14 10:11:51.460  3880  8221 D CCodecConfig:   c2::u32 input.delay.value = 0
09-14 10:11:51.460  3880  8221 D CCodecConfig:   string input.media-type.value = "audio/mp4a-latm"
09-14 10:11:51.460  3880  8221 D CCodecConfig:   c2::u32 output.delay.value = 2
09-14 10:11:51.460  3880  8221 D CCodecConfig:   string output.media-type.value = "audio/raw"
09-14 10:11:51.460  3880  8221 D CCodecConfig:   c2::u32 raw.channel-count.value = 1
09-14 10:11:51.460  3880  8221 D CCodecConfig:   c2::u32 raw.sample-rate.value = 44100
09-14 10:11:51.460  3880  8221 D CCodecConfig: }
09-14 10:11:51.460  3880  8221 D CCodecConfig: no c2 equivalents for durationUs
09-14 10:11:51.460  3880  8221 D CCodecConfig: no c2 equivalents for isDMCMMExtractor
09-14 10:11:51.461  3880  8221 D CCodecConfig: no c2 equivalents for track-fourcc
09-14 10:11:51.461  3880  8221 D CCodecConfig: no c2 equivalents for bits-per-sample
09-14 10:11:51.461  3880  8221 D CCodecConfig: no c2 equivalents for track-id
09-14 10:11:51.461  3880  8221 D CCodecConfig: no c2 equivalents for language
09-14 10:11:51.461  3880  8221 D CCodecConfig: no c2 equivalents for encoder-delay
09-14 10:11:51.461  3880  8221 D CCodecConfig: no c2 equivalents for encoder-padding
09-14 10:11:51.461  3880  8221 D CCodecConfig: no c2 equivalents for aac-profile
09-14 10:11:51.461  3880  8221 D CCodecConfig: config failed => CORRUPTED
09-14 10:11:51.461  3880  8221 W Codec2Client: query -- param skipped: index = 1107298332.
09-14 10:11:51.461  3880  8221 D CCodec  : setup formats input: AMessage(what = 0x00000000) = {
09-14 10:11:51.461  3880  8221 D CCodec  :   int32_t channel-count = 1
09-14 10:11:51.461  3880  8221 D CCodec  :   int32_t level = 0
09-14 10:11:51.461  3880  8221 D CCodec  :   int32_t max-input-size = 1572864
09-14 10:11:51.461  3880  8221 D CCodec  :   string mime = "audio/mp4a-latm"
09-14 10:11:51.461  3880  8221 D CCodec  :   int32_t profile = 2
09-14 10:11:51.461  3880  8221 D CCodec  :   int32_t sample-rate = 44100
09-14 10:11:51.461  3880  8221 D CCodec  :   int64_t durationUs = 348299
09-14 10:11:51.461  3880  8221 D CCodec  : } and output: AMessage(what = 0x00000000) = {
09-14 10:11:51.461  3880  8221 D CCodec  :   int32_t channel-count = 1
09-14 10:11:51.461  3880  8221 D CCodec  :   string mime = "audio/raw"
09-14 10:11:51.461  3880  8221 D CCodec  :   int32_t sample-rate = 44100
09-14 10:11:51.461  3880  8221 D CCodec  :   int32_t encoder-delay = 1717
09-14 10:11:51.461  3880  8221 D CCodec  :   int32_t encoder-padding = 919
09-14 10:11:51.461  3880  8221 D CCodec  : }
09-14 10:11:51.464  3880  8221 W Codec2Client: query -- param skipped: index = 1342179345.
09-14 10:11:51.464  3880  8221 W Codec2Client: query -- param skipped: index = 2415921170.
09-14 10:11:51.464  3880  8221 W Codec2Client: query -- param skipped: index = 1610614798.
09-14 10:11:51.467  3880  8221 D CCodecBufferChannel: [c2.android.aac.decoder#287] Created input block pool with allocatorID 16 => poolID 17 - OK (0)
09-14 10:11:51.469  3880  8221 I CCodecBufferChannel: [c2.android.aac.decoder#287] Created output block pool with allocatorID 16 => poolID 17 - OK
09-14 10:11:51.469  3880  8221 D CCodecBufferChannel: [c2.android.aac.decoder#287] Configured output block pool ids 17 => OK
09-14 10:11:51.471  3880  8221 E C2AllocatorIon: >>>SEC mapUsage Mapper1 2000000
09-14 10:11:51.471  3880  8221 E ion     : ioctl c0044901 failed with code -1: Invalid argument
09-14 10:11:51.471  3880  8221 E C2AllocatorIon: >>>SEC C2AllocatorIon::mapUsage ion_is_legacy++++++++
09-14 10:11:51.471  3880  8221 E C2AllocatorIon: >>>SEC mapUsage	0, 2000000
09-14 10:11:51.474  3880  7535 D OpenGLRenderer: makeCurrent EglSurface : 0x78cd283280 -> 0x79b3c6fe80
09-14 10:11:51.495  3880  8218 V NuMediaExtractor: selectTrack, track[0]: audio/mp4a-latm
09-14 10:11:51.513  3880  8224 D PipelineWatcher: onInputBufferReleased: frameIndex not found (15); ignored
09-14 10:11:51.513  3880  8224 D PipelineWatcher: onInputBufferReleased: frameIndex not found (16); ignored
09-14 10:11:51.515  3880  8221 I MediaCodec: Codec shutdown complete
09-14 10:11:51.518  3880  8218 V NuMediaExtractor: NuMediaExtractor destructor
09-14 10:11:51.534  3880  7535 D OpenGLRenderer: makeCurrent EglSurface : 0x79b3c6fe80 -> 0x78cd283280
09-14 10:11:51.626  3880  7576 V [MYTAG][pool-26-thread-1][toPlayLive]: runnable  is start.
09-14 10:11:51.631  3880  7576 V [MYTAG][pool-26-thread-1][VidureSDK]: found module: module_camera  SDK isInited: false
09-14 10:11:51.631  3880  7576 V [MYTAG][pool-26-thread-1][RemoteOptor]: ----
09-14 10:11:51.631  3880  7576 V [MYTAG][pool-26-thread-1][RemoteOptor]: [CMD]Media_Video_GetStreamUrl
09-14 10:11:51.631  3880  7576 V [MYTAG][pool-26-thread-1][RemoteOptor]: [PARAM]null
09-14 10:11:51.631  3880  7576 V [MYTAG][pool-26-thread-1][HttpTransportLayer]: [HTTP SEND GET]
09-14 10:11:51.631  3880  7576 V [MYTAG][pool-26-thread-1][HttpTransportLayer]: 	 url:http://192.168.0.1:80/app/getmediainfo
09-14 10:11:51.631  3880  8220 W System  : Ignoring header sessionid because its value was null.
09-14 10:11:51.631  3880  8220 I System.out: (HTTPLog)-Static: isSBSettingEnabled false
09-14 10:11:51.631  3880  8220 I System.out: (HTTPLog)-Static: isSBSettingEnabled false
09-14 10:11:51.673  3880  7576 V [MYTAG][pool-26-thread-1][HttpTransportLayer]: [HTTP RSP]
09-14 10:11:51.673  3880  7576 V [MYTAG][pool-26-thread-1][HttpTransportLayer]: 	 errcode:0
09-14 10:11:51.673  3880  7576 V [MYTAG][pool-26-thread-1][HttpTransportLayer]: 	[content]{"result":0,"info":{"rtsp":"rtsp://192.168.0.1/live/tcp/ch1","transport":"tcp","port":"6035"}}
09-14 10:11:51.673  3880  7576 V [MYTAG][pool-26-thread-1][HttpTransportLayer]: -----------------------------------------
09-14 10:11:51.673  3880  7576 V [MYTAG][pool-26-thread-1][IjkPreviewPlayer]: setMediaPath:rtsp://192.168.0.1/live/tcp/ch1, tcp:true,isFindStreamInfo:false,isHwDecode:false,isMirrored:false
09-14 10:11:51.673  3880  7576 V [MYTAG][pool-10-thread-3][ijk_preview_playing]: runnable  is start.
09-14 10:11:51.674  3880  7576 V [MYTAG][pool-10-thread-3][IjkPreviewPlayer]: init media player.
09-14 10:11:51.676  3880  3880 D ViewRootImpl@efba07a[MainActivity]: Relayout returned: old=(0,0,1600,2560) new=(0,0,1600,2560) req=(1600,2560)8 dur=8 res=0x5 s={false 0} ch=true
09-14 10:11:51.677  3880  7576 D [MYTAG][main][GoogleMapAdapter]: onStop
09-14 10:11:51.678  3880  8194 W ProxyAndroidLoggerBackend: Too many Flogger logs received before configuration. Dropping old logs.
09-14 10:11:51.679  3880  3880 D ViewRootImpl@efba07a[MainActivity]: stopped(true) old=false
09-14 10:11:51.680  3880  7576 V [MYTAG][main][MainActivity]: MainActivity onStop...
09-14 10:11:51.680  3880  7576 V [MYTAG][main][CameraTabFragment]: CameraTabFragment onStop...
09-14 10:11:51.680  3880  7576 V [MYTAG][main][AlbumTabFragment]: AlbumTabFragment onStop...
09-14 10:11:51.680  3880  7576 V [MYTAG][main][AiEditorTabFragment]: AiEditorTabFragment onStop...
09-14 10:11:51.680  3880  7576 V [MYTAG][main][VMeTabFragment]: VMeTabFragment onStop...
09-14 10:11:51.680  3880  3880 D ConnectivityManager: unregisterNetworkCallback; CallingUid : 10291, CallingPid : 3880
09-14 10:11:51.695  3880  7594 D J4A     : J4ALoader: OK: 'android.os.Build$VERSION' loaded
09-14 10:11:51.695  3880  7594 D J4A     : J4ALoader: OK: 'android.os.Build' loaded
09-14 10:11:51.695  3880  7594 D J4A     : J4ALoader: OK: 'java.nio.Buffer' loaded
09-14 10:11:51.695  3880  7594 D J4A     : J4ALoader: OK: 'java.nio.ByteBuffer' loaded
09-14 10:11:51.695  3880  7594 D J4A     : J4ALoader: OK: 'java.util.ArrayList' loaded
09-14 10:11:51.695  3880  7594 I J4A     : API-Level: 29
09-14 10:11:51.695  3880  7594 D J4A     : J4ALoader: OK: 'android.media.AudioTrack' loaded
09-14 10:11:51.695  3880  7594 D J4A     : J4ALoader: OK: 'android.media.MediaCodec$BufferInfo' loaded
09-14 10:11:51.695  3880  7594 D J4A     : J4ALoader: OK: 'android.media.MediaCodec' loaded
09-14 10:11:51.695  3880  7594 D J4A     : J4ALoader: OK: 'android.media.MediaFormat' loaded
09-14 10:11:51.695  3880  7594 D J4A     : J4ALoader: OK: 'android.media.PlaybackParams' loaded
09-14 10:11:51.696  3880  7594 D J4A     : J4ALoader: OK: 'android.os.Bundle' loaded
09-14 10:11:51.696  3880  7594 D J4A     : J4ALoader: OK: 'tv.danmaku.ijk.media.player.misc.IMediaDataSource' loaded
09-14 10:11:51.696  3880  7594 D J4A     : J4ALoader: OK: 'tv.danmaku.ijk.media.player.misc.IAndroidIO' loaded
09-14 10:11:51.696  3880  7594 D J4A     : J4ALoader: OK: 'tv.danmaku.ijk.media.player.IjkMediaPlayer' loaded
09-14 10:11:51.700  3880  7594 D IJKMEDIA: ijkmediaplayer version : 7affde37
09-14 10:11:51.710  3880  7594 D IJKMEDIA: IjkMediaPlayer_native_init
09-14 10:11:51.710  3880  7594 D IJKMEDIA: IjkMediaPlayer_native_setup
09-14 10:11:51.710  3880  7594 I IJKMEDIA: av_version_info: 7affde37
09-14 10:11:51.710  3880  7594 I IJKMEDIA: ijk_version_info: 7affde37
09-14 10:11:51.710  3880  7594 D IJKMEDIA: ffpipeline_create_from_android()
09-14 10:11:51.710  3880  7594 D IJKMEDIA: ijkmp_set_inject_opaque(0x407a)
09-14 10:11:51.710  3880  7594 D IJKMEDIA: ijkmp_set_inject_opaque()=void
09-14 10:11:51.710  3880  7594 D IJKMEDIA: ijkmp_set_ijkio_inject_opaque(0x407a)
09-14 10:11:51.710  3880  7594 D IJKMEDIA: ijkmp_set_ijkio_inject_opaque()=void
09-14 10:11:51.710  3880  7594 D IJKMEDIA: ijkmp_android_set_mediacodec_select_callback()
09-14 10:11:51.710  3880  7594 D IJKMEDIA: ffpipeline_set_mediacodec_select_callback
09-14 10:11:51.711  3880  7594 D IJKMEDIA: ijkmp_android_set_mediacodec_select_callback()=void
09-14 10:11:51.711  3880  7594 D IJKMEDIA: IjkMediaPlayer_native_profileBegin
09-14 10:11:51.711  3880  7594 D aprof-fake: fake-monstartup libijkplayer.so
09-14 10:11:51.711  3880  7594 D IJKMEDIA: monstartup: libijkplayer.so
09-14 10:11:51.711  3880  7594 D IJKMEDIA: IjkMediaPlayer_setVideoSurface
09-14 10:11:51.711  3880  7594 D IJKMEDIA: ijkmp_set_android_surface(surface=0x793b0e3a58)
09-14 10:11:51.711  3880  7594 D IJKMEDIA: ffpipeline_set_surface()
09-14 10:11:51.711  3880  7594 D IJKMEDIA: ijkmp_set_android_surface(surface=0x793b0e3a58)=void
09-14 10:11:51.711  3880  7594 D IJKMEDIA: IjkMediaPlayer_setVolume
09-14 10:11:51.711  3880  7594 D IJKMEDIA: ijkmp_android_set_volume(0.000000, 0.000000)
09-14 10:11:51.711  3880  7594 D IJKMEDIA: ffpipeline_set_volume
09-14 10:11:51.711  3880  7594 D IJKMEDIA: ijkmp_android_set_volume(0.000000, 0.000000)=void
09-14 10:11:51.711  3880  7594 D IJKMEDIA: IjkMediaPlayer_setOptionLong
09-14 10:11:51.711  3880  7594 I chatty  : uid=10291(com.vidure.app) pool-10-thread- identical 3 lines
09-14 10:11:51.711  3880  7594 D IJKMEDIA: IjkMediaPlayer_setOptionLong
09-14 10:11:51.711  3880  7594 D IJKMEDIA: IjkMediaPlayer_setOption
09-14 10:11:51.711  3880  7594 D IJKMEDIA: IjkMediaPlayer_setOptionLong
09-14 10:11:51.711  3880  7594 I chatty  : uid=10291(com.vidure.app) pool-10-thread- identical 1 line
09-14 10:11:51.711  3880  7594 D IJKMEDIA: IjkMediaPlayer_setOptionLong
09-14 10:11:51.712  3880  7594 D IJKMEDIA: IjkMediaPlayer_setOption
09-14 10:11:51.712  3880  7594 I chatty  : uid=10291(com.vidure.app) pool-10-thread- identical 1 line
09-14 10:11:51.712  3880  7594 D IJKMEDIA: IjkMediaPlayer_setOption
09-14 10:11:51.712  3880  7594 D IJKMEDIA: IjkMediaPlayer_setOptionLong
09-14 10:11:51.712  3880  7594 I chatty  : uid=10291(com.vidure.app) pool-10-thread- identical 8 lines
09-14 10:11:51.712  3880  7594 D IJKMEDIA: IjkMediaPlayer_setOptionLong
09-14 10:11:51.712  3880  7594 D IJKMEDIA: IjkMediaPlayer_setOption
09-14 10:11:51.712  3880  7594 D IJKMEDIA: IjkMediaPlayer_setOption
09-14 10:11:51.712  3880  7594 D IJKMEDIA: IjkMediaPlayer_setOptionLong
09-14 10:11:51.712  3880  7594 I chatty  : uid=10291(com.vidure.app) pool-10-thread- identical 10 lines
09-14 10:11:51.712  3880  7594 D IJKMEDIA: IjkMediaPlayer_setOptionLong
09-14 10:11:51.712  3880  7594 D IJKMEDIA: IjkMediaPlayer_setDataSourceAndHeaders
09-14 10:11:51.712  3880  7594 V IJKMEDIA: setDataSource: path rtsp://192.168.0.1/live/tcp/ch1
09-14 10:11:51.712  3880  7594 D IJKMEDIA: ijkmp_set_data_source(url="rtsp://192.168.0.1/live/tcp/ch1")
09-14 10:11:51.712  3880  7594 D IJKMEDIA: ijkmp_set_data_source(url="rtsp://192.168.0.1/live/tcp/ch1")=0
09-14 10:11:51.712  3880  7594 D IJKMEDIA: IjkMediaPlayer_prepareAsync
09-14 10:11:51.712  3880  7594 D IJKMEDIA: ijkmp_prepare_async()
09-14 10:11:51.713  3880  7594 W IJKMEDIA: remove 'timeout' option for rtmp.
09-14 10:11:51.713  3880  7594 I IJKMEDIA: ===== versions =====
09-14 10:11:51.713  3880  8241 I IJKMEDIA: SDL_RunThread: [8241] ff_msg_loop
09-14 10:11:51.713  3880  7594 I IJKMEDIA: ijkplayer    : 7affde37
09-14 10:11:51.713  3880  8241 D IJKMEDIA: message_loop
09-14 10:11:51.713  3880  7594 I IJKMEDIA: FFmpeg       : 7affde37
09-14 10:11:51.713  3880  7594 I IJKMEDIA: libavutil    : 55.78.100
09-14 10:11:51.713  3880  7594 I IJKMEDIA: libavcodec   : 57.107.100
09-14 10:11:51.713  3880  8241 D IJKMEDIA: FFP_MSG_FLUSH:
09-14 10:11:51.713  3880  7594 I IJKMEDIA: libavformat  : 57.83.100
09-14 10:11:51.716  3880  7594 I IJKMEDIA: libswscale   : 4.8.100
09-14 10:11:51.717  3880  7594 I IJKMEDIA: libswresample: 2.9.100
09-14 10:11:51.717  3880  7594 I IJKMEDIA: ===== options =====
09-14 10:11:51.717  3880  7594 I IJKMEDIA: player-opts : mediacodec-hevc              = 0
09-14 10:11:51.717  3880  7594 I IJKMEDIA: player-opts : mediacodec                   = 0
09-14 10:11:51.717  3880  7594 I IJKMEDIA: player-opts : reconnect                    = 5
09-14 10:11:51.717  3880  7594 I IJKMEDIA: player-opts : packet-buffering             = 0
09-14 10:11:51.717  3880  7594 I IJKMEDIA: player-opts : max-buffer-size              = 2097152
09-14 10:11:51.717  3880  7594 I IJKMEDIA: player-opts : protocol_whitelist           = file,udp,tcp,http,rtp
09-14 10:11:51.717  3880  7594 I IJKMEDIA: player-opts : overlay-format               = fcc-_es2
09-14 10:11:51.717  3880  7594 I IJKMEDIA: player-opts : framedrop                    = 60
09-14 10:11:51.717  3880  7594 I IJKMEDIA: player-opts : start-on-prepared            = 1
09-14 10:11:51.717  3880  7594 I IJKMEDIA: player-opts : find_stream_info             = 0
09-14 10:11:51.717  3880  7594 I IJKMEDIA: player-opts : infbuf                       = 1
09-14 10:11:51.717  3880  7594 I IJKMEDIA: player-opts : video-pictq-size             = 12
