09-14 11:10:37.129 13162 17877 V [MYTAG][mail_tcp_socket][ViiSocketMailDataPhraser]: ------------mail---------------
09-14 11:10:37.129 13162 17877 V [MYTAG][mail_tcp_socket][ViiSocketMailDataPhraser]: {"msgid":"sd","info":{"status":0},"time":1757848236}
09-14 11:10:37.129 13162 17877 V [MYTAG][mail_tcp_socket][RemoteOptor]: ----
09-14 11:10:37.129 13162 17877 V [MYTAG][mail_tcp_socket][RemoteOptor]: [CMD]DEV_SDCARD_STATUS_QUERY
09-14 11:10:37.129 13162 17877 V [MYTAG][mail_tcp_socket][RemoteOptor]: [PARAM]null
09-14 11:10:37.129 13162 17877 V [MYTAG][mail_tcp_socket][HttpTransportLayer]: [HTTP SEND GET]
09-14 11:10:37.129 13162 17877 V [MYTAG][mail_tcp_socket][HttpTransportLayer]: 	 url:http://192.168.0.1:80/app/getsdinfo
09-14 11:10:37.129 13162 18059 I System.out: (HTTPLog)-Static: isSBSettingEnabled false
09-14 11:10:37.129 13162 18059 I System.out: (HTTPLog)-Static: isSBSettingEnabled false
09-14 11:10:37.135 13162 17877 V [MYTAG][main][Device]: 603 dev is connected:true
09-14 11:10:37.159 13162 17877 V [MYTAG][mail_tcp_socket][HttpTransportLayer]: [HTTP RSP]
09-14 11:10:37.159 13162 17877 V [MYTAG][mail_tcp_socket][HttpTransportLayer]: 	 errcode:0
09-14 11:10:37.159 13162 17877 V [MYTAG][mail_tcp_socket][HttpTransportLayer]: 	[content]{"result":0,"info":{"status":0,"free":259,"total":1883}}
09-14 11:10:37.159 13162 17877 V [MYTAG][mail_tcp_socket][HttpTransportLayer]: -----------------------------------------
09-14 11:10:37.161 13162 13162 W ProxyAndroidLoggerBackend: Too many Flogger logs received before configuration. Dropping old logs.
09-14 11:10:37.170 13162 13162 I chatty  : uid=10291(com.vidure.app) identical 6 lines
09-14 11:10:37.171 13162 13162 W ProxyAndroidLoggerBackend: Too many Flogger logs received before configuration. Dropping old logs.
09-14 11:10:37.179 13162 17877 V [MYTAG][main][Device]: 603 dev is connected:true
09-14 11:10:37.182 13162 17877 V [MYTAG][main][CameraPreviewActivity]: rev msg1:264454
09-14 11:10:37.182 13162 17877 V [MYTAG][main][Device]: 603 dev is connected:true
09-14 11:10:37.182 13162 17877 V [MYTAG][main][CameraPreviewActivity]: rev msg1:589832
09-14 11:10:38.049 13162 17877 V [MYTAG][HeartbeatMgr][RemoteOptor]: ----
09-14 11:10:38.049 13162 17877 V [MYTAG][HeartbeatMgr][RemoteOptor]: [CMD]Basic_Msg_MailBox
09-14 11:10:38.049 13162 17877 V [MYTAG][HeartbeatMgr][RemoteOptor]: [PARAM]null
09-14 11:10:38.050 13162 17877 V [MYTAG][HeartbeatMgr][HttpTransportLayer]: [HTTP SEND GET]
09-14 11:10:38.050 13162 17877 V [MYTAG][HeartbeatMgr][HttpTransportLayer]: 	 url:http://192.168.0.1:80/app/getparamvalue?param=rec
09-14 11:10:38.050 13162 18060 W System  : Ignoring header sessionid because its value was null.
09-14 11:10:38.050 13162 18060 I System.out: (HTTPLog)-Static: isSBSettingEnabled false
09-14 11:10:38.051 13162 18060 I System.out: (HTTPLog)-Static: isSBSettingEnabled false
09-14 11:10:38.082 13162 17877 V [MYTAG][HeartbeatMgr][HttpTransportLayer]: [HTTP RSP]
09-14 11:10:38.082 13162 17877 V [MYTAG][HeartbeatMgr][HttpTransportLayer]: 	 errcode:0
09-14 11:10:38.082 13162 17877 V [MYTAG][HeartbeatMgr][HttpTransportLayer]: 	[content]{"result":0,"info":{"value":1}}
09-14 11:10:38.082 13162 17877 V [MYTAG][HeartbeatMgr][HttpTransportLayer]: -----------------------------------------
09-14 11:10:40.137 13162 17877 V [MYTAG][mail_tcp_socket][ViiSocketMailDataPhraser]: ------------mail---------------
09-14 11:10:40.137 13162 17877 V [MYTAG][mail_tcp_socket][ViiSocketMailDataPhraser]: {"msgid":"battery","info":{"capacity":60,"charge":0},"time":1757848239}
09-14 11:10:40.139 13162 17877 V [MYTAG][mail_tcp_socket][ViiSocketMailDataPhraser]: ------------mail---------------
09-14 11:10:40.139 13162 17877 V [MYTAG][mail_tcp_socket][ViiSocketMailDataPhraser]: {"msgid":"sd","info":{"status":0},"time":1757848239}
09-14 11:10:40.139 13162 17877 V [MYTAG][mail_tcp_socket][RemoteOptor]: ----
09-14 11:10:40.139 13162 17877 V [MYTAG][mail_tcp_socket][RemoteOptor]: [CMD]DEV_SDCARD_STATUS_QUERY
09-14 11:10:40.139 13162 17877 V [MYTAG][mail_tcp_socket][RemoteOptor]: [PARAM]null
09-14 11:10:40.141 13162 18059 W System  : Ignoring header sessionid because its value was null.
09-14 11:10:40.142 13162 17877 V [MYTAG][mail_tcp_socket][HttpTransportLayer]: [HTTP SEND GET]
09-14 11:10:40.142 13162 17877 V [MYTAG][mail_tcp_socket][HttpTransportLayer]: 	 url:http://192.168.0.1:80/app/getsdinfo
09-14 11:10:40.142 13162 18059 I System.out: (HTTPLog)-Static: isSBSettingEnabled false
09-14 11:10:40.142 13162 18059 I System.out: (HTTPLog)-Static: isSBSettingEnabled false
09-14 11:10:40.144 13162 17877 V [MYTAG][main][Device]: 603 dev is connected:true
09-14 11:10:40.165 13162 17877 V [MYTAG][mail_tcp_socket][HttpTransportLayer]: [HTTP RSP]
09-14 11:10:40.165 13162 17877 V [MYTAG][mail_tcp_socket][HttpTransportLayer]: 	 errcode:0
09-14 11:10:40.165 13162 17877 V [MYTAG][mail_tcp_socket][HttpTransportLayer]: 	[content]{"result":0,"info":{"status":0,"free":255,"total":1883}}
09-14 11:10:40.165 13162 17877 V [MYTAG][mail_tcp_socket][HttpTransportLayer]: -----------------------------------------
09-14 11:10:40.175 13162 13162 W ProxyAndroidLoggerBackend: Too many Flogger logs received before configuration. Dropping old logs.
09-14 11:10:40.189 13162 13162 I chatty  : uid=10291(com.vidure.app) identical 6 lines
09-14 11:10:40.190 13162 13162 W ProxyAndroidLoggerBackend: Too many Flogger logs received before configuration. Dropping old logs.
09-14 11:10:40.196 13162 19615 W ProxyAndroidLoggerBackend: Too many Flogger logs received before configuration. Dropping old logs.
09-14 11:10:40.201 13162 17877 V [MYTAG][main][Device]: 603 dev is connected:true
09-14 11:10:40.205 13162 17877 V [MYTAG][main][CameraPreviewActivity]: rev msg1:264454
09-14 11:10:40.205 13162 17877 V [MYTAG][main][Device]: 603 dev is connected:true
09-14 11:10:40.205 13162 17877 V [MYTAG][main][CameraPreviewActivity]: rev msg1:589832
09-14 11:10:42.049 13162 17877 V [MYTAG][HeartbeatMgr][RemoteOptor]: ----
09-14 11:10:42.049 13162 17877 V [MYTAG][HeartbeatMgr][RemoteOptor]: [CMD]Basic_Msg_MailBox
09-14 11:10:42.049 13162 17877 V [MYTAG][HeartbeatMgr][RemoteOptor]: [PARAM]null
09-14 11:10:42.050 13162 17877 V [MYTAG][HeartbeatMgr][HttpTransportLayer]: [HTTP SEND GET]
09-14 11:10:42.050 13162 17877 V [MYTAG][HeartbeatMgr][HttpTransportLayer]: 	 url:http://192.168.0.1:80/app/getparamvalue?param=rec
09-14 11:10:42.050 13162 18060 W System  : Ignoring header sessionid because its value was null.
09-14 11:10:42.051 13162 18060 I System.out: (HTTPLog)-Static: isSBSettingEnabled false
09-14 11:10:42.051 13162 18060 I System.out: (HTTPLog)-Static: isSBSettingEnabled false
09-14 11:10:42.443 13162 17877 V [MYTAG][HeartbeatMgr][HttpTransportLayer]: [HTTP RSP]
09-14 11:10:42.443 13162 17877 V [MYTAG][HeartbeatMgr][HttpTransportLayer]: 	 errcode:0
09-14 11:10:42.443 13162 17877 V [MYTAG][HeartbeatMgr][HttpTransportLayer]: 	[content]{"result":0,"info":{"value":1}}
09-14 11:10:42.443 13162 17877 V [MYTAG][HeartbeatMgr][HttpTransportLayer]: -----------------------------------------
09-14 11:10:43.142 13162 19615 W ProxyAndroidLoggerBackend: Too many Flogger logs received before configuration. Dropping old logs.
09-14 11:10:43.143 13162 19615 I chatty  : uid=10291(com.vidure.app) identical 1 line
09-14 11:10:43.144 13162 19615 W ProxyAndroidLoggerBackend: Too many Flogger logs received before configuration. Dropping old logs.
09-14 11:10:43.160 13162 17877 V [MYTAG][mail_tcp_socket][ViiSocketMailDataPhraser]: ------------mail---------------
09-14 11:10:43.160 13162 17877 V [MYTAG][mail_tcp_socket][ViiSocketMailDataPhraser]: {"msgid":"battery","info":{"capacity":60,"charge":0},"time":1757848242}
09-14 11:10:43.162 13162 17877 V [MYTAG][mail_tcp_socket][ViiSocketMailDataPhraser]: ------------mail---------------
09-14 11:10:43.162 13162 17877 V [MYTAG][mail_tcp_socket][ViiSocketMailDataPhraser]: {"msgid":"sd","info":{"status":0},"time":1757848242}
09-14 11:10:43.162 13162 17877 V [MYTAG][mail_tcp_socket][RemoteOptor]: ----
09-14 11:10:43.162 13162 17877 V [MYTAG][mail_tcp_socket][RemoteOptor]: [CMD]DEV_SDCARD_STATUS_QUERY
09-14 11:10:43.162 13162 17877 V [MYTAG][mail_tcp_socket][RemoteOptor]: [PARAM]null
09-14 11:10:43.164 13162 18059 W System  : Ignoring header sessionid because its value was null.
09-14 11:10:43.164 13162 18059 I System.out: (HTTPLog)-Static: isSBSettingEnabled false
09-14 11:10:43.164 13162 18059 I System.out: (HTTPLog)-Static: isSBSettingEnabled false
09-14 11:10:43.165 13162 17877 V [MYTAG][mail_tcp_socket][HttpTransportLayer]: [HTTP SEND GET]
09-14 11:10:43.165 13162 17877 V [MYTAG][mail_tcp_socket][HttpTransportLayer]: 	 url:http://192.168.0.1:80/app/getsdinfo
09-14 11:10:43.165 13162 17877 V [MYTAG][main][Device]: 603 dev is connected:true
09-14 11:10:43.190 13162 13162 W ProxyAndroidLoggerBackend: Too many Flogger logs received before configuration. Dropping old logs.
09-14 11:10:43.197 13162 13162 I chatty  : uid=10291(com.vidure.app) identical 6 lines
09-14 11:10:43.199 13162 13162 W ProxyAndroidLoggerBackend: Too many Flogger logs received before configuration. Dropping old logs.
09-14 11:10:43.215 13162 17877 V [MYTAG][main][Device]: 603 dev is connected:true
09-14 11:10:43.217 13162 17877 V [MYTAG][main][CameraPreviewActivity]: rev msg1:264454
09-14 11:10:43.239 13162 17877 V [MYTAG][mail_tcp_socket][HttpTransportLayer]: [HTTP RSP]
09-14 11:10:43.239 13162 17877 V [MYTAG][mail_tcp_socket][HttpTransportLayer]: 	 errcode:0
09-14 11:10:43.239 13162 17877 V [MYTAG][mail_tcp_socket][HttpTransportLayer]: 	[content]{"result":0,"info":{"status":0,"free":251,"total":1883}}
09-14 11:10:43.239 13162 17877 V [MYTAG][mail_tcp_socket][HttpTransportLayer]: -----------------------------------------
09-14 11:10:43.239 13162 17877 V [MYTAG][main][Device]: 603 dev is connected:true
09-14 11:10:43.239 13162 17877 V [MYTAG][main][CameraPreviewActivity]: rev msg1:589832
09-14 11:10:45.130 13162 13162 W ProxyAndroidLoggerBackend: Too many Flogger logs received before configuration. Dropping old logs.
09-14 11:10:45.131 13162 13162 W ProxyAndroidLoggerBackend: Too many Flogger logs received before configuration. Dropping old logs.
09-14 11:10:45.132 13162 19615 W ProxyAndroidLoggerBackend: Too many Flogger logs received before configuration. Dropping old logs.
09-14 11:10:45.234 13162 19615 I chatty  : uid=10291(com.vidure.app) identical 1156 lines
09-14 11:10:45.234 13162 19615 W ProxyAndroidLoggerBackend: Too many Flogger logs received before configuration. Dropping old logs.
09-14 11:10:45.378 13162 13162 W ProxyAndroidLoggerBackend: Too many Flogger logs received before configuration. Dropping old logs.
09-14 11:10:45.378 13162 13162 W ProxyAndroidLoggerBackend: Too many Flogger logs received before configuration. Dropping old logs.
09-14 11:10:45.393 13162 19616 W ProxyAndroidLoggerBackend: Too many Flogger logs received before configuration. Dropping old logs.
09-14 11:10:45.404 13162 19616 W ProxyAndroidLoggerBackend: Too many Flogger logs received before configuration. Dropping old logs.
09-14 11:10:46.052 13162 17877 V [MYTAG][HeartbeatMgr][RemoteOptor]: ----
09-14 11:10:46.052 13162 17877 V [MYTAG][HeartbeatMgr][RemoteOptor]: [CMD]Basic_Msg_MailBox
09-14 11:10:46.052 13162 17877 V [MYTAG][HeartbeatMgr][RemoteOptor]: [PARAM]null
09-14 11:10:46.053 13162 18060 W System  : Ignoring header sessionid because its value was null.
09-14 11:10:46.053 13162 17877 V [MYTAG][HeartbeatMgr][HttpTransportLayer]: [HTTP SEND GET]
09-14 11:10:46.053 13162 17877 V [MYTAG][HeartbeatMgr][HttpTransportLayer]: 	 url:http://192.168.0.1:80/app/getparamvalue?param=rec
09-14 11:10:46.054 13162 18060 I System.out: (HTTPLog)-Static: isSBSettingEnabled false
09-14 11:10:46.054 13162 18060 I System.out: (HTTPLog)-Static: isSBSettingEnabled false
09-14 11:10:46.121 13162 17877 V [MYTAG][HeartbeatMgr][HttpTransportLayer]: [HTTP RSP]
09-14 11:10:46.121 13162 17877 V [MYTAG][HeartbeatMgr][HttpTransportLayer]: 	 errcode:0
09-14 11:10:46.121 13162 17877 V [MYTAG][HeartbeatMgr][HttpTransportLayer]: 	[content]{"result":0,"info":{"value":1}}
09-14 11:10:46.121 13162 17877 V [MYTAG][HeartbeatMgr][HttpTransportLayer]: -----------------------------------------
09-14 11:10:46.166 13162 17877 V [MYTAG][mail_tcp_socket][ViiSocketMailDataPhraser]: ------------mail---------------
09-14 11:10:46.166 13162 17877 V [MYTAG][mail_tcp_socket][ViiSocketMailDataPhraser]: {"msgid":"battery","info":{"capacity":60,"charge":0},"time":1757848245}
09-14 11:10:46.167 13162 17877 V [MYTAG][mail_tcp_socket][ViiSocketMailDataPhraser]: ------------mail---------------
09-14 11:10:46.167 13162 17877 V [MYTAG][mail_tcp_socket][ViiSocketMailDataPhraser]: {"msgid":"sd","info":{"status":0},"time":1757848245}
09-14 11:10:46.168 13162 17877 V [MYTAG][mail_tcp_socket][RemoteOptor]: ----
09-14 11:10:46.168 13162 17877 V [MYTAG][mail_tcp_socket][RemoteOptor]: [CMD]DEV_SDCARD_STATUS_QUERY
09-14 11:10:46.168 13162 17877 V [MYTAG][mail_tcp_socket][RemoteOptor]: [PARAM]null
09-14 11:10:46.169 13162 18059 W System  : Ignoring header sessionid because its value was null.
09-14 11:10:46.169 13162 17877 V [MYTAG][mail_tcp_socket][HttpTransportLayer]: [HTTP SEND GET]
09-14 11:10:46.169 13162 17877 V [MYTAG][mail_tcp_socket][HttpTransportLayer]: 	 url:http://192.168.0.1:80/app/getsdinfo
09-14 11:10:46.169 13162 18059 I System.out: (HTTPLog)-Static: isSBSettingEnabled false
09-14 11:10:46.170 13162 18059 I System.out: (HTTPLog)-Static: isSBSettingEnabled false
09-14 11:10:46.177 13162 17877 V [MYTAG][main][Device]: 603 dev is connected:true
09-14 11:10:46.201 13162 17877 V [MYTAG][mail_tcp_socket][HttpTransportLayer]: [HTTP RSP]
09-14 11:10:46.201 13162 17877 V [MYTAG][mail_tcp_socket][HttpTransportLayer]: 	 errcode:0
09-14 11:10:46.201 13162 17877 V [MYTAG][mail_tcp_socket][HttpTransportLayer]: 	[content]{"result":0,"info":{"status":0,"free":247,"total":1883}}
09-14 11:10:46.201 13162 17877 V [MYTAG][mail_tcp_socket][HttpTransportLayer]: -----------------------------------------
09-14 11:10:46.243 13162 13162 W ProxyAndroidLoggerBackend: Too many Flogger logs received before configuration. Dropping old logs.
09-14 11:10:46.257 13162 13162 I chatty  : uid=10291(com.vidure.app) identical 7 lines
09-14 11:10:46.259 13162 13162 W ProxyAndroidLoggerBackend: Too many Flogger logs received before configuration. Dropping old logs.
09-14 11:10:46.271 13162 17877 V [MYTAG][main][Device]: 603 dev is connected:true
09-14 11:10:46.274 13162 17877 V [MYTAG][main][CameraPreviewActivity]: rev msg1:264454
09-14 11:10:46.274 13162 17877 V [MYTAG][main][Device]: 603 dev is connected:true
09-14 11:10:46.274 13162 17877 V [MYTAG][main][CameraPreviewActivity]: rev msg1:589832
09-14 11:10:46.514 13162 17833 I com.vidure.app: Background concurrent copying GC freed 80020(9551KB) AllocSpace objects, 24(1440KB) LOS objects, 23% free, 76MB/100MB, paused 336us total 268.345ms
09-14 11:10:49.177 13162 17877 V [MYTAG][mail_tcp_socket][ViiSocketMailDataPhraser]: ------------mail---------------
09-14 11:10:49.177 13162 17877 V [MYTAG][mail_tcp_socket][ViiSocketMailDataPhraser]: {"msgid":"battery","info":{"capacity":60,"charge":0},"time":1757848248}
09-14 11:10:49.179 13162 17877 V [MYTAG][mail_tcp_socket][ViiSocketMailDataPhraser]: ------------mail---------------
09-14 11:10:49.179 13162 17877 V [MYTAG][mail_tcp_socket][ViiSocketMailDataPhraser]: {"msgid":"sd","info":{"status":0},"time":1757848248}
09-14 11:10:49.181 13162 17877 V [MYTAG][mail_tcp_socket][RemoteOptor]: ----
09-14 11:10:49.181 13162 17877 V [MYTAG][mail_tcp_socket][RemoteOptor]: [CMD]DEV_SDCARD_STATUS_QUERY
09-14 11:10:49.181 13162 17877 V [MYTAG][mail_tcp_socket][RemoteOptor]: [PARAM]null
09-14 11:10:49.183 13162 17877 V [MYTAG][mail_tcp_socket][HttpTransportLayer]: [HTTP SEND GET]
09-14 11:10:49.183 13162 17877 V [MYTAG][mail_tcp_socket][HttpTransportLayer]: 	 url:http://192.168.0.1:80/app/getsdinfo
09-14 11:10:49.187 13162 17877 V [MYTAG][main][Device]: 603 dev is connected:true
09-14 11:10:49.190 13162 18059 W System  : Ignoring header sessionid because its value was null.
09-14 11:10:49.190 13162 18059 I System.out: (HTTPLog)-Static: isSBSettingEnabled false
09-14 11:10:49.190 13162 18059 I System.out: (HTTPLog)-Static: isSBSettingEnabled false
09-14 11:10:49.219 13162 13162 W ProxyAndroidLoggerBackend: Too many Flogger logs received before configuration. Dropping old logs.
09-14 11:10:49.223 13162 13162 I chatty  : uid=10291(com.vidure.app) identical 2 lines
09-14 11:10:49.223 13162 13162 W ProxyAndroidLoggerBackend: Too many Flogger logs received before configuration. Dropping old logs.
09-14 11:10:49.224 13162 17877 V [MYTAG][mail_tcp_socket][HttpTransportLayer]: [HTTP RSP]
09-14 11:10:49.224 13162 17877 V [MYTAG][mail_tcp_socket][HttpTransportLayer]: 	 errcode:0
09-14 11:10:49.224 13162 17877 V [MYTAG][mail_tcp_socket][HttpTransportLayer]: 	[content]{"result":0,"info":{"status":0,"free":243,"total":1883}}
09-14 11:10:49.224 13162 17877 V [MYTAG][mail_tcp_socket][HttpTransportLayer]: -----------------------------------------
09-14 11:10:49.225 13162 13162 W ProxyAndroidLoggerBackend: Too many Flogger logs received before configuration. Dropping old logs.
09-14 11:10:49.226 13162 13162 I chatty  : uid=10291(com.vidure.app) identical 2 lines
09-14 11:10:49.227 13162 13162 W ProxyAndroidLoggerBackend: Too many Flogger logs received before configuration. Dropping old logs.
09-14 11:10:49.231 13162 19616 W ProxyAndroidLoggerBackend: Too many Flogger logs received before configuration. Dropping old logs.
09-14 11:10:49.238 13162 17877 V [MYTAG][main][Device]: 603 dev is connected:true
09-14 11:10:49.244 13162 17877 V [MYTAG][main][CameraPreviewActivity]: rev msg1:264454
09-14 11:10:49.245 13162 17877 V [MYTAG][main][Device]: 603 dev is connected:true
09-14 11:10:49.245 13162 17877 V [MYTAG][main][CameraPreviewActivity]: rev msg1:589832
09-14 11:10:50.052 13162 17877 V [MYTAG][HeartbeatMgr][RemoteOptor]: ----
09-14 11:10:50.052 13162 17877 V [MYTAG][HeartbeatMgr][RemoteOptor]: [CMD]Basic_Msg_MailBox
09-14 11:10:50.052 13162 17877 V [MYTAG][HeartbeatMgr][RemoteOptor]: [PARAM]null
09-14 11:10:50.053 13162 17877 V [MYTAG][HeartbeatMgr][HttpTransportLayer]: [HTTP SEND GET]
09-14 11:10:50.053 13162 17877 V [MYTAG][HeartbeatMgr][HttpTransportLayer]: 	 url:http://192.168.0.1:80/app/getparamvalue?param=rec
09-14 11:10:50.053 13162 18060 W System  : Ignoring header sessionid because its value was null.
09-14 11:10:50.054 13162 18060 I System.out: (HTTPLog)-Static: isSBSettingEnabled false
09-14 11:10:50.054 13162 18060 I System.out: (HTTPLog)-Static: isSBSettingEnabled false
09-14 11:10:50.076 13162 17877 V [MYTAG][HeartbeatMgr][HttpTransportLayer]: [HTTP RSP]
09-14 11:10:50.076 13162 17877 V [MYTAG][HeartbeatMgr][HttpTransportLayer]: 	 errcode:0
09-14 11:10:50.076 13162 17877 V [MYTAG][HeartbeatMgr][HttpTransportLayer]: 	[content]{"result":0,"info":{"value":1}}
09-14 11:10:50.076 13162 17877 V [MYTAG][HeartbeatMgr][HttpTransportLayer]: -----------------------------------------
09-14 11:10:52.185 13162 17877 V [MYTAG][mail_tcp_socket][ViiSocketMailDataPhraser]: ------------mail---------------
09-14 11:10:52.185 13162 17877 V [MYTAG][mail_tcp_socket][ViiSocketMailDataPhraser]: {"msgid":"battery","info":{"capacity":60,"charge":0},"time":1757848251}
09-14 11:10:52.187 13162 18059 W System  : Ignoring header sessionid because its value was null.
09-14 11:10:52.188 13162 18059 I System.out: (HTTPLog)-Static: isSBSettingEnabled false
09-14 11:10:52.188 13162 17877 V [MYTAG][mail_tcp_socket][ViiSocketMailDataPhraser]: ------------mail---------------
09-14 11:10:52.188 13162 17877 V [MYTAG][mail_tcp_socket][ViiSocketMailDataPhraser]: {"msgid":"sd","info":{"status":0},"time":1757848251}
09-14 11:10:52.188 13162 18059 I System.out: (HTTPLog)-Static: isSBSettingEnabled false
09-14 11:10:52.188 13162 17877 V [MYTAG][mail_tcp_socket][RemoteOptor]: ----
09-14 11:10:52.188 13162 17877 V [MYTAG][mail_tcp_socket][RemoteOptor]: [CMD]DEV_SDCARD_STATUS_QUERY
09-14 11:10:52.188 13162 17877 V [MYTAG][mail_tcp_socket][RemoteOptor]: [PARAM]null
09-14 11:10:52.188 13162 17877 V [MYTAG][mail_tcp_socket][HttpTransportLayer]: [HTTP SEND GET]
09-14 11:10:52.188 13162 17877 V [MYTAG][mail_tcp_socket][HttpTransportLayer]: 	 url:http://192.168.0.1:80/app/getsdinfo
09-14 11:10:52.194 13162 17877 V [MYTAG][main][Device]: 603 dev is connected:true
09-14 11:10:52.214 13162 17877 V [MYTAG][mail_tcp_socket][HttpTransportLayer]: [HTTP RSP]
09-14 11:10:52.214 13162 17877 V [MYTAG][mail_tcp_socket][HttpTransportLayer]: 	 errcode:0
09-14 11:10:52.214 13162 17877 V [MYTAG][mail_tcp_socket][HttpTransportLayer]: 	[content]{"result":0,"info":{"status":0,"free":241,"total":1883}}
09-14 11:10:52.214 13162 17877 V [MYTAG][mail_tcp_socket][HttpTransportLayer]: -----------------------------------------
09-14 11:10:52.240 13162 13162 W ProxyAndroidLoggerBackend: Too many Flogger logs received before configuration. Dropping old logs.
09-14 11:10:52.248 13162 13162 I chatty  : uid=10291(com.vidure.app) identical 6 lines
09-14 11:10:52.249 13162 13162 W ProxyAndroidLoggerBackend: Too many Flogger logs received before configuration. Dropping old logs.
09-14 11:10:52.264 13162 17877 V [MYTAG][main][Device]: 603 dev is connected:true
09-14 11:10:52.264 13162 17877 V [MYTAG][main][CameraPreviewActivity]: rev msg1:264454
09-14 11:10:52.264 13162 17877 V [MYTAG][main][Device]: 603 dev is connected:true
09-14 11:10:52.264 13162 17877 V [MYTAG][main][CameraPreviewActivity]: rev msg1:589832
09-14 11:10:54.052 13162 17877 V [MYTAG][HeartbeatMgr][RemoteOptor]: ----
09-14 11:10:54.052 13162 17877 V [MYTAG][HeartbeatMgr][RemoteOptor]: [CMD]Basic_Msg_MailBox
09-14 11:10:54.052 13162 17877 V [MYTAG][HeartbeatMgr][RemoteOptor]: [PARAM]null
09-14 11:10:54.052 13162 17877 V [MYTAG][HeartbeatMgr][HttpTransportLayer]: [HTTP SEND GET]
09-14 11:10:54.052 13162 17877 V [MYTAG][HeartbeatMgr][HttpTransportLayer]: 	 url:http://192.168.0.1:80/app/getparamvalue?param=rec
09-14 11:10:54.052 13162 18060 W System  : Ignoring header sessionid because its value was null.
09-14 11:10:54.053 13162 18060 I System.out: (HTTPLog)-Static: isSBSettingEnabled false
09-14 11:10:54.053 13162 18060 I System.out: (HTTPLog)-Static: isSBSettingEnabled false
09-14 11:10:54.078 13162 17877 V [MYTAG][HeartbeatMgr][HttpTransportLayer]: [HTTP RSP]
09-14 11:10:54.078 13162 17877 V [MYTAG][HeartbeatMgr][HttpTransportLayer]: 	 errcode:0
09-14 11:10:54.078 13162 17877 V [MYTAG][HeartbeatMgr][HttpTransportLayer]: 	[content]{"result":0,"info":{"value":1}}
09-14 11:10:54.078 13162 17877 V [MYTAG][HeartbeatMgr][HttpTransportLayer]: -----------------------------------------
09-14 11:10:55.196 13162 17877 V [MYTAG][mail_tcp_socket][ViiSocketMailDataPhraser]: ------------mail---------------
09-14 11:10:55.196 13162 17877 V [MYTAG][mail_tcp_socket][ViiSocketMailDataPhraser]: {"msgid":"battery","info":{"capacity":60,"charge":0},"time":1757848254}
09-14 11:10:55.200 13162 18059 W System  : Ignoring header sessionid because its value was null.
09-14 11:10:55.200 13162 17877 V [MYTAG][mail_tcp_socket][ViiSocketMailDataPhraser]: ------------mail---------------
09-14 11:10:55.200 13162 17877 V [MYTAG][mail_tcp_socket][ViiSocketMailDataPhraser]: {"msgid":"sd","info":{"status":0},"time":1757848254}
09-14 11:10:55.201 13162 17877 V [MYTAG][mail_tcp_socket][RemoteOptor]: ----
09-14 11:10:55.201 13162 17877 V [MYTAG][mail_tcp_socket][RemoteOptor]: [CMD]DEV_SDCARD_STATUS_QUERY
09-14 11:10:55.201 13162 17877 V [MYTAG][mail_tcp_socket][RemoteOptor]: [PARAM]null
09-14 11:10:55.201 13162 17877 V [MYTAG][mail_tcp_socket][HttpTransportLayer]: [HTTP SEND GET]
09-14 11:10:55.201 13162 17877 V [MYTAG][mail_tcp_socket][HttpTransportLayer]: 	 url:http://192.168.0.1:80/app/getsdinfo
09-14 11:10:55.201 13162 18059 I System.out: (HTTPLog)-Static: isSBSettingEnabled false
09-14 11:10:55.201 13162 18059 I System.out: (HTTPLog)-Static: isSBSettingEnabled false
09-14 11:10:55.209 13162 17877 V [MYTAG][main][Device]: 603 dev is connected:true
09-14 11:10:55.233 13162 17877 V [MYTAG][mail_tcp_socket][HttpTransportLayer]: [HTTP RSP]
09-14 11:10:55.233 13162 17877 V [MYTAG][mail_tcp_socket][HttpTransportLayer]: 	 errcode:0
09-14 11:10:55.233 13162 17877 V [MYTAG][mail_tcp_socket][HttpTransportLayer]: 	[content]{"result":0,"info":{"status":0,"free":313,"total":1883}}
09-14 11:10:55.233 13162 17877 V [MYTAG][mail_tcp_socket][HttpTransportLayer]: -----------------------------------------
09-14 11:10:55.242 13162 13162 W ProxyAndroidLoggerBackend: Too many Flogger logs received before configuration. Dropping old logs.
09-14 11:10:55.249 13162 13162 I chatty  : uid=10291(com.vidure.app) identical 6 lines
09-14 11:10:55.250 13162 13162 W ProxyAndroidLoggerBackend: Too many Flogger logs received before configuration. Dropping old logs.
09-14 11:10:55.259 13162 17877 V [MYTAG][main][Device]: 603 dev is connected:true
09-14 11:10:55.260 13162 17877 V [MYTAG][main][CameraPreviewActivity]: rev msg1:264454
09-14 11:10:55.260 13162 17877 V [MYTAG][main][Device]: 603 dev is connected:true
09-14 11:10:55.260 13162 17877 V [MYTAG][main][CameraPreviewActivity]: rev msg1:589832
09-14 11:10:58.052 13162 17877 V [MYTAG][HeartbeatMgr][RemoteOptor]: ----
09-14 11:10:58.052 13162 17877 V [MYTAG][HeartbeatMgr][RemoteOptor]: [CMD]Basic_Msg_MailBox
09-14 11:10:58.052 13162 17877 V [MYTAG][HeartbeatMgr][RemoteOptor]: [PARAM]null
09-14 11:10:58.053 13162 18060 W System  : Ignoring header sessionid because its value was null.
09-14 11:10:58.053 13162 17877 V [MYTAG][HeartbeatMgr][HttpTransportLayer]: [HTTP SEND GET]
09-14 11:10:58.053 13162 17877 V [MYTAG][HeartbeatMgr][HttpTransportLayer]: 	 url:http://192.168.0.1:80/app/getparamvalue?param=rec
09-14 11:10:58.054 13162 18060 I System.out: (HTTPLog)-Static: isSBSettingEnabled false
09-14 11:10:58.055 13162 18060 I System.out: (HTTPLog)-Static: isSBSettingEnabled false
09-14 11:10:58.081 13162 17877 V [MYTAG][HeartbeatMgr][HttpTransportLayer]: [HTTP RSP]
09-14 11:10:58.081 13162 17877 V [MYTAG][HeartbeatMgr][HttpTransportLayer]: 	 errcode:0
09-14 11:10:58.081 13162 17877 V [MYTAG][HeartbeatMgr][HttpTransportLayer]: 	[content]{"result":0,"info":{"value":1}}
09-14 11:10:58.081 13162 17877 V [MYTAG][HeartbeatMgr][HttpTransportLayer]: -----------------------------------------
09-14 11:10:58.205 13162 17877 V [MYTAG][mail_tcp_socket][ViiSocketMailDataPhraser]: ------------mail---------------
09-14 11:10:58.205 13162 17877 V [MYTAG][mail_tcp_socket][ViiSocketMailDataPhraser]: {"msgid":"battery","info":{"capacity":60,"charge":0},"time":1757848257}
09-14 11:10:58.212 13162 18059 W System  : Ignoring header sessionid because its value was null.
09-14 11:10:58.213 13162 18059 I System.out: (HTTPLog)-Static: isSBSettingEnabled false
09-14 11:10:58.213 13162 17877 V [MYTAG][mail_tcp_socket][ViiSocketMailDataPhraser]: ------------mail---------------
09-14 11:10:58.213 13162 17877 V [MYTAG][mail_tcp_socket][ViiSocketMailDataPhraser]: {"msgid":"sd","info":{"status":0},"time":1757848257}
09-14 11:10:58.213 13162 18059 I System.out: (HTTPLog)-Static: isSBSettingEnabled false
09-14 11:10:58.213 13162 17877 V [MYTAG][mail_tcp_socket][RemoteOptor]: ----
09-14 11:10:58.213 13162 17877 V [MYTAG][mail_tcp_socket][RemoteOptor]: [CMD]DEV_SDCARD_STATUS_QUERY
09-14 11:10:58.213 13162 17877 V [MYTAG][mail_tcp_socket][RemoteOptor]: [PARAM]null
09-14 11:10:58.213 13162 17877 V [MYTAG][mail_tcp_socket][HttpTransportLayer]: [HTTP SEND GET]
09-14 11:10:58.213 13162 17877 V [MYTAG][mail_tcp_socket][HttpTransportLayer]: 	 url:http://192.168.0.1:80/app/getsdinfo
09-14 11:10:58.218 13162 17877 V [MYTAG][main][Device]: 603 dev is connected:true
09-14 11:10:58.239 13162 13162 W ProxyAndroidLoggerBackend: Too many Flogger logs received before configuration. Dropping old logs.
09-14 11:10:58.247 13162 13162 I chatty  : uid=10291(com.vidure.app) identical 6 lines
09-14 11:10:58.248 13162 13162 W ProxyAndroidLoggerBackend: Too many Flogger logs received before configuration. Dropping old logs.
09-14 11:10:58.256 13162 17877 V [MYTAG][main][Device]: 603 dev is connected:true
09-14 11:10:58.257 13162 17877 V [MYTAG][main][CameraPreviewActivity]: rev msg1:264454
09-14 11:10:58.326 13162 17877 V [MYTAG][mail_tcp_socket][HttpTransportLayer]: [HTTP RSP]
09-14 11:10:58.326 13162 17877 V [MYTAG][mail_tcp_socket][HttpTransportLayer]: 	 errcode:0
09-14 11:10:58.326 13162 17877 V [MYTAG][mail_tcp_socket][HttpTransportLayer]: 	[content]{"result":0,"info":{"status":0,"free":309,"total":1883}}
09-14 11:10:58.326 13162 17877 V [MYTAG][mail_tcp_socket][HttpTransportLayer]: -----------------------------------------
09-14 11:10:58.330 13162 17877 V [MYTAG][main][Device]: 603 dev is connected:true
09-14 11:10:58.331 13162 17877 V [MYTAG][main][CameraPreviewActivity]: rev msg1:589832
09-14 11:11:01.218 13162 17877 V [MYTAG][mail_tcp_socket][ViiSocketMailDataPhraser]: ------------mail---------------
09-14 11:11:01.218 13162 17877 V [MYTAG][mail_tcp_socket][ViiSocketMailDataPhraser]: {"msgid":"battery","info":{"capacity":60,"charge":0},"time":1757848260}
09-14 11:11:01.221 13162 17877 V [MYTAG][mail_tcp_socket][ViiSocketMailDataPhraser]: ------------mail---------------
09-14 11:11:01.221 13162 17877 V [MYTAG][mail_tcp_socket][ViiSocketMailDataPhraser]: {"msgid":"sd","info":{"status":0},"time":1757848260}
09-14 11:11:01.222 13162 17877 V [MYTAG][mail_tcp_socket][RemoteOptor]: ----
09-14 11:11:01.222 13162 17877 V [MYTAG][mail_tcp_socket][RemoteOptor]: [CMD]DEV_SDCARD_STATUS_QUERY
09-14 11:11:01.222 13162 17877 V [MYTAG][mail_tcp_socket][RemoteOptor]: [PARAM]null
09-14 11:11:01.222 13162 17877 V [MYTAG][mail_tcp_socket][HttpTransportLayer]: [HTTP SEND GET]
09-14 11:11:01.222 13162 17877 V [MYTAG][mail_tcp_socket][HttpTransportLayer]: 	 url:http://192.168.0.1:80/app/getsdinfo
09-14 11:11:01.222 13162 18059 W System  : Ignoring header sessionid because its value was null.
09-14 11:11:01.223 13162 18059 I System.out: (HTTPLog)-Static: isSBSettingEnabled false
09-14 11:11:01.223 13162 18059 I System.out: (HTTPLog)-Static: isSBSettingEnabled false
09-14 11:11:01.235 13162 17877 V [MYTAG][main][Device]: 603 dev is connected:true
09-14 11:11:01.245 13162 19357 W ProxyAndroidLoggerBackend: Too many Flogger logs received before configuration. Dropping old logs.
09-14 11:11:01.246 13162 19357 W ProxyAndroidLoggerBackend: Too many Flogger logs received before configuration. Dropping old logs.
09-14 11:11:01.246 13162 19616 W ProxyAndroidLoggerBackend: Too many Flogger logs received before configuration. Dropping old logs.
09-14 11:11:01.261 13162 13162 W ProxyAndroidLoggerBackend: Too many Flogger logs received before configuration. Dropping old logs.
09-14 11:11:01.262 13162 13162 W ProxyAndroidLoggerBackend: Too many Flogger logs received before configuration. Dropping old logs.
09-14 11:11:01.264 13162 17877 V [MYTAG][mail_tcp_socket][HttpTransportLayer]: [HTTP RSP]
09-14 11:11:01.264 13162 17877 V [MYTAG][mail_tcp_socket][HttpTransportLayer]: 	 errcode:0
09-14 11:11:01.264 13162 17877 V [MYTAG][mail_tcp_socket][HttpTransportLayer]: 	[content]{"result":0,"info":{"status":0,"free":305,"total":1883}}
09-14 11:11:01.264 13162 17877 V [MYTAG][mail_tcp_socket][HttpTransportLayer]: -----------------------------------------
09-14 11:11:01.264 13162 13162 W ProxyAndroidLoggerBackend: Too many Flogger logs received before configuration. Dropping old logs.
09-14 11:11:01.267 13162 13162 I chatty  : uid=10291(com.vidure.app) identical 4 lines
09-14 11:11:01.268 13162 13162 W ProxyAndroidLoggerBackend: Too many Flogger logs received before configuration. Dropping old logs.
09-14 11:11:01.274 13162 17877 V [MYTAG][main][Device]: 603 dev is connected:true
09-14 11:11:01.276 13162 17877 V [MYTAG][main][CameraPreviewActivity]: rev msg1:264454
09-14 11:11:01.276 13162 17877 V [MYTAG][main][Device]: 603 dev is connected:true
09-14 11:11:01.276 13162 17877 V [MYTAG][main][CameraPreviewActivity]: rev msg1:589832
09-14 11:11:02.052 13162 17877 V [MYTAG][HeartbeatMgr][RemoteOptor]: ----
09-14 11:11:02.052 13162 17877 V [MYTAG][HeartbeatMgr][RemoteOptor]: [CMD]Basic_Msg_MailBox
09-14 11:11:02.052 13162 17877 V [MYTAG][HeartbeatMgr][RemoteOptor]: [PARAM]null
09-14 11:11:02.053 13162 17877 V [MYTAG][HeartbeatMgr][HttpTransportLayer]: [HTTP SEND GET]
09-14 11:11:02.053 13162 17877 V [MYTAG][HeartbeatMgr][HttpTransportLayer]: 	 url:http://192.168.0.1:80/app/getparamvalue?param=rec
09-14 11:11:02.053 13162 18060 W System  : Ignoring header sessionid because its value was null.
09-14 11:11:02.054 13162 18060 I System.out: (HTTPLog)-Static: isSBSettingEnabled false
09-14 11:11:02.054 13162 18060 I System.out: (HTTPLog)-Static: isSBSettingEnabled false
09-14 11:11:02.081 13162 17877 V [MYTAG][HeartbeatMgr][HttpTransportLayer]: [HTTP RSP]
09-14 11:11:02.081 13162 17877 V [MYTAG][HeartbeatMgr][HttpTransportLayer]: 	 errcode:0
09-14 11:11:02.081 13162 17877 V [MYTAG][HeartbeatMgr][HttpTransportLayer]: 	[content]{"result":0,"info":{"value":1}}
09-14 11:11:02.081 13162 17877 V [MYTAG][HeartbeatMgr][HttpTransportLayer]: -----------------------------------------
09-14 11:11:04.225 13162 17877 V [MYTAG][mail_tcp_socket][ViiSocketMailDataPhraser]: ------------mail---------------
09-14 11:11:04.225 13162 17877 V [MYTAG][mail_tcp_socket][ViiSocketMailDataPhraser]: {"msgid":"battery","info":{"capacity":60,"charge":0},"time":1757848263}
09-14 11:11:04.228 13162 17877 V [MYTAG][mail_tcp_socket][ViiSocketMailDataPhraser]: ------------mail---------------
09-14 11:11:04.228 13162 17877 V [MYTAG][mail_tcp_socket][ViiSocketMailDataPhraser]: {"msgid":"sd","info":{"status":0},"time":1757848263}
09-14 11:11:04.229 13162 17877 V [MYTAG][mail_tcp_socket][RemoteOptor]: ----
09-14 11:11:04.229 13162 17877 V [MYTAG][mail_tcp_socket][RemoteOptor]: [CMD]DEV_SDCARD_STATUS_QUERY
09-14 11:11:04.229 13162 17877 V [MYTAG][mail_tcp_socket][RemoteOptor]: [PARAM]null
09-14 11:11:04.230 13162 17877 V [MYTAG][mail_tcp_socket][HttpTransportLayer]: [HTTP SEND GET]
09-14 11:11:04.230 13162 17877 V [MYTAG][mail_tcp_socket][HttpTransportLayer]: 	 url:http://192.168.0.1:80/app/getsdinfo
09-14 11:11:04.230 13162 18059 W System  : Ignoring header sessionid because its value was null.
09-14 11:11:04.231 13162 18059 I System.out: (HTTPLog)-Static: isSBSettingEnabled false
09-14 11:11:04.232 13162 18059 I System.out: (HTTPLog)-Static: isSBSettingEnabled false
09-14 11:11:04.241 13162 17877 V [MYTAG][main][Device]: 603 dev is connected:true
09-14 11:11:04.302 13162 17877 V [MYTAG][mail_tcp_socket][HttpTransportLayer]: [HTTP RSP]
09-14 11:11:04.302 13162 17877 V [MYTAG][mail_tcp_socket][HttpTransportLayer]: 	 errcode:0
09-14 11:11:04.302 13162 17877 V [MYTAG][mail_tcp_socket][HttpTransportLayer]: 	[content]{"result":0,"info":{"status":0,"free":301,"total":1883}}
09-14 11:11:04.302 13162 17877 V [MYTAG][mail_tcp_socket][HttpTransportLayer]: -----------------------------------------
09-14 11:11:04.308 13162 13162 W ProxyAndroidLoggerBackend: Too many Flogger logs received before configuration. Dropping old logs.
09-14 11:11:04.310 13162 13162 W ProxyAndroidLoggerBackend: Too many Flogger logs received before configuration. Dropping old logs.
09-14 11:11:04.315 13162 13162 I chatty  : uid=10291(com.vidure.app) identical 5 lines
09-14 11:11:04.316 13162 13162 W ProxyAndroidLoggerBackend: Too many Flogger logs received before configuration. Dropping old logs.
09-14 11:11:04.325 13162 17877 V [MYTAG][main][Device]: 603 dev is connected:true
09-14 11:11:04.328 13162 17877 V [MYTAG][main][CameraPreviewActivity]: rev msg1:264454
09-14 11:11:04.328 13162 17877 V [MYTAG][main][Device]: 603 dev is connected:true
09-14 11:11:04.328 13162 17877 V [MYTAG][main][CameraPreviewActivity]: rev msg1:589832
09-14 11:11:06.053 13162 17877 V [MYTAG][HeartbeatMgr][RemoteOptor]: ----
09-14 11:11:06.053 13162 17877 V [MYTAG][HeartbeatMgr][RemoteOptor]: [CMD]Basic_Msg_MailBox
09-14 11:11:06.053 13162 17877 V [MYTAG][HeartbeatMgr][RemoteOptor]: [PARAM]null
09-14 11:11:06.055 13162 18060 W System  : Ignoring header sessionid because its value was null.
09-14 11:11:06.066 13162 17877 V [MYTAG][HeartbeatMgr][HttpTransportLayer]: [HTTP SEND GET]
09-14 11:11:06.066 13162 17877 V [MYTAG][HeartbeatMgr][HttpTransportLayer]: 	 url:http://192.168.0.1:80/app/getparamvalue?param=rec
09-14 11:11:06.067 13162 18060 I System.out: (HTTPLog)-Static: isSBSettingEnabled false
09-14 11:11:06.067 13162 18060 I System.out: (HTTPLog)-Static: isSBSettingEnabled false
09-14 11:11:06.099 13162 17877 V [MYTAG][HeartbeatMgr][HttpTransportLayer]: [HTTP RSP]
09-14 11:11:06.099 13162 17877 V [MYTAG][HeartbeatMgr][HttpTransportLayer]: 	 errcode:0
09-14 11:11:06.099 13162 17877 V [MYTAG][HeartbeatMgr][HttpTransportLayer]: 	[content]{"result":0,"info":{"value":1}}
09-14 11:11:06.099 13162 17877 V [MYTAG][HeartbeatMgr][HttpTransportLayer]: -----------------------------------------
09-14 11:11:07.236 13162 17877 V [MYTAG][mail_tcp_socket][ViiSocketMailDataPhraser]: ------------mail---------------
09-14 11:11:07.236 13162 17877 V [MYTAG][mail_tcp_socket][ViiSocketMailDataPhraser]: {"msgid":"battery","info":{"capacity":60,"charge":0},"time":1757848266}
09-14 11:11:07.238 13162 18059 W System  : Ignoring header sessionid because its value was null.
09-14 11:11:07.238 13162 17877 V [MYTAG][mail_tcp_socket][ViiSocketMailDataPhraser]: ------------mail---------------
09-14 11:11:07.238 13162 17877 V [MYTAG][mail_tcp_socket][ViiSocketMailDataPhraser]: {"msgid":"sd","info":{"status":0},"time":1757848266}
09-14 11:11:07.239 13162 17877 V [MYTAG][mail_tcp_socket][RemoteOptor]: ----
09-14 11:11:07.239 13162 17877 V [MYTAG][mail_tcp_socket][RemoteOptor]: [CMD]DEV_SDCARD_STATUS_QUERY
09-14 11:11:07.239 13162 17877 V [MYTAG][mail_tcp_socket][RemoteOptor]: [PARAM]null
09-14 11:11:07.239 13162 17877 V [MYTAG][mail_tcp_socket][HttpTransportLayer]: [HTTP SEND GET]
09-14 11:11:07.239 13162 17877 V [MYTAG][mail_tcp_socket][HttpTransportLayer]: 	 url:http://192.168.0.1:80/app/getsdinfo
09-14 11:11:07.239 13162 18059 I System.out: (HTTPLog)-Static: isSBSettingEnabled false
09-14 11:11:07.240 13162 18059 I System.out: (HTTPLog)-Static: isSBSettingEnabled false
09-14 11:11:07.248 13162 17877 V [MYTAG][main][Device]: 603 dev is connected:true
09-14 11:11:07.280 13162 17877 V [MYTAG][mail_tcp_socket][HttpTransportLayer]: [HTTP RSP]
09-14 11:11:07.280 13162 17877 V [MYTAG][mail_tcp_socket][HttpTransportLayer]: 	 errcode:0
09-14 11:11:07.280 13162 17877 V [MYTAG][mail_tcp_socket][HttpTransportLayer]: 	[content]{"result":0,"info":{"status":0,"free":298,"total":1883}}
09-14 11:11:07.280 13162 17877 V [MYTAG][mail_tcp_socket][HttpTransportLayer]: -----------------------------------------
09-14 11:11:07.312 13162 13162 W ProxyAndroidLoggerBackend: Too many Flogger logs received before configuration. Dropping old logs.
09-14 11:11:07.314 13162 13162 W ProxyAndroidLoggerBackend: Too many Flogger logs received before configuration. Dropping old logs.
09-14 11:11:07.320 13162 13162 I chatty  : uid=10291(com.vidure.app) identical 5 lines
09-14 11:11:07.321 13162 13162 W ProxyAndroidLoggerBackend: Too many Flogger logs received before configuration. Dropping old logs.
09-14 11:11:07.330 13162 19794 W ProxyAndroidLoggerBackend: Too many Flogger logs received before configuration. Dropping old logs.
09-14 11:11:07.336 13162 17877 V [MYTAG][main][Device]: 603 dev is connected:true
09-14 11:11:07.339 13162 17877 V [MYTAG][main][CameraPreviewActivity]: rev msg1:264454
09-14 11:11:07.339 13162 17877 V [MYTAG][main][Device]: 603 dev is connected:true
09-14 11:11:07.339 13162 17877 V [MYTAG][main][CameraPreviewActivity]: rev msg1:589832
09-14 11:11:10.053 13162 18060 W System  : Ignoring header sessionid because its value was null.
09-14 11:11:10.054 13162 18060 I System.out: (HTTPLog)-Static: isSBSettingEnabled false
09-14 11:11:10.054 13162 18060 I System.out: (HTTPLog)-Static: isSBSettingEnabled false
09-14 11:11:10.054 13162 17877 V [MYTAG][HeartbeatMgr][RemoteOptor]: ----
09-14 11:11:10.054 13162 17877 V [MYTAG][HeartbeatMgr][RemoteOptor]: [CMD]Basic_Msg_MailBox
09-14 11:11:10.054 13162 17877 V [MYTAG][HeartbeatMgr][RemoteOptor]: [PARAM]null
09-14 11:11:10.054 13162 17877 V [MYTAG][HeartbeatMgr][HttpTransportLayer]: [HTTP SEND GET]
09-14 11:11:10.054 13162 17877 V [MYTAG][HeartbeatMgr][HttpTransportLayer]: 	 url:http://192.168.0.1:80/app/getparamvalue?param=rec
09-14 11:11:10.078 13162 17877 V [MYTAG][HeartbeatMgr][HttpTransportLayer]: [HTTP RSP]
09-14 11:11:10.078 13162 17877 V [MYTAG][HeartbeatMgr][HttpTransportLayer]: 	 errcode:0
09-14 11:11:10.078 13162 17877 V [MYTAG][HeartbeatMgr][HttpTransportLayer]: 	[content]{"result":0,"info":{"value":1}}
09-14 11:11:10.078 13162 17877 V [MYTAG][HeartbeatMgr][HttpTransportLayer]: -----------------------------------------
09-14 11:11:10.247 13162 17877 V [MYTAG][mail_tcp_socket][ViiSocketMailDataPhraser]: ------------mail---------------
09-14 11:11:10.247 13162 17877 V [MYTAG][mail_tcp_socket][ViiSocketMailDataPhraser]: {"msgid":"battery","info":{"capacity":60,"charge":0},"time":1757848269}
09-14 11:11:10.248 13162 18059 W System  : Ignoring header sessionid because its value was null.
09-14 11:11:10.249 13162 18059 I System.out: (HTTPLog)-Static: isSBSettingEnabled false
09-14 11:11:10.249 13162 18059 I System.out: (HTTPLog)-Static: isSBSettingEnabled false
09-14 11:11:10.250 13162 17877 V [MYTAG][mail_tcp_socket][ViiSocketMailDataPhraser]: ------------mail---------------
09-14 11:11:10.250 13162 17877 V [MYTAG][mail_tcp_socket][ViiSocketMailDataPhraser]: {"msgid":"sd","info":{"status":0},"time":1757848269}
09-14 11:11:10.250 13162 17877 V [MYTAG][mail_tcp_socket][RemoteOptor]: ----
09-14 11:11:10.250 13162 17877 V [MYTAG][mail_tcp_socket][RemoteOptor]: [CMD]DEV_SDCARD_STATUS_QUERY
09-14 11:11:10.250 13162 17877 V [MYTAG][mail_tcp_socket][RemoteOptor]: [PARAM]null
09-14 11:11:10.250 13162 17877 V [MYTAG][mail_tcp_socket][HttpTransportLayer]: [HTTP SEND GET]
09-14 11:11:10.250 13162 17877 V [MYTAG][mail_tcp_socket][HttpTransportLayer]: 	 url:http://192.168.0.1:80/app/getsdinfo
09-14 11:11:10.255 13162 17877 V [MYTAG][main][Device]: 603 dev is connected:true
09-14 11:11:10.284 13162 13162 W ProxyAndroidLoggerBackend: Too many Flogger logs received before configuration. Dropping old logs.
09-14 11:11:10.287 13162 13162 W ProxyAndroidLoggerBackend: Too many Flogger logs received before configuration. Dropping old logs.
09-14 11:11:10.290 13162 13162 W ProxyAndroidLoggerBackend: Too many Flogger logs received before configuration. Dropping old logs.
09-14 11:11:10.290 13162 13162 W ProxyAndroidLoggerBackend: Too many Flogger logs received before configuration. Dropping old logs.
09-14 11:11:10.295 13162 17877 V [MYTAG][mail_tcp_socket][HttpTransportLayer]: [HTTP RSP]
09-14 11:11:10.295 13162 17877 V [MYTAG][mail_tcp_socket][HttpTransportLayer]: 	 errcode:0
09-14 11:11:10.295 13162 17877 V [MYTAG][mail_tcp_socket][HttpTransportLayer]: 	[content]{"result":0,"info":{"status":0,"free":294,"total":1883}}
09-14 11:11:10.295 13162 17877 V [MYTAG][mail_tcp_socket][HttpTransportLayer]: -----------------------------------------
09-14 11:11:10.297 13162 13162 W ProxyAndroidLoggerBackend: Too many Flogger logs received before configuration. Dropping old logs.
09-14 11:11:10.298 13162 13162 W ProxyAndroidLoggerBackend: Too many Flogger logs received before configuration. Dropping old logs.
09-14 11:11:10.298 13162 13162 W ProxyAndroidLoggerBackend: Too many Flogger logs received before configuration. Dropping old logs.
09-14 11:11:10.301 13162 13162 W ProxyAndroidLoggerBackend: Too many Flogger logs received before configuration. Dropping old logs.
09-14 11:11:10.304 13162 19357 W ProxyAndroidLoggerBackend: Too many Flogger logs received before configuration. Dropping old logs.
09-14 11:11:10.313 13162 17877 V [MYTAG][main][Device]: 603 dev is connected:true
09-14 11:11:10.316 13162 17877 V [MYTAG][main][CameraPreviewActivity]: rev msg1:264454
09-14 11:11:10.317 13162 17877 V [MYTAG][main][Device]: 603 dev is connected:true
09-14 11:11:10.317 13162 17877 V [MYTAG][main][CameraPreviewActivity]: rev msg1:589832
09-14 11:11:13.258 13162 17877 V [MYTAG][mail_tcp_socket][ViiSocketMailDataPhraser]: ------------mail---------------
09-14 11:11:13.258 13162 17877 V [MYTAG][mail_tcp_socket][ViiSocketMailDataPhraser]: {"msgid":"battery","info":{"capacity":60,"charge":0},"time":1757848272}
09-14 11:11:13.260 13162 18059 W System  : Ignoring header sessionid because its value was null.
09-14 11:11:13.261 13162 18059 I System.out: (HTTPLog)-Static: isSBSettingEnabled false
09-14 11:11:13.261 13162 18059 I System.out: (HTTPLog)-Static: isSBSettingEnabled false
09-14 11:11:13.262 13162 17877 V [MYTAG][mail_tcp_socket][ViiSocketMailDataPhraser]: ------------mail---------------
09-14 11:11:13.262 13162 17877 V [MYTAG][mail_tcp_socket][ViiSocketMailDataPhraser]: {"msgid":"sd","info":{"status":0},"time":1757848272}
09-14 11:11:13.263 13162 17877 V [MYTAG][mail_tcp_socket][RemoteOptor]: ----
09-14 11:11:13.263 13162 17877 V [MYTAG][mail_tcp_socket][RemoteOptor]: [CMD]DEV_SDCARD_STATUS_QUERY
09-14 11:11:13.263 13162 17877 V [MYTAG][mail_tcp_socket][RemoteOptor]: [PARAM]null
09-14 11:11:13.263 13162 17877 V [MYTAG][mail_tcp_socket][HttpTransportLayer]: [HTTP SEND GET]
09-14 11:11:13.263 13162 17877 V [MYTAG][mail_tcp_socket][HttpTransportLayer]: 	 url:http://192.168.0.1:80/app/getsdinfo
09-14 11:11:13.268 13162 17877 V [MYTAG][main][Device]: 603 dev is connected:true
09-14 11:11:13.327 13162 13162 W ProxyAndroidLoggerBackend: Too many Flogger logs received before configuration. Dropping old logs.
09-14 11:11:13.338 13162 13162 I chatty  : uid=10291(com.vidure.app) identical 6 lines
09-14 11:11:13.339 13162 13162 W ProxyAndroidLoggerBackend: Too many Flogger logs received before configuration. Dropping old logs.
09-14 11:11:13.351 13162 17877 V [MYTAG][main][Device]: 603 dev is connected:true
09-14 11:11:13.354 13162 17877 V [MYTAG][main][CameraPreviewActivity]: rev msg1:264454
09-14 11:11:13.399 13162 17877 V [MYTAG][mail_tcp_socket][HttpTransportLayer]: [HTTP RSP]
09-14 11:11:13.399 13162 17877 V [MYTAG][mail_tcp_socket][HttpTransportLayer]: 	 errcode:0
09-14 11:11:13.399 13162 17877 V [MYTAG][mail_tcp_socket][HttpTransportLayer]: 	[content]{"result":0,"info":{"status":0,"free":290,"total":1883}}
09-14 11:11:13.399 13162 17877 V [MYTAG][mail_tcp_socket][HttpTransportLayer]: -----------------------------------------
09-14 11:11:13.400 13162 17877 V [MYTAG][main][Device]: 603 dev is connected:true
09-14 11:11:13.400 13162 17877 V [MYTAG][main][CameraPreviewActivity]: rev msg1:589832
09-14 11:11:14.053 13162 17877 V [MYTAG][HeartbeatMgr][RemoteOptor]: ----
09-14 11:11:14.053 13162 17877 V [MYTAG][HeartbeatMgr][RemoteOptor]: [CMD]Basic_Msg_MailBox
09-14 11:11:14.053 13162 17877 V [MYTAG][HeartbeatMgr][RemoteOptor]: [PARAM]null
09-14 11:11:14.054 13162 17877 V [MYTAG][HeartbeatMgr][HttpTransportLayer]: [HTTP SEND GET]
09-14 11:11:14.054 13162 17877 V [MYTAG][HeartbeatMgr][HttpTransportLayer]: 	 url:http://192.168.0.1:80/app/getparamvalue?param=rec
09-14 11:11:14.054 13162 18060 W System  : Ignoring header sessionid because its value was null.
09-14 11:11:14.055 13162 18060 I System.out: (HTTPLog)-Static: isSBSettingEnabled false
09-14 11:11:14.055 13162 18060 I System.out: (HTTPLog)-Static: isSBSettingEnabled false
09-14 11:11:14.097 13162 17877 V [MYTAG][HeartbeatMgr][HttpTransportLayer]: [HTTP RSP]
09-14 11:11:14.097 13162 17877 V [MYTAG][HeartbeatMgr][HttpTransportLayer]: 	 errcode:0
09-14 11:11:14.097 13162 17877 V [MYTAG][HeartbeatMgr][HttpTransportLayer]: 	[content]{"result":0,"info":{"value":1}}
09-14 11:11:14.097 13162 17877 V [MYTAG][HeartbeatMgr][HttpTransportLayer]: -----------------------------------------
09-14 11:11:15.348 13162 17950 I System.out: (HTTPLog)-Static: isSBSettingEnabled false
09-14 11:11:15.348 13162 17950 I System.out: (HTTPLog)-Static: isSBSettingEnabled false
09-14 11:11:15.348 13162 17945 W Settings: Setting adb_enabled has moved from android.provider.Settings.Secure to android.provider.Settings.Global.
09-14 11:11:15.477 13162 17945 I System.out: (HTTPLog)-Static: isSBSettingEnabled false
09-14 11:11:15.527 13162 17945 I chatty  : uid=10291(com.vidure.app) identical 4 lines
09-14 11:11:15.527 13162 17945 I System.out: (HTTPLog)-Static: isSBSettingEnabled false
09-14 11:11:16.258 13162 19794 W ProxyAndroidLoggerBackend: Too many Flogger logs received before configuration. Dropping old logs.
09-14 11:11:16.259 13162 19794 W ProxyAndroidLoggerBackend: Too many Flogger logs received before configuration. Dropping old logs.
09-14 11:11:16.260 13162 19616 W ProxyAndroidLoggerBackend: Too many Flogger logs received before configuration. Dropping old logs.
09-14 11:11:16.266 13162 17877 V [MYTAG][mail_tcp_socket][ViiSocketMailDataPhraser]: ------------mail---------------
09-14 11:11:16.266 13162 17877 V [MYTAG][mail_tcp_socket][ViiSocketMailDataPhraser]: {"msgid":"battery","info":{"capacity":58,"charge":0},"time":1757848276}
09-14 11:11:16.268 13162 17877 V [MYTAG][mail_tcp_socket][ViiSocketMailDataPhraser]: ------------mail---------------
09-14 11:11:16.268 13162 17877 V [MYTAG][mail_tcp_socket][ViiSocketMailDataPhraser]: {"msgid":"sd","info":{"status":0},"time":1757848276}
09-14 11:11:16.268 13162 17877 V [MYTAG][mail_tcp_socket][RemoteOptor]: ----
09-14 11:11:16.268 13162 17877 V [MYTAG][mail_tcp_socket][RemoteOptor]: [CMD]DEV_SDCARD_STATUS_QUERY
09-14 11:11:16.268 13162 17877 V [MYTAG][mail_tcp_socket][RemoteOptor]: [PARAM]null
09-14 11:11:16.269 13162 18059 W System  : Ignoring header sessionid because its value was null.
09-14 11:11:16.269 13162 17877 V [MYTAG][mail_tcp_socket][HttpTransportLayer]: [HTTP SEND GET]
09-14 11:11:16.269 13162 17877 V [MYTAG][mail_tcp_socket][HttpTransportLayer]: 	 url:http://192.168.0.1:80/app/getsdinfo
