09-14 10:34:25.225  7415 10495 I com.vidure.app: Background young concurrent copying GC freed 90702(15MB) AllocSpace objects, 36(2128KB) LOS objects, 16% free, 87MB/104MB, paused 453us total 112.936ms
09-14 10:34:27.994  7415 10539 V [MYTAG][mail_tcp_socket][ViiSocketMailDataPhraser]: ------------mail---------------
09-14 10:34:27.994  7415 10539 V [MYTAG][mail_tcp_socket][ViiSocketMailDataPhraser]: {"msgid":"battery","info":{"capacity":80,"charge":0},"time":1757846067}
09-14 10:34:27.995  7415 10539 V [MYTAG][mail_tcp_socket][ViiSocketMailDataPhraser]: ------------mail---------------
09-14 10:34:27.995  7415 10539 V [MYTAG][mail_tcp_socket][ViiSocketMailDataPhraser]: {"msgid":"sd","info":{"status":0},"time":1757846067}
09-14 10:34:27.996  7415 10539 V [MYTAG][mail_tcp_socket][RemoteOptor]: ----
09-14 10:34:27.996  7415 10539 V [MYTAG][mail_tcp_socket][RemoteOptor]: [CMD]DEV_SDCARD_STATUS_QUERY
09-14 10:34:27.996  7415 10539 V [MYTAG][mail_tcp_socket][RemoteOptor]: [PARAM]null
09-14 10:34:27.996  7415 10750 W System  : Ignoring header sessionid because its value was null.
09-14 10:34:27.997  7415 10750 I System.out: (HTTPLog)-Static: isSBSettingEnabled false
09-14 10:34:27.997  7415 10750 I System.out: (HTTPLog)-Static: isSBSettingEnabled false
09-14 10:34:27.998  7415 10539 V [MYTAG][mail_tcp_socket][HttpTransportLayer]: [HTTP SEND GET]
09-14 10:34:27.998  7415 10539 V [MYTAG][mail_tcp_socket][HttpTransportLayer]: 	 url:http://192.168.0.1:80/app/getsdinfo
09-14 10:34:28.015  7415 10539 V [MYTAG][main][Device]: 603 dev is connected:true
09-14 10:34:28.017  7415 10539 V [MYTAG][mail_tcp_socket][HttpTransportLayer]: [HTTP RSP]
09-14 10:34:28.017  7415 10539 V [MYTAG][mail_tcp_socket][HttpTransportLayer]: 	 errcode:0
09-14 10:34:28.017  7415 10539 V [MYTAG][mail_tcp_socket][HttpTransportLayer]: 	[content]{"result":0,"info":{"status":0,"free":286,"total":1883}}
09-14 10:34:28.017  7415 10539 V [MYTAG][mail_tcp_socket][HttpTransportLayer]: -----------------------------------------
09-14 10:34:28.077  7415  7415 W ProxyAndroidLoggerBackend: Too many Flogger logs received before configuration. Dropping old logs.
09-14 10:34:28.086  7415  7415 I chatty  : uid=10291(com.vidure.app) identical 6 lines
09-14 10:34:28.087  7415  7415 W ProxyAndroidLoggerBackend: Too many Flogger logs received before configuration. Dropping old logs.
09-14 10:34:28.091  7415 12489 W ProxyAndroidLoggerBackend: Too many Flogger logs received before configuration. Dropping old logs.
09-14 10:34:28.094  7415 12489 W ProxyAndroidLoggerBackend: Too many Flogger logs received before configuration. Dropping old logs.
09-14 10:34:28.099  7415 10539 V [MYTAG][main][Device]: 603 dev is connected:true
09-14 10:34:28.102  7415 10539 V [MYTAG][main][CameraPreviewActivity]: rev msg1:264454
09-14 10:34:28.102  7415 10539 V [MYTAG][main][Device]: 603 dev is connected:true
09-14 10:34:28.102  7415 10539 V [MYTAG][main][CameraPreviewActivity]: rev msg1:589832
09-14 10:34:28.831  7415 10539 V [MYTAG][HeartbeatMgr][RemoteOptor]: ----
09-14 10:34:28.831  7415 10539 V [MYTAG][HeartbeatMgr][RemoteOptor]: [CMD]Basic_Msg_MailBox
09-14 10:34:28.831  7415 10539 V [MYTAG][HeartbeatMgr][RemoteOptor]: [PARAM]null
09-14 10:34:28.832  7415 10751 W System  : Ignoring header sessionid because its value was null.
09-14 10:34:28.834  7415 10751 I System.out: (HTTPLog)-Static: isSBSettingEnabled false
09-14 10:34:28.834  7415 10751 I System.out: (HTTPLog)-Static: isSBSettingEnabled false
09-14 10:34:28.834  7415 10539 V [MYTAG][HeartbeatMgr][HttpTransportLayer]: [HTTP SEND GET]
09-14 10:34:28.834  7415 10539 V [MYTAG][HeartbeatMgr][HttpTransportLayer]: 	 url:http://192.168.0.1:80/app/getparamvalue?param=rec
09-14 10:34:28.859  7415 10539 V [MYTAG][HeartbeatMgr][HttpTransportLayer]: [HTTP RSP]
09-14 10:34:28.859  7415 10539 V [MYTAG][HeartbeatMgr][HttpTransportLayer]: 	 errcode:0
09-14 10:34:28.859  7415 10539 V [MYTAG][HeartbeatMgr][HttpTransportLayer]: 	[content]{"result":0,"info":{"value":0}}
09-14 10:34:28.859  7415 10539 V [MYTAG][HeartbeatMgr][HttpTransportLayer]: -----------------------------------------
09-14 10:34:31.005  7415 10539 V [MYTAG][mail_tcp_socket][ViiSocketMailDataPhraser]: ------------mail---------------
09-14 10:34:31.005  7415 10539 V [MYTAG][mail_tcp_socket][ViiSocketMailDataPhraser]: {"msgid":"battery","info":{"capacity":80,"charge":0},"time":1757846070}
09-14 10:34:31.007  7415 10539 V [MYTAG][mail_tcp_socket][ViiSocketMailDataPhraser]: ------------mail---------------
09-14 10:34:31.007  7415 10539 V [MYTAG][mail_tcp_socket][ViiSocketMailDataPhraser]: {"msgid":"sd","info":{"status":0},"time":1757846070}
09-14 10:34:31.008  7415 10539 V [MYTAG][mail_tcp_socket][RemoteOptor]: ----
09-14 10:34:31.008  7415 10539 V [MYTAG][mail_tcp_socket][RemoteOptor]: [CMD]DEV_SDCARD_STATUS_QUERY
09-14 10:34:31.008  7415 10539 V [MYTAG][mail_tcp_socket][RemoteOptor]: [PARAM]null
09-14 10:34:31.009  7415 10539 V [MYTAG][mail_tcp_socket][HttpTransportLayer]: [HTTP SEND GET]
09-14 10:34:31.009  7415 10539 V [MYTAG][mail_tcp_socket][HttpTransportLayer]: 	 url:http://192.168.0.1:80/app/getsdinfo
09-14 10:34:31.009  7415 10750 W System  : Ignoring header sessionid because its value was null.
09-14 10:34:31.010  7415 10750 I System.out: (HTTPLog)-Static: isSBSettingEnabled false
09-14 10:34:31.010  7415 10750 I System.out: (HTTPLog)-Static: isSBSettingEnabled false
09-14 10:34:31.014  7415 10539 V [MYTAG][main][Device]: 603 dev is connected:true
09-14 10:34:31.043  7415 10539 V [MYTAG][mail_tcp_socket][HttpTransportLayer]: [HTTP RSP]
09-14 10:34:31.043  7415 10539 V [MYTAG][mail_tcp_socket][HttpTransportLayer]: 	 errcode:0
09-14 10:34:31.043  7415 10539 V [MYTAG][mail_tcp_socket][HttpTransportLayer]: 	[content]{"result":0,"info":{"status":0,"free":286,"total":1883}}
09-14 10:34:31.043  7415 10539 V [MYTAG][mail_tcp_socket][HttpTransportLayer]: -----------------------------------------
09-14 10:34:31.053  7415  7415 W ProxyAndroidLoggerBackend: Too many Flogger logs received before configuration. Dropping old logs.
09-14 10:34:31.064  7415  7415 I chatty  : uid=10291(com.vidure.app) identical 6 lines
09-14 10:34:31.066  7415  7415 W ProxyAndroidLoggerBackend: Too many Flogger logs received before configuration. Dropping old logs.
09-14 10:34:31.079  7415 10539 V [MYTAG][main][Device]: 603 dev is connected:true
09-14 10:34:31.085  7415 10539 V [MYTAG][main][CameraPreviewActivity]: rev msg1:264454
09-14 10:34:31.085  7415 10539 V [MYTAG][main][Device]: 603 dev is connected:true
09-14 10:34:31.085  7415 10539 V [MYTAG][main][CameraPreviewActivity]: rev msg1:589832
09-14 10:34:31.105  7415 12235 W ProxyAndroidLoggerBackend: Too many Flogger logs received before configuration. Dropping old logs.
09-14 10:34:31.105  7415 12235 I chatty  : uid=10291(com.vidure.app) identical 1 line
09-14 10:34:31.105  7415 12235 W ProxyAndroidLoggerBackend: Too many Flogger logs received before configuration. Dropping old logs.
09-14 10:34:32.832  7415 10751 W System  : Ignoring header sessionid because its value was null.
09-14 10:34:32.833  7415 10751 I System.out: (HTTPLog)-Static: isSBSettingEnabled false
09-14 10:34:32.833  7415 10751 I System.out: (HTTPLog)-Static: isSBSettingEnabled false
09-14 10:34:32.834  7415 10539 V [MYTAG][HeartbeatMgr][RemoteOptor]: ----
09-14 10:34:32.834  7415 10539 V [MYTAG][HeartbeatMgr][RemoteOptor]: [CMD]Basic_Msg_MailBox
09-14 10:34:32.834  7415 10539 V [MYTAG][HeartbeatMgr][RemoteOptor]: [PARAM]null
09-14 10:34:32.834  7415 10539 V [MYTAG][HeartbeatMgr][HttpTransportLayer]: [HTTP SEND GET]
09-14 10:34:32.834  7415 10539 V [MYTAG][HeartbeatMgr][HttpTransportLayer]: 	 url:http://192.168.0.1:80/app/getparamvalue?param=rec
09-14 10:34:32.863  7415 10539 V [MYTAG][HeartbeatMgr][HttpTransportLayer]: [HTTP RSP]
09-14 10:34:32.863  7415 10539 V [MYTAG][HeartbeatMgr][HttpTransportLayer]: 	 errcode:0
09-14 10:34:32.863  7415 10539 V [MYTAG][HeartbeatMgr][HttpTransportLayer]: 	[content]{"result":0,"info":{"value":0}}
09-14 10:34:32.863  7415 10539 V [MYTAG][HeartbeatMgr][HttpTransportLayer]: -----------------------------------------
09-14 10:34:33.090  7415 12690 E JavaBinder: !!! FAILED BINDER TRANSACTION !!!  (parcel size = 128)
09-14 10:34:33.092  7415 12690 E AndroidRuntime: FATAL EXCEPTION: androidmapsapi-ula-1
09-14 10:34:33.092  7415 12690 E AndroidRuntime: Process: com.vidure.app, PID: 7415
09-14 10:34:33.092  7415 12690 E AndroidRuntime: DeadSystemException: The system died; earlier logs will point to the root cause
09-14 10:34:33.529  7415 12690 E memtrack: Couldn't load memtrack module
09-14 10:34:33.529  7415 12690 W android.os.Debug: failed to get memory consumption info: -1
09-14 10:34:33.611  7415 12690 E [MYTAG][androidmapsapi-ula-1]CrashHandler: MyApplication.isInited:true AppLib.isInit:true
09-14 10:34:33.611  7415 12690 E [MYTAG][androidmapsapi-ula-1]CrashHandler: DeadSystemException: The system died; earlier logs will point to the root cause
09-14 10:34:33.615  7415 12690 E [MYTAG][androidmapsapi-ula-1]CrashException: AppCrash NeedToRecordForCheck
09-14 10:34:33.617  7415 10539 V [MYTAG][androidmapsapi-ula-1][UiResInit]: errorinfo:java.lang.RuntimeException: android.os.DeadSystemException
09-14 10:34:33.617  7415 10539 V [MYTAG][androidmapsapi-ula-1][UiResInit]: 	at android.app.ApplicationPackageManager.getApplicationInfoAsUser(ApplicationPackageManager.java:496)
09-14 10:34:33.617  7415 10539 V [MYTAG][androidmapsapi-ula-1][UiResInit]: 	at android.app.ApplicationPackageManager.getApplicationInfo(ApplicationPackageManager.java:480)
09-14 10:34:33.617  7415 10539 V [MYTAG][androidmapsapi-ula-1][UiResInit]: 	at com.google.maps.api.android.lib6.common.g.b(:com.google.android.gms.policy_maps_core_dynamite@252725204@252725201025.791442750.791442750:8)
09-14 10:34:33.617  7415 10539 V [MYTAG][androidmapsapi-ula-1][UiResInit]: 	at com.google.maps.api.android.lib6.impl.hq.run(:com.google.android.gms.policy_maps_core_dynamite@252725204@252725201025.791442750.791442750:563)
09-14 10:34:33.617  7415 10539 V [MYTAG][androidmapsapi-ula-1][UiResInit]: 	at java.util.concurrent.ThreadPoolExecutor.runWorker(ThreadPoolExecutor.java:1167)
09-14 10:34:33.617  7415 10539 V [MYTAG][androidmapsapi-ula-1][UiResInit]: 	at java.util.concurrent.ThreadPoolExecutor$Worker.run(ThreadPoolExecutor.java:641)
09-14 10:34:33.617  7415 10539 V [MYTAG][androidmapsapi-ula-1][UiResInit]: 	at java.lang.Thread.run(Thread.java:919)
09-14 10:34:33.617  7415 10539 V [MYTAG][androidmapsapi-ula-1][UiResInit]: Caused by: android.os.DeadSystemException
09-14 10:34:33.617  7415 10539 V [MYTAG][androidmapsapi-ula-1][UiResInit]: 	... 7 more
09-14 10:34:33.617  7415 10539 V [MYTAG][androidmapsapi-ula-1][UiResInit]: 
09-14 10:34:33.617  7415 10539 V [MYTAG][androidmapsapi-ula-1][UiResInit]: date:2025-09-14 10:34:33
09-14 10:34:33.617  7415 10539 V [MYTAG][androidmapsapi-ula-1][UiResInit]: versioninfo:v2.7.1.250712/524
09-14 10:34:33.617  7415 10539 V [MYTAG][androidmapsapi-ula-1][UiResInit]: mobileInfo:BOARD=msm8998
09-14 10:34:33.617  7415 10539 V [MYTAG][androidmapsapi-ula-1][UiResInit]: BOOTLOADER=T835XXU5CVG2
09-14 10:34:33.617  7415 10539 V [MYTAG][androidmapsapi-ula-1][UiResInit]: BRAND=samsung
09-14 10:34:33.617  7415 10539 V [MYTAG][androidmapsapi-ula-1][UiResInit]: CPU_ABI=arm64-v8a
09-14 10:34:33.617  7415 10539 V [MYTAG][androidmapsapi-ula-1][UiResInit]: CPU_ABI2=
09-14 10:34:33.617  7415 10539 V [MYTAG][androidmapsapi-ula-1][UiResInit]: DEVICE=gts4llte
09-14 10:34:33.617  7415 10539 V [MYTAG][androidmapsapi-ula-1][UiResInit]: DISPLAY=QP1A.190711.020.T835XXU5CVG2
09-14 10:34:33.617  7415 10539 V [MYTAG][androidmapsapi-ula-1][UiResInit]: FINGERPRINT=samsung/gts4lltexx/gts4llte:10/QP1A.190711.020/T835XXU5CVG2:user/release-keys
09-14 10:34:33.617  7415 10539 V [MYTAG][androidmapsapi-ula-1][UiResInit]: HARDWARE=qcom
09-14 10:34:33.617  7415 10539 V [MYTAG][androidmapsapi-ula-1][UiResInit]: HOST=21HH1G04
09-14 10:34:33.617  7415 10539 V [MYTAG][androidmapsapi-ula-1][UiResInit]: ID=QP1A.190711.020
09-14 10:34:33.617  7415 10539 V [MYTAG][androidmapsapi-ula-1][UiResInit]: IS_DEBUGGABLE=false
09-14 10:34:33.617  7415 10539 V [MYTAG][androidmapsapi-ula-1][UiResInit]: IS_EMULATOR=false
09-14 10:34:33.617  7415 10539 V [MYTAG][androidmapsapi-ula-1][UiResInit]: MANUFACTURER=samsung
09-14 10:34:33.617  7415 10539 V [MYTAG][androidmapsapi-ula-1][UiResInit]: MODEL=SM-T835
09-14 10:34:33.617  7415 10539 V [MYTAG][androidmapsapi-ula-1][UiResInit]: PERMISSIONS_REVIEW_REQUIRED=true
09-14 10:34:33.617  7415 10539 V [MYTAG][androidmapsapi-ula-1][UiResInit]: PRODUCT=gts4lltexx
09-14 10:34:33.617  7415 10539 V [MYTAG][androidmapsapi-ula-1][UiResInit]: RADIO=unknown
09-14 10:34:33.617  7415 10539 V [MYTAG][androidmapsapi-ula-1][UiResInit]: SERIAL=unknown
09-14 10:34:33.617  7415 10539 V [MYTAG][androidmapsapi-ula-1][UiResInit]: SUPPORTED_32_BIT_ABIS=[Ljava.lang.String;@1931a68
09-14 10:34:33.617  7415 10539 V [MYTAG][androidmapsapi-ula-1][UiResInit]: SUPPORTED_64_BIT_ABIS=[Ljava.lang.String;@21e1e81
09-14 10:34:33.617  7415 10539 V [MYTAG][androidmapsapi-ula-1][UiResInit]: SUPPORTED_ABIS=[Ljava.lang.String;@ce47b26
09-14 10:34:33.617  7415 10539 V [MYTAG][androidmapsapi-ula-1][UiResInit]: TAGS=release-keys
09-14 10:34:33.617  7415 10539 V [MYTAG][androidmapsapi-ula-1][UiResInit]: TIME=1658709230000
09-14 10:34:33.617  7415 10539 V [MYTAG][androidmapsapi-ula-1][UiResInit]: TYPE=user
09-14 10:34:33.617  7415 10539 V [MYTAG][androidmapsapi-ula-1][UiResInit]: UNKNOWN=unknown
09-14 10:34:33.617  7415 10539 V [MYTAG][androidmapsapi-ula-1][UiResInit]: USER=dpi
09-14 10:34:33.617  7415 10539 V [MYTAG][androidmapsapi-ula-1][UiResInit]: 
09-14 10:34:34.014  7415 10539 V [MYTAG][mail_tcp_socket][ViiSocketMailDataPhraser]: ------------mail---------------
09-14 10:34:34.014  7415 10539 V [MYTAG][mail_tcp_socket][ViiSocketMailDataPhraser]: {"msgid":"battery","info":{"capacity":80,"charge":0},"time":1757846073}
09-14 10:34:34.020  7415 10750 W System  : Ignoring header sessionid because its value was null.
09-14 10:34:34.021  7415 10750 I System.out: (HTTPLog)-Static: isSBSettingEnabled false
09-14 10:34:34.021  7415 10750 I System.out: (HTTPLog)-Static: isSBSettingEnabled false
09-14 10:34:34.021  7415 10539 V [MYTAG][main][Device]: 603 dev is connected:true
09-14 10:34:34.021  7415 10539 V [MYTAG][mail_tcp_socket][ViiSocketMailDataPhraser]: ------------mail---------------
09-14 10:34:34.021  7415 10539 V [MYTAG][mail_tcp_socket][ViiSocketMailDataPhraser]: {"msgid":"sd","info":{"status":0},"time":1757846073}
09-14 10:34:34.021  7415 10539 V [MYTAG][mail_tcp_socket][RemoteOptor]: ----
09-14 10:34:34.021  7415 10539 V [MYTAG][mail_tcp_socket][RemoteOptor]: [CMD]DEV_SDCARD_STATUS_QUERY
09-14 10:34:34.021  7415 10539 V [MYTAG][mail_tcp_socket][RemoteOptor]: [PARAM]null
09-14 10:34:34.021  7415 10539 V [MYTAG][mail_tcp_socket][HttpTransportLayer]: [HTTP SEND GET]
09-14 10:34:34.021  7415 10539 V [MYTAG][mail_tcp_socket][HttpTransportLayer]: 	 url:http://192.168.0.1:80/app/getsdinfo
09-14 10:34:34.048  7415  7415 W ProxyAndroidLoggerBackend: Too many Flogger logs received before configuration. Dropping old logs.
09-14 10:34:34.050  7415  7415 W ProxyAndroidLoggerBackend: Too many Flogger logs received before configuration. Dropping old logs.
09-14 10:34:34.051  7415 10539 V [MYTAG][mail_tcp_socket][HttpTransportLayer]: [HTTP RSP]
09-14 10:34:34.051  7415 10539 V [MYTAG][mail_tcp_socket][HttpTransportLayer]: 	 errcode:0
09-14 10:34:34.051  7415 10539 V [MYTAG][mail_tcp_socket][HttpTransportLayer]: 	[content]{"result":0,"info":{"status":0,"free":286,"total":1883}}
09-14 10:34:34.051  7415 10539 V [MYTAG][mail_tcp_socket][HttpTransportLayer]: -----------------------------------------
09-14 10:34:34.054  7415  7415 W ProxyAndroidLoggerBackend: Too many Flogger logs received before configuration. Dropping old logs.
09-14 10:34:34.057  7415  7415 I chatty  : uid=10291(com.vidure.app) identical 4 lines
09-14 10:34:34.058  7415  7415 W ProxyAndroidLoggerBackend: Too many Flogger logs received before configuration. Dropping old logs.
09-14 10:34:34.066  7415 10539 V [MYTAG][main][Device]: 603 dev is connected:true
09-14 10:34:34.067  7415 10539 V [MYTAG][main][CameraPreviewActivity]: rev msg1:264454
09-14 10:34:34.067  7415 10539 V [MYTAG][main][Device]: 603 dev is connected:true
09-14 10:34:34.068  7415 10539 V [MYTAG][main][CameraPreviewActivity]: rev msg1:589832
09-14 10:34:34.068  7415 12489 W ProxyAndroidLoggerBackend: Too many Flogger logs received before configuration. Dropping old logs.
09-14 10:34:34.103  7415 12487 W ProxyAndroidLoggerBackend: Too many Flogger logs received before configuration. Dropping old logs.
09-14 10:34:34.103  7415 12487 I chatty  : uid=10291(com.vidure.app) identical 1 line
09-14 10:34:34.104  7415 12487 W ProxyAndroidLoggerBackend: Too many Flogger logs received before configuration. Dropping old logs.
09-14 10:34:34.397  7415 10539 V [MYTAG][androidmapsapi-ula-1][CameraPreviewActivity]: CameraPreviewActivity finish...
09-14 10:34:34.403  7415 10539 V [MYTAG][androidmapsapi-ula-1][MainActivity]: MainActivity finish...
09-14 10:34:34.403  7415 10539 D [MYTAG][main][GoogleMapAdapter]: onPause
09-14 10:34:34.405  7415 10539 V [MYTAG][main][CameraPreviewActivity]: CameraPreviewActivity onPause...
09-14 10:34:34.405  7415 10539 V [MYTAG][pool-10-thread-6][onPause_stop_player]: runnable  is start.
09-14 10:34:34.405  7415 10539 V [MYTAG][pool-10-thread-6][b]: toStopSync...
09-14 10:34:34.426  7415 10539 D [MYTAG][main][GoogleMapAdapter]: onDestroy
09-14 10:34:34.426  7415  7415 D Google Android Maps SDK: For capability in capabilities, log:
09-14 10:34:34.426  7415  7415 D Google Android Maps SDK: "AdvancedMarkers: false: Capabilities unavailable without a Map ID."Data-driven styling: false
09-14 10:34:34.430  7415  7415 W ProxyAndroidLoggerBackend: Too many Flogger logs received before configuration. Dropping old logs.
09-14 10:34:34.435  7415  7415 W ProxyAndroidLoggerBackend: Too many Flogger logs received before configuration. Dropping old logs.
09-14 10:34:34.436  7415  7415 W ProxyAndroidLoggerBackend: Too many Flogger logs received before configuration. Dropping old logs.
09-14 10:34:34.436  7415  7415 W ProxyAndroidLoggerBackend: Too many Flogger logs received before configuration. Dropping old logs.
09-14 10:34:34.436  7415  7415 I chatty  : uid=10291(com.vidure.app) identical 2 lines
09-14 10:34:34.436  7415  7415 W ProxyAndroidLoggerBackend: Too many Flogger logs received before configuration. Dropping old logs.
09-14 10:34:34.437  7415  7415 W ProxyAndroidLoggerBackend: Too many Flogger logs received before configuration. Dropping old logs.
09-14 10:34:34.437  7415  7415 I chatty  : uid=10291(com.vidure.app) identical 3 lines
09-14 10:34:34.437  7415  7415 W ProxyAndroidLoggerBackend: Too many Flogger logs received before configuration. Dropping old logs.
09-14 10:34:34.438  7415  7415 W ProxyAndroidLoggerBackend: Too many Flogger logs received before configuration. Dropping old logs.
09-14 10:34:34.439  7415  7415 W ProxyAndroidLoggerBackend: Too many Flogger logs received before configuration. Dropping old logs.
09-14 10:34:34.442  7415  7415 W ProxyAndroidLoggerBackend: Too many Flogger logs received before configuration. Dropping old logs.
09-14 10:34:34.449  7415  7415 W ProxyAndroidLoggerBackend: Too many Flogger logs received before configuration. Dropping old logs.
09-14 10:34:34.449  7415  7415 W ProxyAndroidLoggerBackend: Too many Flogger logs received before configuration. Dropping old logs.
09-14 10:34:34.450  7415  7415 I chatty  : uid=10291(com.vidure.app) identical 2 lines
09-14 10:34:34.451  7415  7415 W ProxyAndroidLoggerBackend: Too many Flogger logs received before configuration. Dropping old logs.
09-14 10:34:34.452  7415  7415 W ProxyAndroidLoggerBackend: Too many Flogger logs received before configuration. Dropping old logs.
09-14 10:34:34.454  7415  7415 W ProxyAndroidLoggerBackend: Too many Flogger logs received before configuration. Dropping old logs.
09-14 10:34:34.455  7415  7415 W ProxyAndroidLoggerBackend: Too many Flogger logs received before configuration. Dropping old logs.
09-14 10:34:34.455  7415  7415 W ProxyAndroidLoggerBackend: Too many Flogger logs received before configuration. Dropping old logs.
09-14 10:34:34.455  7415  7415 I chatty  : uid=10291(com.vidure.app) identical 1 line
09-14 10:34:34.456  7415  7415 W ProxyAndroidLoggerBackend: Too many Flogger logs received before configuration. Dropping old logs.
09-14 10:34:34.456  7415  7415 W ProxyAndroidLoggerBackend: Too many Flogger logs received before configuration. Dropping old logs.
09-14 10:34:34.457  7415  7415 W ProxyAndroidLoggerBackend: Too many Flogger logs received before configuration. Dropping old logs.
09-14 10:34:34.458  7415  7415 I chatty  : uid=10291(com.vidure.app) identical 2 lines
09-14 10:34:34.458  7415  7415 W ProxyAndroidLoggerBackend: Too many Flogger logs received before configuration. Dropping old logs.
09-14 10:34:34.459  7415  7415 W ProxyAndroidLoggerBackend: Too many Flogger logs received before configuration. Dropping old logs.
09-14 10:34:34.459  7415  7415 W ProxyAndroidLoggerBackend: Too many Flogger logs received before configuration. Dropping old logs.
09-14 10:34:34.460  7415  7415 W ProxyAndroidLoggerBackend: Too many Flogger logs received before configuration. Dropping old logs.
09-14 10:34:34.461  7415  7415 W ProxyAndroidLoggerBackend: Too many Flogger logs received before configuration. Dropping old logs.
09-14 10:34:34.461  7415  7415 W ProxyAndroidLoggerBackend: Too many Flogger logs received before configuration. Dropping old logs.
09-14 10:34:34.461  7415  7415 W ProxyAndroidLoggerBackend: Too many Flogger logs received before configuration. Dropping old logs.
09-14 10:34:34.461  7415  7415 I chatty  : uid=10291(com.vidure.app) identical 1 line
09-14 10:34:34.462  7415  7415 W ProxyAndroidLoggerBackend: Too many Flogger logs received before configuration. Dropping old logs.
09-14 10:34:34.518  7415  7415 W ProxyAndroidLoggerBackend: Too many Flogger logs received before configuration. Dropping old logs.
09-14 10:34:34.518  7415  7415 W ProxyAndroidLoggerBackend: Too many Flogger logs received before configuration. Dropping old logs.
09-14 10:34:34.518  7415  7415 W ProxyAndroidLoggerBackend: Too many Flogger logs received before configuration. Dropping old logs.
09-14 10:34:34.519  7415  7415 I chatty  : uid=10291(com.vidure.app) identical 5 lines
09-14 10:34:34.520  7415  7415 W ProxyAndroidLoggerBackend: Too many Flogger logs received before configuration. Dropping old logs.
09-14 10:34:34.523  7415  7415 W ProxyAndroidLoggerBackend: Too many Flogger logs received before configuration. Dropping old logs.
09-14 10:34:34.525  7415  7415 I chatty  : uid=10291(com.vidure.app) identical 3 lines
09-14 10:34:34.526  7415  7415 W ProxyAndroidLoggerBackend: Too many Flogger logs received before configuration. Dropping old logs.
09-14 10:34:34.527  7415  7415 W ProxyAndroidLoggerBackend: Too many Flogger logs received before configuration. Dropping old logs.
09-14 10:34:34.529  7415  7415 I chatty  : uid=10291(com.vidure.app) identical 11 lines
09-14 10:34:34.529  7415  7415 W ProxyAndroidLoggerBackend: Too many Flogger logs received before configuration. Dropping old logs.
09-14 10:34:34.530  7415 10539 V [MYTAG][Thread-30][MyApplication]: activity is not empty ,wait 10ms.
09-14 10:34:34.530  7415  7415 W ProxyAndroidLoggerBackend: Too many Flogger logs received before configuration. Dropping old logs.
09-14 10:34:34.531  7415  7415 I chatty  : uid=10291(com.vidure.app) identical 12 lines
09-14 10:34:34.531  7415  7415 W ProxyAndroidLoggerBackend: Too many Flogger logs received before configuration. Dropping old logs.
09-14 10:34:34.531  7415  7415 W ProxyAndroidLoggerBackend: Too many Flogger logs received before configuration. Dropping old logs.
09-14 10:34:34.533  7415  7415 I chatty  : uid=10291(com.vidure.app) identical 17 lines
09-14 10:34:34.533  7415  7415 W ProxyAndroidLoggerBackend: Too many Flogger logs received before configuration. Dropping old logs.
09-14 10:34:34.534  7415  7415 W ProxyAndroidLoggerBackend: Too many Flogger logs received before configuration. Dropping old logs.
09-14 10:34:34.534  7415  7415 W ProxyAndroidLoggerBackend: Too many Flogger logs received before configuration. Dropping old logs.
09-14 10:34:34.534  7415  7415 W ProxyAndroidLoggerBackend: Too many Flogger logs received before configuration. Dropping old logs.
09-14 10:34:34.534  7415  7415 W ProxyAndroidLoggerBackend: Too many Flogger logs received before configuration. Dropping old logs.
09-14 10:34:34.534  7415  7415 W ProxyAndroidLoggerBackend: Too many Flogger logs received before configuration. Dropping old logs.
09-14 10:34:34.534  7415  7415 W ProxyAndroidLoggerBackend: Too many Flogger logs received before configuration. Dropping old logs.
09-14 10:34:34.534  7415  7415 W ProxyAndroidLoggerBackend: Too many Flogger logs received before configuration. Dropping old logs.
09-14 10:34:34.534  7415  7415 W ProxyAndroidLoggerBackend: Too many Flogger logs received before configuration. Dropping old logs.
09-14 10:34:34.549  7415  7415 I chatty  : uid=10291(com.vidure.app) identical 123 lines
09-14 10:34:34.549  7415  7415 W ProxyAndroidLoggerBackend: Too many Flogger logs received before configuration. Dropping old logs.
09-14 10:34:34.550  7415 10539 V [MYTAG][main][MainActivity]: MainActivity onDestroy...
09-14 10:34:34.552  7415 10539 D [MYTAG][main][DefaultDialog]: dismiss dialogId:general_waiting_dlg
09-14 10:34:34.552  7415 10539 V [MYTAG][main][CameraTabFragment]: CameraTabFragment onDestroy...
09-14 10:34:34.553  7415 10539 V [MYTAG][main][AlbumTabFragment]: AlbumTabFragment onDestroy...
09-14 10:34:34.554  7415 10539 V [MYTAG][main][AiEditorTabFragment]: AiEditorTabFragment onDestroy...
09-14 10:34:34.555  7415 10539 V [MYTAG][main][VMeTabFragment]: VMeTabFragment onDestroy...
09-14 10:34:34.555  7415 10539 V [MYTAG][main][LlService]: the app license is valid.
09-14 10:34:34.556  7415  7415 D ViewRootImpl@533b6e[MainActivity]: dispatchDetachedFromWindow
09-14 10:34:34.566  7415  7415 D InputTransport: Input channel destroyed: '492a3ee', fd=155
09-14 10:34:34.569  7415  7415 D ViewRootImpl@2755b8c[CameraPreviewActivity]: MSG_WINDOW_FOCUS_CHANGED 0 1
09-14 10:34:34.569  7415  7415 D InputMethodManager: prepareNavigationBarInfo() DecorView@7547a85[CameraPreviewActivity]
09-14 10:34:34.569  7415  7415 D InputMethodManager: getNavigationBarColor() -1
09-14 10:34:34.570  7415  7415 D InputTransport: Input channel destroyed: 'ClientS', fd=110
09-14 10:34:34.572  7415 10539 V [MYTAG][main][CameraPreviewActivity]: CameraPreviewActivity onWindowFocusChanged...false
09-14 10:34:34.602  7415  7415 D ViewRootImpl@2755b8c[CameraPreviewActivity]: Relayout returned: old=(0,0,2560,1600) new=(0,0,2560,1600) req=(2560,1600)0 dur=5 res=0x1 s={true 519624855552} ch=false
09-14 10:34:34.633  7415 10539 V [MYTAG][Thread-30][MyApplication]: activity is not empty ,wait 10ms.
09-14 10:34:34.705  7415 10539 V [MYTAG][pool-25-thread-1][toStop]: runnable  is start.
09-14 10:34:34.705  7415 10778 D IJKMEDIA: ijkmp_stop()
09-14 10:34:34.705  7415 10539 V [MYTAG][pool-25-thread-1][IjkPreviewPlayer]: ... start to stop!!
09-14 10:34:34.705  7415 10778 D IJKMEDIA: ijkmp_stop()=0
09-14 10:34:34.705  7415 10790 D IJKMEDIA: message_loop exit
09-14 10:34:34.705  7415 10790 I IJKMEDIA: SDL_JNI_DetachThreadEnv: [10790]
09-14 10:34:34.705  7415 10778 D IJKMEDIA: IjkMediaPlayer_native_profileEnd
09-14 10:34:34.705  7415 10778 D aprof-fake: fake-momcleanup
09-14 10:34:34.705  7415 10778 D IJKMEDIA: moncleanup
09-14 10:34:34.705  7415 10778 D IJKMEDIA: IjkMediaPlayer_release
09-14 10:34:34.705  7415 10539 V [MYTAG][pool-25-thread-1][IjkPreviewPlayer]: release:
09-14 10:34:34.705  7415 10778 D IJKMEDIA: ijkmp_set_android_surface(surface=0x0)
09-14 10:34:34.707  7415 10778 D IJKMEDIA: ffpipeline_set_surface()
09-14 10:34:34.707  7415 10778 D IJKMEDIA: ijkmp_set_android_surface(surface=0x0)=void
09-14 10:34:34.707  7415 10778 D IJKMEDIA: ijkmp_shutdown_l()
09-14 10:34:34.707  7415 10802 I IJKMEDIA: convert image convert_frame_count = 0
09-14 10:34:34.707  7415 10802 I IJKMEDIA: SDL_JNI_DetachThreadEnv: [10802]
09-14 10:34:34.712  7415 10792 I IJKMEDIA: SDL_JNI_DetachThreadEnv: [10792]
09-14 10:34:34.730  7415 10539 V [MYTAG][Thread-30][MyApplication]: activity is not empty ,wait 10ms.
09-14 10:34:34.732  7415 10793 I IJKMEDIA: read_packet len is -1.
09-14 10:34:34.732  7415 10793 E IJKMEDIA: read_packet ret < 0:-1,s->nb_streams:2.
09-14 10:34:34.732  7415 10793 I IJKMEDIA: ff_read_packet ret is -1,s->internal->parse_queue:0.
09-14 10:34:34.732  7415 10793 I IJKMEDIA: read thread abort_request.
09-14 10:34:34.732  7415 10793 I IJKMEDIA: SDL_JNI_DetachThreadEnv: [10793]
09-14 10:34:34.734  7415 10778 I IJKMEDIA: s->iformat->read_close
09-14 10:34:34.830  7415 10539 V [MYTAG][Thread-30][MyApplication]: activity is not empty ,wait 10ms.
09-14 10:34:34.928  7415  7415 D SurfaceView: onWindowVisibilityChanged(8) false android.view.SurfaceView{5e2a478 G.E...... ......I. 0,0-0,0 #7f0905a0 app:id/surface_view} of ViewRootImpl@2755b8c[CameraPreviewActivity]
09-14 10:34:34.928  7415  7415 D SurfaceView: onWindowVisibilityChanged(8) false android.opengl.GLSurfaceView{c6cc751 G.E...... ......I. 0,0-0,0 #7f090262 app:id/gl_surface_view} of ViewRootImpl@2755b8c[CameraPreviewActivity]
09-14 10:34:34.929  7415 10534 D OpenGLRenderer: makeCurrent EglSurface : 0x78ec9fca00 -> 0x0
09-14 10:34:34.930  7415 10539 V [MYTAG][Thread-30][MyApplication]: activity is not empty ,wait 10ms.
09-14 10:34:34.936  7415  7415 D ViewRootImpl@2755b8c[CameraPreviewActivity]: Relayout returned: old=(0,0,2560,1600) new=(0,0,2560,1600) req=(2560,1600)8 dur=5 res=0x5 s={false 0} ch=true
09-14 10:34:34.936  7415 10539 D [MYTAG][main][GoogleMapAdapter]: onStop
09-14 10:34:34.937  7415  7415 D ViewRootImpl@2755b8c[CameraPreviewActivity]: stopped(true) old=false
09-14 10:34:34.938  7415  7415 D SurfaceView: windowStopped(true) false android.view.SurfaceView{5e2a478 G.E...... ......I. 0,0-0,0 #7f0905a0 app:id/surface_view} of ViewRootImpl@2755b8c[CameraPreviewActivity]
09-14 10:34:34.938  7415  7415 D SurfaceView: windowStopped(true) false android.opengl.GLSurfaceView{c6cc751 G.E...... ......I. 0,0-0,0 #7f090262 app:id/gl_surface_view} of ViewRootImpl@2755b8c[CameraPreviewActivity]
09-14 10:34:34.938  7415 10539 V [MYTAG][main][CameraPreviewActivity]: CameraPreviewActivity onStop...
09-14 10:34:34.938  7415 10539 V [MYTAG][main][ActivityListMgr]: app switch to background
09-14 10:34:34.939  7415 10539 D [MYTAG][main][GoogleMapAdapter]: onDestroy
09-14 10:34:34.939  7415  7415 D Google Android Maps SDK: For capability in capabilities, log:
09-14 10:34:34.939  7415  7415 D Google Android Maps SDK: "AdvancedMarkers: false: Capabilities unavailable without a Map ID."Data-driven styling: false
09-14 10:34:34.943  7415  7415 W ProxyAndroidLoggerBackend: Too many Flogger logs received before configuration. Dropping old logs.
09-14 10:34:34.963  7415  7415 W ProxyAndroidLoggerBackend: Too many Flogger logs received before configuration. Dropping old logs.
09-14 10:34:34.966  7415 10539 V [MYTAG][pool-10-thread-5][log_out]: runnable  is start.
09-14 10:34:34.966  7415 10539 D [MYTAG][main][TrackLocateService]: shutdown TrackLocateService:
09-14 10:34:34.966  7415 10539 V [MYTAG][pool-10-thread-5][RemoteOptor]: ----
09-14 10:34:34.966  7415 10539 V [MYTAG][pool-10-thread-5][RemoteOptor]: [CMD]Basic_Auth_Logout
09-14 10:34:34.966  7415 10539 V [MYTAG][pool-10-thread-5][RemoteOptor]: [PARAM]null
09-14 10:34:34.967  7415 10552 W System  : Ignoring header sessionid because its value was null.
09-14 10:34:34.967  7415 10552 I System.out: (HTTPLog)-Static: isSBSettingEnabled false
09-14 10:34:34.967  7415 10552 I System.out: (HTTPLog)-Static: isSBSettingEnabled false
09-14 10:34:34.968  7415 10539 V [MYTAG][pool-10-thread-5][HttpTransportLayer]: [HTTP SEND GET]
09-14 10:34:34.968  7415 10539 V [MYTAG][pool-10-thread-5][HttpTransportLayer]: 	 url:http://192.168.0.1:80/app/exitrecorder
09-14 10:34:34.969  7415 10539 D [MYTAG][main][ExitApp]: activityList size=1, remove activity=CameraPreviewActivity
09-14 10:34:34.970  7415 10539 V [MYTAG][main][CameraPreviewActivity]: CameraPreviewActivity onDestroy...
09-14 10:34:34.970  7415 10539 D [MYTAG][main][DefaultDialog]: dismiss dialogId:general_waiting_dlg
09-14 10:34:34.974  7415 10539 V [MYTAG][main][IjkPreviewPlayer]: destroy...
09-14 10:34:34.991  7415 10552 E [MYTAG][pool-10-thread-5]JsonRawRspHanlder: http getResponseCode():404
09-14 10:34:34.992  7415 10539 V [MYTAG][pool-10-thread-5][HttpTransportLayer]: [HTTP RSP]
09-14 10:34:34.992  7415 10539 V [MYTAG][pool-10-thread-5][HttpTransportLayer]: 	 errcode:4114
09-14 10:34:34.992  7415 10539 V [MYTAG][pool-10-thread-5][HttpTransportLayer]: 	[content]
09-14 10:34:34.992  7415 10539 V [MYTAG][pool-10-thread-5][HttpTransportLayer]: -----------------------------------------
09-14 10:34:34.992  7415 10539 V [MYTAG][pool-10-thread-5][log_out]: runnable  is end.
09-14 10:34:35.031  7415 10539 V [MYTAG][Thread-30][MyApplication]: activity is not empty ,wait 10ms.
09-14 10:34:35.035  7415 10778 I IJKMEDIA: rtsp close streams end 
09-14 10:34:35.036  7415 10778 E IJKMEDIA: SDL_Overlay(ffmpeg): overlay_free_l(0x793441cd10)
09-14 10:34:35.036  7415 10778 E IJKMEDIA: SDL_Overlay(ffmpeg): overlay_free_l(0x793441cd80)
09-14 10:34:35.036  7415 10778 E IJKMEDIA: SDL_Overlay(ffmpeg): overlay_free_l(0x793441cdf0)
09-14 10:34:35.036  7415 10778 E IJKMEDIA: SDL_Overlay(ffmpeg): overlay_free_l(0x793441d100)
09-14 10:34:35.036  7415 10778 E IJKMEDIA: SDL_Overlay(ffmpeg): overlay_free_l(0x793441d870)
09-14 10:34:35.036  7415 10778 E IJKMEDIA: SDL_Overlay(ffmpeg): overlay_free_l(0x793441d8e0)
09-14 10:34:35.036  7415 10778 E IJKMEDIA: SDL_Overlay(ffmpeg): overlay_free_l(0x793441d950)
09-14 10:34:35.036  7415 10778 E IJKMEDIA: SDL_Overlay(ffmpeg): overlay_free_l(0x793441d9c0)
09-14 10:34:35.036  7415 10778 E IJKMEDIA: SDL_Overlay(ffmpeg): overlay_free_l(0x793441da30)
09-14 10:34:35.036  7415 10778 E IJKMEDIA: SDL_Overlay(ffmpeg): overlay_free_l(0x793441daa0)
09-14 10:34:35.036  7415 10778 E IJKMEDIA: SDL_Overlay(ffmpeg): overlay_free_l(0x793441db10)
09-14 10:34:35.036  7415 10778 E IJKMEDIA: SDL_Overlay(ffmpeg): overlay_free_l(0x793441db80)
09-14 10:34:35.036  7415 10778 D IJKMEDIA: ijkmp_shutdown_l()=void
09-14 10:34:35.036  7415 10778 D IJKMEDIA: ijkmp_dec_ref(): ref=0
09-14 10:34:35.036  7415 10778 D IJKMEDIA: ijkmp_shutdown_l()
09-14 10:34:35.036  7415 10778 D IJKMEDIA: ijkmp_shutdown_l()=void
09-14 10:34:35.038  7415 10539 V [MYTAG][pool-25-thread-1][IjkPreviewPlayer]: stopped.
09-14 10:34:35.584  7415 10539 V [MYTAG][pool-25-thread-1][toStop]: runnable  is end.
09-14 10:34:35.584  7415 10539 V [MYTAG][main][IjkPreviewPlayer]: release:
09-14 10:34:35.584  7415 10539 V [MYTAG][main][IjkPreviewPlayer]: destroyed
09-14 10:34:35.584  7415 10539 V [MYTAG][main][DadaTplViewLayout]: onDetachedFromWindow.
09-14 10:34:35.584  7415 10539 V [MYTAG][main][DadaTplViewLayout]:  null
09-14 10:34:35.585  7415 10539 V [MYTAG][main][DadaTplViewLayout]: destroyed unregister.
09-14 10:34:35.585  7415 10539 V [MYTAG][main][DadaTplViewLayout]:  null
09-14 10:34:35.601  7415  7415 D ViewRootImpl@2755b8c[CameraPreviewActivity]: dispatchDetachedFromWindow
09-14 10:34:35.617  7415  7415 D InputTransport: Input channel destroyed: '6acef6 ', fd=122
09-14 10:34:35.618  7415  7415 I Choreographer: Skipped 40 frames!  The application may be doing too much work on its main thread.
09-14 10:34:35.642  7415 10539 V [MYTAG][main][TrackLocateService]:  onDestroy... 116385228
09-14 10:34:35.646  7415  7415 I com.vidure.app: System.exit called, status: 0
09-14 10:34:35.646  7415  7415 I AndroidRuntime: VM exiting with result code 0, cleanup skipped.
09-14 10:38:11.450  7977  7977 E com.vidure.app: Not starting debugger since process cannot load the jdwp agent.
09-14 10:38:11.460  7977  7977 D ActivityThread: setConscryptValidator
09-14 10:38:11.460  7977  7977 D ActivityThread: setConscryptValidator - put
09-14 10:38:11.489  7977  7977 I com.vidure.app: The ClassLoaderContext is a special shared library.
09-14 10:38:11.532  7977  7977 W com.vidure.app: JIT profile information will not be recorded: profile file does not exits.
09-14 10:38:11.532  7977  7977 I chatty  : uid=10291(com.vidure.app) identical 1 line
09-14 10:38:11.532  7977  7977 W com.vidure.app: JIT profile information will not be recorded: profile file does not exits.
09-14 10:38:11.543  7977  7977 I MultiDex: VM with version 2.1.0 has multidex support
09-14 10:38:11.543  7977  7977 I MultiDex: Installing application
09-14 10:38:11.543  7977  7977 I MultiDex: VM has multidex support, MultiDex support library is disabled.
09-14 10:38:11.546  7977  7977 W HMSSDK_PushPreferences: get new sharedPreferences failed,start to get from context. 
09-14 10:38:11.552  7977  7977 I FirebaseApp: Device unlocked: initializing all Firebase APIs for app [DEFAULT]
09-14 10:38:11.557  7977  7977 I FirebaseInitProvider: FirebaseApp initialization successful
09-14 10:38:11.580  7977  7977 W com.facebook.h: The value for AdvertiserIDCollectionEnabled is currently set to FALSE so you're sending app events without collecting Advertiser ID. This can affect the quality of your advertising and analytics results.
09-14 10:38:11.587  7977 12942 W p2.C    : Apps that target Android API 30+ (Android 11+) cannot call Facebook native apps unless the package visibility needs are declared. Please follow https://developers.facebook.com/docs/android/troubleshooting/#faq_267321845055988 to make the declaration.
09-14 10:38:11.591  7977  7977 I AGConnectProvider: AGConnectInitializeProvider#onCreate
09-14 10:38:11.591  7977  7977 I AGConnectInstance: AGConnectInstance#initialize
09-14 10:38:11.591  7977  7977 W AGC_Instance: agc sdk initialize
09-14 10:38:11.591  7977  7977 I AGC_Registrar: getServices
09-14 10:38:11.592  7977  7977 I AGC_Registrar: services:0
09-14 10:38:11.592  7977  7977 D AGC_Instance: AGConnectInstanceImpl init
09-14 10:38:11.592  7977  7977 D AGC_ServiceRepository: addService start
09-14 10:38:11.592  7977  7977 D AGC_ServiceRepository: addService end
09-14 10:38:11.592  7977  7977 D AGC_ServiceRepository: addService start
09-14 10:38:11.592  7977  7977 D AGC_Instance: AGConnectInstanceImpl init end
09-14 10:38:11.592  7977  7977 I AGC_Instance: initFinish callback start
09-14 10:38:11.592  7977  7977 I AGC_Instance: AGC SDK initialize end
09-14 10:38:11.616  7977 12943 D NetworkSecurityConfig: Using Network Security Config from resource network_security debugBuild: false
09-14 10:38:11.618  7977 12943 E com.facebook.c: GraphRequest can't be used when Facebook SDK isn't fully initialized
09-14 10:38:11.618  7977 12935 E com.facebook.c: GraphRequest can't be used when Facebook SDK isn't fully initialized
09-14 10:38:11.620  7977 12935 E com.facebook.c: GraphRequest can't be used when Facebook SDK isn't fully initialized
09-14 10:38:11.665  7977  7977 V MyApplication: APP start cost--- onCreate：4
09-14 10:38:11.667  7977  7977 W ActivityThread: handleWindowVisibility: no activity for token android.os.BinderProxy@c0ee47c
09-14 10:38:11.667  7977 12935 E com.facebook.c: GraphRequest can't be used when Facebook SDK isn't fully initialized
09-14 10:38:11.713  7977  7977 D PhoneWindow: forceLight changed to true [] from com.android.internal.policy.PhoneWindow.updateForceLightNavigationBar:4268 com.android.internal.policy.DecorView.updateColorViews:1513 com.android.internal.policy.PhoneWindow.dispatchWindowAttributesChanged:3246 android.view.Window.setFlags:1148 com.android.internal.policy.PhoneWindow.generateLayout:2474 
09-14 10:38:11.713  7977  7977 D PhoneWindow: forceLight changed to false [] from com.android.internal.policy.PhoneWindow.updateForceLightNavigationBar:4274 com.android.internal.policy.DecorView.updateColorViews:1513 com.android.internal.policy.PhoneWindow.dispatchWindowAttributesChanged:3246 android.view.Window.setFlags:1148 com.android.internal.policy.PhoneWindow.generateLayout:2620 
09-14 10:38:11.713  7977  7977 I MultiWindowDecorSupport: updateCaptionType >> DecorView@8897575[], isFloating: false, isApplication: true, hasWindowDecorCaption: false, hasWindowControllerCallback: true
09-14 10:38:11.713  7977  7977 D MultiWindowDecorSupport: setCaptionType = 0, DecorView = DecorView@8897575[]
09-14 10:38:11.770  7977  7977 V UiResInit: [start] do first step init. 
09-14 10:38:11.770  7977  7977 V UiResInit: [end] do first step init. 
09-14 10:38:11.771  7977 12963 V UiResInit: [start] do second step init. 
09-14 10:38:11.782  7977  7977 D ViewRootImpl@6049437[SplashActivity]: setView = com.android.internal.policy.DecorView@8897575 TM=true MM=false
09-14 10:38:11.784  7977 12935 E com.facebook.c: GraphRequest can't be used when Facebook SDK isn't fully initialized
09-14 10:38:11.795  7977  7977 D ViewRootImpl@6049437[SplashActivity]: Relayout returned: old=(0,0,1600,2560) new=(0,0,1600,2560) req=(1600,2560)0 dur=6 res=0x7 s={true 525100605440} ch=true
09-14 10:38:11.795  7977 12960 D OpenGLRenderer: createReliableSurface : 0x79af41c840(0x7a426f6000)
09-14 10:38:11.795  7977 12960 I AdrenoGLES: QUALCOMM build                   : f3ac570, I0807496fd3
09-14 10:38:11.795  7977 12960 I AdrenoGLES: Build Date                       : 09/04/20
09-14 10:38:11.795  7977 12960 I AdrenoGLES: OpenGL ES Shader Compiler Version: EV031.27.05.03
09-14 10:38:11.795  7977 12960 I AdrenoGLES: Local Branch                     : 
09-14 10:38:11.795  7977 12960 I AdrenoGLES: Remote Branch                    : refs/tags/AU_LINUX_ANDROID_LA.UM.8.4.R1.10.00.00.559.047
09-14 10:38:11.795  7977 12960 I AdrenoGLES: Remote Branch                    : NONE
09-14 10:38:11.795  7977 12960 I AdrenoGLES: Reconstruct Branch               : NOTHING
09-14 10:38:11.795  7977 12960 I AdrenoGLES: Build Config                     : C O 9.0.3 AArch64
09-14 10:38:11.799  7977 12960 I AdrenoGLES: PFP: 0x005ff113, ME: 0x005ff066
09-14 10:38:11.809  7977 12960 D OpenGLRenderer: makeCurrent EglSurface : 0x0 -> 0x0
09-14 10:38:11.817  7977 12963 D EventBus: No subscribers registered for event class com.vidure.app.core.fw.msg.PhoneEventBusMsg
09-14 10:38:11.817  7977 12963 D EventBus: No subscribers registered for event class Ee.f
09-14 10:38:11.818  7977 12960 D OpenGLRenderer: makeCurrent EglSurface : 0x0 -> 0x79af597700
09-14 10:38:11.824  7977 12960 W Gralloc3: mapper 3.x is not supported
09-14 10:38:11.844  7977 12968 V [MYTAG][pool-10-thread-1][HttpDevRequest]: set properties:[http.keepAlive] to value:false
09-14 10:38:11.844  7977 12968 V [MYTAG][pool-10-thread-1][BaseStorage]: /storage/emulated/0/Android/data/com.vidure.app/Viidure true
09-14 10:38:11.844  7977 12968 V [MYTAG][pool-10-thread-1][StorageMgr]: initGlobalPath type = 4, isOk = true, root = /storage/emulated/0/Android/data/com.vidure.app
09-14 10:38:11.844  7977 12968 V [MYTAG][pool-10-thread-1][VidureSDK]: start init Service:com.vidure.app.core.modules.base.service.ConfigMgr
09-14 10:38:11.844  7977 12968 V [MYTAG][pool-10-thread-1][ConfigMgr]: this service without subscribe EventBus,e.msg:Subscriber class com.vidure.app.core.modules.base.service.ConfigMgr and its super classes have no public methods with the @Subscribe annotation
09-14 10:38:11.844  7977 12968 I [MYTAG][pool-10-thread-1][ConfigMgr]: the app func:
09-14 10:38:11.844  7977 12968 V [MYTAG][pool-10-thread-1][LanguageUtils]: Application curLocale = de_DE, newLocale  = de_DE
09-14 10:38:11.844  7977 12968 V [MYTAG][pool-10-thread-1][ConfigMgr]: set appInfo.curLocale:de_DE System:de_DE
09-14 10:38:11.844  7977 12968 I [MYTAG][pool-10-thread-1][ConfigMgr]: setTimeFormat(), fullFormatStr:   timeFormat:TimeFormat{langStr='de_DE'}
09-14 10:38:11.845  7977 12968 I [MYTAG][pool-10-thread-1][ConfigMgr]: setTimeFormat(), fullFormatStr:   timeFormat:TimeFormat{langStr='de_DE'}
09-14 10:38:11.845  7977 12968 V [MYTAG][pool-10-thread-1][ConfigMgr]: init done.
09-14 10:38:11.845  7977 12968 V [MYTAG][pool-10-thread-1][VidureSDK]: end init Service:com.vidure.app.core.modules.base.service.ConfigMgr
09-14 10:38:11.845  7977 12968 V [MYTAG][pool-10-thread-1][MYLog]: updateStoragePath...
09-14 10:38:11.845  7977 12968 V [MYTAG][pool-10-thread-1][MYLog]: start log thread...
09-14 10:38:11.845  7977 12968 V [MYTAG][pool-10-thread-2][sdk_asyn_init: ConfigMgr]: runnable  is start.
09-14 10:38:11.845  7977 12968 V [MYTAG][pool-10-thread-2][ConfigMgr]: initDelay done.
09-14 10:38:11.845  7977 12968 V [MYTAG][pool-10-thread-2][ConfigMgr]: initInnerDelay done.
09-14 10:38:11.845  7977 12968 V [MYTAG][pool-10-thread-2][sdk_asyn_init: ConfigMgr]: runnable  is end.
09-14 10:38:11.851  7977 12935 E com.facebook.c: GraphRequest can't be used when Facebook SDK isn't fully initialized
09-14 10:38:11.852  7977 12935 I chatty  : uid=10291(com.vidure.app) AsyncTask #1 identical 1 line
09-14 10:38:11.852  7977 12935 E com.facebook.c: GraphRequest can't be used when Facebook SDK isn't fully initialized
09-14 10:38:11.852  7977  7977 D ViewRootImpl@6049437[SplashActivity]: MSG_WINDOW_FOCUS_CHANGED 1 1
09-14 10:38:11.852  7977  7977 D InputMethodManager: prepareNavigationBarInfo() DecorView@8897575[SplashActivity]
09-14 10:38:11.852  7977  7977 D InputMethodManager: getNavigationBarColor() -1
09-14 10:38:11.852  7977 12935 E com.facebook.c: GraphRequest can't be used when Facebook SDK isn't fully initialized
09-14 10:38:11.853  7977  7977 D InputMethodManager: prepareNavigationBarInfo() DecorView@8897575[SplashActivity]
09-14 10:38:11.853  7977  7977 D InputMethodManager: getNavigationBarColor() -1
09-14 10:38:11.853  7977  7977 V InputMethodManager: Starting input: tba=com.vidure.app ic=null mNaviBarColor -1 mIsGetNaviBarColorSuccess true , NavVisible : true , NavTrans : false
09-14 10:38:11.853  7977  7977 D InputMethodManager: startInputInner - Id : 0
09-14 10:38:11.853  7977  7977 I InputMethodManager: startInputInner - mService.startInputOrWindowGainedFocus
09-14 10:38:11.858  7977  7977 D ViewRootImpl@6049437[SplashActivity]: MSG_RESIZED_REPORT: frame=(0,0,1600,2560) ci=(0,54,0,108) vi=(0,54,0,108) or=1
09-14 10:38:11.859  7977  7977 D InputMethodManager: prepareNavigationBarInfo() DecorView@8897575[SplashActivity]
09-14 10:38:11.859  7977  7977 D InputMethodManager: getNavigationBarColor() -1
09-14 10:38:11.859  7977  7977 V InputMethodManager: Starting input: tba=com.vidure.app ic=null mNaviBarColor -1 mIsGetNaviBarColorSuccess true , NavVisible : true , NavTrans : false
09-14 10:38:11.859  7977  7977 D InputMethodManager: startInputInner - Id : 0
09-14 10:38:11.926  7977 12968 V [MYTAG][pool-10-thread-1][UiResInit]: [end] do second step init. 
09-14 10:38:11.928  7977 12968 V [MYTAG][pool-10-thread-1][VTask-runnable]: runnable  is end.
09-14 10:38:11.928  7977 12968 V [MYTAG][main][VTask-runnable]: runnable  is start.
09-14 10:38:11.928  7977 12968 V [MYTAG][main][VTask-runnable]: runnable  is end.
09-14 10:38:11.928  7977 12968 V [MYTAG][pool-10-thread-4][VTask-runnable]: runnable  is start.
09-14 10:38:11.928  7977 12968 V [MYTAG][pool-10-thread-4][UiResInit]: [start] do third step init. 
09-14 10:38:11.928  7977 12968 V [MYTAG][pool-10-thread-4][UiResInit]: ShareUtils.init cost = 1
09-14 10:38:11.928  7977 12968 V [MYTAG][pool-10-thread-5][init_share_appinfo]: runnable  is start.
09-14 10:38:11.930  7977 12968 V [MYTAG][pool-10-thread-3][check_remote_res]: runnable  is start.
09-14 10:38:11.937  7977 12983 I System.out: (HTTPLog)-Static: isSBSettingEnabled false
09-14 10:38:11.937  7977 12983 I System.out: (HTTPLog)-Static: isSBSettingEnabled false
09-14 10:38:11.940  7977 12984 E PermissionCheck: The authManager is: null; the authCallback is: null; the mContext is: null
09-14 10:38:11.940  7977 12984 I BaiduApiAuth: BaiduApiAuth SDK Version:1.0.31
09-14 10:38:11.945  7977 12983 E [MYTAG][pool-10-thread-3]AppBootScreenNao: java.net.UnknownHostException: Unable to resolve host "app-api.lufengzhe.com": No address associated with hostname
09-14 10:38:11.952  7977 12984 D ConnectivityManager: requestNetwork; CallingUid : 10291, CallingPid : 7977
09-14 10:38:11.954  7977 12983 I System.out: (HTTPLog)-Static: isSBSettingEnabled false
09-14 10:38:11.954  7977 12983 I System.out: (HTTPLog)-Static: isSBSettingEnabled false
09-14 10:38:11.955  7977 12983 E [MYTAG][pool-10-thread-3]AppBootScreenNao: java.net.UnknownHostException: Unable to resolve host "app-api.lufengzhe.com": No address associated with hostname
09-14 10:38:11.956  7977 12968 W [MYTAG][pool-10-thread-3][SkinService]: check remote splash failed.
09-14 10:38:11.956  7977 12968 V [MYTAG][pool-10-thread-3][check_remote_res]: runnable  is end.
09-14 10:38:11.971  7977 12984 E PermissionCheck: The authManager is: null; the authCallback is: null; the mContext is: null
09-14 10:38:12.040  7977 12984 E PermissionCheck: permission check result is: -11
09-14 10:38:12.052  7977 12984 W Java7Support: Unable to load JDK7 types (annotations, java.nio.file.Path): no Java7 support added
09-14 10:38:12.053  7977 12968 V [MYTAG][pool-10-thread-4][VidureSDK]: start init Service:com.vidure.app.core.modules.account.service.AccountService
09-14 10:38:12.061  7977 12968 V [MYTAG][pool-10-thread-4][AccountService]: init done.
09-14 10:38:12.079  7977 12968 V [MYTAG][pool-10-thread-4][VidureSDK]: end init Service:com.vidure.app.core.modules.account.service.AccountService
09-14 10:38:12.079  7977 12968 V [MYTAG][pool-10-thread-4][VidureSDK]: start init Service:com.vidure.app.core.fw.llmgr.LlService
