03-15 11:42:13.797  3998  8885 I IJKMEDIA: player-opts : video-pictq-size-max         = 6
03-15 11:42:13.797  3998  9074 D IJKMEDIA: message_loop
03-15 11:42:13.797  3998  8885 I IJKMEDIA: player-opts : an                           = 1
03-15 11:42:13.797  3998  8885 I IJKMEDIA: player-opts : preview                      = 1
03-15 11:42:13.797  3998  8885 I IJKMEDIA: player-opts : low_delay                    = 1
03-15 11:42:13.797  3998  8885 I IJKMEDIA: player-opts : keyframe_start               = 1
03-15 11:42:13.797  3998  8885 I IJKMEDIA: player-opts : send_teardown                = 1
03-15 11:42:13.797  3998  8885 I IJKMEDIA: player-opts : preview_drop_firstframe      = 30
03-15 11:42:13.797  3998  8885 I IJKMEDIA: format-opts : ijkapplication               = 530746862688
03-15 11:42:13.797  3998  8885 I IJKMEDIA: format-opts : ijkiomanager                 = 530556383360
03-15 11:42:13.798  3998  8885 I IJKMEDIA: format-opts : formatprobesize              = 102400
03-15 11:42:13.798  3998  8885 I IJKMEDIA: format-opts : dns_cache_clear              = 1
03-15 11:42:13.798  3998  8885 I IJKMEDIA: format-opts : rtsp_transport               = tcp
03-15 11:42:13.798  3998  8885 I IJKMEDIA: format-opts : analyzemaxduration           = 100
03-15 11:42:13.798  3998  8885 I IJKMEDIA: format-opts : stimeout                     = 5000000
03-15 11:42:13.798  3998  8885 I IJKMEDIA: format-opts : http-detect-range-support    = 0
03-15 11:42:13.798  3998  8885 I IJKMEDIA: format-opts : probesize                    = 1048576
03-15 11:42:13.798  3998  8885 I IJKMEDIA: format-opts : analyzeduration              = 3000000
03-15 11:42:13.798  3998  8885 I IJKMEDIA: format-opts : flush_packets                = 1
03-15 11:42:13.798  3998  8885 I IJKMEDIA: format-opts : sync                         = ext
03-15 11:42:13.798  3998  8885 I IJKMEDIA: format-opts : fflags                       = nobuffer
03-15 11:42:13.798  3998  8885 I IJKMEDIA: codec-opts  : skip_frame                   = 5
03-15 11:42:13.798  3998  9074 D IJKMEDIA: FFP_MSG_FLUSH:
03-15 11:42:13.798  3998  8885 I IJKMEDIA: codec-opts  : skip_loop_filter             = 16
03-15 11:42:13.798  3998  8885 I IJKMEDIA: ===================
03-15 11:42:13.798  3998  8885 I IJKMEDIA: frame queue init size: 12,final size:12
03-15 11:42:13.798  3998  8885 I IJKMEDIA: frame queue init size: 16,final size:16
03-15 11:42:13.798  3998  8885 I IJKMEDIA: frame queue init size: 30,final size:30
03-15 11:42:13.798  3998  8885 D IJKMEDIA: ijkmp_prepare_async()=0
03-15 11:42:13.799  3998  9076 I IJKMEDIA: SDL_RunThread: [9076] ff_read
03-15 11:42:13.799  3998  9075 I IJKMEDIA: SDL_RunThread: [9075] ff_vout
03-15 11:42:13.799  3998  9075 I IJKMEDIA: is preview:1
03-15 11:42:13.799  3998  9076 I IJKMEDIA: scan_all_pmts_set:1.
03-15 11:42:13.799  3998  9076 W IJKMEDIA: remove 'timeout' option for rtmp or rtsp.
03-15 11:42:13.799  3998  9076 I IJKMEDIA:  start to open input rtsp://192.168.0.1/live/tcp/ch1.
03-15 11:42:13.799  3998  8798 V [MYTAG][pool-11-thread-14][ijk_preview_playing]: runnable  is end.
03-15 11:42:13.799  3998  9076 I IJKMEDIA: will delete cache entry, hostname = 192.168.0.1
03-15 11:42:13.801  3998  9076 I IJKMEDIA: Add dns cache hostname = 192.168.0.1, ip = 
03-15 11:42:13.915  3998  8791 D OpenGLRenderer: makeCurrent EglSurface : 0x7bf9ed0c00 -> 0x7b6a3e3700
03-15 11:42:14.018  3998  9076 I IJKMEDIA:  end to open input rtsp://192.168.0.1/live/tcp/ch1.
03-15 11:42:14.018  3998  9076 E IJKMEDIA: Option ijkapplication not found.
03-15 11:42:14.018  3998  9076 I IJKMEDIA: max_frame_duration: 10.000
03-15 11:42:14.018  3998  9076 I IJKMEDIA: Input #0, rtsp, from 'rtsp://192.168.0.1/live/tcp/ch1':
03-15 11:42:14.018  3998  9076 I IJKMEDIA:   Metadata:
03-15 11:42:14.018  3998  9076 I IJKMEDIA:     is_network_stream: 
03-15 11:42:14.018  3998  9076 I IJKMEDIA: 0
03-15 11:42:14.018  3998  9074 D IJKMEDIA: FFP_MSG_OPEN_INPUT:
03-15 11:42:14.018  3998  9076 I IJKMEDIA: 
03-15 11:42:14.018  3998  9076 I IJKMEDIA:     title           : 
03-15 11:42:14.018  3998  9076 I IJKMEDIA: SGK
03-15 11:42:14.018  3998  9076 I IJKMEDIA: 
03-15 11:42:14.018  3998  9076 I IJKMEDIA:   Duration: 
03-15 11:42:14.018  3998  9076 I IJKMEDIA: N/A
03-15 11:42:14.018  3998  9076 I IJKMEDIA: , bitrate: 
03-15 11:42:14.018  3998  9076 I IJKMEDIA: N/A
03-15 11:42:14.018  3998  9076 I IJKMEDIA: 
03-15 11:42:14.018  3998  9076 I IJKMEDIA:     Stream #0:0
03-15 11:42:14.018  3998  9076 I IJKMEDIA: : Video: h264, none
03-15 11:42:14.018  3998  9076 I IJKMEDIA: , 
03-15 11:42:14.018  3998  9076 I IJKMEDIA: 90k tbn
03-15 11:42:14.018  3998  9076 I IJKMEDIA: 
03-15 11:42:14.018  3998  9076 I IJKMEDIA:     Stream #0:1
03-15 11:42:14.018  3998  9076 I IJKMEDIA: : Audio: pcm_alaw, 16000 Hz, 1 channels, 128 kb/s
03-15 11:42:14.018  3998  9076 I IJKMEDIA: 
03-15 11:42:14.018  3998  9076 I IJKMEDIA: find the video st index: 0
03-15 11:42:14.018  3998  9076 I IJKMEDIA: find the audio st index: -1
03-15 11:42:14.018  3998  9076 I IJKMEDIA: find the subtitle st index: -1381258232
03-15 11:42:14.018  3998  9076 I IJKMEDIA: is realtime:1 ,use main clock: 2 
03-15 11:42:14.018  3998  9076 I IJKMEDIA: is preview:1, is use low delay:1
03-15 11:42:14.019  3998  8798 V [MYTAG][main][IjkPreviewPlayer]: [onInfo]onInfo:what:10005,extra:0
03-15 11:42:14.021  3998  9076 E IJKMEDIA: mediacodec failed, now use ffpipenode_create_video_decoder_from_ffplay
03-15 11:42:14.021  3998  9076 I IJKMEDIA: VideoCodec: avcodec, h264
03-15 11:42:14.021  3998  9085 I IJKMEDIA: SDL_RunThread: [9085] ff_video_dec
03-15 11:42:14.021  3998  9074 D IJKMEDIA: FFP_MSG_COMPONENT_OPEN:
03-15 11:42:14.021  3998  9074 D IJKMEDIA: FFP_MSG_VIDEO_SIZE_CHANGED: 0, 0
03-15 11:42:14.021  3998  9074 D IJKMEDIA: FFP_MSG_SAR_CHANGED: 0, 1
03-15 11:42:14.021  3998  9074 D IJKMEDIA: ijkmp_get_msg: FFP_MSG_PREPARED
03-15 11:42:14.021  3998  9074 D IJKMEDIA: FFP_MSG_PREPARED:
03-15 11:42:14.021  3998  9074 D IJKMEDIA: FFP_MSG_VIDEO_ROTATION_CHANGED: 0
03-15 11:42:14.021  3998  8798 V [MYTAG][main][IjkPreviewPlayer]: [onInfo]onInfo:what:10007,extra:0
03-15 11:42:14.022  3998  8798 V [MYTAG][main][IjkPreviewPlayer]: [onVideoSizeChanged]player vvideo width(0) or height(0)
03-15 11:42:14.022  3998  8798 V [MYTAG][main][IjkPreviewPlayer]: [onVideoSizeChanged]player vvideo width(0) or height(0)
03-15 11:42:14.022  3998  8798 V [MYTAG][main][IjkPreviewPlayer]: onPrepared...
03-15 11:42:14.022  3998  8798 V [MYTAG][main][IjkPreviewPlayer]: [onInfo]onInfo:what:10001,extra:0
03-15 11:42:14.085  3998  8798 V [MYTAG][pool-25-thread-1][IjkPreviewPlayer]: wait preview first frame show: 300
03-15 11:42:14.118  3998  9085 I IJKMEDIA: first drop frame count 0 
03-15 11:42:14.151  3998  9085 I IJKMEDIA: first drop frame count 1 
03-15 11:42:14.192  3998  9085 I IJKMEDIA: first drop frame count 2 
03-15 11:42:14.231  3998  9085 I IJKMEDIA: first drop frame count 3 
03-15 11:42:14.236  3998  8916 W Settings: Setting adb_enabled has moved from android.provider.Settings.Secure to android.provider.Settings.Global.
03-15 11:42:14.244  3998  8920 I System.out: (HTTPLog)-Static: isSBSettingEnabled false
03-15 11:42:14.244  3998  8920 I System.out: (HTTPLog)-Static: isSBSettingEnabled false
03-15 11:42:14.272  3998  9085 I IJKMEDIA: first drop frame count 4 
03-15 11:42:14.312  3998  9085 I IJKMEDIA: first drop frame count 5 
03-15 11:42:14.349  3998  8916 I System.out: (HTTPLog)-Static: isSBSettingEnabled false
03-15 11:42:14.350  3998  8916 I System.out: (HTTPLog)-Static: isSBSettingEnabled false
03-15 11:42:14.352  3998  9085 I IJKMEDIA: first drop frame count 6 
03-15 11:42:14.362  3998  8916 I System.out: (HTTPLog)-Static: isSBSettingEnabled false
03-15 11:42:14.362  3998  8916 I System.out: (HTTPLog)-Static: isSBSettingEnabled false
03-15 11:42:14.385  3998  8798 V [MYTAG][pool-25-thread-1][IjkPreviewPlayer]: wait preview first frame show: 600
03-15 11:42:14.392  3998  9085 I IJKMEDIA: first drop frame count 7 
03-15 11:42:14.432  3998  9085 I IJKMEDIA: first drop frame count 8 
03-15 11:42:14.474  3998  9085 I IJKMEDIA: first drop frame count 9 
03-15 11:42:14.477  3998  8791 D OpenGLRenderer: makeCurrent EglSurface : 0x7b6a3e3700 -> 0x7bf9ed0c00
03-15 11:42:14.510  3998  8791 D OpenGLRenderer: makeCurrent EglSurface : 0x7bf9ed0c00 -> 0x7b6a3e3700
03-15 11:42:14.513  3998  9085 I IJKMEDIA: first drop frame count 10 
03-15 11:42:14.553  3998  9085 I IJKMEDIA: first drop frame count 11 
03-15 11:42:14.592  3998  9085 I IJKMEDIA: first drop frame count 12 
03-15 11:42:14.632  3998  9085 I IJKMEDIA: first drop frame count 13 
03-15 11:42:14.673  3998  9085 I IJKMEDIA: first drop frame count 14 
03-15 11:42:14.685  3998  8798 V [MYTAG][pool-25-thread-1][IjkPreviewPlayer]: wait preview first frame show: 900
03-15 11:42:14.712  3998  9085 I IJKMEDIA: first drop frame count 15 
03-15 11:42:14.753  3998  9085 I IJKMEDIA: first drop frame count 16 
03-15 11:42:14.795  3998  9085 I IJKMEDIA: first drop frame count 17 
03-15 11:42:14.832  3998  9085 I IJKMEDIA: first drop frame count 18 
03-15 11:42:14.873  3998  9085 I IJKMEDIA: first drop frame count 19 
03-15 11:42:14.915  3998  9085 I IJKMEDIA: first drop frame count 20 
03-15 11:42:14.953  3998  9085 I IJKMEDIA: first drop frame count 21 
03-15 11:42:14.985  3998  8798 V [MYTAG][pool-25-thread-1][IjkPreviewPlayer]: wait preview first frame show: 1200
03-15 11:42:14.995  3998  9085 I IJKMEDIA: first drop frame count 22 
03-15 11:42:15.028  3998  9085 I IJKMEDIA: first drop frame count 23 
03-15 11:42:15.074  3998  9085 I IJKMEDIA: first drop frame count 24 
03-15 11:42:15.135  3998  9085 I IJKMEDIA: first drop frame count 25 
03-15 11:42:15.164  3998  9085 I IJKMEDIA: first drop frame count 26 
03-15 11:42:15.210  3998  9085 I IJKMEDIA: first drop frame count 27 
03-15 11:42:15.256  3998  9085 I IJKMEDIA: first drop frame count 28 
03-15 11:42:15.286  3998  8798 V [MYTAG][pool-25-thread-1][IjkPreviewPlayer]: wait preview first frame show: 1500
03-15 11:42:15.287  3998  9085 I IJKMEDIA: first drop frame count 29 
03-15 11:42:15.328  3998  9085 D IJKMEDIA: SDL_VoutFFmpeg_CreateOverlay(w=960, h=540, fmt=YV12(0x32315659, dp=0x7b92ee5f00)
03-15 11:42:15.328  3998  9074 D IJKMEDIA: FFP_MSG_VIDEO_SIZE_CHANGED: 960, 540
03-15 11:42:15.328  3998  9085 D IJKMEDIA: Video: first frame decoded
03-15 11:42:15.328  3998  9085 D IJKMEDIA: video codec: 28
03-15 11:42:15.330  3998  9074 D IJKMEDIA: FFP_MSG_VIDEO_DECODED_START:
03-15 11:42:15.330  3998  8798 V [MYTAG][main][IjkPreviewPlayer]: [onVideoSizeChanged]player vvideo width(960) or height(540)
03-15 11:42:15.331  3998  9075 I IJKMEDIA: [EGL] eglInitialize 1.5
03-15 11:42:15.331  3998  8798 V [MYTAG][main][IjkPreviewPlayer]: [onInfo]onInfo:what:10004,extra:0
03-15 11:42:15.332  3998  9075 I IJKMEDIA: [EGL] ANativeWindow_setBuffersGeometry(f=2);
03-15 11:42:15.334  3998  9075 I IJKMEDIA: [GLES2] Version = OpenGL ES 3.2 V@415.0 (GIT@f3ac570, I0807496fd3, 1599233713) (Date:09/04/20)
03-15 11:42:15.335  3998  9075 I IJKMEDIA: [GLES2] Vendor = Qualcomm
03-15 11:42:15.335  3998  9075 I IJKMEDIA: [GLES2] Renderer = Adreno (TM) 540
03-15 11:42:15.335  3998  9075 I IJKMEDIA: [GLES2] Extensions = GL_OES_EGL_image GL_OES_EGL_image_external GL_OES_EGL_sync GL_OES_vertex_half_float GL_OES_framebuffer_object GL_OES_rgb8_rgba8 GL_OES_compressed_ETC1_RGB8_texture GL_AMD_compressed_ATC_texture GL_KHR_texture_compression_astc_ldr GL_KHR_texture_compression_astc_hdr GL_OES_texture_compression_astc GL_OES_texture_npot GL_EXT_texture_filter_anisotropic GL_EXT_texture_format_BGRA8888 GL_EXT_read_format_bgra GL_OES_texture_3D GL_EXT_color_buffer_float GL_EXT_color_buffer_half_float GL_QCOM_alpha_test GL_OES_depth24 GL_OES_packed_depth_stencil GL_OES_depth_texture GL_OES_depth_texture_cube_map GL_EXT_sRGB GL_OES_texture_float GL_OES_texture_float_linear GL_OES_texture_half_float GL_OES_texture_half_float_linear GL_EXT_texture_type_2_10_10_10_REV GL_EXT_texture_sRGB_decode GL_EXT_texture_format_sRGB_override GL_OES_element_index_uint GL_EXT_copy_image GL_EXT_geometry_shader GL_EXT_tessellation_shader GL_OES_texture_stencil8 GL_EXT_shader_io_blocks GL_OES_shader_image_atomic GL_OES_sample_variab
03-15 11:42:15.335  3998  9075 I IJKMEDIA: create render yuv420p
03-15 11:42:15.336  3998  9075 I IJKMEDIA: use render yuv420p
03-15 11:42:15.336  3998  9075 I IJKMEDIA: ANativeWindow_setBuffersGeometry(w=1,h=1) -> (w=960,h=540);
03-15 11:42:15.340  3998  9075 E IJKMEDIA: IJK_GLES2_Renderer_TexCoords_cropRight
03-15 11:42:15.343  3998  9074 D IJKMEDIA: FFP_MSG_VIDEO_RENDERING_START:
03-15 11:42:15.344  3998  3998 I tv.danmaku.ijk.media.player.IjkMediaPlayer: Info: MEDIA_INFO_VIDEO_RENDERING_START
03-15 11:42:15.345  3998  8798 V [MYTAG][main][IjkPreviewPlayer]: [onInfo]onInfo:what:3,extra:0
03-15 11:42:15.345  3998  8798 I [MYTAG][main][IjkPreviewPlayer]: media video out...
03-15 11:42:15.345  3998  8798 I [MYTAG][main][CameraPreviewActivity]: onPlayerOutput...
03-15 11:42:15.355  3998  9074 D IJKMEDIA: FFP_MSG_VIDEO_SIZE_CHANGED: 960, 540
03-15 11:42:15.355  3998  9085 D IJKMEDIA: SDL_VoutFFmpeg_CreateOverlay(w=960, h=540, fmt=YV12(0x32315659, dp=0x7b92ee5f00)
03-15 11:42:15.356  3998  8798 V [MYTAG][main][IjkPreviewPlayer]: [onVideoSizeChanged]player vvideo width(960) or height(540)
03-15 11:42:15.400  3998  9074 D IJKMEDIA: FFP_MSG_VIDEO_SIZE_CHANGED: 960, 540
03-15 11:42:15.400  3998  9085 D IJKMEDIA: SDL_VoutFFmpeg_CreateOverlay(w=960, h=540, fmt=YV12(0x32315659, dp=0x7b92ee5f00)
03-15 11:42:15.401  3998  8798 V [MYTAG][main][IjkPreviewPlayer]: [onVideoSizeChanged]player vvideo width(960) or height(540)
03-15 11:42:15.442  3998  9074 D IJKMEDIA: FFP_MSG_VIDEO_SIZE_CHANGED: 960, 540
03-15 11:42:15.443  3998  9085 D IJKMEDIA: SDL_VoutFFmpeg_CreateOverlay(w=960, h=540, fmt=YV12(0x32315659, dp=0x7b92ee5f00)
03-15 11:42:15.443  3998  8798 V [MYTAG][main][IjkPreviewPlayer]: [onVideoSizeChanged]player vvideo width(960) or height(540)
03-15 11:42:15.471  3998  8791 D OpenGLRenderer: makeCurrent EglSurface : 0x7b6a3e3700 -> 0x7bf9ed0c00
03-15 11:42:15.483  3998  9074 D IJKMEDIA: FFP_MSG_VIDEO_SIZE_CHANGED: 960, 540
03-15 11:42:15.483  3998  9085 D IJKMEDIA: SDL_VoutFFmpeg_CreateOverlay(w=960, h=540, fmt=YV12(0x32315659, dp=0x7b92ee5f00)
03-15 11:42:15.484  3998  8798 V [MYTAG][main][IjkPreviewPlayer]: [onVideoSizeChanged]player vvideo width(960) or height(540)
03-15 11:42:15.522  3998  9074 D IJKMEDIA: FFP_MSG_VIDEO_SIZE_CHANGED: 960, 540
03-15 11:42:15.523  3998  9085 D IJKMEDIA: SDL_VoutFFmpeg_CreateOverlay(w=960, h=540, fmt=YV12(0x32315659, dp=0x7b92ee5f00)
03-15 11:42:15.523  3998  8798 V [MYTAG][main][IjkPreviewPlayer]: [onVideoSizeChanged]player vvideo width(960) or height(540)
03-15 11:42:15.563  3998  8791 D OpenGLRenderer: makeCurrent EglSurface : 0x7bf9ed0c00 -> 0x7b6a3e3700
03-15 11:42:15.567  3998  3998 D ViewRootImpl@75d9a3e[Toast]: dispatchDetachedFromWindow
03-15 11:42:15.570  3998  9085 D IJKMEDIA: SDL_VoutFFmpeg_CreateOverlay(w=960, h=540, fmt=YV12(0x32315659, dp=0x7b92ee5f00)
03-15 11:42:15.570  3998  9074 D IJKMEDIA: FFP_MSG_VIDEO_SIZE_CHANGED: 960, 540
03-15 11:42:15.586  3998  3998 D InputTransport: Input channel destroyed: 'a44b0fa', fd=164
03-15 11:42:15.587  3998  8798 V [MYTAG][pool-25-thread-1][IjkPreviewPlayer]: wait preview first frame show: 1800
03-15 11:42:15.587  3998  8798 V [MYTAG][pool-25-thread-1][toPlayLive]: runnable  is end.
03-15 11:42:15.589  3998  8798 V [MYTAG][main][IjkPreviewPlayer]: [onVideoSizeChanged]player vvideo width(960) or height(540)
03-15 11:42:15.597  3998  9074 D IJKMEDIA: FFP_MSG_VIDEO_SIZE_CHANGED: 960, 540
03-15 11:42:15.598  3998  9085 D IJKMEDIA: SDL_VoutFFmpeg_CreateOverlay(w=960, h=540, fmt=YV12(0x32315659, dp=0x7b92ee5f00)
03-15 11:42:15.598  3998  8798 V [MYTAG][main][IjkPreviewPlayer]: [onVideoSizeChanged]player vvideo width(960) or height(540)
03-15 11:42:15.642  3998  9074 D IJKMEDIA: FFP_MSG_VIDEO_SIZE_CHANGED: 960, 540
03-15 11:42:15.643  3998  8798 V [MYTAG][main][IjkPreviewPlayer]: [onVideoSizeChanged]player vvideo width(960) or height(540)
03-15 11:42:15.643  3998  9085 D IJKMEDIA: SDL_VoutFFmpeg_CreateOverlay(w=960, h=540, fmt=YV12(0x32315659, dp=0x7b92ee5f00)
03-15 11:42:15.683  3998  9085 D IJKMEDIA: SDL_VoutFFmpeg_CreateOverlay(w=960, h=540, fmt=YV12(0x32315659, dp=0x7b92ee5f00)
03-15 11:42:15.683  3998  9074 D IJKMEDIA: FFP_MSG_VIDEO_SIZE_CHANGED: 960, 540
03-15 11:42:15.684  3998  8798 V [MYTAG][main][IjkPreviewPlayer]: [onVideoSizeChanged]player vvideo width(960) or height(540)
03-15 11:42:15.708  3998  8798 V [MYTAG][mail_tcp_socket][ViiSocketMailDataPhraser]: ------------mail---------------
03-15 11:42:15.708  3998  8798 V [MYTAG][mail_tcp_socket][ViiSocketMailDataPhraser]: {"msgid":"battery","info":{"capacity":62,"charge":0},"time":1773574936}
03-15 11:42:15.713  3998  8798 V [MYTAG][main][Device]: 666 dev is connected:true
03-15 11:42:15.716  3998  9026 W System  : Ignoring header sessionid because its value was null.
03-15 11:42:15.716  3998  9026 I System.out: (HTTPLog)-Static: isSBSettingEnabled false
03-15 11:42:15.716  3998  9026 I System.out: (HTTPLog)-Static: isSBSettingEnabled false
03-15 11:42:15.718  3998  8798 V [MYTAG][mail_tcp_socket][ViiSocketMailDataPhraser]: ------------mail---------------
03-15 11:42:15.718  3998  8798 V [MYTAG][mail_tcp_socket][ViiSocketMailDataPhraser]: {"msgid":"sd","info":{"status":0},"time":1773574936}
03-15 11:42:15.718  3998  8798 V [MYTAG][mail_tcp_socket][RemoteOptor]: ----
03-15 11:42:15.718  3998  8798 V [MYTAG][mail_tcp_socket][RemoteOptor]: [CMD]DEV_SDCARD_STATUS_QUERY
03-15 11:42:15.718  3998  8798 V [MYTAG][mail_tcp_socket][RemoteOptor]: [PARAM]null
03-15 11:42:15.718  3998  8798 V [MYTAG][mail_tcp_socket][HttpTransportLayer]: [HTTP SEND GET]
03-15 11:42:15.718  3998  8798 V [MYTAG][mail_tcp_socket][HttpTransportLayer]: 	 url:http://192.168.0.1:80/app/getsdinfo
03-15 11:42:15.733  3998  9085 D IJKMEDIA: SDL_VoutFFmpeg_CreateOverlay(w=960, h=540, fmt=YV12(0x32315659, dp=0x7b92ee5f00)
03-15 11:42:15.733  3998  9074 D IJKMEDIA: FFP_MSG_VIDEO_SIZE_CHANGED: 960, 540
03-15 11:42:15.754  3998  3998 W ProxyAndroidLoggerBackend: Too many Flogger logs received before configuration. Dropping old logs.
03-15 11:42:15.759  3998  3998 I chatty  : uid=10291(com.vidure.app) identical 2 lines
03-15 11:42:15.760  3998  3998 W ProxyAndroidLoggerBackend: Too many Flogger logs received before configuration. Dropping old logs.
03-15 11:42:15.761  3998  8798 V [MYTAG][mail_tcp_socket][HttpTransportLayer]: [HTTP RSP]
03-15 11:42:15.761  3998  8798 V [MYTAG][mail_tcp_socket][HttpTransportLayer]: 	 errcode:0
03-15 11:42:15.761  3998  8798 V [MYTAG][mail_tcp_socket][HttpTransportLayer]: 	[content]{"result":0,"info":{"status":0,"free":270,"total":1883}}
03-15 11:42:15.761  3998  8798 V [MYTAG][mail_tcp_socket][HttpTransportLayer]: -----------------------------------------
03-15 11:42:15.764  3998  9085 D IJKMEDIA: SDL_VoutFFmpeg_CreateOverlay(w=960, h=540, fmt=YV12(0x32315659, dp=0x7b92ee5f00)
03-15 11:42:15.764  3998  9074 D IJKMEDIA: FFP_MSG_VIDEO_SIZE_CHANGED: 960, 540
03-15 11:42:15.764  3998  3998 W ProxyAndroidLoggerBackend: Too many Flogger logs received before configuration. Dropping old logs.
03-15 11:42:15.766  3998  3998 I chatty  : uid=10291(com.vidure.app) identical 2 lines
03-15 11:42:15.767  3998  3998 W ProxyAndroidLoggerBackend: Too many Flogger logs received before configuration. Dropping old logs.
03-15 11:42:15.775  3998  8991 W ProxyAndroidLoggerBackend: Too many Flogger logs received before configuration. Dropping old logs.
03-15 11:42:15.776  3998  8992 W ProxyAndroidLoggerBackend: Too many Flogger logs received before configuration. Dropping old logs.
03-15 11:42:15.777  3998  8992 I chatty  : uid=10291(com.vidure.app) identical 1 line
03-15 11:42:15.777  3998  8992 W ProxyAndroidLoggerBackend: Too many Flogger logs received before configuration. Dropping old logs.
03-15 11:42:15.778  3998  8993 W ProxyAndroidLoggerBackend: Too many Flogger logs received before configuration. Dropping old logs.
03-15 11:42:15.779  3998  8992 W ProxyAndroidLoggerBackend: Too many Flogger logs received before configuration. Dropping old logs.
03-15 11:42:15.780  3998  3998 W ProxyAndroidLoggerBackend: Too many Flogger logs received before configuration. Dropping old logs.
03-15 11:42:15.780  3998  8993 W ProxyAndroidLoggerBackend: Too many Flogger logs received before configuration. Dropping old logs.
03-15 11:42:15.781  3998  8993 I chatty  : uid=10291(com.vidure.app) identical 1 line
03-15 11:42:15.781  3998  8993 W ProxyAndroidLoggerBackend: Too many Flogger logs received before configuration. Dropping old logs.
03-15 11:42:15.782  3998  8992 W ProxyAndroidLoggerBackend: Too many Flogger logs received before configuration. Dropping old logs.
03-15 11:42:15.783  3998  8991 W ProxyAndroidLoggerBackend: Too many Flogger logs received before configuration. Dropping old logs.
03-15 11:42:15.784  3998  8991 W ProxyAndroidLoggerBackend: Too many Flogger logs received before configuration. Dropping old logs.
03-15 11:42:15.785  3998  8798 V [MYTAG][main][Device]: 666 dev is connected:true
03-15 11:42:15.786  3998  8992 W ProxyAndroidLoggerBackend: Too many Flogger logs received before configuration. Dropping old logs.
03-15 11:42:15.786  3998  8798 V [MYTAG][main][IjkPreviewPlayer]: [onVideoSizeChanged]player vvideo width(960) or height(540)
03-15 11:42:15.787  3998  8798 V [MYTAG][main][IjkPreviewPlayer]: [onVideoSizeChanged]player vvideo width(960) or height(540)
03-15 11:42:15.787  3998  8798 V [MYTAG][main][IjkPreviewPlayer]: the same video size changed,do nothing.
03-15 11:42:15.789  3998  8992 W ProxyAndroidLoggerBackend: Too many Flogger logs received before configuration. Dropping old logs.
03-15 11:42:15.789  3998  8798 V [MYTAG][main][CameraPreviewActivity]: rev msg1:264454
03-15 11:42:15.790  3998  8798 V [MYTAG][main][Device]: 666 dev is connected:true
03-15 11:42:15.791  3998  8798 V [MYTAG][main][CameraPreviewActivity]: rev msg1:589832
03-15 11:42:15.791  3998  8991 W ProxyAndroidLoggerBackend: Too many Flogger logs received before configuration. Dropping old logs.
03-15 11:42:15.792  3998  8993 W ProxyAndroidLoggerBackend: Too many Flogger logs received before configuration. Dropping old logs.
03-15 11:42:15.793  3998  8992 W ProxyAndroidLoggerBackend: Too many Flogger logs received before configuration. Dropping old logs.
03-15 11:42:15.793  3998  8991 W ProxyAndroidLoggerBackend: Too many Flogger logs received before configuration. Dropping old logs.
03-15 11:42:15.847  3998  8798 V [MYTAG][pool-11-thread-8][c]: end toPlayLiveSync...
03-15 11:42:15.849  3998  8798 V [MYTAG][main][VTask-runnable]: runnable  is start.
03-15 11:42:15.849  3998  8798 D [MYTAG][main][TrackLocateService]: launch TrackLocateService: true
03-15 11:42:15.849  3998  8798 V [MYTAG][pool-11-thread-8][VTask-runnable]: runnable  is end.
03-15 11:42:15.860  3998  8791 D OpenGLRenderer: makeCurrent EglSurface : 0x7b6a3e3700 -> 0x0
03-15 11:42:15.860  3998  8798 D [MYTAG][main][DefaultDialog]: dismiss dialogId:general_waiting_dlg
03-15 11:42:15.861  3998  3998 D ViewRootImpl@499b5c4[CameraPreviewActivity]: dispatchDetachedFromWindow
03-15 11:42:15.876  3998  3998 D InputTransport: Input channel destroyed: '851119f', fd=126
03-15 11:42:15.878  3998  8798 V [MYTAG][main][VTask-runnable]: runnable  is end.
03-15 11:42:15.878  3998  8798 V [MYTAG][main][TrackLocateService]:  onCreate... 245973503
03-15 11:42:15.969  3998  3998 D ViewRootImpl@aea15c7[CameraPreviewActivity]: MSG_RESIZED: frame=(0,0,2560,1600) ci=(0,54,0,0) vi=(0,54,0,0) or=2
03-15 11:42:15.971  3998  8798 D [MYTAG][main][SystemLocationClientImpl]: 当前信号强度: 1
03-15 11:42:15.995  3998  3998 D ViewRootImpl@aea15c7[CameraPreviewActivity]: Relayout returned: old=(0,0,2560,1600) new=(0,0,2560,1600) req=(2560,1600)0 dur=10 res=0x1 s={true 530555506688} ch=false
03-15 11:42:16.048  3998  3998 D ViewRootImpl@aea15c7[CameraPreviewActivity]: MSG_WINDOW_FOCUS_CHANGED 1 1
03-15 11:42:16.048  3998  3998 D InputMethodManager: prepareNavigationBarInfo() DecorView@7475ccd[CameraPreviewActivity]
03-15 11:42:16.048  3998  3998 D InputMethodManager: getNavigationBarColor() -1
03-15 11:42:16.049  3998  8798 V [MYTAG][main][CameraPreviewActivity]: CameraPreviewActivity onWindowFocusChanged...true
03-15 11:42:16.056  3998  3998 D InputMethodManager: prepareNavigationBarInfo() DecorView@7475ccd[CameraPreviewActivity]
03-15 11:42:16.056  3998  3998 D InputMethodManager: getNavigationBarColor() -1
03-15 11:42:16.056  3998  3998 V InputMethodManager: Starting input: tba=com.vidure.app ic=null mNaviBarColor -1 mIsGetNaviBarColorSuccess true , NavVisible : false , NavTrans : false
03-15 11:42:16.056  3998  3998 D InputMethodManager: startInputInner - Id : 0
03-15 11:42:16.056  3998  3998 I InputMethodManager: startInputInner - mService.startInputOrWindowGainedFocus
03-15 11:42:16.059  3998  3998 D InputTransport: Input channel destroyed: 'ClientS', fd=115
03-15 11:42:16.059  3998  3998 E ViewRootImpl: sendUserActionEvent() mView returned.
03-15 11:42:16.094  3998  8743 I com.vidure.app: Background concurrent copying GC freed 183644(10MB) AllocSpace objects, 66(5364KB) LOS objects, 49% free, 14MB/28MB, paused 138us total 129.253ms
03-15 11:42:16.254  3998  3998 D ViewRootImpl@aea15c7[CameraPreviewActivity]: MSG_RESIZED: frame=(0,0,2560,1600) ci=(0,0,0,0) vi=(0,0,0,0) or=2
03-15 11:42:16.263  3998  8920 I System.out: (HTTPLog)-Static: isSBSettingEnabled false
03-15 11:42:16.263  3998  8920 I System.out: (HTTPLog)-Static: isSBSettingEnabled false
03-15 11:42:16.278  3998  3998 D ViewRootImpl@aea15c7[CameraPreviewActivity]: Relayout returned: old=(0,0,2560,1600) new=(0,0,2560,1600) req=(2560,1600)0 dur=10 res=0x1 s={true 530555506688} ch=false
03-15 11:42:16.282  3998  8791 D OpenGLRenderer: makeCurrent EglSurface : 0x0 -> 0x7bf9ed0c00
03-15 11:42:16.690  3998  9027 W System  : Ignoring header sessionid because its value was null.
03-15 11:42:16.691  3998  8798 V [MYTAG][HeartbeatMgr][RemoteOptor]: ----
03-15 11:42:16.691  3998  8798 V [MYTAG][HeartbeatMgr][RemoteOptor]: [CMD]Basic_Msg_MailBox
03-15 11:42:16.691  3998  8798 V [MYTAG][HeartbeatMgr][RemoteOptor]: [PARAM]null
03-15 11:42:16.691  3998  9027 I System.out: (HTTPLog)-Static: isSBSettingEnabled false
03-15 11:42:16.691  3998  9027 I System.out: (HTTPLog)-Static: isSBSettingEnabled false
03-15 11:42:16.691  3998  8798 V [MYTAG][HeartbeatMgr][HttpTransportLayer]: [HTTP SEND GET]
03-15 11:42:16.691  3998  8798 V [MYTAG][HeartbeatMgr][HttpTransportLayer]: 	 url:http://192.168.0.1:80/app/getparamvalue?param=rec
03-15 11:42:16.772  3998  8798 V [MYTAG][HeartbeatMgr][HttpTransportLayer]: [HTTP RSP]
03-15 11:42:16.772  3998  8798 V [MYTAG][HeartbeatMgr][HttpTransportLayer]: 	 errcode:0
03-15 11:42:16.772  3998  8798 V [MYTAG][HeartbeatMgr][HttpTransportLayer]: 	[content]{"result":0,"info":{"value":1}}
03-15 11:42:16.772  3998  8798 V [MYTAG][HeartbeatMgr][HttpTransportLayer]: -----------------------------------------
03-15 11:42:18.292  3998  8920 I System.out: (HTTPLog)-Static: isSBSettingEnabled false
03-15 11:42:18.292  3998  8920 I System.out: (HTTPLog)-Static: isSBSettingEnabled false
03-15 11:42:18.720  3998  8798 V [MYTAG][mail_tcp_socket][ViiSocketMailDataPhraser]: ------------mail---------------
03-15 11:42:18.720  3998  8798 V [MYTAG][mail_tcp_socket][ViiSocketMailDataPhraser]: {"msgid":"battery","info":{"capacity":62,"charge":0},"time":1773574939}
03-15 11:42:18.728  3998  9026 W System  : Ignoring header sessionid because its value was null.
03-15 11:42:18.728  3998  9026 I System.out: (HTTPLog)-Static: isSBSettingEnabled false
03-15 11:42:18.729  3998  9026 I System.out: (HTTPLog)-Static: isSBSettingEnabled false
03-15 11:42:18.730  3998  8798 V [MYTAG][mail_tcp_socket][ViiSocketMailDataPhraser]: ------------mail---------------
03-15 11:42:18.730  3998  8798 V [MYTAG][mail_tcp_socket][ViiSocketMailDataPhraser]: {"msgid":"sd","info":{"status":0},"time":1773574939}
03-15 11:42:18.730  3998  8798 V [MYTAG][mail_tcp_socket][RemoteOptor]: ----
03-15 11:42:18.730  3998  8798 V [MYTAG][mail_tcp_socket][RemoteOptor]: [CMD]DEV_SDCARD_STATUS_QUERY
03-15 11:42:18.730  3998  8798 V [MYTAG][mail_tcp_socket][RemoteOptor]: [PARAM]null
03-15 11:42:18.731  3998  8798 V [MYTAG][mail_tcp_socket][HttpTransportLayer]: [HTTP SEND GET]
03-15 11:42:18.731  3998  8798 V [MYTAG][mail_tcp_socket][HttpTransportLayer]: 	 url:http://192.168.0.1:80/app/getsdinfo
03-15 11:42:18.732  3998  8798 V [MYTAG][main][Device]: 666 dev is connected:true
03-15 11:42:18.761  3998  8798 V [MYTAG][mail_tcp_socket][HttpTransportLayer]: [HTTP RSP]
03-15 11:42:18.761  3998  8798 V [MYTAG][mail_tcp_socket][HttpTransportLayer]: 	 errcode:0
03-15 11:42:18.761  3998  8798 V [MYTAG][mail_tcp_socket][HttpTransportLayer]: 	[content]{"result":0,"info":{"status":0,"free":266,"total":1883}}
03-15 11:42:18.761  3998  8798 V [MYTAG][mail_tcp_socket][HttpTransportLayer]: -----------------------------------------
03-15 11:42:18.775  3998  3998 W ProxyAndroidLoggerBackend: Too many Flogger logs received before configuration. Dropping old logs.
03-15 11:42:18.785  3998  3998 I chatty  : uid=10291(com.vidure.app) identical 6 lines
03-15 11:42:18.786  3998  3998 W ProxyAndroidLoggerBackend: Too many Flogger logs received before configuration. Dropping old logs.
03-15 11:42:18.790  3998  8991 W ProxyAndroidLoggerBackend: Too many Flogger logs received before configuration. Dropping old logs.
03-15 11:42:18.791  3998  8991 I chatty  : uid=10291(com.vidure.app) identical 1 line
03-15 11:42:18.792  3998  8991 W ProxyAndroidLoggerBackend: Too many Flogger logs received before configuration. Dropping old logs.
03-15 11:42:18.793  3998  3998 W ProxyAndroidLoggerBackend: Too many Flogger logs received before configuration. Dropping old logs.
03-15 11:42:18.793  3998  8991 W ProxyAndroidLoggerBackend: Too many Flogger logs received before configuration. Dropping old logs.
03-15 11:42:18.794  3998  8991 W ProxyAndroidLoggerBackend: Too many Flogger logs received before configuration. Dropping old logs.
03-15 11:42:18.795  3998  8992 W ProxyAndroidLoggerBackend: Too many Flogger logs received before configuration. Dropping old logs.
03-15 11:42:18.795  3998  8992 W ProxyAndroidLoggerBackend: Too many Flogger logs received before configuration. Dropping old logs.
03-15 11:42:18.796  3998  8991 W ProxyAndroidLoggerBackend: Too many Flogger logs received before configuration. Dropping old logs.
03-15 11:42:18.797  3998  8798 V [MYTAG][main][Device]: 666 dev is connected:true
03-15 11:42:18.797  3998  8993 W ProxyAndroidLoggerBackend: Too many Flogger logs received before configuration. Dropping old logs.
03-15 11:42:18.798  3998  8798 V [MYTAG][main][CameraPreviewActivity]: rev msg1:264454
03-15 11:42:18.798  3998  8798 V [MYTAG][main][Device]: 666 dev is connected:true
03-15 11:42:18.798  3998  8798 V [MYTAG][main][CameraPreviewActivity]: rev msg1:589832
03-15 11:42:18.799  3998  8992 W ProxyAndroidLoggerBackend: Too many Flogger logs received before configuration. Dropping old logs.
03-15 11:42:18.799  3998  8992 W ProxyAndroidLoggerBackend: Too many Flogger logs received before configuration. Dropping old logs.
03-15 11:42:18.800  3998  8993 W ProxyAndroidLoggerBackend: Too many Flogger logs received before configuration. Dropping old logs.
03-15 11:42:18.803  3998  8993 I chatty  : uid=10291(com.vidure.app) identical 3 lines
03-15 11:42:18.803  3998  8993 W ProxyAndroidLoggerBackend: Too many Flogger logs received before configuration. Dropping old logs.
03-15 11:42:18.805  3998  8991 W ProxyAndroidLoggerBackend: Too many Flogger logs received before configuration. Dropping old logs.
03-15 11:42:18.816  3998  8992 W ProxyAndroidLoggerBackend: Too many Flogger logs received before configuration. Dropping old logs.
03-15 11:42:18.854  3998  8735 I com.vidure.app: Compiler allocated 5751KB to compile void m140.efl.c(m140.dlg, m140.eed, m140.egg, m140.end, boolean)
03-15 11:42:19.509  3998  8915 I System.out: (HTTPLog)-Static: isSBSettingEnabled false
03-15 11:42:19.509  3998  8915 I System.out: (HTTPLog)-Static: isSBSettingEnabled false
03-15 11:42:19.523  3998  8919 W Settings: Setting adb_enabled has moved from android.provider.Settings.Secure to android.provider.Settings.Global.
03-15 11:42:19.657  3998  8919 I System.out: (HTTPLog)-Static: isSBSettingEnabled false
03-15 11:42:19.683  3998  8919 I chatty  : uid=10291(com.vidure.app) fin-1-thread-4 identical 2 lines
03-15 11:42:19.683  3998  8919 I System.out: (HTTPLog)-Static: isSBSettingEnabled false
03-15 11:42:20.691  3998  9027 W System  : Ignoring header sessionid because its value was null.
03-15 11:42:20.691  3998  8798 V [MYTAG][HeartbeatMgr][RemoteOptor]: ----
03-15 11:42:20.691  3998  8798 V [MYTAG][HeartbeatMgr][RemoteOptor]: [CMD]Basic_Msg_MailBox
03-15 11:42:20.691  3998  8798 V [MYTAG][HeartbeatMgr][RemoteOptor]: [PARAM]null
03-15 11:42:20.692  3998  9027 I System.out: (HTTPLog)-Static: isSBSettingEnabled false
03-15 11:42:20.692  3998  9027 I System.out: (HTTPLog)-Static: isSBSettingEnabled false
03-15 11:42:20.692  3998  8798 V [MYTAG][HeartbeatMgr][HttpTransportLayer]: [HTTP SEND GET]
03-15 11:42:20.692  3998  8798 V [MYTAG][HeartbeatMgr][HttpTransportLayer]: 	 url:http://192.168.0.1:80/app/getparamvalue?param=rec
03-15 11:42:20.729  3998  8798 V [MYTAG][HeartbeatMgr][HttpTransportLayer]: [HTTP RSP]
03-15 11:42:20.729  3998  8798 V [MYTAG][HeartbeatMgr][HttpTransportLayer]: 	 errcode:0
03-15 11:42:20.729  3998  8798 V [MYTAG][HeartbeatMgr][HttpTransportLayer]: 	[content]{"result":0,"info":{"value":1}}
03-15 11:42:20.729  3998  8798 V [MYTAG][HeartbeatMgr][HttpTransportLayer]: -----------------------------------------
03-15 11:42:21.407  3998  8798 D [MYTAG][main][SystemLocationClientImpl]: 当前信号强度: 1
03-15 11:42:21.545  3998  8915 I System.out: (HTTPLog)-Static: isSBSettingEnabled false
03-15 11:42:21.545  3998  8915 I System.out: (HTTPLog)-Static: isSBSettingEnabled false
03-15 11:42:21.728  3998  8798 V [MYTAG][mail_tcp_socket][ViiSocketMailDataPhraser]: ------------mail---------------
03-15 11:42:21.728  3998  8798 V [MYTAG][mail_tcp_socket][ViiSocketMailDataPhraser]: {"msgid":"battery","info":{"capacity":62,"charge":0},"time":1773574942}
03-15 11:42:21.731  3998  9026 W System  : Ignoring header sessionid because its value was null.
03-15 11:42:21.732  3998  9026 I System.out: (HTTPLog)-Static: isSBSettingEnabled false
03-15 11:42:21.733  3998  9026 I System.out: (HTTPLog)-Static: isSBSettingEnabled false
03-15 11:42:21.733  3998  8798 V [MYTAG][mail_tcp_socket][ViiSocketMailDataPhraser]: ------------mail---------------
03-15 11:42:21.733  3998  8798 V [MYTAG][mail_tcp_socket][ViiSocketMailDataPhraser]: {"msgid":"sd","info":{"status":0},"time":1773574942}
03-15 11:42:21.733  3998  8798 V [MYTAG][mail_tcp_socket][RemoteOptor]: ----
03-15 11:42:21.733  3998  8798 V [MYTAG][mail_tcp_socket][RemoteOptor]: [CMD]DEV_SDCARD_STATUS_QUERY
03-15 11:42:21.733  3998  8798 V [MYTAG][mail_tcp_socket][RemoteOptor]: [PARAM]null
03-15 11:42:21.734  3998  8798 V [MYTAG][mail_tcp_socket][HttpTransportLayer]: [HTTP SEND GET]
03-15 11:42:21.734  3998  8798 V [MYTAG][mail_tcp_socket][HttpTransportLayer]: 	 url:http://192.168.0.1:80/app/getsdinfo
03-15 11:42:21.736  3998  8798 V [MYTAG][main][Device]: 666 dev is connected:true
03-15 11:42:21.769  3998  8798 V [MYTAG][mail_tcp_socket][HttpTransportLayer]: [HTTP RSP]
03-15 11:42:21.769  3998  8798 V [MYTAG][mail_tcp_socket][HttpTransportLayer]: 	 errcode:0
03-15 11:42:21.769  3998  8798 V [MYTAG][mail_tcp_socket][HttpTransportLayer]: 	[content]{"result":0,"info":{"status":0,"free":262,"total":1883}}
03-15 11:42:21.769  3998  8798 V [MYTAG][mail_tcp_socket][HttpTransportLayer]: -----------------------------------------
03-15 11:42:21.822  3998  3998 W ProxyAndroidLoggerBackend: Too many Flogger logs received before configuration. Dropping old logs.
03-15 11:42:21.847  3998  3998 I chatty  : uid=10291(com.vidure.app) identical 7 lines
03-15 11:42:21.854  3998  3998 W ProxyAndroidLoggerBackend: Too many Flogger logs received before configuration. Dropping old logs.
03-15 11:42:21.856  3998  8992 W ProxyAndroidLoggerBackend: Too many Flogger logs received before configuration. Dropping old logs.
03-15 11:42:21.857  3998  8991 W ProxyAndroidLoggerBackend: Too many Flogger logs received before configuration. Dropping old logs.
03-15 11:42:21.857  3998  8991 I chatty  : uid=10291(com.vidure.app) identical 2 lines
03-15 11:42:21.857  3998  8991 W ProxyAndroidLoggerBackend: Too many Flogger logs received before configuration. Dropping old logs.
03-15 11:42:21.858  3998  8993 W ProxyAndroidLoggerBackend: Too many Flogger logs received before configuration. Dropping old logs.
03-15 11:42:21.858  3998  8991 W ProxyAndroidLoggerBackend: Too many Flogger logs received before configuration. Dropping old logs.
03-15 11:42:21.859  3998  8991 I chatty  : uid=10291(com.vidure.app) identical 2 lines
03-15 11:42:21.859  3998  8991 W ProxyAndroidLoggerBackend: Too many Flogger logs received before configuration. Dropping old logs.
03-15 11:42:21.860  3998  8993 W ProxyAndroidLoggerBackend: Too many Flogger logs received before configuration. Dropping old logs.
03-15 11:42:21.860  3998  8991 W ProxyAndroidLoggerBackend: Too many Flogger logs received before configuration. Dropping old logs.
03-15 11:42:21.861  3998  8798 V [MYTAG][main][Device]: 666 dev is connected:true
03-15 11:42:21.861  3998  8992 W ProxyAndroidLoggerBackend: Too many Flogger logs received before configuration. Dropping old logs.
03-15 11:42:21.862  3998  8993 W ProxyAndroidLoggerBackend: Too many Flogger logs received before configuration. Dropping old logs.
03-15 11:42:21.862  3998  8798 V [MYTAG][main][CameraPreviewActivity]: rev msg1:264454
03-15 11:42:21.862  3998  8798 V [MYTAG][main][Device]: 666 dev is connected:true
03-15 11:42:21.863  3998  8798 V [MYTAG][main][CameraPreviewActivity]: rev msg1:589832
03-15 11:42:21.863  3998  8993 W ProxyAndroidLoggerBackend: Too many Flogger logs received before configuration. Dropping old logs.
03-15 11:42:21.865  3998  8993 W ProxyAndroidLoggerBackend: Too many Flogger logs received before configuration. Dropping old logs.
03-15 11:42:21.866  3998  8992 W ProxyAndroidLoggerBackend: Too many Flogger logs received before configuration. Dropping old logs.
03-15 11:42:21.868  3998  8991 W ProxyAndroidLoggerBackend: Too many Flogger logs received before configuration. Dropping old logs.
03-15 11:42:23.566  3998  8915 I System.out: (HTTPLog)-Static: isSBSettingEnabled false
03-15 11:42:23.566  3998  8915 I System.out: (HTTPLog)-Static: isSBSettingEnabled false
03-15 11:42:24.690  3998  9027 W System  : Ignoring header sessionid because its value was null.
03-15 11:42:24.690  3998  8798 V [MYTAG][HeartbeatMgr][RemoteOptor]: ----
03-15 11:42:24.690  3998  8798 V [MYTAG][HeartbeatMgr][RemoteOptor]: [CMD]Basic_Msg_MailBox
03-15 11:42:24.690  3998  8798 V [MYTAG][HeartbeatMgr][RemoteOptor]: [PARAM]null
03-15 11:42:24.690  3998  8798 V [MYTAG][HeartbeatMgr][HttpTransportLayer]: [HTTP SEND GET]
03-15 11:42:24.690  3998  8798 V [MYTAG][HeartbeatMgr][HttpTransportLayer]: 	 url:http://192.168.0.1:80/app/getparamvalue?param=rec
03-15 11:42:24.690  3998  9027 I System.out: (HTTPLog)-Static: isSBSettingEnabled false
03-15 11:42:24.690  3998  9027 I System.out: (HTTPLog)-Static: isSBSettingEnabled false
03-15 11:42:24.726  3998  8798 V [MYTAG][HeartbeatMgr][HttpTransportLayer]: [HTTP RSP]
03-15 11:42:24.726  3998  8798 V [MYTAG][HeartbeatMgr][HttpTransportLayer]: 	 errcode:0
03-15 11:42:24.726  3998  8798 V [MYTAG][HeartbeatMgr][HttpTransportLayer]: 	[content]{"result":0,"info":{"value":1}}
03-15 11:42:24.726  3998  8798 V [MYTAG][HeartbeatMgr][HttpTransportLayer]: -----------------------------------------
03-15 11:42:24.738  3998  8798 V [MYTAG][mail_tcp_socket][ViiSocketMailDataPhraser]: ------------mail---------------
03-15 11:42:24.738  3998  8798 V [MYTAG][mail_tcp_socket][ViiSocketMailDataPhraser]: {"msgid":"battery","info":{"capacity":62,"charge":0},"time":1773574945}
03-15 11:42:24.740  3998  9026 W System  : Ignoring header sessionid because its value was null.
03-15 11:42:24.741  3998  8798 V [MYTAG][mail_tcp_socket][ViiSocketMailDataPhraser]: ------------mail---------------
03-15 11:42:24.741  3998  8798 V [MYTAG][mail_tcp_socket][ViiSocketMailDataPhraser]: {"msgid":"sd","info":{"status":0},"time":1773574945}
03-15 11:42:24.745  3998  9026 I System.out: (HTTPLog)-Static: isSBSettingEnabled false
03-15 11:42:24.745  3998  9026 I System.out: (HTTPLog)-Static: isSBSettingEnabled false
03-15 11:42:24.747  3998  8798 V [MYTAG][mail_tcp_socket][RemoteOptor]: ----
03-15 11:42:24.747  3998  8798 V [MYTAG][mail_tcp_socket][RemoteOptor]: [CMD]DEV_SDCARD_STATUS_QUERY
03-15 11:42:24.747  3998  8798 V [MYTAG][mail_tcp_socket][RemoteOptor]: [PARAM]null
03-15 11:42:24.748  3998  8798 V [MYTAG][mail_tcp_socket][HttpTransportLayer]: [HTTP SEND GET]
03-15 11:42:24.748  3998  8798 V [MYTAG][mail_tcp_socket][HttpTransportLayer]: 	 url:http://192.168.0.1:80/app/getsdinfo
03-15 11:42:24.748  3998  8798 V [MYTAG][main][Device]: 666 dev is connected:true
03-15 11:42:24.785  3998  8798 V [MYTAG][mail_tcp_socket][HttpTransportLayer]: [HTTP RSP]
03-15 11:42:24.785  3998  8798 V [MYTAG][mail_tcp_socket][HttpTransportLayer]: 	 errcode:0
03-15 11:42:24.785  3998  8798 V [MYTAG][mail_tcp_socket][HttpTransportLayer]: 	[content]{"result":0,"info":{"status":0,"free":258,"total":1883}}
03-15 11:42:24.785  3998  8798 V [MYTAG][mail_tcp_socket][HttpTransportLayer]: -----------------------------------------
03-15 11:42:24.799  3998  8914 W Settings: Setting adb_enabled has moved from android.provider.Settings.Secure to android.provider.Settings.Global.
03-15 11:42:24.800  3998  8916 I System.out: (HTTPLog)-Static: isSBSettingEnabled false
03-15 11:42:24.801  3998  8916 I System.out: (HTTPLog)-Static: isSBSettingEnabled false
03-15 11:42:24.809  3998  3998 W ProxyAndroidLoggerBackend: Too many Flogger logs received before configuration. Dropping old logs.
03-15 11:42:24.813  3998  3998 W ProxyAndroidLoggerBackend: Too many Flogger logs received before configuration. Dropping old logs.
03-15 11:42:24.816  3998  3998 W ProxyAndroidLoggerBackend: Too many Flogger logs received before configuration. Dropping old logs.
03-15 11:42:24.823  3998  3998 I chatty  : uid=10291(com.vidure.app) identical 3 lines
03-15 11:42:24.823  3998  3998 W ProxyAndroidLoggerBackend: Too many Flogger logs received before configuration. Dropping old logs.
03-15 11:42:24.823  3998  8914 I System.out: (HTTPLog)-Static: isSBSettingEnabled false
03-15 11:42:24.823  3998  8914 I System.out: (HTTPLog)-Static: isSBSettingEnabled false
03-15 11:42:24.824  3998  3998 W ProxyAndroidLoggerBackend: Too many Flogger logs received before configuration. Dropping old logs.
03-15 11:42:24.833  3998  8993 W ProxyAndroidLoggerBackend: Too many Flogger logs received before configuration. Dropping old logs.
03-15 11:42:24.834  3998  8993 I chatty  : uid=10291(com.vidure.app) identical 2 lines
03-15 11:42:24.834  3998  8993 W ProxyAndroidLoggerBackend: Too many Flogger logs received before configuration. Dropping old logs.
03-15 11:42:24.835  3998  3998 W ProxyAndroidLoggerBackend: Too many Flogger logs received before configuration. Dropping old logs.
03-15 11:42:24.835  3998  8993 W ProxyAndroidLoggerBackend: Too many Flogger logs received before configuration. Dropping old logs.
03-15 11:42:24.837  3998  8993 I chatty  : uid=10291(com.vidure.app) identical 5 lines
03-15 11:42:24.837  3998  8993 W ProxyAndroidLoggerBackend: Too many Flogger logs received before configuration. Dropping old logs.
03-15 11:42:24.837  3998  8991 W ProxyAndroidLoggerBackend: Too many Flogger logs received before configuration. Dropping old logs.
03-15 11:42:24.838  3998  8991 W ProxyAndroidLoggerBackend: Too many Flogger logs received before configuration. Dropping old logs.
03-15 11:42:24.838  3998  8914 I System.out: (HTTPLog)-Static: isSBSettingEnabled false
03-15 11:42:24.838  3998  8914 I System.out: (HTTPLog)-Static: isSBSettingEnabled false
03-15 11:42:24.838  3998  8991 W ProxyAndroidLoggerBackend: Too many Flogger logs received before configuration. Dropping old logs.
03-15 11:42:24.839  3998  8991 I chatty  : uid=10291(com.vidure.app) identical 2 lines
03-15 11:42:24.839  3998  8991 W ProxyAndroidLoggerBackend: Too many Flogger logs received before configuration. Dropping old logs.
03-15 11:42:24.841  3998  8992 W ProxyAndroidLoggerBackend: Too many Flogger logs received before configuration. Dropping old logs.
03-15 11:42:24.842  3998  8798 V [MYTAG][main][Device]: 666 dev is connected:true
03-15 11:42:24.843  3998  8798 V [MYTAG][main][CameraPreviewActivity]: rev msg1:264454
03-15 11:42:24.844  3998  8798 V [MYTAG][main][Device]: 666 dev is connected:true
03-15 11:42:24.844  3998  8798 V [MYTAG][main][CameraPreviewActivity]: rev msg1:589832
03-15 11:42:26.831  3998  8916 I System.out: (HTTPLog)-Static: isSBSettingEnabled false
03-15 11:42:26.831  3998  8916 I System.out: (HTTPLog)-Static: isSBSettingEnabled false
03-15 11:42:27.749  3998  8798 V [MYTAG][mail_tcp_socket][ViiSocketMailDataPhraser]: ------------mail---------------
03-15 11:42:27.749  3998  8798 V [MYTAG][mail_tcp_socket][ViiSocketMailDataPhraser]: {"msgid":"battery","info":{"capacity":62,"charge":0},"time":1773574948}
03-15 11:42:27.751  3998  9026 W System  : Ignoring header sessionid because its value was null.
03-15 11:42:27.752  3998  8798 V [MYTAG][mail_tcp_socket][ViiSocketMailDataPhraser]: ------------mail---------------
03-15 11:42:27.752  3998  8798 V [MYTAG][mail_tcp_socket][ViiSocketMailDataPhraser]: {"msgid":"sd","info":{"status":0},"time":1773574948}
03-15 11:42:27.752  3998  8798 V [MYTAG][mail_tcp_socket][RemoteOptor]: ----
03-15 11:42:27.752  3998  8798 V [MYTAG][mail_tcp_socket][RemoteOptor]: [CMD]DEV_SDCARD_STATUS_QUERY
03-15 11:42:27.752  3998  8798 V [MYTAG][mail_tcp_socket][RemoteOptor]: [PARAM]null
03-15 11:42:27.753  3998  8798 V [MYTAG][mail_tcp_socket][HttpTransportLayer]: [HTTP SEND GET]
03-15 11:42:27.753  3998  8798 V [MYTAG][mail_tcp_socket][HttpTransportLayer]: 	 url:http://192.168.0.1:80/app/getsdinfo
03-15 11:42:27.753  3998  9026 I System.out: (HTTPLog)-Static: isSBSettingEnabled false
03-15 11:42:27.754  3998  9026 I System.out: (HTTPLog)-Static: isSBSettingEnabled false
03-15 11:42:27.756  3998  8798 V [MYTAG][main][Device]: 666 dev is connected:true
03-15 11:42:27.806  3998  8798 V [MYTAG][mail_tcp_socket][HttpTransportLayer]: [HTTP RSP]
03-15 11:42:27.806  3998  8798 V [MYTAG][mail_tcp_socket][HttpTransportLayer]: 	 errcode:0
03-15 11:42:27.806  3998  8798 V [MYTAG][mail_tcp_socket][HttpTransportLayer]: 	[content]{"result":0,"info":{"status":0,"free":255,"total":1883}}
03-15 11:42:27.806  3998  8798 V [MYTAG][mail_tcp_socket][HttpTransportLayer]: -----------------------------------------
03-15 11:42:27.844  3998  3998 W ProxyAndroidLoggerBackend: Too many Flogger logs received before configuration. Dropping old logs.
03-15 11:42:27.860  3998  3998 I chatty  : uid=10291(com.vidure.app) identical 6 lines
03-15 11:42:27.861  3998  3998 W ProxyAndroidLoggerBackend: Too many Flogger logs received before configuration. Dropping old logs.
03-15 11:42:27.871  3998  8992 W ProxyAndroidLoggerBackend: Too many Flogger logs received before configuration. Dropping old logs.
03-15 11:42:27.872  3998  8992 W ProxyAndroidLoggerBackend: Too many Flogger logs received before configuration. Dropping old logs.
03-15 11:42:27.873  3998  8993 W ProxyAndroidLoggerBackend: Too many Flogger logs received before configuration. Dropping old logs.
03-15 11:42:27.877  3998  8993 I chatty  : uid=10291(com.vidure.app) identical 12 lines
03-15 11:42:27.878  3998  8993 W ProxyAndroidLoggerBackend: Too many Flogger logs received before configuration. Dropping old logs.
03-15 11:42:27.878  3998  3998 W ProxyAndroidLoggerBackend: Too many Flogger logs received before configuration. Dropping old logs.
03-15 11:42:27.880  3998  8992 W ProxyAndroidLoggerBackend: Too many Flogger logs received before configuration. Dropping old logs.
03-15 11:42:27.882  3998  8991 W ProxyAndroidLoggerBackend: Too many Flogger logs received before configuration. Dropping old logs.
03-15 11:42:27.884  3998  8798 V [MYTAG][main][Device]: 666 dev is connected:true
03-15 11:42:27.885  3998  8798 V [MYTAG][main][CameraPreviewActivity]: rev msg1:264454
03-15 11:42:27.885  3998  8798 V [MYTAG][main][Device]: 666 dev is connected:true
03-15 11:42:27.885  3998  8798 V [MYTAG][main][CameraPreviewActivity]: rev msg1:589832
03-15 11:42:28.689  3998  9027 W System  : Ignoring header sessionid because its value was null.
03-15 11:42:28.690  3998  8798 V [MYTAG][HeartbeatMgr][RemoteOptor]: ----
03-15 11:42:28.690  3998  8798 V [MYTAG][HeartbeatMgr][RemoteOptor]: [CMD]Basic_Msg_MailBox
03-15 11:42:28.690  3998  8798 V [MYTAG][HeartbeatMgr][RemoteOptor]: [PARAM]null
03-15 11:42:28.690  3998  9027 I System.out: (HTTPLog)-Static: isSBSettingEnabled false
03-15 11:42:28.690  3998  9027 I System.out: (HTTPLog)-Static: isSBSettingEnabled false
03-15 11:42:28.691  3998  8798 V [MYTAG][HeartbeatMgr][HttpTransportLayer]: [HTTP SEND GET]
03-15 11:42:28.691  3998  8798 V [MYTAG][HeartbeatMgr][HttpTransportLayer]: 	 url:http://192.168.0.1:80/app/getparamvalue?param=rec
03-15 11:42:28.725  3998  8798 V [MYTAG][HeartbeatMgr][HttpTransportLayer]: [HTTP RSP]
03-15 11:42:28.725  3998  8798 V [MYTAG][HeartbeatMgr][HttpTransportLayer]: 	 errcode:0
03-15 11:42:28.725  3998  8798 V [MYTAG][HeartbeatMgr][HttpTransportLayer]: 	[content]{"result":0,"info":{"value":1}}
03-15 11:42:28.725  3998  8798 V [MYTAG][HeartbeatMgr][HttpTransportLayer]: -----------------------------------------
03-15 11:42:28.850  3998  8916 I System.out: (HTTPLog)-Static: isSBSettingEnabled false
