09-14 10:20:15.395  3880  7576 V [MYTAG][mail_tcp_socket][RemoteOptor]: [CMD]DEV_SDCARD_STATUS_QUERY
09-14 10:20:15.395  3880  7576 V [MYTAG][mail_tcp_socket][RemoteOptor]: [PARAM]null
09-14 10:20:15.395  3880  7576 V [MYTAG][mail_tcp_socket][HttpTransportLayer]: [HTTP SEND GET]
09-14 10:20:15.395  3880  7576 V [MYTAG][mail_tcp_socket][HttpTransportLayer]: 	 url:http://192.168.0.1:80/app/getsdinfo
09-14 10:20:15.395  3880  8188 W System  : Ignoring header sessionid because its value was null.
09-14 10:20:15.396  3880  8188 I System.out: (HTTPLog)-Static: isSBSettingEnabled false
09-14 10:20:15.396  3880  8188 I System.out: (HTTPLog)-Static: isSBSettingEnabled false
09-14 10:20:15.417  3880  7576 V [MYTAG][main][Device]: 603 dev is connected:true
09-14 10:20:15.417  3880  7576 V [MYTAG][mail_tcp_socket][HttpTransportLayer]: [HTTP RSP]
09-14 10:20:15.417  3880  7576 V [MYTAG][mail_tcp_socket][HttpTransportLayer]: 	 errcode:0
09-14 10:20:15.417  3880  7576 V [MYTAG][mail_tcp_socket][HttpTransportLayer]: 	[content]{"result":0,"info":{"status":0,"free":299,"total":1883}}
09-14 10:20:15.417  3880  7576 V [MYTAG][mail_tcp_socket][HttpTransportLayer]: -----------------------------------------
09-14 10:20:15.447  3880  3880 W ProxyAndroidLoggerBackend: Too many Flogger logs received before configuration. Dropping old logs.
09-14 10:20:15.449  3880  3880 W ProxyAndroidLoggerBackend: Too many Flogger logs received before configuration. Dropping old logs.
09-14 10:20:15.455  3880  3880 I chatty  : uid=10291(com.vidure.app) identical 5 lines
09-14 10:20:15.456  3880  3880 W ProxyAndroidLoggerBackend: Too many Flogger logs received before configuration. Dropping old logs.
09-14 10:20:15.467  3880  7576 V [MYTAG][main][Device]: 603 dev is connected:true
09-14 10:20:15.468  3880  7576 V [MYTAG][main][CameraPreviewActivity]: rev msg1:264454
09-14 10:20:15.468  3880  7576 V [MYTAG][main][Device]: 603 dev is connected:true
09-14 10:20:15.468  3880  7576 V [MYTAG][main][CameraPreviewActivity]: rev msg1:589832
09-14 10:20:17.746  3880  8189 W System  : Ignoring header sessionid because its value was null.
09-14 10:20:17.746  3880  8189 I System.out: (HTTPLog)-Static: isSBSettingEnabled false
09-14 10:20:17.746  3880  8189 I System.out: (HTTPLog)-Static: isSBSettingEnabled false
09-14 10:20:17.747  3880  7576 V [MYTAG][HeartbeatMgr][RemoteOptor]: ----
09-14 10:20:17.747  3880  7576 V [MYTAG][HeartbeatMgr][RemoteOptor]: [CMD]Basic_Msg_MailBox
09-14 10:20:17.747  3880  7576 V [MYTAG][HeartbeatMgr][RemoteOptor]: [PARAM]null
09-14 10:20:17.748  3880  7576 V [MYTAG][HeartbeatMgr][HttpTransportLayer]: [HTTP SEND GET]
09-14 10:20:17.748  3880  7576 V [MYTAG][HeartbeatMgr][HttpTransportLayer]: 	 url:http://192.168.0.1:80/app/getparamvalue?param=rec
09-14 10:20:17.770  3880  7576 V [MYTAG][HeartbeatMgr][HttpTransportLayer]: [HTTP RSP]
09-14 10:20:17.770  3880  7576 V [MYTAG][HeartbeatMgr][HttpTransportLayer]: 	 errcode:0
09-14 10:20:17.770  3880  7576 V [MYTAG][HeartbeatMgr][HttpTransportLayer]: 	[content]{"result":0,"info":{"value":0}}
09-14 10:20:17.770  3880  7576 V [MYTAG][HeartbeatMgr][HttpTransportLayer]: -----------------------------------------
09-14 10:20:18.401  3880  7576 V [MYTAG][mail_tcp_socket][ViiSocketMailDataPhraser]: ------------mail---------------
09-14 10:20:18.401  3880  7576 V [MYTAG][mail_tcp_socket][ViiSocketMailDataPhraser]: {"msgid":"battery","info":{"capacity":88,"charge":0},"time":1757845218}
09-14 10:20:18.402  3880  7576 V [MYTAG][mail_tcp_socket][ViiSocketMailDataPhraser]: ------------mail---------------
09-14 10:20:18.402  3880  7576 V [MYTAG][mail_tcp_socket][ViiSocketMailDataPhraser]: {"msgid":"sd","info":{"status":0},"time":1757845218}
09-14 10:20:18.403  3880  7576 V [MYTAG][mail_tcp_socket][RemoteOptor]: ----
09-14 10:20:18.403  3880  7576 V [MYTAG][mail_tcp_socket][RemoteOptor]: [CMD]DEV_SDCARD_STATUS_QUERY
09-14 10:20:18.403  3880  7576 V [MYTAG][mail_tcp_socket][RemoteOptor]: [PARAM]null
09-14 10:20:18.403  3880  8188 W System  : Ignoring header sessionid because its value was null.
09-14 10:20:18.404  3880  7576 V [MYTAG][mail_tcp_socket][HttpTransportLayer]: [HTTP SEND GET]
09-14 10:20:18.404  3880  7576 V [MYTAG][mail_tcp_socket][HttpTransportLayer]: 	 url:http://192.168.0.1:80/app/getsdinfo
09-14 10:20:18.404  3880  8188 I System.out: (HTTPLog)-Static: isSBSettingEnabled false
09-14 10:20:18.404  3880  8188 I System.out: (HTTPLog)-Static: isSBSettingEnabled false
09-14 10:20:18.413  3880  7576 V [MYTAG][main][Device]: 603 dev is connected:true
09-14 10:20:18.431  3880  7576 V [MYTAG][mail_tcp_socket][HttpTransportLayer]: [HTTP RSP]
09-14 10:20:18.431  3880  7576 V [MYTAG][mail_tcp_socket][HttpTransportLayer]: 	 errcode:0
09-14 10:20:18.431  3880  7576 V [MYTAG][mail_tcp_socket][HttpTransportLayer]: 	[content]{"result":0,"info":{"status":0,"free":299,"total":1883}}
09-14 10:20:18.431  3880  7576 V [MYTAG][mail_tcp_socket][HttpTransportLayer]: -----------------------------------------
09-14 10:20:18.476  3880  3880 W ProxyAndroidLoggerBackend: Too many Flogger logs received before configuration. Dropping old logs.
09-14 10:20:18.484  3880  3880 I chatty  : uid=10291(com.vidure.app) identical 6 lines
09-14 10:20:18.485  3880  3880 W ProxyAndroidLoggerBackend: Too many Flogger logs received before configuration. Dropping old logs.
09-14 10:20:18.495  3880  7576 V [MYTAG][main][Device]: 603 dev is connected:true
09-14 10:20:18.498  3880  7576 V [MYTAG][main][CameraPreviewActivity]: rev msg1:264454
09-14 10:20:18.499  3880  7576 V [MYTAG][main][Device]: 603 dev is connected:true
09-14 10:20:18.499  3880  7576 V [MYTAG][main][CameraPreviewActivity]: rev msg1:589832
09-14 10:20:21.411  3880  7576 V [MYTAG][mail_tcp_socket][ViiSocketMailDataPhraser]: ------------mail---------------
09-14 10:20:21.411  3880  7576 V [MYTAG][mail_tcp_socket][ViiSocketMailDataPhraser]: {"msgid":"battery","info":{"capacity":88,"charge":0},"time":1757845221}
09-14 10:20:21.419  3880  7576 V [MYTAG][mail_tcp_socket][ViiSocketMailDataPhraser]: ------------mail---------------
09-14 10:20:21.419  3880  7576 V [MYTAG][mail_tcp_socket][ViiSocketMailDataPhraser]: {"msgid":"sd","info":{"status":0},"time":1757845221}
09-14 10:20:21.421  3880  7576 V [MYTAG][mail_tcp_socket][RemoteOptor]: ----
09-14 10:20:21.421  3880  7576 V [MYTAG][mail_tcp_socket][RemoteOptor]: [CMD]DEV_SDCARD_STATUS_QUERY
09-14 10:20:21.421  3880  7576 V [MYTAG][mail_tcp_socket][RemoteOptor]: [PARAM]null
09-14 10:20:21.422  3880  8188 W System  : Ignoring header sessionid because its value was null.
09-14 10:20:21.423  3880  8188 I System.out: (HTTPLog)-Static: isSBSettingEnabled false
09-14 10:20:21.423  3880  8188 I System.out: (HTTPLog)-Static: isSBSettingEnabled false
09-14 10:20:21.425  3880  7576 V [MYTAG][mail_tcp_socket][HttpTransportLayer]: [HTTP SEND GET]
09-14 10:20:21.425  3880  7576 V [MYTAG][mail_tcp_socket][HttpTransportLayer]: 	 url:http://192.168.0.1:80/app/getsdinfo
09-14 10:20:21.425  3880  7576 V [MYTAG][main][Device]: 603 dev is connected:true
09-14 10:20:21.447  3880  7576 V [MYTAG][mail_tcp_socket][HttpTransportLayer]: [HTTP RSP]
09-14 10:20:21.447  3880  7576 V [MYTAG][mail_tcp_socket][HttpTransportLayer]: 	 errcode:0
09-14 10:20:21.447  3880  7576 V [MYTAG][mail_tcp_socket][HttpTransportLayer]: 	[content]{"result":0,"info":{"status":0,"free":299,"total":1883}}
09-14 10:20:21.447  3880  7576 V [MYTAG][mail_tcp_socket][HttpTransportLayer]: -----------------------------------------
09-14 10:20:21.455  3880  9830 W ProxyAndroidLoggerBackend: Too many Flogger logs received before configuration. Dropping old logs.
09-14 10:20:21.455  3880  9830 I chatty  : uid=10291(com.vidure.app) identical 1 line
09-14 10:20:21.455  3880  9830 W ProxyAndroidLoggerBackend: Too many Flogger logs received before configuration. Dropping old logs.
09-14 10:20:21.470  3880  3880 W ProxyAndroidLoggerBackend: Too many Flogger logs received before configuration. Dropping old logs.
09-14 10:20:21.481  3880  3880 I chatty  : uid=10291(com.vidure.app) identical 6 lines
09-14 10:20:21.481  3880  3880 W ProxyAndroidLoggerBackend: Too many Flogger logs received before configuration. Dropping old logs.
09-14 10:20:21.491  3880  7576 V [MYTAG][main][Device]: 603 dev is connected:true
09-14 10:20:21.493  3880  7576 V [MYTAG][main][CameraPreviewActivity]: rev msg1:264454
09-14 10:20:21.493  3880  7576 V [MYTAG][main][Device]: 603 dev is connected:true
09-14 10:20:21.494  3880  7576 V [MYTAG][main][CameraPreviewActivity]: rev msg1:589832
09-14 10:20:21.747  3880  8189 W System  : Ignoring header sessionid because its value was null.
09-14 10:20:21.748  3880  7576 V [MYTAG][HeartbeatMgr][RemoteOptor]: ----
09-14 10:20:21.748  3880  7576 V [MYTAG][HeartbeatMgr][RemoteOptor]: [CMD]Basic_Msg_MailBox
09-14 10:20:21.748  3880  7576 V [MYTAG][HeartbeatMgr][RemoteOptor]: [PARAM]null
09-14 10:20:21.748  3880  7576 V [MYTAG][HeartbeatMgr][HttpTransportLayer]: [HTTP SEND GET]
09-14 10:20:21.748  3880  7576 V [MYTAG][HeartbeatMgr][HttpTransportLayer]: 	 url:http://192.168.0.1:80/app/getparamvalue?param=rec
09-14 10:20:21.748  3880  8189 I System.out: (HTTPLog)-Static: isSBSettingEnabled false
09-14 10:20:21.749  3880  8189 I System.out: (HTTPLog)-Static: isSBSettingEnabled false
09-14 10:20:21.769  3880  7576 V [MYTAG][HeartbeatMgr][HttpTransportLayer]: [HTTP RSP]
09-14 10:20:21.769  3880  7576 V [MYTAG][HeartbeatMgr][HttpTransportLayer]: 	 errcode:0
09-14 10:20:21.769  3880  7576 V [MYTAG][HeartbeatMgr][HttpTransportLayer]: 	[content]{"result":0,"info":{"value":0}}
09-14 10:20:21.769  3880  7576 V [MYTAG][HeartbeatMgr][HttpTransportLayer]: -----------------------------------------
09-14 10:20:24.423  3880  7576 V [MYTAG][mail_tcp_socket][ViiSocketMailDataPhraser]: ------------mail---------------
09-14 10:20:24.423  3880  7576 V [MYTAG][mail_tcp_socket][ViiSocketMailDataPhraser]: {"msgid":"battery","info":{"capacity":88,"charge":0},"time":1757845224}
09-14 10:20:24.424  3880  7576 V [MYTAG][mail_tcp_socket][ViiSocketMailDataPhraser]: ------------mail---------------
09-14 10:20:24.424  3880  7576 V [MYTAG][mail_tcp_socket][ViiSocketMailDataPhraser]: {"msgid":"sd","info":{"status":0},"time":1757845224}
09-14 10:20:24.425  3880  8188 W System  : Ignoring header sessionid because its value was null.
09-14 10:20:24.425  3880  7576 V [MYTAG][mail_tcp_socket][RemoteOptor]: ----
09-14 10:20:24.425  3880  7576 V [MYTAG][mail_tcp_socket][RemoteOptor]: [CMD]DEV_SDCARD_STATUS_QUERY
09-14 10:20:24.425  3880  7576 V [MYTAG][mail_tcp_socket][RemoteOptor]: [PARAM]null
09-14 10:20:24.425  3880  7576 V [MYTAG][mail_tcp_socket][HttpTransportLayer]: [HTTP SEND GET]
09-14 10:20:24.425  3880  7576 V [MYTAG][mail_tcp_socket][HttpTransportLayer]: 	 url:http://192.168.0.1:80/app/getsdinfo
09-14 10:20:24.426  3880  8188 I System.out: (HTTPLog)-Static: isSBSettingEnabled false
09-14 10:20:24.426  3880  8188 I System.out: (HTTPLog)-Static: isSBSettingEnabled false
09-14 10:20:24.432  3880  7576 V [MYTAG][main][Device]: 603 dev is connected:true
09-14 10:20:24.465  3880  7576 V [MYTAG][mail_tcp_socket][HttpTransportLayer]: [HTTP RSP]
09-14 10:20:24.465  3880  7576 V [MYTAG][mail_tcp_socket][HttpTransportLayer]: 	 errcode:0
09-14 10:20:24.465  3880  7576 V [MYTAG][mail_tcp_socket][HttpTransportLayer]: 	[content]{"result":0,"info":{"status":0,"free":299,"total":1883}}
09-14 10:20:24.465  3880  7576 V [MYTAG][mail_tcp_socket][HttpTransportLayer]: -----------------------------------------
09-14 10:20:24.498  3880  3880 W ProxyAndroidLoggerBackend: Too many Flogger logs received before configuration. Dropping old logs.
09-14 10:20:24.510  3880  3880 I chatty  : uid=10291(com.vidure.app) identical 6 lines
09-14 10:20:24.512  3880  3880 W ProxyAndroidLoggerBackend: Too many Flogger logs received before configuration. Dropping old logs.
09-14 10:20:24.527  3880  7576 V [MYTAG][main][Device]: 603 dev is connected:true
09-14 10:20:24.532  3880  7576 V [MYTAG][main][CameraPreviewActivity]: rev msg1:264454
09-14 10:20:24.533  3880  7576 V [MYTAG][main][Device]: 603 dev is connected:true
09-14 10:20:24.533  3880  7576 V [MYTAG][main][CameraPreviewActivity]: rev msg1:589832
09-14 10:20:24.661  3880  9829 W ProxyAndroidLoggerBackend: Too many Flogger logs received before configuration. Dropping old logs.
09-14 10:20:24.662  3880  9829 I chatty  : uid=10291(com.vidure.app) identical 1 line
09-14 10:20:24.662  3880  9829 W ProxyAndroidLoggerBackend: Too many Flogger logs received before configuration. Dropping old logs.
09-14 10:20:25.747  3880  7576 V [MYTAG][HeartbeatMgr][RemoteOptor]: ----
09-14 10:20:25.747  3880  7576 V [MYTAG][HeartbeatMgr][RemoteOptor]: [CMD]Basic_Msg_MailBox
09-14 10:20:25.747  3880  7576 V [MYTAG][HeartbeatMgr][RemoteOptor]: [PARAM]null
09-14 10:20:25.748  3880  7576 V [MYTAG][HeartbeatMgr][HttpTransportLayer]: [HTTP SEND GET]
09-14 10:20:25.748  3880  7576 V [MYTAG][HeartbeatMgr][HttpTransportLayer]: 	 url:http://192.168.0.1:80/app/getparamvalue?param=rec
09-14 10:20:25.748  3880  8189 W System  : Ignoring header sessionid because its value was null.
09-14 10:20:25.748  3880  8189 I System.out: (HTTPLog)-Static: isSBSettingEnabled false
09-14 10:20:25.748  3880  8189 I System.out: (HTTPLog)-Static: isSBSettingEnabled false
09-14 10:20:25.769  3880  7576 V [MYTAG][HeartbeatMgr][HttpTransportLayer]: [HTTP RSP]
09-14 10:20:25.769  3880  7576 V [MYTAG][HeartbeatMgr][HttpTransportLayer]: 	 errcode:0
09-14 10:20:25.769  3880  7576 V [MYTAG][HeartbeatMgr][HttpTransportLayer]: 	[content]{"result":0,"info":{"value":0}}
09-14 10:20:25.769  3880  7576 V [MYTAG][HeartbeatMgr][HttpTransportLayer]: -----------------------------------------
09-14 10:20:27.433  3880  7576 V [MYTAG][mail_tcp_socket][ViiSocketMailDataPhraser]: ------------mail---------------
09-14 10:20:27.433  3880  7576 V [MYTAG][mail_tcp_socket][ViiSocketMailDataPhraser]: {"msgid":"battery","info":{"capacity":88,"charge":0},"time":1757845227}
09-14 10:20:27.434  3880  8188 W System  : Ignoring header sessionid because its value was null.
09-14 10:20:27.435  3880  7576 V [MYTAG][mail_tcp_socket][ViiSocketMailDataPhraser]: ------------mail---------------
09-14 10:20:27.435  3880  7576 V [MYTAG][mail_tcp_socket][ViiSocketMailDataPhraser]: {"msgid":"sd","info":{"status":0},"time":1757845227}
09-14 10:20:27.435  3880  7576 V [MYTAG][mail_tcp_socket][RemoteOptor]: ----
09-14 10:20:27.435  3880  7576 V [MYTAG][mail_tcp_socket][RemoteOptor]: [CMD]DEV_SDCARD_STATUS_QUERY
09-14 10:20:27.435  3880  7576 V [MYTAG][mail_tcp_socket][RemoteOptor]: [PARAM]null
09-14 10:20:27.435  3880  7576 V [MYTAG][mail_tcp_socket][HttpTransportLayer]: [HTTP SEND GET]
09-14 10:20:27.435  3880  7576 V [MYTAG][mail_tcp_socket][HttpTransportLayer]: 	 url:http://192.168.0.1:80/app/getsdinfo
09-14 10:20:27.435  3880  8188 I System.out: (HTTPLog)-Static: isSBSettingEnabled false
09-14 10:20:27.435  3880  8188 I System.out: (HTTPLog)-Static: isSBSettingEnabled false
09-14 10:20:27.441  3880  7576 V [MYTAG][main][Device]: 603 dev is connected:true
09-14 10:20:27.474  3880  7576 V [MYTAG][mail_tcp_socket][HttpTransportLayer]: [HTTP RSP]
09-14 10:20:27.474  3880  7576 V [MYTAG][mail_tcp_socket][HttpTransportLayer]: 	 errcode:0
09-14 10:20:27.474  3880  7576 V [MYTAG][mail_tcp_socket][HttpTransportLayer]: 	[content]{"result":0,"info":{"status":0,"free":299,"total":1883}}
09-14 10:20:27.474  3880  7576 V [MYTAG][mail_tcp_socket][HttpTransportLayer]: -----------------------------------------
09-14 10:20:27.513  3880  3880 W ProxyAndroidLoggerBackend: Too many Flogger logs received before configuration. Dropping old logs.
09-14 10:20:27.528  3880  3880 I chatty  : uid=10291(com.vidure.app) identical 6 lines
09-14 10:20:27.529  3880  3880 W ProxyAndroidLoggerBackend: Too many Flogger logs received before configuration. Dropping old logs.
09-14 10:20:27.542  3880  7576 V [MYTAG][main][Device]: 603 dev is connected:true
09-14 10:20:27.542  3880  7576 V [MYTAG][main][CameraPreviewActivity]: rev msg1:264454
09-14 10:20:27.543  3880  7576 V [MYTAG][main][Device]: 603 dev is connected:true
09-14 10:20:27.543  3880  7576 V [MYTAG][main][CameraPreviewActivity]: rev msg1:589832
09-14 10:20:29.746  3880  7576 V [MYTAG][HeartbeatMgr][RemoteOptor]: ----
09-14 10:20:29.746  3880  7576 V [MYTAG][HeartbeatMgr][RemoteOptor]: [CMD]Basic_Msg_MailBox
09-14 10:20:29.746  3880  7576 V [MYTAG][HeartbeatMgr][RemoteOptor]: [PARAM]null
09-14 10:20:29.747  3880  7576 V [MYTAG][HeartbeatMgr][HttpTransportLayer]: [HTTP SEND GET]
09-14 10:20:29.747  3880  7576 V [MYTAG][HeartbeatMgr][HttpTransportLayer]: 	 url:http://192.168.0.1:80/app/getparamvalue?param=rec
09-14 10:20:29.747  3880  8189 W System  : Ignoring header sessionid because its value was null.
09-14 10:20:29.748  3880  8189 I System.out: (HTTPLog)-Static: isSBSettingEnabled false
09-14 10:20:29.748  3880  8189 I System.out: (HTTPLog)-Static: isSBSettingEnabled false
09-14 10:20:29.787  3880  7576 V [MYTAG][HeartbeatMgr][HttpTransportLayer]: [HTTP RSP]
09-14 10:20:29.787  3880  7576 V [MYTAG][HeartbeatMgr][HttpTransportLayer]: 	 errcode:0
09-14 10:20:29.787  3880  7576 V [MYTAG][HeartbeatMgr][HttpTransportLayer]: 	[content]{"result":0,"info":{"value":0}}
09-14 10:20:29.787  3880  7576 V [MYTAG][HeartbeatMgr][HttpTransportLayer]: -----------------------------------------
09-14 10:20:30.440  3880  7576 V [MYTAG][mail_tcp_socket][ViiSocketMailDataPhraser]: ------------mail---------------
09-14 10:20:30.440  3880  7576 V [MYTAG][mail_tcp_socket][ViiSocketMailDataPhraser]: {"msgid":"battery","info":{"capacity":88,"charge":0},"time":1757845230}
09-14 10:20:30.442  3880  7576 V [MYTAG][mail_tcp_socket][ViiSocketMailDataPhraser]: ------------mail---------------
09-14 10:20:30.442  3880  7576 V [MYTAG][mail_tcp_socket][ViiSocketMailDataPhraser]: {"msgid":"sd","info":{"status":0},"time":1757845230}
09-14 10:20:30.444  3880  7576 V [MYTAG][mail_tcp_socket][RemoteOptor]: ----
09-14 10:20:30.444  3880  7576 V [MYTAG][mail_tcp_socket][RemoteOptor]: [CMD]DEV_SDCARD_STATUS_QUERY
09-14 10:20:30.444  3880  7576 V [MYTAG][mail_tcp_socket][RemoteOptor]: [PARAM]null
09-14 10:20:30.444  3880  8188 W System  : Ignoring header sessionid because its value was null.
09-14 10:20:30.444  3880  7576 V [MYTAG][mail_tcp_socket][HttpTransportLayer]: [HTTP SEND GET]
09-14 10:20:30.444  3880  7576 V [MYTAG][mail_tcp_socket][HttpTransportLayer]: 	 url:http://192.168.0.1:80/app/getsdinfo
09-14 10:20:30.444  3880  8188 I System.out: (HTTPLog)-Static: isSBSettingEnabled false
09-14 10:20:30.445  3880  8188 I System.out: (HTTPLog)-Static: isSBSettingEnabled false
09-14 10:20:30.448  3880  7576 V [MYTAG][main][Device]: 603 dev is connected:true
09-14 10:20:30.474  3880  7576 V [MYTAG][mail_tcp_socket][HttpTransportLayer]: [HTTP RSP]
09-14 10:20:30.474  3880  7576 V [MYTAG][mail_tcp_socket][HttpTransportLayer]: 	 errcode:0
09-14 10:20:30.474  3880  7576 V [MYTAG][mail_tcp_socket][HttpTransportLayer]: 	[content]{"result":0,"info":{"status":0,"free":299,"total":1883}}
09-14 10:20:30.474  3880  7576 V [MYTAG][mail_tcp_socket][HttpTransportLayer]: -----------------------------------------
09-14 10:20:30.482  3880  3880 W ProxyAndroidLoggerBackend: Too many Flogger logs received before configuration. Dropping old logs.
09-14 10:20:30.491  3880  3880 I chatty  : uid=10291(com.vidure.app) identical 6 lines
09-14 10:20:30.492  3880  3880 W ProxyAndroidLoggerBackend: Too many Flogger logs received before configuration. Dropping old logs.
09-14 10:20:30.499  3880  7576 V [MYTAG][main][Device]: 603 dev is connected:true
09-14 10:20:30.501  3880  7576 V [MYTAG][main][CameraPreviewActivity]: rev msg1:264454
09-14 10:20:30.501  3880  7576 V [MYTAG][main][Device]: 603 dev is connected:true
09-14 10:20:30.501  3880  7576 V [MYTAG][main][CameraPreviewActivity]: rev msg1:589832
09-14 10:20:33.452  3880  7576 V [MYTAG][mail_tcp_socket][ViiSocketMailDataPhraser]: ------------mail---------------
09-14 10:20:33.452  3880  7576 V [MYTAG][mail_tcp_socket][ViiSocketMailDataPhraser]: {"msgid":"battery","info":{"capacity":88,"charge":0},"time":1757845233}
09-14 10:20:33.455  3880  8188 W System  : Ignoring header sessionid because its value was null.
09-14 10:20:33.455  3880  7576 V [MYTAG][mail_tcp_socket][ViiSocketMailDataPhraser]: ------------mail---------------
09-14 10:20:33.455  3880  7576 V [MYTAG][mail_tcp_socket][ViiSocketMailDataPhraser]: {"msgid":"sd","info":{"status":0},"time":1757845233}
09-14 10:20:33.455  3880  7576 V [MYTAG][mail_tcp_socket][RemoteOptor]: ----
09-14 10:20:33.455  3880  7576 V [MYTAG][mail_tcp_socket][RemoteOptor]: [CMD]DEV_SDCARD_STATUS_QUERY
09-14 10:20:33.455  3880  7576 V [MYTAG][mail_tcp_socket][RemoteOptor]: [PARAM]null
09-14 10:20:33.455  3880  7576 V [MYTAG][mail_tcp_socket][HttpTransportLayer]: [HTTP SEND GET]
09-14 10:20:33.455  3880  7576 V [MYTAG][mail_tcp_socket][HttpTransportLayer]: 	 url:http://192.168.0.1:80/app/getsdinfo
09-14 10:20:33.455  3880  8188 I System.out: (HTTPLog)-Static: isSBSettingEnabled false
09-14 10:20:33.456  3880  8188 I System.out: (HTTPLog)-Static: isSBSettingEnabled false
09-14 10:20:33.471  3880  7576 V [MYTAG][main][Device]: 603 dev is connected:true
09-14 10:20:33.484  3880  7576 V [MYTAG][mail_tcp_socket][HttpTransportLayer]: [HTTP RSP]
09-14 10:20:33.484  3880  7576 V [MYTAG][mail_tcp_socket][HttpTransportLayer]: 	 errcode:0
09-14 10:20:33.484  3880  7576 V [MYTAG][mail_tcp_socket][HttpTransportLayer]: 	[content]{"result":0,"info":{"status":0,"free":299,"total":1883}}
09-14 10:20:33.484  3880  7576 V [MYTAG][mail_tcp_socket][HttpTransportLayer]: -----------------------------------------
09-14 10:20:33.501  3880  9774 W ProxyAndroidLoggerBackend: Too many Flogger logs received before configuration. Dropping old logs.
09-14 10:20:33.501  3880  9774 W ProxyAndroidLoggerBackend: Too many Flogger logs received before configuration. Dropping old logs.
09-14 10:20:33.501  3880  9830 W ProxyAndroidLoggerBackend: Too many Flogger logs received before configuration. Dropping old logs.
09-14 10:20:33.521  3880  3880 W ProxyAndroidLoggerBackend: Too many Flogger logs received before configuration. Dropping old logs.
09-14 10:20:33.527  3880  3880 I chatty  : uid=10291(com.vidure.app) identical 6 lines
09-14 10:20:33.528  3880  3880 W ProxyAndroidLoggerBackend: Too many Flogger logs received before configuration. Dropping old logs.
09-14 10:20:33.538  3880  7576 V [MYTAG][main][Device]: 603 dev is connected:true
09-14 10:20:33.538  3880  7576 V [MYTAG][main][CameraPreviewActivity]: rev msg1:264454
09-14 10:20:33.539  3880  7576 V [MYTAG][main][Device]: 603 dev is connected:true
09-14 10:20:33.539  3880  7576 V [MYTAG][main][CameraPreviewActivity]: rev msg1:589832
09-14 10:20:33.652  3880  9774 W ProxyAndroidLoggerBackend: Too many Flogger logs received before configuration. Dropping old logs.
09-14 10:20:33.652  3880  9774 W ProxyAndroidLoggerBackend: Too many Flogger logs received before configuration. Dropping old logs.
09-14 10:20:33.652  3880  9830 W ProxyAndroidLoggerBackend: Too many Flogger logs received before configuration. Dropping old logs.
09-14 10:20:33.747  3880  8189 W System  : Ignoring header sessionid because its value was null.
09-14 10:20:33.747  3880  8189 I System.out: (HTTPLog)-Static: isSBSettingEnabled false
09-14 10:20:33.747  3880  8189 I System.out: (HTTPLog)-Static: isSBSettingEnabled false
09-14 10:20:33.748  3880  7576 V [MYTAG][HeartbeatMgr][RemoteOptor]: ----
09-14 10:20:33.748  3880  7576 V [MYTAG][HeartbeatMgr][RemoteOptor]: [CMD]Basic_Msg_MailBox
09-14 10:20:33.748  3880  7576 V [MYTAG][HeartbeatMgr][RemoteOptor]: [PARAM]null
09-14 10:20:33.748  3880  7576 V [MYTAG][HeartbeatMgr][HttpTransportLayer]: [HTTP SEND GET]
09-14 10:20:33.748  3880  7576 V [MYTAG][HeartbeatMgr][HttpTransportLayer]: 	 url:http://192.168.0.1:80/app/getparamvalue?param=rec
09-14 10:20:33.770  3880  7576 V [MYTAG][HeartbeatMgr][HttpTransportLayer]: [HTTP RSP]
09-14 10:20:33.770  3880  7576 V [MYTAG][HeartbeatMgr][HttpTransportLayer]: 	 errcode:0
09-14 10:20:33.770  3880  7576 V [MYTAG][HeartbeatMgr][HttpTransportLayer]: 	[content]{"result":0,"info":{"value":0}}
09-14 10:20:33.770  3880  7576 V [MYTAG][HeartbeatMgr][HttpTransportLayer]: -----------------------------------------
09-14 10:20:36.461  3880  7576 V [MYTAG][mail_tcp_socket][ViiSocketMailDataPhraser]: ------------mail---------------
09-14 10:20:36.461  3880  7576 V [MYTAG][mail_tcp_socket][ViiSocketMailDataPhraser]: {"msgid":"battery","info":{"capacity":88,"charge":0},"time":1757845236}
09-14 10:20:36.463  3880  7576 V [MYTAG][mail_tcp_socket][ViiSocketMailDataPhraser]: ------------mail---------------
09-14 10:20:36.463  3880  7576 V [MYTAG][mail_tcp_socket][ViiSocketMailDataPhraser]: {"msgid":"sd","info":{"status":0},"time":1757845236}
09-14 10:20:36.464  3880  7576 V [MYTAG][mail_tcp_socket][RemoteOptor]: ----
09-14 10:20:36.464  3880  7576 V [MYTAG][mail_tcp_socket][RemoteOptor]: [CMD]DEV_SDCARD_STATUS_QUERY
09-14 10:20:36.464  3880  7576 V [MYTAG][mail_tcp_socket][RemoteOptor]: [PARAM]null
09-14 10:20:36.465  3880  7576 V [MYTAG][mail_tcp_socket][HttpTransportLayer]: [HTTP SEND GET]
09-14 10:20:36.465  3880  7576 V [MYTAG][mail_tcp_socket][HttpTransportLayer]: 	 url:http://192.168.0.1:80/app/getsdinfo
09-14 10:20:36.465  3880  8188 W System  : Ignoring header sessionid because its value was null.
09-14 10:20:36.465  3880  8188 I System.out: (HTTPLog)-Static: isSBSettingEnabled false
09-14 10:20:36.465  3880  8188 I System.out: (HTTPLog)-Static: isSBSettingEnabled false
09-14 10:20:36.470  3880  7576 V [MYTAG][main][Device]: 603 dev is connected:true
09-14 10:20:36.502  3880  7576 V [MYTAG][mail_tcp_socket][HttpTransportLayer]: [HTTP RSP]
09-14 10:20:36.502  3880  7576 V [MYTAG][mail_tcp_socket][HttpTransportLayer]: 	 errcode:0
09-14 10:20:36.502  3880  7576 V [MYTAG][mail_tcp_socket][HttpTransportLayer]: 	[content]{"result":0,"info":{"status":0,"free":299,"total":1883}}
09-14 10:20:36.502  3880  7576 V [MYTAG][mail_tcp_socket][HttpTransportLayer]: -----------------------------------------
09-14 10:20:36.535  3880  3880 W ProxyAndroidLoggerBackend: Too many Flogger logs received before configuration. Dropping old logs.
09-14 10:20:36.549  3880  3880 I chatty  : uid=10291(com.vidure.app) identical 6 lines
09-14 10:20:36.554  3880  3880 W ProxyAndroidLoggerBackend: Too many Flogger logs received before configuration. Dropping old logs.
09-14 10:20:36.564  3880  9829 W ProxyAndroidLoggerBackend: Too many Flogger logs received before configuration. Dropping old logs.
09-14 10:20:36.566  3880  7576 V [MYTAG][main][Device]: 603 dev is connected:true
09-14 10:20:36.572  3880  7576 V [MYTAG][main][CameraPreviewActivity]: rev msg1:264454
09-14 10:20:36.573  3880  7576 V [MYTAG][main][Device]: 603 dev is connected:true
09-14 10:20:36.573  3880  7576 V [MYTAG][main][CameraPreviewActivity]: rev msg1:589832
09-14 10:20:36.767  3880  7440 I com.vidure.app: Background young concurrent copying GC freed 100380(17MB) AllocSpace objects, 38(2264KB) LOS objects, 21% free, 72MB/92MB, paused 551us total 155.902ms
09-14 10:20:37.747  3880  8189 W System  : Ignoring header sessionid because its value was null.
09-14 10:20:37.748  3880  8189 I System.out: (HTTPLog)-Static: isSBSettingEnabled false
09-14 10:20:37.748  3880  8189 I System.out: (HTTPLog)-Static: isSBSettingEnabled false
09-14 10:20:37.748  3880  7576 V [MYTAG][HeartbeatMgr][RemoteOptor]: ----
09-14 10:20:37.748  3880  7576 V [MYTAG][HeartbeatMgr][RemoteOptor]: [CMD]Basic_Msg_MailBox
09-14 10:20:37.748  3880  7576 V [MYTAG][HeartbeatMgr][RemoteOptor]: [PARAM]null
09-14 10:20:37.748  3880  7576 V [MYTAG][HeartbeatMgr][HttpTransportLayer]: [HTTP SEND GET]
09-14 10:20:37.748  3880  7576 V [MYTAG][HeartbeatMgr][HttpTransportLayer]: 	 url:http://192.168.0.1:80/app/getparamvalue?param=rec
09-14 10:20:37.781  3880  7576 V [MYTAG][HeartbeatMgr][HttpTransportLayer]: [HTTP RSP]
09-14 10:20:37.781  3880  7576 V [MYTAG][HeartbeatMgr][HttpTransportLayer]: 	 errcode:0
09-14 10:20:37.781  3880  7576 V [MYTAG][HeartbeatMgr][HttpTransportLayer]: 	[content]{"result":0,"info":{"value":0}}
09-14 10:20:37.781  3880  7576 V [MYTAG][HeartbeatMgr][HttpTransportLayer]: -----------------------------------------
09-14 10:20:39.472  3880  7576 V [MYTAG][mail_tcp_socket][ViiSocketMailDataPhraser]: ------------mail---------------
09-14 10:20:39.472  3880  7576 V [MYTAG][mail_tcp_socket][ViiSocketMailDataPhraser]: {"msgid":"battery","info":{"capacity":88,"charge":0},"time":1757845239}
09-14 10:20:39.478  3880  7576 V [MYTAG][mail_tcp_socket][ViiSocketMailDataPhraser]: ------------mail---------------
09-14 10:20:39.478  3880  7576 V [MYTAG][mail_tcp_socket][ViiSocketMailDataPhraser]: {"msgid":"sd","info":{"status":0},"time":1757845239}
09-14 10:20:39.479  3880  7576 V [MYTAG][mail_tcp_socket][RemoteOptor]: ----
09-14 10:20:39.479  3880  7576 V [MYTAG][mail_tcp_socket][RemoteOptor]: [CMD]DEV_SDCARD_STATUS_QUERY
09-14 10:20:39.479  3880  7576 V [MYTAG][mail_tcp_socket][RemoteOptor]: [PARAM]null
09-14 10:20:39.479  3880  7576 V [MYTAG][mail_tcp_socket][HttpTransportLayer]: [HTTP SEND GET]
09-14 10:20:39.479  3880  7576 V [MYTAG][mail_tcp_socket][HttpTransportLayer]: 	 url:http://192.168.0.1:80/app/getsdinfo
09-14 10:20:39.479  3880  8188 W System  : Ignoring header sessionid because its value was null.
09-14 10:20:39.480  3880  8188 I System.out: (HTTPLog)-Static: isSBSettingEnabled false
09-14 10:20:39.480  3880  8188 I System.out: (HTTPLog)-Static: isSBSettingEnabled false
09-14 10:20:39.484  3880  7576 V [MYTAG][main][Device]: 603 dev is connected:true
09-14 10:20:39.515  3880  7576 V [MYTAG][mail_tcp_socket][HttpTransportLayer]: [HTTP RSP]
09-14 10:20:39.515  3880  7576 V [MYTAG][mail_tcp_socket][HttpTransportLayer]: 	 errcode:0
09-14 10:20:39.515  3880  7576 V [MYTAG][mail_tcp_socket][HttpTransportLayer]: 	[content]{"result":0,"info":{"status":0,"free":299,"total":1883}}
09-14 10:20:39.515  3880  7576 V [MYTAG][mail_tcp_socket][HttpTransportLayer]: -----------------------------------------
09-14 10:20:39.542  3880  3880 W ProxyAndroidLoggerBackend: Too many Flogger logs received before configuration. Dropping old logs.
09-14 10:20:39.551  3880  3880 I chatty  : uid=10291(com.vidure.app) identical 6 lines
09-14 10:20:39.553  3880  3880 W ProxyAndroidLoggerBackend: Too many Flogger logs received before configuration. Dropping old logs.
09-14 10:20:39.562  3880  7576 V [MYTAG][main][Device]: 603 dev is connected:true
09-14 10:20:39.566  3880  7576 V [MYTAG][main][CameraPreviewActivity]: rev msg1:264454
09-14 10:20:39.566  3880  7576 V [MYTAG][main][Device]: 603 dev is connected:true
09-14 10:20:39.569  3880  7576 V [MYTAG][main][CameraPreviewActivity]: rev msg1:589832
09-14 10:20:41.748  3880  7576 V [MYTAG][HeartbeatMgr][RemoteOptor]: ----
09-14 10:20:41.748  3880  7576 V [MYTAG][HeartbeatMgr][RemoteOptor]: [CMD]Basic_Msg_MailBox
09-14 10:20:41.748  3880  7576 V [MYTAG][HeartbeatMgr][RemoteOptor]: [PARAM]null
09-14 10:20:41.750  3880  8189 W System  : Ignoring header sessionid because its value was null.
09-14 10:20:41.751  3880  8189 I System.out: (HTTPLog)-Static: isSBSettingEnabled false
09-14 10:20:41.751  3880  8189 I System.out: (HTTPLog)-Static: isSBSettingEnabled false
09-14 10:20:41.751  3880  7576 V [MYTAG][HeartbeatMgr][HttpTransportLayer]: [HTTP SEND GET]
09-14 10:20:41.751  3880  7576 V [MYTAG][HeartbeatMgr][HttpTransportLayer]: 	 url:http://192.168.0.1:80/app/getparamvalue?param=rec
09-14 10:20:41.780  3880  7576 V [MYTAG][HeartbeatMgr][HttpTransportLayer]: [HTTP RSP]
09-14 10:20:41.780  3880  7576 V [MYTAG][HeartbeatMgr][HttpTransportLayer]: 	 errcode:0
09-14 10:20:41.780  3880  7576 V [MYTAG][HeartbeatMgr][HttpTransportLayer]: 	[content]{"result":0,"info":{"value":0}}
09-14 10:20:41.780  3880  7576 V [MYTAG][HeartbeatMgr][HttpTransportLayer]: -----------------------------------------
09-14 10:20:42.481  3880  7576 V [MYTAG][mail_tcp_socket][ViiSocketMailDataPhraser]: ------------mail---------------
09-14 10:20:42.481  3880  7576 V [MYTAG][mail_tcp_socket][ViiSocketMailDataPhraser]: {"msgid":"battery","info":{"capacity":88,"charge":0},"time":1757845242}
09-14 10:20:42.487  3880  7576 V [MYTAG][main][Device]: 603 dev is connected:true
09-14 10:20:42.489  3880  8188 W System  : Ignoring header sessionid because its value was null.
09-14 10:20:42.490  3880  8188 I System.out: (HTTPLog)-Static: isSBSettingEnabled false
09-14 10:20:42.490  3880  8188 I System.out: (HTTPLog)-Static: isSBSettingEnabled false
09-14 10:20:42.491  3880  7576 V [MYTAG][mail_tcp_socket][ViiSocketMailDataPhraser]: ------------mail---------------
09-14 10:20:42.491  3880  7576 V [MYTAG][mail_tcp_socket][ViiSocketMailDataPhraser]: {"msgid":"sd","info":{"status":0},"time":1757845242}
09-14 10:20:42.491  3880  7576 V [MYTAG][mail_tcp_socket][RemoteOptor]: ----
09-14 10:20:42.491  3880  7576 V [MYTAG][mail_tcp_socket][RemoteOptor]: [CMD]DEV_SDCARD_STATUS_QUERY
09-14 10:20:42.491  3880  7576 V [MYTAG][mail_tcp_socket][RemoteOptor]: [PARAM]null
09-14 10:20:42.491  3880  7576 V [MYTAG][mail_tcp_socket][HttpTransportLayer]: [HTTP SEND GET]
09-14 10:20:42.491  3880  7576 V [MYTAG][mail_tcp_socket][HttpTransportLayer]: 	 url:http://192.168.0.1:80/app/getsdinfo
09-14 10:20:42.515  3880  7576 V [MYTAG][mail_tcp_socket][HttpTransportLayer]: [HTTP RSP]
09-14 10:20:42.515  3880  7576 V [MYTAG][mail_tcp_socket][HttpTransportLayer]: 	 errcode:0
09-14 10:20:42.515  3880  7576 V [MYTAG][mail_tcp_socket][HttpTransportLayer]: 	[content]{"result":0,"info":{"status":0,"free":299,"total":1883}}
09-14 10:20:42.515  3880  7576 V [MYTAG][mail_tcp_socket][HttpTransportLayer]: -----------------------------------------
09-14 10:20:42.524  3880  3880 W ProxyAndroidLoggerBackend: Too many Flogger logs received before configuration. Dropping old logs.
09-14 10:20:42.534  3880  3880 I chatty  : uid=10291(com.vidure.app) identical 6 lines
09-14 10:20:42.535  3880  3880 W ProxyAndroidLoggerBackend: Too many Flogger logs received before configuration. Dropping old logs.
09-14 10:20:42.545  3880  9774 W ProxyAndroidLoggerBackend: Too many Flogger logs received before configuration. Dropping old logs.
09-14 10:20:42.549  3880  7576 V [MYTAG][main][Device]: 603 dev is connected:true
09-14 10:20:42.550  3880  7576 V [MYTAG][main][CameraPreviewActivity]: rev msg1:264454
09-14 10:20:42.550  3880  7576 V [MYTAG][main][Device]: 603 dev is connected:true
09-14 10:20:42.550  3880  7576 V [MYTAG][main][CameraPreviewActivity]: rev msg1:589832
09-14 10:20:45.492  3880  7576 V [MYTAG][mail_tcp_socket][ViiSocketMailDataPhraser]: ------------mail---------------
09-14 10:20:45.492  3880  7576 V [MYTAG][mail_tcp_socket][ViiSocketMailDataPhraser]: {"msgid":"battery","info":{"capacity":88,"charge":0},"time":1757845245}
09-14 10:20:45.496  3880  8188 W System  : Ignoring header sessionid because its value was null.
09-14 10:20:45.497  3880  8188 I System.out: (HTTPLog)-Static: isSBSettingEnabled false
09-14 10:20:45.497  3880  8188 I System.out: (HTTPLog)-Static: isSBSettingEnabled false
09-14 10:20:45.498  3880  7576 V [MYTAG][mail_tcp_socket][ViiSocketMailDataPhraser]: ------------mail---------------
09-14 10:20:45.498  3880  7576 V [MYTAG][mail_tcp_socket][ViiSocketMailDataPhraser]: {"msgid":"sd","info":{"status":0},"time":1757845245}
09-14 10:20:45.498  3880  7576 V [MYTAG][mail_tcp_socket][RemoteOptor]: ----
09-14 10:20:45.498  3880  7576 V [MYTAG][mail_tcp_socket][RemoteOptor]: [CMD]DEV_SDCARD_STATUS_QUERY
09-14 10:20:45.498  3880  7576 V [MYTAG][mail_tcp_socket][RemoteOptor]: [PARAM]null
09-14 10:20:45.498  3880  7576 V [MYTAG][mail_tcp_socket][HttpTransportLayer]: [HTTP SEND GET]
09-14 10:20:45.498  3880  7576 V [MYTAG][mail_tcp_socket][HttpTransportLayer]: 	 url:http://192.168.0.1:80/app/getsdinfo
09-14 10:20:45.502  3880  7576 V [MYTAG][main][Device]: 603 dev is connected:true
09-14 10:20:45.527  3880  7576 V [MYTAG][mail_tcp_socket][HttpTransportLayer]: [HTTP RSP]
09-14 10:20:45.527  3880  7576 V [MYTAG][mail_tcp_socket][HttpTransportLayer]: 	 errcode:0
09-14 10:20:45.527  3880  7576 V [MYTAG][mail_tcp_socket][HttpTransportLayer]: 	[content]{"result":0,"info":{"status":0,"free":299,"total":1883}}
09-14 10:20:45.527  3880  7576 V [MYTAG][mail_tcp_socket][HttpTransportLayer]: -----------------------------------------
09-14 10:20:45.577  3880  3880 W ProxyAndroidLoggerBackend: Too many Flogger logs received before configuration. Dropping old logs.
09-14 10:20:45.587  3880  3880 I chatty  : uid=10291(com.vidure.app) identical 6 lines
09-14 10:20:45.589  3880  3880 W ProxyAndroidLoggerBackend: Too many Flogger logs received before configuration. Dropping old logs.
09-14 10:20:45.599  3880  7576 V [MYTAG][main][Device]: 603 dev is connected:true
09-14 10:20:45.602  3880  7576 V [MYTAG][main][CameraPreviewActivity]: rev msg1:264454
09-14 10:20:45.602  3880  7576 V [MYTAG][main][Device]: 603 dev is connected:true
09-14 10:20:45.602  3880  7576 V [MYTAG][main][CameraPreviewActivity]: rev msg1:589832
09-14 10:20:45.748  3880  8189 W System  : Ignoring header sessionid because its value was null.
09-14 10:20:45.748  3880  7576 V [MYTAG][HeartbeatMgr][RemoteOptor]: ----
09-14 10:20:45.748  3880  7576 V [MYTAG][HeartbeatMgr][RemoteOptor]: [CMD]Basic_Msg_MailBox
09-14 10:20:45.748  3880  7576 V [MYTAG][HeartbeatMgr][RemoteOptor]: [PARAM]null
09-14 10:20:45.748  3880  8189 I System.out: (HTTPLog)-Static: isSBSettingEnabled false
09-14 10:20:45.749  3880  8189 I System.out: (HTTPLog)-Static: isSBSettingEnabled false
09-14 10:20:45.749  3880  7576 V [MYTAG][HeartbeatMgr][HttpTransportLayer]: [HTTP SEND GET]
09-14 10:20:45.749  3880  7576 V [MYTAG][HeartbeatMgr][HttpTransportLayer]: 	 url:http://192.168.0.1:80/app/getparamvalue?param=rec
09-14 10:20:45.780  3880  7576 V [MYTAG][HeartbeatMgr][HttpTransportLayer]: [HTTP RSP]
09-14 10:20:45.780  3880  7576 V [MYTAG][HeartbeatMgr][HttpTransportLayer]: 	 errcode:0
09-14 10:20:45.780  3880  7576 V [MYTAG][HeartbeatMgr][HttpTransportLayer]: 	[content]{"result":0,"info":{"value":0}}
09-14 10:20:45.780  3880  7576 V [MYTAG][HeartbeatMgr][HttpTransportLayer]: -----------------------------------------
09-14 10:20:48.503  3880  7576 V [MYTAG][mail_tcp_socket][ViiSocketMailDataPhraser]: ------------mail---------------
09-14 10:20:48.503  3880  7576 V [MYTAG][mail_tcp_socket][ViiSocketMailDataPhraser]: {"msgid":"battery","info":{"capacity":88,"charge":0},"time":1757845248}
09-14 10:20:48.506  3880  7576 V [MYTAG][mail_tcp_socket][ViiSocketMailDataPhraser]: ------------mail---------------
09-14 10:20:48.506  3880  7576 V [MYTAG][mail_tcp_socket][ViiSocketMailDataPhraser]: {"msgid":"sd","info":{"status":0},"time":1757845248}
09-14 10:20:48.507  3880  7576 V [MYTAG][mail_tcp_socket][RemoteOptor]: ----
09-14 10:20:48.507  3880  7576 V [MYTAG][mail_tcp_socket][RemoteOptor]: [CMD]DEV_SDCARD_STATUS_QUERY
09-14 10:20:48.507  3880  7576 V [MYTAG][mail_tcp_socket][RemoteOptor]: [PARAM]null
09-14 10:20:48.507  3880  7576 V [MYTAG][mail_tcp_socket][HttpTransportLayer]: [HTTP SEND GET]
09-14 10:20:48.507  3880  7576 V [MYTAG][mail_tcp_socket][HttpTransportLayer]: 	 url:http://192.168.0.1:80/app/getsdinfo
09-14 10:20:48.507  3880  8188 W System  : Ignoring header sessionid because its value was null.
09-14 10:20:48.508  3880  8188 I System.out: (HTTPLog)-Static: isSBSettingEnabled false
09-14 10:20:48.508  3880  8188 I System.out: (HTTPLog)-Static: isSBSettingEnabled false
09-14 10:20:48.511  3880  7576 V [MYTAG][main][Device]: 603 dev is connected:true
09-14 10:20:48.535  3880  7576 V [MYTAG][mail_tcp_socket][HttpTransportLayer]: [HTTP RSP]
09-14 10:20:48.535  3880  7576 V [MYTAG][mail_tcp_socket][HttpTransportLayer]: 	 errcode:0
09-14 10:20:48.535  3880  7576 V [MYTAG][mail_tcp_socket][HttpTransportLayer]: 	[content]{"result":0,"info":{"status":0,"free":299,"total":1883}}
09-14 10:20:48.535  3880  7576 V [MYTAG][mail_tcp_socket][HttpTransportLayer]: -----------------------------------------
09-14 10:20:48.574  3880  3880 W ProxyAndroidLoggerBackend: Too many Flogger logs received before configuration. Dropping old logs.
09-14 10:20:48.596  3880  3880 I chatty  : uid=10291(com.vidure.app) identical 3 lines
09-14 10:20:48.600  3880  3880 W ProxyAndroidLoggerBackend: Too many Flogger logs received before configuration. Dropping old logs.
09-14 10:20:48.601  3880  3880 W ProxyAndroidLoggerBackend: Too many Flogger logs received before configuration. Dropping old logs.
09-14 10:20:48.602  3880  3880 W ProxyAndroidLoggerBackend: Too many Flogger logs received before configuration. Dropping old logs.
09-14 10:20:48.603  3880  9774 W ProxyAndroidLoggerBackend: Too many Flogger logs received before configuration. Dropping old logs.
09-14 10:20:48.604  3880  9774 W ProxyAndroidLoggerBackend: Too many Flogger logs received before configuration. Dropping old logs.
09-14 10:20:48.604  3880  9829 W ProxyAndroidLoggerBackend: Too many Flogger logs received before configuration. Dropping old logs.
09-14 10:20:48.604  3880  9774 W ProxyAndroidLoggerBackend: Too many Flogger logs received before configuration. Dropping old logs.
09-14 10:20:48.605  3880  9774 W ProxyAndroidLoggerBackend: Too many Flogger logs received before configuration. Dropping old logs.
09-14 10:20:48.606  3880  3880 W ProxyAndroidLoggerBackend: Too many Flogger logs received before configuration. Dropping old logs.
09-14 10:20:48.607  3880  9829 W ProxyAndroidLoggerBackend: Too many Flogger logs received before configuration. Dropping old logs.
09-14 10:20:48.616  3880  7576 V [MYTAG][main][Device]: 603 dev is connected:true
09-14 10:20:48.621  3880  7576 V [MYTAG][main][CameraPreviewActivity]: rev msg1:264454
09-14 10:20:48.622  3880  7576 V [MYTAG][main][Device]: 603 dev is connected:true
09-14 10:20:48.622  3880  7576 V [MYTAG][main][CameraPreviewActivity]: rev msg1:589832
09-14 10:20:49.748  3880  8189 W System  : Ignoring header sessionid because its value was null.
09-14 10:20:49.748  3880  8189 I System.out: (HTTPLog)-Static: isSBSettingEnabled false
09-14 10:20:49.748  3880  8189 I System.out: (HTTPLog)-Static: isSBSettingEnabled false
09-14 10:20:49.750  3880  7576 V [MYTAG][HeartbeatMgr][RemoteOptor]: ----
09-14 10:20:49.750  3880  7576 V [MYTAG][HeartbeatMgr][RemoteOptor]: [CMD]Basic_Msg_MailBox
09-14 10:20:49.750  3880  7576 V [MYTAG][HeartbeatMgr][RemoteOptor]: [PARAM]null
09-14 10:20:49.750  3880  7576 V [MYTAG][HeartbeatMgr][HttpTransportLayer]: [HTTP SEND GET]
09-14 10:20:49.750  3880  7576 V [MYTAG][HeartbeatMgr][HttpTransportLayer]: 	 url:http://192.168.0.1:80/app/getparamvalue?param=rec
09-14 10:20:49.777  3880  7576 V [MYTAG][HeartbeatMgr][HttpTransportLayer]: [HTTP RSP]
09-14 10:20:49.777  3880  7576 V [MYTAG][HeartbeatMgr][HttpTransportLayer]: 	 errcode:0
09-14 10:20:49.777  3880  7576 V [MYTAG][HeartbeatMgr][HttpTransportLayer]: 	[content]{"result":0,"info":{"value":0}}
09-14 10:20:49.777  3880  7576 V [MYTAG][HeartbeatMgr][HttpTransportLayer]: -----------------------------------------
09-14 10:20:50.226  3880  9829 W ProxyAndroidLoggerBackend: Too many Flogger logs received before configuration. Dropping old logs.
09-14 10:20:50.325  3880  9830 W ProxyAndroidLoggerBackend: Too many Flogger logs received before configuration. Dropping old logs.
09-14 10:20:51.555  3880  7576 V [MYTAG][mail_tcp_socket][ViiSocketMailDataPhraser]: ------------mail---------------
09-14 10:20:51.555  3880  7576 V [MYTAG][mail_tcp_socket][ViiSocketMailDataPhraser]: {"msgid":"battery","info":{"capacity":88,"charge":0},"time":1757845251}
09-14 10:20:51.563  3880  7576 V [MYTAG][mail_tcp_socket][ViiSocketMailDataPhraser]: ------------mail---------------
09-14 10:20:51.563  3880  7576 V [MYTAG][mail_tcp_socket][ViiSocketMailDataPhraser]: {"msgid":"sd","info":{"status":0},"time":1757845251}
09-14 10:20:51.563  3880  7576 V [MYTAG][mail_tcp_socket][RemoteOptor]: ----
09-14 10:20:51.563  3880  7576 V [MYTAG][mail_tcp_socket][RemoteOptor]: [CMD]DEV_SDCARD_STATUS_QUERY
09-14 10:20:51.563  3880  7576 V [MYTAG][mail_tcp_socket][RemoteOptor]: [PARAM]null
09-14 10:20:51.564  3880  7576 V [MYTAG][mail_tcp_socket][HttpTransportLayer]: [HTTP SEND GET]
09-14 10:20:51.564  3880  7576 V [MYTAG][mail_tcp_socket][HttpTransportLayer]: 	 url:http://192.168.0.1:80/app/getsdinfo
09-14 10:20:51.564  3880  8188 W System  : Ignoring header sessionid because its value was null.
09-14 10:20:51.565  3880  8188 I System.out: (HTTPLog)-Static: isSBSettingEnabled false
09-14 10:20:51.565  3880  8188 I System.out: (HTTPLog)-Static: isSBSettingEnabled false
09-14 10:20:51.566  3880  7576 V [MYTAG][main][Device]: 603 dev is connected:true
09-14 10:20:51.585  3880  7576 V [MYTAG][mail_tcp_socket][HttpTransportLayer]: [HTTP RSP]
09-14 10:20:51.585  3880  7576 V [MYTAG][mail_tcp_socket][HttpTransportLayer]: 	 errcode:0
09-14 10:20:51.585  3880  7576 V [MYTAG][mail_tcp_socket][HttpTransportLayer]: 	[content]{"result":0,"info":{"status":0,"free":299,"total":1883}}
09-14 10:20:51.585  3880  7576 V [MYTAG][mail_tcp_socket][HttpTransportLayer]: -----------------------------------------
09-14 10:20:51.590  3880  3880 W ProxyAndroidLoggerBackend: Too many Flogger logs received before configuration. Dropping old logs.
09-14 10:20:51.598  3880  3880 I chatty  : uid=10291(com.vidure.app) identical 6 lines
09-14 10:20:51.599  3880  3880 W ProxyAndroidLoggerBackend: Too many Flogger logs received before configuration. Dropping old logs.
09-14 10:20:51.604  3880  9774 W ProxyAndroidLoggerBackend: Too many Flogger logs received before configuration. Dropping old logs.
09-14 10:20:51.610  3880  7576 V [MYTAG][main][Device]: 603 dev is connected:true
09-14 10:20:51.611  3880  7576 V [MYTAG][main][CameraPreviewActivity]: rev msg1:264454
09-14 10:20:51.612  3880  7576 V [MYTAG][main][Device]: 603 dev is connected:true
09-14 10:20:51.615  3880  7576 V [MYTAG][main][CameraPreviewActivity]: rev msg1:589832
09-14 10:20:53.749  3880  7576 V [MYTAG][HeartbeatMgr][RemoteOptor]: ----
09-14 10:20:53.749  3880  7576 V [MYTAG][HeartbeatMgr][RemoteOptor]: [CMD]Basic_Msg_MailBox
09-14 10:20:53.749  3880  7576 V [MYTAG][HeartbeatMgr][RemoteOptor]: [PARAM]null
09-14 10:20:53.750  3880  7576 V [MYTAG][HeartbeatMgr][HttpTransportLayer]: [HTTP SEND GET]
09-14 10:20:53.750  3880  7576 V [MYTAG][HeartbeatMgr][HttpTransportLayer]: 	 url:http://192.168.0.1:80/app/getparamvalue?param=rec
09-14 10:20:53.750  3880  8189 W System  : Ignoring header sessionid because its value was null.
09-14 10:20:53.751  3880  8189 I System.out: (HTTPLog)-Static: isSBSettingEnabled false
09-14 10:20:53.751  3880  8189 I System.out: (HTTPLog)-Static: isSBSettingEnabled false
09-14 10:20:53.785  3880  7576 V [MYTAG][HeartbeatMgr][HttpTransportLayer]: [HTTP RSP]
09-14 10:20:53.785  3880  7576 V [MYTAG][HeartbeatMgr][HttpTransportLayer]: 	 errcode:0
09-14 10:20:53.785  3880  7576 V [MYTAG][HeartbeatMgr][HttpTransportLayer]: 	[content]{"result":0,"info":{"value":0}}
09-14 10:20:53.785  3880  7576 V [MYTAG][HeartbeatMgr][HttpTransportLayer]: -----------------------------------------
09-14 10:20:54.524  3880  7576 V [MYTAG][mail_tcp_socket][ViiSocketMailDataPhraser]: ------------mail---------------
09-14 10:20:54.524  3880  7576 V [MYTAG][mail_tcp_socket][ViiSocketMailDataPhraser]: {"msgid":"battery","info":{"capacity":88,"charge":0},"time":1757845254}
09-14 10:20:54.525  3880  8188 W System  : Ignoring header sessionid because its value was null.
09-14 10:20:54.526  3880  8188 I System.out: (HTTPLog)-Static: isSBSettingEnabled false
09-14 10:20:54.526  3880  8188 I System.out: (HTTPLog)-Static: isSBSettingEnabled false
09-14 10:20:54.527  3880  7576 V [MYTAG][mail_tcp_socket][ViiSocketMailDataPhraser]: ------------mail---------------
09-14 10:20:54.527  3880  7576 V [MYTAG][mail_tcp_socket][ViiSocketMailDataPhraser]: {"msgid":"sd","info":{"status":0},"time":1757845254}
09-14 10:20:54.528  3880  7576 V [MYTAG][mail_tcp_socket][RemoteOptor]: ----
09-14 10:20:54.528  3880  7576 V [MYTAG][mail_tcp_socket][RemoteOptor]: [CMD]DEV_SDCARD_STATUS_QUERY
09-14 10:20:54.528  3880  7576 V [MYTAG][mail_tcp_socket][RemoteOptor]: [PARAM]null
09-14 10:20:54.529  3880  7576 V [MYTAG][mail_tcp_socket][HttpTransportLayer]: [HTTP SEND GET]
09-14 10:20:54.529  3880  7576 V [MYTAG][mail_tcp_socket][HttpTransportLayer]: 	 url:http://192.168.0.1:80/app/getsdinfo
09-14 10:20:54.531  3880  7576 V [MYTAG][main][Device]: 603 dev is connected:true
09-14 10:20:54.556  3880  3880 W ProxyAndroidLoggerBackend: Too many Flogger logs received before configuration. Dropping old logs.
09-14 10:20:54.557  3880  7576 V [MYTAG][mail_tcp_socket][HttpTransportLayer]: [HTTP RSP]
09-14 10:20:54.557  3880  7576 V [MYTAG][mail_tcp_socket][HttpTransportLayer]: 	 errcode:0
09-14 10:20:54.557  3880  7576 V [MYTAG][mail_tcp_socket][HttpTransportLayer]: 	[content]{"result":0,"info":{"status":0,"free":299,"total":1883}}
09-14 10:20:54.557  3880  7576 V [MYTAG][mail_tcp_socket][HttpTransportLayer]: -----------------------------------------
09-14 10:20:54.558  3880  3880 W ProxyAndroidLoggerBackend: Too many Flogger logs received before configuration. Dropping old logs.
09-14 10:20:54.564  3880  3880 I chatty  : uid=10291(com.vidure.app) identical 5 lines
09-14 10:20:54.565  3880  3880 W ProxyAndroidLoggerBackend: Too many Flogger logs received before configuration. Dropping old logs.
09-14 10:20:54.575  3880  7576 V [MYTAG][main][Device]: 603 dev is connected:true
09-14 10:20:54.575  3880  7576 V [MYTAG][main][CameraPreviewActivity]: rev msg1:264454
09-14 10:20:54.575  3880  7576 V [MYTAG][main][Device]: 603 dev is connected:true
09-14 10:20:54.575  3880  7576 V [MYTAG][main][CameraPreviewActivity]: rev msg1:589832
09-14 10:20:57.530  3880  7576 V [MYTAG][mail_tcp_socket][ViiSocketMailDataPhraser]: ------------mail---------------
