03-15 11:07:59.190 19748 32375 E [MYTAG][pool-11-thread-3]FeedbackNao: java.net.UnknownHostException: Unable to resolve host "app-api.lufengzhe.com": No address associated with hostname
03-15 11:07:59.190 19748 32347 D [MYTAG][main][ExitApp]: activityList size=1, add activity=MainActivity
03-15 11:07:59.191 19748 32347 V [MYTAG][pool-11-thread-3][MsgerService_asyncPushTerminalInfos]: runnable  is start.
03-15 11:07:59.191 19748 19748 D ViewRootImpl@5594647[MainActivity]: setView = com.android.internal.policy.DecorView@b3f8867 TM=true MM=false
03-15 11:07:59.191 19748 32347 V [MYTAG][pool-11-thread-3][FeedbackNao]: url:https://app-api.lufengzhe.com:9091/iot/api/v2/feedback/list/types?catalog=0&language=de_DE|param:|rsp:-1|rbody:
03-15 11:07:59.192 19748 32347 V [MYTAG][pool-11-thread-3][MsgerService_asyncPushTerminalInfos]: runnable  is end.
03-15 11:07:59.194 19748 19748 D ViewRootImpl@3257344[SplashActivity]: MSG_WINDOW_FOCUS_CHANGED 0 1
03-15 11:07:59.194 19748 19748 D InputMethodManager: prepareNavigationBarInfo() DecorView@18e45d9[SplashActivity]
03-15 11:07:59.194 19748 19748 D InputMethodManager: getNavigationBarColor() -1
03-15 11:07:59.213 19748 32347 V [MYTAG][main][CameraTabFragment]: CameraTabFragment onCreate...
03-15 11:07:59.234 19748 32511 I System.out: (HTTPLog)-Static: isSBSettingEnabled false
03-15 11:07:59.234 19748 32511 I System.out: (HTTPLog)-Static: isSBSettingEnabled false
03-15 11:07:59.249 19748 32514 I System.out: (HTTPLog)-Static: isSBSettingEnabled false
03-15 11:07:59.249 19748 32514 I System.out: (HTTPLog)-Static: isSBSettingEnabled false
03-15 11:07:59.252 19748 32347 V [MYTAG][main][SystemUtils]: map： has gms ok.
03-15 11:07:59.253 19748 32347 V [MYTAG][main][SystemUtils]: map： has gms ok.
03-15 11:07:59.253 19748 19748 D a       : preferredRenderer: null
03-15 11:07:59.253 19748 19748 D s       : preferredRenderer: null
03-15 11:07:59.254 19748 19748 I s       : Making Creator dynamically
03-15 11:07:59.266 19748 19748 I DynamiteModule: Considering local module com.google.android.gms.maps_core_dynamite:0 and remote module com.google.android.gms.maps_core_dynamite:254515602
03-15 11:07:59.266 19748 19748 I DynamiteModule: Selected remote version of com.google.android.gms.maps_core_dynamite, version >= 254515602
03-15 11:07:59.266 19748 19748 V DynamiteModule: Dynamite loader version >= 2, using loadModule2NoCrashUtils
03-15 11:07:59.444 19748 19748 I native  : I0000 00:00:1773569279.444651   19748 jni_init.cc:30] Initializing JNI...
03-15 11:07:59.446 19748 19748 I Google Android Maps SDK: Google Play services client version: 18020000
03-15 11:07:59.477 19748 19748 D bo      : SDK type: 1, version: 254515602
03-15 11:07:59.516 19748 19748 D hp      : maps_core_dynamite module version in use (0 represents standalone library): 254515602
03-15 11:07:59.548 19748 19748 D hp      : Added event: 109
03-15 11:07:59.549 19748 19748 D hp      : Added event: 112
03-15 11:07:59.549 19748 19748 D a       : loadedRenderer: LATEST
03-15 11:07:59.600 19748 32347 V [MYTAG][main][CameraTabFragment]: CameraTabFragment onStart...
03-15 11:07:59.602 19748 32347 V [MYTAG][main][Device]: null dev is connected:false
03-15 11:07:59.602 19748 19748 D a       : preferredRenderer: null
03-15 11:07:59.602 19748 19748 D s       : preferredRenderer: null
03-15 11:07:59.603 19748 32347 V [MYTAG][pool-11-thread-13][update_lock_scene_status]: runnable  is end.
03-15 11:07:59.604 19748 19748 D bo      : SDK type: 1, version: 254515602
03-15 11:07:59.605 19748 19748 I Google Android Maps SDK: Google Play services package version: 260931013
03-15 11:07:59.605 19748 19748 I Google Android Maps SDK: Google Play services maps renderer version(maps_core): 254515602
03-15 11:07:59.607 19748 19748 D bo      : SDK type: 1, version: 254515602
03-15 11:07:59.607 19748 19748 D de      : about to start loading native library asynchronously
03-15 11:07:59.616 19748 19748 W y       : Suppressed StrictMode policy violation: StrictModeDiskReadViolation
03-15 11:07:59.622 19748 32520 W y       : Suppressed StrictMode policy violation: StrictModeDiskReadViolation
03-15 11:07:59.665 19748 19748 D ConnectivityManager: requestNetwork; CallingUid : 10291, CallingPid : 19748
03-15 11:07:59.900 19748 19748 I ClientParamsBlocking: ClientParametersBlockingReference.blockedOnMainThread: ENABLE_FEATURES for 57 ms.
03-15 11:07:59.900 19748 19748 I ClientParamsBlocking: java.lang.Throwable
03-15 11:07:59.900 19748 19748 I ClientParamsBlocking: 	at m140.bgt.m(:com.google.android.gms.policy_maps_core_dynamite@254515607@254515602025.843324832.843324832:179)
03-15 11:07:59.900 19748 19748 I ClientParamsBlocking: 	at m140.bgt.a(:com.google.android.gms.policy_maps_core_dynamite@254515607@254515602025.843324832.843324832:1)
03-15 11:07:59.900 19748 19748 I ClientParamsBlocking: 	at m140.ben.a(:com.google.android.gms.policy_maps_core_dynamite@254515607@254515602025.843324832.843324832:3)
03-15 11:07:59.900 19748 19748 I ClientParamsBlocking: 	at m140.big.b(:com.google.android.gms.policy_maps_core_dynamite@254515607@254515602025.843324832.843324832:9)
03-15 11:07:59.900 19748 19748 I ClientParamsBlocking: 	at m140.ebh.a(:com.google.android.gms.policy_maps_core_dynamite@254515607@254515602025.843324832.843324832:147)
03-15 11:07:59.900 19748 19748 I ClientParamsBlocking: 	at m140.jic.d(:com.google.android.gms.policy_maps_core_dynamite@254515607@254515602025.843324832.843324832:12)
03-15 11:07:59.900 19748 19748 I ClientParamsBlocking: 	at m140.jic.a(:com.google.android.gms.policy_maps_core_dynamite@254515607@254515602025.843324832.843324832:7)
03-15 11:07:59.900 19748 19748 I ClientParamsBlocking: 	at m140.dzb.<init>(:com.google.android.gms.policy_maps_core_dynamite@254515607@254515602025.843324832.843324832:43)
03-15 11:07:59.900 19748 19748 I ClientParamsBlocking: 	at m140.dzc.a(:com.google.android.gms.policy_maps_core_dynamite@254515607@254515602025.843324832.843324832:72)
03-15 11:07:59.900 19748 19748 I ClientParamsBlocking: 	at m140.jic.d(:com.google.android.gms.policy_maps_core_dynamite@254515607@254515602025.843324832.843324832:12)
03-15 11:07:59.900 19748 19748 I ClientParamsBlocking: 	at m140.jic.a(:com.google.android.gms.policy_maps_core_dynamite@254515607@254515602025.843324832.843324832:7)
03-15 11:07:59.900 19748 19748 I ClientParamsBlocking: 	at com.google.maps.api.android.lib6.phoenix.bg.a(:com.google.android.gms.policy_maps_core_dynamite@254515607@254515602025.843324832.843324832:5)
03-15 11:07:59.900 19748 19748 I ClientParamsBlocking: 	at m140.jic.d(:com.google.android.gms.policy_maps_core_dynamite@254515607@254515602025.843324832.843324832:12)
03-15 11:07:59.900 19748 19748 I ClientParamsBlocking: 	at m140.jic.a(:com.google.android.gms.policy_maps_core_dynamite@254515607@254515602025.843324832.843324832:7)
03-15 11:07:59.900 19748 19748 I ClientParamsBlocking: 	at com.google.maps.api.android.lib6.phoenix.be.a(:com.google.android.gms.policy_maps_core_dynamite@254515607@254515602025.843324832.843324832:3)
03-15 11:07:59.900 19748 19748 I ClientParamsBlocking: 	at m140.jic.d(:com.google.android.gms.policy_maps_core_dynamite@254515607@254515602025.843324832.843324832:12)
03-15 11:07:59.900 19748 19748 I ClientParamsBlocking: 	at m140.jic.a(:com.google.android.gms.policy_maps_core_dynamite@254515607@254515602025.843324832.843324832:7)
03-15 11:07:59.900 19748 19748 I ClientParamsBlocking: 	at com.google.maps.api.android.lib6.phoenix.bj.a(:com.google.android.gms.policy_maps_core_dynamite@254515607@254515602025.843324832.843324832:3)
03-15 11:07:59.900 19748 19748 I ClientParamsBlocking: 	at m140.jic.d(:com.google.android.gms.policy_maps_core_dynamite@254515607@254515602025.843324832.843324832:12)
03-15 11:07:59.900 19748 19748 I ClientParamsBlocking: 	at m140.jic.a(:com.google.android.gms.policy_maps_core_dynamite@254515607@254515602025.843324832.843324832:7)
03-15 11:07:59.900 19748 19748 I ClientParamsBlocking: 	at com.google.maps.api.android.lib6.impl.cg.aY(:com.google.android.gms.policy_maps_core_dynamite@254515607@254515602025.843324832.843324832:67)
03-15 11:07:59.900 19748 19748 I ClientParamsBlocking: 	at com.google.maps.api.android.lib6.impl.em.d(:com.google.android.gms.policy_maps_core_dynamite@254515607@254515602025.843324832.843324832:12)
03-15 11:07:59.900 19748 19748 I ClientParamsBlocking: 	at com.google.android.gms.maps.internal.r.bt(:com.google.android.gms.policy_maps_core_dynamite@254515607@254515602025.843324832.843324832:158)
03-15 11:07:59.900 19748 19748 I ClientParamsBlocking: 	at m140.ayi.onTransact(:com.google.android.gms.policy_maps_core_dynamite@254515607@254515602025.843324832.843324832:21)
03-15 11:07:59.900 19748 19748 I ClientParamsBlocking: 	at android.os.Binder.transact(Binder.java:949)
03-15 11:07:59.900 19748 19748 I ClientParamsBlocking: 	at K3.a.e(SourceFile:8)
03-15 11:07:59.900 19748 19748 I ClientParamsBlocking: 	at O3.x.onCreate(SourceFile:9)
03-15 11:07:59.900 19748 19748 I ClientParamsBlocking: 	at N3.j.onCreate(SourceFile:11)
03-15 11:07:59.900 19748 19748 I ClientParamsBlocking: 	at t3.e.a(SourceFile:9)
03-15 11:07:59.900 19748 19748 I ClientParamsBlocking: 	at t3.c.onDelegateCreated(SourceFile:34)
03-15 11:07:59.900 19748 19748 I ClientParamsBlocking: 	at N3.k.w(SourceFile:47)
03-15 11:07:59.900 19748 19748 I ClientParamsBlocking: 	at N3.k.a(SourceFile:3)
03-15 11:07:59.900 19748 19748 I ClientParamsBlocking: 	at t3.a.u(SourceFile:45)
03-15 11:07:59.900 19748 19748 I ClientParamsBlocking: 	at t3.a.d(SourceFile:6)
03-15 11:07:59.900 19748 19748 I ClientParamsBlocking: 	at com.google.android.gms.maps.MapView.b(SourceFile:23)
03-15 11:07:59.900 19748 19748 I ClientParamsBlocking: 	at com.vidure.app.core.libs.map.adapter.google.GoogleMapAdapter.onMapViewReady(SourceFile:2)
03-15 11:07:59.900 19748 19748 I ClientParamsBlocking: 	at com.vidure.app.core.map.MapView.onMapViewReady(Unknown Source:2)
03-15 11:07:59.900 19748 19748 I ClientParamsBlocking: 	at com.vidure.app.widget.GpsSportBannerMapView.setVisibility(SourceFile:81)
03-15 11:07:59.900 19748 19748 I ClientParamsBlocking: 	at com.vidure.app.ui.activity.fragment.CameraTabFragment.updateGpsRecordView(SourceFile:26)
03-15 11:07:59.900 19748 19748 I ClientParamsBlocking: 	at com.vidure.app.ui.activity.fragment.CameraTabFragment.updateView(SourceFile:969)
03-15 11:07:59.900 19748 19748 I ClientParamsBlocking: 	at com.vidure.app.ui.activity.fragment.CameraTabFragment.onStart(SourceFile:4)
03-15 11:07:59.900 19748 19748 I ClientParamsBlocking: 	at androidx.fragment.app.Fragment.performStart(SourceFile:18)
03-15 11:07:59.900 19748 19748 I ClientParamsBlocking: 	at androidx.fragment.app.FragmentStateManager.start(SourceFile:34)
03-15 11:07:59.901 19748 19748 I ClientParamsBlocking: 	at androidx.fragment.app.FragmentStateManager.moveToExpectedState(SourceFile:77)
03-15 11:07:59.901 19748 19748 I ClientParamsBlocking: 	at androidx.fragment.app.FragmentManager.executeOpsTogether(SourceFile:231)
03-15 11:07:59.901 19748 19748 I ClientParamsBlocking: 	at androidx.fragment.app.FragmentManager.removeRedundantOperationsAndExecute(SourceFile:82)
03-15 11:07:59.901 19748 19748 I ClientParamsBlocking: 	at androidx.fragment.app.FragmentManager.execSingleAction(SourceFile:32)
03-15 11:07:59.901 19748 19748 I ClientParamsBlocking: 	at androidx.fragment.app.BackStackRecord.commitNowAllowingStateLoss(SourceFile:7)
03-15 11:07:59.901 19748 19748 I ClientParamsBlocking: 	at M9.a.finishUpdate(SourceFile:5)
03-15 11:07:59.901 19748 19748 I ClientParamsBlocking: 	at androidx.viewpager.widget.ViewPager.populate(SourceFile:51)
03-15 11:07:59.901 19748 19748 I ClientParamsBlocking: 	at androidx.viewpager.widget.ViewPager.populate(SourceFile:1)
03-15 11:07:59.901 19748 19748 I ClientParamsBlocking: 	at androidx.viewpager.widget.ViewPager.onMeasure(SourceFile:190)
03-15 11:07:59.901 19748 19748 I ClientParamsBlocking: 	at android.view.View.measure(View.java:26414)
03-15 11:07:59.901 19748 19748 I ClientParamsBlocking: 	at android.widget.RelativeLayout.measureChildHorizontal(RelativeLayout.java:735)
03-15 11:07:59.901 19748 19748 I ClientParamsBlocking: 	at android.widget.RelativeLayout.onMeasure(RelativeLayout.java:481)
03-15 11:07:59.901 19748 19748 I ClientParamsBlocking: 	at android.view.View.measure(View.java:26414)
03-15 11:07:59.901 19748 19748 I ClientParamsBlocking: 	at android.view.ViewGroup.measureChildWithMargins(ViewGroup.java:7845)
03-15 11:07:59.901 19748 19748 I ClientParamsBlocking: 	at android.widget.FrameLayout.onMeasure(FrameLayout.java:194)
03-15 11:07:59.901 19748 19748 I ClientParamsBlocking: 	at androidx.appcompat.widget.ContentFrameLayout.onMeasure(SourceFile:155)
03-15 11:07:59.901 19748 19748 I ClientParamsBlocking: 	at android.view.View.measure(View.java:26414)
03-15 11:07:59.901 19748 19748 I ClientParamsBlocking: 	at android.view.ViewGroup.measureChildWithMargins(ViewGroup.java:7845)
03-15 11:07:59.901 19748 19748 I ClientParamsBlocking: 	at android.widget.LinearLayout.measureChildBeforeLayout(LinearLayout.java:1552)
03-15 11:07:59.901 19748 19748 I ClientParamsBlocking: 	at android.widget.LinearLayout.measureVertical(LinearLayout.java:842)
03-15 11:07:59.901 19748 19748 I ClientParamsBlocking: 	at android.widget.LinearLayout.onMeasure(LinearLayout.java:721)
03-15 11:07:59.901 19748 19748 I ClientParamsBlocking: 	at android.view.View.measure(View.java:26414)
03-15 11:07:59.901 19748 19748 I ClientParamsBlocking: 	at android.view.ViewGroup.measureChildWithMargins(ViewGroup.java:7845)
03-15 11:07:59.901 19748 19748 I ClientParamsBlocking: 	at android.widget.FrameLayout.onMeasure(FrameLayout.java:194)
03-15 11:07:59.901 19748 19748 I ClientParamsBlocking: 	at android.view.View.measure(View.java:26414)
03-15 11:07:59.901 19748 19748 I ClientParamsBlocking: 	at android.view.ViewGroup.measureChildWithMargins(ViewGroup.java:7845)
03-15 11:07:59.901 19748 19748 I ClientParamsBlocking: 	at android.widget.LinearLayout.measureChildBeforeLayout(LinearLayout.java:1552)
03-15 11:07:59.901 19748 19748 I ClientParamsBlocking: 	at android.widget.LinearLayout.measureVertical(LinearLayout.java:842)
03-15 11:07:59.901 19748 19748 I ClientParamsBlocking: 	at android.widget.LinearLayout.onMeasure(LinearLayout.java:721)
03-15 11:07:59.901 19748 19748 I ClientParamsBlocking: 	at android.view.View.measure(View.java:26414)
03-15 11:07:59.901 19748 19748 I ClientParamsBlocking: 	at android.view.ViewGroup.measureChildWithMargins(ViewGroup.java:7845)
03-15 11:07:59.901 19748 19748 I ClientParamsBlocking: 	at android.widget.FrameLayout.onMeasure(FrameLayout.java:194)
03-15 11:07:59.901 19748 19748 I ClientParamsBlocking: 	at com.android.internal.policy.DecorView.onMeasure(DecorView.java:1016)
03-15 11:07:59.901 19748 19748 I ClientParamsBlocking: 	at android.view.View.measure(View.java:26414)
03-15 11:07:59.901 19748 19748 I ClientParamsBlocking: 	at android.view.ViewRootImpl.performMeasure(ViewRootImpl.java:3606)
03-15 11:07:59.901 19748 19748 I ClientParamsBlocking: 	at android.view.ViewRootImpl.measureHierarchy(ViewRootImpl.java:2349)
03-15 11:07:59.901 19748 19748 I ClientParamsBlocking: 	at android.view.ViewRootImpl.performTraversals(ViewRootImpl.java:2641)
03-15 11:07:59.901 19748 19748 I ClientParamsBlocking: 	at android.view.ViewRootImpl.doTraversal(ViewRootImpl.java:2201)
03-15 11:07:59.901 19748 19748 I ClientParamsBlocking: 	at android.view.ViewRootImpl$TraversalRunnable.run(ViewRootImpl.java:9066)
03-15 11:07:59.901 19748 19748 I ClientParamsBlocking: 	at android.view.Choreographer$CallbackRecord.run(Choreographer.java:999)
03-15 11:07:59.901 19748 19748 I ClientParamsBlocking: 	at android.view.Choreographer.doCallbacks(Choreographer.java:797)
03-15 11:07:59.901 19748 19748 I ClientParamsBlocking: 	at android.view.Choreographer.doFrame(Choreographer.java:732)
03-15 11:07:59.901 19748 19748 I ClientParamsBlocking: 	at android.view.Choreographer$FrameDisplayEventReceiver.run(Choreographer.java:984)
03-15 11:07:59.901 19748 19748 I ClientParamsBlocking: 	at android.os.Handler.handleCallback(Handler.java:883)
03-15 11:07:59.901 19748 19748 I ClientParamsBlocking: 	at android.os.Handler.dispatchMessage(Handler.java:100)
03-15 11:07:59.901 19748 19748 I ClientParamsBlocking: 	at android.os.Looper.loop(Looper.java:237)
03-15 11:07:59.901 19748 19748 I ClientParamsBlocking: 	at android.app.ActivityThread.main(ActivityThread.java:8107)
03-15 11:07:59.901 19748 19748 I ClientParamsBlocking: 	at java.lang.reflect.Method.invoke(Native Method)
03-15 11:07:59.901 19748 19748 I ClientParamsBlocking: 	at com.android.internal.os.RuntimeInit$MethodAndArgsCaller.run(RuntimeInit.java:496)
03-15 11:07:59.901 19748 19748 I ClientParamsBlocking: 	at com.android.internal.os.ZygoteInit.main(ZygoteInit.java:1100)
03-15 11:07:59.951 19748 32539 W GMM-SatelliteConnectivity: WIFI  isActiveNetworkSatellite: false
03-15 11:07:59.960 19748 32539 W ProxyAndroidLoggerBackend: Too many Flogger logs received before configuration. Dropping old logs.
03-15 11:07:59.962 19748 19748 W ProxyAndroidLoggerBackend: Too many Flogger logs received before configuration. Dropping old logs.
03-15 11:07:59.968 19748 19748 I chatty  : uid=10291(com.vidure.app) identical 1 line
03-15 11:07:59.969 19748 19748 W ProxyAndroidLoggerBackend: Too many Flogger logs received before configuration. Dropping old logs.
03-15 11:07:59.982 19748 32543 W JavaCronetEngine: using the fallback Cronet Engine implementation. Performance will suffer and many HTTP client features, including caching, will not work.
03-15 11:07:59.985 19748 32543 W ProxyAndroidLoggerBackend: Too many Flogger logs received before configuration. Dropping old logs.
03-15 11:07:59.987 19748 19748 W ProxyAndroidLoggerBackend: Too many Flogger logs received before configuration. Dropping old logs.
03-15 11:07:59.991 19748 19748 W ProxyAndroidLoggerBackend: Too many Flogger logs received before configuration. Dropping old logs.
03-15 11:07:59.997 19748 32543 W ProxyAndroidLoggerBackend: Too many Flogger logs received before configuration. Dropping old logs.
03-15 11:07:59.997 19748 32543 I chatty  : uid=10291(com.vidure.app) identical 1 line
03-15 11:07:59.997 19748 32543 W ProxyAndroidLoggerBackend: Too many Flogger logs received before configuration. Dropping old logs.
03-15 11:08:00.059 19748 19748 W ProxyAndroidLoggerBackend: Too many Flogger logs received before configuration. Dropping old logs.
03-15 11:08:00.079 19748 19748 W ProxyAndroidLoggerBackend: Too many Flogger logs received before configuration. Dropping old logs.
03-15 11:08:00.135 19748 19748 W ProxyAndroidLoggerBackend: Too many Flogger logs received before configuration. Dropping old logs.
03-15 11:08:00.139 19748 19748 W ProxyAndroidLoggerBackend: Too many Flogger logs received before configuration. Dropping old logs.
03-15 11:08:00.140 19748 19748 W ProxyAndroidLoggerBackend: Too many Flogger logs received before configuration. Dropping old logs.
03-15 11:08:00.142 19748 19748 I chatty  : uid=10291(com.vidure.app) identical 1 line
03-15 11:08:00.146 19748 19748 W ProxyAndroidLoggerBackend: Too many Flogger logs received before configuration. Dropping old logs.
03-15 11:08:00.150 19748 32537 W ProxyAndroidLoggerBackend: Too many Flogger logs received before configuration. Dropping old logs.
03-15 11:08:00.151 19748 32537 I chatty  : uid=10291(com.vidure.app) identical 1 line
03-15 11:08:00.151 19748 32537 W ProxyAndroidLoggerBackend: Too many Flogger logs received before configuration. Dropping old logs.
03-15 11:08:00.152 19748 19748 W ProxyAndroidLoggerBackend: Too many Flogger logs received before configuration. Dropping old logs.
03-15 11:08:00.166 19748 19748 I chatty  : uid=10291(com.vidure.app) identical 4 lines
03-15 11:08:00.170 19748 19748 W ProxyAndroidLoggerBackend: Too many Flogger logs received before configuration. Dropping old logs.
03-15 11:08:00.184 19748 32541 D ConnectivityManager: requestNetwork; CallingUid : 10291, CallingPid : 19748
03-15 11:08:00.213 19748 32556 W ProxyAndroidLoggerBackend: Too many Flogger logs received before configuration. Dropping old logs.
03-15 11:08:00.215 19748 32557 W ProxyAndroidLoggerBackend: Too many Flogger logs received before configuration. Dropping old logs.
03-15 11:08:00.216 19748 32555 W ProxyAndroidLoggerBackend: Too many Flogger logs received before configuration. Dropping old logs.
03-15 11:08:00.216 19748 32556 W ProxyAndroidLoggerBackend: Too many Flogger logs received before configuration. Dropping old logs.
03-15 11:08:00.217 19748 32556 W ProxyAndroidLoggerBackend: Too many Flogger logs received before configuration. Dropping old logs.
03-15 11:08:00.217 19748 32557 W ProxyAndroidLoggerBackend: Too many Flogger logs received before configuration. Dropping old logs.
03-15 11:08:00.218 19748 32557 W ProxyAndroidLoggerBackend: Too many Flogger logs received before configuration. Dropping old logs.
03-15 11:08:00.219 19748 32555 W ProxyAndroidLoggerBackend: Too many Flogger logs received before configuration. Dropping old logs.
03-15 11:08:00.220 19748 32556 W ProxyAndroidLoggerBackend: Too many Flogger logs received before configuration. Dropping old logs.
03-15 11:08:00.220 19748 32557 W ProxyAndroidLoggerBackend: Too many Flogger logs received before configuration. Dropping old logs.
03-15 11:08:00.221 19748 32555 W ProxyAndroidLoggerBackend: Too many Flogger logs received before configuration. Dropping old logs.
03-15 11:08:00.222 19748 32556 W ProxyAndroidLoggerBackend: Too many Flogger logs received before configuration. Dropping old logs.
03-15 11:08:00.222 19748 32557 W ProxyAndroidLoggerBackend: Too many Flogger logs received before configuration. Dropping old logs.
03-15 11:08:00.223 19748 32555 W ProxyAndroidLoggerBackend: Too many Flogger logs received before configuration. Dropping old logs.
03-15 11:08:00.224 19748 32556 W ProxyAndroidLoggerBackend: Too many Flogger logs received before configuration. Dropping old logs.
03-15 11:08:00.225 19748 32557 W ProxyAndroidLoggerBackend: Too many Flogger logs received before configuration. Dropping old logs.
03-15 11:08:00.225 19748 32555 W ProxyAndroidLoggerBackend: Too many Flogger logs received before configuration. Dropping old logs.
03-15 11:08:00.226 19748 32556 W ProxyAndroidLoggerBackend: Too many Flogger logs received before configuration. Dropping old logs.
03-15 11:08:00.226 19748 32557 W ProxyAndroidLoggerBackend: Too many Flogger logs received before configuration. Dropping old logs.
03-15 11:08:00.227 19748 32555 W ProxyAndroidLoggerBackend: Too many Flogger logs received before configuration. Dropping old logs.
03-15 11:08:00.232 19748 19748 W ProxyAndroidLoggerBackend: Too many Flogger logs received before configuration. Dropping old logs.
03-15 11:08:00.243 19748 32347 D [MYTAG][main][GoogleMapAdapter]: onStart
03-15 11:08:00.244 19748 32347 D [MYTAG][main][GoogleMapAdapter]: onResume
03-15 11:08:00.244 19748 32347 V [MYTAG][main][Device]: null dev is connected:false
03-15 11:08:00.245 19748 32347 V [MYTAG][main][AlbumTabFragment]: AlbumTabFragment onCreate...
03-15 11:08:00.249 19748 19748 D ScrollView: initGoToTop
03-15 11:08:00.269 19748 32347 V [MYTAG][main][AiEditorTabFragment]: AiEditorTabFragment onCreate...
03-15 11:08:00.292 19748 19748 E ConstraintLayout: layout_constraintWidth_default="wrap" is deprecated.
03-15 11:08:00.292 19748 19748 E ConstraintLayout: Use layout_width="WRAP_CONTENT" and layout_constrainedWidth="true" instead.
03-15 11:08:00.301 19748 32347 V [MYTAG][main][VMeTabFragment]: VMeTabFragment onCreate...
03-15 11:08:00.340 19748 32347 V [MYTAG][main][CameraTabFragment]: CameraTabFragment onResume...
03-15 11:08:00.341 19748 32347 D [MYTAG][main][NetworkMgr]: WifiInfo:SSID: Bert, BSSID: a4:e8:8d:8d:1c:65, MAC: 02:00:00:00:00:00, Supplicant state: COMPLETED, RSSI: -33, Link speed: 54Mbps, Tx Link speed: 54Mbps, Rx Link speed: 24Mbps, Frequency: 2437MHz, Net ID: 5, Metered hint: false, GigaAp: false, VenueName: null, WifiMode: 3, HotspotLiveAp: false, score: 60
03-15 11:08:00.341 19748 32347 V [MYTAG][main][CameraService]: find cur device:Bert, for phone connected wifi:Bert
03-15 11:08:00.341 19748 32347 V [MYTAG][main][Device]: null dev is connected:false
03-15 11:08:00.341 19748 32347 V [MYTAG][main][Device]: null dev is connected:false
03-15 11:08:00.342 19748 19748 D Dialog  : mIsSamsungBasicInteraction = false
03-15 11:08:00.342 19748 19748 D Dialog  : mIsSamsungBasicInteraction = false, isMetaDataInActivity = false
03-15 11:08:00.344 19748 19748 I MultiWindowDecorSupport: updateCaptionType >> DecorView@1de3866[], isFloating: true, isApplication: true, hasWindowDecorCaption: false, hasWindowControllerCallback: false
03-15 11:08:00.344 19748 19748 D MultiWindowDecorSupport: setCaptionType = 0, DecorView = DecorView@1de3866[]
03-15 11:08:00.346 19748 32347 D [MYTAG][main][DefaultDialog]: show dialogId:general_waiting_dlg MainActivity
03-15 11:08:00.349 19748 19748 D ViewRootImpl@a8574f2[MainActivity]: setView = com.android.internal.policy.DecorView@1de3866 TM=true MM=false
03-15 11:08:00.350 19748 19748 D (XFToolUtil.java:6): o()[]
03-15 11:08:00.351 19748 19748 D (XFToolUtil.java:71): o()[ gRootPath:/storage/emulated/0/Android/data/com.vidure.app/cache/.com.vidure.app]
03-15 11:08:00.351 19748 19748 D (XFToolUtil.java:153): o()[ dirs already exist!]
03-15 11:08:00.358 19748 19748 D (XFExtTool.java:30): <init>()[]
03-15 11:08:00.359 19748 32441 D ConnectivityManager: unregisterNetworkCallback; CallingUid : 10291, CallingPid : 19748
03-15 11:08:00.359 19748 32347 V [MYTAG][pool-11-thread-7][VTask-runnable]: runnable  is start.
03-15 11:08:00.359 19748 32441 D ConnectivityManager: unregisterNetworkCallback; CallingUid : 10291, CallingPid : 19748
03-15 11:08:00.359 19748 32441 D ConnectivityManager: sendRequestForNetwork CallingUid : 10291, CallingPid : 19748
03-15 11:08:00.360 19748 32441 D ConnectivityManager_URSP: hong blacklisted - false
03-15 11:08:00.360 19748 32441 D ConnectivityManager: requestNetwork; CallingUid : 10291, CallingPid : 19748
03-15 11:08:00.360 19748 32347 V [MYTAG][pool-11-thread-11][tag-null]: runnable  is start.
03-15 11:08:00.360 19748 32347 V [MYTAG][pool-11-thread-11][tag-null]: runnable  is end.
03-15 11:08:00.360 19748 32347 V [MYTAG][main][AlbumTabFragment]: AlbumTabFragment onStart...
03-15 11:08:00.360 19748 19748 W Glide   : Failed to find GeneratedAppGlideModule. You should include an annotationProcessor compile dependency on com.github.bumptech.glide:compiler in your application and a @GlideModule annotated AppGlideModule implementation or LibraryGlideModules will be silently ignored
03-15 11:08:00.361 19748 32441 D ConnectivityManager: sendRequestForNetwork CallingUid : 10291, CallingPid : 19748
03-15 11:08:00.361 19748 32441 D ConnectivityManager_URSP: hong blacklisted - false
03-15 11:08:00.361 19748 32441 D ConnectivityManager: requestNetwork; CallingUid : 10291, CallingPid : 19748
03-15 11:08:00.361 19748 32347 V [MYTAG][main][AlbumTabFragment]: AlbumTabFragment onResume...
03-15 11:08:00.363 19748 32347 V [MYTAG][main][VMeTabFragment]: VMeTabFragment onStart...
03-15 11:08:00.363 19748 32449 I System.out: (HTTPLog)-Static: isSBSettingEnabled false
03-15 11:08:00.363 19748 32449 I System.out: (HTTPLog)-Static: isSBSettingEnabled false
03-15 11:08:00.363 19748 32347 V [MYTAG][main][VMeTabFragment]: VMeTabFragment onResume...
03-15 11:08:00.363 19748 32347 V [MYTAG][pool-11-thread-7][NetworkMgr]: request Phone Network...
03-15 11:08:00.364 19748 32347 I [MYTAG][ConnectivityThread][NetworkMgr]: [MyNetworkCallback.onAvailable] type: wifi,network 666  false
03-15 11:08:00.364 19748 32347 V [MYTAG][pool-11-thread-12][retry_wifi_network_link]: runnable  is start.
03-15 11:08:00.364 19748 32449 I System.out: (HTTPLog)-Static: isSBSettingEnabled false
03-15 11:08:00.364 19748 32449 I System.out: (HTTPLog)-Static: isSBSettingEnabled false
03-15 11:08:00.365 19748 32347 V [MYTAG][pool-11-thread-12][AiTaskScheduledChecker]: stop heartbeat,isRunning:false
03-15 11:08:00.365 19748 32347 V [MYTAG][pool-11-thread-12][retry_wifi_network_link]: runnable  is end.
03-15 11:08:00.366 19748 32347 V [MYTAG][main][AiEditorTabFragment]: AiEditorTabFragment onStart...
03-15 11:08:00.366 19748 32347 V [MYTAG][main][AiEditorTabFragment]: AiEditorTabFragment onResume...
03-15 11:08:00.383 19748 19748 D ViewRootImpl@5594647[MainActivity]: Relayout returned: old=(0,0,1600,2560) new=(0,0,1600,2560) req=(1600,2560)0 dur=5 res=0x7 s={true 530778316800} ch=true
03-15 11:08:00.383 19748 32337 D OpenGLRenderer: createReliableSurface : 0x7bf30e8a80(0x7b94da6000)
03-15 11:08:00.387 19748 19748 D ScrollView:  onsize change changed 
03-15 11:08:00.393 19748 32337 D OpenGLRenderer: makeCurrent EglSurface : 0x7bf9d05c80 -> 0x7bf9d25600
03-15 11:08:00.414 19748 32555 W ProxyAndroidLoggerBackend: Too many Flogger logs received before configuration. Dropping old logs.
03-15 11:08:00.415 19748 32552 W Gralloc3: allocator 3.x is not supported
03-15 11:08:00.416 19748 32556 W ProxyAndroidLoggerBackend: Too many Flogger logs received before configuration. Dropping old logs.
03-15 11:08:00.416 19748 19748 I Choreographer: Skipped 71 frames!  The application may be doing too much work on its main thread.
03-15 11:08:00.417 19748 32557 W ProxyAndroidLoggerBackend: Too many Flogger logs received before configuration. Dropping old logs.
03-15 11:08:00.417 19748 32555 W ProxyAndroidLoggerBackend: Too many Flogger logs received before configuration. Dropping old logs.
03-15 11:08:00.418 19748 32555 W ProxyAndroidLoggerBackend: Too many Flogger logs received before configuration. Dropping old logs.
03-15 11:08:00.419 19748 32557 W ProxyAndroidLoggerBackend: Too many Flogger logs received before configuration. Dropping old logs.
03-15 11:08:00.420 19748 32556 W ProxyAndroidLoggerBackend: Too many Flogger logs received before configuration. Dropping old logs.
03-15 11:08:00.422 19748 32555 W ProxyAndroidLoggerBackend: Too many Flogger logs received before configuration. Dropping old logs.
03-15 11:08:00.429 19748 19748 D ViewRootImpl@a8574f2[MainActivity]: Relayout returned: old=(0,54,1600,2452) new=(599,1100,1001,1405) req=(402,305)0 dur=10 res=0x7 s={true 529586872320} ch=true
03-15 11:08:00.429 19748 32337 D OpenGLRenderer: createReliableSurface : 0x7b7d3ea500(0x7b4dd66000)
03-15 11:08:00.430 19748 19748 E DecorView: mWindow.mActivityCurrentConfig is null
03-15 11:08:00.431 19748 32337 D OpenGLRenderer: makeCurrent EglSurface : 0x7bf9d25600 -> 0x7b7d466980
03-15 11:08:00.438 19748 19748 E baidumapsdk: Authentication Error
03-15 11:08:00.438 19748 19748 E baidumapsdk: =============================================
03-15 11:08:00.438 19748 19748 E baidumapsdk: ----------------- 鉴权错误信息 ------------
03-15 11:08:00.438 19748 19748 E baidumapsdk: sha1;package:2D:01:1D:A2:6C:9D:34:C8:33:87:96:B2:EA:F3:A2:43:10:AA:3F:45;com.vidure.app
03-15 11:08:00.438 19748 19748 E baidumapsdk: key:PyhBGdbxmmSDA7ONXULPrdZDdU4idir7
03-15 11:08:00.438 19748 19748 E baidumapsdk: errorcode: -11 uid: -1 appid -1 msg: httpsPost failed,IOException:Unable to resolve host "api.map.baidu.com": No address associated with hostname
03-15 11:08:00.438 19748 19748 E baidumapsdk: 请仔细核查 SHA1、package与key申请信息是否对应，key是否删除，平台是否匹配
03-15 11:08:00.438 19748 19748 E baidumapsdk: =============================================
03-15 11:08:00.443 19748 19748 D ViewRootImpl@a8574f2[MainActivity]: MSG_WINDOW_FOCUS_CHANGED 1 1
03-15 11:08:00.443 19748 19748 D InputMethodManager: prepareNavigationBarInfo() DecorView@1de3866[MainActivity]
03-15 11:08:00.443 19748 19748 D InputMethodManager: getNavigationBarColor() -855310
03-15 11:08:00.444 19748 19748 D InputMethodManager: prepareNavigationBarInfo() DecorView@1de3866[MainActivity]
03-15 11:08:00.444 19748 19748 D InputMethodManager: getNavigationBarColor() -855310
03-15 11:08:00.444 19748 19748 V InputMethodManager: Starting input: tba=com.vidure.app ic=null mNaviBarColor -855310 mIsGetNaviBarColorSuccess true , NavVisible : true , NavTrans : false
03-15 11:08:00.444 19748 19748 D InputMethodManager: startInputInner - Id : 0
03-15 11:08:00.444 19748 19748 I InputMethodManager: startInputInner - mService.startInputOrWindowGainedFocus
03-15 11:08:00.445 19748 19748 D InputTransport: Input channel destroyed: 'ClientS', fd=81
03-15 11:08:00.446 19748 19748 D ConnectivityManager: requestNetwork; CallingUid : 10291, CallingPid : 19748
03-15 11:08:00.452 19748 19748 D ViewRootImpl@5594647[MainActivity]: MSG_RESIZED: frame=(0,0,1600,2560) ci=(0,54,0,108) vi=(0,54,0,108) or=1
03-15 11:08:00.457 19748 32337 D OpenGLRenderer: makeCurrent EglSurface : 0x7b7d466980 -> 0x7bf9d25600
03-15 11:08:00.469 19748 32337 D OpenGLRenderer: makeCurrent EglSurface : 0x7bf9d25600 -> 0x7b7d466980
03-15 11:08:00.469 19748 19748 D ViewRootImpl@a8574f2[MainActivity]: MSG_RESIZED_REPORT: frame=(599,1100,1001,1405) ci=(0,0,0,0) vi=(0,0,0,0) or=1
03-15 11:08:00.491 19748 32337 D OpenGLRenderer: makeCurrent EglSurface : 0x7b7d466980 -> 0x7bf9d25600
03-15 11:08:00.583 19748 32337 D OpenGLRenderer: makeCurrent EglSurface : 0x7bf9d25600 -> 0x7b7d466980
03-15 11:08:00.662 19748 32441 D ConnectivityManager: setProcessDefaultNetwork CallingUid : 10291, CallingPid : 19748
03-15 11:08:00.662 19748 32441 D ConnectivityManager_URSP: hong blacklisted - false
03-15 11:08:00.664 19748 32347 I [MYTAG][pool-11-thread-7][NetworkMgr]: bind network wifi type: 666
03-15 11:08:00.670 19748 19748 D ViewRootImpl@3257344[SplashActivity]: Relayout returned: old=(0,0,1600,2560) new=(0,0,1600,2560) req=(1600,2560)8 dur=4 res=0x5 s={false 0} ch=true
03-15 11:08:00.670 19748 19748 D ViewRootImpl@3257344[SplashActivity]: stopped(true) old=false
03-15 11:08:00.671 19748 32347 V [MYTAG][main][SplashActivity]: onDestroy
03-15 11:08:00.672 19748 19748 D ViewRootImpl@3257344[SplashActivity]: dispatchDetachedFromWindow
03-15 11:08:00.675 19748 19748 D InputTransport: Input channel destroyed: '8106d22', fd=65
03-15 11:08:00.772 19748 32459 I System.out: (HTTPLog)-Static: isSBSettingEnabled false
03-15 11:08:00.772 19748 32459 I System.out: (HTTPLog)-Static: isSBSettingEnabled false
03-15 11:08:00.964 19748 32347 V [MYTAG][pool-11-thread-7][VidureSDK]: found module: module_phone  SDK isInited: false
03-15 11:08:00.965 19748 32347 D [MYTAG][pool-11-thread-7][NetworkMgr]: WifiInfo:SSID: Bert, BSSID: a4:e8:8d:8d:1c:65, MAC: 02:00:00:00:00:00, Supplicant state: COMPLETED, RSSI: -33, Link speed: 54Mbps, Tx Link speed: 54Mbps, Rx Link speed: 24Mbps, Frequency: 2437MHz, Net ID: 5, Metered hint: false, GigaAp: false, VenueName: null, WifiMode: 3, HotspotLiveAp: false, score: 60
03-15 11:08:00.965 19748 32347 V [MYTAG][pool-11-thread-7][CameraService]: SSID from phone:Bert
03-15 11:08:00.966 19748 32347 V [MYTAG][pool-11-thread-7][SystemUtils]: app ip1:192.168.0.100
03-15 11:08:00.966 19748 32347 V [MYTAG][pool-11-thread-7][SocCameraDetector]: start request……
03-15 11:08:00.966 19748 32441 I System.out: (HTTPLog)-Static: isSBSettingEnabled false
03-15 11:08:00.966 19748 32441 I System.out: (HTTPLog)-Static: isSBSettingEnabled false
03-15 11:08:01.566 19748 32519 W DynamiteModule: Local module descriptor class for com.google.android.gms.googlecertificates not found.
03-15 11:08:01.572 19748 32519 I DynamiteModule: Considering local module com.google.android.gms.googlecertificates:0 and remote module com.google.android.gms.googlecertificates:7
03-15 11:08:01.573 19748 32519 I DynamiteModule: Selected remote version of com.google.android.gms.googlecertificates, version >= 7
03-15 11:08:01.595 19748 32347 V [MYTAG][pool-11-thread-7][SocCameraDetector]: http://192.168.0.1/app/getdeviceattr
03-15 11:08:01.595 19748 32347 V [MYTAG][pool-11-thread-7][SocCameraDetector]: {"result":0,"info":{"uuid":"a4:e8:8d:8d:1c:65","softver":"V02B_2411011919","hwver":"V02B_2411011919","ssid":"Bert","bssid":"a4:e8:8d:8d:1c:65","camnum":1,"sdkver":"1.0"}}
03-15 11:08:01.596 19748 32347 I [MYTAG][pool-11-thread-7][SocCameraDetector]: SocDetectInfo{devType=10, ipaddr='192.168.0.1', ssid='Bert', bssid='a4:e8:8d:8d:1c:65', password='', fwver='V02B_2411011919', uuid='', model='', brand='null', sp='null'}
03-15 11:08:01.598 19748 32347 V [MYTAG][pool-11-thread-7][SystemUtils]: app ip1:192.168.0.100
03-15 11:08:01.606 19748 32347 V [MYTAG][pool-11-thread-7][Device]: null dev is connected:false
03-15 11:08:01.607 19748 32347 V [MYTAG][pool-11-thread-7][CameraService]: -deviceConnect-Bert
03-15 11:08:01.608 19748 32347 V [MYTAG][pool-11-thread-7][Device]: 666 dev is connected:false
03-15 11:08:01.608 19748 32347 V [MYTAG][pool-11-thread-7][CameraService]: -deviceConnect router-D7.c
03-15 11:08:01.610 19748 32347 V [MYTAG][pool-11-thread-7][RemoteOptor]: ----
03-15 11:08:01.610 19748 32347 V [MYTAG][pool-11-thread-7][RemoteOptor]: [CMD]Basic_Device_SetTimeZone
03-15 11:08:01.610 19748 32347 V [MYTAG][pool-11-thread-7][RemoteOptor]: [PARAM]null
03-15 11:08:01.712 19748 32347 I [MYTAG][pool-11-thread-7][HttpTransportLayer]: base url:http://192.168.0.1:80
03-15 11:08:01.712 19748 32441 W System  : Ignoring header sessionid because its value was null.
03-15 11:08:01.713 19748 32347 V [MYTAG][pool-11-thread-7][HttpTransportLayer]: [HTTP SEND GET]
03-15 11:08:01.713 19748 32347 V [MYTAG][pool-11-thread-7][HttpTransportLayer]: 	 url:http://192.168.0.1:80/app/settimezone?timezone=1
03-15 11:08:01.713 19748 32441 I System.out: (HTTPLog)-Static: isSBSettingEnabled false
03-15 11:08:01.713 19748 32441 I System.out: (HTTPLog)-Static: isSBSettingEnabled false
03-15 11:08:01.743 19748 32347 I [MYTAG][pool-11-thread-9][LocationMgr]: getLocation second = 3, status.location = VLatlng [latitude=49.33337051, longitude=7.05266474, gpsType=0]
03-15 11:08:01.743 19748 32347 V [MYTAG][pool-11-thread-9][CameraService]: initInnerDelay done.
03-15 11:08:01.743 19748 32347 V [MYTAG][pool-11-thread-9][sdk_asyn_init: CameraService]: runnable  is end.
03-15 11:08:01.788 19748 32441 E [MYTAG][pool-11-thread-7]NormalJsonRspMsg: End of input at character 0 of 
03-15 11:08:01.791 19748 32347 V [MYTAG][pool-11-thread-7][HttpTransportLayer]: [HTTP RSP]
03-15 11:08:01.791 19748 32347 V [MYTAG][pool-11-thread-7][HttpTransportLayer]: 	 errcode:-1
03-15 11:08:01.791 19748 32347 V [MYTAG][pool-11-thread-7][HttpTransportLayer]: 	[content]
03-15 11:08:01.791 19748 32347 V [MYTAG][pool-11-thread-7][HttpTransportLayer]: -----------------------------------------
03-15 11:08:01.793 19748 32347 V [MYTAG][pool-11-thread-7][RemoteOptor]: ----
03-15 11:08:01.793 19748 32347 V [MYTAG][pool-11-thread-7][RemoteOptor]: [CMD]Basic_Device_SetDate
03-15 11:08:01.793 19748 32347 V [MYTAG][pool-11-thread-7][RemoteOptor]: [PARAM]null
03-15 11:08:01.891 19748 32441 W System  : Ignoring header sessionid because its value was null.
03-15 11:08:01.891 19748 32347 V [MYTAG][pool-11-thread-7][HttpTransportLayer]: [HTTP SEND GET]
03-15 11:08:01.891 19748 32347 V [MYTAG][pool-11-thread-7][HttpTransportLayer]: 	 url:http://192.168.0.1:80/app/setsystime?date=20260315110801
03-15 11:08:01.892 19748 32441 I System.out: (HTTPLog)-Static: isSBSettingEnabled false
03-15 11:08:01.892 19748 32441 I System.out: (HTTPLog)-Static: isSBSettingEnabled false
03-15 11:08:02.020 19748 32347 V [MYTAG][pool-11-thread-7][HttpTransportLayer]: [HTTP RSP]
03-15 11:08:02.020 19748 32347 V [MYTAG][pool-11-thread-7][HttpTransportLayer]: 	 errcode:0
03-15 11:08:02.020 19748 32347 V [MYTAG][pool-11-thread-7][HttpTransportLayer]: 	[content]{"result":0,"info":"set success"}
03-15 11:08:02.020 19748 32347 V [MYTAG][pool-11-thread-7][HttpTransportLayer]: -----------------------------------------
03-15 11:08:02.020 19748 32441 W System  : Ignoring header sessionid because its value was null.
03-15 11:08:02.021 19748 32441 I System.out: (HTTPLog)-Static: isSBSettingEnabled false
03-15 11:08:02.021 19748 32441 I System.out: (HTTPLog)-Static: isSBSettingEnabled false
03-15 11:08:02.021 19748 32347 V [MYTAG][pool-11-thread-7][RemoteOptor]: ----
03-15 11:08:02.021 19748 32347 V [MYTAG][pool-11-thread-7][RemoteOptor]: [CMD]Basic_Device_GetCapability
03-15 11:08:02.021 19748 32347 V [MYTAG][pool-11-thread-7][RemoteOptor]: [PARAM]null
03-15 11:08:02.022 19748 32347 V [MYTAG][pool-11-thread-7][HttpTransportLayer]: [HTTP SEND GET]
03-15 11:08:02.022 19748 32347 V [MYTAG][pool-11-thread-7][HttpTransportLayer]: 	 url:http://192.168.0.1:80/app/capability
03-15 11:08:02.042 19748 32347 V [MYTAG][pool-11-thread-7][HttpTransportLayer]: [HTTP RSP]
03-15 11:08:02.042 19748 32347 V [MYTAG][pool-11-thread-7][HttpTransportLayer]: 	 errcode:0
03-15 11:08:02.042 19748 32347 V [MYTAG][pool-11-thread-7][HttpTransportLayer]: 	[content]{"result":0,"info":{"value":"00100"}}
03-15 11:08:02.042 19748 32347 V [MYTAG][pool-11-thread-7][HttpTransportLayer]: -----------------------------------------
03-15 11:08:02.043 19748 32347 V [MYTAG][pool-11-thread-7][SocUtils]: capability:00100
03-15 11:08:02.043 19748 32347 V [MYTAG][pool-11-thread-7][RemoteOptor]: ----
03-15 11:08:02.043 19748 32347 V [MYTAG][pool-11-thread-7][RemoteOptor]: [CMD]Basic_GetModel
03-15 11:08:02.043 19748 32347 V [MYTAG][pool-11-thread-7][RemoteOptor]: [PARAM]null
03-15 11:08:02.043 19748 32441 W System  : Ignoring header sessionid because its value was null.
03-15 11:08:02.044 19748 32347 V [MYTAG][pool-11-thread-7][HttpTransportLayer]: [HTTP SEND GET]
03-15 11:08:02.044 19748 32347 V [MYTAG][pool-11-thread-7][HttpTransportLayer]: 	 url:http://192.168.0.1:80/app/getproductinfo
03-15 11:08:02.044 19748 32441 I System.out: (HTTPLog)-Static: isSBSettingEnabled false
03-15 11:08:02.044 19748 32441 I System.out: (HTTPLog)-Static: isSBSettingEnabled false
03-15 11:08:02.214 19748 32347 V [MYTAG][pool-11-thread-7][HttpTransportLayer]: [HTTP RSP]
03-15 11:08:02.214 19748 32347 V [MYTAG][pool-11-thread-7][HttpTransportLayer]: 	 errcode:0
03-15 11:08:02.214 19748 32347 V [MYTAG][pool-11-thread-7][HttpTransportLayer]: 	[content]{"result":0,"info":{"model":"DVR","company":"SGK","soc":"GK720X"}}
03-15 11:08:02.214 19748 32347 V [MYTAG][pool-11-thread-7][HttpTransportLayer]: -----------------------------------------
03-15 11:08:02.218 19748 32347 V [MYTAG][pool-11-thread-7][ViiBasicHelper]: Device{id=2, devType=10, useType=0, mailSocketPort=-1, loginLevel=0, devUuid='SGK@DVR@a4:e8:8d:8d:1c:65', model='DVR', brand='SGK', sp='', emmc='', orderNum='null', deviceName='Bert', ipAddrStr='192.168.0.1', appIp='192.168.0.100', version='V02B_2411011919', hardversion='V02B_2411011919', uCode=0, lastAccessDate=1773569281601, weight=1, bssid='a4:e8:8d:8d:1c:65', ssid='Bert', wifiPwd='', gpsid='null', innerModel='null', innerVersion='', edogModel='null', edogVersion='null', radarModel='null', radarVersion='null', updateUrlAction='', params=com.vidure.app.core.modules.camera.model.DeviceParamInfo@abbc445, recordInfo=RecordInfo{isStarted=false, isSensorRecOn=false, uiHistoryStatus=-1}, capacity=resolutionRatio:null,bitRate:0,frameRate:30,sampleRate:0,audioType:null| curStreamType:1,curFrameRate:30curLiveMode: -1,wifiMode:0,networkType:0,networkMode:0, status=com.vidure.app.core.modules.camera.model.DeviceStatus@a1dc79a, transports={1=lb.a@c9b18cb}, network=666, fileFolderCountMap={}, streamLiveUrl='null', streamType='null', photoLiveUrl='null', supportMailSocket=1, sdCapacity=1974468608, camCount=1, partType=0, soc='GK720X', extendInfo='null'}
03-15 11:08:02.221 19748 32347 V [MYTAG][pool-11-thread-7][ViiBasicHelper]: {"model":"DVR","company":"SGK","soc":"GK720X"}
03-15 11:08:02.221 19748 32441 W System  : Ignoring header sessionid because its value was null.
03-15 11:08:02.222 19748 32347 V [MYTAG][pool-11-thread-7][RemoteOptor]: ----
03-15 11:08:02.222 19748 32347 V [MYTAG][pool-11-thread-7][RemoteOptor]: [CMD]Basic_Device_GetBaseinfo
03-15 11:08:02.222 19748 32347 V [MYTAG][pool-11-thread-7][RemoteOptor]: [PARAM]null
03-15 11:08:02.222 19748 32347 V [MYTAG][pool-11-thread-7][HttpTransportLayer]: [HTTP SEND GET]
03-15 11:08:02.222 19748 32347 V [MYTAG][pool-11-thread-7][HttpTransportLayer]: 	 url:http://192.168.0.1:80/app/getdeviceattr
03-15 11:08:02.223 19748 32441 I System.out: (HTTPLog)-Static: isSBSettingEnabled false
03-15 11:08:02.223 19748 32441 I System.out: (HTTPLog)-Static: isSBSettingEnabled false
03-15 11:08:02.495 19748 32347 V [MYTAG][pool-11-thread-7][HttpTransportLayer]: [HTTP RSP]
03-15 11:08:02.495 19748 32347 V [MYTAG][pool-11-thread-7][HttpTransportLayer]: 	 errcode:0
03-15 11:08:02.495 19748 32347 V [MYTAG][pool-11-thread-7][HttpTransportLayer]: 	[content]{"result":0,"info":{"uuid":"a4:e8:8d:8d:1c:65","softver":"V02B_2411011919","hwver":"V02B_2411011919","ssid":"Bert","bssid":"a4:e8:8d:8d:1c:65","camnum":1,"sdkver":"1.0"}}
03-15 11:08:02.495 19748 32347 V [MYTAG][pool-11-thread-7][HttpTransportLayer]: -----------------------------------------
03-15 11:08:02.501 19748 32347 V [MYTAG][pool-11-thread-2][setting_loading]: runnable  is start.
03-15 11:08:02.501 19748 32347 V [MYTAG][pool-11-thread-2][AbsDeviceSettingRouter]: start to loadingSettingCapability
03-15 11:08:02.502 19748 32345 W System  : Ignoring header sessionid because its value was null.
03-15 11:08:02.502 19748 32345 I System.out: (HTTPLog)-Static: isSBSettingEnabled false
03-15 11:08:02.503 19748 32345 I System.out: (HTTPLog)-Static: isSBSettingEnabled false
03-15 11:08:02.504 19748 32347 V [MYTAG][pool-11-thread-2][RemoteOptor]: ----
03-15 11:08:02.504 19748 32347 V [MYTAG][pool-11-thread-2][RemoteOptor]: [CMD]Config_All_Capability
03-15 11:08:02.504 19748 32347 V [MYTAG][pool-11-thread-2][RemoteOptor]: [PARAM]null
03-15 11:08:02.504 19748 32347 V [MYTAG][pool-11-thread-2][HttpTransportLayer]: [HTTP SEND GET]
03-15 11:08:02.504 19748 32347 V [MYTAG][pool-11-thread-2][HttpTransportLayer]: 	 url:http://192.168.0.1:80/app/getparamitems?param=all
03-15 11:08:02.504 19748 32347 V [MYTAG][pool-11-thread-7][RemoteOptor]: ----
03-15 11:08:02.504 19748 32347 V [MYTAG][pool-11-thread-7][RemoteOptor]: [CMD]Media_Video_GetStreamUrl
03-15 11:08:02.504 19748 32347 V [MYTAG][pool-11-thread-7][RemoteOptor]: [PARAM]null
03-15 11:08:02.527 19748 32347 V [MYTAG][pool-11-thread-2][HttpTransportLayer]: [HTTP RSP]
03-15 11:08:02.527 19748 32347 V [MYTAG][pool-11-thread-2][HttpTransportLayer]: 	 errcode:0
03-15 11:08:02.527 19748 32347 V [MYTAG][pool-11-thread-2][HttpTransportLayer]: 	[content]{"result":0,"info":[{"name":"mic","items":["off","low","middle","high"],"index":[0,1,2,3]},{"name":"rec","items":["off","on"],"index":[0,1]},{"name":"rec_resolution","items":["2K"],"index":[0]},{"name":"rec_split_duration","items":["1min","3min","5min"],"index":[0,1,2]},{"name":"video_flip","items":["off","on"],"index":[0,1]}]}
03-15 11:08:02.527 19748 32347 V [MYTAG][pool-11-thread-2][HttpTransportLayer]: -----------------------------------------
03-15 11:08:02.527 19748 32441 W System  : Ignoring header sessionid because its value was null.
03-15 11:08:02.527 19748 32347 V [MYTAG][pool-11-thread-7][HttpTransportLayer]: [HTTP SEND GET]
03-15 11:08:02.527 19748 32347 V [MYTAG][pool-11-thread-7][HttpTransportLayer]: 	 url:http://192.168.0.1:80/app/getmediainfo
03-15 11:08:02.527 19748 32441 I System.out: (HTTPLog)-Static: isSBSettingEnabled false
03-15 11:08:02.527 19748 32441 I System.out: (HTTPLog)-Static: isSBSettingEnabled false
03-15 11:08:02.529 19748 32347 V [MYTAG][pool-11-thread-2][RemoteOptor]: ----
03-15 11:08:02.529 19748 32347 V [MYTAG][pool-11-thread-2][RemoteOptor]: [CMD]Config_All_ADAS_Capability
03-15 11:08:02.529 19748 32347 V [MYTAG][pool-11-thread-2][RemoteOptor]: [PARAM]null
03-15 11:08:02.565 19748 32347 V [MYTAG][pool-11-thread-7][HttpTransportLayer]: [HTTP RSP]
03-15 11:08:02.565 19748 32347 V [MYTAG][pool-11-thread-7][HttpTransportLayer]: 	 errcode:0
03-15 11:08:02.565 19748 32347 V [MYTAG][pool-11-thread-7][HttpTransportLayer]: 	[content]{"result":0,"info":{"rtsp":"rtsp://192.168.0.1/live/tcp/ch1","transport":"tcp","port":"6035"}}
03-15 11:08:02.565 19748 32347 V [MYTAG][pool-11-thread-7][HttpTransportLayer]: -----------------------------------------
03-15 11:08:02.565 19748 32347 V [MYTAG][pool-11-thread-2][HttpTransportLayer]: [HTTP SEND GET]
03-15 11:08:02.565 19748 32347 V [MYTAG][pool-11-thread-2][HttpTransportLayer]: 	 url:http://192.168.0.1:80/app/getadasitems?param=all
03-15 11:08:02.565 19748 32345 W System  : Ignoring header sessionid because its value was null.
03-15 11:08:02.566 19748 32345 I System.out: (HTTPLog)-Static: isSBSettingEnabled false
03-15 11:08:02.566 19748 32345 I System.out: (HTTPLog)-Static: isSBSettingEnabled false
03-15 11:08:02.567 19748 32347 V [MYTAG][pool-11-thread-7][CameraService]: setCurConnectDev dev = Bert
03-15 11:08:02.567 19748 32347 V [MYTAG][pool-11-thread-7][HeartbeatMgr]: start heartbeat:Bert
03-15 11:08:02.572 19748 32347 V [MYTAG][pool-11-thread-7][RemoteOptor]: ----
03-15 11:08:02.572 19748 32347 V [MYTAG][pool-11-thread-7][RemoteOptor]: [CMD]Manage_Sdcard_List
03-15 11:08:02.572 19748 32347 V [MYTAG][pool-11-thread-7][RemoteOptor]: [PARAM]null
03-15 11:08:02.573 19748 32345 E [MYTAG][pool-11-thread-2]JsonRawRspHanlder: http getResponseCode():404
03-15 11:08:02.573 19748 32441 W System  : Ignoring header sessionid because its value was null.
03-15 11:08:02.574 19748 32441 I System.out: (HTTPLog)-Static: isSBSettingEnabled false
03-15 11:08:02.574 19748 32441 I System.out: (HTTPLog)-Static: isSBSettingEnabled false
03-15 11:08:02.575 19748 32347 V [MYTAG][pool-11-thread-2][HttpTransportLayer]: [HTTP RSP]
03-15 11:08:02.575 19748 32347 V [MYTAG][pool-11-thread-2][HttpTransportLayer]: 	 errcode:4114
03-15 11:08:02.575 19748 32347 V [MYTAG][pool-11-thread-2][HttpTransportLayer]: 	[content]
03-15 11:08:02.575 19748 32347 V [MYTAG][pool-11-thread-2][HttpTransportLayer]: -----------------------------------------
03-15 11:08:02.575 19748 32347 V [MYTAG][pool-11-thread-7][HttpTransportLayer]: [HTTP SEND GET]
03-15 11:08:02.575 19748 32347 V [MYTAG][pool-11-thread-7][HttpTransportLayer]: 	 url:http://192.168.0.1:80/app/getstorageinfo
