09-14 10:21:36.668  3880  7576 V [MYTAG][mail_tcp_socket][RemoteOptor]: [PARAM]null
09-14 10:21:36.668  3880  8188 I System.out: (HTTPLog)-Static: isSBSettingEnabled false
09-14 10:21:36.670  3880  7576 V [MYTAG][mail_tcp_socket][HttpTransportLayer]: [HTTP SEND GET]
09-14 10:21:36.670  3880  7576 V [MYTAG][mail_tcp_socket][HttpTransportLayer]: 	 url:http://192.168.0.1:80/app/getsdinfo
09-14 10:21:36.670  3880  8188 I System.out: (HTTPLog)-Static: isSBSettingEnabled false
09-14 10:21:36.679  3880  7576 V [MYTAG][main][Device]: 603 dev is connected:true
09-14 10:21:36.694  3880  7576 V [MYTAG][mail_tcp_socket][HttpTransportLayer]: [HTTP RSP]
09-14 10:21:36.694  3880  7576 V [MYTAG][mail_tcp_socket][HttpTransportLayer]: 	 errcode:0
09-14 10:21:36.694  3880  7576 V [MYTAG][mail_tcp_socket][HttpTransportLayer]: 	[content]{"result":0,"info":{"status":0,"free":299,"total":1883}}
09-14 10:21:36.694  3880  7576 V [MYTAG][mail_tcp_socket][HttpTransportLayer]: -----------------------------------------
09-14 10:21:36.710  3880  3880 W ProxyAndroidLoggerBackend: Too many Flogger logs received before configuration. Dropping old logs.
09-14 10:21:36.722  3880  3880 I chatty  : uid=10291(com.vidure.app) identical 6 lines
09-14 10:21:36.723  3880  3880 W ProxyAndroidLoggerBackend: Too many Flogger logs received before configuration. Dropping old logs.
09-14 10:21:36.731  3880  7576 V [MYTAG][main][Device]: 603 dev is connected:true
09-14 10:21:36.734  3880  7576 V [MYTAG][main][CameraPreviewActivity]: rev msg1:264454
09-14 10:21:36.734  3880  7576 V [MYTAG][main][Device]: 603 dev is connected:true
09-14 10:21:36.734  3880  7576 V [MYTAG][main][CameraPreviewActivity]: rev msg1:589832
09-14 10:21:37.754  3880  8189 W System  : Ignoring header sessionid because its value was null.
09-14 10:21:37.755  3880  7576 V [MYTAG][HeartbeatMgr][RemoteOptor]: ----
09-14 10:21:37.755  3880  7576 V [MYTAG][HeartbeatMgr][RemoteOptor]: [CMD]Basic_Msg_MailBox
09-14 10:21:37.755  3880  7576 V [MYTAG][HeartbeatMgr][RemoteOptor]: [PARAM]null
09-14 10:21:37.755  3880  7576 V [MYTAG][HeartbeatMgr][HttpTransportLayer]: [HTTP SEND GET]
09-14 10:21:37.755  3880  7576 V [MYTAG][HeartbeatMgr][HttpTransportLayer]: 	 url:http://192.168.0.1:80/app/getparamvalue?param=rec
09-14 10:21:37.756  3880  8189 I System.out: (HTTPLog)-Static: isSBSettingEnabled false
09-14 10:21:37.756  3880  8189 I System.out: (HTTPLog)-Static: isSBSettingEnabled false
09-14 10:21:37.779  3880  7576 V [MYTAG][HeartbeatMgr][HttpTransportLayer]: [HTTP RSP]
09-14 10:21:37.779  3880  7576 V [MYTAG][HeartbeatMgr][HttpTransportLayer]: 	 errcode:0
09-14 10:21:37.779  3880  7576 V [MYTAG][HeartbeatMgr][HttpTransportLayer]: 	[content]{"result":0,"info":{"value":0}}
09-14 10:21:37.779  3880  7576 V [MYTAG][HeartbeatMgr][HttpTransportLayer]: -----------------------------------------
09-14 10:21:37.889  3880  7440 I com.vidure.app: Background young concurrent copying GC freed 112382(17MB) AllocSpace objects, 41(2436KB) LOS objects, 20% free, 79MB/99MB, paused 733us total 159.495ms
09-14 10:21:39.673  3880  7576 V [MYTAG][mail_tcp_socket][ViiSocketMailDataPhraser]: ------------mail---------------
09-14 10:21:39.673  3880  7576 V [MYTAG][mail_tcp_socket][ViiSocketMailDataPhraser]: {"msgid":"battery","info":{"capacity":88,"charge":0},"time":1757845299}
09-14 10:21:39.673  3880  7576 V [MYTAG][mail_tcp_socket][ViiSocketMailDataPhraser]: ------------mail---------------
09-14 10:21:39.673  3880  7576 V [MYTAG][mail_tcp_socket][ViiSocketMailDataPhraser]: {"msgid":"sd","info":{"status":0},"time":1757845299}
09-14 10:21:39.673  3880  7576 V [MYTAG][mail_tcp_socket][RemoteOptor]: ----
09-14 10:21:39.673  3880  7576 V [MYTAG][mail_tcp_socket][RemoteOptor]: [CMD]DEV_SDCARD_STATUS_QUERY
09-14 10:21:39.673  3880  7576 V [MYTAG][mail_tcp_socket][RemoteOptor]: [PARAM]null
09-14 10:21:39.673  3880  7576 V [MYTAG][mail_tcp_socket][HttpTransportLayer]: [HTTP SEND GET]
09-14 10:21:39.673  3880  7576 V [MYTAG][mail_tcp_socket][HttpTransportLayer]: 	 url:http://192.168.0.1:80/app/getsdinfo
09-14 10:21:39.673  3880  8188 W System  : Ignoring header sessionid because its value was null.
09-14 10:21:39.674  3880  8188 I System.out: (HTTPLog)-Static: isSBSettingEnabled false
09-14 10:21:39.674  3880  8188 I System.out: (HTTPLog)-Static: isSBSettingEnabled false
09-14 10:21:39.682  3880  7576 V [MYTAG][main][Device]: 603 dev is connected:true
09-14 10:21:39.692  3880  7576 V [MYTAG][mail_tcp_socket][HttpTransportLayer]: [HTTP RSP]
09-14 10:21:39.692  3880  7576 V [MYTAG][mail_tcp_socket][HttpTransportLayer]: 	 errcode:0
09-14 10:21:39.692  3880  7576 V [MYTAG][mail_tcp_socket][HttpTransportLayer]: 	[content]{"result":0,"info":{"status":0,"free":299,"total":1883}}
09-14 10:21:39.692  3880  7576 V [MYTAG][mail_tcp_socket][HttpTransportLayer]: -----------------------------------------
09-14 10:21:39.718  3880  3880 W ProxyAndroidLoggerBackend: Too many Flogger logs received before configuration. Dropping old logs.
09-14 10:21:39.725  3880  3880 I chatty  : uid=10291(com.vidure.app) identical 6 lines
09-14 10:21:39.726  3880  3880 W ProxyAndroidLoggerBackend: Too many Flogger logs received before configuration. Dropping old logs.
09-14 10:21:39.738  3880  9999 W ProxyAndroidLoggerBackend: Too many Flogger logs received before configuration. Dropping old logs.
09-14 10:21:39.738  3880  7576 V [MYTAG][main][Device]: 603 dev is connected:true
09-14 10:21:39.744  3880  7576 V [MYTAG][main][CameraPreviewActivity]: rev msg1:264454
09-14 10:21:39.744  3880  7576 V [MYTAG][main][Device]: 603 dev is connected:true
09-14 10:21:39.744  3880  7576 V [MYTAG][main][CameraPreviewActivity]: rev msg1:589832
09-14 10:21:41.755  3880  8189 W System  : Ignoring header sessionid because its value was null.
09-14 10:21:41.755  3880  8189 I System.out: (HTTPLog)-Static: isSBSettingEnabled false
09-14 10:21:41.755  3880  8189 I System.out: (HTTPLog)-Static: isSBSettingEnabled false
09-14 10:21:41.757  3880  7576 V [MYTAG][HeartbeatMgr][RemoteOptor]: ----
09-14 10:21:41.757  3880  7576 V [MYTAG][HeartbeatMgr][RemoteOptor]: [CMD]Basic_Msg_MailBox
09-14 10:21:41.757  3880  7576 V [MYTAG][HeartbeatMgr][RemoteOptor]: [PARAM]null
09-14 10:21:41.757  3880  7576 V [MYTAG][HeartbeatMgr][HttpTransportLayer]: [HTTP SEND GET]
09-14 10:21:41.757  3880  7576 V [MYTAG][HeartbeatMgr][HttpTransportLayer]: 	 url:http://192.168.0.1:80/app/getparamvalue?param=rec
09-14 10:21:41.775  3880  7576 V [MYTAG][HeartbeatMgr][HttpTransportLayer]: [HTTP RSP]
09-14 10:21:41.775  3880  7576 V [MYTAG][HeartbeatMgr][HttpTransportLayer]: 	 errcode:0
09-14 10:21:41.775  3880  7576 V [MYTAG][HeartbeatMgr][HttpTransportLayer]: 	[content]{"result":0,"info":{"value":0}}
09-14 10:21:41.775  3880  7576 V [MYTAG][HeartbeatMgr][HttpTransportLayer]: -----------------------------------------
09-14 10:21:42.681  3880  7576 V [MYTAG][mail_tcp_socket][ViiSocketMailDataPhraser]: ------------mail---------------
09-14 10:21:42.681  3880  7576 V [MYTAG][mail_tcp_socket][ViiSocketMailDataPhraser]: {"msgid":"battery","info":{"capacity":88,"charge":0},"time":1757845302}
09-14 10:21:42.684  3880  8188 W System  : Ignoring header sessionid because its value was null.
09-14 10:21:42.684  3880  7576 V [MYTAG][mail_tcp_socket][ViiSocketMailDataPhraser]: ------------mail---------------
09-14 10:21:42.684  3880  7576 V [MYTAG][mail_tcp_socket][ViiSocketMailDataPhraser]: {"msgid":"sd","info":{"status":0},"time":1757845302}
09-14 10:21:42.684  3880  7576 V [MYTAG][mail_tcp_socket][RemoteOptor]: ----
09-14 10:21:42.684  3880  7576 V [MYTAG][mail_tcp_socket][RemoteOptor]: [CMD]DEV_SDCARD_STATUS_QUERY
09-14 10:21:42.684  3880  7576 V [MYTAG][mail_tcp_socket][RemoteOptor]: [PARAM]null
09-14 10:21:42.684  3880  8188 I System.out: (HTTPLog)-Static: isSBSettingEnabled false
09-14 10:21:42.685  3880  8188 I System.out: (HTTPLog)-Static: isSBSettingEnabled false
09-14 10:21:42.686  3880  7576 V [MYTAG][mail_tcp_socket][HttpTransportLayer]: [HTTP SEND GET]
09-14 10:21:42.686  3880  7576 V [MYTAG][mail_tcp_socket][HttpTransportLayer]: 	 url:http://192.168.0.1:80/app/getsdinfo
09-14 10:21:42.688  3880  7576 V [MYTAG][main][Device]: 603 dev is connected:true
09-14 10:21:42.716  3880  3880 W ProxyAndroidLoggerBackend: Too many Flogger logs received before configuration. Dropping old logs.
09-14 10:21:42.717  3880  7576 V [MYTAG][mail_tcp_socket][HttpTransportLayer]: [HTTP RSP]
09-14 10:21:42.717  3880  7576 V [MYTAG][mail_tcp_socket][HttpTransportLayer]: 	 errcode:0
09-14 10:21:42.717  3880  7576 V [MYTAG][mail_tcp_socket][HttpTransportLayer]: 	[content]{"result":0,"info":{"status":0,"free":299,"total":1883}}
09-14 10:21:42.717  3880  7576 V [MYTAG][mail_tcp_socket][HttpTransportLayer]: -----------------------------------------
09-14 10:21:42.718  3880  3880 W ProxyAndroidLoggerBackend: Too many Flogger logs received before configuration. Dropping old logs.
09-14 10:21:42.723  3880  3880 I chatty  : uid=10291(com.vidure.app) identical 5 lines
09-14 10:21:42.724  3880  3880 W ProxyAndroidLoggerBackend: Too many Flogger logs received before configuration. Dropping old logs.
09-14 10:21:42.729  3880 10039 W ProxyAndroidLoggerBackend: Too many Flogger logs received before configuration. Dropping old logs.
09-14 10:21:42.737  3880  7576 V [MYTAG][main][Device]: 603 dev is connected:true
09-14 10:21:42.739  3880  7576 V [MYTAG][main][CameraPreviewActivity]: rev msg1:264454
09-14 10:21:42.739  3880  7576 V [MYTAG][main][Device]: 603 dev is connected:true
09-14 10:21:42.739  3880  7576 V [MYTAG][main][CameraPreviewActivity]: rev msg1:589832
09-14 10:21:45.691  3880  7576 V [MYTAG][mail_tcp_socket][ViiSocketMailDataPhraser]: ------------mail---------------
09-14 10:21:45.691  3880  7576 V [MYTAG][mail_tcp_socket][ViiSocketMailDataPhraser]: {"msgid":"battery","info":{"capacity":88,"charge":0},"time":1757845305}
09-14 10:21:45.698  3880  7576 V [MYTAG][main][Device]: 603 dev is connected:true
09-14 10:21:45.704  3880  8188 W System  : Ignoring header sessionid because its value was null.
09-14 10:21:45.705  3880  7576 V [MYTAG][mail_tcp_socket][ViiSocketMailDataPhraser]: ------------mail---------------
09-14 10:21:45.705  3880  7576 V [MYTAG][mail_tcp_socket][ViiSocketMailDataPhraser]: {"msgid":"sd","info":{"status":0},"time":1757845305}
09-14 10:21:45.705  3880  8188 I System.out: (HTTPLog)-Static: isSBSettingEnabled false
09-14 10:21:45.705  3880  7576 V [MYTAG][mail_tcp_socket][RemoteOptor]: ----
09-14 10:21:45.705  3880  7576 V [MYTAG][mail_tcp_socket][RemoteOptor]: [CMD]DEV_SDCARD_STATUS_QUERY
09-14 10:21:45.705  3880  7576 V [MYTAG][mail_tcp_socket][RemoteOptor]: [PARAM]null
09-14 10:21:45.706  3880  7576 V [MYTAG][mail_tcp_socket][HttpTransportLayer]: [HTTP SEND GET]
09-14 10:21:45.706  3880  7576 V [MYTAG][mail_tcp_socket][HttpTransportLayer]: 	 url:http://192.168.0.1:80/app/getsdinfo
09-14 10:21:45.706  3880  8188 I System.out: (HTTPLog)-Static: isSBSettingEnabled false
09-14 10:21:45.725  3880  3880 W ProxyAndroidLoggerBackend: Too many Flogger logs received before configuration. Dropping old logs.
09-14 10:21:45.729  3880  3880 I chatty  : uid=10291(com.vidure.app) identical 2 lines
09-14 10:21:45.729  3880  3880 W ProxyAndroidLoggerBackend: Too many Flogger logs received before configuration. Dropping old logs.
09-14 10:21:45.731  3880  7576 V [MYTAG][mail_tcp_socket][HttpTransportLayer]: [HTTP RSP]
09-14 10:21:45.731  3880  7576 V [MYTAG][mail_tcp_socket][HttpTransportLayer]: 	 errcode:0
09-14 10:21:45.731  3880  7576 V [MYTAG][mail_tcp_socket][HttpTransportLayer]: 	[content]{"result":0,"info":{"status":0,"free":299,"total":1883}}
09-14 10:21:45.731  3880  7576 V [MYTAG][mail_tcp_socket][HttpTransportLayer]: -----------------------------------------
09-14 10:21:45.732  3880  3880 W ProxyAndroidLoggerBackend: Too many Flogger logs received before configuration. Dropping old logs.
09-14 10:21:45.733  3880  3880 I chatty  : uid=10291(com.vidure.app) identical 2 lines
09-14 10:21:45.734  3880  3880 W ProxyAndroidLoggerBackend: Too many Flogger logs received before configuration. Dropping old logs.
09-14 10:21:45.745  3880  7576 V [MYTAG][main][Device]: 603 dev is connected:true
09-14 10:21:45.747  3880  7576 V [MYTAG][main][CameraPreviewActivity]: rev msg1:264454
09-14 10:21:45.748  3880  7576 V [MYTAG][main][Device]: 603 dev is connected:true
09-14 10:21:45.748  3880  7576 V [MYTAG][main][CameraPreviewActivity]: rev msg1:589832
09-14 10:21:45.754  3880  8189 W System  : Ignoring header sessionid because its value was null.
09-14 10:21:45.754  3880  7576 V [MYTAG][HeartbeatMgr][RemoteOptor]: ----
09-14 10:21:45.754  3880  7576 V [MYTAG][HeartbeatMgr][RemoteOptor]: [CMD]Basic_Msg_MailBox
09-14 10:21:45.754  3880  7576 V [MYTAG][HeartbeatMgr][RemoteOptor]: [PARAM]null
09-14 10:21:45.754  3880  8189 I System.out: (HTTPLog)-Static: isSBSettingEnabled false
09-14 10:21:45.755  3880  8189 I System.out: (HTTPLog)-Static: isSBSettingEnabled false
09-14 10:21:45.755  3880  7576 V [MYTAG][HeartbeatMgr][HttpTransportLayer]: [HTTP SEND GET]
09-14 10:21:45.755  3880  7576 V [MYTAG][HeartbeatMgr][HttpTransportLayer]: 	 url:http://192.168.0.1:80/app/getparamvalue?param=rec
09-14 10:21:45.787  3880  7576 V [MYTAG][HeartbeatMgr][HttpTransportLayer]: [HTTP RSP]
09-14 10:21:45.787  3880  7576 V [MYTAG][HeartbeatMgr][HttpTransportLayer]: 	 errcode:0
09-14 10:21:45.787  3880  7576 V [MYTAG][HeartbeatMgr][HttpTransportLayer]: 	[content]{"result":0,"info":{"value":0}}
09-14 10:21:45.787  3880  7576 V [MYTAG][HeartbeatMgr][HttpTransportLayer]: -----------------------------------------
09-14 10:21:48.180  3880  7922 I PhenotypeProcessReaper: Memory state is: 100
09-14 10:21:48.703  3880  7576 V [MYTAG][mail_tcp_socket][ViiSocketMailDataPhraser]: ------------mail---------------
09-14 10:21:48.703  3880  7576 V [MYTAG][mail_tcp_socket][ViiSocketMailDataPhraser]: {"msgid":"battery","info":{"capacity":88,"charge":0},"time":1757845308}
09-14 10:21:48.705  3880  8188 W System  : Ignoring header sessionid because its value was null.
09-14 10:21:48.705  3880  7576 V [MYTAG][mail_tcp_socket][ViiSocketMailDataPhraser]: ------------mail---------------
09-14 10:21:48.705  3880  7576 V [MYTAG][mail_tcp_socket][ViiSocketMailDataPhraser]: {"msgid":"sd","info":{"status":0},"time":1757845308}
09-14 10:21:48.706  3880  8188 I System.out: (HTTPLog)-Static: isSBSettingEnabled false
09-14 10:21:48.706  3880  7576 V [MYTAG][mail_tcp_socket][RemoteOptor]: ----
09-14 10:21:48.706  3880  7576 V [MYTAG][mail_tcp_socket][RemoteOptor]: [CMD]DEV_SDCARD_STATUS_QUERY
09-14 10:21:48.706  3880  7576 V [MYTAG][mail_tcp_socket][RemoteOptor]: [PARAM]null
09-14 10:21:48.706  3880  7576 V [MYTAG][mail_tcp_socket][HttpTransportLayer]: [HTTP SEND GET]
09-14 10:21:48.706  3880  7576 V [MYTAG][mail_tcp_socket][HttpTransportLayer]: 	 url:http://192.168.0.1:80/app/getsdinfo
09-14 10:21:48.707  3880  8188 I System.out: (HTTPLog)-Static: isSBSettingEnabled false
09-14 10:21:48.710  3880  7576 V [MYTAG][main][Device]: 603 dev is connected:true
09-14 10:21:48.736  3880  7576 V [MYTAG][mail_tcp_socket][HttpTransportLayer]: [HTTP RSP]
09-14 10:21:48.736  3880  7576 V [MYTAG][mail_tcp_socket][HttpTransportLayer]: 	 errcode:0
09-14 10:21:48.736  3880  7576 V [MYTAG][mail_tcp_socket][HttpTransportLayer]: 	[content]{"result":0,"info":{"status":0,"free":299,"total":1883}}
09-14 10:21:48.736  3880  7576 V [MYTAG][mail_tcp_socket][HttpTransportLayer]: -----------------------------------------
09-14 10:21:48.776  3880  3880 W ProxyAndroidLoggerBackend: Too many Flogger logs received before configuration. Dropping old logs.
09-14 10:21:48.785  3880  3880 I chatty  : uid=10291(com.vidure.app) identical 6 lines
09-14 10:21:48.787  3880  3880 W ProxyAndroidLoggerBackend: Too many Flogger logs received before configuration. Dropping old logs.
09-14 10:21:48.801  3880  7576 V [MYTAG][main][Device]: 603 dev is connected:true
09-14 10:21:48.802  3880  7576 V [MYTAG][main][CameraPreviewActivity]: rev msg1:264454
09-14 10:21:48.802  3880  7576 V [MYTAG][main][Device]: 603 dev is connected:true
09-14 10:21:48.802  3880  7576 V [MYTAG][main][CameraPreviewActivity]: rev msg1:589832
09-14 10:21:49.755  3880  8189 W System  : Ignoring header sessionid because its value was null.
09-14 10:21:49.756  3880  8189 I System.out: (HTTPLog)-Static: isSBSettingEnabled false
09-14 10:21:49.756  3880  8189 I System.out: (HTTPLog)-Static: isSBSettingEnabled false
09-14 10:21:49.757  3880  7576 V [MYTAG][HeartbeatMgr][RemoteOptor]: ----
09-14 10:21:49.757  3880  7576 V [MYTAG][HeartbeatMgr][RemoteOptor]: [CMD]Basic_Msg_MailBox
09-14 10:21:49.757  3880  7576 V [MYTAG][HeartbeatMgr][RemoteOptor]: [PARAM]null
09-14 10:21:49.757  3880  7576 V [MYTAG][HeartbeatMgr][HttpTransportLayer]: [HTTP SEND GET]
09-14 10:21:49.757  3880  7576 V [MYTAG][HeartbeatMgr][HttpTransportLayer]: 	 url:http://192.168.0.1:80/app/getparamvalue?param=rec
09-14 10:21:49.790  3880  7576 V [MYTAG][HeartbeatMgr][HttpTransportLayer]: [HTTP RSP]
09-14 10:21:49.790  3880  7576 V [MYTAG][HeartbeatMgr][HttpTransportLayer]: 	 errcode:0
09-14 10:21:49.790  3880  7576 V [MYTAG][HeartbeatMgr][HttpTransportLayer]: 	[content]{"result":0,"info":{"value":0}}
09-14 10:21:49.790  3880  7576 V [MYTAG][HeartbeatMgr][HttpTransportLayer]: -----------------------------------------
09-14 10:21:49.941  3880  7707 I System.out: (HTTPLog)-Static: isSBSettingEnabled false
09-14 10:21:49.941  3880  7707 I System.out: (HTTPLog)-Static: isSBSettingEnabled false
09-14 10:21:49.949  3880  7706 W Settings: Setting adb_enabled has moved from android.provider.Settings.Secure to android.provider.Settings.Global.
09-14 10:21:50.088  3880  7706 I System.out: (HTTPLog)-Static: isSBSettingEnabled false
09-14 10:21:50.140  3880  7706 I chatty  : uid=10291(com.vidure.app) identical 4 lines
09-14 10:21:50.140  3880  7706 I System.out: (HTTPLog)-Static: isSBSettingEnabled false
09-14 10:21:51.713  3880  7576 V [MYTAG][mail_tcp_socket][ViiSocketMailDataPhraser]: ------------mail---------------
09-14 10:21:51.713  3880  7576 V [MYTAG][mail_tcp_socket][ViiSocketMailDataPhraser]: {"msgid":"battery","info":{"capacity":88,"charge":0},"time":1757845311}
09-14 10:21:51.714  3880  8188 W System  : Ignoring header sessionid because its value was null.
09-14 10:21:51.714  3880  8188 I System.out: (HTTPLog)-Static: isSBSettingEnabled false
09-14 10:21:51.714  3880  8188 I System.out: (HTTPLog)-Static: isSBSettingEnabled false
09-14 10:21:51.715  3880  7576 V [MYTAG][mail_tcp_socket][ViiSocketMailDataPhraser]: ------------mail---------------
09-14 10:21:51.715  3880  7576 V [MYTAG][mail_tcp_socket][ViiSocketMailDataPhraser]: {"msgid":"sd","info":{"status":0},"time":1757845311}
09-14 10:21:51.715  3880  7576 V [MYTAG][mail_tcp_socket][RemoteOptor]: ----
09-14 10:21:51.715  3880  7576 V [MYTAG][mail_tcp_socket][RemoteOptor]: [CMD]DEV_SDCARD_STATUS_QUERY
09-14 10:21:51.715  3880  7576 V [MYTAG][mail_tcp_socket][RemoteOptor]: [PARAM]null
09-14 10:21:51.716  3880  7576 V [MYTAG][mail_tcp_socket][HttpTransportLayer]: [HTTP SEND GET]
09-14 10:21:51.716  3880  7576 V [MYTAG][mail_tcp_socket][HttpTransportLayer]: 	 url:http://192.168.0.1:80/app/getsdinfo
09-14 10:21:51.718  3880  7576 V [MYTAG][main][Device]: 603 dev is connected:true
09-14 10:21:51.745  3880  3880 W ProxyAndroidLoggerBackend: Too many Flogger logs received before configuration. Dropping old logs.
09-14 10:21:51.746  3880  7576 V [MYTAG][mail_tcp_socket][HttpTransportLayer]: [HTTP RSP]
09-14 10:21:51.746  3880  7576 V [MYTAG][mail_tcp_socket][HttpTransportLayer]: 	 errcode:0
09-14 10:21:51.746  3880  7576 V [MYTAG][mail_tcp_socket][HttpTransportLayer]: 	[content]{"result":0,"info":{"status":0,"free":299,"total":1883}}
09-14 10:21:51.746  3880  7576 V [MYTAG][mail_tcp_socket][HttpTransportLayer]: -----------------------------------------
09-14 10:21:51.747  3880  3880 W ProxyAndroidLoggerBackend: Too many Flogger logs received before configuration. Dropping old logs.
09-14 10:21:51.753  3880  3880 I chatty  : uid=10291(com.vidure.app) identical 5 lines
09-14 10:21:51.754  3880  3880 W ProxyAndroidLoggerBackend: Too many Flogger logs received before configuration. Dropping old logs.
09-14 10:21:51.763  3880  7576 V [MYTAG][main][Device]: 603 dev is connected:true
09-14 10:21:51.764  3880  7576 V [MYTAG][main][CameraPreviewActivity]: rev msg1:264454
09-14 10:21:51.764  3880  7576 V [MYTAG][main][Device]: 603 dev is connected:true
09-14 10:21:51.764  3880  7576 V [MYTAG][main][CameraPreviewActivity]: rev msg1:589832
09-14 10:21:51.978  3880  7707 I System.out: (HTTPLog)-Static: isSBSettingEnabled false
09-14 10:21:51.978  3880  7707 I System.out: (HTTPLog)-Static: isSBSettingEnabled false
09-14 10:21:53.756  3880  7576 V [MYTAG][HeartbeatMgr][RemoteOptor]: ----
09-14 10:21:53.756  3880  7576 V [MYTAG][HeartbeatMgr][RemoteOptor]: [CMD]Basic_Msg_MailBox
09-14 10:21:53.756  3880  7576 V [MYTAG][HeartbeatMgr][RemoteOptor]: [PARAM]null
09-14 10:21:53.757  3880  8189 W System  : Ignoring header sessionid because its value was null.
09-14 10:21:53.758  3880  8189 I System.out: (HTTPLog)-Static: isSBSettingEnabled false
09-14 10:21:53.758  3880  7576 V [MYTAG][HeartbeatMgr][HttpTransportLayer]: [HTTP SEND GET]
09-14 10:21:53.758  3880  7576 V [MYTAG][HeartbeatMgr][HttpTransportLayer]: 	 url:http://192.168.0.1:80/app/getparamvalue?param=rec
09-14 10:21:53.758  3880  8189 I System.out: (HTTPLog)-Static: isSBSettingEnabled false
09-14 10:21:53.794  3880  7576 V [MYTAG][HeartbeatMgr][HttpTransportLayer]: [HTTP RSP]
09-14 10:21:53.794  3880  7576 V [MYTAG][HeartbeatMgr][HttpTransportLayer]: 	 errcode:0
09-14 10:21:53.794  3880  7576 V [MYTAG][HeartbeatMgr][HttpTransportLayer]: 	[content]{"result":0,"info":{"value":0}}
09-14 10:21:53.794  3880  7576 V [MYTAG][HeartbeatMgr][HttpTransportLayer]: -----------------------------------------
09-14 10:21:53.809  3880  7705 W Settings: Setting adb_enabled has moved from android.provider.Settings.Secure to android.provider.Settings.Global.
09-14 10:21:53.951  3880  7705 I System.out: (HTTPLog)-Static: isSBSettingEnabled false
09-14 10:21:53.971  3880  7705 I chatty  : uid=10291(com.vidure.app) identical 2 lines
09-14 10:21:53.971  3880  7705 I System.out: (HTTPLog)-Static: isSBSettingEnabled false
09-14 10:21:53.991  3880  7707 I System.out: (HTTPLog)-Static: isSBSettingEnabled false
09-14 10:21:53.991  3880  7707 I System.out: (HTTPLog)-Static: isSBSettingEnabled false
09-14 10:21:54.723  3880  7576 V [MYTAG][mail_tcp_socket][ViiSocketMailDataPhraser]: ------------mail---------------
09-14 10:21:54.723  3880  7576 V [MYTAG][mail_tcp_socket][ViiSocketMailDataPhraser]: {"msgid":"battery","info":{"capacity":88,"charge":0},"time":1757845314}
09-14 10:21:54.725  3880  8188 W System  : Ignoring header sessionid because its value was null.
09-14 10:21:54.726  3880  8188 I System.out: (HTTPLog)-Static: isSBSettingEnabled false
09-14 10:21:54.726  3880  8188 I System.out: (HTTPLog)-Static: isSBSettingEnabled false
09-14 10:21:54.727  3880  7576 V [MYTAG][mail_tcp_socket][ViiSocketMailDataPhraser]: ------------mail---------------
09-14 10:21:54.727  3880  7576 V [MYTAG][mail_tcp_socket][ViiSocketMailDataPhraser]: {"msgid":"sd","info":{"status":0},"time":1757845314}
09-14 10:21:54.728  3880  7576 V [MYTAG][mail_tcp_socket][RemoteOptor]: ----
09-14 10:21:54.728  3880  7576 V [MYTAG][mail_tcp_socket][RemoteOptor]: [CMD]DEV_SDCARD_STATUS_QUERY
09-14 10:21:54.728  3880  7576 V [MYTAG][mail_tcp_socket][RemoteOptor]: [PARAM]null
09-14 10:21:54.728  3880  7576 V [MYTAG][mail_tcp_socket][HttpTransportLayer]: [HTTP SEND GET]
09-14 10:21:54.728  3880  7576 V [MYTAG][mail_tcp_socket][HttpTransportLayer]: 	 url:http://192.168.0.1:80/app/getsdinfo
09-14 10:21:54.731  3880  7576 V [MYTAG][main][Device]: 603 dev is connected:true
09-14 10:21:54.755  3880  7576 V [MYTAG][mail_tcp_socket][HttpTransportLayer]: [HTTP RSP]
09-14 10:21:54.755  3880  7576 V [MYTAG][mail_tcp_socket][HttpTransportLayer]: 	 errcode:0
09-14 10:21:54.755  3880  7576 V [MYTAG][mail_tcp_socket][HttpTransportLayer]: 	[content]{"result":0,"info":{"status":0,"free":299,"total":1883}}
09-14 10:21:54.755  3880  7576 V [MYTAG][mail_tcp_socket][HttpTransportLayer]: -----------------------------------------
09-14 10:21:54.818  3880  3880 W ProxyAndroidLoggerBackend: Too many Flogger logs received before configuration. Dropping old logs.
09-14 10:21:54.827  3880  3880 I chatty  : uid=10291(com.vidure.app) identical 6 lines
09-14 10:21:54.828  3880  3880 W ProxyAndroidLoggerBackend: Too many Flogger logs received before configuration. Dropping old logs.
09-14 10:21:54.836  3880  7576 V [MYTAG][main][Device]: 603 dev is connected:true
09-14 10:21:54.840  3880  7576 V [MYTAG][main][CameraPreviewActivity]: rev msg1:264454
09-14 10:21:54.840  3880  7576 V [MYTAG][main][Device]: 603 dev is connected:true
09-14 10:21:54.842  3880  7576 V [MYTAG][main][CameraPreviewActivity]: rev msg1:589832
09-14 10:21:55.146  3880  7704 W Settings: Setting adb_enabled has moved from android.provider.Settings.Secure to android.provider.Settings.Global.
09-14 10:21:55.161  3880  7703 I System.out: (HTTPLog)-Static: isSBSettingEnabled false
09-14 10:21:55.161  3880  7703 I System.out: (HTTPLog)-Static: isSBSettingEnabled false
09-14 10:21:55.275  3880  7704 I System.out: (HTTPLog)-Static: isSBSettingEnabled false
09-14 10:21:55.275  3880  7704 I System.out: (HTTPLog)-Static: isSBSettingEnabled false
09-14 10:21:55.290  3880  7704 I System.out: (HTTPLog)-Static: isSBSettingEnabled false
09-14 10:21:55.291  3880  7704 I System.out: (HTTPLog)-Static: isSBSettingEnabled false
09-14 10:21:57.196  3880  7703 I System.out: (HTTPLog)-Static: isSBSettingEnabled false
09-14 10:21:57.196  3880  7703 I System.out: (HTTPLog)-Static: isSBSettingEnabled false
09-14 10:21:57.731  3880  7576 V [MYTAG][mail_tcp_socket][ViiSocketMailDataPhraser]: ------------mail---------------
09-14 10:21:57.731  3880  7576 V [MYTAG][mail_tcp_socket][ViiSocketMailDataPhraser]: {"msgid":"battery","info":{"capacity":88,"charge":0},"time":1757845317}
09-14 10:21:57.738  3880  8188 W System  : Ignoring header sessionid because its value was null.
09-14 10:21:57.738  3880  8188 I System.out: (HTTPLog)-Static: isSBSettingEnabled false
09-14 10:21:57.738  3880  8188 I System.out: (HTTPLog)-Static: isSBSettingEnabled false
09-14 10:21:57.740  3880  7576 V [MYTAG][mail_tcp_socket][ViiSocketMailDataPhraser]: ------------mail---------------
09-14 10:21:57.740  3880  7576 V [MYTAG][mail_tcp_socket][ViiSocketMailDataPhraser]: {"msgid":"sd","info":{"status":0},"time":1757845317}
09-14 10:21:57.740  3880  7576 V [MYTAG][mail_tcp_socket][RemoteOptor]: ----
09-14 10:21:57.740  3880  7576 V [MYTAG][mail_tcp_socket][RemoteOptor]: [CMD]DEV_SDCARD_STATUS_QUERY
09-14 10:21:57.740  3880  7576 V [MYTAG][mail_tcp_socket][RemoteOptor]: [PARAM]null
09-14 10:21:57.740  3880  7576 V [MYTAG][mail_tcp_socket][HttpTransportLayer]: [HTTP SEND GET]
09-14 10:21:57.740  3880  7576 V [MYTAG][mail_tcp_socket][HttpTransportLayer]: 	 url:http://192.168.0.1:80/app/getsdinfo
09-14 10:21:57.747  3880  7576 V [MYTAG][main][Device]: 603 dev is connected:true
09-14 10:21:57.759  3880  7576 V [MYTAG][HeartbeatMgr][RemoteOptor]: ----
09-14 10:21:57.759  3880  7576 V [MYTAG][HeartbeatMgr][RemoteOptor]: [CMD]Basic_Msg_MailBox
09-14 10:21:57.759  3880  7576 V [MYTAG][HeartbeatMgr][RemoteOptor]: [PARAM]null
09-14 10:21:57.764  3880  8189 W System  : Ignoring header sessionid because its value was null.
09-14 10:21:57.764  3880  8189 I System.out: (HTTPLog)-Static: isSBSettingEnabled false
09-14 10:21:57.764  3880  8189 I System.out: (HTTPLog)-Static: isSBSettingEnabled false
09-14 10:21:57.765  3880  7576 V [MYTAG][mail_tcp_socket][HttpTransportLayer]: [HTTP RSP]
09-14 10:21:57.765  3880  7576 V [MYTAG][mail_tcp_socket][HttpTransportLayer]: 	 errcode:0
09-14 10:21:57.765  3880  7576 V [MYTAG][mail_tcp_socket][HttpTransportLayer]: 	[content]{"result":0,"info":{"status":0,"free":299,"total":1883}}
09-14 10:21:57.765  3880  7576 V [MYTAG][mail_tcp_socket][HttpTransportLayer]: -----------------------------------------
09-14 10:21:57.765  3880  7576 V [MYTAG][HeartbeatMgr][HttpTransportLayer]: [HTTP SEND GET]
09-14 10:21:57.765  3880  7576 V [MYTAG][HeartbeatMgr][HttpTransportLayer]: 	 url:http://192.168.0.1:80/app/getparamvalue?param=rec
09-14 10:21:57.776  3880  3880 W ProxyAndroidLoggerBackend: Too many Flogger logs received before configuration. Dropping old logs.
09-14 10:21:57.782  3880  3880 I chatty  : uid=10291(com.vidure.app) identical 4 lines
09-14 10:21:57.793  3880  3880 W ProxyAndroidLoggerBackend: Too many Flogger logs received before configuration. Dropping old logs.
09-14 10:21:57.793  3880  7576 V [MYTAG][HeartbeatMgr][HttpTransportLayer]: [HTTP RSP]
09-14 10:21:57.793  3880  7576 V [MYTAG][HeartbeatMgr][HttpTransportLayer]: 	 errcode:0
09-14 10:21:57.793  3880  7576 V [MYTAG][HeartbeatMgr][HttpTransportLayer]: 	[content]{"result":0,"info":{"value":0}}
09-14 10:21:57.793  3880  7576 V [MYTAG][HeartbeatMgr][HttpTransportLayer]: -----------------------------------------
09-14 10:21:57.794  3880  3880 W ProxyAndroidLoggerBackend: Too many Flogger logs received before configuration. Dropping old logs.
09-14 10:21:57.795  3880  3880 W ProxyAndroidLoggerBackend: Too many Flogger logs received before configuration. Dropping old logs.
09-14 10:21:57.805  3880  7576 V [MYTAG][main][Device]: 603 dev is connected:true
09-14 10:21:57.807  3880  7576 V [MYTAG][main][CameraPreviewActivity]: rev msg1:264454
09-14 10:21:57.808  3880  7576 V [MYTAG][main][Device]: 603 dev is connected:true
09-14 10:21:57.808  3880  7576 V [MYTAG][main][CameraPreviewActivity]: rev msg1:589832
09-14 10:21:59.078  3880  7706 W Settings: Setting adb_enabled has moved from android.provider.Settings.Secure to android.provider.Settings.Global.
09-14 10:21:59.202  3880  7706 I System.out: (HTTPLog)-Static: isSBSettingEnabled false
09-14 10:21:59.202  3880  7706 I System.out: (HTTPLog)-Static: isSBSettingEnabled false
09-14 10:21:59.213  3880  7703 I System.out: (HTTPLog)-Static: isSBSettingEnabled false
09-14 10:21:59.213  3880  7703 I System.out: (HTTPLog)-Static: isSBSettingEnabled false
09-14 10:21:59.222  3880  7706 I System.out: (HTTPLog)-Static: isSBSettingEnabled false
09-14 10:21:59.222  3880  7706 I System.out: (HTTPLog)-Static: isSBSettingEnabled false
09-14 10:22:00.534  3880  7705 I System.out: (HTTPLog)-Static: isSBSettingEnabled false
09-14 10:22:00.535  3880  7705 I System.out: (HTTPLog)-Static: isSBSettingEnabled false
09-14 10:22:00.541  3880  7707 W Settings: Setting adb_enabled has moved from android.provider.Settings.Secure to android.provider.Settings.Global.
09-14 10:22:00.665  3880  7707 I System.out: (HTTPLog)-Static: isSBSettingEnabled false
09-14 10:22:00.676  3880  7707 I chatty  : uid=10291(com.vidure.app) identical 2 lines
09-14 10:22:00.676  3880  7707 I System.out: (HTTPLog)-Static: isSBSettingEnabled false
09-14 10:22:00.740  3880  7576 V [MYTAG][mail_tcp_socket][ViiSocketMailDataPhraser]: ------------mail---------------
09-14 10:22:00.740  3880  7576 V [MYTAG][mail_tcp_socket][ViiSocketMailDataPhraser]: {"msgid":"battery","info":{"capacity":88,"charge":0},"time":1757845320}
09-14 10:22:00.741  3880  7576 V [MYTAG][mail_tcp_socket][ViiSocketMailDataPhraser]: ------------mail---------------
09-14 10:22:00.741  3880  7576 V [MYTAG][mail_tcp_socket][ViiSocketMailDataPhraser]: {"msgid":"sd","info":{"status":0},"time":1757845320}
09-14 10:22:00.741  3880  7576 V [MYTAG][mail_tcp_socket][RemoteOptor]: ----
09-14 10:22:00.741  3880  7576 V [MYTAG][mail_tcp_socket][RemoteOptor]: [CMD]DEV_SDCARD_STATUS_QUERY
09-14 10:22:00.741  3880  7576 V [MYTAG][mail_tcp_socket][RemoteOptor]: [PARAM]null
09-14 10:22:00.741  3880  7576 V [MYTAG][mail_tcp_socket][HttpTransportLayer]: [HTTP SEND GET]
09-14 10:22:00.741  3880  7576 V [MYTAG][mail_tcp_socket][HttpTransportLayer]: 	 url:http://192.168.0.1:80/app/getsdinfo
09-14 10:22:00.742  3880  8188 W System  : Ignoring header sessionid because its value was null.
09-14 10:22:00.742  3880  8188 I System.out: (HTTPLog)-Static: isSBSettingEnabled false
09-14 10:22:00.742  3880  8188 I System.out: (HTTPLog)-Static: isSBSettingEnabled false
09-14 10:22:00.745  3880  7576 V [MYTAG][main][Device]: 603 dev is connected:true
09-14 10:22:00.761  3880  7576 V [MYTAG][mail_tcp_socket][HttpTransportLayer]: [HTTP RSP]
09-14 10:22:00.761  3880  7576 V [MYTAG][mail_tcp_socket][HttpTransportLayer]: 	 errcode:0
09-14 10:22:00.761  3880  7576 V [MYTAG][mail_tcp_socket][HttpTransportLayer]: 	[content]{"result":0,"info":{"status":0,"free":299,"total":1883}}
09-14 10:22:00.761  3880  7576 V [MYTAG][mail_tcp_socket][HttpTransportLayer]: -----------------------------------------
09-14 10:22:00.773  3880  3880 W ProxyAndroidLoggerBackend: Too many Flogger logs received before configuration. Dropping old logs.
09-14 10:22:00.784  3880  3880 I chatty  : uid=10291(com.vidure.app) identical 6 lines
09-14 10:22:00.786  3880  3880 W ProxyAndroidLoggerBackend: Too many Flogger logs received before configuration. Dropping old logs.
09-14 10:22:00.794  3880  7576 V [MYTAG][main][Device]: 603 dev is connected:true
09-14 10:22:00.797  3880  7576 V [MYTAG][main][CameraPreviewActivity]: rev msg1:264454
09-14 10:22:00.798  3880  7576 V [MYTAG][main][Device]: 603 dev is connected:true
09-14 10:22:00.798  3880  7576 V [MYTAG][main][CameraPreviewActivity]: rev msg1:589832
09-14 10:22:00.802  3880  7440 I com.vidure.app: Background concurrent copying GC freed 106764(14MB) AllocSpace objects, 83(4124KB) LOS objects, 22% free, 82MB/106MB, paused 352us total 292.509ms
09-14 10:22:00.803  3880  9830 W ProxyAndroidLoggerBackend: Too many Flogger logs received before configuration. Dropping old logs.
09-14 10:22:00.804  3880  9830 I chatty  : uid=10291(com.vidure.app) identical 1 line
09-14 10:22:00.804  3880  9830 W ProxyAndroidLoggerBackend: Too many Flogger logs received before configuration. Dropping old logs.
09-14 10:22:01.758  3880  7576 V [MYTAG][HeartbeatMgr][RemoteOptor]: ----
09-14 10:22:01.758  3880  7576 V [MYTAG][HeartbeatMgr][RemoteOptor]: [CMD]Basic_Msg_MailBox
09-14 10:22:01.758  3880  7576 V [MYTAG][HeartbeatMgr][RemoteOptor]: [PARAM]null
09-14 10:22:01.758  3880  7576 V [MYTAG][HeartbeatMgr][HttpTransportLayer]: [HTTP SEND GET]
09-14 10:22:01.758  3880  7576 V [MYTAG][HeartbeatMgr][HttpTransportLayer]: 	 url:http://192.168.0.1:80/app/getparamvalue?param=rec
09-14 10:22:01.758  3880  8189 W System  : Ignoring header sessionid because its value was null.
09-14 10:22:01.759  3880  8189 I System.out: (HTTPLog)-Static: isSBSettingEnabled false
09-14 10:22:01.759  3880  8189 I System.out: (HTTPLog)-Static: isSBSettingEnabled false
09-14 10:22:01.788  3880  7576 V [MYTAG][HeartbeatMgr][HttpTransportLayer]: [HTTP RSP]
09-14 10:22:01.788  3880  7576 V [MYTAG][HeartbeatMgr][HttpTransportLayer]: 	 errcode:0
09-14 10:22:01.788  3880  7576 V [MYTAG][HeartbeatMgr][HttpTransportLayer]: 	[content]{"result":0,"info":{"value":0}}
09-14 10:22:01.788  3880  7576 V [MYTAG][HeartbeatMgr][HttpTransportLayer]: -----------------------------------------
09-14 10:22:01.815  3880  7704 W Settings: Setting adb_enabled has moved from android.provider.Settings.Secure to android.provider.Settings.Global.
09-14 10:22:01.955  3880  7704 I System.out: (HTTPLog)-Static: isSBSettingEnabled false
09-14 10:22:01.955  3880  7704 I System.out: (HTTPLog)-Static: isSBSettingEnabled false
09-14 10:22:01.975  3880  7704 I System.out: (HTTPLog)-Static: isSBSettingEnabled false
09-14 10:22:01.975  3880  7704 I System.out: (HTTPLog)-Static: isSBSettingEnabled false
09-14 10:22:02.567  3880  7705 I System.out: (HTTPLog)-Static: isSBSettingEnabled false
09-14 10:22:02.567  3880  7705 I System.out: (HTTPLog)-Static: isSBSettingEnabled false
09-14 10:22:03.751  3880  7576 V [MYTAG][mail_tcp_socket][ViiSocketMailDataPhraser]: ------------mail---------------
09-14 10:22:03.751  3880  7576 V [MYTAG][mail_tcp_socket][ViiSocketMailDataPhraser]: {"msgid":"battery","info":{"capacity":88,"charge":0},"time":1757845323}
09-14 10:22:03.757  3880  7576 V [MYTAG][mail_tcp_socket][ViiSocketMailDataPhraser]: ------------mail---------------
09-14 10:22:03.757  3880  7576 V [MYTAG][mail_tcp_socket][ViiSocketMailDataPhraser]: {"msgid":"sd","info":{"status":0},"time":1757845323}
09-14 10:22:03.757  3880  8188 W System  : Ignoring header sessionid because its value was null.
09-14 10:22:03.757  3880  7576 V [MYTAG][mail_tcp_socket][RemoteOptor]: ----
09-14 10:22:03.757  3880  7576 V [MYTAG][mail_tcp_socket][RemoteOptor]: [CMD]DEV_SDCARD_STATUS_QUERY
09-14 10:22:03.757  3880  7576 V [MYTAG][mail_tcp_socket][RemoteOptor]: [PARAM]null
09-14 10:22:03.757  3880  7576 V [MYTAG][mail_tcp_socket][HttpTransportLayer]: [HTTP SEND GET]
09-14 10:22:03.757  3880  7576 V [MYTAG][mail_tcp_socket][HttpTransportLayer]: 	 url:http://192.168.0.1:80/app/getsdinfo
09-14 10:22:03.758  3880  8188 I System.out: (HTTPLog)-Static: isSBSettingEnabled false
09-14 10:22:03.758  3880  8188 I System.out: (HTTPLog)-Static: isSBSettingEnabled false
09-14 10:22:03.763  3880  7576 V [MYTAG][main][Device]: 603 dev is connected:true
09-14 10:22:03.795  3880  7576 V [MYTAG][mail_tcp_socket][HttpTransportLayer]: [HTTP RSP]
09-14 10:22:03.795  3880  7576 V [MYTAG][mail_tcp_socket][HttpTransportLayer]: 	 errcode:0
09-14 10:22:03.795  3880  7576 V [MYTAG][mail_tcp_socket][HttpTransportLayer]: 	[content]{"result":0,"info":{"status":0,"free":299,"total":1883}}
09-14 10:22:03.795  3880  7576 V [MYTAG][mail_tcp_socket][HttpTransportLayer]: -----------------------------------------
09-14 10:22:03.835  3880  3880 W ProxyAndroidLoggerBackend: Too many Flogger logs received before configuration. Dropping old logs.
09-14 10:22:03.842  3880  3880 I chatty  : uid=10291(com.vidure.app) identical 6 lines
09-14 10:22:03.843  3880  3880 W ProxyAndroidLoggerBackend: Too many Flogger logs received before configuration. Dropping old logs.
09-14 10:22:03.855  3880  7576 V [MYTAG][main][Device]: 603 dev is connected:true
09-14 10:22:03.857  3880  7576 V [MYTAG][main][CameraPreviewActivity]: rev msg1:264454
09-14 10:22:03.857  3880  7576 V [MYTAG][main][Device]: 603 dev is connected:true
09-14 10:22:03.857  3880  7576 V [MYTAG][main][CameraPreviewActivity]: rev msg1:589832
09-14 10:22:04.452  3880  7703 W Settings: Setting adb_enabled has moved from android.provider.Settings.Secure to android.provider.Settings.Global.
09-14 10:22:04.586  3880  7703 I System.out: (HTTPLog)-Static: isSBSettingEnabled false
09-14 10:22:04.586  3880  7705 I System.out: (HTTPLog)-Static: isSBSettingEnabled false
09-14 10:22:04.586  3880  7705 I System.out: (HTTPLog)-Static: isSBSettingEnabled false
09-14 10:22:04.586  3880  7703 I System.out: (HTTPLog)-Static: isSBSettingEnabled false
09-14 10:22:04.610  3880  7703 I System.out: (HTTPLog)-Static: isSBSettingEnabled false
09-14 10:22:04.610  3880  7703 I System.out: (HTTPLog)-Static: isSBSettingEnabled false
09-14 10:22:05.712  3880  7707 I System.out: (HTTPLog)-Static: isSBSettingEnabled false
09-14 10:22:05.712  3880  7707 I System.out: (HTTPLog)-Static: isSBSettingEnabled false
09-14 10:22:05.713  3880  7706 W Settings: Setting adb_enabled has moved from android.provider.Settings.Secure to android.provider.Settings.Global.
09-14 10:22:05.757  3880  8189 W System  : Ignoring header sessionid because its value was null.
09-14 10:22:05.758  3880  8189 I System.out: (HTTPLog)-Static: isSBSettingEnabled false
09-14 10:22:05.758  3880  8189 I System.out: (HTTPLog)-Static: isSBSettingEnabled false
09-14 10:22:05.758  3880  7576 V [MYTAG][HeartbeatMgr][RemoteOptor]: ----
09-14 10:22:05.758  3880  7576 V [MYTAG][HeartbeatMgr][RemoteOptor]: [CMD]Basic_Msg_MailBox
09-14 10:22:05.758  3880  7576 V [MYTAG][HeartbeatMgr][RemoteOptor]: [PARAM]null
09-14 10:22:05.759  3880  7576 V [MYTAG][HeartbeatMgr][HttpTransportLayer]: [HTTP SEND GET]
09-14 10:22:05.759  3880  7576 V [MYTAG][HeartbeatMgr][HttpTransportLayer]: 	 url:http://192.168.0.1:80/app/getparamvalue?param=rec
09-14 10:22:05.787  3880  7576 V [MYTAG][HeartbeatMgr][HttpTransportLayer]: [HTTP RSP]
09-14 10:22:05.787  3880  7576 V [MYTAG][HeartbeatMgr][HttpTransportLayer]: 	 errcode:0
09-14 10:22:05.787  3880  7576 V [MYTAG][HeartbeatMgr][HttpTransportLayer]: 	[content]{"result":0,"info":{"value":0}}
09-14 10:22:05.787  3880  7576 V [MYTAG][HeartbeatMgr][HttpTransportLayer]: -----------------------------------------
09-14 10:22:05.844  3880  7706 I System.out: (HTTPLog)-Static: isSBSettingEnabled false
09-14 10:22:05.866  3880  7706 I chatty  : uid=10291(com.vidure.app) identical 2 lines
09-14 10:22:05.866  3880  7706 I System.out: (HTTPLog)-Static: isSBSettingEnabled false
09-14 10:22:06.760  3880  7576 V [MYTAG][mail_tcp_socket][ViiSocketMailDataPhraser]: ------------mail---------------
09-14 10:22:06.760  3880  7576 V [MYTAG][mail_tcp_socket][ViiSocketMailDataPhraser]: {"msgid":"battery","info":{"capacity":88,"charge":0},"time":1757845326}
09-14 10:22:06.768  3880  8188 W System  : Ignoring header sessionid because its value was null.
09-14 10:22:06.768  3880  8188 I System.out: (HTTPLog)-Static: isSBSettingEnabled false
09-14 10:22:06.768  3880  8188 I System.out: (HTTPLog)-Static: isSBSettingEnabled false
09-14 10:22:06.769  3880  7576 V [MYTAG][main][Device]: 603 dev is connected:true
09-14 10:22:06.770  3880  7576 V [MYTAG][mail_tcp_socket][ViiSocketMailDataPhraser]: ------------mail---------------
09-14 10:22:06.770  3880  7576 V [MYTAG][mail_tcp_socket][ViiSocketMailDataPhraser]: {"msgid":"sd","info":{"status":0},"time":1757845326}
09-14 10:22:06.770  3880  7576 V [MYTAG][mail_tcp_socket][RemoteOptor]: ----
09-14 10:22:06.770  3880  7576 V [MYTAG][mail_tcp_socket][RemoteOptor]: [CMD]DEV_SDCARD_STATUS_QUERY
09-14 10:22:06.770  3880  7576 V [MYTAG][mail_tcp_socket][RemoteOptor]: [PARAM]null
09-14 10:22:06.770  3880  7576 V [MYTAG][mail_tcp_socket][HttpTransportLayer]: [HTTP SEND GET]
09-14 10:22:06.770  3880  7576 V [MYTAG][mail_tcp_socket][HttpTransportLayer]: 	 url:http://192.168.0.1:80/app/getsdinfo
09-14 10:22:06.790  3880  7576 V [MYTAG][mail_tcp_socket][HttpTransportLayer]: [HTTP RSP]
09-14 10:22:06.790  3880  7576 V [MYTAG][mail_tcp_socket][HttpTransportLayer]: 	 errcode:0
09-14 10:22:06.790  3880  7576 V [MYTAG][mail_tcp_socket][HttpTransportLayer]: 	[content]{"result":0,"info":{"status":0,"free":299,"total":1883}}
09-14 10:22:06.790  3880  7576 V [MYTAG][mail_tcp_socket][HttpTransportLayer]: -----------------------------------------
09-14 10:22:06.801  3880  3880 W ProxyAndroidLoggerBackend: Too many Flogger logs received before configuration. Dropping old logs.
09-14 10:22:06.810  3880  3880 I chatty  : uid=10291(com.vidure.app) identical 6 lines
09-14 10:22:06.811  3880  3880 W ProxyAndroidLoggerBackend: Too many Flogger logs received before configuration. Dropping old logs.
09-14 10:22:06.821  3880  7576 V [MYTAG][main][Device]: 603 dev is connected:true
09-14 10:22:06.822  3880  7576 V [MYTAG][main][CameraPreviewActivity]: rev msg1:264454
09-14 10:22:06.822  3880  7576 V [MYTAG][main][Device]: 603 dev is connected:true
09-14 10:22:06.822  3880  7576 V [MYTAG][main][CameraPreviewActivity]: rev msg1:589832
09-14 10:22:07.009  3880  9830 W ProxyAndroidLoggerBackend: Too many Flogger logs received before configuration. Dropping old logs.
09-14 10:22:07.010  3880  9830 I chatty  : uid=10291(com.vidure.app) identical 1 line
09-14 10:22:07.011  3880  9830 W ProxyAndroidLoggerBackend: Too many Flogger logs received before configuration. Dropping old logs.
09-14 10:22:07.749  3880  7707 I System.out: (HTTPLog)-Static: isSBSettingEnabled false
09-14 10:22:07.749  3880  7707 I System.out: (HTTPLog)-Static: isSBSettingEnabled false
09-14 10:22:09.036  3880 10180 W ProxyAndroidLoggerBackend: Too many Flogger logs received before configuration. Dropping old logs.
09-14 10:22:09.037  3880 10180 I chatty  : uid=10291(com.vidure.app) identical 3 lines
09-14 10:22:09.037  3880 10180 W ProxyAndroidLoggerBackend: Too many Flogger logs received before configuration. Dropping old logs.
09-14 10:22:09.613  3880  7704 W Settings: Setting adb_enabled has moved from android.provider.Settings.Secure to android.provider.Settings.Global.
09-14 10:22:09.740  3880  7704 I System.out: (HTTPLog)-Static: isSBSettingEnabled false
09-14 10:22:09.756  3880  7704 I chatty  : uid=10291(com.vidure.app) identical 2 lines
09-14 10:22:09.756  3880  7704 I System.out: (HTTPLog)-Static: isSBSettingEnabled false
09-14 10:22:09.759  3880  8189 W System  : Ignoring header sessionid because its value was null.
09-14 10:22:09.760  3880  8189 I System.out: (HTTPLog)-Static: isSBSettingEnabled false
09-14 10:22:09.763  3880  7576 V [MYTAG][HeartbeatMgr][RemoteOptor]: ----
09-14 10:22:09.763  3880  7576 V [MYTAG][HeartbeatMgr][RemoteOptor]: [CMD]Basic_Msg_MailBox
09-14 10:22:09.763  3880  7576 V [MYTAG][HeartbeatMgr][RemoteOptor]: [PARAM]null
09-14 10:22:09.763  3880  7576 V [MYTAG][HeartbeatMgr][HttpTransportLayer]: [HTTP SEND GET]
09-14 10:22:09.763  3880  7576 V [MYTAG][HeartbeatMgr][HttpTransportLayer]: 	 url:http://192.168.0.1:80/app/getparamvalue?param=rec
09-14 10:22:09.764  3880  8189 I System.out: (HTTPLog)-Static: isSBSettingEnabled false
09-14 10:22:09.771  3880  7707 I System.out: (HTTPLog)-Static: isSBSettingEnabled false
09-14 10:22:09.771  3880  7707 I System.out: (HTTPLog)-Static: isSBSettingEnabled false
09-14 10:22:09.775  3880  7576 V [MYTAG][mail_tcp_socket][ViiSocketMailDataPhraser]: ------------mail---------------
09-14 10:22:09.775  3880  7576 V [MYTAG][mail_tcp_socket][ViiSocketMailDataPhraser]: {"msgid":"battery","info":{"capacity":88,"charge":0},"time":1757845329}
09-14 10:22:09.776  3880  7576 V [MYTAG][mail_tcp_socket][ViiSocketMailDataPhraser]: ------------mail---------------
09-14 10:22:09.776  3880  7576 V [MYTAG][mail_tcp_socket][ViiSocketMailDataPhraser]: {"msgid":"sd","info":{"status":0},"time":1757845329}
09-14 10:22:09.777  3880  7576 V [MYTAG][mail_tcp_socket][RemoteOptor]: ----
09-14 10:22:09.777  3880  7576 V [MYTAG][mail_tcp_socket][RemoteOptor]: [CMD]DEV_SDCARD_STATUS_QUERY
09-14 10:22:09.777  3880  7576 V [MYTAG][mail_tcp_socket][RemoteOptor]: [PARAM]null
09-14 10:22:09.781  3880  7576 V [MYTAG][main][Device]: 603 dev is connected:true
09-14 10:22:09.787  3880  8188 W System  : Ignoring header sessionid because its value was null.
09-14 10:22:09.788  3880  8188 I System.out: (HTTPLog)-Static: isSBSettingEnabled false
09-14 10:22:09.788  3880  7576 V [MYTAG][HeartbeatMgr][HttpTransportLayer]: [HTTP RSP]
09-14 10:22:09.788  3880  7576 V [MYTAG][HeartbeatMgr][HttpTransportLayer]: 	 errcode:0
09-14 10:22:09.788  3880  7576 V [MYTAG][HeartbeatMgr][HttpTransportLayer]: 	[content]{"result":0,"info":{"value":0}}
09-14 10:22:09.788  3880  7576 V [MYTAG][HeartbeatMgr][HttpTransportLayer]: -----------------------------------------
09-14 10:22:09.788  3880  8188 I System.out: (HTTPLog)-Static: isSBSettingEnabled false
09-14 10:22:09.788  3880  7576 V [MYTAG][mail_tcp_socket][HttpTransportLayer]: [HTTP SEND GET]
09-14 10:22:09.788  3880  7576 V [MYTAG][mail_tcp_socket][HttpTransportLayer]: 	 url:http://192.168.0.1:80/app/getsdinfo
09-14 10:22:09.813  3880  3880 W ProxyAndroidLoggerBackend: Too many Flogger logs received before configuration. Dropping old logs.
09-14 10:22:09.815  3880  3880 W ProxyAndroidLoggerBackend: Too many Flogger logs received before configuration. Dropping old logs.
09-14 10:22:09.816  3880  7576 V [MYTAG][mail_tcp_socket][HttpTransportLayer]: [HTTP RSP]
09-14 10:22:09.816  3880  7576 V [MYTAG][mail_tcp_socket][HttpTransportLayer]: 	 errcode:0
09-14 10:22:09.816  3880  7576 V [MYTAG][mail_tcp_socket][HttpTransportLayer]: 	[content]{"result":0,"info":{"status":0,"free":299,"total":1883}}
09-14 10:22:09.816  3880  7576 V [MYTAG][mail_tcp_socket][HttpTransportLayer]: -----------------------------------------
09-14 10:22:09.817  3880  3880 W ProxyAndroidLoggerBackend: Too many Flogger logs received before configuration. Dropping old logs.
09-14 10:22:09.820  3880  3880 I chatty  : uid=10291(com.vidure.app) identical 4 lines
09-14 10:22:09.821  3880  3880 W ProxyAndroidLoggerBackend: Too many Flogger logs received before configuration. Dropping old logs.
09-14 10:22:09.834  3880  7576 V [MYTAG][main][Device]: 603 dev is connected:true
09-14 10:22:09.835  3880  7576 V [MYTAG][main][CameraPreviewActivity]: rev msg1:264454
09-14 10:22:09.835  3880  7576 V [MYTAG][main][Device]: 603 dev is connected:true
09-14 10:22:09.835  3880  7576 V [MYTAG][main][CameraPreviewActivity]: rev msg1:589832
09-14 10:22:12.781  3880  7576 V [MYTAG][mail_tcp_socket][ViiSocketMailDataPhraser]: ------------mail---------------
09-14 10:22:12.781  3880  7576 V [MYTAG][mail_tcp_socket][ViiSocketMailDataPhraser]: {"msgid":"battery","info":{"capacity":88,"charge":0},"time":1757845332}
09-14 10:22:12.784  3880  8188 W System  : Ignoring header sessionid because its value was null.
09-14 10:22:12.784  3880  7576 V [MYTAG][mail_tcp_socket][ViiSocketMailDataPhraser]: ------------mail---------------
09-14 10:22:12.784  3880  7576 V [MYTAG][mail_tcp_socket][ViiSocketMailDataPhraser]: {"msgid":"sd","info":{"status":0},"time":1757845332}
09-14 10:22:12.784  3880  7576 V [MYTAG][mail_tcp_socket][RemoteOptor]: ----
09-14 10:22:12.784  3880  7576 V [MYTAG][mail_tcp_socket][RemoteOptor]: [CMD]DEV_SDCARD_STATUS_QUERY
09-14 10:22:12.784  3880  7576 V [MYTAG][mail_tcp_socket][RemoteOptor]: [PARAM]null
09-14 10:22:12.784  3880  8188 I System.out: (HTTPLog)-Static: isSBSettingEnabled false
09-14 10:22:12.784  3880  7576 V [MYTAG][mail_tcp_socket][HttpTransportLayer]: [HTTP SEND GET]
09-14 10:22:12.784  3880  7576 V [MYTAG][mail_tcp_socket][HttpTransportLayer]: 	 url:http://192.168.0.1:80/app/getsdinfo
09-14 10:22:12.784  3880  8188 I System.out: (HTTPLog)-Static: isSBSettingEnabled false
