--------- beginning of system
03-15 10:56:18.067 25734 30193 E ActivityThread: Failed to find provider info for com.vidure.app.helios.ipc.default
--------- beginning of crash
03-15 11:07:35.237 25734 32210 E AndroidRuntime: FATAL EXCEPTION: androidmapsapi-ula-1
03-15 11:07:35.237 25734 32210 E AndroidRuntime: Process: com.vidure.app, PID: 25734
03-15 11:07:35.237 25734 32210 E AndroidRuntime: DeadSystemException: The system died; earlier logs will point to the root cause
--------- beginning of main
03-15 11:17:37.488 19748 32347 V [MYTAG][mail_tcp_socket][ViiSocketMailDataPhraser]: ------------mail---------------
03-15 11:17:37.488 19748 32347 V [MYTAG][mail_tcp_socket][ViiSocketMailDataPhraser]: {"msgid":"battery","info":{"capacity":78,"charge":0},"time":1773573457}
03-15 11:17:37.491 19748 32593 W System  : Ignoring header sessionid because its value was null.
03-15 11:17:37.491 19748 32347 V [MYTAG][mail_tcp_socket][ViiSocketMailDataPhraser]: ------------mail---------------
03-15 11:17:37.491 19748 32347 V [MYTAG][mail_tcp_socket][ViiSocketMailDataPhraser]: {"msgid":"sd","info":{"status":0},"time":1773573457}
03-15 11:17:37.491 19748 32347 V [MYTAG][mail_tcp_socket][RemoteOptor]: ----
03-15 11:17:37.491 19748 32347 V [MYTAG][mail_tcp_socket][RemoteOptor]: [CMD]DEV_SDCARD_STATUS_QUERY
03-15 11:17:37.491 19748 32347 V [MYTAG][mail_tcp_socket][RemoteOptor]: [PARAM]null
03-15 11:17:37.492 19748 32347 V [MYTAG][mail_tcp_socket][HttpTransportLayer]: [HTTP SEND GET]
03-15 11:17:37.492 19748 32347 V [MYTAG][mail_tcp_socket][HttpTransportLayer]: 	 url:http://192.168.0.1:80/app/getsdinfo
03-15 11:17:37.492 19748 32593 I System.out: (HTTPLog)-Static: isSBSettingEnabled false
03-15 11:17:37.492 19748 32593 I System.out: (HTTPLog)-Static: isSBSettingEnabled false
03-15 11:17:37.495 19748 32347 V [MYTAG][main][Device]: 666 dev is connected:true
03-15 11:17:37.531 19748 32347 V [MYTAG][mail_tcp_socket][HttpTransportLayer]: [HTTP RSP]
03-15 11:17:37.531 19748 32347 V [MYTAG][mail_tcp_socket][HttpTransportLayer]: 	 errcode:0
03-15 11:17:37.531 19748 32347 V [MYTAG][mail_tcp_socket][HttpTransportLayer]: 	[content]{"result":0,"info":{"status":0,"free":258,"total":1883}}
03-15 11:17:37.531 19748 32347 V [MYTAG][mail_tcp_socket][HttpTransportLayer]: -----------------------------------------
03-15 11:17:37.547 19748  2747 W ProxyAndroidLoggerBackend: Too many Flogger logs received before configuration. Dropping old logs.
03-15 11:17:37.547 19748  2747 W ProxyAndroidLoggerBackend: Too many Flogger logs received before configuration. Dropping old logs.
03-15 11:17:37.548 19748  2776 W ProxyAndroidLoggerBackend: Too many Flogger logs received before configuration. Dropping old logs.
03-15 11:17:37.562 19748 19748 W ProxyAndroidLoggerBackend: Too many Flogger logs received before configuration. Dropping old logs.
03-15 11:17:37.572 19748 19748 I chatty  : uid=10291(com.vidure.app) identical 5 lines
03-15 11:17:37.572 19748 19748 W ProxyAndroidLoggerBackend: Too many Flogger logs received before configuration. Dropping old logs.
03-15 11:17:37.574 19748 19748 W ProxyAndroidLoggerBackend: Too many Flogger logs received before configuration. Dropping old logs.
03-15 11:17:37.587 19748 19748 W ProxyAndroidLoggerBackend: Too many Flogger logs received before configuration. Dropping old logs.
03-15 11:17:37.590 19748 32347 V [MYTAG][main][Device]: 666 dev is connected:true
03-15 11:17:37.593 19748 32347 V [MYTAG][main][CameraPreviewActivity]: rev msg1:264454
03-15 11:17:37.593 19748 32347 V [MYTAG][main][Device]: 666 dev is connected:true
03-15 11:17:37.593 19748 32347 V [MYTAG][main][CameraPreviewActivity]: rev msg1:589832
03-15 11:17:37.647 19748  2534 W ProxyAndroidLoggerBackend: Too many Flogger logs received before configuration. Dropping old logs.
03-15 11:17:37.647 19748  2534 I chatty  : uid=10291(com.vidure.app) identical 1 line
03-15 11:17:37.648 19748  2534 W ProxyAndroidLoggerBackend: Too many Flogger logs received before configuration. Dropping old logs.
03-15 11:17:38.640 19748 32594 W System  : Ignoring header sessionid because its value was null.
03-15 11:17:38.640 19748 32347 V [MYTAG][HeartbeatMgr][RemoteOptor]: ----
03-15 11:17:38.640 19748 32347 V [MYTAG][HeartbeatMgr][RemoteOptor]: [CMD]Basic_Msg_MailBox
03-15 11:17:38.640 19748 32347 V [MYTAG][HeartbeatMgr][RemoteOptor]: [PARAM]null
03-15 11:17:38.641 19748 32594 I System.out: (HTTPLog)-Static: isSBSettingEnabled false
03-15 11:17:38.641 19748 32594 I System.out: (HTTPLog)-Static: isSBSettingEnabled false
03-15 11:17:38.646 19748 32347 V [MYTAG][HeartbeatMgr][HttpTransportLayer]: [HTTP SEND GET]
03-15 11:17:38.646 19748 32347 V [MYTAG][HeartbeatMgr][HttpTransportLayer]: 	 url:http://192.168.0.1:80/app/getparamvalue?param=rec
03-15 11:17:38.674 19748 32347 V [MYTAG][HeartbeatMgr][HttpTransportLayer]: [HTTP RSP]
03-15 11:17:38.674 19748 32347 V [MYTAG][HeartbeatMgr][HttpTransportLayer]: 	 errcode:0
03-15 11:17:38.674 19748 32347 V [MYTAG][HeartbeatMgr][HttpTransportLayer]: 	[content]{"result":0,"info":{"value":0}}
03-15 11:17:38.674 19748 32347 V [MYTAG][HeartbeatMgr][HttpTransportLayer]: -----------------------------------------
03-15 11:17:40.501 19748 32347 V [MYTAG][mail_tcp_socket][ViiSocketMailDataPhraser]: ------------mail---------------
03-15 11:17:40.501 19748 32347 V [MYTAG][mail_tcp_socket][ViiSocketMailDataPhraser]: {"msgid":"battery","info":{"capacity":78,"charge":0},"time":1773573460}
03-15 11:17:40.503 19748 32347 V [MYTAG][mail_tcp_socket][ViiSocketMailDataPhraser]: ------------mail---------------
03-15 11:17:40.503 19748 32347 V [MYTAG][mail_tcp_socket][ViiSocketMailDataPhraser]: {"msgid":"sd","info":{"status":0},"time":1773573460}
03-15 11:17:40.503 19748 32593 W System  : Ignoring header sessionid because its value was null.
03-15 11:17:40.503 19748 32593 I System.out: (HTTPLog)-Static: isSBSettingEnabled false
03-15 11:17:40.503 19748 32347 V [MYTAG][mail_tcp_socket][RemoteOptor]: ----
03-15 11:17:40.503 19748 32347 V [MYTAG][mail_tcp_socket][RemoteOptor]: [CMD]DEV_SDCARD_STATUS_QUERY
03-15 11:17:40.503 19748 32347 V [MYTAG][mail_tcp_socket][RemoteOptor]: [PARAM]null
03-15 11:17:40.503 19748 32593 I System.out: (HTTPLog)-Static: isSBSettingEnabled false
03-15 11:17:40.504 19748 32347 V [MYTAG][mail_tcp_socket][HttpTransportLayer]: [HTTP SEND GET]
03-15 11:17:40.504 19748 32347 V [MYTAG][mail_tcp_socket][HttpTransportLayer]: 	 url:http://192.168.0.1:80/app/getsdinfo
03-15 11:17:40.507 19748 32347 V [MYTAG][main][Device]: 666 dev is connected:true
03-15 11:17:40.542 19748 32347 V [MYTAG][mail_tcp_socket][HttpTransportLayer]: [HTTP RSP]
03-15 11:17:40.542 19748 32347 V [MYTAG][mail_tcp_socket][HttpTransportLayer]: 	 errcode:0
03-15 11:17:40.542 19748 32347 V [MYTAG][mail_tcp_socket][HttpTransportLayer]: 	[content]{"result":0,"info":{"status":0,"free":258,"total":1883}}
03-15 11:17:40.542 19748 32347 V [MYTAG][mail_tcp_socket][HttpTransportLayer]: -----------------------------------------
03-15 11:17:40.583 19748 19748 W ProxyAndroidLoggerBackend: Too many Flogger logs received before configuration. Dropping old logs.
03-15 11:17:40.593 19748 19748 I chatty  : uid=10291(com.vidure.app) identical 6 lines
03-15 11:17:40.595 19748 19748 W ProxyAndroidLoggerBackend: Too many Flogger logs received before configuration. Dropping old logs.
03-15 11:17:40.602 19748 19748 W ProxyAndroidLoggerBackend: Too many Flogger logs received before configuration. Dropping old logs.
03-15 11:17:40.603 19748  2534 W ProxyAndroidLoggerBackend: Too many Flogger logs received before configuration. Dropping old logs.
03-15 11:17:40.611 19748 32347 V [MYTAG][main][Device]: 666 dev is connected:true
03-15 11:17:40.616 19748 32347 V [MYTAG][main][CameraPreviewActivity]: rev msg1:264454
03-15 11:17:40.616 19748 32347 V [MYTAG][main][Device]: 666 dev is connected:true
03-15 11:17:40.616 19748 32347 V [MYTAG][main][CameraPreviewActivity]: rev msg1:589832
03-15 11:17:42.640 19748 32594 W System  : Ignoring header sessionid because its value was null.
03-15 11:17:42.640 19748 32347 V [MYTAG][HeartbeatMgr][RemoteOptor]: ----
03-15 11:17:42.640 19748 32347 V [MYTAG][HeartbeatMgr][RemoteOptor]: [CMD]Basic_Msg_MailBox
03-15 11:17:42.640 19748 32347 V [MYTAG][HeartbeatMgr][RemoteOptor]: [PARAM]null
03-15 11:17:42.640 19748 32594 I System.out: (HTTPLog)-Static: isSBSettingEnabled false
03-15 11:17:42.640 19748 32347 V [MYTAG][HeartbeatMgr][HttpTransportLayer]: [HTTP SEND GET]
03-15 11:17:42.640 19748 32347 V [MYTAG][HeartbeatMgr][HttpTransportLayer]: 	 url:http://192.168.0.1:80/app/getparamvalue?param=rec
03-15 11:17:42.641 19748 32594 I System.out: (HTTPLog)-Static: isSBSettingEnabled false
03-15 11:17:42.663 19748 32347 V [MYTAG][HeartbeatMgr][HttpTransportLayer]: [HTTP RSP]
03-15 11:17:42.663 19748 32347 V [MYTAG][HeartbeatMgr][HttpTransportLayer]: 	 errcode:0
03-15 11:17:42.663 19748 32347 V [MYTAG][HeartbeatMgr][HttpTransportLayer]: 	[content]{"result":0,"info":{"value":0}}
03-15 11:17:42.663 19748 32347 V [MYTAG][HeartbeatMgr][HttpTransportLayer]: -----------------------------------------
03-15 11:17:43.509 19748 32347 V [MYTAG][mail_tcp_socket][ViiSocketMailDataPhraser]: ------------mail---------------
03-15 11:17:43.509 19748 32347 V [MYTAG][mail_tcp_socket][ViiSocketMailDataPhraser]: {"msgid":"battery","info":{"capacity":78,"charge":0},"time":1773573463}
03-15 11:17:43.513 19748 32347 V [MYTAG][mail_tcp_socket][ViiSocketMailDataPhraser]: ------------mail---------------
03-15 11:17:43.513 19748 32347 V [MYTAG][mail_tcp_socket][ViiSocketMailDataPhraser]: {"msgid":"sd","info":{"status":0},"time":1773573463}
03-15 11:17:43.513 19748 32593 W System  : Ignoring header sessionid because its value was null.
03-15 11:17:43.513 19748 32347 V [MYTAG][mail_tcp_socket][RemoteOptor]: ----
03-15 11:17:43.513 19748 32347 V [MYTAG][mail_tcp_socket][RemoteOptor]: [CMD]DEV_SDCARD_STATUS_QUERY
03-15 11:17:43.513 19748 32347 V [MYTAG][mail_tcp_socket][RemoteOptor]: [PARAM]null
03-15 11:17:43.514 19748 32593 I System.out: (HTTPLog)-Static: isSBSettingEnabled false
03-15 11:17:43.514 19748 32593 I System.out: (HTTPLog)-Static: isSBSettingEnabled false
03-15 11:17:43.514 19748 32347 V [MYTAG][mail_tcp_socket][HttpTransportLayer]: [HTTP SEND GET]
03-15 11:17:43.514 19748 32347 V [MYTAG][mail_tcp_socket][HttpTransportLayer]: 	 url:http://192.168.0.1:80/app/getsdinfo
03-15 11:17:43.514 19748 32347 V [MYTAG][main][Device]: 666 dev is connected:true
03-15 11:17:43.558 19748 32347 V [MYTAG][mail_tcp_socket][HttpTransportLayer]: [HTTP RSP]
03-15 11:17:43.558 19748 32347 V [MYTAG][mail_tcp_socket][HttpTransportLayer]: 	 errcode:0
03-15 11:17:43.558 19748 32347 V [MYTAG][mail_tcp_socket][HttpTransportLayer]: 	[content]{"result":0,"info":{"status":0,"free":258,"total":1883}}
03-15 11:17:43.558 19748 32347 V [MYTAG][mail_tcp_socket][HttpTransportLayer]: -----------------------------------------
03-15 11:17:43.584 19748 19748 W ProxyAndroidLoggerBackend: Too many Flogger logs received before configuration. Dropping old logs.
03-15 11:17:43.597 19748 19748 I chatty  : uid=10291(com.vidure.app) identical 6 lines
03-15 11:17:43.600 19748 19748 W ProxyAndroidLoggerBackend: Too many Flogger logs received before configuration. Dropping old logs.
03-15 11:17:43.604 19748  2747 W ProxyAndroidLoggerBackend: Too many Flogger logs received before configuration. Dropping old logs.
03-15 11:17:43.610 19748 19748 W ProxyAndroidLoggerBackend: Too many Flogger logs received before configuration. Dropping old logs.
03-15 11:17:43.615 19748 32347 V [MYTAG][main][Device]: 666 dev is connected:true
03-15 11:17:43.616 19748 32347 V [MYTAG][main][CameraPreviewActivity]: rev msg1:264454
03-15 11:17:43.617 19748 32347 V [MYTAG][main][Device]: 666 dev is connected:true
03-15 11:17:43.617 19748 32347 V [MYTAG][main][CameraPreviewActivity]: rev msg1:589832
03-15 11:17:43.638 19748  2534 W ProxyAndroidLoggerBackend: Too many Flogger logs received before configuration. Dropping old logs.
03-15 11:17:43.638 19748  2534 I chatty  : uid=10291(com.vidure.app) identical 1 line
03-15 11:17:43.638 19748  2534 W ProxyAndroidLoggerBackend: Too many Flogger logs received before configuration. Dropping old logs.
03-15 11:17:46.516 19748 32347 V [MYTAG][mail_tcp_socket][ViiSocketMailDataPhraser]: ------------mail---------------
03-15 11:17:46.516 19748 32347 V [MYTAG][mail_tcp_socket][ViiSocketMailDataPhraser]: {"msgid":"battery","info":{"capacity":78,"charge":0},"time":1773573466}
03-15 11:17:46.519 19748 32593 W System  : Ignoring header sessionid because its value was null.
03-15 11:17:46.519 19748 32593 I System.out: (HTTPLog)-Static: isSBSettingEnabled false
03-15 11:17:46.520 19748 32593 I System.out: (HTTPLog)-Static: isSBSettingEnabled false
03-15 11:17:46.521 19748 32347 V [MYTAG][mail_tcp_socket][ViiSocketMailDataPhraser]: ------------mail---------------
03-15 11:17:46.521 19748 32347 V [MYTAG][mail_tcp_socket][ViiSocketMailDataPhraser]: {"msgid":"sd","info":{"status":0},"time":1773573466}
03-15 11:17:46.521 19748 32347 V [MYTAG][mail_tcp_socket][RemoteOptor]: ----
03-15 11:17:46.521 19748 32347 V [MYTAG][mail_tcp_socket][RemoteOptor]: [CMD]DEV_SDCARD_STATUS_QUERY
03-15 11:17:46.521 19748 32347 V [MYTAG][mail_tcp_socket][RemoteOptor]: [PARAM]null
03-15 11:17:46.521 19748 32347 V [MYTAG][mail_tcp_socket][HttpTransportLayer]: [HTTP SEND GET]
03-15 11:17:46.521 19748 32347 V [MYTAG][mail_tcp_socket][HttpTransportLayer]: 	 url:http://192.168.0.1:80/app/getsdinfo
03-15 11:17:46.525 19748 32347 V [MYTAG][main][Device]: 666 dev is connected:true
03-15 11:17:46.579 19748 32347 V [MYTAG][mail_tcp_socket][HttpTransportLayer]: [HTTP RSP]
03-15 11:17:46.579 19748 32347 V [MYTAG][mail_tcp_socket][HttpTransportLayer]: 	 errcode:0
03-15 11:17:46.579 19748 32347 V [MYTAG][mail_tcp_socket][HttpTransportLayer]: 	[content]{"result":0,"info":{"status":0,"free":258,"total":1883}}
03-15 11:17:46.579 19748 32347 V [MYTAG][mail_tcp_socket][HttpTransportLayer]: -----------------------------------------
03-15 11:17:46.582 19748 19748 W ProxyAndroidLoggerBackend: Too many Flogger logs received before configuration. Dropping old logs.
03-15 11:17:46.594 19748 19748 I chatty  : uid=10291(com.vidure.app) identical 7 lines
03-15 11:17:46.599 19748 19748 W ProxyAndroidLoggerBackend: Too many Flogger logs received before configuration. Dropping old logs.
03-15 11:17:46.602 19748 32347 V [MYTAG][main][Device]: 666 dev is connected:true
03-15 11:17:46.602 19748 32347 V [MYTAG][main][CameraPreviewActivity]: rev msg1:264454
03-15 11:17:46.603 19748 32347 V [MYTAG][main][Device]: 666 dev is connected:true
03-15 11:17:46.603 19748 32347 V [MYTAG][main][CameraPreviewActivity]: rev msg1:589832
03-15 11:17:46.639 19748 32594 W System  : Ignoring header sessionid because its value was null.
03-15 11:17:46.640 19748 32594 I System.out: (HTTPLog)-Static: isSBSettingEnabled false
03-15 11:17:46.640 19748 32594 I System.out: (HTTPLog)-Static: isSBSettingEnabled false
03-15 11:17:46.641 19748 32347 V [MYTAG][HeartbeatMgr][RemoteOptor]: ----
03-15 11:17:46.641 19748 32347 V [MYTAG][HeartbeatMgr][RemoteOptor]: [CMD]Basic_Msg_MailBox
03-15 11:17:46.641 19748 32347 V [MYTAG][HeartbeatMgr][RemoteOptor]: [PARAM]null
03-15 11:17:46.642 19748 32347 V [MYTAG][HeartbeatMgr][HttpTransportLayer]: [HTTP SEND GET]
03-15 11:17:46.642 19748 32347 V [MYTAG][HeartbeatMgr][HttpTransportLayer]: 	 url:http://192.168.0.1:80/app/getparamvalue?param=rec
03-15 11:17:46.678 19748 32347 V [MYTAG][HeartbeatMgr][HttpTransportLayer]: [HTTP RSP]
03-15 11:17:46.678 19748 32347 V [MYTAG][HeartbeatMgr][HttpTransportLayer]: 	 errcode:0
03-15 11:17:46.678 19748 32347 V [MYTAG][HeartbeatMgr][HttpTransportLayer]: 	[content]{"result":0,"info":{"value":0}}
03-15 11:17:46.678 19748 32347 V [MYTAG][HeartbeatMgr][HttpTransportLayer]: -----------------------------------------
03-15 11:17:49.527 19748 32347 V [MYTAG][mail_tcp_socket][ViiSocketMailDataPhraser]: ------------mail---------------
03-15 11:17:49.527 19748 32347 V [MYTAG][mail_tcp_socket][ViiSocketMailDataPhraser]: {"msgid":"battery","info":{"capacity":78,"charge":0},"time":1773573470}
03-15 11:17:49.530 19748 32593 W System  : Ignoring header sessionid because its value was null.
03-15 11:17:49.531 19748 32593 I System.out: (HTTPLog)-Static: isSBSettingEnabled false
03-15 11:17:49.531 19748 32593 I System.out: (HTTPLog)-Static: isSBSettingEnabled false
03-15 11:17:49.531 19748 32347 V [MYTAG][mail_tcp_socket][ViiSocketMailDataPhraser]: ------------mail---------------
03-15 11:17:49.531 19748 32347 V [MYTAG][mail_tcp_socket][ViiSocketMailDataPhraser]: {"msgid":"sd","info":{"status":0},"time":1773573470}
03-15 11:17:49.531 19748 32347 V [MYTAG][mail_tcp_socket][RemoteOptor]: ----
03-15 11:17:49.531 19748 32347 V [MYTAG][mail_tcp_socket][RemoteOptor]: [CMD]DEV_SDCARD_STATUS_QUERY
03-15 11:17:49.531 19748 32347 V [MYTAG][mail_tcp_socket][RemoteOptor]: [PARAM]null
03-15 11:17:49.531 19748 32347 V [MYTAG][mail_tcp_socket][HttpTransportLayer]: [HTTP SEND GET]
03-15 11:17:49.531 19748 32347 V [MYTAG][mail_tcp_socket][HttpTransportLayer]: 	 url:http://192.168.0.1:80/app/getsdinfo
03-15 11:17:49.533 19748 32347 V [MYTAG][main][Device]: 666 dev is connected:true
03-15 11:17:49.578 19748 32347 V [MYTAG][mail_tcp_socket][HttpTransportLayer]: [HTTP RSP]
03-15 11:17:49.578 19748 32347 V [MYTAG][mail_tcp_socket][HttpTransportLayer]: 	 errcode:0
03-15 11:17:49.578 19748 32347 V [MYTAG][mail_tcp_socket][HttpTransportLayer]: 	[content]{"result":0,"info":{"status":0,"free":258,"total":1883}}
03-15 11:17:49.578 19748 32347 V [MYTAG][mail_tcp_socket][HttpTransportLayer]: -----------------------------------------
03-15 11:17:49.605 19748 19748 W ProxyAndroidLoggerBackend: Too many Flogger logs received before configuration. Dropping old logs.
03-15 11:17:49.614 19748 19748 I chatty  : uid=10291(com.vidure.app) identical 7 lines
03-15 11:17:49.620 19748 19748 W ProxyAndroidLoggerBackend: Too many Flogger logs received before configuration. Dropping old logs.
03-15 11:17:49.625 19748 32347 V [MYTAG][main][Device]: 666 dev is connected:true
03-15 11:17:49.625 19748 32347 V [MYTAG][main][CameraPreviewActivity]: rev msg1:264454
03-15 11:17:49.625 19748 32347 V [MYTAG][main][Device]: 666 dev is connected:true
03-15 11:17:49.625 19748 32347 V [MYTAG][main][CameraPreviewActivity]: rev msg1:589832
03-15 11:17:50.641 19748 32594 W System  : Ignoring header sessionid because its value was null.
03-15 11:17:50.641 19748 32347 V [MYTAG][HeartbeatMgr][RemoteOptor]: ----
03-15 11:17:50.641 19748 32347 V [MYTAG][HeartbeatMgr][RemoteOptor]: [CMD]Basic_Msg_MailBox
03-15 11:17:50.641 19748 32347 V [MYTAG][HeartbeatMgr][RemoteOptor]: [PARAM]null
03-15 11:17:50.641 19748 32594 I System.out: (HTTPLog)-Static: isSBSettingEnabled false
03-15 11:17:50.641 19748 32347 V [MYTAG][HeartbeatMgr][HttpTransportLayer]: [HTTP SEND GET]
03-15 11:17:50.641 19748 32347 V [MYTAG][HeartbeatMgr][HttpTransportLayer]: 	 url:http://192.168.0.1:80/app/getparamvalue?param=rec
03-15 11:17:50.641 19748 32594 I System.out: (HTTPLog)-Static: isSBSettingEnabled false
03-15 11:17:50.677 19748 32347 V [MYTAG][HeartbeatMgr][HttpTransportLayer]: [HTTP RSP]
03-15 11:17:50.677 19748 32347 V [MYTAG][HeartbeatMgr][HttpTransportLayer]: 	 errcode:0
03-15 11:17:50.677 19748 32347 V [MYTAG][HeartbeatMgr][HttpTransportLayer]: 	[content]{"result":0,"info":{"value":0}}
03-15 11:17:50.677 19748 32347 V [MYTAG][HeartbeatMgr][HttpTransportLayer]: -----------------------------------------
03-15 11:17:52.538 19748 32347 V [MYTAG][mail_tcp_socket][ViiSocketMailDataPhraser]: ------------mail---------------
03-15 11:17:52.538 19748 32347 V [MYTAG][mail_tcp_socket][ViiSocketMailDataPhraser]: {"msgid":"battery","info":{"capacity":78,"charge":0},"time":1773573473}
03-15 11:17:52.542 19748 32347 V [MYTAG][main][Device]: 666 dev is connected:true
03-15 11:17:52.544 19748 32347 V [MYTAG][mail_tcp_socket][ViiSocketMailDataPhraser]: ------------mail---------------
03-15 11:17:52.544 19748 32347 V [MYTAG][mail_tcp_socket][ViiSocketMailDataPhraser]: {"msgid":"sd","info":{"status":0},"time":1773573473}
03-15 11:17:52.545 19748 32347 V [MYTAG][mail_tcp_socket][RemoteOptor]: ----
03-15 11:17:52.545 19748 32347 V [MYTAG][mail_tcp_socket][RemoteOptor]: [CMD]DEV_SDCARD_STATUS_QUERY
03-15 11:17:52.545 19748 32347 V [MYTAG][mail_tcp_socket][RemoteOptor]: [PARAM]null
03-15 11:17:52.545 19748 32593 W System  : Ignoring header sessionid because its value was null.
03-15 11:17:52.545 19748 32347 V [MYTAG][mail_tcp_socket][HttpTransportLayer]: [HTTP SEND GET]
03-15 11:17:52.545 19748 32347 V [MYTAG][mail_tcp_socket][HttpTransportLayer]: 	 url:http://192.168.0.1:80/app/getsdinfo
03-15 11:17:52.545 19748 32593 I System.out: (HTTPLog)-Static: isSBSettingEnabled false
03-15 11:17:52.545 19748 32593 I System.out: (HTTPLog)-Static: isSBSettingEnabled false
03-15 11:17:52.572 19748 19748 W ProxyAndroidLoggerBackend: Too many Flogger logs received before configuration. Dropping old logs.
03-15 11:17:52.580 19748 19748 I chatty  : uid=10291(com.vidure.app) identical 6 lines
03-15 11:17:52.582 19748 19748 W ProxyAndroidLoggerBackend: Too many Flogger logs received before configuration. Dropping old logs.
03-15 11:17:52.583 19748 32347 V [MYTAG][mail_tcp_socket][HttpTransportLayer]: [HTTP RSP]
03-15 11:17:52.583 19748 32347 V [MYTAG][mail_tcp_socket][HttpTransportLayer]: 	 errcode:0
03-15 11:17:52.583 19748 32347 V [MYTAG][mail_tcp_socket][HttpTransportLayer]: 	[content]{"result":0,"info":{"status":0,"free":258,"total":1883}}
03-15 11:17:52.583 19748 32347 V [MYTAG][mail_tcp_socket][HttpTransportLayer]: -----------------------------------------
03-15 11:17:52.592 19748 19748 W ProxyAndroidLoggerBackend: Too many Flogger logs received before configuration. Dropping old logs.
03-15 11:17:52.592 19748  2534 W ProxyAndroidLoggerBackend: Too many Flogger logs received before configuration. Dropping old logs.
03-15 11:17:52.593 19748  2534 I chatty  : uid=10291(com.vidure.app) identical 1 line
03-15 11:17:52.593 19748  2534 W ProxyAndroidLoggerBackend: Too many Flogger logs received before configuration. Dropping old logs.
03-15 11:17:52.596 19748 32347 V [MYTAG][main][Device]: 666 dev is connected:true
03-15 11:17:52.598 19748 32347 V [MYTAG][main][CameraPreviewActivity]: rev msg1:264454
03-15 11:17:52.598 19748 32347 V [MYTAG][main][Device]: 666 dev is connected:true
03-15 11:17:52.598 19748 32347 V [MYTAG][main][CameraPreviewActivity]: rev msg1:589832
03-15 11:17:53.118 19748 32299 I com.vidure.app: Background young concurrent copying GC freed 119981(17MB) AllocSpace objects, 40(2368KB) LOS objects, 19% free, 80MB/100MB, paused 858us total 125.655ms
03-15 11:17:54.640 19748 32594 W System  : Ignoring header sessionid because its value was null.
03-15 11:17:54.641 19748 32347 V [MYTAG][HeartbeatMgr][RemoteOptor]: ----
03-15 11:17:54.641 19748 32347 V [MYTAG][HeartbeatMgr][RemoteOptor]: [CMD]Basic_Msg_MailBox
03-15 11:17:54.641 19748 32347 V [MYTAG][HeartbeatMgr][RemoteOptor]: [PARAM]null
03-15 11:17:54.641 19748 32347 V [MYTAG][HeartbeatMgr][HttpTransportLayer]: [HTTP SEND GET]
03-15 11:17:54.641 19748 32347 V [MYTAG][HeartbeatMgr][HttpTransportLayer]: 	 url:http://192.168.0.1:80/app/getparamvalue?param=rec
03-15 11:17:54.641 19748 32594 I System.out: (HTTPLog)-Static: isSBSettingEnabled false
03-15 11:17:54.641 19748 32594 I System.out: (HTTPLog)-Static: isSBSettingEnabled false
03-15 11:17:54.679 19748 32347 V [MYTAG][HeartbeatMgr][HttpTransportLayer]: [HTTP RSP]
03-15 11:17:54.679 19748 32347 V [MYTAG][HeartbeatMgr][HttpTransportLayer]: 	 errcode:0
03-15 11:17:54.679 19748 32347 V [MYTAG][HeartbeatMgr][HttpTransportLayer]: 	[content]{"result":0,"info":{"value":0}}
03-15 11:17:54.679 19748 32347 V [MYTAG][HeartbeatMgr][HttpTransportLayer]: -----------------------------------------
03-15 11:17:55.548 19748 32347 V [MYTAG][mail_tcp_socket][ViiSocketMailDataPhraser]: ------------mail---------------
03-15 11:17:55.548 19748 32347 V [MYTAG][mail_tcp_socket][ViiSocketMailDataPhraser]: {"msgid":"battery","info":{"capacity":78,"charge":0},"time":1773573476}
03-15 11:17:55.551 19748 32593 W System  : Ignoring header sessionid because its value was null.
03-15 11:17:55.551 19748 32347 V [MYTAG][mail_tcp_socket][ViiSocketMailDataPhraser]: ------------mail---------------
03-15 11:17:55.551 19748 32347 V [MYTAG][mail_tcp_socket][ViiSocketMailDataPhraser]: {"msgid":"sd","info":{"status":0},"time":1773573476}
03-15 11:17:55.552 19748 32593 I System.out: (HTTPLog)-Static: isSBSettingEnabled false
03-15 11:17:55.552 19748 32593 I System.out: (HTTPLog)-Static: isSBSettingEnabled false
03-15 11:17:55.552 19748 32347 V [MYTAG][mail_tcp_socket][RemoteOptor]: ----
03-15 11:17:55.552 19748 32347 V [MYTAG][mail_tcp_socket][RemoteOptor]: [CMD]DEV_SDCARD_STATUS_QUERY
03-15 11:17:55.552 19748 32347 V [MYTAG][mail_tcp_socket][RemoteOptor]: [PARAM]null
03-15 11:17:55.553 19748 32347 V [MYTAG][mail_tcp_socket][HttpTransportLayer]: [HTTP SEND GET]
03-15 11:17:55.553 19748 32347 V [MYTAG][mail_tcp_socket][HttpTransportLayer]: 	 url:http://192.168.0.1:80/app/getsdinfo
03-15 11:17:55.555 19748 32347 V [MYTAG][main][Device]: 666 dev is connected:true
03-15 11:17:55.595 19748 32347 V [MYTAG][mail_tcp_socket][HttpTransportLayer]: [HTTP RSP]
03-15 11:17:55.595 19748 32347 V [MYTAG][mail_tcp_socket][HttpTransportLayer]: 	 errcode:0
03-15 11:17:55.595 19748 32347 V [MYTAG][mail_tcp_socket][HttpTransportLayer]: 	[content]{"result":0,"info":{"status":0,"free":258,"total":1883}}
03-15 11:17:55.595 19748 32347 V [MYTAG][mail_tcp_socket][HttpTransportLayer]: -----------------------------------------
03-15 11:17:55.626 19748 19748 W ProxyAndroidLoggerBackend: Too many Flogger logs received before configuration. Dropping old logs.
03-15 11:17:55.634 19748 19748 I chatty  : uid=10291(com.vidure.app) identical 7 lines
03-15 11:17:55.645 19748 19748 W ProxyAndroidLoggerBackend: Too many Flogger logs received before configuration. Dropping old logs.
03-15 11:17:55.648 19748 32347 V [MYTAG][main][Device]: 666 dev is connected:true
03-15 11:17:55.650 19748 32347 V [MYTAG][main][CameraPreviewActivity]: rev msg1:264454
03-15 11:17:55.650 19748 32347 V [MYTAG][main][Device]: 666 dev is connected:true
03-15 11:17:55.651 19748 32347 V [MYTAG][main][CameraPreviewActivity]: rev msg1:589832
03-15 11:17:58.557 19748 32347 V [MYTAG][mail_tcp_socket][ViiSocketMailDataPhraser]: ------------mail---------------
03-15 11:17:58.557 19748 32347 V [MYTAG][mail_tcp_socket][ViiSocketMailDataPhraser]: {"msgid":"battery","info":{"capacity":78,"charge":0},"time":1773573479}
03-15 11:17:58.567 19748 32347 V [MYTAG][main][Device]: 666 dev is connected:true
03-15 11:17:58.570 19748 32593 W System  : Ignoring header sessionid because its value was null.
03-15 11:17:58.571 19748 32347 V [MYTAG][mail_tcp_socket][ViiSocketMailDataPhraser]: ------------mail---------------
03-15 11:17:58.571 19748 32347 V [MYTAG][mail_tcp_socket][ViiSocketMailDataPhraser]: {"msgid":"sd","info":{"status":0},"time":1773573479}
03-15 11:17:58.572 19748 32347 V [MYTAG][mail_tcp_socket][RemoteOptor]: ----
03-15 11:17:58.572 19748 32347 V [MYTAG][mail_tcp_socket][RemoteOptor]: [CMD]DEV_SDCARD_STATUS_QUERY
03-15 11:17:58.572 19748 32347 V [MYTAG][mail_tcp_socket][RemoteOptor]: [PARAM]null
03-15 11:17:58.572 19748 32347 V [MYTAG][mail_tcp_socket][HttpTransportLayer]: [HTTP SEND GET]
03-15 11:17:58.572 19748 32347 V [MYTAG][mail_tcp_socket][HttpTransportLayer]: 	 url:http://192.168.0.1:80/app/getsdinfo
03-15 11:17:58.572 19748 32593 I System.out: (HTTPLog)-Static: isSBSettingEnabled false
03-15 11:17:58.572 19748 32593 I System.out: (HTTPLog)-Static: isSBSettingEnabled false
03-15 11:17:58.616 19748 32347 V [MYTAG][mail_tcp_socket][HttpTransportLayer]: [HTTP RSP]
03-15 11:17:58.616 19748 32347 V [MYTAG][mail_tcp_socket][HttpTransportLayer]: 	 errcode:0
03-15 11:17:58.616 19748 32347 V [MYTAG][mail_tcp_socket][HttpTransportLayer]: 	[content]{"result":0,"info":{"status":0,"free":258,"total":1883}}
03-15 11:17:58.616 19748 32347 V [MYTAG][mail_tcp_socket][HttpTransportLayer]: -----------------------------------------
03-15 11:17:58.640 19748 32594 W System  : Ignoring header sessionid because its value was null.
03-15 11:17:58.641 19748 32594 I System.out: (HTTPLog)-Static: isSBSettingEnabled false
03-15 11:17:58.641 19748 32594 I System.out: (HTTPLog)-Static: isSBSettingEnabled false
03-15 11:17:58.641 19748 32347 V [MYTAG][HeartbeatMgr][RemoteOptor]: ----
03-15 11:17:58.641 19748 32347 V [MYTAG][HeartbeatMgr][RemoteOptor]: [CMD]Basic_Msg_MailBox
03-15 11:17:58.641 19748 32347 V [MYTAG][HeartbeatMgr][RemoteOptor]: [PARAM]null
03-15 11:17:58.641 19748 32347 V [MYTAG][HeartbeatMgr][HttpTransportLayer]: [HTTP SEND GET]
03-15 11:17:58.641 19748 32347 V [MYTAG][HeartbeatMgr][HttpTransportLayer]: 	 url:http://192.168.0.1:80/app/getparamvalue?param=rec
03-15 11:17:58.642 19748 19748 W ProxyAndroidLoggerBackend: Too many Flogger logs received before configuration. Dropping old logs.
03-15 11:17:58.650 19748 19748 I chatty  : uid=10291(com.vidure.app) identical 7 lines
03-15 11:17:58.655 19748 19748 W ProxyAndroidLoggerBackend: Too many Flogger logs received before configuration. Dropping old logs.
03-15 11:17:58.660 19748 32347 V [MYTAG][main][Device]: 666 dev is connected:true
03-15 11:17:58.662 19748 32347 V [MYTAG][main][CameraPreviewActivity]: rev msg1:264454
03-15 11:17:58.662 19748 32347 V [MYTAG][main][Device]: 666 dev is connected:true
03-15 11:17:58.663 19748 32347 V [MYTAG][main][CameraPreviewActivity]: rev msg1:589832
03-15 11:17:58.670 19748 32347 V [MYTAG][HeartbeatMgr][HttpTransportLayer]: [HTTP RSP]
03-15 11:17:58.670 19748 32347 V [MYTAG][HeartbeatMgr][HttpTransportLayer]: 	 errcode:0
03-15 11:17:58.670 19748 32347 V [MYTAG][HeartbeatMgr][HttpTransportLayer]: 	[content]{"result":0,"info":{"value":0}}
03-15 11:17:58.670 19748 32347 V [MYTAG][HeartbeatMgr][HttpTransportLayer]: -----------------------------------------
03-15 11:18:01.567 19748 32347 V [MYTAG][mail_tcp_socket][ViiSocketMailDataPhraser]: ------------mail---------------
03-15 11:18:01.567 19748 32347 V [MYTAG][mail_tcp_socket][ViiSocketMailDataPhraser]: {"msgid":"battery","info":{"capacity":78,"charge":0},"time":1773573482}
03-15 11:18:01.569 19748 32347 V [MYTAG][mail_tcp_socket][ViiSocketMailDataPhraser]: ------------mail---------------
03-15 11:18:01.569 19748 32347 V [MYTAG][mail_tcp_socket][ViiSocketMailDataPhraser]: {"msgid":"sd","info":{"status":0},"time":1773573482}
03-15 11:18:01.570 19748 32593 W System  : Ignoring header sessionid because its value was null.
03-15 11:18:01.570 19748 32347 V [MYTAG][mail_tcp_socket][RemoteOptor]: ----
03-15 11:18:01.570 19748 32347 V [MYTAG][mail_tcp_socket][RemoteOptor]: [CMD]DEV_SDCARD_STATUS_QUERY
03-15 11:18:01.570 19748 32347 V [MYTAG][mail_tcp_socket][RemoteOptor]: [PARAM]null
03-15 11:18:01.570 19748 32593 I System.out: (HTTPLog)-Static: isSBSettingEnabled false
03-15 11:18:01.570 19748 32347 V [MYTAG][mail_tcp_socket][HttpTransportLayer]: [HTTP SEND GET]
03-15 11:18:01.570 19748 32347 V [MYTAG][mail_tcp_socket][HttpTransportLayer]: 	 url:http://192.168.0.1:80/app/getsdinfo
03-15 11:18:01.570 19748 32593 I System.out: (HTTPLog)-Static: isSBSettingEnabled false
03-15 11:18:01.573 19748 32347 V [MYTAG][main][Device]: 666 dev is connected:true
03-15 11:18:01.606 19748 19748 W ProxyAndroidLoggerBackend: Too many Flogger logs received before configuration. Dropping old logs.
03-15 11:18:01.608 19748 19748 W ProxyAndroidLoggerBackend: Too many Flogger logs received before configuration. Dropping old logs.
03-15 11:18:01.609 19748 32347 V [MYTAG][mail_tcp_socket][HttpTransportLayer]: [HTTP RSP]
03-15 11:18:01.609 19748 32347 V [MYTAG][mail_tcp_socket][HttpTransportLayer]: 	 errcode:0
03-15 11:18:01.609 19748 32347 V [MYTAG][mail_tcp_socket][HttpTransportLayer]: 	[content]{"result":0,"info":{"status":0,"free":258,"total":1883}}
03-15 11:18:01.609 19748 32347 V [MYTAG][mail_tcp_socket][HttpTransportLayer]: -----------------------------------------
03-15 11:18:01.610 19748 19748 W ProxyAndroidLoggerBackend: Too many Flogger logs received before configuration. Dropping old logs.
03-15 11:18:01.614 19748 19748 I chatty  : uid=10291(com.vidure.app) identical 5 lines
03-15 11:18:01.623 19748 19748 W ProxyAndroidLoggerBackend: Too many Flogger logs received before configuration. Dropping old logs.
03-15 11:18:01.626 19748 32347 V [MYTAG][main][Device]: 666 dev is connected:true
03-15 11:18:01.627 19748 32347 V [MYTAG][main][CameraPreviewActivity]: rev msg1:264454
03-15 11:18:01.627 19748 32347 V [MYTAG][main][Device]: 666 dev is connected:true
03-15 11:18:01.627 19748 32347 V [MYTAG][main][CameraPreviewActivity]: rev msg1:589832
03-15 11:18:02.641 19748 32594 W System  : Ignoring header sessionid because its value was null.
03-15 11:18:02.641 19748 32347 V [MYTAG][HeartbeatMgr][RemoteOptor]: ----
03-15 11:18:02.641 19748 32347 V [MYTAG][HeartbeatMgr][RemoteOptor]: [CMD]Basic_Msg_MailBox
03-15 11:18:02.641 19748 32347 V [MYTAG][HeartbeatMgr][RemoteOptor]: [PARAM]null
03-15 11:18:02.642 19748 32594 I System.out: (HTTPLog)-Static: isSBSettingEnabled false
03-15 11:18:02.642 19748 32594 I System.out: (HTTPLog)-Static: isSBSettingEnabled false
03-15 11:18:02.642 19748 32347 V [MYTAG][HeartbeatMgr][HttpTransportLayer]: [HTTP SEND GET]
03-15 11:18:02.642 19748 32347 V [MYTAG][HeartbeatMgr][HttpTransportLayer]: 	 url:http://192.168.0.1:80/app/getparamvalue?param=rec
03-15 11:18:02.669 19748 32347 V [MYTAG][HeartbeatMgr][HttpTransportLayer]: [HTTP RSP]
03-15 11:18:02.669 19748 32347 V [MYTAG][HeartbeatMgr][HttpTransportLayer]: 	 errcode:0
03-15 11:18:02.669 19748 32347 V [MYTAG][HeartbeatMgr][HttpTransportLayer]: 	[content]{"result":0,"info":{"value":0}}
03-15 11:18:02.669 19748 32347 V [MYTAG][HeartbeatMgr][HttpTransportLayer]: -----------------------------------------
03-15 11:18:03.242 19748 32461 I System.out: (HTTPLog)-Static: isSBSettingEnabled false
03-15 11:18:03.242 19748 32461 I System.out: (HTTPLog)-Static: isSBSettingEnabled false
03-15 11:18:03.259 19748 32462 W Settings: Setting adb_enabled has moved from android.provider.Settings.Secure to android.provider.Settings.Global.
03-15 11:18:03.401 19748 32462 I System.out: (HTTPLog)-Static: isSBSettingEnabled false
03-15 11:18:03.437 19748 32462 I chatty  : uid=10291(com.vidure.app) identical 4 lines
03-15 11:18:03.437 19748 32462 I System.out: (HTTPLog)-Static: isSBSettingEnabled false
03-15 11:18:04.578 19748 32347 V [MYTAG][mail_tcp_socket][ViiSocketMailDataPhraser]: ------------mail---------------
03-15 11:18:04.578 19748 32347 V [MYTAG][mail_tcp_socket][ViiSocketMailDataPhraser]: {"msgid":"battery","info":{"capacity":78,"charge":0},"time":1773573485}
03-15 11:18:04.580 19748 32347 V [MYTAG][mail_tcp_socket][ViiSocketMailDataPhraser]: ------------mail---------------
03-15 11:18:04.580 19748 32347 V [MYTAG][mail_tcp_socket][ViiSocketMailDataPhraser]: {"msgid":"sd","info":{"status":0},"time":1773573485}
03-15 11:18:04.580 19748 32593 W System  : Ignoring header sessionid because its value was null.
03-15 11:18:04.582 19748 32347 V [MYTAG][mail_tcp_socket][RemoteOptor]: ----
03-15 11:18:04.582 19748 32347 V [MYTAG][mail_tcp_socket][RemoteOptor]: [CMD]DEV_SDCARD_STATUS_QUERY
03-15 11:18:04.582 19748 32347 V [MYTAG][mail_tcp_socket][RemoteOptor]: [PARAM]null
03-15 11:18:04.582 19748 32593 I System.out: (HTTPLog)-Static: isSBSettingEnabled false
03-15 11:18:04.583 19748 32593 I System.out: (HTTPLog)-Static: isSBSettingEnabled false
03-15 11:18:04.583 19748 32347 V [MYTAG][mail_tcp_socket][HttpTransportLayer]: [HTTP SEND GET]
03-15 11:18:04.583 19748 32347 V [MYTAG][mail_tcp_socket][HttpTransportLayer]: 	 url:http://192.168.0.1:80/app/getsdinfo
03-15 11:18:04.588 19748 32347 V [MYTAG][main][Device]: 666 dev is connected:true
03-15 11:18:04.612 19748 32347 V [MYTAG][mail_tcp_socket][HttpTransportLayer]: [HTTP RSP]
03-15 11:18:04.612 19748 32347 V [MYTAG][mail_tcp_socket][HttpTransportLayer]: 	 errcode:0
03-15 11:18:04.612 19748 32347 V [MYTAG][mail_tcp_socket][HttpTransportLayer]: 	[content]{"result":0,"info":{"status":0,"free":258,"total":1883}}
03-15 11:18:04.612 19748 32347 V [MYTAG][mail_tcp_socket][HttpTransportLayer]: -----------------------------------------
03-15 11:18:04.615 19748 19748 W ProxyAndroidLoggerBackend: Too many Flogger logs received before configuration. Dropping old logs.
03-15 11:18:04.627 19748 19748 I chatty  : uid=10291(com.vidure.app) identical 7 lines
03-15 11:18:04.637 19748 19748 W ProxyAndroidLoggerBackend: Too many Flogger logs received before configuration. Dropping old logs.
03-15 11:18:04.640 19748 32347 V [MYTAG][main][Device]: 666 dev is connected:true
03-15 11:18:04.641 19748 32347 V [MYTAG][main][CameraPreviewActivity]: rev msg1:264454
03-15 11:18:04.641 19748 32347 V [MYTAG][main][Device]: 666 dev is connected:true
03-15 11:18:04.642 19748 32347 V [MYTAG][main][CameraPreviewActivity]: rev msg1:589832
03-15 11:18:05.277 19748 32461 I System.out: (HTTPLog)-Static: isSBSettingEnabled false
03-15 11:18:05.277 19748 32461 I System.out: (HTTPLog)-Static: isSBSettingEnabled false
03-15 11:18:06.643 19748 32594 W System  : Ignoring header sessionid because its value was null.
03-15 11:18:06.644 19748 32594 I System.out: (HTTPLog)-Static: isSBSettingEnabled false
03-15 11:18:06.644 19748 32594 I System.out: (HTTPLog)-Static: isSBSettingEnabled false
03-15 11:18:06.646 19748 32347 V [MYTAG][HeartbeatMgr][RemoteOptor]: ----
03-15 11:18:06.646 19748 32347 V [MYTAG][HeartbeatMgr][RemoteOptor]: [CMD]Basic_Msg_MailBox
03-15 11:18:06.646 19748 32347 V [MYTAG][HeartbeatMgr][RemoteOptor]: [PARAM]null
03-15 11:18:06.646 19748 32347 V [MYTAG][HeartbeatMgr][HttpTransportLayer]: [HTTP SEND GET]
03-15 11:18:06.646 19748 32347 V [MYTAG][HeartbeatMgr][HttpTransportLayer]: 	 url:http://192.168.0.1:80/app/getparamvalue?param=rec
03-15 11:18:06.671 19748 32347 V [MYTAG][HeartbeatMgr][HttpTransportLayer]: [HTTP RSP]
03-15 11:18:06.671 19748 32347 V [MYTAG][HeartbeatMgr][HttpTransportLayer]: 	 errcode:0
03-15 11:18:06.671 19748 32347 V [MYTAG][HeartbeatMgr][HttpTransportLayer]: 	[content]{"result":0,"info":{"value":0}}
03-15 11:18:06.671 19748 32347 V [MYTAG][HeartbeatMgr][HttpTransportLayer]: -----------------------------------------
03-15 11:18:07.088 19748 32463 W Settings: Setting adb_enabled has moved from android.provider.Settings.Secure to android.provider.Settings.Global.
03-15 11:18:07.223 19748 32463 I System.out: (HTTPLog)-Static: isSBSettingEnabled false
03-15 11:18:07.241 19748 32463 I chatty  : uid=10291(com.vidure.app) identical 2 lines
03-15 11:18:07.242 19748 32463 I System.out: (HTTPLog)-Static: isSBSettingEnabled false
03-15 11:18:07.305 19748 32461 I System.out: (HTTPLog)-Static: isSBSettingEnabled false
03-15 11:18:07.306 19748 32461 I System.out: (HTTPLog)-Static: isSBSettingEnabled false
03-15 11:18:07.587 19748 32347 V [MYTAG][mail_tcp_socket][ViiSocketMailDataPhraser]: ------------mail---------------
03-15 11:18:07.587 19748 32347 V [MYTAG][mail_tcp_socket][ViiSocketMailDataPhraser]: {"msgid":"battery","info":{"capacity":78,"charge":0},"time":1773573488}
03-15 11:18:07.588 19748 32593 W System  : Ignoring header sessionid because its value was null.
03-15 11:18:07.589 19748 32593 I System.out: (HTTPLog)-Static: isSBSettingEnabled false
03-15 11:18:07.589 19748 32593 I System.out: (HTTPLog)-Static: isSBSettingEnabled false
03-15 11:18:07.591 19748 32347 V [MYTAG][mail_tcp_socket][ViiSocketMailDataPhraser]: ------------mail---------------
03-15 11:18:07.591 19748 32347 V [MYTAG][mail_tcp_socket][ViiSocketMailDataPhraser]: {"msgid":"sd","info":{"status":0},"time":1773573488}
03-15 11:18:07.594 19748 32347 V [MYTAG][mail_tcp_socket][RemoteOptor]: ----
03-15 11:18:07.594 19748 32347 V [MYTAG][mail_tcp_socket][RemoteOptor]: [CMD]DEV_SDCARD_STATUS_QUERY
03-15 11:18:07.594 19748 32347 V [MYTAG][mail_tcp_socket][RemoteOptor]: [PARAM]null
03-15 11:18:07.594 19748 32347 V [MYTAG][mail_tcp_socket][HttpTransportLayer]: [HTTP SEND GET]
03-15 11:18:07.594 19748 32347 V [MYTAG][mail_tcp_socket][HttpTransportLayer]: 	 url:http://192.168.0.1:80/app/getsdinfo
03-15 11:18:07.601 19748 32347 V [MYTAG][main][Device]: 666 dev is connected:true
03-15 11:18:07.624 19748 19748 W ProxyAndroidLoggerBackend: Too many Flogger logs received before configuration. Dropping old logs.
03-15 11:18:07.631 19748 19748 I chatty  : uid=10291(com.vidure.app) identical 6 lines
03-15 11:18:07.633 19748 19748 W ProxyAndroidLoggerBackend: Too many Flogger logs received before configuration. Dropping old logs.
03-15 11:18:07.636 19748  2747 W ProxyAndroidLoggerBackend: Too many Flogger logs received before configuration. Dropping old logs.
03-15 11:18:07.639 19748 19748 W ProxyAndroidLoggerBackend: Too many Flogger logs received before configuration. Dropping old logs.
03-15 11:18:07.640 19748 32347 V [MYTAG][mail_tcp_socket][HttpTransportLayer]: [HTTP RSP]
03-15 11:18:07.640 19748 32347 V [MYTAG][mail_tcp_socket][HttpTransportLayer]: 	 errcode:0
03-15 11:18:07.640 19748 32347 V [MYTAG][mail_tcp_socket][HttpTransportLayer]: 	[content]{"result":0,"info":{"status":0,"free":258,"total":1883}}
03-15 11:18:07.640 19748 32347 V [MYTAG][mail_tcp_socket][HttpTransportLayer]: -----------------------------------------
03-15 11:18:07.641 19748 32347 V [MYTAG][main][Device]: 666 dev is connected:true
03-15 11:18:07.643 19748 32347 V [MYTAG][main][CameraPreviewActivity]: rev msg1:264454
03-15 11:18:07.643 19748 32347 V [MYTAG][main][Device]: 666 dev is connected:true
03-15 11:18:07.643 19748 32347 V [MYTAG][main][CameraPreviewActivity]: rev msg1:589832
03-15 11:18:08.314 19748 32459 I System.out: (HTTPLog)-Static: isSBSettingEnabled false
03-15 11:18:08.314 19748 32459 I System.out: (HTTPLog)-Static: isSBSettingEnabled false
03-15 11:18:08.316 19748 32460 W Settings: Setting adb_enabled has moved from android.provider.Settings.Secure to android.provider.Settings.Global.
03-15 11:18:08.443 19748 32460 I System.out: (HTTPLog)-Static: isSBSettingEnabled false
03-15 11:18:08.444 19748 32460 I System.out: (HTTPLog)-Static: isSBSettingEnabled false
03-15 11:18:08.477 19748 32460 I System.out: (HTTPLog)-Static: isSBSettingEnabled false
03-15 11:18:08.477 19748 32460 I System.out: (HTTPLog)-Static: isSBSettingEnabled false
03-15 11:18:10.338 19748 32459 I System.out: (HTTPLog)-Static: isSBSettingEnabled false
03-15 11:18:10.338 19748 32459 I System.out: (HTTPLog)-Static: isSBSettingEnabled false
03-15 11:18:10.597 19748 32347 V [MYTAG][mail_tcp_socket][ViiSocketMailDataPhraser]: ------------mail---------------
03-15 11:18:10.597 19748 32347 V [MYTAG][mail_tcp_socket][ViiSocketMailDataPhraser]: {"msgid":"battery","info":{"capacity":78,"charge":0},"time":1773573491}
03-15 11:18:10.599 19748 32347 V [MYTAG][mail_tcp_socket][ViiSocketMailDataPhraser]: ------------mail---------------
03-15 11:18:10.599 19748 32347 V [MYTAG][mail_tcp_socket][ViiSocketMailDataPhraser]: {"msgid":"sd","info":{"status":0},"time":1773573491}
03-15 11:18:10.599 19748 32593 W System  : Ignoring header sessionid because its value was null.
03-15 11:18:10.600 19748 32593 I System.out: (HTTPLog)-Static: isSBSettingEnabled false
03-15 11:18:10.600 19748 32593 I System.out: (HTTPLog)-Static: isSBSettingEnabled false
03-15 11:18:10.600 19748 32347 V [MYTAG][mail_tcp_socket][RemoteOptor]: ----
03-15 11:18:10.600 19748 32347 V [MYTAG][mail_tcp_socket][RemoteOptor]: [CMD]DEV_SDCARD_STATUS_QUERY
03-15 11:18:10.600 19748 32347 V [MYTAG][mail_tcp_socket][RemoteOptor]: [PARAM]null
03-15 11:18:10.601 19748 32347 V [MYTAG][mail_tcp_socket][HttpTransportLayer]: [HTTP SEND GET]
03-15 11:18:10.601 19748 32347 V [MYTAG][mail_tcp_socket][HttpTransportLayer]: 	 url:http://192.168.0.1:80/app/getsdinfo
03-15 11:18:10.605 19748 32347 V [MYTAG][main][Device]: 666 dev is connected:true
03-15 11:18:10.635 19748 19748 W ProxyAndroidLoggerBackend: Too many Flogger logs received before configuration. Dropping old logs.
03-15 11:18:10.636 19748 19748 W ProxyAndroidLoggerBackend: Too many Flogger logs received before configuration. Dropping old logs.
03-15 11:18:10.637 19748 32347 V [MYTAG][mail_tcp_socket][HttpTransportLayer]: [HTTP RSP]
03-15 11:18:10.637 19748 32347 V [MYTAG][mail_tcp_socket][HttpTransportLayer]: 	 errcode:0
03-15 11:18:10.637 19748 32347 V [MYTAG][mail_tcp_socket][HttpTransportLayer]: 	[content]{"result":0,"info":{"status":0,"free":258,"total":1883}}
03-15 11:18:10.637 19748 32347 V [MYTAG][mail_tcp_socket][HttpTransportLayer]: -----------------------------------------
03-15 11:18:10.638 19748 19748 W ProxyAndroidLoggerBackend: Too many Flogger logs received before configuration. Dropping old logs.
03-15 11:18:10.642 19748 19748 I chatty  : uid=10291(com.vidure.app) identical 3 lines
03-15 11:18:10.642 19748 19748 W ProxyAndroidLoggerBackend: Too many Flogger logs received before configuration. Dropping old logs.
03-15 11:18:10.643 19748 32594 W System  : Ignoring header sessionid because its value was null.
03-15 11:18:10.644 19748 32594 I System.out: (HTTPLog)-Static: isSBSettingEnabled false
03-15 11:18:10.644 19748 32594 I System.out: (HTTPLog)-Static: isSBSettingEnabled false
03-15 11:18:10.644 19748 32347 V [MYTAG][HeartbeatMgr][RemoteOptor]: ----
03-15 11:18:10.644 19748 32347 V [MYTAG][HeartbeatMgr][RemoteOptor]: [CMD]Basic_Msg_MailBox
03-15 11:18:10.644 19748 32347 V [MYTAG][HeartbeatMgr][RemoteOptor]: [PARAM]null
03-15 11:18:10.645 19748 32347 V [MYTAG][HeartbeatMgr][HttpTransportLayer]: [HTTP SEND GET]
03-15 11:18:10.645 19748 32347 V [MYTAG][HeartbeatMgr][HttpTransportLayer]: 	 url:http://192.168.0.1:80/app/getparamvalue?param=rec
03-15 11:18:10.646 19748 19748 W ProxyAndroidLoggerBackend: Too many Flogger logs received before configuration. Dropping old logs.
03-15 11:18:10.651 19748  2747 W ProxyAndroidLoggerBackend: Too many Flogger logs received before configuration. Dropping old logs.
03-15 11:18:10.654 19748 19748 W ProxyAndroidLoggerBackend: Too many Flogger logs received before configuration. Dropping old logs.
03-15 11:18:10.659 19748 32347 V [MYTAG][main][Device]: 666 dev is connected:true
03-15 11:18:10.662 19748 32347 V [MYTAG][main][CameraPreviewActivity]: rev msg1:264454
03-15 11:18:10.662 19748 32347 V [MYTAG][main][Device]: 666 dev is connected:true
03-15 11:18:10.662 19748 32347 V [MYTAG][main][CameraPreviewActivity]: rev msg1:589832
03-15 11:18:10.668 19748 32347 V [MYTAG][HeartbeatMgr][HttpTransportLayer]: [HTTP RSP]
03-15 11:18:10.668 19748 32347 V [MYTAG][HeartbeatMgr][HttpTransportLayer]: 	 errcode:0
03-15 11:18:10.668 19748 32347 V [MYTAG][HeartbeatMgr][HttpTransportLayer]: 	[content]{"result":0,"info":{"value":0}}
03-15 11:18:10.668 19748 32347 V [MYTAG][HeartbeatMgr][HttpTransportLayer]: -----------------------------------------
03-15 11:18:12.234 19748 32462 W Settings: Setting adb_enabled has moved from android.provider.Settings.Secure to android.provider.Settings.Global.
03-15 11:18:12.359 19748 32459 I System.out: (HTTPLog)-Static: isSBSettingEnabled false
03-15 11:18:12.359 19748 32459 I System.out: (HTTPLog)-Static: isSBSettingEnabled false
03-15 11:18:12.375 19748 32462 I System.out: (HTTPLog)-Static: isSBSettingEnabled false
03-15 11:18:12.375 19748 32462 I System.out: (HTTPLog)-Static: isSBSettingEnabled false
03-15 11:18:12.393 19748 32462 I System.out: (HTTPLog)-Static: isSBSettingEnabled false
03-15 11:18:12.393 19748 32462 I System.out: (HTTPLog)-Static: isSBSettingEnabled false
03-15 11:18:13.576 19748 32463 W Settings: Setting adb_enabled has moved from android.provider.Settings.Secure to android.provider.Settings.Global.
03-15 11:18:13.576 19748 32461 I System.out: (HTTPLog)-Static: isSBSettingEnabled false
03-15 11:18:13.576 19748 32461 I System.out: (HTTPLog)-Static: isSBSettingEnabled false
03-15 11:18:13.608 19748 32347 V [MYTAG][mail_tcp_socket][ViiSocketMailDataPhraser]: ------------mail---------------
03-15 11:18:13.608 19748 32347 V [MYTAG][mail_tcp_socket][ViiSocketMailDataPhraser]: {"msgid":"battery","info":{"capacity":78,"charge":0},"time":1773573494}
03-15 11:18:13.612 19748 32347 V [MYTAG][main][Device]: 666 dev is connected:true
03-15 11:18:13.630 19748 32593 W System  : Ignoring header sessionid because its value was null.
03-15 11:18:13.630 19748 32347 V [MYTAG][mail_tcp_socket][ViiSocketMailDataPhraser]: ------------mail---------------
03-15 11:18:13.630 19748 32347 V [MYTAG][mail_tcp_socket][ViiSocketMailDataPhraser]: {"msgid":"sd","info":{"status":0},"time":1773573494}
03-15 11:18:13.630 19748 32593 I System.out: (HTTPLog)-Static: isSBSettingEnabled false
03-15 11:18:13.630 19748 32347 V [MYTAG][mail_tcp_socket][RemoteOptor]: ----
03-15 11:18:13.630 19748 32347 V [MYTAG][mail_tcp_socket][RemoteOptor]: [CMD]DEV_SDCARD_STATUS_QUERY
03-15 11:18:13.630 19748 32347 V [MYTAG][mail_tcp_socket][RemoteOptor]: [PARAM]null
03-15 11:18:13.630 19748 32593 I System.out: (HTTPLog)-Static: isSBSettingEnabled false
03-15 11:18:13.630 19748 32347 V [MYTAG][mail_tcp_socket][HttpTransportLayer]: [HTTP SEND GET]
03-15 11:18:13.630 19748 32347 V [MYTAG][mail_tcp_socket][HttpTransportLayer]: 	 url:http://192.168.0.1:80/app/getsdinfo
03-15 11:18:13.655 19748 32347 V [MYTAG][mail_tcp_socket][HttpTransportLayer]: [HTTP RSP]
03-15 11:18:13.655 19748 32347 V [MYTAG][mail_tcp_socket][HttpTransportLayer]: 	 errcode:0
03-15 11:18:13.655 19748 32347 V [MYTAG][mail_tcp_socket][HttpTransportLayer]: 	[content]{"result":0,"info":{"status":0,"free":258,"total":1883}}
03-15 11:18:13.655 19748 32347 V [MYTAG][mail_tcp_socket][HttpTransportLayer]: -----------------------------------------
03-15 11:18:13.661 19748 19748 W ProxyAndroidLoggerBackend: Too many Flogger logs received before configuration. Dropping old logs.
03-15 11:18:13.672 19748 19748 I chatty  : uid=10291(com.vidure.app) identical 7 lines
