--------- beginning of crash
03-15 11:07:35.237 25734 32210 E AndroidRuntime: FATAL EXCEPTION: androidmapsapi-ula-1
03-15 11:07:35.237 25734 32210 E AndroidRuntime: Process: com.vidure.app, PID: 25734
03-15 11:07:35.237 25734 32210 E AndroidRuntime: DeadSystemException: The system died; earlier logs will point to the root cause
03-15 11:19:18.887 19748  3657 E AndroidRuntime: FATAL EXCEPTION: androidmapsapi-ula-1
03-15 11:19:18.887 19748  3657 E AndroidRuntime: Process: com.vidure.app, PID: 19748
03-15 11:19:18.887 19748  3657 E AndroidRuntime: DeadSystemException: The system died; earlier logs will point to the root cause
--------- beginning of main
03-15 11:29:37.781 21880  3863 W Settings: Setting adb_enabled has moved from android.provider.Settings.Secure to android.provider.Settings.Global.
03-15 11:29:37.920 21880  3863 I System.out: (HTTPLog)-Static: isSBSettingEnabled false
03-15 11:29:37.920 21880  3863 I System.out: (HTTPLog)-Static: isSBSettingEnabled false
03-15 11:29:37.947 21880  3858 I System.out: (HTTPLog)-Static: isSBSettingEnabled false
03-15 11:29:37.947 21880  3858 I System.out: (HTTPLog)-Static: isSBSettingEnabled false
03-15 11:29:37.948 21880  3863 I System.out: (HTTPLog)-Static: isSBSettingEnabled false
03-15 11:29:37.948 21880  3863 I System.out: (HTTPLog)-Static: isSBSettingEnabled false
03-15 11:29:39.076 21880  3864 W Settings: Setting adb_enabled has moved from android.provider.Settings.Secure to android.provider.Settings.Global.
03-15 11:29:39.079 21880  3865 I System.out: (HTTPLog)-Static: isSBSettingEnabled false
03-15 11:29:39.079 21880  3865 I System.out: (HTTPLog)-Static: isSBSettingEnabled false
03-15 11:29:39.198 21880  3864 I System.out: (HTTPLog)-Static: isSBSettingEnabled false
03-15 11:29:39.218 21880  3864 I chatty  : uid=10291(com.vidure.app) identical 2 lines
03-15 11:29:39.218 21880  3864 I System.out: (HTTPLog)-Static: isSBSettingEnabled false
03-15 11:29:39.322 21880  3797 V [MYTAG][mail_tcp_socket][ViiSocketMailDataPhraser]: ------------mail---------------
03-15 11:29:39.322 21880  3797 V [MYTAG][mail_tcp_socket][ViiSocketMailDataPhraser]: {"msgid":"battery","info":{"capacity":72,"charge":0},"time":1773574179}
03-15 11:29:39.323 21880  4007 W System  : Ignoring header sessionid because its value was null.
03-15 11:29:39.323 21880  4007 I System.out: (HTTPLog)-Static: isSBSettingEnabled false
03-15 11:29:39.323 21880  4007 I System.out: (HTTPLog)-Static: isSBSettingEnabled false
03-15 11:29:39.324 21880  3797 V [MYTAG][mail_tcp_socket][ViiSocketMailDataPhraser]: ------------mail---------------
03-15 11:29:39.324 21880  3797 V [MYTAG][mail_tcp_socket][ViiSocketMailDataPhraser]: {"msgid":"sd","info":{"status":0},"time":1773574179}
03-15 11:29:39.324 21880  3797 V [MYTAG][mail_tcp_socket][RemoteOptor]: ----
03-15 11:29:39.324 21880  3797 V [MYTAG][mail_tcp_socket][RemoteOptor]: [CMD]DEV_SDCARD_STATUS_QUERY
03-15 11:29:39.324 21880  3797 V [MYTAG][mail_tcp_socket][RemoteOptor]: [PARAM]null
03-15 11:29:39.324 21880  3797 V [MYTAG][mail_tcp_socket][HttpTransportLayer]: [HTTP SEND GET]
03-15 11:29:39.324 21880  3797 V [MYTAG][mail_tcp_socket][HttpTransportLayer]: 	 url:http://192.168.0.1:80/app/getsdinfo
03-15 11:29:39.324 21880  3797 V [MYTAG][main][Device]: 666 dev is connected:true
03-15 11:29:39.346 21880 21880 W ProxyAndroidLoggerBackend: Too many Flogger logs received before configuration. Dropping old logs.
03-15 11:29:39.350 21880 21880 I chatty  : uid=10291(com.vidure.app) identical 3 lines
03-15 11:29:39.352 21880 21880 W ProxyAndroidLoggerBackend: Too many Flogger logs received before configuration. Dropping old logs.
03-15 11:29:39.353 21880 21880 W ProxyAndroidLoggerBackend: Too many Flogger logs received before configuration. Dropping old logs.
03-15 11:29:39.353 21880 21880 W ProxyAndroidLoggerBackend: Too many Flogger logs received before configuration. Dropping old logs.
03-15 11:29:39.355 21880 21880 W ProxyAndroidLoggerBackend: Too many Flogger logs received before configuration. Dropping old logs.
03-15 11:29:39.361 21880 21880 W ProxyAndroidLoggerBackend: Too many Flogger logs received before configuration. Dropping old logs.
03-15 11:29:39.363 21880  3797 V [MYTAG][main][Device]: 666 dev is connected:true
03-15 11:29:39.364 21880  3797 V [MYTAG][main][CameraPreviewActivity]: rev msg1:264454
03-15 11:29:39.378 21880  3797 V [MYTAG][mail_tcp_socket][HttpTransportLayer]: [HTTP RSP]
03-15 11:29:39.378 21880  3797 V [MYTAG][mail_tcp_socket][HttpTransportLayer]: 	 errcode:0
03-15 11:29:39.378 21880  3797 V [MYTAG][mail_tcp_socket][HttpTransportLayer]: 	[content]{"result":0,"info":{"status":0,"free":241,"total":1883}}
03-15 11:29:39.378 21880  3797 V [MYTAG][mail_tcp_socket][HttpTransportLayer]: -----------------------------------------
03-15 11:29:39.378 21880  3797 V [MYTAG][main][Device]: 666 dev is connected:true
03-15 11:29:39.378 21880  3797 V [MYTAG][main][CameraPreviewActivity]: rev msg1:589832
03-15 11:29:39.424 21880  3743 I com.vidure.app: Background concurrent copying GC freed 94060(12MB) AllocSpace objects, 82(3940KB) LOS objects, 22% free, 82MB/106MB, paused 443us total 288.997ms
03-15 11:29:40.072 21880  4008 W System  : Ignoring header sessionid because its value was null.
03-15 11:29:40.072 21880  3797 V [MYTAG][HeartbeatMgr][RemoteOptor]: ----
03-15 11:29:40.072 21880  3797 V [MYTAG][HeartbeatMgr][RemoteOptor]: [CMD]Basic_Msg_MailBox
03-15 11:29:40.072 21880  3797 V [MYTAG][HeartbeatMgr][RemoteOptor]: [PARAM]null
03-15 11:29:40.073 21880  4008 I System.out: (HTTPLog)-Static: isSBSettingEnabled false
03-15 11:29:40.073 21880  4008 I System.out: (HTTPLog)-Static: isSBSettingEnabled false
03-15 11:29:40.074 21880  3797 V [MYTAG][HeartbeatMgr][HttpTransportLayer]: [HTTP SEND GET]
03-15 11:29:40.074 21880  3797 V [MYTAG][HeartbeatMgr][HttpTransportLayer]: 	 url:http://192.168.0.1:80/app/getparamvalue?param=rec
03-15 11:29:40.104 21880  3797 V [MYTAG][HeartbeatMgr][HttpTransportLayer]: [HTTP RSP]
03-15 11:29:40.104 21880  3797 V [MYTAG][HeartbeatMgr][HttpTransportLayer]: 	 errcode:0
03-15 11:29:40.104 21880  3797 V [MYTAG][HeartbeatMgr][HttpTransportLayer]: 	[content]{"result":0,"info":{"value":1}}
03-15 11:29:40.104 21880  3797 V [MYTAG][HeartbeatMgr][HttpTransportLayer]: -----------------------------------------
03-15 11:29:40.434 21880  3862 W Settings: Setting adb_enabled has moved from android.provider.Settings.Secure to android.provider.Settings.Global.
03-15 11:29:40.583 21880  3862 I System.out: (HTTPLog)-Static: isSBSettingEnabled false
03-15 11:29:40.583 21880  3862 I System.out: (HTTPLog)-Static: isSBSettingEnabled false
03-15 11:29:40.610 21880  3862 I System.out: (HTTPLog)-Static: isSBSettingEnabled false
03-15 11:29:40.610 21880  3862 I System.out: (HTTPLog)-Static: isSBSettingEnabled false
03-15 11:29:41.114 21880  3865 I System.out: (HTTPLog)-Static: isSBSettingEnabled false
03-15 11:29:41.114 21880  3865 I System.out: (HTTPLog)-Static: isSBSettingEnabled false
03-15 11:29:42.298 21880  4760 W ProxyAndroidLoggerBackend: Too many Flogger logs received before configuration. Dropping old logs.
03-15 11:29:42.298 21880  4760 I chatty  : uid=10291(com.vidure.app) identical 1 line
03-15 11:29:42.299 21880  4760 W ProxyAndroidLoggerBackend: Too many Flogger logs received before configuration. Dropping old logs.
03-15 11:29:42.333 21880  3797 V [MYTAG][mail_tcp_socket][ViiSocketMailDataPhraser]: ------------mail---------------
03-15 11:29:42.333 21880  3797 V [MYTAG][mail_tcp_socket][ViiSocketMailDataPhraser]: {"msgid":"battery","info":{"capacity":72,"charge":0},"time":1773574182}
03-15 11:29:42.335 21880  4007 W System  : Ignoring header sessionid because its value was null.
03-15 11:29:42.336 21880  4007 I System.out: (HTTPLog)-Static: isSBSettingEnabled false
03-15 11:29:42.336 21880  4007 I System.out: (HTTPLog)-Static: isSBSettingEnabled false
03-15 11:29:42.339 21880  3797 V [MYTAG][mail_tcp_socket][ViiSocketMailDataPhraser]: ------------mail---------------
03-15 11:29:42.339 21880  3797 V [MYTAG][mail_tcp_socket][ViiSocketMailDataPhraser]: {"msgid":"sd","info":{"status":0},"time":1773574182}
03-15 11:29:42.339 21880  3797 V [MYTAG][mail_tcp_socket][RemoteOptor]: ----
03-15 11:29:42.339 21880  3797 V [MYTAG][mail_tcp_socket][RemoteOptor]: [CMD]DEV_SDCARD_STATUS_QUERY
03-15 11:29:42.339 21880  3797 V [MYTAG][mail_tcp_socket][RemoteOptor]: [PARAM]null
03-15 11:29:42.339 21880  3797 V [MYTAG][mail_tcp_socket][HttpTransportLayer]: [HTTP SEND GET]
03-15 11:29:42.339 21880  3797 V [MYTAG][mail_tcp_socket][HttpTransportLayer]: 	 url:http://192.168.0.1:80/app/getsdinfo
03-15 11:29:42.341 21880  3797 V [MYTAG][main][Device]: 666 dev is connected:true
03-15 11:29:42.364 21880 21880 W ProxyAndroidLoggerBackend: Too many Flogger logs received before configuration. Dropping old logs.
03-15 11:29:42.368 21880 21880 I chatty  : uid=10291(com.vidure.app) identical 2 lines
03-15 11:29:42.368 21880 21880 W ProxyAndroidLoggerBackend: Too many Flogger logs received before configuration. Dropping old logs.
03-15 11:29:42.369 21880  3797 V [MYTAG][mail_tcp_socket][HttpTransportLayer]: [HTTP RSP]
03-15 11:29:42.369 21880  3797 V [MYTAG][mail_tcp_socket][HttpTransportLayer]: 	 errcode:0
03-15 11:29:42.369 21880  3797 V [MYTAG][mail_tcp_socket][HttpTransportLayer]: 	[content]{"result":0,"info":{"status":0,"free":313,"total":1883}}
03-15 11:29:42.369 21880  3797 V [MYTAG][mail_tcp_socket][HttpTransportLayer]: -----------------------------------------
03-15 11:29:42.370 21880 21880 W ProxyAndroidLoggerBackend: Too many Flogger logs received before configuration. Dropping old logs.
03-15 11:29:42.372 21880 21880 I chatty  : uid=10291(com.vidure.app) identical 2 lines
03-15 11:29:42.373 21880 21880 W ProxyAndroidLoggerBackend: Too many Flogger logs received before configuration. Dropping old logs.
03-15 11:29:42.386 21880 21880 W ProxyAndroidLoggerBackend: Too many Flogger logs received before configuration. Dropping old logs.
03-15 11:29:42.389 21880  3797 V [MYTAG][main][Device]: 666 dev is connected:true
03-15 11:29:42.390 21880  3797 V [MYTAG][main][CameraPreviewActivity]: rev msg1:264454
03-15 11:29:42.391 21880  3797 V [MYTAG][main][Device]: 666 dev is connected:true
03-15 11:29:42.391 21880  3797 V [MYTAG][main][CameraPreviewActivity]: rev msg1:589832
03-15 11:29:42.967 21880  3858 W Settings: Setting adb_enabled has moved from android.provider.Settings.Secure to android.provider.Settings.Global.
03-15 11:29:43.098 21880  3858 I System.out: (HTTPLog)-Static: isSBSettingEnabled false
03-15 11:29:43.098 21880  3858 I System.out: (HTTPLog)-Static: isSBSettingEnabled false
03-15 11:29:43.127 21880  3858 I System.out: (HTTPLog)-Static: isSBSettingEnabled false
03-15 11:29:43.127 21880  3858 I System.out: (HTTPLog)-Static: isSBSettingEnabled false
03-15 11:29:43.129 21880  3865 I System.out: (HTTPLog)-Static: isSBSettingEnabled false
03-15 11:29:43.129 21880  3865 I System.out: (HTTPLog)-Static: isSBSettingEnabled false
03-15 11:29:44.072 21880  4008 W System  : Ignoring header sessionid because its value was null.
03-15 11:29:44.072 21880  3797 V [MYTAG][HeartbeatMgr][RemoteOptor]: ----
03-15 11:29:44.072 21880  3797 V [MYTAG][HeartbeatMgr][RemoteOptor]: [CMD]Basic_Msg_MailBox
03-15 11:29:44.072 21880  3797 V [MYTAG][HeartbeatMgr][RemoteOptor]: [PARAM]null
03-15 11:29:44.072 21880  3797 V [MYTAG][HeartbeatMgr][HttpTransportLayer]: [HTTP SEND GET]
03-15 11:29:44.072 21880  3797 V [MYTAG][HeartbeatMgr][HttpTransportLayer]: 	 url:http://192.168.0.1:80/app/getparamvalue?param=rec
03-15 11:29:44.072 21880  4008 I System.out: (HTTPLog)-Static: isSBSettingEnabled false
03-15 11:29:44.073 21880  4008 I System.out: (HTTPLog)-Static: isSBSettingEnabled false
03-15 11:29:44.117 21880  3797 V [MYTAG][HeartbeatMgr][HttpTransportLayer]: [HTTP RSP]
03-15 11:29:44.117 21880  3797 V [MYTAG][HeartbeatMgr][HttpTransportLayer]: 	 errcode:0
03-15 11:29:44.117 21880  3797 V [MYTAG][HeartbeatMgr][HttpTransportLayer]: 	[content]{"result":0,"info":{"value":1}}
03-15 11:29:44.117 21880  3797 V [MYTAG][HeartbeatMgr][HttpTransportLayer]: -----------------------------------------
03-15 11:29:44.372 21880  3864 I System.out: (HTTPLog)-Static: isSBSettingEnabled false
03-15 11:29:44.372 21880  3864 I System.out: (HTTPLog)-Static: isSBSettingEnabled false
03-15 11:29:44.376 21880  3863 W Settings: Setting adb_enabled has moved from android.provider.Settings.Secure to android.provider.Settings.Global.
03-15 11:29:44.526 21880  3863 I System.out: (HTTPLog)-Static: isSBSettingEnabled false
03-15 11:29:44.547 21880  3863 I chatty  : uid=10291(com.vidure.app) identical 2 lines
03-15 11:29:44.547 21880  3863 I System.out: (HTTPLog)-Static: isSBSettingEnabled false
03-15 11:29:45.344 21880  3797 V [MYTAG][mail_tcp_socket][ViiSocketMailDataPhraser]: ------------mail---------------
03-15 11:29:45.344 21880  3797 V [MYTAG][mail_tcp_socket][ViiSocketMailDataPhraser]: {"msgid":"battery","info":{"capacity":72,"charge":0},"time":1773574185}
03-15 11:29:45.347 21880  4007 W System  : Ignoring header sessionid because its value was null.
03-15 11:29:45.348 21880  3797 V [MYTAG][mail_tcp_socket][ViiSocketMailDataPhraser]: ------------mail---------------
03-15 11:29:45.348 21880  3797 V [MYTAG][mail_tcp_socket][ViiSocketMailDataPhraser]: {"msgid":"sd","info":{"status":0},"time":1773574185}
03-15 11:29:45.348 21880  3797 V [MYTAG][mail_tcp_socket][RemoteOptor]: ----
03-15 11:29:45.348 21880  3797 V [MYTAG][mail_tcp_socket][RemoteOptor]: [CMD]DEV_SDCARD_STATUS_QUERY
03-15 11:29:45.348 21880  3797 V [MYTAG][mail_tcp_socket][RemoteOptor]: [PARAM]null
03-15 11:29:45.349 21880  3797 V [MYTAG][mail_tcp_socket][HttpTransportLayer]: [HTTP SEND GET]
03-15 11:29:45.349 21880  3797 V [MYTAG][mail_tcp_socket][HttpTransportLayer]: 	 url:http://192.168.0.1:80/app/getsdinfo
03-15 11:29:45.351 21880  4007 I System.out: (HTTPLog)-Static: isSBSettingEnabled false
03-15 11:29:45.351 21880  4007 I System.out: (HTTPLog)-Static: isSBSettingEnabled false
03-15 11:29:45.353 21880  3797 V [MYTAG][main][Device]: 666 dev is connected:true
03-15 11:29:45.377 21880 21880 W ProxyAndroidLoggerBackend: Too many Flogger logs received before configuration. Dropping old logs.
03-15 11:29:45.380 21880 21880 W ProxyAndroidLoggerBackend: Too many Flogger logs received before configuration. Dropping old logs.
03-15 11:29:45.384 21880 21880 I chatty  : uid=10291(com.vidure.app) identical 5 lines
03-15 11:29:45.385 21880 21880 W ProxyAndroidLoggerBackend: Too many Flogger logs received before configuration. Dropping old logs.
03-15 11:29:45.393 21880 21880 W ProxyAndroidLoggerBackend: Too many Flogger logs received before configuration. Dropping old logs.
03-15 11:29:45.395 21880  3797 V [MYTAG][main][Device]: 666 dev is connected:true
03-15 11:29:45.397 21880  3797 V [MYTAG][main][CameraPreviewActivity]: rev msg1:264454
03-15 11:29:45.427 21880  3797 V [MYTAG][mail_tcp_socket][HttpTransportLayer]: [HTTP RSP]
03-15 11:29:45.427 21880  3797 V [MYTAG][mail_tcp_socket][HttpTransportLayer]: 	 errcode:0
03-15 11:29:45.427 21880  3797 V [MYTAG][mail_tcp_socket][HttpTransportLayer]: 	[content]{"result":0,"info":{"status":0,"free":309,"total":1883}}
03-15 11:29:45.427 21880  3797 V [MYTAG][mail_tcp_socket][HttpTransportLayer]: -----------------------------------------
03-15 11:29:45.428 21880  3797 V [MYTAG][main][Device]: 666 dev is connected:true
03-15 11:29:45.428 21880  3797 V [MYTAG][main][CameraPreviewActivity]: rev msg1:589832
03-15 11:29:46.407 21880  3864 I System.out: (HTTPLog)-Static: isSBSettingEnabled false
03-15 11:29:46.407 21880  3864 I System.out: (HTTPLog)-Static: isSBSettingEnabled false
03-15 11:29:46.749 21880  5638 W ProxyAndroidLoggerBackend: Too many Flogger logs received before configuration. Dropping old logs.
03-15 11:29:46.750 21880  5638 I chatty  : uid=10291(com.vidure.app) identical 3 lines
03-15 11:29:46.754 21880  5638 W ProxyAndroidLoggerBackend: Too many Flogger logs received before configuration. Dropping old logs.
03-15 11:29:48.072 21880  4008 W System  : Ignoring header sessionid because its value was null.
03-15 11:29:48.072 21880  4008 I System.out: (HTTPLog)-Static: isSBSettingEnabled false
03-15 11:29:48.073 21880  4008 I System.out: (HTTPLog)-Static: isSBSettingEnabled false
03-15 11:29:48.075 21880  3797 V [MYTAG][HeartbeatMgr][RemoteOptor]: ----
03-15 11:29:48.075 21880  3797 V [MYTAG][HeartbeatMgr][RemoteOptor]: [CMD]Basic_Msg_MailBox
03-15 11:29:48.075 21880  3797 V [MYTAG][HeartbeatMgr][RemoteOptor]: [PARAM]null
03-15 11:29:48.075 21880  3797 V [MYTAG][HeartbeatMgr][HttpTransportLayer]: [HTTP SEND GET]
03-15 11:29:48.075 21880  3797 V [MYTAG][HeartbeatMgr][HttpTransportLayer]: 	 url:http://192.168.0.1:80/app/getparamvalue?param=rec
03-15 11:29:48.105 21880  3797 V [MYTAG][HeartbeatMgr][HttpTransportLayer]: [HTTP RSP]
03-15 11:29:48.105 21880  3797 V [MYTAG][HeartbeatMgr][HttpTransportLayer]: 	 errcode:0
03-15 11:29:48.105 21880  3797 V [MYTAG][HeartbeatMgr][HttpTransportLayer]: 	[content]{"result":0,"info":{"value":1}}
03-15 11:29:48.105 21880  3797 V [MYTAG][HeartbeatMgr][HttpTransportLayer]: -----------------------------------------
03-15 11:29:48.265 21880  3862 W Settings: Setting adb_enabled has moved from android.provider.Settings.Secure to android.provider.Settings.Global.
03-15 11:29:48.353 21880  3797 V [MYTAG][mail_tcp_socket][ViiSocketMailDataPhraser]: ------------mail---------------
03-15 11:29:48.353 21880  3797 V [MYTAG][mail_tcp_socket][ViiSocketMailDataPhraser]: {"msgid":"battery","info":{"capacity":72,"charge":0},"time":1773574188}
03-15 11:29:48.361 21880  3797 V [MYTAG][main][Device]: 666 dev is connected:true
03-15 11:29:48.365 21880  4007 W System  : Ignoring header sessionid because its value was null.
03-15 11:29:48.366 21880  4007 I System.out: (HTTPLog)-Static: isSBSettingEnabled false
03-15 11:29:48.366 21880  4007 I System.out: (HTTPLog)-Static: isSBSettingEnabled false
03-15 11:29:48.366 21880  3797 V [MYTAG][mail_tcp_socket][ViiSocketMailDataPhraser]: ------------mail---------------
03-15 11:29:48.366 21880  3797 V [MYTAG][mail_tcp_socket][ViiSocketMailDataPhraser]: {"msgid":"sd","info":{"status":0},"time":1773574188}
03-15 11:29:48.366 21880  3797 V [MYTAG][mail_tcp_socket][RemoteOptor]: ----
03-15 11:29:48.366 21880  3797 V [MYTAG][mail_tcp_socket][RemoteOptor]: [CMD]DEV_SDCARD_STATUS_QUERY
03-15 11:29:48.366 21880  3797 V [MYTAG][mail_tcp_socket][RemoteOptor]: [PARAM]null
03-15 11:29:48.366 21880  3797 V [MYTAG][mail_tcp_socket][HttpTransportLayer]: [HTTP SEND GET]
03-15 11:29:48.366 21880  3797 V [MYTAG][mail_tcp_socket][HttpTransportLayer]: 	 url:http://192.168.0.1:80/app/getsdinfo
03-15 11:29:48.390 21880 21880 W ProxyAndroidLoggerBackend: Too many Flogger logs received before configuration. Dropping old logs.
03-15 11:29:48.390 21880  3862 I System.out: (HTTPLog)-Static: isSBSettingEnabled false
03-15 11:29:48.390 21880  3862 I System.out: (HTTPLog)-Static: isSBSettingEnabled false
03-15 11:29:48.391 21880 21880 W ProxyAndroidLoggerBackend: Too many Flogger logs received before configuration. Dropping old logs.
03-15 11:29:48.393 21880 21880 W ProxyAndroidLoggerBackend: Too many Flogger logs received before configuration. Dropping old logs.
03-15 11:29:48.393 21880 21880 W ProxyAndroidLoggerBackend: Too many Flogger logs received before configuration. Dropping old logs.
03-15 11:29:48.397 21880 21880 W ProxyAndroidLoggerBackend: Too many Flogger logs received before configuration. Dropping old logs.
03-15 11:29:48.398 21880 21880 I chatty  : uid=10291(com.vidure.app) identical 2 lines
03-15 11:29:48.399 21880 21880 W ProxyAndroidLoggerBackend: Too many Flogger logs received before configuration. Dropping old logs.
03-15 11:29:48.405 21880  5000 W ProxyAndroidLoggerBackend: Too many Flogger logs received before configuration. Dropping old logs.
03-15 11:29:48.405 21880 21880 W ProxyAndroidLoggerBackend: Too many Flogger logs received before configuration. Dropping old logs.
03-15 11:29:48.407 21880  3797 V [MYTAG][main][Device]: 666 dev is connected:true
03-15 11:29:48.409 21880  3797 V [MYTAG][main][CameraPreviewActivity]: rev msg1:264454
03-15 11:29:48.414 21880  3862 I System.out: (HTTPLog)-Static: isSBSettingEnabled false
03-15 11:29:48.415 21880  3862 I System.out: (HTTPLog)-Static: isSBSettingEnabled false
03-15 11:29:48.417 21880  3864 I System.out: (HTTPLog)-Static: isSBSettingEnabled false
03-15 11:29:48.417 21880  3864 I System.out: (HTTPLog)-Static: isSBSettingEnabled false
03-15 11:29:48.493 21880  3797 V [MYTAG][mail_tcp_socket][HttpTransportLayer]: [HTTP RSP]
03-15 11:29:48.493 21880  3797 V [MYTAG][mail_tcp_socket][HttpTransportLayer]: 	 errcode:0
03-15 11:29:48.493 21880  3797 V [MYTAG][mail_tcp_socket][HttpTransportLayer]: 	[content]{"result":0,"info":{"status":0,"free":305,"total":1883}}
03-15 11:29:48.493 21880  3797 V [MYTAG][mail_tcp_socket][HttpTransportLayer]: -----------------------------------------
03-15 11:29:48.493 21880  3797 V [MYTAG][main][Device]: 666 dev is connected:true
03-15 11:29:48.494 21880  3797 V [MYTAG][main][CameraPreviewActivity]: rev msg1:589832
03-15 11:29:51.370 21880  3797 V [MYTAG][mail_tcp_socket][ViiSocketMailDataPhraser]: ------------mail---------------
03-15 11:29:51.370 21880  3797 V [MYTAG][mail_tcp_socket][ViiSocketMailDataPhraser]: {"msgid":"battery","info":{"capacity":72,"charge":0},"time":1773574191}
03-15 11:29:51.380 21880  3797 V [MYTAG][main][Device]: 666 dev is connected:true
03-15 11:29:51.383 21880  4007 W System  : Ignoring header sessionid because its value was null.
03-15 11:29:51.384 21880  3797 V [MYTAG][mail_tcp_socket][ViiSocketMailDataPhraser]: ------------mail---------------
03-15 11:29:51.384 21880  3797 V [MYTAG][mail_tcp_socket][ViiSocketMailDataPhraser]: {"msgid":"sd","info":{"status":0},"time":1773574191}
03-15 11:29:51.384 21880  3797 V [MYTAG][mail_tcp_socket][RemoteOptor]: ----
03-15 11:29:51.384 21880  3797 V [MYTAG][mail_tcp_socket][RemoteOptor]: [CMD]DEV_SDCARD_STATUS_QUERY
03-15 11:29:51.384 21880  3797 V [MYTAG][mail_tcp_socket][RemoteOptor]: [PARAM]null
03-15 11:29:51.384 21880  3797 V [MYTAG][mail_tcp_socket][HttpTransportLayer]: [HTTP SEND GET]
03-15 11:29:51.384 21880  3797 V [MYTAG][mail_tcp_socket][HttpTransportLayer]: 	 url:http://192.168.0.1:80/app/getsdinfo
03-15 11:29:51.384 21880  4007 I System.out: (HTTPLog)-Static: isSBSettingEnabled false
03-15 11:29:51.384 21880  4007 I System.out: (HTTPLog)-Static: isSBSettingEnabled false
03-15 11:29:51.410 21880 21880 W ProxyAndroidLoggerBackend: Too many Flogger logs received before configuration. Dropping old logs.
03-15 11:29:51.422 21880 21880 I chatty  : uid=10291(com.vidure.app) identical 6 lines
03-15 11:29:51.423 21880 21880 W ProxyAndroidLoggerBackend: Too many Flogger logs received before configuration. Dropping old logs.
03-15 11:29:51.427 21880  3797 V [MYTAG][mail_tcp_socket][HttpTransportLayer]: [HTTP RSP]
03-15 11:29:51.427 21880  3797 V [MYTAG][mail_tcp_socket][HttpTransportLayer]: 	 errcode:0
03-15 11:29:51.427 21880  3797 V [MYTAG][mail_tcp_socket][HttpTransportLayer]: 	[content]{"result":0,"info":{"status":0,"free":301,"total":1883}}
03-15 11:29:51.427 21880  3797 V [MYTAG][mail_tcp_socket][HttpTransportLayer]: -----------------------------------------
03-15 11:29:51.430 21880  3958 W ProxyAndroidLoggerBackend: Too many Flogger logs received before configuration. Dropping old logs.
03-15 11:29:51.430 21880 21880 W ProxyAndroidLoggerBackend: Too many Flogger logs received before configuration. Dropping old logs.
03-15 11:29:51.432 21880  3797 V [MYTAG][main][Device]: 666 dev is connected:true
03-15 11:29:51.434 21880  3797 V [MYTAG][main][CameraPreviewActivity]: rev msg1:264454
03-15 11:29:51.435 21880  3797 V [MYTAG][main][Device]: 666 dev is connected:true
03-15 11:29:51.435 21880  3797 V [MYTAG][main][CameraPreviewActivity]: rev msg1:589832
03-15 11:29:51.438 21880  5000 W ProxyAndroidLoggerBackend: Too many Flogger logs received before configuration. Dropping old logs.
03-15 11:29:51.439 21880  5000 W ProxyAndroidLoggerBackend: Too many Flogger logs received before configuration. Dropping old logs.
03-15 11:29:52.072 21880  4008 W System  : Ignoring header sessionid because its value was null.
03-15 11:29:52.072 21880  4008 I System.out: (HTTPLog)-Static: isSBSettingEnabled false
03-15 11:29:52.072 21880  4008 I System.out: (HTTPLog)-Static: isSBSettingEnabled false
03-15 11:29:52.073 21880  3797 V [MYTAG][HeartbeatMgr][RemoteOptor]: ----
03-15 11:29:52.073 21880  3797 V [MYTAG][HeartbeatMgr][RemoteOptor]: [CMD]Basic_Msg_MailBox
03-15 11:29:52.073 21880  3797 V [MYTAG][HeartbeatMgr][RemoteOptor]: [PARAM]null
03-15 11:29:52.074 21880  3797 V [MYTAG][HeartbeatMgr][HttpTransportLayer]: [HTTP SEND GET]
03-15 11:29:52.074 21880  3797 V [MYTAG][HeartbeatMgr][HttpTransportLayer]: 	 url:http://192.168.0.1:80/app/getparamvalue?param=rec
03-15 11:29:52.104 21880  3797 V [MYTAG][HeartbeatMgr][HttpTransportLayer]: [HTTP RSP]
03-15 11:29:52.104 21880  3797 V [MYTAG][HeartbeatMgr][HttpTransportLayer]: 	 errcode:0
03-15 11:29:52.104 21880  3797 V [MYTAG][HeartbeatMgr][HttpTransportLayer]: 	[content]{"result":0,"info":{"value":1}}
03-15 11:29:52.104 21880  3797 V [MYTAG][HeartbeatMgr][HttpTransportLayer]: -----------------------------------------
03-15 11:29:54.376 21880  3797 V [MYTAG][mail_tcp_socket][ViiSocketMailDataPhraser]: ------------mail---------------
03-15 11:29:54.376 21880  3797 V [MYTAG][mail_tcp_socket][ViiSocketMailDataPhraser]: {"msgid":"battery","info":{"capacity":72,"charge":0},"time":1773574194}
03-15 11:29:54.377 21880  4007 W System  : Ignoring header sessionid because its value was null.
03-15 11:29:54.378 21880  4007 I System.out: (HTTPLog)-Static: isSBSettingEnabled false
03-15 11:29:54.378 21880  4007 I System.out: (HTTPLog)-Static: isSBSettingEnabled false
03-15 11:29:54.378 21880  3797 V [MYTAG][mail_tcp_socket][ViiSocketMailDataPhraser]: ------------mail---------------
03-15 11:29:54.378 21880  3797 V [MYTAG][mail_tcp_socket][ViiSocketMailDataPhraser]: {"msgid":"sd","info":{"status":0},"time":1773574194}
03-15 11:29:54.378 21880  3797 V [MYTAG][mail_tcp_socket][RemoteOptor]: ----
03-15 11:29:54.378 21880  3797 V [MYTAG][mail_tcp_socket][RemoteOptor]: [CMD]DEV_SDCARD_STATUS_QUERY
03-15 11:29:54.378 21880  3797 V [MYTAG][mail_tcp_socket][RemoteOptor]: [PARAM]null
03-15 11:29:54.378 21880  3797 V [MYTAG][mail_tcp_socket][HttpTransportLayer]: [HTTP SEND GET]
03-15 11:29:54.378 21880  3797 V [MYTAG][mail_tcp_socket][HttpTransportLayer]: 	 url:http://192.168.0.1:80/app/getsdinfo
03-15 11:29:54.381 21880  3797 V [MYTAG][main][Device]: 666 dev is connected:true
03-15 11:29:54.415 21880 21880 W ProxyAndroidLoggerBackend: Too many Flogger logs received before configuration. Dropping old logs.
03-15 11:29:54.423 21880 21880 I chatty  : uid=10291(com.vidure.app) identical 5 lines
03-15 11:29:54.424 21880 21880 W ProxyAndroidLoggerBackend: Too many Flogger logs received before configuration. Dropping old logs.
03-15 11:29:54.425 21880 21880 W ProxyAndroidLoggerBackend: Too many Flogger logs received before configuration. Dropping old logs.
03-15 11:29:54.431 21880 21880 W ProxyAndroidLoggerBackend: Too many Flogger logs received before configuration. Dropping old logs.
03-15 11:29:54.433 21880  3797 V [MYTAG][mail_tcp_socket][HttpTransportLayer]: [HTTP RSP]
03-15 11:29:54.433 21880  3797 V [MYTAG][mail_tcp_socket][HttpTransportLayer]: 	 errcode:0
03-15 11:29:54.433 21880  3797 V [MYTAG][mail_tcp_socket][HttpTransportLayer]: 	[content]{"result":0,"info":{"status":0,"free":298,"total":1883}}
03-15 11:29:54.433 21880  3797 V [MYTAG][mail_tcp_socket][HttpTransportLayer]: -----------------------------------------
03-15 11:29:54.435 21880  3797 V [MYTAG][main][Device]: 666 dev is connected:true
03-15 11:29:54.438 21880  3797 V [MYTAG][main][CameraPreviewActivity]: rev msg1:264454
03-15 11:29:54.438 21880  3797 V [MYTAG][main][Device]: 666 dev is connected:true
03-15 11:29:54.438 21880  3797 V [MYTAG][main][CameraPreviewActivity]: rev msg1:589832
03-15 11:29:54.493 21880  3958 W ProxyAndroidLoggerBackend: Too many Flogger logs received before configuration. Dropping old logs.
03-15 11:29:54.494 21880  3958 I chatty  : uid=10291(com.vidure.app) identical 1 line
03-15 11:29:54.494 21880  3958 W ProxyAndroidLoggerBackend: Too many Flogger logs received before configuration. Dropping old logs.
03-15 11:29:56.073 21880  4008 W System  : Ignoring header sessionid because its value was null.
03-15 11:29:56.073 21880  3797 V [MYTAG][HeartbeatMgr][RemoteOptor]: ----
03-15 11:29:56.073 21880  3797 V [MYTAG][HeartbeatMgr][RemoteOptor]: [CMD]Basic_Msg_MailBox
03-15 11:29:56.073 21880  3797 V [MYTAG][HeartbeatMgr][RemoteOptor]: [PARAM]null
03-15 11:29:56.074 21880  4008 I System.out: (HTTPLog)-Static: isSBSettingEnabled false
03-15 11:29:56.074 21880  4008 I System.out: (HTTPLog)-Static: isSBSettingEnabled false
03-15 11:29:56.074 21880  3797 V [MYTAG][HeartbeatMgr][HttpTransportLayer]: [HTTP SEND GET]
03-15 11:29:56.074 21880  3797 V [MYTAG][HeartbeatMgr][HttpTransportLayer]: 	 url:http://192.168.0.1:80/app/getparamvalue?param=rec
03-15 11:29:56.107 21880  3797 V [MYTAG][HeartbeatMgr][HttpTransportLayer]: [HTTP RSP]
03-15 11:29:56.107 21880  3797 V [MYTAG][HeartbeatMgr][HttpTransportLayer]: 	 errcode:0
03-15 11:29:56.107 21880  3797 V [MYTAG][HeartbeatMgr][HttpTransportLayer]: 	[content]{"result":0,"info":{"value":1}}
03-15 11:29:56.107 21880  3797 V [MYTAG][HeartbeatMgr][HttpTransportLayer]: -----------------------------------------
03-15 11:29:56.756 21880  5738 W ProxyAndroidLoggerBackend: Too many Flogger logs received before configuration. Dropping old logs.
03-15 11:29:56.760 21880  5738 I chatty  : uid=10291(com.vidure.app) identical 2 lines
03-15 11:29:56.761 21880  5738 W ProxyAndroidLoggerBackend: Too many Flogger logs received before configuration. Dropping old logs.
03-15 11:29:57.383 21880  3797 V [MYTAG][mail_tcp_socket][ViiSocketMailDataPhraser]: ------------mail---------------
03-15 11:29:57.383 21880  3797 V [MYTAG][mail_tcp_socket][ViiSocketMailDataPhraser]: {"msgid":"battery","info":{"capacity":72,"charge":0},"time":1773574197}
03-15 11:29:57.389 21880  3797 V [MYTAG][main][Device]: 666 dev is connected:true
03-15 11:29:57.392 21880  4007 W System  : Ignoring header sessionid because its value was null.
03-15 11:29:57.392 21880  3797 V [MYTAG][mail_tcp_socket][ViiSocketMailDataPhraser]: ------------mail---------------
03-15 11:29:57.392 21880  3797 V [MYTAG][mail_tcp_socket][ViiSocketMailDataPhraser]: {"msgid":"sd","info":{"status":0},"time":1773574197}
03-15 11:29:57.393 21880  3797 V [MYTAG][mail_tcp_socket][RemoteOptor]: ----
03-15 11:29:57.393 21880  3797 V [MYTAG][mail_tcp_socket][RemoteOptor]: [CMD]DEV_SDCARD_STATUS_QUERY
03-15 11:29:57.393 21880  3797 V [MYTAG][mail_tcp_socket][RemoteOptor]: [PARAM]null
03-15 11:29:57.393 21880  3797 V [MYTAG][mail_tcp_socket][HttpTransportLayer]: [HTTP SEND GET]
03-15 11:29:57.393 21880  3797 V [MYTAG][mail_tcp_socket][HttpTransportLayer]: 	 url:http://192.168.0.1:80/app/getsdinfo
03-15 11:29:57.396 21880  4007 I System.out: (HTTPLog)-Static: isSBSettingEnabled false
03-15 11:29:57.396 21880  4007 I System.out: (HTTPLog)-Static: isSBSettingEnabled false
03-15 11:29:57.431 21880  3797 V [MYTAG][mail_tcp_socket][HttpTransportLayer]: [HTTP RSP]
03-15 11:29:57.431 21880  3797 V [MYTAG][mail_tcp_socket][HttpTransportLayer]: 	 errcode:0
03-15 11:29:57.431 21880  3797 V [MYTAG][mail_tcp_socket][HttpTransportLayer]: 	[content]{"result":0,"info":{"status":0,"free":294,"total":1883}}
03-15 11:29:57.431 21880  3797 V [MYTAG][mail_tcp_socket][HttpTransportLayer]: -----------------------------------------
03-15 11:29:57.454 21880 21880 W ProxyAndroidLoggerBackend: Too many Flogger logs received before configuration. Dropping old logs.
03-15 11:29:57.463 21880 21880 I chatty  : uid=10291(com.vidure.app) identical 7 lines
03-15 11:29:57.469 21880 21880 W ProxyAndroidLoggerBackend: Too many Flogger logs received before configuration. Dropping old logs.
03-15 11:29:57.472 21880  3797 V [MYTAG][main][Device]: 666 dev is connected:true
03-15 11:29:57.474 21880  3797 V [MYTAG][main][CameraPreviewActivity]: rev msg1:264454
03-15 11:29:57.474 21880  3797 V [MYTAG][main][Device]: 666 dev is connected:true
03-15 11:29:57.474 21880  3797 V [MYTAG][main][CameraPreviewActivity]: rev msg1:589832
03-15 11:29:58.796 21880  5000 W ProxyAndroidLoggerBackend: Too many Flogger logs received before configuration. Dropping old logs.
03-15 11:30:00.074 21880  4008 W System  : Ignoring header sessionid because its value was null.
03-15 11:30:00.075 21880  4008 I System.out: (HTTPLog)-Static: isSBSettingEnabled false
03-15 11:30:00.075 21880  4008 I System.out: (HTTPLog)-Static: isSBSettingEnabled false
03-15 11:30:00.075 21880  3797 V [MYTAG][HeartbeatMgr][RemoteOptor]: ----
03-15 11:30:00.075 21880  3797 V [MYTAG][HeartbeatMgr][RemoteOptor]: [CMD]Basic_Msg_MailBox
03-15 11:30:00.075 21880  3797 V [MYTAG][HeartbeatMgr][RemoteOptor]: [PARAM]null
03-15 11:30:00.075 21880  3797 V [MYTAG][HeartbeatMgr][HttpTransportLayer]: [HTTP SEND GET]
03-15 11:30:00.075 21880  3797 V [MYTAG][HeartbeatMgr][HttpTransportLayer]: 	 url:http://192.168.0.1:80/app/getparamvalue?param=rec
03-15 11:30:00.103 21880  3797 V [MYTAG][HeartbeatMgr][HttpTransportLayer]: [HTTP RSP]
03-15 11:30:00.103 21880  3797 V [MYTAG][HeartbeatMgr][HttpTransportLayer]: 	 errcode:0
03-15 11:30:00.103 21880  3797 V [MYTAG][HeartbeatMgr][HttpTransportLayer]: 	[content]{"result":0,"info":{"value":1}}
03-15 11:30:00.103 21880  3797 V [MYTAG][HeartbeatMgr][HttpTransportLayer]: -----------------------------------------
03-15 11:30:00.157 21880  5000 W ProxyAndroidLoggerBackend: Too many Flogger logs received before configuration. Dropping old logs.
03-15 11:30:00.392 21880  3797 V [MYTAG][mail_tcp_socket][ViiSocketMailDataPhraser]: ------------mail---------------
03-15 11:30:00.392 21880  3797 V [MYTAG][mail_tcp_socket][ViiSocketMailDataPhraser]: {"msgid":"battery","info":{"capacity":72,"charge":0},"time":1773574200}
03-15 11:30:00.393 21880  4007 W System  : Ignoring header sessionid because its value was null.
03-15 11:30:00.394 21880  4007 I System.out: (HTTPLog)-Static: isSBSettingEnabled false
03-15 11:30:00.394 21880  4007 I System.out: (HTTPLog)-Static: isSBSettingEnabled false
03-15 11:30:00.396 21880  3797 V [MYTAG][mail_tcp_socket][ViiSocketMailDataPhraser]: ------------mail---------------
03-15 11:30:00.396 21880  3797 V [MYTAG][mail_tcp_socket][ViiSocketMailDataPhraser]: {"msgid":"sd","info":{"status":0},"time":1773574200}
03-15 11:30:00.396 21880  3797 V [MYTAG][mail_tcp_socket][RemoteOptor]: ----
03-15 11:30:00.396 21880  3797 V [MYTAG][mail_tcp_socket][RemoteOptor]: [CMD]DEV_SDCARD_STATUS_QUERY
03-15 11:30:00.396 21880  3797 V [MYTAG][mail_tcp_socket][RemoteOptor]: [PARAM]null
03-15 11:30:00.396 21880  3797 V [MYTAG][mail_tcp_socket][HttpTransportLayer]: [HTTP SEND GET]
03-15 11:30:00.396 21880  3797 V [MYTAG][mail_tcp_socket][HttpTransportLayer]: 	 url:http://192.168.0.1:80/app/getsdinfo
03-15 11:30:00.398 21880  3797 V [MYTAG][main][Device]: 666 dev is connected:true
03-15 11:30:00.452 21880 21880 W ProxyAndroidLoggerBackend: Too many Flogger logs received before configuration. Dropping old logs.
03-15 11:30:00.454 21880 21880 W ProxyAndroidLoggerBackend: Too many Flogger logs received before configuration. Dropping old logs.
03-15 11:30:00.455 21880  3797 V [MYTAG][mail_tcp_socket][HttpTransportLayer]: [HTTP RSP]
03-15 11:30:00.455 21880  3797 V [MYTAG][mail_tcp_socket][HttpTransportLayer]: 	 errcode:0
03-15 11:30:00.455 21880  3797 V [MYTAG][mail_tcp_socket][HttpTransportLayer]: 	[content]{"result":0,"info":{"status":0,"free":290,"total":1883}}
03-15 11:30:00.455 21880  3797 V [MYTAG][mail_tcp_socket][HttpTransportLayer]: -----------------------------------------
03-15 11:30:00.457 21880 21880 W ProxyAndroidLoggerBackend: Too many Flogger logs received before configuration. Dropping old logs.
03-15 11:30:00.461 21880 21880 I chatty  : uid=10291(com.vidure.app) identical 4 lines
03-15 11:30:00.462 21880 21880 W ProxyAndroidLoggerBackend: Too many Flogger logs received before configuration. Dropping old logs.
03-15 11:30:00.472 21880 21880 W ProxyAndroidLoggerBackend: Too many Flogger logs received before configuration. Dropping old logs.
03-15 11:30:00.475 21880  3797 V [MYTAG][main][Device]: 666 dev is connected:true
03-15 11:30:00.477 21880  3797 V [MYTAG][main][CameraPreviewActivity]: rev msg1:264454
03-15 11:30:00.479 21880  3797 V [MYTAG][main][Device]: 666 dev is connected:true
03-15 11:30:00.479 21880  3797 V [MYTAG][main][CameraPreviewActivity]: rev msg1:589832
03-15 11:30:03.403 21880  3797 V [MYTAG][mail_tcp_socket][ViiSocketMailDataPhraser]: ------------mail---------------
03-15 11:30:03.403 21880  3797 V [MYTAG][mail_tcp_socket][ViiSocketMailDataPhraser]: {"msgid":"battery","info":{"capacity":72,"charge":0},"time":1773574203}
03-15 11:30:03.408 21880  4007 W System  : Ignoring header sessionid because its value was null.
03-15 11:30:03.409 21880  3797 V [MYTAG][main][Device]: 666 dev is connected:true
03-15 11:30:03.409 21880  3797 V [MYTAG][mail_tcp_socket][ViiSocketMailDataPhraser]: ------------mail---------------
03-15 11:30:03.409 21880  3797 V [MYTAG][mail_tcp_socket][ViiSocketMailDataPhraser]: {"msgid":"sd","info":{"status":0},"time":1773574203}
03-15 11:30:03.409 21880  3797 V [MYTAG][mail_tcp_socket][RemoteOptor]: ----
03-15 11:30:03.409 21880  3797 V [MYTAG][mail_tcp_socket][RemoteOptor]: [CMD]DEV_SDCARD_STATUS_QUERY
03-15 11:30:03.409 21880  3797 V [MYTAG][mail_tcp_socket][RemoteOptor]: [PARAM]null
03-15 11:30:03.409 21880  3797 V [MYTAG][mail_tcp_socket][HttpTransportLayer]: [HTTP SEND GET]
03-15 11:30:03.409 21880  3797 V [MYTAG][mail_tcp_socket][HttpTransportLayer]: 	 url:http://192.168.0.1:80/app/getsdinfo
03-15 11:30:03.410 21880  4007 I System.out: (HTTPLog)-Static: isSBSettingEnabled false
03-15 11:30:03.410 21880  4007 I System.out: (HTTPLog)-Static: isSBSettingEnabled false
03-15 11:30:03.432 21880 21880 W ProxyAndroidLoggerBackend: Too many Flogger logs received before configuration. Dropping old logs.
03-15 11:30:03.444 21880 21880 I chatty  : uid=10291(com.vidure.app) identical 6 lines
03-15 11:30:03.445 21880 21880 W ProxyAndroidLoggerBackend: Too many Flogger logs received before configuration. Dropping old logs.
03-15 11:30:03.448 21880  3797 V [MYTAG][mail_tcp_socket][HttpTransportLayer]: [HTTP RSP]
03-15 11:30:03.448 21880  3797 V [MYTAG][mail_tcp_socket][HttpTransportLayer]: 	 errcode:0
03-15 11:30:03.448 21880  3797 V [MYTAG][mail_tcp_socket][HttpTransportLayer]: 	[content]{"result":0,"info":{"status":0,"free":286,"total":1883}}
03-15 11:30:03.448 21880  3797 V [MYTAG][mail_tcp_socket][HttpTransportLayer]: -----------------------------------------
03-15 11:30:03.452 21880 21880 W ProxyAndroidLoggerBackend: Too many Flogger logs received before configuration. Dropping old logs.
03-15 11:30:03.456 21880  3797 V [MYTAG][main][Device]: 666 dev is connected:true
03-15 11:30:03.458 21880  3797 V [MYTAG][main][CameraPreviewActivity]: rev msg1:264454
03-15 11:30:03.458 21880  3797 V [MYTAG][main][Device]: 666 dev is connected:true
03-15 11:30:03.458 21880  3797 V [MYTAG][main][CameraPreviewActivity]: rev msg1:589832
03-15 11:30:04.074 21880  4008 W System  : Ignoring header sessionid because its value was null.
03-15 11:30:04.074 21880  4008 I System.out: (HTTPLog)-Static: isSBSettingEnabled false
03-15 11:30:04.075 21880  4008 I System.out: (HTTPLog)-Static: isSBSettingEnabled false
03-15 11:30:04.076 21880  3797 V [MYTAG][HeartbeatMgr][RemoteOptor]: ----
03-15 11:30:04.076 21880  3797 V [MYTAG][HeartbeatMgr][RemoteOptor]: [CMD]Basic_Msg_MailBox
03-15 11:30:04.076 21880  3797 V [MYTAG][HeartbeatMgr][RemoteOptor]: [PARAM]null
03-15 11:30:04.076 21880  3797 V [MYTAG][HeartbeatMgr][HttpTransportLayer]: [HTTP SEND GET]
03-15 11:30:04.076 21880  3797 V [MYTAG][HeartbeatMgr][HttpTransportLayer]: 	 url:http://192.168.0.1:80/app/getparamvalue?param=rec
03-15 11:30:04.108 21880  3797 V [MYTAG][HeartbeatMgr][HttpTransportLayer]: [HTTP RSP]
03-15 11:30:04.108 21880  3797 V [MYTAG][HeartbeatMgr][HttpTransportLayer]: 	 errcode:0
03-15 11:30:04.108 21880  3797 V [MYTAG][HeartbeatMgr][HttpTransportLayer]: 	[content]{"result":0,"info":{"value":1}}
03-15 11:30:04.108 21880  3797 V [MYTAG][HeartbeatMgr][HttpTransportLayer]: -----------------------------------------
03-15 11:30:06.412 21880  3797 V [MYTAG][mail_tcp_socket][ViiSocketMailDataPhraser]: ------------mail---------------
03-15 11:30:06.412 21880  3797 V [MYTAG][mail_tcp_socket][ViiSocketMailDataPhraser]: {"msgid":"battery","info":{"capacity":72,"charge":0},"time":1773574206}
03-15 11:30:06.414 21880  4007 W System  : Ignoring header sessionid because its value was null.
03-15 11:30:06.414 21880  4007 I System.out: (HTTPLog)-Static: isSBSettingEnabled false
03-15 11:30:06.414 21880  4007 I System.out: (HTTPLog)-Static: isSBSettingEnabled false
03-15 11:30:06.418 21880  3797 V [MYTAG][mail_tcp_socket][ViiSocketMailDataPhraser]: ------------mail---------------
03-15 11:30:06.418 21880  3797 V [MYTAG][mail_tcp_socket][ViiSocketMailDataPhraser]: {"msgid":"sd","info":{"status":0},"time":1773574206}
03-15 11:30:06.418 21880  3797 V [MYTAG][mail_tcp_socket][RemoteOptor]: ----
03-15 11:30:06.418 21880  3797 V [MYTAG][mail_tcp_socket][RemoteOptor]: [CMD]DEV_SDCARD_STATUS_QUERY
03-15 11:30:06.418 21880  3797 V [MYTAG][mail_tcp_socket][RemoteOptor]: [PARAM]null
03-15 11:30:06.418 21880  3797 V [MYTAG][mail_tcp_socket][HttpTransportLayer]: [HTTP SEND GET]
03-15 11:30:06.418 21880  3797 V [MYTAG][mail_tcp_socket][HttpTransportLayer]: 	 url:http://192.168.0.1:80/app/getsdinfo
03-15 11:30:06.419 21880  3797 V [MYTAG][main][Device]: 666 dev is connected:true
03-15 11:30:06.438 21880 21880 W ProxyAndroidLoggerBackend: Too many Flogger logs received before configuration. Dropping old logs.
03-15 11:30:06.448 21880 21880 I chatty  : uid=10291(com.vidure.app) identical 7 lines
03-15 11:30:06.453 21880 21880 W ProxyAndroidLoggerBackend: Too many Flogger logs received before configuration. Dropping old logs.
03-15 11:30:06.456 21880  3797 V [MYTAG][main][Device]: 666 dev is connected:true
03-15 11:30:06.457 21880  3797 V [MYTAG][main][CameraPreviewActivity]: rev msg1:264454
03-15 11:30:06.458 21880  3797 V [MYTAG][mail_tcp_socket][HttpTransportLayer]: [HTTP RSP]
03-15 11:30:06.458 21880  3797 V [MYTAG][mail_tcp_socket][HttpTransportLayer]: 	 errcode:0
03-15 11:30:06.458 21880  3797 V [MYTAG][mail_tcp_socket][HttpTransportLayer]: 	[content]{"result":0,"info":{"status":0,"free":282,"total":1883}}
03-15 11:30:06.458 21880  3797 V [MYTAG][mail_tcp_socket][HttpTransportLayer]: -----------------------------------------
03-15 11:30:06.459 21880  3797 V [MYTAG][main][Device]: 666 dev is connected:true
03-15 11:30:06.459 21880  3797 V [MYTAG][main][CameraPreviewActivity]: rev msg1:589832
03-15 11:30:08.074 21880  4008 W System  : Ignoring header sessionid because its value was null.
03-15 11:30:08.075 21880  4008 I System.out: (HTTPLog)-Static: isSBSettingEnabled false
03-15 11:30:08.075 21880  4008 I System.out: (HTTPLog)-Static: isSBSettingEnabled false
03-15 11:30:08.076 21880  3797 V [MYTAG][HeartbeatMgr][RemoteOptor]: ----
03-15 11:30:08.076 21880  3797 V [MYTAG][HeartbeatMgr][RemoteOptor]: [CMD]Basic_Msg_MailBox
03-15 11:30:08.076 21880  3797 V [MYTAG][HeartbeatMgr][RemoteOptor]: [PARAM]null
03-15 11:30:08.076 21880  3797 V [MYTAG][HeartbeatMgr][HttpTransportLayer]: [HTTP SEND GET]
03-15 11:30:08.076 21880  3797 V [MYTAG][HeartbeatMgr][HttpTransportLayer]: 	 url:http://192.168.0.1:80/app/getparamvalue?param=rec
03-15 11:30:08.104 21880  3797 V [MYTAG][HeartbeatMgr][HttpTransportLayer]: [HTTP RSP]
03-15 11:30:08.104 21880  3797 V [MYTAG][HeartbeatMgr][HttpTransportLayer]: 	 errcode:0
03-15 11:30:08.104 21880  3797 V [MYTAG][HeartbeatMgr][HttpTransportLayer]: 	[content]{"result":0,"info":{"value":1}}
03-15 11:30:08.104 21880  3797 V [MYTAG][HeartbeatMgr][HttpTransportLayer]: -----------------------------------------
03-15 11:30:08.190 21880  3743 I com.vidure.app: Background young concurrent copying GC freed 120813(17MB) AllocSpace objects, 72(3600KB) LOS objects, 19% free, 85MB/106MB, paused 797us total 144.261ms
03-15 11:30:09.422 21880  3797 V [MYTAG][mail_tcp_socket][ViiSocketMailDataPhraser]: ------------mail---------------
03-15 11:30:09.422 21880  3797 V [MYTAG][mail_tcp_socket][ViiSocketMailDataPhraser]: {"msgid":"battery","info":{"capacity":70,"charge":0},"time":1773574209}
03-15 11:30:09.425 21880  3797 V [MYTAG][mail_tcp_socket][ViiSocketMailDataPhraser]: ------------mail---------------
03-15 11:30:09.425 21880  3797 V [MYTAG][mail_tcp_socket][ViiSocketMailDataPhraser]: {"msgid":"sd","info":{"status":0},"time":1773574209}
03-15 11:30:09.425 21880  4007 W System  : Ignoring header sessionid because its value was null.
03-15 11:30:09.426 21880  3797 V [MYTAG][mail_tcp_socket][RemoteOptor]: ----
03-15 11:30:09.426 21880  3797 V [MYTAG][mail_tcp_socket][RemoteOptor]: [CMD]DEV_SDCARD_STATUS_QUERY
03-15 11:30:09.426 21880  3797 V [MYTAG][mail_tcp_socket][RemoteOptor]: [PARAM]null
03-15 11:30:09.426 21880  3797 V [MYTAG][mail_tcp_socket][HttpTransportLayer]: [HTTP SEND GET]
03-15 11:30:09.426 21880  3797 V [MYTAG][mail_tcp_socket][HttpTransportLayer]: 	 url:http://192.168.0.1:80/app/getsdinfo
03-15 11:30:09.426 21880  4007 I System.out: (HTTPLog)-Static: isSBSettingEnabled false
03-15 11:30:09.426 21880  4007 I System.out: (HTTPLog)-Static: isSBSettingEnabled false
03-15 11:30:09.429 21880  3797 V [MYTAG][main][Device]: 666 dev is connected:true
03-15 11:30:09.464 21880 21880 W ProxyAndroidLoggerBackend: Too many Flogger logs received before configuration. Dropping old logs.
03-15 11:30:09.465 21880  3797 V [MYTAG][mail_tcp_socket][HttpTransportLayer]: [HTTP RSP]
03-15 11:30:09.465 21880  3797 V [MYTAG][mail_tcp_socket][HttpTransportLayer]: 	 errcode:0
03-15 11:30:09.465 21880  3797 V [MYTAG][mail_tcp_socket][HttpTransportLayer]: 	[content]{"result":0,"info":{"status":0,"free":278,"total":1883}}
03-15 11:30:09.465 21880  3797 V [MYTAG][mail_tcp_socket][HttpTransportLayer]: -----------------------------------------
03-15 11:30:09.466 21880 21880 W ProxyAndroidLoggerBackend: Too many Flogger logs received before configuration. Dropping old logs.
03-15 11:30:09.475 21880 21880 I chatty  : uid=10291(com.vidure.app) identical 6 lines
03-15 11:30:09.484 21880 21880 W ProxyAndroidLoggerBackend: Too many Flogger logs received before configuration. Dropping old logs.
03-15 11:30:09.484 21880  3958 W ProxyAndroidLoggerBackend: Too many Flogger logs received before configuration. Dropping old logs.
03-15 11:30:09.493 21880  3797 V [MYTAG][main][Device]: 666 dev is connected:true
03-15 11:30:09.497 21880  3797 V [MYTAG][main][CameraPreviewActivity]: rev msg1:264454
03-15 11:30:09.497 21880  3797 V [MYTAG][main][Device]: 666 dev is connected:true
03-15 11:30:09.497 21880  3797 V [MYTAG][main][CameraPreviewActivity]: rev msg1:589832
03-15 11:30:12.076 21880  4008 W System  : Ignoring header sessionid because its value was null.
03-15 11:30:12.077 21880  4008 I System.out: (HTTPLog)-Static: isSBSettingEnabled false
03-15 11:30:12.077 21880  3797 V [MYTAG][HeartbeatMgr][RemoteOptor]: ----
03-15 11:30:12.077 21880  3797 V [MYTAG][HeartbeatMgr][RemoteOptor]: [CMD]Basic_Msg_MailBox
03-15 11:30:12.077 21880  3797 V [MYTAG][HeartbeatMgr][RemoteOptor]: [PARAM]null
03-15 11:30:12.077 21880  4008 I System.out: (HTTPLog)-Static: isSBSettingEnabled false
03-15 11:30:12.078 21880  3797 V [MYTAG][HeartbeatMgr][HttpTransportLayer]: [HTTP SEND GET]
03-15 11:30:12.078 21880  3797 V [MYTAG][HeartbeatMgr][HttpTransportLayer]: 	 url:http://192.168.0.1:80/app/getparamvalue?param=rec
03-15 11:30:12.107 21880  3797 V [MYTAG][HeartbeatMgr][HttpTransportLayer]: [HTTP RSP]
03-15 11:30:12.107 21880  3797 V [MYTAG][HeartbeatMgr][HttpTransportLayer]: 	 errcode:0
03-15 11:30:12.107 21880  3797 V [MYTAG][HeartbeatMgr][HttpTransportLayer]: 	[content]{"result":0,"info":{"value":1}}
03-15 11:30:12.107 21880  3797 V [MYTAG][HeartbeatMgr][HttpTransportLayer]: -----------------------------------------
03-15 11:30:12.433 21880  3797 V [MYTAG][mail_tcp_socket][ViiSocketMailDataPhraser]: ------------mail---------------
03-15 11:30:12.433 21880  3797 V [MYTAG][mail_tcp_socket][ViiSocketMailDataPhraser]: {"msgid":"battery","info":{"capacity":70,"charge":0},"time":1773574212}
03-15 11:30:12.435 21880  4007 W System  : Ignoring header sessionid because its value was null.
03-15 11:30:12.435 21880  4007 I System.out: (HTTPLog)-Static: isSBSettingEnabled false
03-15 11:30:12.435 21880  4007 I System.out: (HTTPLog)-Static: isSBSettingEnabled false
03-15 11:30:12.435 21880  3797 V [MYTAG][mail_tcp_socket][ViiSocketMailDataPhraser]: ------------mail---------------
03-15 11:30:12.435 21880  3797 V [MYTAG][mail_tcp_socket][ViiSocketMailDataPhraser]: {"msgid":"sd","info":{"status":0},"time":1773574212}
03-15 11:30:12.435 21880  3797 V [MYTAG][mail_tcp_socket][RemoteOptor]: ----
03-15 11:30:12.435 21880  3797 V [MYTAG][mail_tcp_socket][RemoteOptor]: [CMD]DEV_SDCARD_STATUS_QUERY
03-15 11:30:12.435 21880  3797 V [MYTAG][mail_tcp_socket][RemoteOptor]: [PARAM]null
03-15 11:30:12.435 21880  3797 V [MYTAG][mail_tcp_socket][HttpTransportLayer]: [HTTP SEND GET]
03-15 11:30:12.435 21880  3797 V [MYTAG][mail_tcp_socket][HttpTransportLayer]: 	 url:http://192.168.0.1:80/app/getsdinfo
03-15 11:30:12.444 21880  3797 V [MYTAG][main][Device]: 666 dev is connected:true
03-15 11:30:12.467 21880  3797 V [MYTAG][mail_tcp_socket][HttpTransportLayer]: [HTTP RSP]
03-15 11:30:12.467 21880  3797 V [MYTAG][mail_tcp_socket][HttpTransportLayer]: 	 errcode:0
03-15 11:30:12.467 21880  3797 V [MYTAG][mail_tcp_socket][HttpTransportLayer]: 	[content]{"result":0,"info":{"status":0,"free":275,"total":1883}}
