03-15 11:30:51.573 32583  6157 D ReflectedParamUpdater: extent() != 1 for single value type: algo.buffers.max-count.values
03-15 11:30:51.573 32583  6157 D ReflectedParamUpdater: extent() != 1 for single value type: output.subscribed-indices.values
03-15 11:30:51.573 32583  6157 D ReflectedParamUpdater: extent() != 1 for single value type: input.buffers.allocator-ids.values
03-15 11:30:51.573 32583  6157 D ReflectedParamUpdater: extent() != 1 for single value type: output.buffers.allocator-ids.values
03-15 11:30:51.573 32583  6157 D ReflectedParamUpdater: extent() != 1 for single value type: algo.buffers.allocator-ids.values
03-15 11:30:51.573 32583  6157 D ReflectedParamUpdater: extent() != 1 for single value type: output.buffers.pool-ids.values
03-15 11:30:51.574 32583  6157 D ReflectedParamUpdater: extent() != 1 for single value type: algo.buffers.pool-ids.values
03-15 11:30:51.576 32583  6157 I CCodecConfig: query failed after returning 16 values (BAD_INDEX)
03-15 11:30:51.576 32583  6157 D CCodecConfig: c2 config is Dict {
03-15 11:30:51.576 32583  6157 D CCodecConfig:   c2::u32 coded.aac-packaging.value = 0
03-15 11:30:51.576 32583  6157 D CCodecConfig:   c2::u32 coded.bitrate.value = 64000
03-15 11:30:51.576 32583  6157 D CCodecConfig:   c2::u32 coded.pl.level = 0
03-15 11:30:51.576 32583  6157 D CCodecConfig:   c2::u32 coded.pl.profile = 8192
03-15 11:30:51.576 32583  6157 D CCodecConfig:   c2::float coding.drc.attenuation-factor.value = 1
03-15 11:30:51.576 32583  6157 D CCodecConfig:   c2::float coding.drc.boost-factor.value = 1
03-15 11:30:51.576 32583  6157 D CCodecConfig:   c2::i32 coding.drc.compression-mode.value = 3
03-15 11:30:51.576 32583  6157 D CCodecConfig:   c2::i32 coding.drc.effect-type.value = 3
03-15 11:30:51.576 32583  6157 D CCodecConfig:   c2::float coding.drc.encoded-level.value = 0.25
03-15 11:30:51.576 32583  6157 D CCodecConfig:   c2::float coding.drc.reference-level.value = -16
03-15 11:30:51.576 32583  6157 D CCodecConfig:   c2::u32 input.buffers.max-size.value = 8192
03-15 11:30:51.576 32583  6157 D CCodecConfig:   c2::u32 input.delay.value = 0
03-15 11:30:51.576 32583  6157 D CCodecConfig:   string input.media-type.value = "audio/mp4a-latm"
03-15 11:30:51.576 32583  6157 D CCodecConfig:   c2::u32 output.delay.value = 2
03-15 11:30:51.576 32583  6157 D CCodecConfig:   string output.media-type.value = "audio/raw"
03-15 11:30:51.576 32583  6157 D CCodecConfig:   c2::u32 raw.channel-count.value = 1
03-15 11:30:51.576 32583  6157 D CCodecConfig:   c2::u32 raw.sample-rate.value = 44100
03-15 11:30:51.576 32583  6157 D CCodecConfig: }
03-15 11:30:51.577 32583  6157 D CCodecConfig: no c2 equivalents for durationUs
03-15 11:30:51.577 32583  6157 D CCodecConfig: no c2 equivalents for isDMCMMExtractor
03-15 11:30:51.577 32583  6157 D CCodecConfig: no c2 equivalents for track-fourcc
03-15 11:30:51.577 32583  6157 D CCodecConfig: no c2 equivalents for bits-per-sample
03-15 11:30:51.577 32583  6157 D CCodecConfig: no c2 equivalents for track-id
03-15 11:30:51.577 32583  6157 D CCodecConfig: no c2 equivalents for language
03-15 11:30:51.577 32583  6157 D CCodecConfig: no c2 equivalents for encoder-delay
03-15 11:30:51.577 32583  6157 D CCodecConfig: no c2 equivalents for encoder-padding
03-15 11:30:51.577 32583  6157 D CCodecConfig: no c2 equivalents for aac-profile
03-15 11:30:51.577 32583  6157 D CCodecConfig: config failed => CORRUPTED
03-15 11:30:51.577 32583  6157 W Codec2Client: query -- param skipped: index = 1107298332.
03-15 11:30:51.577 32583  6157 D CCodec  : setup formats input: AMessage(what = 0x00000000) = {
03-15 11:30:51.577 32583  6157 D CCodec  :   int32_t channel-count = 1
03-15 11:30:51.577 32583  6157 D CCodec  :   int32_t level = 0
03-15 11:30:51.577 32583  6157 D CCodec  :   int32_t max-input-size = 1572864
03-15 11:30:51.577 32583  6157 D CCodec  :   string mime = "audio/mp4a-latm"
03-15 11:30:51.577 32583  6157 D CCodec  :   int32_t profile = 2
03-15 11:30:51.577 32583  6157 D CCodec  :   int32_t sample-rate = 44100
03-15 11:30:51.577 32583  6157 D CCodec  :   int64_t durationUs = 348299
03-15 11:30:51.577 32583  6157 D CCodec  : } and output: AMessage(what = 0x00000000) = {
03-15 11:30:51.577 32583  6157 D CCodec  :   int32_t channel-count = 1
03-15 11:30:51.577 32583  6157 D CCodec  :   string mime = "audio/raw"
03-15 11:30:51.577 32583  6157 D CCodec  :   int32_t sample-rate = 44100
03-15 11:30:51.577 32583  6157 D CCodec  :   int32_t encoder-delay = 1717
03-15 11:30:51.577 32583  6157 D CCodec  :   int32_t encoder-padding = 919
03-15 11:30:51.577 32583  6157 D CCodec  : }
03-15 11:30:51.584 32583  6157 W Codec2Client: query -- param skipped: index = 1342179345.
03-15 11:30:51.584 32583  6157 W Codec2Client: query -- param skipped: index = 2415921170.
03-15 11:30:51.584 32583  6157 W Codec2Client: query -- param skipped: index = 1610614798.
03-15 11:30:51.586 32583  6157 D CCodecBufferChannel: [c2.android.aac.decoder#102] Created input block pool with allocatorID 16 => poolID 17 - OK (0)
03-15 11:30:51.588 32583  6157 I CCodecBufferChannel: [c2.android.aac.decoder#102] Created output block pool with allocatorID 16 => poolID 21 - OK
03-15 11:30:51.588 32583  6157 D CCodecBufferChannel: [c2.android.aac.decoder#102] Configured output block pool ids 21 => OK
03-15 11:30:51.589 32583  6157 E C2AllocatorIon: >>>SEC mapUsage Mapper1 2000000
03-15 11:30:51.590 32583  6157 E ion     : ioctl c0044901 failed with code -1: Invalid argument
03-15 11:30:51.590 32583  6157 E C2AllocatorIon: >>>SEC C2AllocatorIon::mapUsage ion_is_legacy++++++++
03-15 11:30:51.590 32583  6157 E C2AllocatorIon: >>>SEC mapUsage	0, 2000000
03-15 11:30:51.592 32583 32583 D ViewRootImpl@9e19b73[CameraPreviewActivity]: Relayout returned: old=(0,0,2560,1600) new=(0,0,2560,1600) req=(2560,1600)0 dur=10 res=0x7 s={true 530015784960} ch=true
03-15 11:30:51.593 32583  5937 D OpenGLRenderer: createReliableSurface : 0x7b939de300(0x7b67671000)
03-15 11:30:51.596 32583  5942 V [MYTAG][main][DadaTplViewLayout]: 66351716 onSizeChanged: width:2560,height:1600,timeSynchronizer:null
03-15 11:30:51.599 32583  6155 V NuMediaExtractor: selectTrack, track[0]: audio/mp4a-latm
03-15 11:30:51.604 32583 32583 D SurfaceView: surfaceCreated 1 #8 com.vidure.libs.video.mc.ai.VideoGLSurfaceView{54ab53a V.E...... ......ID 0,0-2560,1600 #7f09062f app:id/texture_surface_view}
03-15 11:30:51.605 32583 32583 D SurfaceView: surfaceChanged (2560,1600) 1 #8 com.vidure.libs.video.mc.ai.VideoGLSurfaceView{54ab53a V.E...... ......ID 0,0-2560,1600 #7f09062f app:id/texture_surface_view}
03-15 11:30:51.606 32583  5937 D OpenGLRenderer: makeCurrent EglSurface : 0x7b67535400 -> 0x7b4e8dca80
03-15 11:30:51.607 32583  6009 I System.out: (HTTPLog)-Static: isSBSettingEnabled false
03-15 11:30:51.607 32583  6009 I System.out: (HTTPLog)-Static: isSBSettingEnabled false
03-15 11:30:51.616 32583  5942 D [MYTAG][GLThread 22856][VideoRenderer]: onSurfaceCreated
03-15 11:30:51.618 32583 32583 D ViewRootImpl@6da9899[MainActivity]: MSG_WINDOW_FOCUS_CHANGED 0 1
03-15 11:30:51.618 32583 32583 D InputMethodManager: prepareNavigationBarInfo() DecorView@a7771fe[MainActivity]
03-15 11:30:51.618 32583 32583 D InputMethodManager: getNavigationBarColor() -1
03-15 11:30:51.619 32583  5942 V [MYTAG][main][MainActivity]: MainActivity onWindowFocusChanged...false
03-15 11:30:51.619 32583  5942 D [MYTAG][main][GoogleMapAdapter]: onStop
03-15 11:30:51.620 32583  6136 W ProxyAndroidLoggerBackend: Too many Flogger logs received before configuration. Dropping old logs.
03-15 11:30:51.622 32583 32583 D ViewRootImpl@6da9899[MainActivity]: stopped(true) old=false
03-15 11:30:51.622 32583  5942 V [MYTAG][GLThread 22856][IjkPreviewPlayer]: onSurfaceCreated
03-15 11:30:51.622 32583  5942 I [MYTAG][GLThread 22856][VideoRenderer]: onSurfaceChanged，width: 2560, height: 1600
03-15 11:30:51.622 32583  5942 V [MYTAG][GLThread 22856][IjkPreviewPlayer]: [onSurfaceChanged] width:2560,height:1600
03-15 11:30:51.623 32583 32583 D ConnectivityManager: unregisterNetworkCallback; CallingUid : 10291, CallingPid : 32583
03-15 11:30:51.625 32583  5942 V [MYTAG][main][MainActivity]: MainActivity onStop...
03-15 11:30:51.625 32583  5942 V [MYTAG][main][CameraTabFragment]: CameraTabFragment onStop...
03-15 11:30:51.625 32583  5942 V [MYTAG][main][AlbumTabFragment]: AlbumTabFragment onStop...
03-15 11:30:51.626 32583  5942 V [MYTAG][main][AiEditorTabFragment]: AiEditorTabFragment onStop...
03-15 11:30:51.626 32583  5942 V [MYTAG][main][VMeTabFragment]: VMeTabFragment onStop...
03-15 11:30:51.639 32583 32583 D ViewRootImpl@c6db018[CameraPreviewActivity]: MSG_WINDOW_FOCUS_CHANGED 1 1
03-15 11:30:51.639 32583 32583 D InputMethodManager: prepareNavigationBarInfo() DecorView@4c8ed2c[CameraPreviewActivity]
03-15 11:30:51.640 32583 32583 D InputMethodManager: getNavigationBarColor() -855310
03-15 11:30:51.640 32583 32583 D InputMethodManager: prepareNavigationBarInfo() DecorView@4c8ed2c[CameraPreviewActivity]
03-15 11:30:51.640 32583 32583 D InputMethodManager: getNavigationBarColor() -855310
03-15 11:30:51.640 32583 32583 V InputMethodManager: Starting input: tba=com.vidure.app ic=null mNaviBarColor -855310 mIsGetNaviBarColorSuccess true , NavVisible : true , NavTrans : false
03-15 11:30:51.640 32583 32583 D InputMethodManager: startInputInner - Id : 0
03-15 11:30:51.640 32583 32583 I InputMethodManager: startInputInner - mService.startInputOrWindowGainedFocus
03-15 11:30:51.643 32583 32583 D InputTransport: Input channel destroyed: 'ClientS', fd=101
03-15 11:30:51.645 32583 32583 D ViewRootImpl@c6db018[CameraPreviewActivity]: MSG_RESIZED_REPORT: frame=(1165,658,1395,888) ci=(0,0,0,0) vi=(0,0,0,0) or=2
03-15 11:30:51.645 32583  6157 I MediaCodec: Codec shutdown complete
03-15 11:30:51.647 32583  6155 V NuMediaExtractor: NuMediaExtractor destructor
03-15 11:30:51.653 32583 32583 D ViewRootImpl@52e11a8[Toast]: setView = android.widget.TextView@deee4c1 TM=true MM=false
03-15 11:30:51.657 32583 32583 D ViewRootImpl@9e19b73[CameraPreviewActivity]: Relayout returned: old=(0,0,2560,1600) new=(0,0,2560,1600) req=(2560,1600)0 dur=3 res=0x3 s={true 530015784960} ch=false
03-15 11:30:51.671 32583  5937 D OpenGLRenderer: makeCurrent EglSurface : 0x7b4e8dca80 -> 0x7b67535400
03-15 11:30:51.679 32583 32583 D ViewRootImpl@52e11a8[Toast]: Relayout returned: old=(0,54,2560,1492) new=(978,1197,1582,1312) req=(604,115)0 dur=6 res=0x7 s={true 529772179456} ch=true
03-15 11:30:51.679 32583  5937 D OpenGLRenderer: createReliableSurface : 0x7b58e2d500(0x7b58e1f000)
03-15 11:30:51.680 32583  5937 D OpenGLRenderer: makeCurrent EglSurface : 0x7b67535400 -> 0x7b4e8dcc80
03-15 11:30:51.686 32583 32583 D ViewRootImpl@9e19b73[CameraPreviewActivity]: MSG_RESIZED_REPORT: frame=(0,0,2560,1600) ci=(0,54,0,108) vi=(0,54,0,108) or=2
03-15 11:30:51.693 32583  5937 D OpenGLRenderer: makeCurrent EglSurface : 0x7b4e8dcc80 -> 0x7b4e8dca80
03-15 11:30:51.694 32583 32583 D ViewRootImpl@52e11a8[Toast]: MSG_RESIZED_REPORT: frame=(978,1197,1582,1312) ci=(0,0,0,0) vi=(0,0,0,0) or=2
03-15 11:30:51.695 32583  5937 D OpenGLRenderer: makeCurrent EglSurface : 0x7b4e8dca80 -> 0x7b4e8dcc80
03-15 11:30:51.697 32583  5937 D OpenGLRenderer: makeCurrent EglSurface : 0x7b4e8dcc80 -> 0x7b4e8dca80
03-15 11:30:51.715 32583  5937 D OpenGLRenderer: makeCurrent EglSurface : 0x7b4e8dca80 -> 0x7b67535400
03-15 11:30:51.728 32583  5937 D OpenGLRenderer: makeCurrent EglSurface : 0x7b67535400 -> 0x7b4e8dca80
03-15 11:30:51.838 32583  5942 V [MYTAG][pool-25-thread-1][toPlayLive]: runnable  is start.
03-15 11:30:51.838 32583  6158 W System  : Ignoring header sessionid because its value was null.
03-15 11:30:51.838 32583  5942 V [MYTAG][pool-25-thread-1][VidureSDK]: found module: module_camera  SDK isInited: false
03-15 11:30:51.838 32583  6158 I System.out: (HTTPLog)-Static: isSBSettingEnabled false
03-15 11:30:51.838 32583  6158 I System.out: (HTTPLog)-Static: isSBSettingEnabled false
03-15 11:30:51.838 32583  5942 V [MYTAG][pool-25-thread-1][RemoteOptor]: ----
03-15 11:30:51.838 32583  5942 V [MYTAG][pool-25-thread-1][RemoteOptor]: [CMD]Media_Video_GetStreamUrl
03-15 11:30:51.838 32583  5942 V [MYTAG][pool-25-thread-1][RemoteOptor]: [PARAM]null
03-15 11:30:51.838 32583  5942 V [MYTAG][pool-25-thread-1][HttpTransportLayer]: [HTTP SEND GET]
03-15 11:30:51.838 32583  5942 V [MYTAG][pool-25-thread-1][HttpTransportLayer]: 	 url:http://192.168.0.1:80/app/getmediainfo
03-15 11:30:51.862 32583  5937 D OpenGLRenderer: makeCurrent EglSurface : 0x7b4e8dca80 -> 0x7b67535400
03-15 11:30:51.877 32583  5937 D OpenGLRenderer: makeCurrent EglSurface : 0x7b67535400 -> 0x7b4e8dca80
03-15 11:30:51.879 32583  5942 V [MYTAG][pool-25-thread-1][HttpTransportLayer]: [HTTP RSP]
03-15 11:30:51.879 32583  5942 V [MYTAG][pool-25-thread-1][HttpTransportLayer]: 	 errcode:0
03-15 11:30:51.879 32583  5942 V [MYTAG][pool-25-thread-1][HttpTransportLayer]: 	[content]{"result":0,"info":{"rtsp":"rtsp://192.168.0.1/live/tcp/ch1","transport":"tcp","port":"6035"}}
03-15 11:30:51.879 32583  5942 V [MYTAG][pool-25-thread-1][HttpTransportLayer]: -----------------------------------------
03-15 11:30:51.879 32583  5942 V [MYTAG][pool-25-thread-1][IjkPreviewPlayer]: setMediaPath:rtsp://192.168.0.1/live/tcp/ch1, tcp:true,isFindStreamInfo:false,isHwDecode:false,isMirrored:false
03-15 11:30:51.879 32583  5942 V [MYTAG][pool-11-thread-8][ijk_preview_playing]: runnable  is start.
03-15 11:30:51.879 32583  5942 V [MYTAG][pool-11-thread-8][IjkPreviewPlayer]: init media player.
03-15 11:30:51.883 32583  5986 D J4A     : J4ALoader: OK: 'android.os.Build$VERSION' loaded
03-15 11:30:51.883 32583  5986 D J4A     : J4ALoader: OK: 'android.os.Build' loaded
03-15 11:30:51.883 32583  5986 D J4A     : J4ALoader: OK: 'java.nio.Buffer' loaded
03-15 11:30:51.883 32583  5986 D J4A     : J4ALoader: OK: 'java.nio.ByteBuffer' loaded
03-15 11:30:51.883 32583  5986 D J4A     : J4ALoader: OK: 'java.util.ArrayList' loaded
03-15 11:30:51.884 32583  5986 I J4A     : API-Level: 29
03-15 11:30:51.884 32583  5986 D J4A     : J4ALoader: OK: 'android.media.AudioTrack' loaded
03-15 11:30:51.884 32583  5986 D J4A     : J4ALoader: OK: 'android.media.MediaCodec$BufferInfo' loaded
03-15 11:30:51.884 32583  5986 D J4A     : J4ALoader: OK: 'android.media.MediaCodec' loaded
03-15 11:30:51.884 32583  5986 D J4A     : J4ALoader: OK: 'android.media.MediaFormat' loaded
03-15 11:30:51.884 32583  5986 D J4A     : J4ALoader: OK: 'android.media.PlaybackParams' loaded
03-15 11:30:51.884 32583  5986 D J4A     : J4ALoader: OK: 'android.os.Bundle' loaded
03-15 11:30:51.884 32583  5986 D J4A     : J4ALoader: OK: 'tv.danmaku.ijk.media.player.misc.IMediaDataSource' loaded
03-15 11:30:51.884 32583  5986 D J4A     : J4ALoader: OK: 'tv.danmaku.ijk.media.player.misc.IAndroidIO' loaded
03-15 11:30:51.884 32583  5986 D J4A     : J4ALoader: OK: 'tv.danmaku.ijk.media.player.IjkMediaPlayer' loaded
03-15 11:30:51.886 32583  5986 D IJKMEDIA: ijkmediaplayer version : c7f2c7e5
03-15 11:30:51.886 32583  5986 D IJKMEDIA: IjkMediaPlayer_native_init
03-15 11:30:51.886 32583  5986 D IJKMEDIA: IjkMediaPlayer_native_setup
03-15 11:30:51.886 32583  5986 I IJKMEDIA: av_version_info: df628bca
03-15 11:30:51.886 32583  5986 I IJKMEDIA: ijk_version_info: c7f2c7e5
03-15 11:30:51.886 32583  5986 D IJKMEDIA: ffpipeline_create_from_android()
03-15 11:30:51.886 32583  5986 D IJKMEDIA: ijkmp_set_inject_opaque(0x40e2)
03-15 11:30:51.886 32583  5986 D IJKMEDIA: ijkmp_set_inject_opaque()=void
03-15 11:30:51.886 32583  5986 D IJKMEDIA: ijkmp_set_ijkio_inject_opaque(0x40e2)
03-15 11:30:51.887 32583  5986 D IJKMEDIA: ijkmp_set_ijkio_inject_opaque()=void
03-15 11:30:51.887 32583  5986 D IJKMEDIA: ijkmp_android_set_mediacodec_select_callback()
03-15 11:30:51.887 32583  5986 D IJKMEDIA: ffpipeline_set_mediacodec_select_callback
03-15 11:30:51.887 32583  5986 D IJKMEDIA: ijkmp_android_set_mediacodec_select_callback()=void
03-15 11:30:51.887 32583  5986 D IJKMEDIA: IjkMediaPlayer_native_profileBegin
03-15 11:30:51.887 32583  5986 D aprof-fake: fake-monstartup libijkplayer.so
03-15 11:30:51.887 32583  5986 D IJKMEDIA: monstartup: libijkplayer.so
03-15 11:30:51.887 32583  5986 D IJKMEDIA: IjkMediaPlayer_setVideoSurface
03-15 11:30:51.887 32583  5986 D IJKMEDIA: ijkmp_set_android_surface(surface=0x7b7843ca48)
03-15 11:30:51.887 32583  5986 D IJKMEDIA: ffpipeline_set_surface()
03-15 11:30:51.887 32583  5986 D IJKMEDIA: ijkmp_set_android_surface(surface=0x7b7843ca48)=void
03-15 11:30:51.887 32583  5986 D IJKMEDIA: IjkMediaPlayer_setVolume
03-15 11:30:51.887 32583  5986 D IJKMEDIA: ijkmp_android_set_volume(0.000000, 0.000000)
03-15 11:30:51.887 32583  5986 D IJKMEDIA: ffpipeline_set_volume
03-15 11:30:51.887 32583  5986 D IJKMEDIA: ijkmp_android_set_volume(0.000000, 0.000000)=void
03-15 11:30:51.887 32583  5986 D IJKMEDIA: IjkMediaPlayer_setOptionLong
03-15 11:30:51.887 32583  5986 I chatty  : uid=10291(com.vidure.app) pool-11-thread- identical 3 lines
03-15 11:30:51.887 32583  5986 D IJKMEDIA: IjkMediaPlayer_setOptionLong
03-15 11:30:51.887 32583  5986 D IJKMEDIA: IjkMediaPlayer_setOption
03-15 11:30:51.887 32583  5986 D IJKMEDIA: IjkMediaPlayer_setOptionLong
03-15 11:30:51.887 32583  5986 I chatty  : uid=10291(com.vidure.app) pool-11-thread- identical 1 line
03-15 11:30:51.887 32583  5986 D IJKMEDIA: IjkMediaPlayer_setOptionLong
03-15 11:30:51.887 32583  5986 D IJKMEDIA: IjkMediaPlayer_setOption
03-15 11:30:51.887 32583  5986 I chatty  : uid=10291(com.vidure.app) pool-11-thread- identical 1 line
03-15 11:30:51.887 32583  5986 D IJKMEDIA: IjkMediaPlayer_setOption
03-15 11:30:51.887 32583  5986 D IJKMEDIA: IjkMediaPlayer_setOptionLong
03-15 11:30:51.888 32583  5986 I chatty  : uid=10291(com.vidure.app) pool-11-thread- identical 8 lines
03-15 11:30:51.888 32583  5986 D IJKMEDIA: IjkMediaPlayer_setOptionLong
03-15 11:30:51.888 32583  5986 D IJKMEDIA: IjkMediaPlayer_setOption
03-15 11:30:51.888 32583  5986 D IJKMEDIA: IjkMediaPlayer_setOption
03-15 11:30:51.888 32583  5986 D IJKMEDIA: IjkMediaPlayer_setOptionLong
03-15 11:30:51.888 32583  5986 I chatty  : uid=10291(com.vidure.app) pool-11-thread- identical 9 lines
03-15 11:30:51.888 32583  5986 D IJKMEDIA: IjkMediaPlayer_setOptionLong
03-15 11:30:51.888 32583  5986 D IJKMEDIA: IjkMediaPlayer_setDataSourceAndHeaders
03-15 11:30:51.888 32583  5986 V IJKMEDIA: setDataSource: path rtsp://192.168.0.1/live/tcp/ch1
03-15 11:30:51.888 32583  5986 D IJKMEDIA: ijkmp_set_data_source(url="rtsp://192.168.0.1/live/tcp/ch1")
03-15 11:30:51.888 32583  5986 D IJKMEDIA: ijkmp_set_data_source(url="rtsp://192.168.0.1/live/tcp/ch1")=0
03-15 11:30:51.888 32583  5986 D IJKMEDIA: IjkMediaPlayer_prepareAsync
03-15 11:30:51.888 32583  5986 D IJKMEDIA: ijkmp_prepare_async()
03-15 11:30:51.888 32583  5986 W IJKMEDIA: remove 'timeout' option for rtmp.
03-15 11:30:51.888 32583  5986 I IJKMEDIA: ===== versions =====
03-15 11:30:51.888 32583  5986 I IJKMEDIA: ijkplayer    : c7f2c7e5
03-15 11:30:51.888 32583  6172 I IJKMEDIA: SDL_RunThread: [6172] ff_msg_loop
03-15 11:30:51.888 32583  5986 I IJKMEDIA: FFmpeg       : df628bca
03-15 11:30:51.888 32583  6172 D IJKMEDIA: message_loop
03-15 11:30:51.888 32583  5986 I IJKMEDIA: libavutil    : 55.78.100
03-15 11:30:51.888 32583  5986 I IJKMEDIA: libavcodec   : 57.107.100
03-15 11:30:51.888 32583  5986 I IJKMEDIA: libavformat  : 57.83.100
03-15 11:30:51.888 32583  5986 I IJKMEDIA: libswscale   : 4.8.100
03-15 11:30:51.888 32583  5986 I IJKMEDIA: libswresample: 2.9.100
03-15 11:30:51.888 32583  5986 I IJKMEDIA: ===== options =====
03-15 11:30:51.888 32583  5986 I IJKMEDIA: player-opts : mediacodec-hevc              = 0
03-15 11:30:51.888 32583  5986 I IJKMEDIA: player-opts : mediacodec                   = 0
03-15 11:30:51.888 32583  5986 I IJKMEDIA: player-opts : reconnect                    = 5
03-15 11:30:51.888 32583  5986 I IJKMEDIA: player-opts : packet-buffering             = 0
03-15 11:30:51.888 32583  5986 I IJKMEDIA: player-opts : max-buffer-size              = 2097152
03-15 11:30:51.888 32583  5986 I IJKMEDIA: player-opts : protocol_whitelist           = file,udp,tcp,http,rtp
03-15 11:30:51.888 32583  5986 I IJKMEDIA: player-opts : overlay-format               = fcc-_es2
03-15 11:30:51.888 32583  5986 I IJKMEDIA: player-opts : framedrop                    = 60
03-15 11:30:51.888 32583  5986 I IJKMEDIA: player-opts : start-on-prepared            = 1
03-15 11:30:51.888 32583  5986 I IJKMEDIA: player-opts : find_stream_info             = 0
03-15 11:30:51.888 32583  5986 I IJKMEDIA: player-opts : infbuf                       = 1
03-15 11:30:51.888 32583  6172 D IJKMEDIA: FFP_MSG_FLUSH:
03-15 11:30:51.888 32583  5986 I IJKMEDIA: player-opts : video-pictq-size             = 12
03-15 11:30:51.888 32583  5986 I IJKMEDIA: player-opts : video-pictq-size-min         = 3
03-15 11:30:51.888 32583  5986 I IJKMEDIA: player-opts : video-pictq-size-max         = 6
03-15 11:30:51.888 32583  5986 I IJKMEDIA: player-opts : an                           = 1
03-15 11:30:51.888 32583  5986 I IJKMEDIA: player-opts : preview                      = 1
03-15 11:30:51.888 32583  5986 I IJKMEDIA: player-opts : low_delay                    = 1
03-15 11:30:51.888 32583  5986 I IJKMEDIA: player-opts : keyframe_start               = 1
03-15 11:30:51.888 32583  5986 I IJKMEDIA: player-opts : send_teardown                = 1
03-15 11:30:51.888 32583  5986 I IJKMEDIA: player-opts : preview_drop_firstframe      = 30
03-15 11:30:51.888 32583  5986 I IJKMEDIA: format-opts : ijkapplication               = 530011390848
03-15 11:30:51.888 32583  5986 I IJKMEDIA: format-opts : ijkiomanager                 = 530759592576
03-15 11:30:51.888 32583  5986 I IJKMEDIA: format-opts : formatprobesize              = 102400
03-15 11:30:51.888 32583  5986 I IJKMEDIA: format-opts : dns_cache_clear              = 1
03-15 11:30:51.888 32583  5986 I IJKMEDIA: format-opts : rtsp_transport               = tcp
03-15 11:30:51.888 32583  5986 I IJKMEDIA: format-opts : analyzemaxduration           = 100
03-15 11:30:51.888 32583  5986 I IJKMEDIA: format-opts : stimeout                     = 5000000
03-15 11:30:51.888 32583  5986 I IJKMEDIA: format-opts : http-detect-range-support    = 0
03-15 11:30:51.888 32583  5986 I IJKMEDIA: format-opts : probesize                    = 1048576
03-15 11:30:51.888 32583  5986 I IJKMEDIA: format-opts : analyzeduration              = 3000000
03-15 11:30:51.888 32583  5986 I IJKMEDIA: format-opts : flush_packets                = 1
03-15 11:30:51.888 32583  5986 I IJKMEDIA: format-opts : sync                         = ext
03-15 11:30:51.888 32583  5986 I IJKMEDIA: format-opts : fflags                       = nobuffer
03-15 11:30:51.888 32583  5986 I IJKMEDIA: codec-opts  : skip_frame                   = 5
03-15 11:30:51.888 32583  5986 I IJKMEDIA: codec-opts  : skip_loop_filter             = 16
03-15 11:30:51.888 32583  5986 I IJKMEDIA: ===================
03-15 11:30:51.889 32583  5986 I IJKMEDIA: frame queue init size: 12,final size:12
03-15 11:30:51.889 32583  5986 I IJKMEDIA: frame queue init size: 16,final size:16
03-15 11:30:51.889 32583  5986 I IJKMEDIA: frame queue init size: 30,final size:30
03-15 11:30:51.889 32583  6173 I IJKMEDIA: SDL_RunThread: [6173] ff_vout
03-15 11:30:51.889 32583  5986 D IJKMEDIA: ijkmp_prepare_async()=0
03-15 11:30:51.889 32583  6173 I IJKMEDIA: is preview:1
03-15 11:30:51.889 32583  6174 I IJKMEDIA: SDL_RunThread: [6174] ff_read
03-15 11:30:51.889 32583  6174 I IJKMEDIA: scan_all_pmts_set:1.
03-15 11:30:51.889 32583  6174 W IJKMEDIA: remove 'timeout' option for rtmp or rtsp.
03-15 11:30:51.889 32583  6174 I IJKMEDIA:  start to open input rtsp://192.168.0.1/live/tcp/ch1.
03-15 11:30:51.890 32583  5942 V [MYTAG][pool-11-thread-8][ijk_preview_playing]: runnable  is end.
03-15 11:30:51.890 32583  6174 I IJKMEDIA: will delete cache entry, hostname = 192.168.0.1
03-15 11:30:51.892 32583  6174 I IJKMEDIA: Add dns cache hostname = 192.168.0.1, ip = 
03-15 11:30:52.010 32583  5937 D OpenGLRenderer: makeCurrent EglSurface : 0x7b4e8dca80 -> 0x7b67535400
03-15 11:30:52.051 32583  6174 I IJKMEDIA:  end to open input rtsp://192.168.0.1/live/tcp/ch1.
03-15 11:30:52.051 32583  6174 E IJKMEDIA: Option ijkapplication not found.
03-15 11:30:52.051 32583  6174 I IJKMEDIA: max_frame_duration: 10.000
03-15 11:30:52.051 32583  6174 I IJKMEDIA: Input #0, rtsp, from 'rtsp://192.168.0.1/live/tcp/ch1':
03-15 11:30:52.051 32583  6174 I IJKMEDIA:   Metadata:
03-15 11:30:52.051 32583  6174 I IJKMEDIA:     is_network_stream: 
03-15 11:30:52.051 32583  6174 I IJKMEDIA: 0
03-15 11:30:52.051 32583  6174 I IJKMEDIA: 
03-15 11:30:52.051 32583  6174 I IJKMEDIA:     title           : 
03-15 11:30:52.051 32583  6174 I IJKMEDIA: SGK
03-15 11:30:52.051 32583  6172 D IJKMEDIA: FFP_MSG_OPEN_INPUT:
03-15 11:30:52.051 32583  6174 I IJKMEDIA: 
03-15 11:30:52.051 32583  6174 I IJKMEDIA:   Duration: 
03-15 11:30:52.051 32583  6174 I IJKMEDIA: N/A
03-15 11:30:52.051 32583  6174 I IJKMEDIA: , bitrate: 
03-15 11:30:52.051 32583  6174 I IJKMEDIA: N/A
03-15 11:30:52.051 32583  6174 I IJKMEDIA: 
03-15 11:30:52.051 32583  6174 I IJKMEDIA:     Stream #0:0
03-15 11:30:52.051 32583  6174 I IJKMEDIA: : Video: h264, none
03-15 11:30:52.051 32583  6174 I IJKMEDIA: , 
03-15 11:30:52.051 32583  6174 I IJKMEDIA: 90k tbn
03-15 11:30:52.051 32583  6174 I IJKMEDIA: 
03-15 11:30:52.051 32583  6174 I IJKMEDIA:     Stream #0:1
03-15 11:30:52.051 32583  6174 I IJKMEDIA: : Audio: pcm_alaw, 16000 Hz, 1 channels, 128 kb/s
03-15 11:30:52.051 32583  6174 I IJKMEDIA: 
03-15 11:30:52.051 32583  6174 I IJKMEDIA: find the video st index: 0
03-15 11:30:52.051 32583  6174 I IJKMEDIA: find the audio st index: -1
03-15 11:30:52.051 32583  6174 I IJKMEDIA: find the subtitle st index: -1381258232
03-15 11:30:52.051 32583  6174 I IJKMEDIA: is realtime:1 ,use main clock: 2 
03-15 11:30:52.051 32583  6174 I IJKMEDIA: is preview:1, is use low delay:1
03-15 11:30:52.052 32583  5942 V [MYTAG][main][IjkPreviewPlayer]: [onInfo]onInfo:what:10005,extra:0
03-15 11:30:52.054 32583  6174 E IJKMEDIA: mediacodec failed, now use ffpipenode_create_video_decoder_from_ffplay
03-15 11:30:52.054 32583  6174 I IJKMEDIA: VideoCodec: avcodec, h264
03-15 11:30:52.054 32583  6184 I IJKMEDIA: SDL_RunThread: [6184] ff_video_dec
03-15 11:30:52.054 32583  6172 D IJKMEDIA: FFP_MSG_COMPONENT_OPEN:
03-15 11:30:52.054 32583  6172 D IJKMEDIA: FFP_MSG_VIDEO_SIZE_CHANGED: 0, 0
03-15 11:30:52.054 32583  6172 D IJKMEDIA: FFP_MSG_SAR_CHANGED: 0, 1
03-15 11:30:52.054 32583  6172 D IJKMEDIA: ijkmp_get_msg: FFP_MSG_PREPARED
03-15 11:30:52.054 32583  6172 D IJKMEDIA: FFP_MSG_PREPARED:
03-15 11:30:52.054 32583  6172 D IJKMEDIA: FFP_MSG_VIDEO_ROTATION_CHANGED: 0
03-15 11:30:52.054 32583  5942 V [MYTAG][main][IjkPreviewPlayer]: [onInfo]onInfo:what:10007,extra:0
03-15 11:30:52.054 32583  5942 V [MYTAG][main][IjkPreviewPlayer]: [onVideoSizeChanged]player vvideo width(0) or height(0)
03-15 11:30:52.054 32583  5942 V [MYTAG][main][IjkPreviewPlayer]: [onVideoSizeChanged]player vvideo width(0) or height(0)
03-15 11:30:52.054 32583  5942 V [MYTAG][main][IjkPreviewPlayer]: onPrepared...
03-15 11:30:52.055 32583  5942 V [MYTAG][main][IjkPreviewPlayer]: [onInfo]onInfo:what:10001,extra:0
03-15 11:30:52.151 32583  6184 I IJKMEDIA: first drop frame count 0 
03-15 11:30:52.180 32583  5942 V [MYTAG][pool-25-thread-1][IjkPreviewPlayer]: wait preview first frame show: 300
03-15 11:30:52.185 32583  6184 I IJKMEDIA: first drop frame count 1 
03-15 11:30:52.227 32583  6184 I IJKMEDIA: first drop frame count 2 
03-15 11:30:52.267 32583  6184 I IJKMEDIA: first drop frame count 3 
03-15 11:30:52.307 32583  6184 I IJKMEDIA: first drop frame count 4 
03-15 11:30:52.335 32583  6184 I IJKMEDIA: first drop frame count 5 
03-15 11:30:52.386 32583  6184 I IJKMEDIA: first drop frame count 6 
03-15 11:30:52.430 32583  6184 I IJKMEDIA: first drop frame count 7 
03-15 11:30:52.467 32583  6184 I IJKMEDIA: first drop frame count 8 
03-15 11:30:52.480 32583  5942 V [MYTAG][pool-25-thread-1][IjkPreviewPlayer]: wait preview first frame show: 600
03-15 11:30:52.507 32583  6184 I IJKMEDIA: first drop frame count 9 
03-15 11:30:52.546 32583  6184 I IJKMEDIA: first drop frame count 10 
03-15 11:30:52.573 32583  5937 D OpenGLRenderer: makeCurrent EglSurface : 0x7b67535400 -> 0x7b4e8dca80
03-15 11:30:52.587 32583  6184 I IJKMEDIA: first drop frame count 11 
03-15 11:30:52.607 32583  5937 D OpenGLRenderer: makeCurrent EglSurface : 0x7b4e8dca80 -> 0x7b67535400
03-15 11:30:52.629 32583  6184 I IJKMEDIA: first drop frame count 12 
03-15 11:30:52.667 32583  6184 I IJKMEDIA: first drop frame count 13 
03-15 11:30:52.707 32583  6184 I IJKMEDIA: first drop frame count 14 
03-15 11:30:52.748 32583  6184 I IJKMEDIA: first drop frame count 15 
03-15 11:30:52.770 32583  6011 W Settings: Setting adb_enabled has moved from android.provider.Settings.Secure to android.provider.Settings.Global.
03-15 11:30:52.777 32583  6012 I System.out: (HTTPLog)-Static: isSBSettingEnabled false
03-15 11:30:52.777 32583  6012 I System.out: (HTTPLog)-Static: isSBSettingEnabled false
03-15 11:30:52.780 32583  5942 V [MYTAG][pool-25-thread-1][IjkPreviewPlayer]: wait preview first frame show: 900
03-15 11:30:52.787 32583  6184 I IJKMEDIA: first drop frame count 16 
03-15 11:30:52.810 32583  6185 D ProfileInstaller: Skipping profile installation for com.vidure.app
03-15 11:30:52.826 32583  6184 I IJKMEDIA: first drop frame count 17 
03-15 11:30:52.870 32583  6184 I IJKMEDIA: first drop frame count 18 
03-15 11:30:52.883 32583  6011 I System.out: (HTTPLog)-Static: isSBSettingEnabled false
03-15 11:30:52.895 32583  6011 I chatty  : uid=10291(com.vidure.app) fin-1-thread-3 identical 2 lines
03-15 11:30:52.895 32583  6011 I System.out: (HTTPLog)-Static: isSBSettingEnabled false
03-15 11:30:52.907 32583  6184 I IJKMEDIA: first drop frame count 19 
03-15 11:30:52.949 32583  6184 I IJKMEDIA: first drop frame count 20 
03-15 11:30:52.987 32583  6184 I IJKMEDIA: first drop frame count 21 
03-15 11:30:53.027 32583  6184 I IJKMEDIA: first drop frame count 22 
03-15 11:30:53.068 32583  6184 I IJKMEDIA: first drop frame count 23 
03-15 11:30:53.081 32583  5942 V [MYTAG][pool-25-thread-1][IjkPreviewPlayer]: wait preview first frame show: 1200
03-15 11:30:53.107 32583  6184 I IJKMEDIA: first drop frame count 24 
03-15 11:30:53.150 32583  6184 I IJKMEDIA: first drop frame count 25 
03-15 11:30:53.200 32583  6184 I IJKMEDIA: first drop frame count 26 
03-15 11:30:53.236 32583  6184 I IJKMEDIA: first drop frame count 27 
03-15 11:30:53.293 32583  6184 I IJKMEDIA: first drop frame count 28 
03-15 11:30:53.325 32583  6184 I IJKMEDIA: first drop frame count 29 
03-15 11:30:53.352 32583  6184 D IJKMEDIA: SDL_VoutFFmpeg_CreateOverlay(w=960, h=540, fmt=YV12(0x32315659, dp=0x7b93f4da00)
03-15 11:30:53.352 32583  6172 D IJKMEDIA: FFP_MSG_VIDEO_SIZE_CHANGED: 960, 540
03-15 11:30:53.352 32583  6184 D IJKMEDIA: Video: first frame decoded
03-15 11:30:53.353 32583  6184 D IJKMEDIA: video codec: 28
03-15 11:30:53.353 32583  6172 D IJKMEDIA: FFP_MSG_VIDEO_DECODED_START:
03-15 11:30:53.353 32583  5942 V [MYTAG][main][IjkPreviewPlayer]: [onVideoSizeChanged]player vvideo width(960) or height(540)
03-15 11:30:53.354 32583  5942 V [MYTAG][main][IjkPreviewPlayer]: [onInfo]onInfo:what:10004,extra:0
03-15 11:30:53.356 32583  6173 I IJKMEDIA: [EGL] eglInitialize 1.5
03-15 11:30:53.357 32583  6173 I IJKMEDIA: [EGL] ANativeWindow_setBuffersGeometry(f=2);
03-15 11:30:53.361 32583  6173 I IJKMEDIA: [GLES2] Version = OpenGL ES 3.2 V@415.0 (GIT@f3ac570, I0807496fd3, 1599233713) (Date:09/04/20)
03-15 11:30:53.361 32583  6173 I IJKMEDIA: [GLES2] Vendor = Qualcomm
03-15 11:30:53.361 32583  6173 I IJKMEDIA: [GLES2] Renderer = Adreno (TM) 540
03-15 11:30:53.361 32583  6173 I IJKMEDIA: [GLES2] Extensions = GL_OES_EGL_image GL_OES_EGL_image_external GL_OES_EGL_sync GL_OES_vertex_half_float GL_OES_framebuffer_object GL_OES_rgb8_rgba8 GL_OES_compressed_ETC1_RGB8_texture GL_AMD_compressed_ATC_texture GL_KHR_texture_compression_astc_ldr GL_KHR_texture_compression_astc_hdr GL_OES_texture_compression_astc GL_OES_texture_npot GL_EXT_texture_filter_anisotropic GL_EXT_texture_format_BGRA8888 GL_EXT_read_format_bgra GL_OES_texture_3D GL_EXT_color_buffer_float GL_EXT_color_buffer_half_float GL_QCOM_alpha_test GL_OES_depth24 GL_OES_packed_depth_stencil GL_OES_depth_texture GL_OES_depth_texture_cube_map GL_EXT_sRGB GL_OES_texture_float GL_OES_texture_float_linear GL_OES_texture_half_float GL_OES_texture_half_float_linear GL_EXT_texture_type_2_10_10_10_REV GL_EXT_texture_sRGB_decode GL_EXT_texture_format_sRGB_override GL_OES_element_index_uint GL_EXT_copy_image GL_EXT_geometry_shader GL_EXT_tessellation_shader GL_OES_texture_stencil8 GL_EXT_shader_io_blocks GL_OES_shader_image_atomic GL_OES_sample_variab
03-15 11:30:53.361 32583  6173 I IJKMEDIA: create render yuv420p
03-15 11:30:53.362 32583  6173 I IJKMEDIA: use render yuv420p
03-15 11:30:53.363 32583  6173 I IJKMEDIA: ANativeWindow_setBuffersGeometry(w=1,h=1) -> (w=960,h=540);
03-15 11:30:53.367 32583  6173 E IJKMEDIA: IJK_GLES2_Renderer_TexCoords_cropRight
03-15 11:30:53.371 32583  6172 D IJKMEDIA: FFP_MSG_VIDEO_RENDERING_START:
03-15 11:30:53.372 32583 32583 I tv.danmaku.ijk.media.player.IjkMediaPlayer: Info: MEDIA_INFO_VIDEO_RENDERING_START
03-15 11:30:53.372 32583  5942 V [MYTAG][main][IjkPreviewPlayer]: [onInfo]onInfo:what:3,extra:0
03-15 11:30:53.373 32583  5942 I [MYTAG][main][IjkPreviewPlayer]: media video out...
03-15 11:30:53.373 32583  5942 I [MYTAG][main][CameraPreviewActivity]: onPlayerOutput...
03-15 11:30:53.381 32583  5942 V [MYTAG][pool-25-thread-1][IjkPreviewPlayer]: wait preview first frame show: 1500
03-15 11:30:53.382 32583  5942 V [MYTAG][pool-25-thread-1][toPlayLive]: runnable  is end.
03-15 11:30:53.397 32583  6172 D IJKMEDIA: FFP_MSG_VIDEO_SIZE_CHANGED: 960, 540
03-15 11:30:53.397 32583  6184 D IJKMEDIA: SDL_VoutFFmpeg_CreateOverlay(w=960, h=540, fmt=YV12(0x32315659, dp=0x7b93f4da00)
03-15 11:30:53.398 32583  5942 V [MYTAG][main][IjkPreviewPlayer]: [onVideoSizeChanged]player vvideo width(960) or height(540)
03-15 11:30:53.439 32583  6172 D IJKMEDIA: FFP_MSG_VIDEO_SIZE_CHANGED: 960, 540
03-15 11:30:53.439 32583  6184 D IJKMEDIA: SDL_VoutFFmpeg_CreateOverlay(w=960, h=540, fmt=YV12(0x32315659, dp=0x7b93f4da00)
03-15 11:30:53.441 32583  5942 V [MYTAG][main][IjkPreviewPlayer]: [onVideoSizeChanged]player vvideo width(960) or height(540)
03-15 11:30:53.480 32583  6184 D IJKMEDIA: SDL_VoutFFmpeg_CreateOverlay(w=960, h=540, fmt=YV12(0x32315659, dp=0x7b93f4da00)
03-15 11:30:53.480 32583  6172 D IJKMEDIA: FFP_MSG_VIDEO_SIZE_CHANGED: 960, 540
03-15 11:30:53.481 32583  5942 V [MYTAG][main][IjkPreviewPlayer]: [onVideoSizeChanged]player vvideo width(960) or height(540)
03-15 11:30:53.533 32583  6184 D IJKMEDIA: SDL_VoutFFmpeg_CreateOverlay(w=960, h=540, fmt=YV12(0x32315659, dp=0x7b93f4da00)
03-15 11:30:53.533 32583  6172 D IJKMEDIA: FFP_MSG_VIDEO_SIZE_CHANGED: 960, 540
03-15 11:30:53.534 32583  5942 V [MYTAG][main][IjkPreviewPlayer]: [onVideoSizeChanged]player vvideo width(960) or height(540)
03-15 11:30:53.558 32583  6172 D IJKMEDIA: FFP_MSG_VIDEO_SIZE_CHANGED: 960, 540
03-15 11:30:53.558 32583  6184 D IJKMEDIA: SDL_VoutFFmpeg_CreateOverlay(w=960, h=540, fmt=YV12(0x32315659, dp=0x7b93f4da00)
03-15 11:30:53.559 32583  5942 V [MYTAG][main][IjkPreviewPlayer]: [onVideoSizeChanged]player vvideo width(960) or height(540)
03-15 11:30:53.567 32583  5937 D OpenGLRenderer: makeCurrent EglSurface : 0x7b67535400 -> 0x7b4e8dca80
03-15 11:30:53.613 32583  6172 D IJKMEDIA: FFP_MSG_VIDEO_SIZE_CHANGED: 960, 540
03-15 11:30:53.613 32583  6184 D IJKMEDIA: SDL_VoutFFmpeg_CreateOverlay(w=960, h=540, fmt=YV12(0x32315659, dp=0x7b93f4da00)
03-15 11:30:53.614 32583  5942 V [MYTAG][main][IjkPreviewPlayer]: [onVideoSizeChanged]player vvideo width(960) or height(540)
03-15 11:30:53.636 32583  5942 V [MYTAG][pool-11-thread-12][c]: end toPlayLiveSync...
03-15 11:30:53.636 32583  5942 V [MYTAG][main][VTask-runnable]: runnable  is start.
03-15 11:30:53.638 32583  5942 D [MYTAG][main][TrackLocateService]: launch TrackLocateService: true
03-15 11:30:53.639 32583  5942 V [MYTAG][pool-11-thread-12][VTask-runnable]: runnable  is end.
03-15 11:30:53.642 32583  6184 D IJKMEDIA: SDL_VoutFFmpeg_CreateOverlay(w=960, h=540, fmt=YV12(0x32315659, dp=0x7b93f4da00)
03-15 11:30:53.642 32583  6172 D IJKMEDIA: FFP_MSG_VIDEO_SIZE_CHANGED: 960, 540
03-15 11:30:53.643 32583  5942 D [MYTAG][main][DefaultDialog]: dismiss dialogId:general_waiting_dlg
03-15 11:30:53.644 32583 32583 D ViewRootImpl@c6db018[CameraPreviewActivity]: dispatchDetachedFromWindow
03-15 11:30:53.666 32583 32583 D InputTransport: Input channel destroyed: 'a4a5d9 ', fd=125
03-15 11:30:53.668 32583  5942 V [MYTAG][main][VTask-runnable]: runnable  is end.
03-15 11:30:53.669 32583  5942 V [MYTAG][main][TrackLocateService]:  onCreate... 17719687
03-15 11:30:53.676 32583  6184 D IJKMEDIA: SDL_VoutFFmpeg_CreateOverlay(w=960, h=540, fmt=YV12(0x32315659, dp=0x7b93f4da00)
03-15 11:30:53.676 32583  6172 D IJKMEDIA: FFP_MSG_VIDEO_SIZE_CHANGED: 960, 540
03-15 11:30:53.682 32583  5942 V [MYTAG][mail_tcp_socket][ViiSocketMailDataPhraser]: ------------mail---------------
03-15 11:30:53.682 32583  5942 V [MYTAG][mail_tcp_socket][ViiSocketMailDataPhraser]: {"msgid":"battery","info":{"capacity":70,"charge":0},"time":1773574254}
03-15 11:30:53.685 32583  6131 W System  : Ignoring header sessionid because its value was null.
03-15 11:30:53.685 32583  6131 I System.out: (HTTPLog)-Static: isSBSettingEnabled false
03-15 11:30:53.685 32583  6131 I System.out: (HTTPLog)-Static: isSBSettingEnabled false
03-15 11:30:53.686 32583  5942 V [MYTAG][mail_tcp_socket][ViiSocketMailDataPhraser]: ------------mail---------------
03-15 11:30:53.686 32583  5942 V [MYTAG][mail_tcp_socket][ViiSocketMailDataPhraser]: {"msgid":"sd","info":{"status":0},"time":1773574254}
03-15 11:30:53.686 32583  5942 V [MYTAG][mail_tcp_socket][RemoteOptor]: ----
03-15 11:30:53.686 32583  5942 V [MYTAG][mail_tcp_socket][RemoteOptor]: [CMD]DEV_SDCARD_STATUS_QUERY
03-15 11:30:53.686 32583  5942 V [MYTAG][mail_tcp_socket][RemoteOptor]: [PARAM]null
03-15 11:30:53.686 32583  5942 V [MYTAG][mail_tcp_socket][HttpTransportLayer]: [HTTP SEND GET]
03-15 11:30:53.686 32583  5942 V [MYTAG][mail_tcp_socket][HttpTransportLayer]: 	 url:http://192.168.0.1:80/app/getsdinfo
03-15 11:30:53.708 32583  6184 D IJKMEDIA: SDL_VoutFFmpeg_CreateOverlay(w=960, h=540, fmt=YV12(0x32315659, dp=0x7b93f4da00)
03-15 11:30:53.709 32583  6172 D IJKMEDIA: FFP_MSG_VIDEO_SIZE_CHANGED: 960, 540
03-15 11:30:53.715 32583  5942 V [MYTAG][mail_tcp_socket][HttpTransportLayer]: [HTTP RSP]
03-15 11:30:53.715 32583  5942 V [MYTAG][mail_tcp_socket][HttpTransportLayer]: 	 errcode:0
03-15 11:30:53.715 32583  5942 V [MYTAG][mail_tcp_socket][HttpTransportLayer]: 	[content]{"result":0,"info":{"status":0,"free":299,"total":1883}}
03-15 11:30:53.715 32583  5942 V [MYTAG][mail_tcp_socket][HttpTransportLayer]: -----------------------------------------
03-15 11:30:53.750 32583  6172 D IJKMEDIA: FFP_MSG_VIDEO_SIZE_CHANGED: 960, 540
03-15 11:30:53.750 32583  6184 D IJKMEDIA: SDL_VoutFFmpeg_CreateOverlay(w=960, h=540, fmt=YV12(0x32315659, dp=0x7b93f4da00)
03-15 11:30:53.780 32583  5942 V [MYTAG][main][IjkPreviewPlayer]: [onVideoSizeChanged]player vvideo width(960) or height(540)
03-15 11:30:53.786 32583 32583 D ViewRootImpl@52e11a8[Toast]: dispatchDetachedFromWindow
03-15 11:30:53.787 32583  6184 D IJKMEDIA: SDL_VoutFFmpeg_CreateOverlay(w=960, h=540, fmt=YV12(0x32315659, dp=0x7b93f4da00)
03-15 11:30:53.787 32583  6172 D IJKMEDIA: FFP_MSG_VIDEO_SIZE_CHANGED: 960, 540
03-15 11:30:53.792 32583 32583 D InputTransport: Input channel destroyed: '6f00681', fd=101
03-15 11:30:53.793 32583 32583 D ViewRootImpl@9e19b73[CameraPreviewActivity]: MSG_RESIZED: frame=(0,0,2560,1600) ci=(0,54,0,0) vi=(0,54,0,0) or=2
03-15 11:30:53.793 32583 32583 D ViewRootImpl@9e19b73[CameraPreviewActivity]: MSG_WINDOW_FOCUS_CHANGED 1 1
03-15 11:30:53.793 32583 32583 D InputMethodManager: prepareNavigationBarInfo() DecorView@5eda37a[CameraPreviewActivity]
03-15 11:30:53.793 32583 32583 D InputMethodManager: getNavigationBarColor() -1
03-15 11:30:53.794 32583  5942 V [MYTAG][main][CameraPreviewActivity]: CameraPreviewActivity onWindowFocusChanged...true
03-15 11:30:53.794 32583 32583 D InputMethodManager: prepareNavigationBarInfo() DecorView@5eda37a[CameraPreviewActivity]
03-15 11:30:53.794 32583 32583 D InputMethodManager: getNavigationBarColor() -1
03-15 11:30:53.794 32583 32583 V InputMethodManager: Starting input: tba=com.vidure.app ic=null mNaviBarColor -1 mIsGetNaviBarColorSuccess true , NavVisible : false , NavTrans : false
03-15 11:30:53.794 32583 32583 D InputMethodManager: startInputInner - Id : 0
03-15 11:30:53.795 32583 32583 I InputMethodManager: startInputInner - mService.startInputOrWindowGainedFocus
03-15 11:30:53.797 32583 32583 D InputTransport: Input channel destroyed: 'ClientS', fd=108
03-15 11:30:53.797 32583 32583 E ViewRootImpl: sendUserActionEvent() mView returned.
03-15 11:30:53.797 32583  5942 V [MYTAG][main][IjkPreviewPlayer]: [onVideoSizeChanged]player vvideo width(960) or height(540)
03-15 11:30:53.797 32583  5942 V [MYTAG][main][IjkPreviewPlayer]: the same video size changed,do nothing.
03-15 11:30:53.800 32583  5942 V [MYTAG][main][Device]: 666 dev is connected:true
03-15 11:30:53.844 32583 32583 W ProxyAndroidLoggerBackend: Too many Flogger logs received before configuration. Dropping old logs.
03-15 11:30:53.857 32583 32583 I chatty  : uid=10291(com.vidure.app) identical 6 lines
03-15 11:30:53.859 32583 32583 W ProxyAndroidLoggerBackend: Too many Flogger logs received before configuration. Dropping old logs.
03-15 11:30:53.874 32583  6098 W ProxyAndroidLoggerBackend: Too many Flogger logs received before configuration. Dropping old logs.
03-15 11:30:53.875 32583  6098 W ProxyAndroidLoggerBackend: Too many Flogger logs received before configuration. Dropping old logs.
03-15 11:30:53.875 32583  6097 W ProxyAndroidLoggerBackend: Too many Flogger logs received before configuration. Dropping old logs.
03-15 11:30:53.877 32583  6098 W ProxyAndroidLoggerBackend: Too many Flogger logs received before configuration. Dropping old logs.
03-15 11:30:53.877 32583  6099 W ProxyAndroidLoggerBackend: Too many Flogger logs received before configuration. Dropping old logs.
03-15 11:30:53.879 32583  6099 I chatty  : uid=10291(com.vidure.app) identical 3 lines
03-15 11:30:53.880 32583  6099 W ProxyAndroidLoggerBackend: Too many Flogger logs received before configuration. Dropping old logs.
03-15 11:30:53.885 32583 32583 W ProxyAndroidLoggerBackend: Too many Flogger logs received before configuration. Dropping old logs.
03-15 11:30:53.890 32583  5942 V [MYTAG][main][Device]: 666 dev is connected:true
03-15 11:30:53.890 32583  5942 V [MYTAG][main][IjkPreviewPlayer]: [onVideoSizeChanged]player vvideo width(960) or height(540)
03-15 11:30:53.891 32583  5942 V [MYTAG][main][IjkPreviewPlayer]: the same video size changed,do nothing.
03-15 11:30:53.891 32583  5942 V [MYTAG][main][IjkPreviewPlayer]: [onVideoSizeChanged]player vvideo width(960) or height(540)
03-15 11:30:53.891 32583  5942 V [MYTAG][main][IjkPreviewPlayer]: the same video size changed,do nothing.
03-15 11:30:53.891 32583  5942 D [MYTAG][main][SystemLocationClientImpl]: 当前信号强度: 1
03-15 11:30:53.896 32583  6097 W ProxyAndroidLoggerBackend: Too many Flogger logs received before configuration. Dropping old logs.
03-15 11:30:53.897 32583  6097 I chatty  : uid=10291(com.vidure.app) identical 1 line
03-15 11:30:53.899 32583  6097 W ProxyAndroidLoggerBackend: Too many Flogger logs received before configuration. Dropping old logs.
03-15 11:30:53.911 32583  6099 W ProxyAndroidLoggerBackend: Too many Flogger logs received before configuration. Dropping old logs.
03-15 11:30:53.915 32583  6099 W ProxyAndroidLoggerBackend: Too many Flogger logs received before configuration. Dropping old logs.
03-15 11:30:53.916 32583  6098 W ProxyAndroidLoggerBackend: Too many Flogger logs received before configuration. Dropping old logs.
03-15 11:30:53.918 32583  6098 W ProxyAndroidLoggerBackend: Too many Flogger logs received before configuration. Dropping old logs.
03-15 11:30:53.919 32583 32583 D ViewRootImpl@9e19b73[CameraPreviewActivity]: Relayout returned: old=(0,0,2560,1600) new=(0,0,2560,1600) req=(2560,1600)0 dur=10 res=0x1 s={true 530015784960} ch=false
03-15 11:30:53.920 32583  6099 W ProxyAndroidLoggerBackend: Too many Flogger logs received before configuration. Dropping old logs.
03-15 11:30:53.921 32583  6097 W ProxyAndroidLoggerBackend: Too many Flogger logs received before configuration. Dropping old logs.
03-15 11:30:53.927 32583  5942 V [MYTAG][main][IjkPreviewPlayer]: [onVideoSizeChanged]player vvideo width(960) or height(540)
03-15 11:30:53.929 32583  5942 V [MYTAG][main][CameraPreviewActivity]: rev msg1:264454
03-15 11:30:53.930 32583  5942 V [MYTAG][main][Device]: 666 dev is connected:true
03-15 11:30:53.930 32583  5942 V [MYTAG][main][CameraPreviewActivity]: rev msg1:589832
03-15 11:30:53.993 32583  5896 I com.vidure.app: NativeAlloc concurrent copying GC freed 181420(10MB) AllocSpace objects, 64(5260KB) LOS objects, 49% free, 14MB/28MB, paused 948us total 175.709ms
03-15 11:30:54.034 32583 32583 D ViewRootImpl@9e19b73[CameraPreviewActivity]: MSG_RESIZED: frame=(0,0,2560,1600) ci=(0,0,0,0) vi=(0,0,0,0) or=2
03-15 11:30:54.076 32583 32583 D ViewRootImpl@9e19b73[CameraPreviewActivity]: Relayout returned: old=(0,0,2560,1600) new=(0,0,2560,1600) req=(2560,1600)0 dur=29 res=0x1 s={true 530015784960} ch=false
03-15 11:30:54.651 32583  6132 W System  : Ignoring header sessionid because its value was null.
03-15 11:30:54.651 32583  5942 V [MYTAG][HeartbeatMgr][RemoteOptor]: ----
03-15 11:30:54.651 32583  5942 V [MYTAG][HeartbeatMgr][RemoteOptor]: [CMD]Basic_Msg_MailBox
03-15 11:30:54.651 32583  5942 V [MYTAG][HeartbeatMgr][RemoteOptor]: [PARAM]null
03-15 11:30:54.652 32583  6132 I System.out: (HTTPLog)-Static: isSBSettingEnabled false
03-15 11:30:54.652 32583  6132 I System.out: (HTTPLog)-Static: isSBSettingEnabled false
03-15 11:30:54.652 32583  5942 V [MYTAG][HeartbeatMgr][HttpTransportLayer]: [HTTP SEND GET]
03-15 11:30:54.652 32583  5942 V [MYTAG][HeartbeatMgr][HttpTransportLayer]: 	 url:http://192.168.0.1:80/app/getparamvalue?param=rec
03-15 11:30:54.729 32583  5942 V [MYTAG][HeartbeatMgr][HttpTransportLayer]: [HTTP RSP]
03-15 11:30:54.729 32583  5942 V [MYTAG][HeartbeatMgr][HttpTransportLayer]: 	 errcode:0
03-15 11:30:54.729 32583  5942 V [MYTAG][HeartbeatMgr][HttpTransportLayer]: 	[content]{"result":0,"info":{"value":1}}
03-15 11:30:54.729 32583  5942 V [MYTAG][HeartbeatMgr][HttpTransportLayer]: -----------------------------------------
03-15 11:30:54.801 32583  6012 I System.out: (HTTPLog)-Static: isSBSettingEnabled false
03-15 11:30:54.801 32583  6012 I System.out: (HTTPLog)-Static: isSBSettingEnabled false
03-15 11:30:56.373 32583  5942 D [MYTAG][main][SystemLocationClientImpl]: onLocationChanged GPS data:精度=13.936001 速度=0.0 海拔=324.22216796875 经纬度=49.33341723, 7.05261997
03-15 11:30:56.374 32583  5942 D [MYTAG][main][SystemLocationClientImpl]: 当前信号强度: 3
03-15 11:30:56.692 32583  5942 V [MYTAG][mail_tcp_socket][ViiSocketMailDataPhraser]: ------------mail---------------
03-15 11:30:56.692 32583  5942 V [MYTAG][mail_tcp_socket][ViiSocketMailDataPhraser]: {"msgid":"battery","info":{"capacity":70,"charge":0},"time":1773574257}
03-15 11:30:56.694 32583  6131 W System  : Ignoring header sessionid because its value was null.
03-15 11:30:56.695 32583  5942 V [MYTAG][mail_tcp_socket][ViiSocketMailDataPhraser]: ------------mail---------------
03-15 11:30:56.695 32583  5942 V [MYTAG][mail_tcp_socket][ViiSocketMailDataPhraser]: {"msgid":"sd","info":{"status":0},"time":1773574257}
03-15 11:30:56.695 32583  6131 I System.out: (HTTPLog)-Static: isSBSettingEnabled false
03-15 11:30:56.695 32583  5942 V [MYTAG][mail_tcp_socket][RemoteOptor]: ----
03-15 11:30:56.695 32583  5942 V [MYTAG][mail_tcp_socket][RemoteOptor]: [CMD]DEV_SDCARD_STATUS_QUERY
03-15 11:30:56.695 32583  5942 V [MYTAG][mail_tcp_socket][RemoteOptor]: [PARAM]null
03-15 11:30:56.695 32583  6131 I System.out: (HTTPLog)-Static: isSBSettingEnabled false
03-15 11:30:56.695 32583  5942 V [MYTAG][mail_tcp_socket][HttpTransportLayer]: [HTTP SEND GET]
03-15 11:30:56.695 32583  5942 V [MYTAG][mail_tcp_socket][HttpTransportLayer]: 	 url:http://192.168.0.1:80/app/getsdinfo
03-15 11:30:56.701 32583  5942 V [MYTAG][main][Device]: 666 dev is connected:true
03-15 11:30:56.740 32583  5942 V [MYTAG][mail_tcp_socket][HttpTransportLayer]: [HTTP RSP]
03-15 11:30:56.740 32583  5942 V [MYTAG][mail_tcp_socket][HttpTransportLayer]: 	 errcode:0
03-15 11:30:56.740 32583  5942 V [MYTAG][mail_tcp_socket][HttpTransportLayer]: 	[content]{"result":0,"info":{"status":0,"free":295,"total":1883}}
03-15 11:30:56.740 32583  5942 V [MYTAG][mail_tcp_socket][HttpTransportLayer]: -----------------------------------------
03-15 11:30:56.753 32583 32583 W ProxyAndroidLoggerBackend: Too many Flogger logs received before configuration. Dropping old logs.
03-15 11:30:56.771 32583 32583 I chatty  : uid=10291(com.vidure.app) identical 6 lines
03-15 11:30:56.772 32583 32583 W ProxyAndroidLoggerBackend: Too many Flogger logs received before configuration. Dropping old logs.
03-15 11:30:56.775 32583  6099 W ProxyAndroidLoggerBackend: Too many Flogger logs received before configuration. Dropping old logs.
03-15 11:30:56.776 32583  6099 I chatty  : uid=10291(com.vidure.app) identical 2 lines
03-15 11:30:56.776 32583  6099 W ProxyAndroidLoggerBackend: Too many Flogger logs received before configuration. Dropping old logs.
03-15 11:30:56.777 32583  6098 W ProxyAndroidLoggerBackend: Too many Flogger logs received before configuration. Dropping old logs.
