03-15 11:19:24.337 21880  3887 W System.err: 	at java.net.Inet6AddressImpl.lookupAllHostAddr(Inet6AddressImpl.java:103)
03-15 11:19:24.337 21880  3887 W System.err: 	at java.net.InetAddress.getAllByName(InetAddress.java:1152)
03-15 11:19:24.337 21880  3887 W System.err: 	at com.android.okhttp.Dns$1.lookup(Dns.java:41)
03-15 11:19:24.337 21880  3887 W System.err: 	at com.android.okhttp.internal.http.RouteSelector.resetNextInetSocketAddress(RouteSelector.java:178)
03-15 11:19:24.337 21880  3887 W System.err: 	at com.android.okhttp.internal.http.RouteSelector.nextProxy(RouteSelector.java:144)
03-15 11:19:24.337 21880  3887 W System.err: 	at com.android.okhttp.internal.http.RouteSelector.next(RouteSelector.java:86)
03-15 11:19:24.337 21880  3887 W System.err: 	at com.android.okhttp.internal.http.StreamAllocation.findConnection(StreamAllocation.java:192)
03-15 11:19:24.337 21880  3887 W System.err: 	at com.android.okhttp.internal.http.StreamAllocation.findHealthyConnection(StreamAllocation.java:144)
03-15 11:19:24.337 21880  3887 W System.err: 	at com.android.okhttp.internal.http.StreamAllocation.newStream(StreamAllocation.java:106)
03-15 11:19:24.337 21880  3887 W System.err: 	at com.android.okhttp.internal.http.HttpEngine.connect(HttpEngine.java:400)
03-15 11:19:24.337 21880  3887 W System.err: 	at com.android.okhttp.internal.http.HttpEngine.sendRequest(HttpEngine.java:333)
03-15 11:19:24.337 21880  3887 W System.err: 	at com.android.okhttp.internal.huc.HttpURLConnectionImpl.execute(HttpURLConnectionImpl.java:483)
03-15 11:19:24.337 21880  3887 W System.err: 	at com.android.okhttp.internal.huc.HttpURLConnectionImpl.connect(HttpURLConnectionImpl.java:135)
03-15 11:19:24.337 21880  3887 W System.err: 	at com.android.okhttp.internal.huc.HttpURLConnectionImpl.getOutputStream(HttpURLConnectionImpl.java:266)
03-15 11:19:24.337 21880  3887 W System.err: 	at com.android.okhttp.internal.huc.DelegatingHttpsURLConnection.getOutputStream(DelegatingHttpsURLConnection.java:219)
03-15 11:19:24.337 21880  3887 W System.err: 	at com.android.okhttp.internal.huc.HttpsURLConnectionImpl.getOutputStream(HttpsURLConnectionImpl.java:30)
03-15 11:19:24.337 21880  3887 W System.err: 	at com.baidu.location.e.f$5.run(Unknown Source:314)
03-15 11:19:24.338 21880  3887 W System.err: Caused by: android.system.GaiException: android_getaddrinfo failed: EAI_NODATA (No address associated with hostname)
03-15 11:19:24.338 21880  3887 W System.err: 	at libcore.io.Linux.android_getaddrinfo(Native Method)
03-15 11:19:24.338 21880  3887 W System.err: 	at libcore.io.ForwardingOs.android_getaddrinfo(ForwardingOs.java:74)
03-15 11:19:24.338 21880  3887 W System.err: 	at libcore.io.BlockGuardOs.android_getaddrinfo(BlockGuardOs.java:200)
03-15 11:19:24.338 21880  3887 W System.err: 	at libcore.io.ForwardingOs.android_getaddrinfo(ForwardingOs.java:74)
03-15 11:19:24.338 21880  3887 W System.err: 	at java.net.Inet6AddressImpl.lookupHostByName(Inet6AddressImpl.java:135)
03-15 11:19:24.338 21880  3887 W System.err: 	... 17 more
03-15 11:19:24.338 21880  3887 I baidu_location_service: https NetworkCommunicationException!
03-15 11:19:24.357 21880  3797 V [MYTAG][pool-11-thread-4][AppLib]: wait business model init... AlbumService
03-15 11:19:24.395 21880  3893 I System.out: (HTTPLog)-Static: isSBSettingEnabled false
03-15 11:19:24.395 21880  3893 I System.out: (HTTPLog)-Static: isSBSettingEnabled false
03-15 11:19:24.402 21880  3797 V [MYTAG][pool-11-thread-10][LocalResService]: unzip new data tpl:arpassion.dat
03-15 11:19:24.403 21880  3797 V [MYTAG][pool-11-thread-10][FileUtils]: rarFileName=/storage/emulated/0/Android/data/com.vidure.app/app/gpstpl/arpassion.dat,destDir=/storage/emulated/0/Android/data/com.vidure.app/app/gpstpl/
03-15 11:19:24.405 21880 21880 E baidumapsdk: Authentication Error
03-15 11:19:24.405 21880 21880 E baidumapsdk: =============================================
03-15 11:19:24.405 21880 21880 E baidumapsdk: ----------------- 鉴权错误信息 ------------
03-15 11:19:24.405 21880 21880 E baidumapsdk: sha1;package:2D:01:1D:A2:6C:9D:34:C8:33:87:96:B2:EA:F3:A2:43:10:AA:3F:45;com.vidure.app
03-15 11:19:24.405 21880 21880 E baidumapsdk: key:PyhBGdbxmmSDA7ONXULPrdZDdU4idir7
03-15 11:19:24.405 21880 21880 E baidumapsdk: errorcode: -11 uid: -1 appid -1 msg: httpsPost failed,IOException:Unable to resolve host "api.map.baidu.com": No address associated with hostname
03-15 11:19:24.405 21880 21880 E baidumapsdk: 请仔细核查 SHA1、package与key申请信息是否对应，key是否删除，平台是否匹配
03-15 11:19:24.405 21880 21880 E baidumapsdk: =============================================
03-15 11:19:24.405 21880  3862 I System.out: (HTTPLog)-Static: isSBSettingEnabled false
03-15 11:19:24.405 21880  3862 I System.out: (HTTPLog)-Static: isSBSettingEnabled false
03-15 11:19:24.407 21880  3896 I System.out: (HTTPLog)-Static: isSBSettingEnabled false
03-15 11:19:24.407 21880  3896 I System.out: (HTTPLog)-Static: isSBSettingEnabled false
03-15 11:19:24.414 21880  3899 D TelephonyManager: getAllCellInfo : Caller (PID / UID / TID): 21880 / 10291 / 3899
03-15 11:19:24.418 21880  3797 V [MYTAG][pool-11-thread-5][init_share_appinfo]: runnable  is end.
03-15 11:19:24.423 21880  3862 I System.out: (HTTPLog)-Static: isSBSettingEnabled false
03-15 11:19:24.423 21880  3862 I System.out: (HTTPLog)-Static: isSBSettingEnabled false
03-15 11:19:24.428 21880  3901 I System.out: (HTTPLog)-Static: isSBSettingEnabled false
03-15 11:19:24.428 21880  3901 I System.out: (HTTPLog)-Static: isSBSettingEnabled false
03-15 11:19:24.429 21880  3901 W System.err: java.net.UnknownHostException: Unable to resolve host "loc.map.baidu.com": No address associated with hostname
03-15 11:19:24.429 21880  3901 W System.err: 	at java.net.Inet6AddressImpl.lookupHostByName(Inet6AddressImpl.java:124)
03-15 11:19:24.429 21880  3901 W System.err: 	at java.net.Inet6AddressImpl.lookupAllHostAddr(Inet6AddressImpl.java:103)
03-15 11:19:24.429 21880  3901 W System.err: 	at java.net.InetAddress.getAllByName(InetAddress.java:1152)
03-15 11:19:24.429 21880  3901 W System.err: 	at com.android.okhttp.Dns$1.lookup(Dns.java:41)
03-15 11:19:24.429 21880  3901 W System.err: 	at com.android.okhttp.internal.http.RouteSelector.resetNextInetSocketAddress(RouteSelector.java:178)
03-15 11:19:24.429 21880  3901 W System.err: 	at com.android.okhttp.internal.http.RouteSelector.nextProxy(RouteSelector.java:144)
03-15 11:19:24.429 21880  3901 W System.err: 	at com.android.okhttp.internal.http.RouteSelector.next(RouteSelector.java:86)
03-15 11:19:24.429 21880  3901 W System.err: 	at com.android.okhttp.internal.http.StreamAllocation.findConnection(StreamAllocation.java:192)
03-15 11:19:24.429 21880  3901 W System.err: 	at com.android.okhttp.internal.http.StreamAllocation.findHealthyConnection(StreamAllocation.java:144)
03-15 11:19:24.429 21880  3901 W System.err: 	at com.android.okhttp.internal.http.StreamAllocation.newStream(StreamAllocation.java:106)
03-15 11:19:24.429 21880  3901 W System.err: 	at com.android.okhttp.internal.http.HttpEngine.connect(HttpEngine.java:400)
03-15 11:19:24.429 21880  3901 W System.err: 	at com.android.okhttp.internal.http.HttpEngine.sendRequest(HttpEngine.java:333)
03-15 11:19:24.429 21880  3901 W System.err: 	at com.android.okhttp.internal.huc.HttpURLConnectionImpl.execute(HttpURLConnectionImpl.java:483)
03-15 11:19:24.429 21880  3901 W System.err: 	at com.android.okhttp.internal.huc.HttpURLConnectionImpl.connect(HttpURLConnectionImpl.java:135)
03-15 11:19:24.429 21880  3901 W System.err: 	at com.android.okhttp.internal.huc.HttpURLConnectionImpl.getOutputStream(HttpURLConnectionImpl.java:266)
03-15 11:19:24.429 21880  3901 W System.err: 	at com.android.okhttp.internal.huc.DelegatingHttpsURLConnection.getOutputStream(DelegatingHttpsURLConnection.java:219)
03-15 11:19:24.429 21880  3901 W System.err: 	at com.android.okhttp.internal.huc.HttpsURLConnectionImpl.getOutputStream(HttpsURLConnectionImpl.java:30)
03-15 11:19:24.429 21880  3901 W System.err: 	at com.baidu.location.e.f$5.run(Unknown Source:314)
03-15 11:19:24.429 21880  3901 I baidu_location_service: https NetworkCommunicationException!
03-15 11:19:24.430 21880  3797 I [MYTAG][main][BaiduLocationClientImpl]: onReceiveLocation(BDLocation).isBDLocationOk= &loctype=63&lat=4.9E-324&lon=4.9E-324&radius=0.0&biasprob=-1.0&altitude=4.9E-324&speed=0.0&time=-1&extrainfo=null
03-15 11:19:24.453 21880  3797 V [MYTAG][pool-11-thread-10][LocalResService]: unzip new data tpl:arpurple.dat
03-15 11:19:24.454 21880  3797 V [MYTAG][pool-11-thread-10][FileUtils]: rarFileName=/storage/emulated/0/Android/data/com.vidure.app/app/gpstpl/arpurple.dat,destDir=/storage/emulated/0/Android/data/com.vidure.app/app/gpstpl/
03-15 11:19:24.457 21880  3797 V [MYTAG][pool-11-thread-4][AppLib]: wait business model init... AlbumService
03-15 11:19:24.494 21880  3797 V [MYTAG][pool-11-thread-10][LocalResService]: unzip new data tpl:default.dat
03-15 11:19:24.495 21880  3797 V [MYTAG][pool-11-thread-10][FileUtils]: rarFileName=/storage/emulated/0/Android/data/com.vidure.app/app/gpstpl/default.dat,destDir=/storage/emulated/0/Android/data/com.vidure.app/app/gpstpl/
03-15 11:19:24.538 21880  3797 V [MYTAG][pool-11-thread-10][LocalResService]: scanMusicFile: 
03-15 11:19:24.558 21880  3797 V [MYTAG][pool-11-thread-4][AppLib]: wait business model init... AlbumService
03-15 11:19:24.586 21880  3824 I System.out: (HTTPLog)-Static: isSBSettingEnabled false
03-15 11:19:24.586 21880  3824 I System.out: (HTTPLog)-Static: isSBSettingEnabled false
03-15 11:19:24.612 21880  3849 D EventBus: No subscribers registered for event class com.vidure.app.core.fw.msg.AlbumEBusMsg
03-15 11:19:24.612 21880  3849 D EventBus: No subscribers registered for event class rf.f
03-15 11:19:24.613 21880  3797 V [MYTAG][DownloadKeeper][DownloadKeeper]: Thumbnail started
03-15 11:19:24.613 21880  3797 V [MYTAG][pool-11-thread-10][AlbumService]: init local and remote resource done
03-15 11:19:24.613 21880  3797 V [MYTAG][pool-11-thread-10][AlbumService]: initDelay done.
03-15 11:19:24.613 21880  3797 V [MYTAG][pool-11-thread-10][OemUtils]: isSupportPreviewArFromApp is:false
03-15 11:19:24.615 21880  3797 V [MYTAG][pool-11-thread-10][OemUtils]: isSupportPreviewArFromApp is:false
03-15 11:19:24.615 21880  3797 V [MYTAG][pool-11-thread-10][OemUtils]: support ar:false
03-15 11:19:24.615 21880  3797 V [MYTAG][pool-11-thread-10][AlbumService]: initInnerDelay done.
03-15 11:19:24.615 21880  3797 V [MYTAG][pool-11-thread-10][sdk_asyn_init: AlbumService]: runnable  is end.
03-15 11:19:24.658 21880  3797 V [MYTAG][pool-11-thread-4][AppLib]: wait business model init... AlbumService
03-15 11:19:24.658 21880  3797 V [MYTAG][pool-11-thread-4][AppLib]: wait business model init done. 
03-15 11:19:24.658 21880  3797 V [MYTAG][pool-11-thread-4][ErrCodeStr]: loadErrorInfo:de_DE
03-15 11:19:24.659 21880  3797 V [MYTAG][pool-11-thread-4][UiResInit]: [end] do third step init. 
03-15 11:19:24.659 21880  3797 V [MYTAG][pool-11-thread-4][VTask-runnable]: runnable  is end.
03-15 11:19:24.659 21880  3797 V [MYTAG][main][VTask-runnable]: runnable  is start.
03-15 11:19:24.670 21880  3797 V [MYTAG][main][VTask-runnable]: runnable  is end.
03-15 11:19:24.676 21880 21880 W ActivityThread: handleWindowVisibility: no activity for token android.os.BinderProxy@fdd5405
03-15 11:19:24.679 21880  3797 V [MYTAG][main][LanguageUtils]:  curLocale = de_DE, newLocale  = de_DE
03-15 11:19:24.680 21880  3797 V [MYTAG][main][MainActivity]: MainActivity onCreate...
03-15 11:19:24.682 21880 21880 D PhoneWindow: forceLight changed to true [] from com.android.internal.policy.PhoneWindow.updateForceLightNavigationBar:4268 com.android.internal.policy.DecorView.updateColorViews:1513 com.android.internal.policy.PhoneWindow.dispatchWindowAttributesChanged:3246 android.view.Window.setFlags:1148 com.android.internal.policy.PhoneWindow.generateLayout:2474 
03-15 11:19:24.683 21880 21880 D PhoneWindow: forceLight changed to false [] from com.android.internal.policy.PhoneWindow.updateForceLightNavigationBar:4274 com.android.internal.policy.DecorView.updateColorViews:1513 com.android.internal.policy.PhoneWindow.dispatchWindowAttributesChanged:3246 android.view.Window.setFlags:1148 com.android.internal.policy.PhoneWindow.generateLayout:2620 
03-15 11:19:24.683 21880 21880 I MultiWindowDecorSupport: updateCaptionType >> DecorView@a7771fe[], isFloating: false, isApplication: true, hasWindowDecorCaption: false, hasWindowControllerCallback: true
03-15 11:19:24.683 21880 21880 D MultiWindowDecorSupport: setCaptionType = 0, DecorView = DecorView@a7771fe[]
03-15 11:19:24.693 21880  3797 V [MYTAG][main][PagerSlidingTabStrip]: applyDimension tabTextSize = 22
03-15 11:19:24.700 21880  3797 V [MYTAG][main][LlService]: the app license is valid.
03-15 11:19:24.702 21880  3797 V [MYTAG][main][MainActivity]: MainActivity onStart...
03-15 11:19:24.702 21880  3797 V [MYTAG][main][MainActivity]: MainActivity onResume...
03-15 11:19:24.703 21880  3797 D [MYTAG][main][ExitApp]: activityList size=1, add activity=MainActivity
03-15 11:19:24.703 21880  3797 V [MYTAG][pool-11-thread-3][MsgerService_asyncPushTerminalInfos]: runnable  is start.
03-15 11:19:24.703 21880  3808 I System.out: (HTTPLog)-Static: isSBSettingEnabled false
03-15 11:19:24.703 21880  3808 I System.out: (HTTPLog)-Static: isSBSettingEnabled false
03-15 11:19:24.704 21880  3808 V HttpRequest.code(): 
03-15 11:19:24.704 21880  3808 V HttpRequest.code(): 
03-15 11:19:24.704 21880  3808 W System.err: com.vidure.libs.transport.impl.http.HttpRequest$e: java.net.UnknownHostException: Unable to resolve host "app-api.lufengzhe.com": No address associated with hostname
03-15 11:19:24.704 21880  3808 W System.err: 	at com.vidure.libs.transport.impl.http.HttpRequest.c0(SourceFile:21)
03-15 11:19:24.704 21880  3808 W System.err: 	at com.vidure.libs.transport.impl.http.HttpRequest.o(SourceFile:3)
03-15 11:19:24.704 21880  3808 W System.err: 	at com.vidure.libs.transport.impl.http.HttpRequest.n(SourceFile:5)
03-15 11:19:24.704 21880  3808 W System.err: 	at com.vidure.libs.transport.impl.http.HttpRequest.m(SourceFile:5)
03-15 11:19:24.704 21880  3808 W System.err: 	at com.vidure.app.core.modules.msger.db.FeedbackNao.queryIssueTypeList(SourceFile:45)
03-15 11:19:24.704 21880  3808 W System.err: 	at com.vidure.app.core.modules.msger.db.FeedbackNao.getFeedbackTypes(SourceFile:14)
03-15 11:19:24.704 21880  3808 W System.err: 	at com.vidure.app.core.modules.msger.service.MsgerService$1.vrun(SourceFile:6)
03-15 11:19:24.704 21880  3808 W System.err: 	at com.vidure.libs.comnutils.utils.r.run(SourceFile:12)
03-15 11:19:24.704 21880  3808 W System.err: 	at java.util.concurrent.Executors$RunnableAdapter.call(Executors.java:462)
03-15 11:19:24.704 21880  3808 W System.err: 	at java.util.concurrent.FutureTask.run(FutureTask.java:266)
03-15 11:19:24.704 21880  3808 W System.err: 	at java.util.concurrent.ThreadPoolExecutor.runWorker(ThreadPoolExecutor.java:1167)
03-15 11:19:24.704 21880  3808 W System.err: 	at java.util.concurrent.ThreadPoolExecutor$Worker.run(ThreadPoolExecutor.java:641)
03-15 11:19:24.704 21880  3808 W System.err: 	at java.lang.Thread.run(Thread.java:919)
03-15 11:19:24.704 21880  3808 W System.err: Caused by: java.net.UnknownHostException: Unable to resolve host "app-api.lufengzhe.com": No address associated with hostname
03-15 11:19:24.704 21880  3808 W System.err: 	at java.net.Inet6AddressImpl.lookupHostByName(Inet6AddressImpl.java:124)
03-15 11:19:24.704 21880  3808 W System.err: 	at java.net.Inet6AddressImpl.lookupAllHostAddr(Inet6AddressImpl.java:103)
03-15 11:19:24.704 21880  3808 W System.err: 	at java.net.InetAddress.getAllByName(InetAddress.java:1152)
03-15 11:19:24.704 21880  3808 W System.err: 	at com.android.okhttp.Dns$1.lookup(Dns.java:41)
03-15 11:19:24.704 21880  3808 W System.err: 	at com.android.okhttp.internal.http.RouteSelector.resetNextInetSocketAddress(RouteSelector.java:178)
03-15 11:19:24.704 21880  3808 W System.err: 	at com.android.okhttp.internal.http.RouteSelector.nextProxy(RouteSelector.java:144)
03-15 11:19:24.704 21880  3808 W System.err: 	at com.android.okhttp.internal.http.RouteSelector.next(RouteSelector.java:86)
03-15 11:19:24.704 21880  3808 W System.err: 	at com.android.okhttp.internal.http.StreamAllocation.findConnection(StreamAllocation.java:192)
03-15 11:19:24.704 21880  3808 W System.err: 	at com.android.okhttp.internal.http.StreamAllocation.findHealthyConnection(StreamAllocation.java:144)
03-15 11:19:24.704 21880  3808 W System.err: 	at com.android.okhttp.internal.http.StreamAllocation.newStream(StreamAllocation.java:106)
03-15 11:19:24.704 21880  3808 W System.err: 	at com.android.okhttp.internal.http.HttpEngine.connect(HttpEngine.java:400)
03-15 11:19:24.704 21880  3808 W System.err: 	at com.android.okhttp.internal.http.HttpEngine.sendRequest(HttpEngine.java:333)
03-15 11:19:24.704 21880  3808 W System.err: 	at com.android.okhttp.internal.huc.HttpURLConnectionImpl.execute(HttpURLConnectionImpl.java:483)
03-15 11:19:24.704 21880  3808 W System.err: 	at com.android.okhttp.internal.huc.HttpURLConnectionImpl.getResponse(HttpURLConnectionImpl.java:429)
03-15 11:19:24.704 21880  3808 W System.err: 	at com.android.okhttp.internal.huc.HttpURLConnectionImpl.getResponseCode(HttpURLConnectionImpl.java:560)
03-15 11:19:24.704 21880  3808 W System.err: 	at com.android.okhttp.internal.huc.DelegatingHttpsURLConnection.getResponseCode(DelegatingHttpsURLConnection.java:106)
03-15 11:19:24.704 21880  3808 W System.err: 	at com.android.okhttp.internal.huc.HttpsURLConnectionImpl.getResponseCode(HttpsURLConnectionImpl.java:30)
03-15 11:19:24.704 21880  3808 W System.err: 	at com.vidure.libs.transport.impl.http.HttpRequest.u(SourceFile:9)
03-15 11:19:24.705 21880  3808 W System.err: 	at com.vidure.app.core.modules.msger.db.FeedbackNao.queryIssueTypeList(SourceFile:41)
03-15 11:19:24.705 21880  3808 W System.err: 	... 8 more
03-15 11:19:24.705 21880  3797 V [MYTAG][pool-11-thread-3][FeedbackNao]: url:https://app-api.lufengzhe.com:9091/iot/api/v2/feedback/list/types?catalog=0&language=de_DE|param:|rsp:-1|rbody:
03-15 11:19:24.706 21880  3808 I System.out: (HTTPLog)-Static: isSBSettingEnabled false
03-15 11:19:24.706 21880  3808 I System.out: (HTTPLog)-Static: isSBSettingEnabled false
03-15 11:19:24.706 21880 21880 D ViewRootImpl@6da9899[MainActivity]: setView = com.android.internal.policy.DecorView@a7771fe TM=true MM=false
03-15 11:19:24.706 21880  3808 E [MYTAG][pool-11-thread-3]FeedbackNao: java.net.UnknownHostException: Unable to resolve host "app-api.lufengzhe.com": No address associated with hostname
03-15 11:19:24.707 21880  3797 V [MYTAG][pool-11-thread-3][MsgerService_asyncPushTerminalInfos]: runnable  is end.
03-15 11:19:24.707 21880 21880 D ViewRootImpl@3257344[SplashActivity]: MSG_WINDOW_FOCUS_CHANGED 0 1
03-15 11:19:24.707 21880 21880 D InputMethodManager: prepareNavigationBarInfo() DecorView@18e45d9[SplashActivity]
03-15 11:19:24.707 21880 21880 D InputMethodManager: getNavigationBarColor() -1
03-15 11:19:24.712 21880  3797 V [MYTAG][main][CameraTabFragment]: CameraTabFragment onCreate...
03-15 11:19:24.743 21880  3797 V [MYTAG][main][SystemUtils]: map： has gms ok.
03-15 11:19:24.744 21880  3797 V [MYTAG][main][SystemUtils]: map： has gms ok.
03-15 11:19:24.744 21880 21880 D a       : preferredRenderer: null
03-15 11:19:24.744 21880 21880 D s       : preferredRenderer: null
03-15 11:19:24.745 21880 21880 I s       : Making Creator dynamically
03-15 11:19:24.757 21880 21880 I DynamiteModule: Considering local module com.google.android.gms.maps_core_dynamite:0 and remote module com.google.android.gms.maps_core_dynamite:254515602
03-15 11:19:24.757 21880 21880 I DynamiteModule: Selected remote version of com.google.android.gms.maps_core_dynamite, version >= 254515602
03-15 11:19:24.757 21880 21880 V DynamiteModule: Dynamite loader version >= 2, using loadModule2NoCrashUtils
03-15 11:19:24.940 21880 21880 I native  : I0000 00:00:1773569964.940845   21880 jni_init.cc:30] Initializing JNI...
03-15 11:19:24.942 21880 21880 I Google Android Maps SDK: Google Play services client version: 18020000
03-15 11:19:24.973 21880 21880 D bo      : SDK type: 1, version: 254515602
03-15 11:19:25.011 21880 21880 D hp      : maps_core_dynamite module version in use (0 represents standalone library): 254515602
03-15 11:19:25.043 21880 21880 D hp      : Added event: 109
03-15 11:19:25.044 21880 21880 D hp      : Added event: 112
03-15 11:19:25.044 21880 21880 D a       : loadedRenderer: LATEST
03-15 11:19:25.096 21880  3797 V [MYTAG][main][CameraTabFragment]: CameraTabFragment onStart...
03-15 11:19:25.098 21880  3797 V [MYTAG][main][Device]: null dev is connected:false
03-15 11:19:25.098 21880 21880 D a       : preferredRenderer: null
03-15 11:19:25.098 21880 21880 D s       : preferredRenderer: null
03-15 11:19:25.101 21880 21880 D bo      : SDK type: 1, version: 254515602
03-15 11:19:25.102 21880 21880 I Google Android Maps SDK: Google Play services package version: 260931013
03-15 11:19:25.102 21880 21880 I Google Android Maps SDK: Google Play services maps renderer version(maps_core): 254515602
03-15 11:19:25.103 21880 21880 D bo      : SDK type: 1, version: 254515602
03-15 11:19:25.103 21880 21880 D de      : about to start loading native library asynchronously
03-15 11:19:25.112 21880 21880 W y       : Suppressed StrictMode policy violation: StrictModeDiskReadViolation
03-15 11:19:25.121 21880 21880 I o       : Using GMM server: https://clients4.google.com/glm/mmap
03-15 11:19:25.121 21880 21880 W y       : Suppressed StrictMode policy violation: StrictModeDiskReadViolation
03-15 11:19:25.121 21880 21880 W y       : Suppressed StrictMode policy violation: StrictModeDiskWriteViolation
03-15 11:19:25.125 21880 21880 D o       : Using Non-null serverVersionMetadataManager to load previous metadata.
03-15 11:19:25.127 21880 21880 D o       : Previous session server version metadata loaded: CggIBhCX+MDJBgoICAMQp8W6yQYKCggEEL3xv8kGGAEKCAgBENaK/cgG
03-15 11:19:25.149 21880  3917 W y       : Suppressed StrictMode policy violation: StrictModeDiskReadViolation
03-15 11:19:25.162 21880 21880 D ConnectivityManager: requestNetwork; CallingUid : 10291, CallingPid : 21880
03-15 11:19:25.172 21880  3797 V [MYTAG][pool-11-thread-14][update_lock_scene_status]: runnable  is end.
03-15 11:19:25.389 21880 21880 I ClientParamsBlocking: ClientParametersBlockingReference.blockedOnMainThread: ENABLE_FEATURES for 51 ms.
03-15 11:19:25.389 21880 21880 I ClientParamsBlocking: java.lang.Throwable
03-15 11:19:25.389 21880 21880 I ClientParamsBlocking: 	at m140.bgt.m(:com.google.android.gms.policy_maps_core_dynamite@254515607@254515602025.843324832.843324832:179)
03-15 11:19:25.389 21880 21880 I ClientParamsBlocking: 	at m140.bgt.a(:com.google.android.gms.policy_maps_core_dynamite@254515607@254515602025.843324832.843324832:1)
03-15 11:19:25.389 21880 21880 I ClientParamsBlocking: 	at m140.ben.a(:com.google.android.gms.policy_maps_core_dynamite@254515607@254515602025.843324832.843324832:3)
03-15 11:19:25.389 21880 21880 I ClientParamsBlocking: 	at m140.big.b(:com.google.android.gms.policy_maps_core_dynamite@254515607@254515602025.843324832.843324832:9)
03-15 11:19:25.389 21880 21880 I ClientParamsBlocking: 	at m140.ebh.a(:com.google.android.gms.policy_maps_core_dynamite@254515607@254515602025.843324832.843324832:147)
03-15 11:19:25.389 21880 21880 I ClientParamsBlocking: 	at m140.jic.d(:com.google.android.gms.policy_maps_core_dynamite@254515607@254515602025.843324832.843324832:12)
03-15 11:19:25.389 21880 21880 I ClientParamsBlocking: 	at m140.jic.a(:com.google.android.gms.policy_maps_core_dynamite@254515607@254515602025.843324832.843324832:7)
03-15 11:19:25.389 21880 21880 I ClientParamsBlocking: 	at m140.dzb.<init>(:com.google.android.gms.policy_maps_core_dynamite@254515607@254515602025.843324832.843324832:43)
03-15 11:19:25.389 21880 21880 I ClientParamsBlocking: 	at m140.dzc.a(:com.google.android.gms.policy_maps_core_dynamite@254515607@254515602025.843324832.843324832:72)
03-15 11:19:25.389 21880 21880 I ClientParamsBlocking: 	at m140.jic.d(:com.google.android.gms.policy_maps_core_dynamite@254515607@254515602025.843324832.843324832:12)
03-15 11:19:25.389 21880 21880 I ClientParamsBlocking: 	at m140.jic.a(:com.google.android.gms.policy_maps_core_dynamite@254515607@254515602025.843324832.843324832:7)
03-15 11:19:25.389 21880 21880 I ClientParamsBlocking: 	at com.google.maps.api.android.lib6.phoenix.bg.a(:com.google.android.gms.policy_maps_core_dynamite@254515607@254515602025.843324832.843324832:5)
03-15 11:19:25.389 21880 21880 I ClientParamsBlocking: 	at m140.jic.d(:com.google.android.gms.policy_maps_core_dynamite@254515607@254515602025.843324832.843324832:12)
03-15 11:19:25.389 21880 21880 I ClientParamsBlocking: 	at m140.jic.a(:com.google.android.gms.policy_maps_core_dynamite@254515607@254515602025.843324832.843324832:7)
03-15 11:19:25.389 21880 21880 I ClientParamsBlocking: 	at com.google.maps.api.android.lib6.phoenix.be.a(:com.google.android.gms.policy_maps_core_dynamite@254515607@254515602025.843324832.843324832:3)
03-15 11:19:25.389 21880 21880 I ClientParamsBlocking: 	at m140.jic.d(:com.google.android.gms.policy_maps_core_dynamite@254515607@254515602025.843324832.843324832:12)
03-15 11:19:25.389 21880 21880 I ClientParamsBlocking: 	at m140.jic.a(:com.google.android.gms.policy_maps_core_dynamite@254515607@254515602025.843324832.843324832:7)
03-15 11:19:25.389 21880 21880 I ClientParamsBlocking: 	at com.google.maps.api.android.lib6.phoenix.bj.a(:com.google.android.gms.policy_maps_core_dynamite@254515607@254515602025.843324832.843324832:3)
03-15 11:19:25.389 21880 21880 I ClientParamsBlocking: 	at m140.jic.d(:com.google.android.gms.policy_maps_core_dynamite@254515607@254515602025.843324832.843324832:12)
03-15 11:19:25.389 21880 21880 I ClientParamsBlocking: 	at m140.jic.a(:com.google.android.gms.policy_maps_core_dynamite@254515607@254515602025.843324832.843324832:7)
03-15 11:19:25.389 21880 21880 I ClientParamsBlocking: 	at com.google.maps.api.android.lib6.impl.cg.aY(:com.google.android.gms.policy_maps_core_dynamite@254515607@254515602025.843324832.843324832:67)
03-15 11:19:25.389 21880 21880 I ClientParamsBlocking: 	at com.google.maps.api.android.lib6.impl.em.d(:com.google.android.gms.policy_maps_core_dynamite@254515607@254515602025.843324832.843324832:12)
03-15 11:19:25.389 21880 21880 I ClientParamsBlocking: 	at com.google.android.gms.maps.internal.r.bt(:com.google.android.gms.policy_maps_core_dynamite@254515607@254515602025.843324832.843324832:158)
03-15 11:19:25.389 21880 21880 I ClientParamsBlocking: 	at m140.ayi.onTransact(:com.google.android.gms.policy_maps_core_dynamite@254515607@254515602025.843324832.843324832:21)
03-15 11:19:25.389 21880 21880 I ClientParamsBlocking: 	at android.os.Binder.transact(Binder.java:949)
03-15 11:19:25.389 21880 21880 I ClientParamsBlocking: 	at K3.a.e(SourceFile:8)
03-15 11:19:25.389 21880 21880 I ClientParamsBlocking: 	at O3.x.onCreate(SourceFile:9)
03-15 11:19:25.389 21880 21880 I ClientParamsBlocking: 	at N3.j.onCreate(SourceFile:11)
03-15 11:19:25.389 21880 21880 I ClientParamsBlocking: 	at t3.e.a(SourceFile:9)
03-15 11:19:25.389 21880 21880 I ClientParamsBlocking: 	at t3.c.onDelegateCreated(SourceFile:34)
03-15 11:19:25.389 21880 21880 I ClientParamsBlocking: 	at N3.k.w(SourceFile:47)
03-15 11:19:25.389 21880 21880 I ClientParamsBlocking: 	at N3.k.a(SourceFile:3)
03-15 11:19:25.389 21880 21880 I ClientParamsBlocking: 	at t3.a.u(SourceFile:45)
03-15 11:19:25.389 21880 21880 I ClientParamsBlocking: 	at t3.a.d(SourceFile:6)
03-15 11:19:25.389 21880 21880 I ClientParamsBlocking: 	at com.google.android.gms.maps.MapView.b(SourceFile:23)
03-15 11:19:25.389 21880 21880 I ClientParamsBlocking: 	at com.vidure.app.core.libs.map.adapter.google.GoogleMapAdapter.onMapViewReady(SourceFile:2)
03-15 11:19:25.389 21880 21880 I ClientParamsBlocking: 	at com.vidure.app.core.map.MapView.onMapViewReady(Unknown Source:2)
03-15 11:19:25.389 21880 21880 I ClientParamsBlocking: 	at com.vidure.app.widget.GpsSportBannerMapView.setVisibility(SourceFile:81)
03-15 11:19:25.389 21880 21880 I ClientParamsBlocking: 	at com.vidure.app.ui.activity.fragment.CameraTabFragment.updateGpsRecordView(SourceFile:26)
03-15 11:19:25.389 21880 21880 I ClientParamsBlocking: 	at com.vidure.app.ui.activity.fragment.CameraTabFragment.updateView(SourceFile:969)
03-15 11:19:25.389 21880 21880 I ClientParamsBlocking: 	at com.vidure.app.ui.activity.fragment.CameraTabFragment.onStart(SourceFile:4)
03-15 11:19:25.389 21880 21880 I ClientParamsBlocking: 	at androidx.fragment.app.Fragment.performStart(SourceFile:18)
03-15 11:19:25.389 21880 21880 I ClientParamsBlocking: 	at androidx.fragment.app.FragmentStateManager.start(SourceFile:34)
03-15 11:19:25.389 21880 21880 I ClientParamsBlocking: 	at androidx.fragment.app.FragmentStateManager.moveToExpectedState(SourceFile:77)
03-15 11:19:25.389 21880 21880 I ClientParamsBlocking: 	at androidx.fragment.app.FragmentManager.executeOpsTogether(SourceFile:231)
03-15 11:19:25.389 21880 21880 I ClientParamsBlocking: 	at androidx.fragment.app.FragmentManager.removeRedundantOperationsAndExecute(SourceFile:82)
03-15 11:19:25.389 21880 21880 I ClientParamsBlocking: 	at androidx.fragment.app.FragmentManager.execSingleAction(SourceFile:32)
03-15 11:19:25.389 21880 21880 I ClientParamsBlocking: 	at androidx.fragment.app.BackStackRecord.commitNowAllowingStateLoss(SourceFile:7)
03-15 11:19:25.389 21880 21880 I ClientParamsBlocking: 	at M9.a.finishUpdate(SourceFile:5)
03-15 11:19:25.389 21880 21880 I ClientParamsBlocking: 	at androidx.viewpager.widget.ViewPager.populate(SourceFile:51)
03-15 11:19:25.389 21880 21880 I ClientParamsBlocking: 	at androidx.viewpager.widget.ViewPager.populate(SourceFile:1)
03-15 11:19:25.389 21880 21880 I ClientParamsBlocking: 	at androidx.viewpager.widget.ViewPager.onMeasure(SourceFile:190)
03-15 11:19:25.389 21880 21880 I ClientParamsBlocking: 	at android.view.View.measure(View.java:26414)
03-15 11:19:25.389 21880 21880 I ClientParamsBlocking: 	at android.widget.RelativeLayout.measureChildHorizontal(RelativeLayout.java:735)
03-15 11:19:25.389 21880 21880 I ClientParamsBlocking: 	at android.widget.RelativeLayout.onMeasure(RelativeLayout.java:481)
03-15 11:19:25.389 21880 21880 I ClientParamsBlocking: 	at android.view.View.measure(View.java:26414)
03-15 11:19:25.389 21880 21880 I ClientParamsBlocking: 	at android.view.ViewGroup.measureChildWithMargins(ViewGroup.java:7845)
03-15 11:19:25.389 21880 21880 I ClientParamsBlocking: 	at android.widget.FrameLayout.onMeasure(FrameLayout.java:194)
03-15 11:19:25.389 21880 21880 I ClientParamsBlocking: 	at androidx.appcompat.widget.ContentFrameLayout.onMeasure(SourceFile:155)
03-15 11:19:25.389 21880 21880 I ClientParamsBlocking: 	at android.view.View.measure(View.java:26414)
03-15 11:19:25.389 21880 21880 I ClientParamsBlocking: 	at android.view.ViewGroup.measureChildWithMargins(ViewGroup.java:7845)
03-15 11:19:25.389 21880 21880 I ClientParamsBlocking: 	at android.widget.LinearLayout.measureChildBeforeLayout(LinearLayout.java:1552)
03-15 11:19:25.389 21880 21880 I ClientParamsBlocking: 	at android.widget.LinearLayout.measureVertical(LinearLayout.java:842)
03-15 11:19:25.389 21880 21880 I ClientParamsBlocking: 	at android.widget.LinearLayout.onMeasure(LinearLayout.java:721)
03-15 11:19:25.389 21880 21880 I ClientParamsBlocking: 	at android.view.View.measure(View.java:26414)
03-15 11:19:25.389 21880 21880 I ClientParamsBlocking: 	at android.view.ViewGroup.measureChildWithMargins(ViewGroup.java:7845)
03-15 11:19:25.389 21880 21880 I ClientParamsBlocking: 	at android.widget.FrameLayout.onMeasure(FrameLayout.java:194)
03-15 11:19:25.389 21880 21880 I ClientParamsBlocking: 	at android.view.View.measure(View.java:26414)
03-15 11:19:25.389 21880 21880 I ClientParamsBlocking: 	at android.view.ViewGroup.measureChildWithMargins(ViewGroup.java:7845)
03-15 11:19:25.389 21880 21880 I ClientParamsBlocking: 	at android.widget.LinearLayout.measureChildBeforeLayout(LinearLayout.java:1552)
03-15 11:19:25.389 21880 21880 I ClientParamsBlocking: 	at android.widget.LinearLayout.measureVertical(LinearLayout.java:842)
03-15 11:19:25.389 21880 21880 I ClientParamsBlocking: 	at android.widget.LinearLayout.onMeasure(LinearLayout.java:721)
03-15 11:19:25.389 21880 21880 I ClientParamsBlocking: 	at android.view.View.measure(View.java:26414)
03-15 11:19:25.389 21880 21880 I ClientParamsBlocking: 	at android.view.ViewGroup.measureChildWithMargins(ViewGroup.java:7845)
03-15 11:19:25.389 21880 21880 I ClientParamsBlocking: 	at android.widget.FrameLayout.onMeasure(FrameLayout.java:194)
03-15 11:19:25.389 21880 21880 I ClientParamsBlocking: 	at com.android.internal.policy.DecorView.onMeasure(DecorView.java:1016)
03-15 11:19:25.389 21880 21880 I ClientParamsBlocking: 	at android.view.View.measure(View.java:26414)
03-15 11:19:25.389 21880 21880 I ClientParamsBlocking: 	at android.view.ViewRootImpl.performMeasure(ViewRootImpl.java:3606)
03-15 11:19:25.389 21880 21880 I ClientParamsBlocking: 	at android.view.ViewRootImpl.measureHierarchy(ViewRootImpl.java:2349)
03-15 11:19:25.389 21880 21880 I ClientParamsBlocking: 	at android.view.ViewRootImpl.performTraversals(ViewRootImpl.java:2641)
03-15 11:19:25.389 21880 21880 I ClientParamsBlocking: 	at android.view.ViewRootImpl.doTraversal(ViewRootImpl.java:2201)
03-15 11:19:25.389 21880 21880 I ClientParamsBlocking: 	at android.view.ViewRootImpl$TraversalRunnable.run(ViewRootImpl.java:9066)
03-15 11:19:25.389 21880 21880 I ClientParamsBlocking: 	at android.view.Choreographer$CallbackRecord.run(Choreographer.java:999)
03-15 11:19:25.389 21880 21880 I ClientParamsBlocking: 	at android.view.Choreographer.doCallbacks(Choreographer.java:797)
03-15 11:19:25.389 21880 21880 I ClientParamsBlocking: 	at android.view.Choreographer.doFrame(Choreographer.java:732)
03-15 11:19:25.389 21880 21880 I ClientParamsBlocking: 	at android.view.Choreographer$FrameDisplayEventReceiver.run(Choreographer.java:984)
03-15 11:19:25.389 21880 21880 I ClientParamsBlocking: 	at android.os.Handler.handleCallback(Handler.java:883)
03-15 11:19:25.389 21880 21880 I ClientParamsBlocking: 	at android.os.Handler.dispatchMessage(Handler.java:100)
03-15 11:19:25.389 21880 21880 I ClientParamsBlocking: 	at android.os.Looper.loop(Looper.java:237)
03-15 11:19:25.389 21880 21880 I ClientParamsBlocking: 	at android.app.ActivityThread.main(ActivityThread.java:8107)
03-15 11:19:25.389 21880 21880 I ClientParamsBlocking: 	at java.lang.reflect.Method.invoke(Native Method)
03-15 11:19:25.389 21880 21880 I ClientParamsBlocking: 	at com.android.internal.os.RuntimeInit$MethodAndArgsCaller.run(RuntimeInit.java:496)
03-15 11:19:25.389 21880 21880 I ClientParamsBlocking: 	at com.android.internal.os.ZygoteInit.main(ZygoteInit.java:1100)
03-15 11:19:25.419 21880  3939 W GMM-SatelliteConnectivity: WIFI  isActiveNetworkSatellite: false
03-15 11:19:25.428 21880 21880 W ProxyAndroidLoggerBackend: Too many Flogger logs received before configuration. Dropping old logs.
03-15 11:19:25.441 21880 21880 I chatty  : uid=10291(com.vidure.app) identical 2 lines
03-15 11:19:25.443 21880 21880 W ProxyAndroidLoggerBackend: Too many Flogger logs received before configuration. Dropping old logs.
03-15 11:19:25.451 21880  3946 W JavaCronetEngine: using the fallback Cronet Engine implementation. Performance will suffer and many HTTP client features, including caching, will not work.
03-15 11:19:25.454 21880  3946 W ProxyAndroidLoggerBackend: Too many Flogger logs received before configuration. Dropping old logs.
03-15 11:19:25.467 21880 21880 W ProxyAndroidLoggerBackend: Too many Flogger logs received before configuration. Dropping old logs.
03-15 11:19:25.472 21880 21880 W ProxyAndroidLoggerBackend: Too many Flogger logs received before configuration. Dropping old logs.
03-15 11:19:25.475 21880  3946 W ProxyAndroidLoggerBackend: Too many Flogger logs received before configuration. Dropping old logs.
03-15 11:19:25.475 21880  3946 I chatty  : uid=10291(com.vidure.app) identical 1 line
03-15 11:19:25.475 21880  3946 W ProxyAndroidLoggerBackend: Too many Flogger logs received before configuration. Dropping old logs.
03-15 11:19:25.556 21880 21880 W ProxyAndroidLoggerBackend: Too many Flogger logs received before configuration. Dropping old logs.
03-15 11:19:25.639 21880 21880 I chatty  : uid=10291(com.vidure.app) identical 5 lines
03-15 11:19:25.643 21880 21880 W ProxyAndroidLoggerBackend: Too many Flogger logs received before configuration. Dropping old logs.
03-15 11:19:25.647 21880  3936 W ProxyAndroidLoggerBackend: Too many Flogger logs received before configuration. Dropping old logs.
03-15 11:19:25.648 21880  3936 I chatty  : uid=10291(com.vidure.app) identical 1 line
03-15 11:19:25.648 21880  3936 W ProxyAndroidLoggerBackend: Too many Flogger logs received before configuration. Dropping old logs.
03-15 11:19:25.649 21880 21880 W ProxyAndroidLoggerBackend: Too many Flogger logs received before configuration. Dropping old logs.
03-15 11:19:25.664 21880 21880 I chatty  : uid=10291(com.vidure.app) identical 4 lines
03-15 11:19:25.667 21880 21880 W ProxyAndroidLoggerBackend: Too many Flogger logs received before configuration. Dropping old logs.
03-15 11:19:25.682 21880  3945 D ConnectivityManager: requestNetwork; CallingUid : 10291, CallingPid : 21880
03-15 11:19:25.711 21880  3959 W ProxyAndroidLoggerBackend: Too many Flogger logs received before configuration. Dropping old logs.
03-15 11:19:25.712 21880  3959 W ProxyAndroidLoggerBackend: Too many Flogger logs received before configuration. Dropping old logs.
03-15 11:19:25.712 21880  3958 W ProxyAndroidLoggerBackend: Too many Flogger logs received before configuration. Dropping old logs.
03-15 11:19:25.713 21880  3959 W ProxyAndroidLoggerBackend: Too many Flogger logs received before configuration. Dropping old logs.
03-15 11:19:25.714 21880  3960 W ProxyAndroidLoggerBackend: Too many Flogger logs received before configuration. Dropping old logs.
03-15 11:19:25.715 21880  3958 W ProxyAndroidLoggerBackend: Too many Flogger logs received before configuration. Dropping old logs.
03-15 11:19:25.715 21880  3958 W ProxyAndroidLoggerBackend: Too many Flogger logs received before configuration. Dropping old logs.
03-15 11:19:25.716 21880  3960 W ProxyAndroidLoggerBackend: Too many Flogger logs received before configuration. Dropping old logs.
03-15 11:19:25.716 21880  3958 W ProxyAndroidLoggerBackend: Too many Flogger logs received before configuration. Dropping old logs.
03-15 11:19:25.717 21880  3959 W ProxyAndroidLoggerBackend: Too many Flogger logs received before configuration. Dropping old logs.
03-15 11:19:25.718 21880  3960 W ProxyAndroidLoggerBackend: Too many Flogger logs received before configuration. Dropping old logs.
03-15 11:19:25.718 21880  3958 W ProxyAndroidLoggerBackend: Too many Flogger logs received before configuration. Dropping old logs.
03-15 11:19:25.718 21880  3959 W ProxyAndroidLoggerBackend: Too many Flogger logs received before configuration. Dropping old logs.
03-15 11:19:25.719 21880  3960 W ProxyAndroidLoggerBackend: Too many Flogger logs received before configuration. Dropping old logs.
03-15 11:19:25.720 21880  3958 W ProxyAndroidLoggerBackend: Too many Flogger logs received before configuration. Dropping old logs.
03-15 11:19:25.720 21880  3959 W ProxyAndroidLoggerBackend: Too many Flogger logs received before configuration. Dropping old logs.
03-15 11:19:25.721 21880  3960 W ProxyAndroidLoggerBackend: Too many Flogger logs received before configuration. Dropping old logs.
03-15 11:19:25.721 21880  3958 W ProxyAndroidLoggerBackend: Too many Flogger logs received before configuration. Dropping old logs.
03-15 11:19:25.722 21880  3959 W ProxyAndroidLoggerBackend: Too many Flogger logs received before configuration. Dropping old logs.
03-15 11:19:25.722 21880  3960 W ProxyAndroidLoggerBackend: Too many Flogger logs received before configuration. Dropping old logs.
03-15 11:19:25.730 21880 21880 W ProxyAndroidLoggerBackend: Too many Flogger logs received before configuration. Dropping old logs.
03-15 11:19:25.740 21880  3797 D [MYTAG][main][GoogleMapAdapter]: onStart
03-15 11:19:25.743 21880  3797 D [MYTAG][main][GoogleMapAdapter]: onResume
03-15 11:19:25.743 21880  3797 V [MYTAG][main][Device]: null dev is connected:false
03-15 11:19:25.744 21880  3797 V [MYTAG][main][AlbumTabFragment]: AlbumTabFragment onCreate...
03-15 11:19:25.748 21880 21880 D ScrollView: initGoToTop
03-15 11:19:25.768 21880  3797 V [MYTAG][main][AiEditorTabFragment]: AiEditorTabFragment onCreate...
03-15 11:19:25.791 21880 21880 E ConstraintLayout: layout_constraintWidth_default="wrap" is deprecated.
03-15 11:19:25.791 21880 21880 E ConstraintLayout: Use layout_width="WRAP_CONTENT" and layout_constrainedWidth="true" instead.
03-15 11:19:25.796 21880  3797 V [MYTAG][main][VMeTabFragment]: VMeTabFragment onCreate...
03-15 11:19:25.835 21880  3797 V [MYTAG][main][CameraTabFragment]: CameraTabFragment onResume...
03-15 11:19:25.836 21880  3797 D [MYTAG][main][NetworkMgr]: WifiInfo:SSID: Bert, BSSID: a4:e8:8d:8d:1c:65, MAC: 02:00:00:00:00:00, Supplicant state: COMPLETED, RSSI: -32, Link speed: 54Mbps, Tx Link speed: 54Mbps, Rx Link speed: 54Mbps, Frequency: 2437MHz, Net ID: 5, Metered hint: false, GigaAp: false, VenueName: null, WifiMode: 3, HotspotLiveAp: false, score: 60
03-15 11:19:25.836 21880  3797 V [MYTAG][main][CameraService]: find cur device:Bert, for phone connected wifi:Bert
03-15 11:19:25.836 21880  3797 V [MYTAG][main][Device]: null dev is connected:false
03-15 11:19:25.836 21880  3797 V [MYTAG][main][Device]: null dev is connected:false
03-15 11:19:25.837 21880 21880 D Dialog  : mIsSamsungBasicInteraction = false
03-15 11:19:25.837 21880 21880 D Dialog  : mIsSamsungBasicInteraction = false, isMetaDataInActivity = false
03-15 11:19:25.839 21880 21880 I MultiWindowDecorSupport: updateCaptionType >> DecorView@ebcc9bc[], isFloating: true, isApplication: true, hasWindowDecorCaption: false, hasWindowControllerCallback: false
03-15 11:19:25.839 21880 21880 D MultiWindowDecorSupport: setCaptionType = 0, DecorView = DecorView@ebcc9bc[]
03-15 11:19:25.841 21880  3797 D [MYTAG][main][DefaultDialog]: show dialogId:general_waiting_dlg MainActivity
03-15 11:19:25.845 21880 21880 D ViewRootImpl@b6ac5a8[MainActivity]: setView = com.android.internal.policy.DecorView@ebcc9bc TM=true MM=false
03-15 11:19:25.846 21880 21880 D (XFToolUtil.java:6): o()[]
03-15 11:19:25.847 21880 21880 D (XFToolUtil.java:71): o()[ gRootPath:/storage/emulated/0/Android/data/com.vidure.app/cache/.com.vidure.app]
03-15 11:19:25.847 21880 21880 D (XFToolUtil.java:153): o()[ dirs already exist!]
03-15 11:19:25.857 21880 21880 D (XFExtTool.java:30): <init>()[]
03-15 11:19:25.857 21880  3842 D ConnectivityManager: unregisterNetworkCallback; CallingUid : 10291, CallingPid : 21880
03-15 11:19:25.858 21880  3797 V [MYTAG][pool-11-thread-7][VTask-runnable]: runnable  is start.
03-15 11:19:25.858 21880  3842 D ConnectivityManager: unregisterNetworkCallback; CallingUid : 10291, CallingPid : 21880
03-15 11:19:25.858 21880  3842 D ConnectivityManager: sendRequestForNetwork CallingUid : 10291, CallingPid : 21880
03-15 11:19:25.858 21880  3842 D ConnectivityManager_URSP: hong blacklisted - false
03-15 11:19:25.858 21880  3842 D ConnectivityManager: requestNetwork; CallingUid : 10291, CallingPid : 21880
03-15 11:19:25.859 21880 21880 W Glide   : Failed to find GeneratedAppGlideModule. You should include an annotationProcessor compile dependency on com.github.bumptech.glide:compiler in your application and a @GlideModule annotated AppGlideModule implementation or LibraryGlideModules will be silently ignored
03-15 11:19:25.859 21880  3797 V [MYTAG][pool-11-thread-11][tag-null]: runnable  is start.
03-15 11:19:25.860 21880  3797 V [MYTAG][pool-11-thread-11][tag-null]: runnable  is end.
03-15 11:19:25.860 21880  3797 V [MYTAG][main][AlbumTabFragment]: AlbumTabFragment onStart...
03-15 11:19:25.860 21880  3797 V [MYTAG][main][AlbumTabFragment]: AlbumTabFragment onResume...
03-15 11:19:25.860 21880  3797 V [MYTAG][main][AiEditorTabFragment]: AiEditorTabFragment onStart...
03-15 11:19:25.860 21880  3797 V [MYTAG][main][AiEditorTabFragment]: AiEditorTabFragment onResume...
03-15 11:19:25.860 21880  3797 V [MYTAG][main][VMeTabFragment]: VMeTabFragment onStart...
03-15 11:19:25.860 21880  3797 V [MYTAG][main][VMeTabFragment]: VMeTabFragment onResume...
03-15 11:19:25.860 21880  3842 D ConnectivityManager: sendRequestForNetwork CallingUid : 10291, CallingPid : 21880
03-15 11:19:25.861 21880  3842 D ConnectivityManager_URSP: hong blacklisted - false
03-15 11:19:25.861 21880  3842 D ConnectivityManager: requestNetwork; CallingUid : 10291, CallingPid : 21880
03-15 11:19:25.862 21880  3797 V [MYTAG][pool-11-thread-7][NetworkMgr]: request Phone Network...
03-15 11:19:25.862 21880  3797 I [MYTAG][ConnectivityThread][NetworkMgr]: [MyNetworkCallback.onAvailable] type: wifi,network 666  false
03-15 11:19:25.863 21880  3797 V [MYTAG][pool-11-thread-13][retry_wifi_network_link]: runnable  is start.
03-15 11:19:25.863 21880  3852 I System.out: (HTTPLog)-Static: isSBSettingEnabled false
03-15 11:19:25.863 21880  3852 I System.out: (HTTPLog)-Static: isSBSettingEnabled false
03-15 11:19:25.864 21880  3852 I System.out: (HTTPLog)-Static: isSBSettingEnabled false
03-15 11:19:25.864 21880  3852 I System.out: (HTTPLog)-Static: isSBSettingEnabled false
03-15 11:19:25.866 21880  3797 V [MYTAG][pool-11-thread-13][AiTaskScheduledChecker]: stop heartbeat,isRunning:false
03-15 11:19:25.866 21880  3797 V [MYTAG][pool-11-thread-13][retry_wifi_network_link]: runnable  is end.
03-15 11:19:25.883 21880 21880 D ViewRootImpl@6da9899[MainActivity]: Relayout returned: old=(0,0,1600,2560) new=(0,0,1600,2560) req=(1600,2560)0 dur=6 res=0x7 s={true 529614647296} ch=true
03-15 11:19:25.883 21880  3790 D OpenGLRenderer: createReliableSurface : 0x7bf30cb080(0x7b4f7e3000)
03-15 11:19:25.887 21880 21880 D ScrollView:  onsize change changed 
03-15 11:19:25.893 21880  3790 D OpenGLRenderer: makeCurrent EglSurface : 0x7c03f69c00 -> 0x7c03f8bc00
03-15 11:19:25.912 21880  3958 W ProxyAndroidLoggerBackend: Too many Flogger logs received before configuration. Dropping old logs.
03-15 11:19:25.912 21880  3958 I chatty  : uid=10291(com.vidure.app) androidmapsapi- identical 1 line
03-15 11:19:25.913 21880  3958 W ProxyAndroidLoggerBackend: Too many Flogger logs received before configuration. Dropping old logs.
03-15 11:19:25.914 21880  3955 W Gralloc3: allocator 3.x is not supported
03-15 11:19:25.914 21880  3960 W ProxyAndroidLoggerBackend: Too many Flogger logs received before configuration. Dropping old logs.
03-15 11:19:25.914 21880 21880 I Choreographer: Skipped 71 frames!  The application may be doing too much work on its main thread.
03-15 11:19:25.914 21880  3959 W ProxyAndroidLoggerBackend: Too many Flogger logs received before configuration. Dropping old logs.
03-15 11:19:25.915 21880  3959 W ProxyAndroidLoggerBackend: Too many Flogger logs received before configuration. Dropping old logs.
03-15 11:19:25.916 21880  3960 W ProxyAndroidLoggerBackend: Too many Flogger logs received before configuration. Dropping old logs.
03-15 11:19:25.918 21880  3958 W ProxyAndroidLoggerBackend: Too many Flogger logs received before configuration. Dropping old logs.
03-15 11:19:25.928 21880 21880 D ViewRootImpl@b6ac5a8[MainActivity]: Relayout returned: old=(0,54,1600,2452) new=(599,1100,1001,1405) req=(402,305)0 dur=13 res=0x7 s={true 529617448960} ch=true
03-15 11:19:25.928 21880  3790 D OpenGLRenderer: createReliableSurface : 0x7b756e8900(0x7b4fa8f000)
03-15 11:19:25.932 21880 21880 E DecorView: mWindow.mActivityCurrentConfig is null
03-15 11:19:25.935 21880  3790 D OpenGLRenderer: makeCurrent EglSurface : 0x7c03f8bc00 -> 0x7b88d86d00
03-15 11:19:25.944 21880 21880 D ViewRootImpl@b6ac5a8[MainActivity]: MSG_WINDOW_FOCUS_CHANGED 1 1
03-15 11:19:25.944 21880 21880 D InputMethodManager: prepareNavigationBarInfo() DecorView@ebcc9bc[MainActivity]
03-15 11:19:25.944 21880 21880 D InputMethodManager: getNavigationBarColor() -855310
03-15 11:19:25.944 21880 21880 D InputMethodManager: prepareNavigationBarInfo() DecorView@ebcc9bc[MainActivity]
03-15 11:19:25.944 21880 21880 D InputMethodManager: getNavigationBarColor() -855310
03-15 11:19:25.944 21880 21880 V InputMethodManager: Starting input: tba=com.vidure.app ic=null mNaviBarColor -855310 mIsGetNaviBarColorSuccess true , NavVisible : true , NavTrans : false
03-15 11:19:25.944 21880 21880 D InputMethodManager: startInputInner - Id : 0
03-15 11:19:25.944 21880 21880 I InputMethodManager: startInputInner - mService.startInputOrWindowGainedFocus
03-15 11:19:25.946 21880 21880 D InputTransport: Input channel destroyed: 'ClientS', fd=87
03-15 11:19:25.946 21880 21880 D ConnectivityManager: requestNetwork; CallingUid : 10291, CallingPid : 21880
03-15 11:19:25.955 21880 21880 D ViewRootImpl@6da9899[MainActivity]: MSG_RESIZED: frame=(0,0,1600,2560) ci=(0,54,0,108) vi=(0,54,0,108) or=1
03-15 11:19:25.955 21880 21880 D ViewRootImpl@b6ac5a8[MainActivity]: MSG_RESIZED_REPORT: frame=(599,1100,1001,1405) ci=(0,0,0,0) vi=(0,0,0,0) or=1
03-15 11:19:25.960 21880  3790 D OpenGLRenderer: makeCurrent EglSurface : 0x7b88d86d00 -> 0x7c03f8bc00
03-15 11:19:25.973 21880  3790 D OpenGLRenderer: makeCurrent EglSurface : 0x7c03f8bc00 -> 0x7b88d86d00
03-15 11:19:25.985 21880  3790 D OpenGLRenderer: makeCurrent EglSurface : 0x7b88d86d00 -> 0x7c03f8bc00
03-15 11:19:26.081 21880  3790 D OpenGLRenderer: makeCurrent EglSurface : 0x7c03f8bc00 -> 0x7b88d86d00
03-15 11:19:26.162 21880  3842 D ConnectivityManager: setProcessDefaultNetwork CallingUid : 10291, CallingPid : 21880
03-15 11:19:26.163 21880  3842 D ConnectivityManager_URSP: hong blacklisted - false
03-15 11:19:26.166 21880  3797 I [MYTAG][pool-11-thread-7][NetworkMgr]: bind network wifi type: 666
