09-14 10:59:16.745 10744 15802 V [MYTAG][mail_tcp_socket][RemoteOptor]: [CMD]DEV_SDCARD_STATUS_QUERY
09-14 10:59:16.745 10744 15802 V [MYTAG][mail_tcp_socket][RemoteOptor]: [PARAM]null
09-14 10:59:16.745 10744 15802 V [MYTAG][mail_tcp_socket][HttpTransportLayer]: [HTTP SEND GET]
09-14 10:59:16.745 10744 15802 V [MYTAG][mail_tcp_socket][HttpTransportLayer]: 	 url:http://192.168.0.1:80/app/getsdinfo
09-14 10:59:16.759 10744 15802 V [MYTAG][main][Device]: 603 dev is connected:true
09-14 10:59:16.768 10744 15802 V [MYTAG][mail_tcp_socket][HttpTransportLayer]: [HTTP RSP]
09-14 10:59:16.768 10744 15802 V [MYTAG][mail_tcp_socket][HttpTransportLayer]: 	 errcode:0
09-14 10:59:16.768 10744 15802 V [MYTAG][mail_tcp_socket][HttpTransportLayer]: 	[content]{"result":0,"info":{"status":0,"free":285,"total":1883}}
09-14 10:59:16.768 10744 15802 V [MYTAG][mail_tcp_socket][HttpTransportLayer]: -----------------------------------------
09-14 10:59:16.790 10744 10744 W ProxyAndroidLoggerBackend: Too many Flogger logs received before configuration. Dropping old logs.
09-14 10:59:16.802 10744 10744 I chatty  : uid=10291(com.vidure.app) identical 7 lines
09-14 10:59:16.803 10744 10744 W ProxyAndroidLoggerBackend: Too many Flogger logs received before configuration. Dropping old logs.
09-14 10:59:16.813 10744 15802 V [MYTAG][main][Device]: 603 dev is connected:true
09-14 10:59:16.815 10744 15802 V [MYTAG][main][CameraPreviewActivity]: rev msg1:264454
09-14 10:59:16.815 10744 15802 V [MYTAG][main][Device]: 603 dev is connected:true
09-14 10:59:16.815 10744 15802 V [MYTAG][main][CameraPreviewActivity]: rev msg1:589832
09-14 10:59:19.743 10744 15802 V [MYTAG][mail_tcp_socket][ViiSocketMailDataPhraser]: ------------mail---------------
09-14 10:59:19.743 10744 15802 V [MYTAG][mail_tcp_socket][ViiSocketMailDataPhraser]: {"msgid":"battery","info":{"capacity":66,"charge":0},"time":1757847559}
09-14 10:59:19.744 10744 15802 V [MYTAG][mail_tcp_socket][ViiSocketMailDataPhraser]: ------------mail---------------
09-14 10:59:19.744 10744 15802 V [MYTAG][mail_tcp_socket][ViiSocketMailDataPhraser]: {"msgid":"sd","info":{"status":0},"time":1757847559}
09-14 10:59:19.745 10744 15802 V [MYTAG][mail_tcp_socket][RemoteOptor]: ----
09-14 10:59:19.745 10744 15802 V [MYTAG][mail_tcp_socket][RemoteOptor]: [CMD]DEV_SDCARD_STATUS_QUERY
09-14 10:59:19.745 10744 15802 V [MYTAG][mail_tcp_socket][RemoteOptor]: [PARAM]null
09-14 10:59:19.745 10744 15802 V [MYTAG][mail_tcp_socket][HttpTransportLayer]: [HTTP SEND GET]
09-14 10:59:19.745 10744 15802 V [MYTAG][mail_tcp_socket][HttpTransportLayer]: 	 url:http://192.168.0.1:80/app/getsdinfo
09-14 10:59:19.745 10744 15991 W System  : Ignoring header sessionid because its value was null.
09-14 10:59:19.746 10744 15991 I System.out: (HTTPLog)-Static: isSBSettingEnabled false
09-14 10:59:19.746 10744 15991 I System.out: (HTTPLog)-Static: isSBSettingEnabled false
09-14 10:59:19.760 10744 15802 V [MYTAG][main][Device]: 603 dev is connected:true
09-14 10:59:19.785 10744 15802 V [MYTAG][mail_tcp_socket][HttpTransportLayer]: [HTTP RSP]
09-14 10:59:19.785 10744 15802 V [MYTAG][mail_tcp_socket][HttpTransportLayer]: 	 errcode:0
09-14 10:59:19.785 10744 15802 V [MYTAG][mail_tcp_socket][HttpTransportLayer]: 	[content]{"result":0,"info":{"status":0,"free":281,"total":1883}}
09-14 10:59:19.785 10744 15802 V [MYTAG][mail_tcp_socket][HttpTransportLayer]: -----------------------------------------
09-14 10:59:19.832 10744 10744 W ProxyAndroidLoggerBackend: Too many Flogger logs received before configuration. Dropping old logs.
09-14 10:59:19.840 10744 10744 I chatty  : uid=10291(com.vidure.app) identical 6 lines
09-14 10:59:19.841 10744 10744 W ProxyAndroidLoggerBackend: Too many Flogger logs received before configuration. Dropping old logs.
09-14 10:59:19.850 10744 15802 V [MYTAG][main][Device]: 603 dev is connected:true
09-14 10:59:19.853 10744 15802 V [MYTAG][main][CameraPreviewActivity]: rev msg1:264454
09-14 10:59:19.854 10744 15802 V [MYTAG][main][Device]: 603 dev is connected:true
09-14 10:59:19.854 10744 15802 V [MYTAG][main][CameraPreviewActivity]: rev msg1:589832
09-14 10:59:20.136 10744 15802 V [MYTAG][HeartbeatMgr][RemoteOptor]: ----
09-14 10:59:20.136 10744 15802 V [MYTAG][HeartbeatMgr][RemoteOptor]: [CMD]Basic_Msg_MailBox
09-14 10:59:20.136 10744 15802 V [MYTAG][HeartbeatMgr][RemoteOptor]: [PARAM]null
09-14 10:59:20.137 10744 15992 W System  : Ignoring header sessionid because its value was null.
09-14 10:59:20.137 10744 15802 V [MYTAG][HeartbeatMgr][HttpTransportLayer]: [HTTP SEND GET]
09-14 10:59:20.137 10744 15802 V [MYTAG][HeartbeatMgr][HttpTransportLayer]: 	 url:http://192.168.0.1:80/app/getparamvalue?param=rec
09-14 10:59:20.138 10744 15992 I System.out: (HTTPLog)-Static: isSBSettingEnabled false
09-14 10:59:20.138 10744 15992 I System.out: (HTTPLog)-Static: isSBSettingEnabled false
09-14 10:59:20.186 10744 15802 V [MYTAG][HeartbeatMgr][HttpTransportLayer]: [HTTP RSP]
09-14 10:59:20.186 10744 15802 V [MYTAG][HeartbeatMgr][HttpTransportLayer]: 	 errcode:0
09-14 10:59:20.186 10744 15802 V [MYTAG][HeartbeatMgr][HttpTransportLayer]: 	[content]{"result":0,"info":{"value":1}}
09-14 10:59:20.186 10744 15802 V [MYTAG][HeartbeatMgr][HttpTransportLayer]: -----------------------------------------
09-14 10:59:22.753 10744 15802 V [MYTAG][mail_tcp_socket][ViiSocketMailDataPhraser]: ------------mail---------------
09-14 10:59:22.753 10744 15802 V [MYTAG][mail_tcp_socket][ViiSocketMailDataPhraser]: {"msgid":"battery","info":{"capacity":66,"charge":0},"time":1757847562}
09-14 10:59:22.755 10744 15802 V [MYTAG][mail_tcp_socket][ViiSocketMailDataPhraser]: ------------mail---------------
09-14 10:59:22.755 10744 15802 V [MYTAG][mail_tcp_socket][ViiSocketMailDataPhraser]: {"msgid":"sd","info":{"status":0},"time":1757847562}
09-14 10:59:22.756 10744 15991 W System  : Ignoring header sessionid because its value was null.
09-14 10:59:22.756 10744 15991 I System.out: (HTTPLog)-Static: isSBSettingEnabled false
09-14 10:59:22.756 10744 15991 I System.out: (HTTPLog)-Static: isSBSettingEnabled false
09-14 10:59:22.757 10744 15802 V [MYTAG][mail_tcp_socket][RemoteOptor]: ----
09-14 10:59:22.757 10744 15802 V [MYTAG][mail_tcp_socket][RemoteOptor]: [CMD]DEV_SDCARD_STATUS_QUERY
09-14 10:59:22.757 10744 15802 V [MYTAG][mail_tcp_socket][RemoteOptor]: [PARAM]null
09-14 10:59:22.758 10744 15802 V [MYTAG][mail_tcp_socket][HttpTransportLayer]: [HTTP SEND GET]
09-14 10:59:22.758 10744 15802 V [MYTAG][mail_tcp_socket][HttpTransportLayer]: 	 url:http://192.168.0.1:80/app/getsdinfo
09-14 10:59:22.758 10744 15802 V [MYTAG][main][Device]: 603 dev is connected:true
09-14 10:59:22.785 10744 15802 V [MYTAG][mail_tcp_socket][HttpTransportLayer]: [HTTP RSP]
09-14 10:59:22.785 10744 15802 V [MYTAG][mail_tcp_socket][HttpTransportLayer]: 	 errcode:0
09-14 10:59:22.785 10744 15802 V [MYTAG][mail_tcp_socket][HttpTransportLayer]: 	[content]{"result":0,"info":{"status":0,"free":277,"total":1883}}
09-14 10:59:22.785 10744 15802 V [MYTAG][mail_tcp_socket][HttpTransportLayer]: -----------------------------------------
09-14 10:59:22.791 10744 10744 W ProxyAndroidLoggerBackend: Too many Flogger logs received before configuration. Dropping old logs.
09-14 10:59:22.802 10744 10744 I chatty  : uid=10291(com.vidure.app) identical 6 lines
09-14 10:59:22.803 10744 10744 W ProxyAndroidLoggerBackend: Too many Flogger logs received before configuration. Dropping old logs.
09-14 10:59:22.818 10744 15802 V [MYTAG][main][Device]: 603 dev is connected:true
09-14 10:59:22.821 10744 15802 V [MYTAG][main][CameraPreviewActivity]: rev msg1:264454
09-14 10:59:22.822 10744 15802 V [MYTAG][main][Device]: 603 dev is connected:true
09-14 10:59:22.822 10744 15802 V [MYTAG][main][CameraPreviewActivity]: rev msg1:589832
09-14 10:59:22.979 10744 17401 W ProxyAndroidLoggerBackend: Too many Flogger logs received before configuration. Dropping old logs.
09-14 10:59:22.979 10744 17401 W ProxyAndroidLoggerBackend: Too many Flogger logs received before configuration. Dropping old logs.
09-14 10:59:22.980 10744 16715 W ProxyAndroidLoggerBackend: Too many Flogger logs received before configuration. Dropping old logs.
09-14 10:59:24.137 10744 15802 V [MYTAG][HeartbeatMgr][RemoteOptor]: ----
09-14 10:59:24.137 10744 15802 V [MYTAG][HeartbeatMgr][RemoteOptor]: [CMD]Basic_Msg_MailBox
09-14 10:59:24.137 10744 15802 V [MYTAG][HeartbeatMgr][RemoteOptor]: [PARAM]null
09-14 10:59:24.138 10744 15992 W System  : Ignoring header sessionid because its value was null.
09-14 10:59:24.138 10744 15802 V [MYTAG][HeartbeatMgr][HttpTransportLayer]: [HTTP SEND GET]
09-14 10:59:24.138 10744 15802 V [MYTAG][HeartbeatMgr][HttpTransportLayer]: 	 url:http://192.168.0.1:80/app/getparamvalue?param=rec
09-14 10:59:24.138 10744 15992 I System.out: (HTTPLog)-Static: isSBSettingEnabled false
09-14 10:59:24.138 10744 15992 I System.out: (HTTPLog)-Static: isSBSettingEnabled false
09-14 10:59:24.183 10744 15802 V [MYTAG][HeartbeatMgr][HttpTransportLayer]: [HTTP RSP]
09-14 10:59:24.183 10744 15802 V [MYTAG][HeartbeatMgr][HttpTransportLayer]: 	 errcode:0
09-14 10:59:24.183 10744 15802 V [MYTAG][HeartbeatMgr][HttpTransportLayer]: 	[content]{"result":0,"info":{"value":1}}
09-14 10:59:24.183 10744 15802 V [MYTAG][HeartbeatMgr][HttpTransportLayer]: -----------------------------------------
09-14 10:59:25.762 10744 15802 V [MYTAG][mail_tcp_socket][ViiSocketMailDataPhraser]: ------------mail---------------
09-14 10:59:25.762 10744 15802 V [MYTAG][mail_tcp_socket][ViiSocketMailDataPhraser]: {"msgid":"battery","info":{"capacity":66,"charge":0},"time":1757847565}
09-14 10:59:25.768 10744 15802 V [MYTAG][mail_tcp_socket][ViiSocketMailDataPhraser]: ------------mail---------------
09-14 10:59:25.768 10744 15802 V [MYTAG][mail_tcp_socket][ViiSocketMailDataPhraser]: {"msgid":"sd","info":{"status":0},"time":1757847565}
09-14 10:59:25.769 10744 15991 W System  : Ignoring header sessionid because its value was null.
09-14 10:59:25.769 10744 15802 V [MYTAG][mail_tcp_socket][RemoteOptor]: ----
09-14 10:59:25.769 10744 15802 V [MYTAG][mail_tcp_socket][RemoteOptor]: [CMD]DEV_SDCARD_STATUS_QUERY
09-14 10:59:25.769 10744 15802 V [MYTAG][mail_tcp_socket][RemoteOptor]: [PARAM]null
09-14 10:59:25.769 10744 15802 V [MYTAG][mail_tcp_socket][HttpTransportLayer]: [HTTP SEND GET]
09-14 10:59:25.769 10744 15802 V [MYTAG][mail_tcp_socket][HttpTransportLayer]: 	 url:http://192.168.0.1:80/app/getsdinfo
09-14 10:59:25.770 10744 15991 I System.out: (HTTPLog)-Static: isSBSettingEnabled false
09-14 10:59:25.770 10744 15991 I System.out: (HTTPLog)-Static: isSBSettingEnabled false
09-14 10:59:25.773 10744 15802 V [MYTAG][main][Device]: 603 dev is connected:true
09-14 10:59:25.810 10744 15802 V [MYTAG][mail_tcp_socket][HttpTransportLayer]: [HTTP RSP]
09-14 10:59:25.810 10744 15802 V [MYTAG][mail_tcp_socket][HttpTransportLayer]: 	 errcode:0
09-14 10:59:25.810 10744 15802 V [MYTAG][mail_tcp_socket][HttpTransportLayer]: 	[content]{"result":0,"info":{"status":0,"free":274,"total":1883}}
09-14 10:59:25.810 10744 15802 V [MYTAG][mail_tcp_socket][HttpTransportLayer]: -----------------------------------------
09-14 10:59:25.812 10744 10744 W ProxyAndroidLoggerBackend: Too many Flogger logs received before configuration. Dropping old logs.
09-14 10:59:25.817 10744 10744 I chatty  : uid=10291(com.vidure.app) identical 6 lines
09-14 10:59:25.818 10744 10744 W ProxyAndroidLoggerBackend: Too many Flogger logs received before configuration. Dropping old logs.
09-14 10:59:25.827 10744 15802 V [MYTAG][main][Device]: 603 dev is connected:true
09-14 10:59:25.832 10744 15802 V [MYTAG][main][CameraPreviewActivity]: rev msg1:264454
09-14 10:59:25.833 10744 15802 V [MYTAG][main][Device]: 603 dev is connected:true
09-14 10:59:25.833 10744 15802 V [MYTAG][main][CameraPreviewActivity]: rev msg1:589832
09-14 10:59:26.064 10744 15758 I com.vidure.app: Background concurrent copying GC freed 86374(11MB) AllocSpace objects, 28(1680KB) LOS objects, 23% free, 78MB/102MB, paused 353us total 267.155ms
09-14 10:59:28.138 10744 15992 W System  : Ignoring header sessionid because its value was null.
09-14 10:59:28.139 10744 15992 I System.out: (HTTPLog)-Static: isSBSettingEnabled false
09-14 10:59:28.139 10744 15992 I System.out: (HTTPLog)-Static: isSBSettingEnabled false
09-14 10:59:28.139 10744 15802 V [MYTAG][HeartbeatMgr][RemoteOptor]: ----
09-14 10:59:28.139 10744 15802 V [MYTAG][HeartbeatMgr][RemoteOptor]: [CMD]Basic_Msg_MailBox
09-14 10:59:28.139 10744 15802 V [MYTAG][HeartbeatMgr][RemoteOptor]: [PARAM]null
09-14 10:59:28.139 10744 15802 V [MYTAG][HeartbeatMgr][HttpTransportLayer]: [HTTP SEND GET]
09-14 10:59:28.139 10744 15802 V [MYTAG][HeartbeatMgr][HttpTransportLayer]: 	 url:http://192.168.0.1:80/app/getparamvalue?param=rec
09-14 10:59:28.168 10744 15802 V [MYTAG][HeartbeatMgr][HttpTransportLayer]: [HTTP RSP]
09-14 10:59:28.168 10744 15802 V [MYTAG][HeartbeatMgr][HttpTransportLayer]: 	 errcode:0
09-14 10:59:28.168 10744 15802 V [MYTAG][HeartbeatMgr][HttpTransportLayer]: 	[content]{"result":0,"info":{"value":1}}
09-14 10:59:28.168 10744 15802 V [MYTAG][HeartbeatMgr][HttpTransportLayer]: -----------------------------------------
09-14 10:59:28.774 10744 15802 V [MYTAG][mail_tcp_socket][ViiSocketMailDataPhraser]: ------------mail---------------
09-14 10:59:28.774 10744 15802 V [MYTAG][mail_tcp_socket][ViiSocketMailDataPhraser]: {"msgid":"battery","info":{"capacity":66,"charge":0},"time":1757847568}
09-14 10:59:28.782 10744 15802 V [MYTAG][main][Device]: 603 dev is connected:true
09-14 10:59:28.807 10744 10744 W ProxyAndroidLoggerBackend: Too many Flogger logs received before configuration. Dropping old logs.
09-14 10:59:28.814 10744 10744 I chatty  : uid=10291(com.vidure.app) identical 6 lines
09-14 10:59:28.815 10744 10744 W ProxyAndroidLoggerBackend: Too many Flogger logs received before configuration. Dropping old logs.
09-14 10:59:28.824 10744 15802 V [MYTAG][main][Device]: 603 dev is connected:true
09-14 10:59:28.825 10744 15991 W System  : Ignoring header sessionid because its value was null.
09-14 10:59:28.825 10744 15991 I System.out: (HTTPLog)-Static: isSBSettingEnabled false
09-14 10:59:28.825 10744 15991 I System.out: (HTTPLog)-Static: isSBSettingEnabled false
09-14 10:59:28.826 10744 15802 V [MYTAG][mail_tcp_socket][ViiSocketMailDataPhraser]: ------------mail---------------
09-14 10:59:28.826 10744 15802 V [MYTAG][mail_tcp_socket][ViiSocketMailDataPhraser]: {"msgid":"sd","info":{"status":0},"time":1757847568}
09-14 10:59:28.826 10744 15802 V [MYTAG][mail_tcp_socket][RemoteOptor]: ----
09-14 10:59:28.826 10744 15802 V [MYTAG][mail_tcp_socket][RemoteOptor]: [CMD]DEV_SDCARD_STATUS_QUERY
09-14 10:59:28.826 10744 15802 V [MYTAG][mail_tcp_socket][RemoteOptor]: [PARAM]null
09-14 10:59:28.826 10744 15802 V [MYTAG][mail_tcp_socket][HttpTransportLayer]: [HTTP SEND GET]
09-14 10:59:28.826 10744 15802 V [MYTAG][mail_tcp_socket][HttpTransportLayer]: 	 url:http://192.168.0.1:80/app/getsdinfo
09-14 10:59:28.828 10744 15802 V [MYTAG][main][CameraPreviewActivity]: rev msg1:264454
09-14 10:59:28.844 10744 15802 V [MYTAG][mail_tcp_socket][HttpTransportLayer]: [HTTP RSP]
09-14 10:59:28.844 10744 15802 V [MYTAG][mail_tcp_socket][HttpTransportLayer]: 	 errcode:0
09-14 10:59:28.844 10744 15802 V [MYTAG][mail_tcp_socket][HttpTransportLayer]: 	[content]{"result":0,"info":{"status":0,"free":270,"total":1883}}
09-14 10:59:28.844 10744 15802 V [MYTAG][mail_tcp_socket][HttpTransportLayer]: -----------------------------------------
09-14 10:59:28.845 10744 15802 V [MYTAG][main][Device]: 603 dev is connected:true
09-14 10:59:28.845 10744 15802 V [MYTAG][main][CameraPreviewActivity]: rev msg1:589832
09-14 10:59:31.784 10744 15802 V [MYTAG][mail_tcp_socket][ViiSocketMailDataPhraser]: ------------mail---------------
09-14 10:59:31.784 10744 15802 V [MYTAG][mail_tcp_socket][ViiSocketMailDataPhraser]: {"msgid":"battery","info":{"capacity":66,"charge":0},"time":1757847571}
09-14 10:59:31.785 10744 15991 W System  : Ignoring header sessionid because its value was null.
09-14 10:59:31.786 10744 15991 I System.out: (HTTPLog)-Static: isSBSettingEnabled false
09-14 10:59:31.786 10744 15991 I System.out: (HTTPLog)-Static: isSBSettingEnabled false
09-14 10:59:31.787 10744 15802 V [MYTAG][mail_tcp_socket][ViiSocketMailDataPhraser]: ------------mail---------------
09-14 10:59:31.787 10744 15802 V [MYTAG][mail_tcp_socket][ViiSocketMailDataPhraser]: {"msgid":"sd","info":{"status":0},"time":1757847571}
09-14 10:59:31.788 10744 15802 V [MYTAG][mail_tcp_socket][RemoteOptor]: ----
09-14 10:59:31.788 10744 15802 V [MYTAG][mail_tcp_socket][RemoteOptor]: [CMD]DEV_SDCARD_STATUS_QUERY
09-14 10:59:31.788 10744 15802 V [MYTAG][mail_tcp_socket][RemoteOptor]: [PARAM]null
09-14 10:59:31.788 10744 15802 V [MYTAG][mail_tcp_socket][HttpTransportLayer]: [HTTP SEND GET]
09-14 10:59:31.788 10744 15802 V [MYTAG][mail_tcp_socket][HttpTransportLayer]: 	 url:http://192.168.0.1:80/app/getsdinfo
09-14 10:59:31.793 10744 15802 V [MYTAG][main][Device]: 603 dev is connected:true
09-14 10:59:31.802 10744 17365 W ProxyAndroidLoggerBackend: Too many Flogger logs received before configuration. Dropping old logs.
09-14 10:59:31.802 10744 17365 W ProxyAndroidLoggerBackend: Too many Flogger logs received before configuration. Dropping old logs.
09-14 10:59:31.803 10744 16715 W ProxyAndroidLoggerBackend: Too many Flogger logs received before configuration. Dropping old logs.
09-14 10:59:31.820 10744 15802 V [MYTAG][mail_tcp_socket][HttpTransportLayer]: [HTTP RSP]
09-14 10:59:31.820 10744 15802 V [MYTAG][mail_tcp_socket][HttpTransportLayer]: 	 errcode:0
09-14 10:59:31.820 10744 15802 V [MYTAG][mail_tcp_socket][HttpTransportLayer]: 	[content]{"result":0,"info":{"status":0,"free":266,"total":1883}}
09-14 10:59:31.820 10744 15802 V [MYTAG][mail_tcp_socket][HttpTransportLayer]: -----------------------------------------
09-14 10:59:31.824 10744 10744 W ProxyAndroidLoggerBackend: Too many Flogger logs received before configuration. Dropping old logs.
09-14 10:59:31.834 10744 10744 I chatty  : uid=10291(com.vidure.app) identical 6 lines
09-14 10:59:31.835 10744 10744 W ProxyAndroidLoggerBackend: Too many Flogger logs received before configuration. Dropping old logs.
09-14 10:59:31.847 10744 15802 V [MYTAG][main][Device]: 603 dev is connected:true
09-14 10:59:31.848 10744 15802 V [MYTAG][main][CameraPreviewActivity]: rev msg1:264454
09-14 10:59:31.849 10744 15802 V [MYTAG][main][Device]: 603 dev is connected:true
09-14 10:59:31.849 10744 15802 V [MYTAG][main][CameraPreviewActivity]: rev msg1:589832
09-14 10:59:32.137 10744 15992 W System  : Ignoring header sessionid because its value was null.
09-14 10:59:32.138 10744 15992 I System.out: (HTTPLog)-Static: isSBSettingEnabled false
09-14 10:59:32.138 10744 15992 I System.out: (HTTPLog)-Static: isSBSettingEnabled false
09-14 10:59:32.139 10744 15802 V [MYTAG][HeartbeatMgr][RemoteOptor]: ----
09-14 10:59:32.139 10744 15802 V [MYTAG][HeartbeatMgr][RemoteOptor]: [CMD]Basic_Msg_MailBox
09-14 10:59:32.139 10744 15802 V [MYTAG][HeartbeatMgr][RemoteOptor]: [PARAM]null
09-14 10:59:32.140 10744 15802 V [MYTAG][HeartbeatMgr][HttpTransportLayer]: [HTTP SEND GET]
09-14 10:59:32.140 10744 15802 V [MYTAG][HeartbeatMgr][HttpTransportLayer]: 	 url:http://192.168.0.1:80/app/getparamvalue?param=rec
09-14 10:59:32.179 10744 15802 V [MYTAG][HeartbeatMgr][HttpTransportLayer]: [HTTP RSP]
09-14 10:59:32.179 10744 15802 V [MYTAG][HeartbeatMgr][HttpTransportLayer]: 	 errcode:0
09-14 10:59:32.179 10744 15802 V [MYTAG][HeartbeatMgr][HttpTransportLayer]: 	[content]{"result":0,"info":{"value":1}}
09-14 10:59:32.179 10744 15802 V [MYTAG][HeartbeatMgr][HttpTransportLayer]: -----------------------------------------
09-14 10:59:34.792 10744 15802 V [MYTAG][mail_tcp_socket][ViiSocketMailDataPhraser]: ------------mail---------------
09-14 10:59:34.792 10744 15802 V [MYTAG][mail_tcp_socket][ViiSocketMailDataPhraser]: {"msgid":"battery","info":{"capacity":66,"charge":0},"time":1757847574}
09-14 10:59:34.794 10744 15802 V [MYTAG][mail_tcp_socket][ViiSocketMailDataPhraser]: ------------mail---------------
09-14 10:59:34.794 10744 15802 V [MYTAG][mail_tcp_socket][ViiSocketMailDataPhraser]: {"msgid":"sd","info":{"status":0},"time":1757847574}
09-14 10:59:34.795 10744 15802 V [MYTAG][mail_tcp_socket][RemoteOptor]: ----
09-14 10:59:34.795 10744 15802 V [MYTAG][mail_tcp_socket][RemoteOptor]: [CMD]DEV_SDCARD_STATUS_QUERY
09-14 10:59:34.795 10744 15802 V [MYTAG][mail_tcp_socket][RemoteOptor]: [PARAM]null
09-14 10:59:34.795 10744 15802 V [MYTAG][mail_tcp_socket][HttpTransportLayer]: [HTTP SEND GET]
09-14 10:59:34.795 10744 15802 V [MYTAG][mail_tcp_socket][HttpTransportLayer]: 	 url:http://192.168.0.1:80/app/getsdinfo
09-14 10:59:34.796 10744 15991 W System  : Ignoring header sessionid because its value was null.
09-14 10:59:34.796 10744 15991 I System.out: (HTTPLog)-Static: isSBSettingEnabled false
09-14 10:59:34.796 10744 15991 I System.out: (HTTPLog)-Static: isSBSettingEnabled false
09-14 10:59:34.802 10744 15802 V [MYTAG][main][Device]: 603 dev is connected:true
09-14 10:59:34.827 10744 15802 V [MYTAG][mail_tcp_socket][HttpTransportLayer]: [HTTP RSP]
09-14 10:59:34.827 10744 15802 V [MYTAG][mail_tcp_socket][HttpTransportLayer]: 	 errcode:0
09-14 10:59:34.827 10744 15802 V [MYTAG][mail_tcp_socket][HttpTransportLayer]: 	[content]{"result":0,"info":{"status":0,"free":262,"total":1883}}
09-14 10:59:34.827 10744 15802 V [MYTAG][mail_tcp_socket][HttpTransportLayer]: -----------------------------------------
09-14 10:59:34.844 10744 10744 W ProxyAndroidLoggerBackend: Too many Flogger logs received before configuration. Dropping old logs.
09-14 10:59:34.852 10744 10744 I chatty  : uid=10291(com.vidure.app) identical 6 lines
09-14 10:59:34.853 10744 10744 W ProxyAndroidLoggerBackend: Too many Flogger logs received before configuration. Dropping old logs.
09-14 10:59:34.858 10744 17365 W ProxyAndroidLoggerBackend: Too many Flogger logs received before configuration. Dropping old logs.
09-14 10:59:34.869 10744 15802 V [MYTAG][main][Device]: 603 dev is connected:true
09-14 10:59:34.875 10744 15802 V [MYTAG][main][CameraPreviewActivity]: rev msg1:264454
09-14 10:59:34.875 10744 15802 V [MYTAG][main][Device]: 603 dev is connected:true
09-14 10:59:34.875 10744 15802 V [MYTAG][main][CameraPreviewActivity]: rev msg1:589832
09-14 10:59:34.898 10744 16715 W ProxyAndroidLoggerBackend: Too many Flogger logs received before configuration. Dropping old logs.
09-14 10:59:34.899 10744 16715 W ProxyAndroidLoggerBackend: Too many Flogger logs received before configuration. Dropping old logs.
09-14 10:59:34.899 10744 17365 W ProxyAndroidLoggerBackend: Too many Flogger logs received before configuration. Dropping old logs.
09-14 10:59:34.915 10744 17401 W ProxyAndroidLoggerBackend: Too many Flogger logs received before configuration. Dropping old logs.
09-14 10:59:34.915 10744 17401 I chatty  : uid=10291(com.vidure.app) identical 1 line
09-14 10:59:34.916 10744 17401 W ProxyAndroidLoggerBackend: Too many Flogger logs received before configuration. Dropping old logs.
09-14 10:59:36.138 10744 15802 V [MYTAG][HeartbeatMgr][RemoteOptor]: ----
09-14 10:59:36.138 10744 15802 V [MYTAG][HeartbeatMgr][RemoteOptor]: [CMD]Basic_Msg_MailBox
09-14 10:59:36.138 10744 15802 V [MYTAG][HeartbeatMgr][RemoteOptor]: [PARAM]null
09-14 10:59:36.139 10744 15802 V [MYTAG][HeartbeatMgr][HttpTransportLayer]: [HTTP SEND GET]
09-14 10:59:36.139 10744 15802 V [MYTAG][HeartbeatMgr][HttpTransportLayer]: 	 url:http://192.168.0.1:80/app/getparamvalue?param=rec
09-14 10:59:36.139 10744 15992 W System  : Ignoring header sessionid because its value was null.
09-14 10:59:36.140 10744 15992 I System.out: (HTTPLog)-Static: isSBSettingEnabled false
09-14 10:59:36.140 10744 15992 I System.out: (HTTPLog)-Static: isSBSettingEnabled false
09-14 10:59:36.181 10744 15802 V [MYTAG][HeartbeatMgr][HttpTransportLayer]: [HTTP RSP]
09-14 10:59:36.181 10744 15802 V [MYTAG][HeartbeatMgr][HttpTransportLayer]: 	 errcode:0
09-14 10:59:36.181 10744 15802 V [MYTAG][HeartbeatMgr][HttpTransportLayer]: 	[content]{"result":0,"info":{"value":1}}
09-14 10:59:36.181 10744 15802 V [MYTAG][HeartbeatMgr][HttpTransportLayer]: -----------------------------------------
09-14 10:59:37.802 10744 15802 V [MYTAG][mail_tcp_socket][ViiSocketMailDataPhraser]: ------------mail---------------
09-14 10:59:37.802 10744 15802 V [MYTAG][mail_tcp_socket][ViiSocketMailDataPhraser]: {"msgid":"battery","info":{"capacity":66,"charge":0},"time":1757847577}
09-14 10:59:37.806 10744 15991 W System  : Ignoring header sessionid because its value was null.
09-14 10:59:37.807 10744 15991 I System.out: (HTTPLog)-Static: isSBSettingEnabled false
09-14 10:59:37.807 10744 15802 V [MYTAG][mail_tcp_socket][ViiSocketMailDataPhraser]: ------------mail---------------
09-14 10:59:37.807 10744 15802 V [MYTAG][mail_tcp_socket][ViiSocketMailDataPhraser]: {"msgid":"sd","info":{"status":0},"time":1757847577}
09-14 10:59:37.807 10744 15991 I System.out: (HTTPLog)-Static: isSBSettingEnabled false
09-14 10:59:37.807 10744 15802 V [MYTAG][mail_tcp_socket][RemoteOptor]: ----
09-14 10:59:37.807 10744 15802 V [MYTAG][mail_tcp_socket][RemoteOptor]: [CMD]DEV_SDCARD_STATUS_QUERY
09-14 10:59:37.807 10744 15802 V [MYTAG][mail_tcp_socket][RemoteOptor]: [PARAM]null
09-14 10:59:37.807 10744 15802 V [MYTAG][mail_tcp_socket][HttpTransportLayer]: [HTTP SEND GET]
09-14 10:59:37.807 10744 15802 V [MYTAG][mail_tcp_socket][HttpTransportLayer]: 	 url:http://192.168.0.1:80/app/getsdinfo
09-14 10:59:37.812 10744 15802 V [MYTAG][main][Device]: 603 dev is connected:true
09-14 10:59:37.829 10744 15802 V [MYTAG][mail_tcp_socket][HttpTransportLayer]: [HTTP RSP]
09-14 10:59:37.829 10744 15802 V [MYTAG][mail_tcp_socket][HttpTransportLayer]: 	 errcode:0
09-14 10:59:37.829 10744 15802 V [MYTAG][mail_tcp_socket][HttpTransportLayer]: 	[content]{"result":0,"info":{"status":0,"free":259,"total":1883}}
09-14 10:59:37.829 10744 15802 V [MYTAG][mail_tcp_socket][HttpTransportLayer]: -----------------------------------------
09-14 10:59:37.839 10744 10744 W ProxyAndroidLoggerBackend: Too many Flogger logs received before configuration. Dropping old logs.
09-14 10:59:37.847 10744 10744 I chatty  : uid=10291(com.vidure.app) identical 6 lines
09-14 10:59:37.847 10744 10744 W ProxyAndroidLoggerBackend: Too many Flogger logs received before configuration. Dropping old logs.
09-14 10:59:37.857 10744 15802 V [MYTAG][main][Device]: 603 dev is connected:true
09-14 10:59:37.860 10744 15802 V [MYTAG][main][CameraPreviewActivity]: rev msg1:264454
09-14 10:59:37.860 10744 15802 V [MYTAG][main][Device]: 603 dev is connected:true
09-14 10:59:37.860 10744 15802 V [MYTAG][main][CameraPreviewActivity]: rev msg1:589832
09-14 10:59:40.139 10744 15802 V [MYTAG][HeartbeatMgr][RemoteOptor]: ----
09-14 10:59:40.139 10744 15802 V [MYTAG][HeartbeatMgr][RemoteOptor]: [CMD]Basic_Msg_MailBox
09-14 10:59:40.139 10744 15802 V [MYTAG][HeartbeatMgr][RemoteOptor]: [PARAM]null
09-14 10:59:40.139 10744 15992 W System  : Ignoring header sessionid because its value was null.
09-14 10:59:40.140 10744 15802 V [MYTAG][HeartbeatMgr][HttpTransportLayer]: [HTTP SEND GET]
09-14 10:59:40.140 10744 15802 V [MYTAG][HeartbeatMgr][HttpTransportLayer]: 	 url:http://192.168.0.1:80/app/getparamvalue?param=rec
09-14 10:59:40.140 10744 15992 I System.out: (HTTPLog)-Static: isSBSettingEnabled false
09-14 10:59:40.140 10744 15992 I System.out: (HTTPLog)-Static: isSBSettingEnabled false
09-14 10:59:40.228 10744 15802 V [MYTAG][HeartbeatMgr][HttpTransportLayer]: [HTTP RSP]
09-14 10:59:40.228 10744 15802 V [MYTAG][HeartbeatMgr][HttpTransportLayer]: 	 errcode:0
09-14 10:59:40.228 10744 15802 V [MYTAG][HeartbeatMgr][HttpTransportLayer]: 	[content]{"result":0,"info":{"value":1}}
09-14 10:59:40.228 10744 15802 V [MYTAG][HeartbeatMgr][HttpTransportLayer]: -----------------------------------------
09-14 10:59:40.849 10744 15802 V [MYTAG][mail_tcp_socket][ViiSocketMailDataPhraser]: ------------mail---------------
09-14 10:59:40.849 10744 15802 V [MYTAG][mail_tcp_socket][ViiSocketMailDataPhraser]: {"msgid":"battery","info":{"capacity":66,"charge":0},"time":1757847580}
09-14 10:59:40.859 10744 15991 W System  : Ignoring header sessionid because its value was null.
09-14 10:59:40.860 10744 15991 I System.out: (HTTPLog)-Static: isSBSettingEnabled false
09-14 10:59:40.860 10744 15991 I System.out: (HTTPLog)-Static: isSBSettingEnabled false
09-14 10:59:40.861 10744 15802 V [MYTAG][main][Device]: 603 dev is connected:true
09-14 10:59:40.861 10744 15802 V [MYTAG][mail_tcp_socket][ViiSocketMailDataPhraser]: ------------mail---------------
09-14 10:59:40.861 10744 15802 V [MYTAG][mail_tcp_socket][ViiSocketMailDataPhraser]: {"msgid":"sd","info":{"status":0},"time":1757847580}
09-14 10:59:40.862 10744 15802 V [MYTAG][mail_tcp_socket][RemoteOptor]: ----
09-14 10:59:40.862 10744 15802 V [MYTAG][mail_tcp_socket][RemoteOptor]: [CMD]DEV_SDCARD_STATUS_QUERY
09-14 10:59:40.862 10744 15802 V [MYTAG][mail_tcp_socket][RemoteOptor]: [PARAM]null
09-14 10:59:40.862 10744 15802 V [MYTAG][mail_tcp_socket][HttpTransportLayer]: [HTTP SEND GET]
09-14 10:59:40.862 10744 15802 V [MYTAG][mail_tcp_socket][HttpTransportLayer]: 	 url:http://192.168.0.1:80/app/getsdinfo
09-14 10:59:40.898 10744 15802 V [MYTAG][mail_tcp_socket][HttpTransportLayer]: [HTTP RSP]
09-14 10:59:40.898 10744 15802 V [MYTAG][mail_tcp_socket][HttpTransportLayer]: 	 errcode:0
09-14 10:59:40.898 10744 15802 V [MYTAG][mail_tcp_socket][HttpTransportLayer]: 	[content]{"result":0,"info":{"status":0,"free":255,"total":1883}}
09-14 10:59:40.898 10744 15802 V [MYTAG][mail_tcp_socket][HttpTransportLayer]: -----------------------------------------
09-14 10:59:40.905 10744 10744 W ProxyAndroidLoggerBackend: Too many Flogger logs received before configuration. Dropping old logs.
09-14 10:59:40.911 10744 10744 I chatty  : uid=10291(com.vidure.app) identical 6 lines
09-14 10:59:40.912 10744 10744 W ProxyAndroidLoggerBackend: Too many Flogger logs received before configuration. Dropping old logs.
09-14 10:59:40.920 10744 15802 V [MYTAG][main][Device]: 603 dev is connected:true
09-14 10:59:40.923 10744 15802 V [MYTAG][main][CameraPreviewActivity]: rev msg1:264454
09-14 10:59:40.923 10744 15802 V [MYTAG][main][Device]: 603 dev is connected:true
09-14 10:59:40.923 10744 15802 V [MYTAG][main][CameraPreviewActivity]: rev msg1:589832
09-14 10:59:44.095 10744 15802 V [MYTAG][mail_tcp_socket][ViiSocketMailDataPhraser]: ------------mail---------------
09-14 10:59:44.095 10744 15802 V [MYTAG][mail_tcp_socket][ViiSocketMailDataPhraser]: {"msgid":"battery","info":{"capacity":66,"charge":0},"time":1757847583}
09-14 10:59:44.101 10744 15802 V [MYTAG][main][Device]: 603 dev is connected:true
09-14 10:59:44.112 10744 15991 W System  : Ignoring header sessionid because its value was null.
09-14 10:59:44.112 10744 15991 I System.out: (HTTPLog)-Static: isSBSettingEnabled false
09-14 10:59:44.112 10744 15991 I System.out: (HTTPLog)-Static: isSBSettingEnabled false
09-14 10:59:44.113 10744 15802 V [MYTAG][mail_tcp_socket][ViiSocketMailDataPhraser]: ------------mail---------------
09-14 10:59:44.113 10744 15802 V [MYTAG][mail_tcp_socket][ViiSocketMailDataPhraser]: {"msgid":"sd","info":{"status":0},"time":1757847583}
09-14 10:59:44.114 10744 15802 V [MYTAG][mail_tcp_socket][RemoteOptor]: ----
09-14 10:59:44.114 10744 15802 V [MYTAG][mail_tcp_socket][RemoteOptor]: [CMD]DEV_SDCARD_STATUS_QUERY
09-14 10:59:44.114 10744 15802 V [MYTAG][mail_tcp_socket][RemoteOptor]: [PARAM]null
09-14 10:59:44.114 10744 15802 V [MYTAG][mail_tcp_socket][HttpTransportLayer]: [HTTP SEND GET]
09-14 10:59:44.114 10744 15802 V [MYTAG][mail_tcp_socket][HttpTransportLayer]: 	 url:http://192.168.0.1:80/app/getsdinfo
09-14 10:59:44.136 10744 10744 W ProxyAndroidLoggerBackend: Too many Flogger logs received before configuration. Dropping old logs.
09-14 10:59:44.139 10744 10744 W ProxyAndroidLoggerBackend: Too many Flogger logs received before configuration. Dropping old logs.
09-14 10:59:44.139 10744 15802 V [MYTAG][HeartbeatMgr][RemoteOptor]: ----
09-14 10:59:44.139 10744 15802 V [MYTAG][HeartbeatMgr][RemoteOptor]: [CMD]Basic_Msg_MailBox
09-14 10:59:44.139 10744 15802 V [MYTAG][HeartbeatMgr][RemoteOptor]: [PARAM]null
09-14 10:59:44.141 10744 10744 W ProxyAndroidLoggerBackend: Too many Flogger logs received before configuration. Dropping old logs.
09-14 10:59:44.148 10744 10744 I chatty  : uid=10291(com.vidure.app) identical 4 lines
09-14 10:59:44.149 10744 10744 W ProxyAndroidLoggerBackend: Too many Flogger logs received before configuration. Dropping old logs.
09-14 10:59:44.158 10744 15802 V [MYTAG][main][Device]: 603 dev is connected:true
09-14 10:59:44.161 10744 15802 V [MYTAG][main][CameraPreviewActivity]: rev msg1:264454
09-14 10:59:44.702 10744 15802 V [MYTAG][mail_tcp_socket][HttpTransportLayer]: [HTTP RSP]
09-14 10:59:44.702 10744 15802 V [MYTAG][mail_tcp_socket][HttpTransportLayer]: 	 errcode:0
09-14 10:59:44.702 10744 15802 V [MYTAG][mail_tcp_socket][HttpTransportLayer]: 	[content]{"result":0,"info":{"status":0,"free":250,"total":1883}}
09-14 10:59:44.702 10744 15802 V [MYTAG][mail_tcp_socket][HttpTransportLayer]: -----------------------------------------
09-14 10:59:44.703 10744 15992 W System  : Ignoring header sessionid because its value was null.
09-14 10:59:44.704 10744 15992 I System.out: (HTTPLog)-Static: isSBSettingEnabled false
09-14 10:59:44.704 10744 15992 I System.out: (HTTPLog)-Static: isSBSettingEnabled false
09-14 10:59:44.705 10744 15802 V [MYTAG][HeartbeatMgr][HttpTransportLayer]: [HTTP SEND GET]
09-14 10:59:44.705 10744 15802 V [MYTAG][HeartbeatMgr][HttpTransportLayer]: 	 url:http://192.168.0.1:80/app/getparamvalue?param=rec
09-14 10:59:44.705 10744 15802 V [MYTAG][main][Device]: 603 dev is connected:true
09-14 10:59:44.705 10744 15802 V [MYTAG][main][CameraPreviewActivity]: rev msg1:589832
09-14 10:59:44.742 10744 15802 V [MYTAG][HeartbeatMgr][HttpTransportLayer]: [HTTP RSP]
09-14 10:59:44.742 10744 15802 V [MYTAG][HeartbeatMgr][HttpTransportLayer]: 	 errcode:0
09-14 10:59:44.742 10744 15802 V [MYTAG][HeartbeatMgr][HttpTransportLayer]: 	[content]{"result":0,"info":{"value":1}}
09-14 10:59:44.742 10744 15802 V [MYTAG][HeartbeatMgr][HttpTransportLayer]: -----------------------------------------
09-14 10:59:45.277 10744 15869 W Settings: Setting adb_enabled has moved from android.provider.Settings.Secure to android.provider.Settings.Global.
09-14 10:59:45.279 10744 15872 I System.out: (HTTPLog)-Static: isSBSettingEnabled false
09-14 10:59:45.280 10744 15872 I System.out: (HTTPLog)-Static: isSBSettingEnabled false
09-14 10:59:45.410 10744 15869 I System.out: (HTTPLog)-Static: isSBSettingEnabled false
09-14 10:59:45.429 10744 15869 I chatty  : uid=10291(com.vidure.app) identical 2 lines
09-14 10:59:45.429 10744 15869 I System.out: (HTTPLog)-Static: isSBSettingEnabled false
09-14 10:59:45.455 10744 15869 I System.out: (HTTPLog)-Static: isSBSettingEnabled false
09-14 10:59:45.455 10744 15869 I System.out: (HTTPLog)-Static: isSBSettingEnabled false
09-14 10:59:47.022 10744 15802 V [MYTAG][mail_tcp_socket][ViiSocketMailDataPhraser]: ------------mail---------------
09-14 10:59:47.022 10744 15802 V [MYTAG][mail_tcp_socket][ViiSocketMailDataPhraser]: {"msgid":"battery","info":{"capacity":66,"charge":0},"time":1757847586}
09-14 10:59:47.023 10744 15802 V [MYTAG][mail_tcp_socket][ViiSocketMailDataPhraser]: ------------mail---------------
09-14 10:59:47.023 10744 15802 V [MYTAG][mail_tcp_socket][ViiSocketMailDataPhraser]: {"msgid":"sd","info":{"status":0},"time":1757847586}
09-14 10:59:47.024 10744 15991 W System  : Ignoring header sessionid because its value was null.
09-14 10:59:47.024 10744 15802 V [MYTAG][mail_tcp_socket][RemoteOptor]: ----
09-14 10:59:47.024 10744 15802 V [MYTAG][mail_tcp_socket][RemoteOptor]: [CMD]DEV_SDCARD_STATUS_QUERY
09-14 10:59:47.024 10744 15802 V [MYTAG][mail_tcp_socket][RemoteOptor]: [PARAM]null
09-14 10:59:47.025 10744 15802 V [MYTAG][mail_tcp_socket][HttpTransportLayer]: [HTTP SEND GET]
09-14 10:59:47.025 10744 15802 V [MYTAG][mail_tcp_socket][HttpTransportLayer]: 	 url:http://192.168.0.1:80/app/getsdinfo
09-14 10:59:47.025 10744 15991 I System.out: (HTTPLog)-Static: isSBSettingEnabled false
09-14 10:59:47.025 10744 15991 I System.out: (HTTPLog)-Static: isSBSettingEnabled false
09-14 10:59:47.037 10744 15802 V [MYTAG][main][Device]: 603 dev is connected:true
09-14 10:59:47.092 10744 15802 V [MYTAG][mail_tcp_socket][HttpTransportLayer]: [HTTP RSP]
09-14 10:59:47.092 10744 15802 V [MYTAG][mail_tcp_socket][HttpTransportLayer]: 	 errcode:0
09-14 10:59:47.092 10744 15802 V [MYTAG][mail_tcp_socket][HttpTransportLayer]: 	[content]{"result":0,"info":{"status":0,"free":247,"total":1883}}
09-14 10:59:47.092 10744 15802 V [MYTAG][mail_tcp_socket][HttpTransportLayer]: -----------------------------------------
09-14 10:59:47.118 10744 10744 W ProxyAndroidLoggerBackend: Too many Flogger logs received before configuration. Dropping old logs.
09-14 10:59:47.129 10744 10744 I chatty  : uid=10291(com.vidure.app) identical 6 lines
09-14 10:59:47.130 10744 10744 W ProxyAndroidLoggerBackend: Too many Flogger logs received before configuration. Dropping old logs.
09-14 10:59:47.134 10744 17401 W ProxyAndroidLoggerBackend: Too many Flogger logs received before configuration. Dropping old logs.
09-14 10:59:47.135 10744 16715 W ProxyAndroidLoggerBackend: Too many Flogger logs received before configuration. Dropping old logs.
09-14 10:59:47.143 10744 15802 V [MYTAG][main][Device]: 603 dev is connected:true
09-14 10:59:47.145 10744 15802 V [MYTAG][main][CameraPreviewActivity]: rev msg1:264454
09-14 10:59:47.145 10744 15802 V [MYTAG][main][Device]: 603 dev is connected:true
09-14 10:59:47.145 10744 15802 V [MYTAG][main][CameraPreviewActivity]: rev msg1:589832
09-14 10:59:47.317 10744 15872 I System.out: (HTTPLog)-Static: isSBSettingEnabled false
09-14 10:59:47.317 10744 15872 I System.out: (HTTPLog)-Static: isSBSettingEnabled false
09-14 10:59:48.140 10744 15802 V [MYTAG][HeartbeatMgr][RemoteOptor]: ----
09-14 10:59:48.140 10744 15802 V [MYTAG][HeartbeatMgr][RemoteOptor]: [CMD]Basic_Msg_MailBox
09-14 10:59:48.140 10744 15802 V [MYTAG][HeartbeatMgr][RemoteOptor]: [PARAM]null
09-14 10:59:48.140 10744 15802 V [MYTAG][HeartbeatMgr][HttpTransportLayer]: [HTTP SEND GET]
09-14 10:59:48.140 10744 15802 V [MYTAG][HeartbeatMgr][HttpTransportLayer]: 	 url:http://192.168.0.1:80/app/getparamvalue?param=rec
09-14 10:59:48.140 10744 15992 W System  : Ignoring header sessionid because its value was null.
09-14 10:59:48.141 10744 15992 I System.out: (HTTPLog)-Static: isSBSettingEnabled false
09-14 10:59:48.141 10744 15992 I System.out: (HTTPLog)-Static: isSBSettingEnabled false
09-14 10:59:48.180 10744 15802 V [MYTAG][HeartbeatMgr][HttpTransportLayer]: [HTTP RSP]
09-14 10:59:48.180 10744 15802 V [MYTAG][HeartbeatMgr][HttpTransportLayer]: 	 errcode:0
09-14 10:59:48.180 10744 15802 V [MYTAG][HeartbeatMgr][HttpTransportLayer]: 	[content]{"result":0,"info":{"value":1}}
09-14 10:59:48.180 10744 15802 V [MYTAG][HeartbeatMgr][HttpTransportLayer]: -----------------------------------------
09-14 10:59:49.094 10744 15870 W Settings: Setting adb_enabled has moved from android.provider.Settings.Secure to android.provider.Settings.Global.
09-14 10:59:49.232 10744 15870 I System.out: (HTTPLog)-Static: isSBSettingEnabled false
09-14 10:59:49.245 10744 15870 I chatty  : uid=10291(com.vidure.app) identical 2 lines
09-14 10:59:49.245 10744 15870 I System.out: (HTTPLog)-Static: isSBSettingEnabled false
09-14 10:59:49.330 10744 15872 I System.out: (HTTPLog)-Static: isSBSettingEnabled false
09-14 10:59:49.330 10744 15872 I System.out: (HTTPLog)-Static: isSBSettingEnabled false
09-14 10:59:50.031 10744 15802 V [MYTAG][mail_tcp_socket][ViiSocketMailDataPhraser]: ------------mail---------------
09-14 10:59:50.031 10744 15802 V [MYTAG][mail_tcp_socket][ViiSocketMailDataPhraser]: {"msgid":"battery","info":{"capacity":66,"charge":0},"time":1757847589}
09-14 10:59:50.032 10744 15991 W System  : Ignoring header sessionid because its value was null.
09-14 10:59:50.032 10744 15802 V [MYTAG][mail_tcp_socket][ViiSocketMailDataPhraser]: ------------mail---------------
09-14 10:59:50.032 10744 15802 V [MYTAG][mail_tcp_socket][ViiSocketMailDataPhraser]: {"msgid":"sd","info":{"status":0},"time":1757847589}
09-14 10:59:50.033 10744 15802 V [MYTAG][mail_tcp_socket][RemoteOptor]: ----
09-14 10:59:50.033 10744 15802 V [MYTAG][mail_tcp_socket][RemoteOptor]: [CMD]DEV_SDCARD_STATUS_QUERY
09-14 10:59:50.033 10744 15802 V [MYTAG][mail_tcp_socket][RemoteOptor]: [PARAM]null
09-14 10:59:50.033 10744 15802 V [MYTAG][mail_tcp_socket][HttpTransportLayer]: [HTTP SEND GET]
09-14 10:59:50.033 10744 15802 V [MYTAG][mail_tcp_socket][HttpTransportLayer]: 	 url:http://192.168.0.1:80/app/getsdinfo
09-14 10:59:50.033 10744 15991 I System.out: (HTTPLog)-Static: isSBSettingEnabled false
09-14 10:59:50.033 10744 15991 I System.out: (HTTPLog)-Static: isSBSettingEnabled false
09-14 10:59:50.040 10744 15802 V [MYTAG][main][Device]: 603 dev is connected:true
09-14 10:59:50.064 10744 15802 V [MYTAG][mail_tcp_socket][HttpTransportLayer]: [HTTP RSP]
09-14 10:59:50.064 10744 15802 V [MYTAG][mail_tcp_socket][HttpTransportLayer]: 	 errcode:0
09-14 10:59:50.064 10744 15802 V [MYTAG][mail_tcp_socket][HttpTransportLayer]: 	[content]{"result":0,"info":{"status":0,"free":243,"total":1883}}
09-14 10:59:50.064 10744 15802 V [MYTAG][mail_tcp_socket][HttpTransportLayer]: -----------------------------------------
09-14 10:59:50.068 10744 10744 W ProxyAndroidLoggerBackend: Too many Flogger logs received before configuration. Dropping old logs.
09-14 10:59:50.070 10744 10744 W ProxyAndroidLoggerBackend: Too many Flogger logs received before configuration. Dropping old logs.
09-14 10:59:50.074 10744 10744 W ProxyAndroidLoggerBackend: Too many Flogger logs received before configuration. Dropping old logs.
09-14 10:59:50.074 10744 10744 W ProxyAndroidLoggerBackend: Too many Flogger logs received before configuration. Dropping old logs.
09-14 10:59:50.079 10744 10744 W ProxyAndroidLoggerBackend: Too many Flogger logs received before configuration. Dropping old logs.
09-14 10:59:50.080 10744 10744 I chatty  : uid=10291(com.vidure.app) identical 2 lines
09-14 10:59:50.081 10744 10744 W ProxyAndroidLoggerBackend: Too many Flogger logs received before configuration. Dropping old logs.
09-14 10:59:50.097 10744 15802 V [MYTAG][main][Device]: 603 dev is connected:true
09-14 10:59:50.100 10744 15802 V [MYTAG][main][CameraPreviewActivity]: rev msg1:264454
09-14 10:59:50.101 10744 15802 V [MYTAG][main][Device]: 603 dev is connected:true
09-14 10:59:50.101 10744 15802 V [MYTAG][main][CameraPreviewActivity]: rev msg1:589832
09-14 10:59:50.322 10744 15868 W Settings: Setting adb_enabled has moved from android.provider.Settings.Secure to android.provider.Settings.Global.
09-14 10:59:50.325 10744 15866 I System.out: (HTTPLog)-Static: isSBSettingEnabled false
09-14 10:59:50.325 10744 15866 I System.out: (HTTPLog)-Static: isSBSettingEnabled false
09-14 10:59:50.463 10744 15868 I System.out: (HTTPLog)-Static: isSBSettingEnabled false
09-14 10:59:50.483 10744 15868 I chatty  : uid=10291(com.vidure.app) identical 2 lines
09-14 10:59:50.483 10744 15868 I System.out: (HTTPLog)-Static: isSBSettingEnabled false
09-14 10:59:52.142 10744 15802 V [MYTAG][HeartbeatMgr][RemoteOptor]: ----
09-14 10:59:52.142 10744 15802 V [MYTAG][HeartbeatMgr][RemoteOptor]: [CMD]Basic_Msg_MailBox
09-14 10:59:52.142 10744 15802 V [MYTAG][HeartbeatMgr][RemoteOptor]: [PARAM]null
09-14 10:59:52.142 10744 15802 V [MYTAG][HeartbeatMgr][HttpTransportLayer]: [HTTP SEND GET]
09-14 10:59:52.142 10744 15802 V [MYTAG][HeartbeatMgr][HttpTransportLayer]: 	 url:http://192.168.0.1:80/app/getparamvalue?param=rec
09-14 10:59:52.142 10744 15992 W System  : Ignoring header sessionid because its value was null.
09-14 10:59:52.143 10744 15992 I System.out: (HTTPLog)-Static: isSBSettingEnabled false
09-14 10:59:52.143 10744 15992 I System.out: (HTTPLog)-Static: isSBSettingEnabled false
09-14 10:59:52.195 10744 15802 V [MYTAG][HeartbeatMgr][HttpTransportLayer]: [HTTP RSP]
09-14 10:59:52.195 10744 15802 V [MYTAG][HeartbeatMgr][HttpTransportLayer]: 	 errcode:0
09-14 10:59:52.195 10744 15802 V [MYTAG][HeartbeatMgr][HttpTransportLayer]: 	[content]{"result":0,"info":{"value":1}}
09-14 10:59:52.195 10744 15802 V [MYTAG][HeartbeatMgr][HttpTransportLayer]: -----------------------------------------
09-14 10:59:52.359 10744 15866 I System.out: (HTTPLog)-Static: isSBSettingEnabled false
09-14 10:59:52.359 10744 15866 I System.out: (HTTPLog)-Static: isSBSettingEnabled false
09-14 10:59:53.045 10744 15802 V [MYTAG][mail_tcp_socket][ViiSocketMailDataPhraser]: ------------mail---------------
09-14 10:59:53.045 10744 15802 V [MYTAG][mail_tcp_socket][ViiSocketMailDataPhraser]: {"msgid":"battery","info":{"capacity":66,"charge":0},"time":1757847592}
09-14 10:59:53.054 10744 15802 V [MYTAG][mail_tcp_socket][ViiSocketMailDataPhraser]: ------------mail---------------
09-14 10:59:53.054 10744 15802 V [MYTAG][mail_tcp_socket][ViiSocketMailDataPhraser]: {"msgid":"sd","info":{"status":0},"time":1757847592}
09-14 10:59:53.058 10744 15802 V [MYTAG][mail_tcp_socket][RemoteOptor]: ----
09-14 10:59:53.058 10744 15802 V [MYTAG][mail_tcp_socket][RemoteOptor]: [CMD]DEV_SDCARD_STATUS_QUERY
09-14 10:59:53.058 10744 15802 V [MYTAG][mail_tcp_socket][RemoteOptor]: [PARAM]null
09-14 10:59:53.060 10744 15991 W System  : Ignoring header sessionid because its value was null.
09-14 10:59:53.061 10744 15991 I System.out: (HTTPLog)-Static: isSBSettingEnabled false
09-14 10:59:53.061 10744 15991 I System.out: (HTTPLog)-Static: isSBSettingEnabled false
09-14 10:59:53.066 10744 15802 V [MYTAG][mail_tcp_socket][HttpTransportLayer]: [HTTP SEND GET]
09-14 10:59:53.066 10744 15802 V [MYTAG][mail_tcp_socket][HttpTransportLayer]: 	 url:http://192.168.0.1:80/app/getsdinfo
09-14 10:59:53.066 10744 15802 V [MYTAG][main][Device]: 603 dev is connected:true
09-14 10:59:53.106 10744 15802 V [MYTAG][mail_tcp_socket][HttpTransportLayer]: [HTTP RSP]
09-14 10:59:53.106 10744 15802 V [MYTAG][mail_tcp_socket][HttpTransportLayer]: 	 errcode:0
09-14 10:59:53.106 10744 15802 V [MYTAG][mail_tcp_socket][HttpTransportLayer]: 	[content]{"result":0,"info":{"status":0,"free":240,"total":1883}}
09-14 10:59:53.106 10744 15802 V [MYTAG][mail_tcp_socket][HttpTransportLayer]: -----------------------------------------
09-14 10:59:53.117 10744 10744 W ProxyAndroidLoggerBackend: Too many Flogger logs received before configuration. Dropping old logs.
09-14 10:59:53.126 10744 10744 I chatty  : uid=10291(com.vidure.app) identical 6 lines
09-14 10:59:53.127 10744 10744 W ProxyAndroidLoggerBackend: Too many Flogger logs received before configuration. Dropping old logs.
09-14 10:59:53.140 10744 15802 V [MYTAG][main][Device]: 603 dev is connected:true
09-14 10:59:53.144 10744 15802 V [MYTAG][main][CameraPreviewActivity]: rev msg1:264454
09-14 10:59:53.144 10744 15802 V [MYTAG][main][Device]: 603 dev is connected:true
09-14 10:59:53.144 10744 15802 V [MYTAG][main][CameraPreviewActivity]: rev msg1:589832
09-14 10:59:54.252 10744 15869 W Settings: Setting adb_enabled has moved from android.provider.Settings.Secure to android.provider.Settings.Global.
09-14 10:59:54.353 10744 15758 I com.vidure.app: Background young concurrent copying GC freed 109963(16MB) AllocSpace objects, 72(3684KB) LOS objects, 20% free, 81MB/102MB, paused 1.096ms total 132.391ms
09-14 10:59:54.370 10744 15869 I System.out: (HTTPLog)-Static: isSBSettingEnabled false
09-14 10:59:54.370 10744 15869 I System.out: (HTTPLog)-Static: isSBSettingEnabled false
09-14 10:59:54.371 10744 15866 I System.out: (HTTPLog)-Static: isSBSettingEnabled false
09-14 10:59:54.371 10744 15866 I System.out: (HTTPLog)-Static: isSBSettingEnabled false
09-14 10:59:54.395 10744 15869 I System.out: (HTTPLog)-Static: isSBSettingEnabled false
09-14 10:59:54.395 10744 15869 I System.out: (HTTPLog)-Static: isSBSettingEnabled false
09-14 10:59:55.478 10744 15870 W Settings: Setting adb_enabled has moved from android.provider.Settings.Secure to android.provider.Settings.Global.
09-14 10:59:55.484 10744 15872 I System.out: (HTTPLog)-Static: isSBSettingEnabled false
09-14 10:59:55.484 10744 15872 I System.out: (HTTPLog)-Static: isSBSettingEnabled false
09-14 10:59:55.610 10744 15870 I System.out: (HTTPLog)-Static: isSBSettingEnabled false
09-14 10:59:55.641 10744 15870 I chatty  : uid=10291(com.vidure.app) identical 2 lines
09-14 10:59:55.641 10744 15870 I System.out: (HTTPLog)-Static: isSBSettingEnabled false
09-14 10:59:56.052 10744 15802 V [MYTAG][mail_tcp_socket][ViiSocketMailDataPhraser]: ------------mail---------------
09-14 10:59:56.052 10744 15802 V [MYTAG][mail_tcp_socket][ViiSocketMailDataPhraser]: {"msgid":"battery","info":{"capacity":66,"charge":0},"time":1757847595}
09-14 10:59:56.057 10744 15802 V [MYTAG][mail_tcp_socket][ViiSocketMailDataPhraser]: ------------mail---------------
09-14 10:59:56.057 10744 15802 V [MYTAG][mail_tcp_socket][ViiSocketMailDataPhraser]: {"msgid":"sd","info":{"status":0},"time":1757847595}
09-14 10:59:56.057 10744 15802 V [MYTAG][mail_tcp_socket][RemoteOptor]: ----
09-14 10:59:56.057 10744 15802 V [MYTAG][mail_tcp_socket][RemoteOptor]: [CMD]DEV_SDCARD_STATUS_QUERY
09-14 10:59:56.057 10744 15802 V [MYTAG][mail_tcp_socket][RemoteOptor]: [PARAM]null
09-14 10:59:56.058 10744 15802 V [MYTAG][mail_tcp_socket][HttpTransportLayer]: [HTTP SEND GET]
09-14 10:59:56.058 10744 15802 V [MYTAG][mail_tcp_socket][HttpTransportLayer]: 	 url:http://192.168.0.1:80/app/getsdinfo
09-14 10:59:56.058 10744 15991 W System  : Ignoring header sessionid because its value was null.
09-14 10:59:56.059 10744 15991 I System.out: (HTTPLog)-Static: isSBSettingEnabled false
09-14 10:59:56.059 10744 15991 I System.out: (HTTPLog)-Static: isSBSettingEnabled false
